77.75.76.165 - - [16/Feb/2017:22:22:24 -0800] "GET /img/wu-wei/1.jpg HTTP/1.1" 304 - "-" "Mozilla/5.0 (compatible; SeznamBot/3.2; +http://napoveda.seznam.cz/en/seznambot-intro/)"
138.197.111.172 - - [17/Feb/2017:00:09:40 -0800] "GET / HTTP/1.1" 200 15892 "http://rndsquared.com/" "Mozilla/5.0 (Windows NT 6.1; WOW64) AppleWebKit/537.36 (KHTML, like Gecko) Chrome/34.0.1847.137 Safari/537.36"
138.197.111.172 - - [17/Feb/2017:00:09:44 -0800] "GET / HTTP/1.1" 301 235 "-" "-"
138.197.111.172 - - [17/Feb/2017:00:09:54 -0800] "GET /robots.txt HTTP/1.1" 404 208 "-" "Mozilla/5.0 (compatible; MSIE 10.0; Windows NT 6.1; WOW64; Trident/6.0)"
52.38.20.70 - - [17/Feb/2017:00:33:45 -0800] "GET / HTTP/1.1" 200 15892 "-" "Mozilla/5.0 (Windows NT 6.1; WOW64; Trident/7.0; AS; rv:11.0) like Gecko"
52.38.20.70 - - [17/Feb/2017:00:33:46 -0800] "GET / HTTP/1.1" 200 15892 "-" "Mozilla/5.0 (Windows NT 6.2) AppleWebKit/535.7 (KHTML, like Gecko) Comodo_Dragon/16.1.1.0 Chrome/16.0.912.63 Safari/535.7"
66.249.73.206 - - [17/Feb/2017:00:44:02 -0800] "GET /wbbqlhwingg.html HTTP/1.1" 404 214 "-" "Mozilla/5.0 (compatible; Googlebot/2.1; +http://www.google.com/bot.html)"
62.212.73.211 - - [17/Feb/2017:01:23:12 -0800] "GET /robots.txt HTTP/1.1" 404 208 "-" "Mozilla/5.0 (compatible; MJ12bot/v1.4.7; http://mj12bot.com/)"
95.85.62.134 - - [17/Feb/2017:01:23:26 -0800] "GET /robots.txt HTTP/1.0" 404 208 "-" "SafeDNSBot (https://www.safedns.com/searchbot)"
95.85.62.134 - - [17/Feb/2017:01:23:26 -0800] "GET / HTTP/1.0" 200 15892 "-" "SafeDNSBot (https://www.safedns.com/searchbot)"
62.212.73.211 - - [17/Feb/2017:01:23:30 -0800] "GET / HTTP/1.1" 200 72657 "-" "Mozilla/5.0 (compatible; MJ12bot/v1.4.7; http://mj12bot.com/)"
95.85.62.134 - - [17/Feb/2017:01:32:18 -0800] "GET /robots.txt HTTP/1.0" 404 208 "-" "SafeDNSBot (https://www.safedns.com/searchbot)"
95.85.62.134 - - [17/Feb/2017:01:32:19 -0800] "GET / HTTP/1.0" 200 15892 "-" "SafeDNSBot (https://www.safedns.com/searchbot)"
77.75.79.17 - - [17/Feb/2017:02:17:22 -0800] "GET /robots.txt HTTP/1.1" 404 208 "-" "Mozilla/5.0 (compatible; SeznamBot/3.2; +http://napoveda.seznam.cz/en/seznambot-intro/)"
77.75.79.17 - - [17/Feb/2017:02:17:25 -0800] "GET /img/sfnoir/7.jpg HTTP/1.1" 304 - "-" "Mozilla/5.0 (compatible; SeznamBot/3.2; +http://napoveda.seznam.cz/en/seznambot-intro/)"
66.249.73.203 - - [17/Feb/2017:02:33:12 -0800] "GET / HTTP/1.1" 200 15892 "-" "Mozilla/5.0 (compatible; Googlebot/2.1; +http://www.google.com/bot.html)"
180.76.15.136 - - [17/Feb/2017:02:38:16 -0800] "GET / HTTP/1.1" 403 202 "-" "Mozilla/5.0 (compatible; Baiduspider/2.0; +http://www.baidu.com/search/spider.html)"
207.46.13.222 - - [17/Feb/2017:02:49:54 -0800] "GET /robots.txt HTTP/1.1" 404 208 "-" "Mozilla/5.0 (compatible; bingbot/2.0; +http://www.bing.com/bingbot.htm)"
180.76.15.152 - - [17/Feb/2017:03:48:35 -0800] "GET / HTTP/1.1" 403 202 "-" "Mozilla/5.0 (compatible; Baiduspider/2.0; +http://www.baidu.com/search/spider.html)"
77.75.79.62 - - [17/Feb/2017:03:55:09 -0800] "GET /robots.txt HTTP/1.1" 404 208 "-" "Mozilla/5.0 (compatible; SeznamBot/3.2; +http://napoveda.seznam.cz/en/seznambot-intro/)"
77.75.79.62 - - [17/Feb/2017:03:55:12 -0800] "GET /img/njn/7.jpg HTTP/1.1" 304 - "-" "Mozilla/5.0 (compatible; SeznamBot/3.2; +http://napoveda.seznam.cz/en/seznambot-intro/)"
202.46.55.63 - - [17/Feb/2017:04:35:05 -0800] "GET / HTTP/1.1" 403 202 "-" "Mozilla/5.0 (Windows NT 10.0; WOW64) AppleWebKit/537.36 (KHTML, like Gecko) Chrome/45.0.2454.93 Safari/537.36"
77.75.76.160 - - [17/Feb/2017:04:59:49 -0800] "GET /robots.txt HTTP/1.1" 404 208 "-" "Mozilla/5.0 (compatible; SeznamBot/3.2; +http://napoveda.seznam.cz/en/seznambot-intro/)"
77.75.76.160 - - [17/Feb/2017:04:59:52 -0800] "GET /img/njn/7.jpg HTTP/1.1" 304 - "-" "Mozilla/5.0 (compatible; SeznamBot/3.2; +http://napoveda.seznam.cz/en/seznambot-intro/)"
131.161.11.207 - - [17/Feb/2017:05:44:58 -0800] "GET / HTTP/1.1" 403 202 "-" "Mozilla/5.0 (Windows NT 5.1; rv:6.0.2) Gecko/20100101 Firefox/6.0.2"
77.75.77.72 - - [17/Feb/2017:07:14:57 -0800] "GET /robots.txt HTTP/1.1" 404 208 "-" "Mozilla/5.0 (compatible; SeznamBot/3.2; +http://napoveda.seznam.cz/en/seznambot-intro/)"
77.75.77.72 - - [17/Feb/2017:07:14:59 -0800] "GET /img/sfnoir/2.jpg HTTP/1.1" 304 - "-" "Mozilla/5.0 (compatible; SeznamBot/3.2; +http://napoveda.seznam.cz/en/seznambot-intro/)"
77.75.78.160 - - [17/Feb/2017:08:31:16 -0800] "GET /robots.txt HTTP/1.1" 404 208 "-" "Mozilla/5.0 (compatible; SeznamBot/3.2; +http://napoveda.seznam.cz/en/seznambot-intro/)"
77.75.78.160 - - [17/Feb/2017:08:31:19 -0800] "GET /img/sfnoir/2.jpg HTTP/1.1" 304 - "-" "Mozilla/5.0 (compatible; SeznamBot/3.2; +http://napoveda.seznam.cz/en/seznambot-intro/)"
77.75.76.168 - - [17/Feb/2017:09:43:00 -0800] "GET /robots.txt HTTP/1.1" 404 208 "-" "Mozilla/5.0 (compatible; SeznamBot/3.2; +http://napoveda.seznam.cz/en/seznambot-intro/)"
77.75.76.168 - - [17/Feb/2017:09:43:11 -0800] "GET /img/mixman/13.jpg HTTP/1.1" 304 - "-" "Mozilla/5.0 (compatible; SeznamBot/3.2; +http://napoveda.seznam.cz/en/seznambot-intro/)"
66.249.64.167 - - [17/Feb/2017:10:29:01 -0800] "GET /robots.txt HTTP/1.1" 404 208 "-" "Mozilla/5.0 (compatible; Googlebot/2.1; +http://www.google.com/bot.html)"
66.249.64.171 - - [17/Feb/2017:10:29:03 -0800] "GET / HTTP/1.1" 200 15892 "-" "Mozilla/5.0 (compatible; Googlebot/2.1; +http://www.google.com/bot.html)"
77.75.79.72 - - [17/Feb/2017:10:32:52 -0800] "GET /robots.txt HTTP/1.1" 404 208 "-" "Mozilla/5.0 (compatible; SeznamBot/3.2; +http://napoveda.seznam.cz/en/seznambot-intro/)"
77.75.79.72 - - [17/Feb/2017:10:33:40 -0800] "GET /img/mixman/13.jpg HTTP/1.1" 304 - "-" "Mozilla/5.0 (compatible; SeznamBot/3.2; +http://napoveda.seznam.cz/en/seznambot-intro/)"
138.197.96.201 - - [17/Feb/2017:13:12:09 -0800] "GET / HTTP/1.1" 200 15892 "-" "Mozilla/5.0 (Windows NT 6.1; WOW64; rv:21.0) Gecko/20100101 Firefox/21.0"
138.197.96.201 - - [17/Feb/2017:13:12:09 -0800] "GET /js/modernizr.js HTTP/1.1" 200 5933 "https://www.rndsquared.com/" "Mozilla/5.0 (Windows NT 6.1; WOW64; rv:21.0) Gecko/20100101 Firefox/21.0"
138.197.96.201 - - [17/Feb/2017:13:12:09 -0800] "GET /js/scripts.js HTTP/1.1" 200 1227 "https://www.rndsquared.com/" "Mozilla/5.0 (Windows NT 6.1; WOW64; rv:21.0) Gecko/20100101 Firefox/21.0"
138.197.96.201 - - [17/Feb/2017:13:12:09 -0800] "GET /js/lightbox.js HTTP/1.1" 200 4210 "https://www.rndsquared.com/" "Mozilla/5.0 (Windows NT 6.1; WOW64; rv:21.0) Gecko/20100101 Firefox/21.0"
66.249.64.171 - - [17/Feb/2017:14:37:53 -0800] "GET /robots.txt HTTP/1.1" 404 208 "-" "Mozilla/5.0 (compatible; Googlebot/2.1; +http://www.google.com/bot.html)"
46.229.164.98 - - [17/Feb/2017:15:21:48 -0800] "GET /robots.txt HTTP/1.1" 404 208 "-" "Mozilla/5.0 (compatible; SemrushBot/1.2~bl; +http://www.semrush.com/bot.html)"
77.75.76.160 - - [17/Feb/2017:22:31:07 -0800] "GET /robots.txt HTTP/1.1" 404 208 "-" "Mozilla/5.0 (compatible; SeznamBot/3.2; +http://napoveda.seznam.cz/en/seznambot-intro/)"
77.75.76.160 - - [17/Feb/2017:22:31:10 -0800] "GET /img/sfnoir/thumbs/3.jpg HTTP/1.1" 304 - "-" "Mozilla/5.0 (compatible; SeznamBot/3.2; +http://napoveda.seznam.cz/en/seznambot-intro/)"
66.249.64.167 - - [17/Feb/2017:23:44:30 -0800] "GET /robots.txt HTTP/1.1" 404 208 "-" "Mozilla/5.0 (compatible; Googlebot/2.1; +http://www.google.com/bot.html)"
66.249.64.171 - - [17/Feb/2017:23:44:31 -0800] "GET / HTTP/1.1" 200 15892 "-" "Mozilla/5.0 (compatible; Googlebot/2.1; +http://www.google.com/bot.html)"
66.249.64.163 - - [17/Feb/2017:23:44:33 -0800] "GET /css/styles.css HTTP/1.1" 200 1975 "https://www.rndsquared.com/" "Mozilla/5.0 (compatible; Googlebot/2.1; +http://www.google.com/bot.html)"
66.249.64.167 - - [17/Feb/2017:23:44:34 -0800] "GET /css/bootstrap.min.css HTTP/1.1" 200 11249 "https://www.rndsquared.com/" "Mozilla/5.0 (compatible; Googlebot/2.1; +http://www.google.com/bot.html)"
66.249.64.167 - - [17/Feb/2017:23:44:34 -0800] "GET /css/lightbox.css HTTP/1.1" 200 1003 "https://www.rndsquared.com/" "Mozilla/5.0 (compatible; Googlebot/2.1; +http://www.google.com/bot.html)"
77.75.78.168 - - [18/Feb/2017:00:02:06 -0800] "GET /robots.txt HTTP/1.1" 404 208 "-" "Mozilla/5.0 (compatible; SeznamBot/3.2; +http://napoveda.seznam.cz/en/seznambot-intro/)"
77.75.78.168 - - [18/Feb/2017:00:02:09 -0800] "GET /img/mixman/5.jpg HTTP/1.1" 304 - "-" "Mozilla/5.0 (compatible; SeznamBot/3.2; +http://napoveda.seznam.cz/en/seznambot-intro/)"
66.249.64.167 - - [18/Feb/2017:02:12:20 -0800] "GET / HTTP/1.1" 200 15892 "-" "Mozilla/5.0 (compatible; Googlebot/2.1; +http://www.google.com/bot.html)"
123.125.71.12 - - [18/Feb/2017:03:01:26 -0800] "GET / HTTP/1.1" 200 72657 "-" "Mozilla/5.0 (compatible; Baiduspider/2.0; +http://www.baidu.com/search/spider.html)"
77.75.78.166 - - [18/Feb/2017:04:38:02 -0800] "GET /robots.txt HTTP/1.1" 404 208 "-" "Mozilla/5.0 (compatible; SeznamBot/3.2; +http://napoveda.seznam.cz/en/seznambot-intro/)"
77.75.78.166 - - [18/Feb/2017:04:38:05 -0800] "GET /img/mixman/2.jpg HTTP/1.1" 304 - "-" "Mozilla/5.0 (compatible; SeznamBot/3.2; +http://napoveda.seznam.cz/en/seznambot-intro/)"
100.43.81.146 - - [18/Feb/2017:05:12:02 -0800] "GET /robots.txt HTTP/1.1" 404 208 "-" "Mozilla/5.0 (compatible; YandexBot/3.0; +http://yandex.com/bots)"
5.255.250.64 - - [18/Feb/2017:05:12:07 -0800] "GET / HTTP/1.1" 200 15892 "-" "Mozilla/5.0 (compatible; YandexBot/3.0; +http://yandex.com/bots)"
199.58.86.211 - - [18/Feb/2017:05:46:26 -0800] "GET /robots.txt HTTP/1.1" 404 208 "-" "Mozilla/5.0 (compatible; MJ12bot/v1.4.7; http://mj12bot.com/)"
199.58.86.211 - - [18/Feb/2017:05:46:33 -0800] "GET / HTTP/1.1" 200 72657 "-" "Mozilla/5.0 (compatible; MJ12bot/v1.4.7; http://mj12bot.com/)"
77.75.76.166 - - [18/Feb/2017:06:56:38 -0800] "GET /robots.txt HTTP/1.1" 404 208 "-" "Mozilla/5.0 (compatible; SeznamBot/3.2; +http://napoveda.seznam.cz/en/seznambot-intro/)"
77.75.76.166 - - [18/Feb/2017:06:56:41 -0800] "GET /img/autumn/thumbs/2.jpg HTTP/1.1" 304 - "-" "Mozilla/5.0 (compatible; SeznamBot/3.2; +http://napoveda.seznam.cz/en/seznambot-intro/)"
77.75.78.172 - - [18/Feb/2017:08:31:04 -0800] "GET /robots.txt HTTP/1.1" 404 208 "-" "Mozilla/5.0 (compatible; SeznamBot/3.2; +http://napoveda.seznam.cz/en/seznambot-intro/)"
77.75.78.172 - - [18/Feb/2017:08:31:13 -0800] "GET /img/wu-wei/4.jpg HTTP/1.1" 304 - "-" "Mozilla/5.0 (compatible; SeznamBot/3.2; +http://napoveda.seznam.cz/en/seznambot-intro/)"
66.249.79.107 - - [18/Feb/2017:09:07:20 -0800] "GET /robots.txt HTTP/1.1" 404 208 "-" "Mozilla/5.0 (compatible; Googlebot/2.1; +http://www.google.com/bot.html)"
66.249.79.103 - - [18/Feb/2017:09:07:21 -0800] "GET / HTTP/1.1" 200 15892 "-" "Mozilla/5.0 (compatible; Googlebot/2.1; +http://www.google.com/bot.html)"
138.197.96.207 - - [18/Feb/2017:09:57:08 -0800] "GET / HTTP/1.1" 200 15892 "-" "Mozilla/5.0 (Windows NT 6.3; WOW64) AppleWebKit/537.36 (KHTML, like Gecko) Chrome/34.0.1847.131 Safari/537.36"
138.197.96.207 - - [18/Feb/2017:09:57:08 -0800] "GET /js/modernizr.js HTTP/1.1" 200 5933 "https://www.rndsquared.com/" "Mozilla/5.0 (Windows NT 6.3; WOW64) AppleWebKit/537.36 (KHTML, like Gecko) Chrome/34.0.1847.131 Safari/537.36"
138.197.96.207 - - [18/Feb/2017:09:57:08 -0800] "GET /js/lightbox.js HTTP/1.1" 200 4210 "https://www.rndsquared.com/" "Mozilla/5.0 (Windows NT 6.3; WOW64) AppleWebKit/537.36 (KHTML, like Gecko) Chrome/34.0.1847.131 Safari/537.36"
138.197.96.207 - - [18/Feb/2017:09:57:08 -0800] "GET /js/scripts.js HTTP/1.1" 200 1227 "https://www.rndsquared.com/" "Mozilla/5.0 (Windows NT 6.3; WOW64) AppleWebKit/537.36 (KHTML, like Gecko) Chrome/34.0.1847.131 Safari/537.36"
77.75.79.36 - - [18/Feb/2017:10:34:18 -0800] "GET /robots.txt HTTP/1.1" 404 208 "-" "Mozilla/5.0 (compatible; SeznamBot/3.2; +http://napoveda.seznam.cz/en/seznambot-intro/)"
77.75.79.36 - - [18/Feb/2017:10:34:21 -0800] "GET /img/autumn/8.jpg HTTP/1.1" 304 - "-" "Mozilla/5.0 (compatible; SeznamBot/3.2; +http://napoveda.seznam.cz/en/seznambot-intro/)"
66.249.79.99 - - [18/Feb/2017:10:49:10 -0800] "GET / HTTP/1.1" 200 15892 "-" "Mozilla/5.0 (compatible; Googlebot/2.1; +http://www.google.com/bot.html)"
46.229.164.98 - - [18/Feb/2017:10:55:55 -0800] "GET /robots.txt HTTP/1.1" 404 208 "-" "Mozilla/5.0 (compatible; SemrushBot/1.2~bl; +http://www.semrush.com/bot.html)"
66.249.79.103 - - [18/Feb/2017:12:13:49 -0800] "GET /robots.txt HTTP/1.1" 404 208 "-" "Mozilla/5.0 (compatible; Googlebot/2.1; +http://www.google.com/bot.html)"
66.249.79.107 - - [18/Feb/2017:12:13:50 -0800] "GET / HTTP/1.1" 200 15892 "-" "Mozilla/5.0 (compatible; Googlebot/2.1; +http://www.google.com/bot.html)"
77.75.77.95 - - [18/Feb/2017:12:42:28 -0800] "GET /robots.txt HTTP/1.1" 404 208 "-" "Mozilla/5.0 (compatible; SeznamBot/3.2; +http://napoveda.seznam.cz/en/seznambot-intro/)"
77.75.77.95 - - [18/Feb/2017:12:42:31 -0800] "GET /img/mixman/thumbs/7.jpg HTTP/1.1" 304 - "-" "Mozilla/5.0 (compatible; SeznamBot/3.2; +http://napoveda.seznam.cz/en/seznambot-intro/)"
77.75.77.36 - - [18/Feb/2017:13:45:47 -0800] "GET /robots.txt HTTP/1.1" 404 208 "-" "Mozilla/5.0 (compatible; SeznamBot/3.2; +http://napoveda.seznam.cz/en/seznambot-intro/)"
77.75.77.36 - - [18/Feb/2017:13:45:50 -0800] "GET /img/mixman/thumbs/7.jpg HTTP/1.1" 304 - "-" "Mozilla/5.0 (compatible; SeznamBot/3.2; +http://napoveda.seznam.cz/en/seznambot-intro/)"
138.197.73.73 - - [18/Feb/2017:15:04:53 -0800] "GET / HTTP/1.1" 200 15892 "http://rndsquared.com/" "Mozilla/5.0 (Macintosh; Intel Mac OS X 10_9_2) AppleWebKit/537.36 (KHTML, like Gecko) Chrome/34.0.1847.131 Safari/537.36"
138.197.73.73 - - [18/Feb/2017:15:04:58 -0800] "GET / HTTP/1.1" 301 235 "-" "-"
138.197.73.73 - - [18/Feb/2017:15:05:04 -0800] "GET /robots.txt HTTP/1.1" 404 208 "-" "Mozilla/5.0 (Macintosh; Intel Mac OS X 10_9_3) AppleWebKit/537.36 (KHTML, like Gecko) Chrome/35.0.1916.114 Safari/537.36"
66.249.79.107 - - [18/Feb/2017:15:22:13 -0800] "GET / HTTP/1.1" 200 15892 "-" "Mozilla/5.0 (compatible; Googlebot/2.1; +http://www.google.com/bot.html)"
66.249.79.103 - - [18/Feb/2017:17:31:00 -0800] "GET / HTTP/1.1" 200 15892 "-" "Mozilla/5.0 (compatible; Googlebot/2.1; +http://www.google.com/bot.html)"
66.249.79.107 - - [18/Feb/2017:19:43:10 -0800] "GET /robots.txt HTTP/1.1" 404 208 "-" "Mozilla/5.0 (compatible; Googlebot/2.1; +http://www.google.com/bot.html)"
66.249.79.99 - - [18/Feb/2017:19:48:19 -0800] "GET / HTTP/1.1" 200 15892 "-" "Mozilla/5.0 (compatible; Googlebot/2.1; +http://www.google.com/bot.html)"
66.249.79.99 - - [18/Feb/2017:19:48:19 -0800] "GET / HTTP/1.1" 200 15892 "-" "Mozilla/5.0 (compatible; Googlebot/2.1; +http://www.google.com/bot.html)"
77.75.79.119 - - [18/Feb/2017:23:43:38 -0800] "GET /robots.txt HTTP/1.1" 404 208 "-" "Mozilla/5.0 (compatible; SeznamBot/3.2; +http://napoveda.seznam.cz/en/seznambot-intro/)"
77.75.79.119 - - [18/Feb/2017:23:43:44 -0800] "GET /img/njn/thumbs/2.jpg HTTP/1.1" 304 - "-" "Mozilla/5.0 (compatible; SeznamBot/3.2; +http://napoveda.seznam.cz/en/seznambot-intro/)"
46.165.197.141 - - [19/Feb/2017:01:59:20 -0800] "GET /robots.txt HTTP/1.1" 404 208 "-" "Mozilla/5.0 (compatible; MJ12bot/v1.4.7; http://mj12bot.com/)"
46.165.197.141 - - [19/Feb/2017:01:59:24 -0800] "GET / HTTP/1.1" 200 72657 "-" "Mozilla/5.0 (compatible; MJ12bot/v1.4.7; http://mj12bot.com/)"
77.75.77.32 - - [19/Feb/2017:03:48:37 -0800] "GET /robots.txt HTTP/1.1" 404 208 "-" "Mozilla/5.0 (compatible; SeznamBot/3.2; +http://napoveda.seznam.cz/en/seznambot-intro/)"
77.75.77.32 - - [19/Feb/2017:03:48:40 -0800] "GET /img/mixman/thumbs/11.jpg HTTP/1.1" 304 - "-" "Mozilla/5.0 (compatible; SeznamBot/3.2; +http://napoveda.seznam.cz/en/seznambot-intro/)"
77.75.77.95 - - [19/Feb/2017:04:58:09 -0800] "GET /robots.txt HTTP/1.1" 404 208 "-" "Mozilla/5.0 (compatible; SeznamBot/3.2; +http://napoveda.seznam.cz/en/seznambot-intro/)"
77.75.77.95 - - [19/Feb/2017:04:58:12 -0800] "GET /img/njn/thumbs/7.jpg HTTP/1.1" 304 - "-" "Mozilla/5.0 (compatible; SeznamBot/3.2; +http://napoveda.seznam.cz/en/seznambot-intro/)"
46.229.164.98 - - [19/Feb/2017:05:05:07 -0800] "GET /robots.txt HTTP/1.1" 404 208 "-" "Mozilla/5.0 (compatible; SemrushBot/1.2~bl; +http://www.semrush.com/bot.html)"
66.249.79.103 - - [19/Feb/2017:05:09:15 -0800] "GET /robots.txt HTTP/1.1" 404 208 "-" "Mozilla/5.0 (compatible; Googlebot/2.1; +http://www.google.com/bot.html)"
207.46.13.221 - - [19/Feb/2017:06:15:15 -0800] "GET /robots.txt HTTP/1.1" 404 208 "-" "Mozilla/5.0 (compatible; bingbot/2.0; +http://www.bing.com/bingbot.htm)"
77.75.77.72 - - [19/Feb/2017:06:34:31 -0800] "GET /robots.txt HTTP/1.1" 404 208 "-" "Mozilla/5.0 (compatible; SeznamBot/3.2; +http://napoveda.seznam.cz/en/seznambot-intro/)"
77.75.77.72 - - [19/Feb/2017:06:35:10 -0800] "GET /img/sfnoir/thumbs/7.jpg HTTP/1.1" 304 - "-" "Mozilla/5.0 (compatible; SeznamBot/3.2; +http://napoveda.seznam.cz/en/seznambot-intro/)"
138.197.111.27 - - [19/Feb/2017:06:54:49 -0800] "GET / HTTP/1.1" 200 15892 "-" "Mozilla/5.0 (Macintosh; Intel Mac OS X 10_9_2) AppleWebKit/537.36 (KHTML, like Gecko) Chrome/34.0.1847.131 Safari/537.36"
138.197.111.27 - - [19/Feb/2017:06:54:49 -0800] "GET /js/modernizr.js HTTP/1.1" 200 5933 "https://www.rndsquared.com/" "Mozilla/5.0 (Macintosh; Intel Mac OS X 10_9_2) AppleWebKit/537.36 (KHTML, like Gecko) Chrome/34.0.1847.131 Safari/537.36"
138.197.111.27 - - [19/Feb/2017:06:54:49 -0800] "GET /js/scripts.js HTTP/1.1" 200 1227 "https://www.rndsquared.com/" "Mozilla/5.0 (Macintosh; Intel Mac OS X 10_9_2) AppleWebKit/537.36 (KHTML, like Gecko) Chrome/34.0.1847.131 Safari/537.36"
138.197.111.27 - - [19/Feb/2017:06:54:49 -0800] "GET /js/lightbox.js HTTP/1.1" 200 4210 "https://www.rndsquared.com/" "Mozilla/5.0 (Macintosh; Intel Mac OS X 10_9_2) AppleWebKit/537.36 (KHTML, like Gecko) Chrome/34.0.1847.131 Safari/537.36"
77.75.78.168 - - [19/Feb/2017:07:19:54 -0800] "GET /robots.txt HTTP/1.1" 404 208 "-" "Mozilla/5.0 (compatible; SeznamBot/3.2; +http://napoveda.seznam.cz/en/seznambot-intro/)"
77.75.78.168 - - [19/Feb/2017:07:20:42 -0800] "GET /img/mixman/9.jpg HTTP/1.1" 304 - "-" "Mozilla/5.0 (compatible; SeznamBot/3.2; +http://napoveda.seznam.cz/en/seznambot-intro/)"
66.249.69.20 - - [19/Feb/2017:07:31:24 -0800] "GET /robots.txt HTTP/1.1" 404 208 "-" "Mozilla/5.0 (compatible; Googlebot/2.1; +http://www.google.com/bot.html)"
66.249.69.20 - - [19/Feb/2017:07:31:26 -0800] "GET / HTTP/1.1" 200 15892 "-" "Mozilla/5.0 (compatible; Googlebot/2.1; +http://www.google.com/bot.html)"
77.75.78.161 - - [19/Feb/2017:08:32:43 -0800] "GET /robots.txt HTTP/1.1" 404 208 "-" "Mozilla/5.0 (compatible; SeznamBot/3.2; +http://napoveda.seznam.cz/en/seznambot-intro/)"
77.75.78.161 - - [19/Feb/2017:08:32:46 -0800] "GET /img/autumn/thumbs/1.jpg HTTP/1.1" 304 - "-" "Mozilla/5.0 (compatible; SeznamBot/3.2; +http://napoveda.seznam.cz/en/seznambot-intro/)"
66.249.69.16 - - [19/Feb/2017:08:37:25 -0800] "GET / HTTP/1.1" 200 15892 "-" "Mozilla/5.0 (compatible; Googlebot/2.1; +http://www.google.com/bot.html)"
77.75.77.95 - - [19/Feb/2017:09:26:38 -0800] "GET /robots.txt HTTP/1.1" 404 208 "-" "Mozilla/5.0 (compatible; SeznamBot/3.2; +http://napoveda.seznam.cz/en/seznambot-intro/)"
77.75.77.95 - - [19/Feb/2017:09:26:48 -0800] "GET /img/mixman/18.jpg HTTP/1.1" 304 - "-" "Mozilla/5.0 (compatible; SeznamBot/3.2; +http://napoveda.seznam.cz/en/seznambot-intro/)"
66.249.69.12 - - [19/Feb/2017:09:59:04 -0800] "GET / HTTP/1.1" 200 15892 "-" "Mozilla/5.0 (compatible; Googlebot/2.1; +http://www.google.com/bot.html)"
66.249.69.20 - - [19/Feb/2017:09:59:05 -0800] "GET / HTTP/1.1" 200 15892 "-" "Mozilla/5.0 (compatible; Googlebot/2.1; +http://www.google.com/bot.html)"
77.75.79.17 - - [19/Feb/2017:10:43:11 -0800] "GET /robots.txt HTTP/1.1" 404 208 "-" "Mozilla/5.0 (compatible; SeznamBot/3.2; +http://napoveda.seznam.cz/en/seznambot-intro/)"
77.75.79.17 - - [19/Feb/2017:10:43:14 -0800] "GET /img/mixman/17.jpg HTTP/1.1" 304 - "-" "Mozilla/5.0 (compatible; SeznamBot/3.2; +http://napoveda.seznam.cz/en/seznambot-intro/)"
77.75.78.166 - - [19/Feb/2017:11:19:09 -0800] "GET /robots.txt HTTP/1.1" 404 208 "-" "Mozilla/5.0 (compatible; SeznamBot/3.2; +http://napoveda.seznam.cz/en/seznambot-intro/)"
77.75.78.166 - - [19/Feb/2017:11:19:12 -0800] "GET /img/njn/2.jpg HTTP/1.1" 304 - "-" "Mozilla/5.0 (compatible; SeznamBot/3.2; +http://napoveda.seznam.cz/en/seznambot-intro/)"
66.249.69.16 - - [19/Feb/2017:12:13:14 -0800] "GET / HTTP/1.1" 200 15892 "-" "Mozilla/5.0 (compatible; Googlebot/2.1; +http://www.google.com/bot.html)"
77.75.79.109 - - [19/Feb/2017:13:00:51 -0800] "GET /robots.txt HTTP/1.1" 404 208 "-" "Mozilla/5.0 (compatible; SeznamBot/3.2; +http://napoveda.seznam.cz/en/seznambot-intro/)"
77.75.79.109 - - [19/Feb/2017:13:00:53 -0800] "GET /img/urban-cowgirl/1.jpg HTTP/1.1" 304 - "-" "Mozilla/5.0 (compatible; SeznamBot/3.2; +http://napoveda.seznam.cz/en/seznambot-intro/)"
5.196.87.42 - - [19/Feb/2017:13:14:48 -0800] "GET /robots.txt HTTP/1.1" 404 208 "-" "Mozilla/5.0 (compatible; AhrefsBot/5.2; +http://ahrefs.com/robot/)"
66.249.69.20 - - [19/Feb/2017:13:45:46 -0800] "GET /robots.txt HTTP/1.1" 404 208 "-" "Mozilla/5.0 (compatible; Googlebot/2.1; +http://www.google.com/bot.html)"
77.75.77.11 - - [19/Feb/2017:14:15:07 -0800] "GET /robots.txt HTTP/1.1" 404 208 "-" "Mozilla/5.0 (compatible; SeznamBot/3.2; +http://napoveda.seznam.cz/en/seznambot-intro/)"
77.75.77.11 - - [19/Feb/2017:14:15:10 -0800] "GET /img/sfnoir/9.jpg HTTP/1.1" 304 - "-" "Mozilla/5.0 (compatible; SeznamBot/3.2; +http://napoveda.seznam.cz/en/seznambot-intro/)"
77.75.77.109 - - [19/Feb/2017:15:20:52 -0800] "GET /robots.txt HTTP/1.1" 404 208 "-" "Mozilla/5.0 (compatible; SeznamBot/3.2; +http://napoveda.seznam.cz/en/seznambot-intro/)"
77.75.77.109 - - [19/Feb/2017:15:20:55 -0800] "GET /img/bs4w/3.jpg HTTP/1.1" 304 - "-" "Mozilla/5.0 (compatible; SeznamBot/3.2; +http://napoveda.seznam.cz/en/seznambot-intro/)"
66.249.69.12 - - [19/Feb/2017:18:50:33 -0800] "GET /robots.txt HTTP/1.1" 404 208 "-" "Mozilla/5.0 (compatible; Googlebot/2.1; +http://www.google.com/bot.html)"
66.249.69.12 - - [19/Feb/2017:18:50:34 -0800] "GET / HTTP/1.1" 200 15892 "-" "Mozilla/5.0 (compatible; Googlebot/2.1; +http://www.google.com/bot.html)"
88.99.68.199 - - [19/Feb/2017:18:59:20 -0800] "GET / HTTP/1.1" 200 15892 "-" "Mozilla/5.0 (X11; Linux i686 on x86_64; rv:36.0) Gecko/20100101 Firefox/36.0"
66.249.69.12 - - [19/Feb/2017:19:34:16 -0800] "GET /img/autumn/thumbs/4.jpg HTTP/1.1" 200 20880 "-" "Googlebot-Image/1.0"
66.249.69.16 - - [19/Feb/2017:19:34:34 -0800] "GET /img/autumn/thumbs/2.jpg HTTP/1.1" 200 45196 "-" "Googlebot-Image/1.0"
66.249.69.12 - - [19/Feb/2017:19:34:36 -0800] "GET /img/bs4w/thumbs/5.jpg HTTP/1.1" 200 12034 "-" "Googlebot-Image/1.0"
66.249.69.12 - - [19/Feb/2017:19:34:42 -0800] "GET /img/mixman/16.jpg HTTP/1.1" 200 113328 "-" "Googlebot-Image/1.0"
66.249.69.12 - - [19/Feb/2017:19:34:53 -0800] "GET /img/autumn/thumbs/3.jpg HTTP/1.1" 200 40589 "-" "Googlebot-Image/1.0"
66.249.69.20 - - [19/Feb/2017:19:35:16 -0800] "GET /img/njn/thumbs/1.jpg HTTP/1.1" 200 24676 "-" "Googlebot-Image/1.0"
66.249.69.12 - - [19/Feb/2017:19:39:42 -0800] "GET /img/bs4w/thumbs/2.jpg HTTP/1.1" 200 31891 "-" "Googlebot-Image/1.0"
46.229.164.98 - - [19/Feb/2017:20:06:35 -0800] "GET /robots.txt HTTP/1.1" 404 208 "-" "Mozilla/5.0 (compatible; SemrushBot/1.2~bl; +http://www.semrush.com/bot.html)"
66.249.69.16 - - [19/Feb/2017:20:42:23 -0800] "GET /robots.txt HTTP/1.1" 404 208 "-" "Mozilla/5.0 (compatible; Googlebot/2.1; +http://www.google.com/bot.html)"
66.249.69.20 - - [19/Feb/2017:20:42:24 -0800] "GET / HTTP/1.1" 200 15892 "-" "Mozilla/5.0 (compatible; Googlebot/2.1; +http://www.google.com/bot.html)"
66.249.69.16 - - [19/Feb/2017:21:42:59 -0800] "GET /img/mixman/18.jpg HTTP/1.1" 200 75474 "-" "Googlebot-Image/1.0"
66.249.69.12 - - [19/Feb/2017:22:09:04 -0800] "GET / HTTP/1.1" 200 15892 "-" "Mozilla/5.0 (compatible; Googlebot/2.1; +http://www.google.com/bot.html)"
77.75.76.168 - - [19/Feb/2017:23:21:18 -0800] "GET /robots.txt HTTP/1.1" 404 208 "-" "Mozilla/5.0 (compatible; SeznamBot/3.2; +http://napoveda.seznam.cz/en/seznambot-intro/)"
77.75.76.168 - - [19/Feb/2017:23:21:21 -0800] "GET /img/njn/4.jpg HTTP/1.1" 304 - "-" "Mozilla/5.0 (compatible; SeznamBot/3.2; +http://napoveda.seznam.cz/en/seznambot-intro/)"
66.249.69.20 - - [19/Feb/2017:23:48:18 -0800] "GET /img/bs4w/thumbs/7.jpg HTTP/1.1" 200 23328 "-" "Googlebot-Image/1.0"
77.75.77.101 - - [20/Feb/2017:00:04:49 -0800] "GET /robots.txt HTTP/1.1" 404 208 "-" "Mozilla/5.0 (compatible; SeznamBot/3.2; +http://napoveda.seznam.cz/en/seznambot-intro/)"
77.75.77.101 - - [20/Feb/2017:00:04:52 -0800] "GET /img/urban-cowgirl/4.jpg HTTP/1.1" 304 - "-" "Mozilla/5.0 (compatible; SeznamBot/3.2; +http://napoveda.seznam.cz/en/seznambot-intro/)"
141.8.143.215 - - [20/Feb/2017:00:12:34 -0800] "GET /robots.txt HTTP/1.1" 404 208 "-" "Mozilla/5.0 (compatible; YandexBot/3.0; +http://yandex.com/bots)"
141.8.143.215 - - [20/Feb/2017:00:12:38 -0800] "GET / HTTP/1.1" 200 15892 "-" "Mozilla/5.0 (compatible; YandexBot/3.0; +http://yandex.com/bots)"
77.75.76.166 - - [20/Feb/2017:01:27:21 -0800] "GET /robots.txt HTTP/1.1" 404 208 "-" "Mozilla/5.0 (compatible; SeznamBot/3.2; +http://napoveda.seznam.cz/en/seznambot-intro/)"
77.75.76.166 - - [20/Feb/2017:01:27:23 -0800] "GET /img/bs4w/thumbs/1.jpg HTTP/1.1" 304 - "-" "Mozilla/5.0 (compatible; SeznamBot/3.2; +http://napoveda.seznam.cz/en/seznambot-intro/)"
66.249.69.12 - - [20/Feb/2017:01:53:18 -0800] "GET /img/autumn/thumbs/7.jpg HTTP/1.1" 200 25117 "-" "Googlebot-Image/1.0"
138.197.111.14 - - [20/Feb/2017:02:31:54 -0800] "GET / HTTP/1.1" 200 15892 "-" "Mozilla/5.0 (Macintosh; Intel Mac OS X 10.9; rv:29.0) Gecko/20100101 Firefox/29.0"
138.197.111.14 - - [20/Feb/2017:02:31:54 -0800] "GET /js/scripts.js HTTP/1.1" 200 1227 "https://www.rndsquared.com/" "Mozilla/5.0 (Macintosh; Intel Mac OS X 10.9; rv:29.0) Gecko/20100101 Firefox/29.0"
138.197.111.14 - - [20/Feb/2017:02:31:54 -0800] "GET /js/modernizr.js HTTP/1.1" 200 5933 "https://www.rndsquared.com/" "Mozilla/5.0 (Macintosh; Intel Mac OS X 10.9; rv:29.0) Gecko/20100101 Firefox/29.0"
138.197.111.14 - - [20/Feb/2017:02:31:54 -0800] "GET /js/lightbox.js HTTP/1.1" 200 4210 "https://www.rndsquared.com/" "Mozilla/5.0 (Macintosh; Intel Mac OS X 10.9; rv:29.0) Gecko/20100101 Firefox/29.0"
77.75.78.167 - - [20/Feb/2017:03:20:25 -0800] "GET /robots.txt HTTP/1.1" 404 208 "-" "Mozilla/5.0 (compatible; SeznamBot/3.2; +http://napoveda.seznam.cz/en/seznambot-intro/)"
77.75.78.167 - - [20/Feb/2017:03:20:28 -0800] "GET /img/mixman/3.jpg HTTP/1.1" 200 114734 "-" "Mozilla/5.0 (compatible; SeznamBot/3.2; +http://napoveda.seznam.cz/en/seznambot-intro/)"
66.249.69.16 - - [20/Feb/2017:03:25:35 -0800] "GET /img/wu-wei/thumbs/5.jpg HTTP/1.1" 200 22671 "-" "Googlebot-Image/1.0"
66.249.69.20 - - [20/Feb/2017:03:36:41 -0800] "GET /img/wu-wei/thumbs/3.jpg HTTP/1.1" 200 22711 "-" "Googlebot-Image/1.0"
66.249.69.16 - - [20/Feb/2017:03:50:51 -0800] "GET /img/sfnoir/thumbs/6.jpg HTTP/1.1" 200 31401 "-" "Googlebot-Image/1.0"
66.249.69.16 - - [20/Feb/2017:04:04:55 -0800] "GET /img/urban-cowgirl/5.jpg HTTP/1.1" 200 114905 "-" "Googlebot-Image/1.0"
66.249.69.20 - - [20/Feb/2017:04:18:59 -0800] "GET /img/oncekids-fujimini/thumbs/6.jpg HTTP/1.1" 200 27603 "-" "Googlebot-Image/1.0"
138.197.73.70 - - [20/Feb/2017:04:31:44 -0800] "GET / HTTP/1.1" 200 15892 "http://rndsquared.com/" "Mozilla/5.0 (Macintosh; Intel Mac OS X 10_9_3) AppleWebKit/537.36 (KHTML, like Gecko) Chrome/35.0.1916.114 Safari/537.36"
138.197.73.70 - - [20/Feb/2017:04:31:49 -0800] "GET / HTTP/1.1" 301 235 "-" "-"
138.197.73.70 - - [20/Feb/2017:04:32:07 -0800] "GET /robots.txt HTTP/1.1" 404 208 "-" "Mozilla/5.0 (Windows NT 6.1; WOW64) AppleWebKit/537.36 (KHTML, like Gecko) Chrome/34.0.1847.137 Safari/537.36"
66.249.69.20 - - [20/Feb/2017:04:33:00 -0800] "GET /img/mixman/9.jpg HTTP/1.1" 200 141085 "-" "Googlebot-Image/1.0"
77.75.77.101 - - [20/Feb/2017:04:42:08 -0800] "GET /robots.txt HTTP/1.1" 404 208 "-" "Mozilla/5.0 (compatible; SeznamBot/3.2; +http://napoveda.seznam.cz/en/seznambot-intro/)"
77.75.77.101 - - [20/Feb/2017:04:42:48 -0800] "GET /img/njn/thumbs/3.jpg HTTP/1.1" 304 - "-" "Mozilla/5.0 (compatible; SeznamBot/3.2; +http://napoveda.seznam.cz/en/seznambot-intro/)"
66.249.69.12 - - [20/Feb/2017:04:47:02 -0800] "GET /img/mixman/thumbs/1.jpg HTTP/1.1" 200 35516 "-" "Googlebot-Image/1.0"
66.249.69.12 - - [20/Feb/2017:05:01:05 -0800] "GET /img/mixman/7.jpg HTTP/1.1" 200 107323 "-" "Googlebot-Image/1.0"
66.249.69.12 - - [20/Feb/2017:05:15:18 -0800] "GET /img/wu-wei/thumbs/10.jpg HTTP/1.1" 200 20185 "-" "Googlebot-Image/1.0"
66.249.69.12 - - [20/Feb/2017:05:29:19 -0800] "GET /img/oncekids-fujimini/5.jpg HTTP/1.1" 200 76459 "-" "Googlebot-Image/1.0"
66.249.69.16 - - [20/Feb/2017:05:43:21 -0800] "GET /img/oncekids-fujimini/1.jpg HTTP/1.1" 200 109257 "-" "Googlebot-Image/1.0"
66.249.69.12 - - [20/Feb/2017:05:57:24 -0800] "GET /img/mixman/thumbs/15.jpg HTTP/1.1" 200 31677 "-" "Googlebot-Image/1.0"
66.249.69.16 - - [20/Feb/2017:06:11:26 -0800] "GET /img/sfnoir/thumbs/3.jpg HTTP/1.1" 200 22380 "-" "Googlebot-Image/1.0"
66.249.69.20 - - [20/Feb/2017:06:25:39 -0800] "GET /img/wu-wei/thumbs/6.jpg HTTP/1.1" 200 21768 "-" "Googlebot-Image/1.0"
207.46.13.82 - - [20/Feb/2017:06:29:18 -0800] "GET /robots.txt HTTP/1.1" 404 208 "-" "Mozilla/5.0 (compatible; bingbot/2.0; +http://www.bing.com/bingbot.htm)"
66.249.69.20 - - [20/Feb/2017:06:39:42 -0800] "GET /img/mixman/19.jpg HTTP/1.1" 200 81276 "-" "Googlebot-Image/1.0"
66.249.69.12 - - [20/Feb/2017:06:53:44 -0800] "GET /img/mixman/thumbs/9.jpg HTTP/1.1" 200 34012 "-" "Googlebot-Image/1.0"
66.249.69.16 - - [20/Feb/2017:06:53:44 -0800] "GET /robots.txt HTTP/1.1" 404 208 "-" "Mozilla/5.0 (compatible; Googlebot/2.1; +http://www.google.com/bot.html)"
66.249.69.16 - - [20/Feb/2017:07:07:46 -0800] "GET /img/mixman/3.jpg HTTP/1.1" 200 114734 "-" "Googlebot-Image/1.0"
66.249.69.16 - - [20/Feb/2017:07:21:46 -0800] "GET /img/wu-wei/thumbs/7.jpg HTTP/1.1" 200 22901 "-" "Googlebot-Image/1.0"
66.249.69.12 - - [20/Feb/2017:07:35:47 -0800] "GET /img/mixman/thumbs/19.jpg HTTP/1.1" 200 22007 "-" "Googlebot-Image/1.0"
77.75.78.164 - - [20/Feb/2017:07:40:48 -0800] "GET /robots.txt HTTP/1.1" 404 208 "-" "Mozilla/5.0 (compatible; SeznamBot/3.2; +http://napoveda.seznam.cz/en/seznambot-intro/)"
77.75.78.164 - - [20/Feb/2017:07:40:51 -0800] "GET /img/njn/thumbs/3.jpg HTTP/1.1" 304 - "-" "Mozilla/5.0 (compatible; SeznamBot/3.2; +http://napoveda.seznam.cz/en/seznambot-intro/)"
66.249.69.16 - - [20/Feb/2017:07:50:07 -0800] "GET /img/mixman/thumbs/5.jpg HTTP/1.1" 200 23498 "-" "Googlebot-Image/1.0"
66.249.69.12 - - [20/Feb/2017:07:53:09 -0800] "GET / HTTP/1.1" 200 15892 "-" "Mozilla/5.0 (compatible; Googlebot/2.1; +http://www.google.com/bot.html)"
66.249.69.12 - - [20/Feb/2017:08:04:08 -0800] "GET /img/urban-cowgirl/3.jpg HTTP/1.1" 200 80583 "-" "Googlebot-Image/1.0"
66.249.79.99 - - [20/Feb/2017:08:18:09 -0800] "GET /img/njn/thumbs/2.jpg HTTP/1.1" 200 26672 "-" "Googlebot-Image/1.0"
66.249.79.107 - - [20/Feb/2017:08:32:10 -0800] "GET /img/mixman/thumbs/3.jpg HTTP/1.1" 200 32138 "-" "Googlebot-Image/1.0"
66.249.79.99 - - [20/Feb/2017:08:46:10 -0800] "GET /img/sfnoir/thumbs/1.jpg HTTP/1.1" 200 25215 "-" "Googlebot-Image/1.0"
95.211.138.129 - - [20/Feb/2017:08:55:16 -0800] "GET / HTTP/1.1" 200 15892 "http://rndsquared.com/" "Mozilla/5.0 (Windows NT 6.1; WOW64) AppleWebKit/537.36 (KHTML, like Gecko) Chrome/44.0.2403.125 Safari/537.36"
66.249.79.107 - - [20/Feb/2017:09:00:11 -0800] "GET /img/oncekids-fujimini/thumbs/7.jpg HTTP/1.1" 200 39450 "-" "Googlebot-Image/1.0"
5.102.173.71 - - [20/Feb/2017:09:10:22 -0800] "GET /robots.txt HTTP/1.1" 404 208 "-" "Mozilla/5.0 (compatible; MojeekBot/0.6; +https://www.mojeek.com/bot.html)"
5.102.173.71 - - [20/Feb/2017:09:10:22 -0800] "GET / HTTP/1.1" 200 15892 "-" "Mozilla/5.0 (compatible; MojeekBot/0.6; +https://www.mojeek.com/bot.html)"
66.249.79.103 - - [20/Feb/2017:09:14:36 -0800] "GET /img/wu-wei/thumbs/8.jpg HTTP/1.1" 200 26727 "-" "Googlebot-Image/1.0"
66.249.79.99 - - [20/Feb/2017:09:19:17 -0800] "GET /robots.txt HTTP/1.1" 404 208 "-" "Mozilla/5.0 (compatible; Googlebot/2.1; +http://www.google.com/bot.html)"
66.249.79.99 - - [20/Feb/2017:09:19:18 -0800] "GET / HTTP/1.1" 200 15892 "-" "Mozilla/5.0 (compatible; Googlebot/2.1; +http://www.google.com/bot.html)"
66.249.79.107 - - [20/Feb/2017:09:28:37 -0800] "GET /img/mixman/4.jpg HTTP/1.1" 200 135099 "-" "Googlebot-Image/1.0"
66.249.79.103 - - [20/Feb/2017:09:56:52 -0800] "GET /img/wu-wei/thumbs/9.jpg HTTP/1.1" 200 35525 "-" "Googlebot-Image/1.0"
66.249.79.99 - - [20/Feb/2017:10:10:56 -0800] "GET /img/sfnoir/thumbs/8.jpg HTTP/1.1" 200 32404 "-" "Googlebot-Image/1.0"
66.249.79.103 - - [20/Feb/2017:10:25:02 -0800] "GET /img/urban-cowgirl/thumbs/1.jpg HTTP/1.1" 200 26624 "-" "Googlebot-Image/1.0"
77.75.76.164 - - [20/Feb/2017:10:37:57 -0800] "GET /robots.txt HTTP/1.1" 404 208 "-" "Mozilla/5.0 (compatible; SeznamBot/3.2; +http://napoveda.seznam.cz/en/seznambot-intro/)"
77.75.76.164 - - [20/Feb/2017:10:37:59 -0800] "GET /img/sfnoir/thumbs/6.jpg HTTP/1.1" 304 - "-" "Mozilla/5.0 (compatible; SeznamBot/3.2; +http://napoveda.seznam.cz/en/seznambot-intro/)"
66.249.79.99 - - [20/Feb/2017:10:39:10 -0800] "GET /img/sfnoir/thumbs/5.jpg HTTP/1.1" 200 18532 "-" "Googlebot-Image/1.0"
66.249.79.99 - - [20/Feb/2017:10:53:19 -0800] "GET /img/oncekids-fujimini/3.jpg HTTP/1.1" 200 143020 "-" "Googlebot-Image/1.0"
66.249.79.73 - - [20/Feb/2017:11:07:31 -0800] "GET /img/mixman/thumbs/4.jpg HTTP/1.1" 200 35783 "-" "Googlebot-Image/1.0"
66.249.79.107 - - [20/Feb/2017:11:21:53 -0800] "GET /img/oncekids-fujimini/thumbs/4.jpg HTTP/1.1" 200 39689 "-" "Googlebot-Image/1.0"
66.249.79.103 - - [20/Feb/2017:12:25:59 -0800] "GET /img/autumn/thumbs/2.jpg HTTP/1.1" 304 - "-" "Googlebot-Image/1.0"
77.75.76.167 - - [20/Feb/2017:12:30:41 -0800] "GET /robots.txt HTTP/1.1" 404 208 "-" "Mozilla/5.0 (compatible; SeznamBot/3.2; +http://napoveda.seznam.cz/en/seznambot-intro/)"
77.75.76.167 - - [20/Feb/2017:12:30:44 -0800] "GET /img/urban-cowgirl/thumbs/2.jpg HTTP/1.1" 304 - "-" "Mozilla/5.0 (compatible; SeznamBot/3.2; +http://napoveda.seznam.cz/en/seznambot-intro/)"
66.249.79.99 - - [20/Feb/2017:12:55:14 -0800] "GET /img/njn/thumbs/4.jpg HTTP/1.1" 304 - "-" "Googlebot-Image/1.0"
77.75.78.164 - - [20/Feb/2017:13:02:42 -0800] "GET /robots.txt HTTP/1.1" 404 208 "-" "Mozilla/5.0 (compatible; SeznamBot/3.2; +http://napoveda.seznam.cz/en/seznambot-intro/)"
77.75.78.164 - - [20/Feb/2017:13:02:45 -0800] "GET /img/autumn/thumbs/6.jpg HTTP/1.1" 304 - "-" "Mozilla/5.0 (compatible; SeznamBot/3.2; +http://napoveda.seznam.cz/en/seznambot-intro/)"
66.249.79.107 - - [20/Feb/2017:13:24:11 -0800] "GET /img/oncekids-fujimini/thumbs/3.jpg HTTP/1.1" 304 - "-" "Googlebot-Image/1.0"
203.133.169.35 - - [20/Feb/2017:13:38:49 -0800] "GET /robots.txt HTTP/1.1" 404 208 "-" "Mozilla/5.0 (compatible; Daum/4.1; +http://cs.daum.net/faq/15/4118.html?faqId=28966)"
203.133.169.35 - - [20/Feb/2017:13:38:49 -0800] "GET / HTTP/1.1" 200 15892 "-" "Mozilla/5.0 (compatible; Daum/4.1; +http://cs.daum.net/faq/15/4118.html?faqId=28966)"
66.249.79.103 - - [20/Feb/2017:13:53:06 -0800] "GET /img/urban-cowgirl/thumbs/6.jpg HTTP/1.1" 304 - "-" "Googlebot-Image/1.0"
66.249.79.107 - - [20/Feb/2017:14:22:04 -0800] "GET /img/njn/thumbs/5.jpg HTTP/1.1" 304 - "-" "Googlebot-Image/1.0"
77.75.76.163 - - [20/Feb/2017:14:44:13 -0800] "GET /robots.txt HTTP/1.1" 404 208 "-" "Mozilla/5.0 (compatible; SeznamBot/3.2; +http://napoveda.seznam.cz/en/seznambot-intro/)"
77.75.76.163 - - [20/Feb/2017:14:44:16 -0800] "GET /img/bs4w/thumbs/5.jpg HTTP/1.1" 304 - "-" "Mozilla/5.0 (compatible; SeznamBot/3.2; +http://napoveda.seznam.cz/en/seznambot-intro/)"
66.249.79.99 - - [20/Feb/2017:14:50:59 -0800] "GET /img/mixman/thumbs/16.jpg HTTP/1.1" 304 - "-" "Googlebot-Image/1.0"
141.8.143.215 - - [20/Feb/2017:15:12:22 -0800] "GET /robots.txt HTTP/1.1" 404 208 "-" "Mozilla/5.0 (compatible; YandexBot/3.0; +http://yandex.com/bots)"
141.8.143.215 - - [20/Feb/2017:15:12:26 -0800] "GET /favicon.ico HTTP/1.1" 404 209 "-" "Mozilla/5.0 (compatible; YandexBot/3.0; +http://yandex.com/bots)"
66.249.79.103 - - [20/Feb/2017:15:20:03 -0800] "GET /img/bs4w/thumbs/4.jpg HTTP/1.1" 304 - "-" "Googlebot-Image/1.0"
66.249.79.103 - - [20/Feb/2017:17:15:53 -0800] "GET /img/mixman/9.jpg HTTP/1.1" 304 - "-" "Googlebot-Image/1.0"
66.249.79.107 - - [20/Feb/2017:17:44:49 -0800] "GET /img/autumn/thumbs/4.jpg HTTP/1.1" 304 - "-" "Googlebot-Image/1.0"
66.249.79.103 - - [20/Feb/2017:18:14:49 -0800] "GET /img/sfnoir/thumbs/6.jpg HTTP/1.1" 304 - "-" "Googlebot-Image/1.0"
66.249.79.103 - - [20/Feb/2017:18:24:07 -0800] "GET / HTTP/1.1" 200 15892 "-" "Mozilla/5.0 (compatible; Googlebot/2.1; +http://www.google.com/bot.html)"
66.249.79.107 - - [20/Feb/2017:18:44:05 -0800] "GET /img/mixman/16.jpg HTTP/1.1" 304 - "-" "Googlebot-Image/1.0"
66.249.79.107 - - [20/Feb/2017:19:10:51 -0800] "GET /robots.txt HTTP/1.1" 404 208 "-" "Mozilla/5.0 (compatible; Googlebot/2.1; +http://www.google.com/bot.html)"
66.249.79.103 - - [20/Feb/2017:19:10:52 -0800] "GET /img/autumn/thumbs/8.jpg HTTP/1.1" 304 - "-" "Googlebot-Image/1.0"
66.249.79.99 - - [20/Feb/2017:19:50:37 -0800] "GET / HTTP/1.1" 200 15892 "-" "Mozilla/5.0 (Linux; Android 6.0.1; Nexus 5X Build/MMB29P) AppleWebKit/537.36 (KHTML, like Gecko) Chrome/41.0.2272.96 Mobile Safari/537.36 (compatible; Googlebot/2.1; +http://www.google.com/bot.html)"
66.249.79.103 - - [20/Feb/2017:20:04:51 -0800] "GET /img/mixman/3.jpg HTTP/1.1" 304 - "-" "Googlebot-Image/1.0"
66.249.79.103 - - [20/Feb/2017:21:00:59 -0800] "GET /img/mixman/thumbs/9.jpg HTTP/1.1" 304 - "-" "Googlebot-Image/1.0"
66.249.79.99 - - [20/Feb/2017:21:57:05 -0800] "GET /img/wu-wei/thumbs/7.jpg HTTP/1.1" 304 - "-" "Googlebot-Image/1.0"
46.229.164.99 - - [20/Feb/2017:21:59:25 -0800] "GET /robots.txt HTTP/1.1" 404 208 "-" "Mozilla/5.0 (compatible; SemrushBot/1.2~bl; +http://www.semrush.com/bot.html)"
138.197.111.117 - - [20/Feb/2017:22:40:36 -0800] "GET / HTTP/1.1" 200 15892 "-" "Mozilla/5.0 (Windows NT 6.1; rv:28.0) Gecko/20100101 Firefox/28.0"
138.197.111.117 - - [20/Feb/2017:22:40:38 -0800] "GET /js/modernizr.js HTTP/1.1" 200 5933 "https://www.rndsquared.com/" "Mozilla/5.0 (Windows NT 6.1; rv:28.0) Gecko/20100101 Firefox/28.0"
138.197.111.117 - - [20/Feb/2017:22:40:38 -0800] "GET /js/scripts.js HTTP/1.1" 200 1227 "https://www.rndsquared.com/" "Mozilla/5.0 (Windows NT 6.1; rv:28.0) Gecko/20100101 Firefox/28.0"
138.197.111.117 - - [20/Feb/2017:22:40:38 -0800] "GET /js/lightbox.js HTTP/1.1" 200 4210 "https://www.rndsquared.com/" "Mozilla/5.0 (Windows NT 6.1; rv:28.0) Gecko/20100101 Firefox/28.0"
66.249.79.99 - - [20/Feb/2017:22:53:15 -0800] "GET /img/urban-cowgirl/3.jpg HTTP/1.1" 304 - "-" "Googlebot-Image/1.0"
66.249.79.103 - - [20/Feb/2017:23:49:27 -0800] "GET /img/bs4w/thumbs/5.jpg HTTP/1.1" 304 - "-" "Googlebot-Image/1.0"
66.249.79.99 - - [21/Feb/2017:00:45:12 -0800] "GET /img/sfnoir/thumbs/3.jpg HTTP/1.1" 304 - "-" "Googlebot-Image/1.0"
66.249.79.107 - - [21/Feb/2017:01:40:39 -0800] "GET /img/mixman/7.jpg HTTP/1.1" 304 - "-" "Googlebot-Image/1.0"
66.249.79.107 - - [21/Feb/2017:02:37:20 -0800] "GET /img/mixman/thumbs/15.jpg HTTP/1.1" 304 - "-" "Googlebot-Image/1.0"
66.249.79.103 - - [21/Feb/2017:03:01:27 -0800] "GET /img/urban-cowgirl/thumbs/1.jpg HTTP/1.1" 304 - "-" "Googlebot-Image/1.0"
66.249.79.107 - - [21/Feb/2017:03:02:11 -0800] "GET /img/mixman/9.jpg HTTP/1.1" 304 - "-" "Googlebot-Image/1.0"
66.249.79.99 - - [21/Feb/2017:03:02:23 -0800] "GET /img/wu-wei/thumbs/9.jpg HTTP/1.1" 304 - "-" "Googlebot-Image/1.0"
66.249.79.107 - - [21/Feb/2017:03:49:13 -0800] "GET /img/wu-wei/thumbs/8.jpg HTTP/1.1" 304 - "-" "Googlebot-Image/1.0"
66.249.79.99 - - [21/Feb/2017:04:27:13 -0800] "GET /robots.txt HTTP/1.1" 404 208 "-" "Mozilla/5.0 (compatible; Googlebot/2.1; +http://www.google.com/bot.html)"
66.249.79.107 - - [21/Feb/2017:04:27:14 -0800] "GET / HTTP/1.1" 200 15892 "-" "Mozilla/5.0 (compatible; Googlebot/2.1; +http://www.google.com/bot.html)"
66.249.79.107 - - [21/Feb/2017:04:27:16 -0800] "GET /css/lightbox.css HTTP/1.1" 200 1003 "https://www.rndsquared.com/" "Mozilla/5.0 (compatible; Googlebot/2.1; +http://www.google.com/bot.html)"
66.249.79.99 - - [21/Feb/2017:04:27:17 -0800] "GET /css/bootstrap.min.css HTTP/1.1" 200 11249 "https://www.rndsquared.com/" "Mozilla/5.0 (compatible; Googlebot/2.1; +http://www.google.com/bot.html)"
66.249.79.103 - - [21/Feb/2017:04:27:17 -0800] "GET /css/styles.css HTTP/1.1" 200 1975 "https://www.rndsquared.com/" "Mozilla/5.0 (compatible; Googlebot/2.1; +http://www.google.com/bot.html)"
66.249.79.103 - - [21/Feb/2017:04:39:56 -0800] "GET /img/mixman/thumbs/4.jpg HTTP/1.1" 304 - "-" "Googlebot-Image/1.0"
66.249.79.107 - - [21/Feb/2017:05:30:37 -0800] "GET /img/urban-cowgirl/5.jpg HTTP/1.1" 304 - "-" "Googlebot-Image/1.0"
66.249.79.107 - - [21/Feb/2017:05:46:24 -0800] "GET / HTTP/1.1" 200 15892 "-" "Mozilla/5.0 (compatible; Googlebot/2.1; +http://www.google.com/bot.html)"
66.249.79.107 - - [21/Feb/2017:06:20:39 -0800] "GET /img/wu-wei/thumbs/6.jpg HTTP/1.1" 304 - "-" "Googlebot-Image/1.0"
66.249.79.103 - - [21/Feb/2017:07:11:29 -0800] "GET /img/oncekids-fujimini/3.jpg HTTP/1.1" 304 - "-" "Googlebot-Image/1.0"
66.249.79.103 - - [21/Feb/2017:07:11:29 -0800] "GET /robots.txt HTTP/1.1" 404 208 "-" "Mozilla/5.0 (compatible; Googlebot/2.1; +http://www.google.com/bot.html)"
66.249.79.107 - - [21/Feb/2017:08:02:16 -0800] "GET /img/sfnoir/thumbs/8.jpg HTTP/1.1" 304 - "-" "Googlebot-Image/1.0"
66.249.79.103 - - [21/Feb/2017:08:53:10 -0800] "GET /img/mixman/thumbs/3.jpg HTTP/1.1" 304 - "-" "Googlebot-Image/1.0"
66.249.79.99 - - [21/Feb/2017:09:44:26 -0800] "GET /img/sfnoir/thumbs/5.jpg HTTP/1.1" 304 - "-" "Googlebot-Image/1.0"
66.249.79.99 - - [21/Feb/2017:10:34:26 -0800] "GET /img/mixman/thumbs/1.jpg HTTP/1.1" 304 - "-" "Googlebot-Image/1.0"
77.75.77.11 - - [21/Feb/2017:11:50:35 -0800] "GET /robots.txt HTTP/1.1" 404 208 "-" "Mozilla/5.0 (compatible; SeznamBot/3.2; +http://napoveda.seznam.cz/en/seznambot-intro/)"
77.75.77.11 - - [21/Feb/2017:11:50:38 -0800] "GET /img/sfnoir/3.jpg HTTP/1.1" 304 - "-" "Mozilla/5.0 (compatible; SeznamBot/3.2; +http://napoveda.seznam.cz/en/seznambot-intro/)"
77.75.76.164 - - [21/Feb/2017:12:41:22 -0800] "GET /robots.txt HTTP/1.1" 404 208 "-" "Mozilla/5.0 (compatible; SeznamBot/3.2; +http://napoveda.seznam.cz/en/seznambot-intro/)"
77.75.76.164 - - [21/Feb/2017:12:41:25 -0800] "GET /img/bs4w/6.jpg HTTP/1.1" 304 - "-" "Mozilla/5.0 (compatible; SeznamBot/3.2; +http://napoveda.seznam.cz/en/seznambot-intro/)"
77.75.78.161 - - [21/Feb/2017:14:21:34 -0800] "GET /robots.txt HTTP/1.1" 404 208 "-" "Mozilla/5.0 (compatible; SeznamBot/3.2; +http://napoveda.seznam.cz/en/seznambot-intro/)"
77.75.78.161 - - [21/Feb/2017:14:21:37 -0800] "GET /img/urban-cowgirl/2.jpg HTTP/1.1" 304 - "-" "Mozilla/5.0 (compatible; SeznamBot/3.2; +http://napoveda.seznam.cz/en/seznambot-intro/)"
66.249.79.107 - - [21/Feb/2017:14:57:05 -0800] "GET /robots.txt HTTP/1.1" 404 208 "-" "Mozilla/5.0 (compatible; Googlebot/2.1; +http://www.google.com/bot.html)"
66.249.79.103 - - [21/Feb/2017:15:02:17 -0800] "GET / HTTP/1.1" 200 15892 "-" "Mozilla/5.0 (compatible; Googlebot/2.1; +http://www.google.com/bot.html)"
77.75.76.172 - - [21/Feb/2017:15:23:51 -0800] "GET /robots.txt HTTP/1.1" 404 208 "-" "Mozilla/5.0 (compatible; SeznamBot/3.2; +http://napoveda.seznam.cz/en/seznambot-intro/)"
77.75.76.172 - - [21/Feb/2017:15:23:54 -0800] "GET /img/urban-cowgirl/3.jpg HTTP/1.1" 304 - "-" "Mozilla/5.0 (compatible; SeznamBot/3.2; +http://napoveda.seznam.cz/en/seznambot-intro/)"
66.249.79.103 - - [21/Feb/2017:16:10:09 -0800] "GET / HTTP/1.1" 200 15892 "-" "Mozilla/5.0 (compatible; Googlebot/2.1; +http://www.google.com/bot.html)"
5.196.87.42 - - [21/Feb/2017:16:50:43 -0800] "GET /robots.txt HTTP/1.1" 404 208 "-" "Mozilla/5.0 (compatible; AhrefsBot/5.2; +http://ahrefs.com/robot/)"
138.197.111.244 - - [21/Feb/2017:16:53:09 -0800] "GET / HTTP/1.1" 200 15892 "http://rndsquared.com/" "Mozilla/5.0 (Windows NT 6.1; WOW64; rv:21.0) Gecko/20100101 Firefox/21.0"
138.197.111.244 - - [21/Feb/2017:16:53:14 -0800] "GET / HTTP/1.1" 301 235 "-" "-"
138.197.111.244 - - [21/Feb/2017:16:53:28 -0800] "GET /robots.txt HTTP/1.1" 404 208 "-" "Mozilla/5.0 (Windows NT 6.1; WOW64; rv:29.0) Gecko/20100101 Firefox/29.0"
66.249.79.103 - - [21/Feb/2017:18:49:13 -0800] "GET /img/bs4w/thumbs/4.jpg HTTP/1.1" 304 - "-" "Googlebot-Image/1.0"
66.249.79.107 - - [21/Feb/2017:19:09:08 -0800] "GET /img/wu-wei/thumbs/3.jpg HTTP/1.1" 200 22711 "-" "Googlebot-Image/1.0"
138.197.96.195 - - [21/Feb/2017:19:43:57 -0800] "GET / HTTP/1.1" 200 15892 "-" "Mozilla/5.0 (Windows NT 6.1; rv:28.0) Gecko/20100101 Firefox/28.0"
138.197.96.195 - - [21/Feb/2017:19:43:57 -0800] "GET /js/modernizr.js HTTP/1.1" 200 5933 "https://www.rndsquared.com/" "Mozilla/5.0 (Windows NT 6.1; rv:28.0) Gecko/20100101 Firefox/28.0"
138.197.96.195 - - [21/Feb/2017:19:43:57 -0800] "GET /js/lightbox.js HTTP/1.1" 200 4210 "https://www.rndsquared.com/" "Mozilla/5.0 (Windows NT 6.1; rv:28.0) Gecko/20100101 Firefox/28.0"
138.197.96.195 - - [21/Feb/2017:19:43:57 -0800] "GET /js/scripts.js HTTP/1.1" 200 1227 "https://www.rndsquared.com/" "Mozilla/5.0 (Windows NT 6.1; rv:28.0) Gecko/20100101 Firefox/28.0"
51.15.1.125 - - [21/Feb/2017:20:19:19 -0800] "GET / HTTP/1.1" 200 15892 "-" "Mozilla/5.0 (Windows NT 5.1; rv:7.0.1) Gecko/20100101 Firefox/7.0.1"
51.15.1.125 - - [21/Feb/2017:20:19:21 -0800] "GET / HTTP/1.1" 200 15892 "-" "Mozilla/5.0 (Windows NT 5.1; rv:7.0.1) Gecko/20100101 Firefox/7.0.1"
51.15.1.125 - - [21/Feb/2017:20:19:23 -0800] "GET /wp-login.php?action=register HTTP/1.1" 404 210 "-" "Mozilla/5.0 (Windows NT 5.1; rv:7.0.1) Gecko/20100101 Firefox/7.0.1"
51.15.1.125 - - [21/Feb/2017:20:19:26 -0800] "GET / HTTP/1.1" 200 15892 "-" "Mozilla/5.0 (Windows NT 5.1; rv:7.0.1) Gecko/20100101 Firefox/7.0.1"
51.15.1.125 - - [21/Feb/2017:20:19:28 -0800] "GET /index.php?option=com_user&task=register HTTP/1.1" 404 207 "-" "Mozilla/5.0 (Windows NT 5.1; rv:7.0.1) Gecko/20100101 Firefox/7.0.1"
51.15.1.125 - - [21/Feb/2017:20:19:31 -0800] "GET / HTTP/1.1" 200 15892 "-" "Mozilla/5.0 (Windows NT 5.1; rv:7.0.1) Gecko/20100101 Firefox/7.0.1"
51.15.1.125 - - [21/Feb/2017:20:19:34 -0800] "GET /user/register HTTP/1.1" 404 211 "-" "Mozilla/5.0 (Windows NT 5.1; rv:7.0.1) Gecko/20100101 Firefox/7.0.1"
77.75.76.169 - - [21/Feb/2017:20:49:46 -0800] "GET /robots.txt HTTP/1.1" 404 208 "-" "Mozilla/5.0 (compatible; SeznamBot/3.2; +http://napoveda.seznam.cz/en/seznambot-intro/)"
77.75.76.169 - - [21/Feb/2017:20:49:49 -0800] "GET /img/oncekids-fujimini/1.jpg HTTP/1.1" 304 - "-" "Mozilla/5.0 (compatible; SeznamBot/3.2; +http://napoveda.seznam.cz/en/seznambot-intro/)"
46.229.164.99 - - [21/Feb/2017:22:02:26 -0800] "GET /robots.txt HTTP/1.1" 404 208 "-" "Mozilla/5.0 (compatible; SemrushBot/1.2~bl; +http://www.semrush.com/bot.html)"
45.55.230.162 - - [21/Feb/2017:22:44:11 -0800] "GET /robots.txt HTTP/1.1" 404 208 "-" "Mozilla/5.0 (compatible; spbot/5.0.3; +http://OpenLinkProfiler.org/bot )"
45.55.230.162 - - [21/Feb/2017:22:44:17 -0800] "GET / HTTP/1.1" 200 15892 "http://www.rndsquared.com/" "Mozilla/5.0 (compatible; spbot/5.0.3; +http://OpenLinkProfiler.org/bot )"
77.75.76.160 - - [21/Feb/2017:23:20:40 -0800] "GET /img/njn/3.jpg HTTP/1.1" 304 - "-" "Mozilla/5.0 (compatible; SeznamBot/3.2; +http://napoveda.seznam.cz/en/seznambot-intro/)"
192.169.176.165 - - [21/Feb/2017:23:30:57 -0800] "GET /cpanel HTTP/1.1" 404 204 "http://www.google.com" "Mozilla/5.0 (Windows NT 6.1; WOW64) AppleWebKit/537.36 (KHTML, like Gecko) Chrome/45.0.2454.101 Safari/537.36"
66.249.79.107 - - [22/Feb/2017:00:17:11 -0800] "GET /robots.txt HTTP/1.1" 404 208 "-" "Mozilla/5.0 (compatible; Googlebot/2.1; +http://www.google.com/bot.html)"
66.249.79.107 - - [22/Feb/2017:00:21:07 -0800] "GET / HTTP/1.1" 200 15892 "-" "Mozilla/5.0 (compatible; Googlebot/2.1; +http://www.google.com/bot.html)"
77.75.76.163 - - [22/Feb/2017:01:00:52 -0800] "GET /robots.txt HTTP/1.1" 404 208 "-" "Mozilla/5.0 (compatible; SeznamBot/3.2; +http://napoveda.seznam.cz/en/seznambot-intro/)"
77.75.76.163 - - [22/Feb/2017:01:00:55 -0800] "GET /img/wu-wei/thumbs/1.jpg HTTP/1.1" 304 - "-" "Mozilla/5.0 (compatible; SeznamBot/3.2; +http://napoveda.seznam.cz/en/seznambot-intro/)"
66.249.79.107 - - [22/Feb/2017:02:35:59 -0800] "GET /img/bs4w/thumbs/6.jpg HTTP/1.1" 200 12384 "-" "Googlebot-Image/1.0"
66.249.79.107 - - [22/Feb/2017:02:37:38 -0800] "GET /img/mixman/thumbs/4.jpg HTTP/1.1" 304 - "-" "Googlebot-Image/1.0"
66.249.79.103 - - [22/Feb/2017:02:51:35 -0800] "GET /img/mixman/thumbs/4.jpg HTTP/1.1" 304 - "-" "Googlebot-Image/1.0"
66.249.79.103 - - [22/Feb/2017:03:01:45 -0800] "GET / HTTP/1.1" 200 15892 "-" "Mozilla/5.0 (compatible; Googlebot/2.1; +http://www.google.com/bot.html)"
66.249.79.107 - - [22/Feb/2017:04:03:06 -0800] "GET / HTTP/1.1" 200 15892 "-" "Mozilla/5.0 (compatible; Googlebot/2.1; +http://www.google.com/bot.html)"
77.75.77.95 - - [22/Feb/2017:04:21:54 -0800] "GET /robots.txt HTTP/1.1" 404 208 "-" "Mozilla/5.0 (compatible; SeznamBot/3.2; +http://napoveda.seznam.cz/en/seznambot-intro/)"
77.75.77.95 - - [22/Feb/2017:04:21:57 -0800] "GET / HTTP/1.1" 304 - "-" "Mozilla/5.0 (compatible; SeznamBot/3.2; +http://napoveda.seznam.cz/en/seznambot-intro/)"
77.75.78.169 - - [22/Feb/2017:05:08:12 -0800] "GET /robots.txt HTTP/1.1" 404 208 "-" "Mozilla/5.0 (compatible; SeznamBot/3.2; +http://napoveda.seznam.cz/en/seznambot-intro/)"
77.75.78.169 - - [22/Feb/2017:05:08:26 -0800] "GET /img/autumn/1.jpg HTTP/1.1" 304 - "-" "Mozilla/5.0 (compatible; SeznamBot/3.2; +http://napoveda.seznam.cz/en/seznambot-intro/)"
77.75.76.162 - - [22/Feb/2017:08:03:11 -0800] "GET /robots.txt HTTP/1.1" 404 208 "-" "Mozilla/5.0 (compatible; SeznamBot/3.2; +http://napoveda.seznam.cz/en/seznambot-intro/)"
77.75.76.162 - - [22/Feb/2017:08:03:13 -0800] "GET /img/mixman/3.jpg HTTP/1.1" 200 114734 "-" "Mozilla/5.0 (compatible; SeznamBot/3.2; +http://napoveda.seznam.cz/en/seznambot-intro/)"
