162.210.196.97 - - [01/Jan/2017:00:02:59 -0800] "GET /robots.txt HTTP/1.1" 404 208 "-" "Mozilla/5.0 (compatible; MJ12bot/v1.4.7; http://mj12bot.com/)"
162.210.196.97 - - [01/Jan/2017:00:03:03 -0800] "GET / HTTP/1.1" 200 72657 "-" "Mozilla/5.0 (compatible; MJ12bot/v1.4.7; http://mj12bot.com/)"
50.184.140.255 - - [01/Jan/2017:03:53:14 -0800] "GET /css/lightbox.css HTTP/1.1" 200 1003 "https://www.rndsquared.com/" "Mozilla/5.0 (iPhone; CPU iPhone OS 9_3_5 like Mac OS X) AppleWebKit/601.1.46 (KHTML, like Gecko) Version/9.0 Mobile/13G36 Safari/601.1"
50.184.140.255 - - [01/Jan/2017:03:53:14 -0800] "GET /img/mixman/thumbs/2.jpg HTTP/1.1" 200 24519 "https://www.rndsquared.com/" "Mozilla/5.0 (iPhone; CPU iPhone OS 9_3_5 like Mac OS X) AppleWebKit/601.1.46 (KHTML, like Gecko) Version/9.0 Mobile/13G36 Safari/601.1"
50.184.140.255 - - [01/Jan/2017:03:53:14 -0800] "GET /img/autumn/thumbs/1.jpg HTTP/1.1" 200 24768 "https://www.rndsquared.com/" "Mozilla/5.0 (iPhone; CPU iPhone OS 9_3_5 like Mac OS X) AppleWebKit/601.1.46 (KHTML, like Gecko) Version/9.0 Mobile/13G36 Safari/601.1"
50.184.140.255 - - [01/Jan/2017:03:53:14 -0800] "GET /img/oncekids-fujimini/thumbs/1.jpg HTTP/1.1" 200 36349 "https://www.rndsquared.com/" "Mozilla/5.0 (iPhone; CPU iPhone OS 9_3_5 like Mac OS X) AppleWebKit/601.1.46 (KHTML, like Gecko) Version/9.0 Mobile/13G36 Safari/601.1"
50.184.140.255 - - [01/Jan/2017:03:53:14 -0800] "GET /img/mixman/thumbs/1.jpg HTTP/1.1" 200 35516 "https://www.rndsquared.com/" "Mozilla/5.0 (iPhone; CPU iPhone OS 9_3_5 like Mac OS X) AppleWebKit/601.1.46 (KHTML, like Gecko) Version/9.0 Mobile/13G36 Safari/601.1"
50.184.140.255 - - [01/Jan/2017:03:53:14 -0800] "GET /img/urban-cowgirl/thumbs/1.jpg HTTP/1.1" 200 26624 "https://www.rndsquared.com/" "Mozilla/5.0 (iPhone; CPU iPhone OS 9_3_5 like Mac OS X) AppleWebKit/601.1.46 (KHTML, like Gecko) Version/9.0 Mobile/13G36 Safari/601.1"
50.184.140.255 - - [01/Jan/2017:03:53:14 -0800] "GET /js/scripts.js HTTP/1.1" 200 1227 "https://www.rndsquared.com/" "Mozilla/5.0 (iPhone; CPU iPhone OS 9_3_5 like Mac OS X) AppleWebKit/601.1.46 (KHTML, like Gecko) Version/9.0 Mobile/13G36 Safari/601.1"
151.80.31.104 - - [01/Jan/2017:04:24:01 -0800] "GET /robots.txt HTTP/1.1" 404 208 "-" "Mozilla/5.0 (compatible; AhrefsBot/5.1; +http://ahrefs.com/robot/)"
66.249.79.107 - - [01/Jan/2017:05:51:19 -0800] "GET /robots.txt HTTP/1.1" 404 208 "-" "Mozilla/5.0 (compatible; Googlebot/2.1; +http://www.google.com/bot.html)"
66.249.79.107 - - [01/Jan/2017:05:51:19 -0800] "GET /img/wu-wei/thumbs/2.jpg HTTP/1.1" 200 21193 "-" "Googlebot-Image/1.0"
77.75.78.163 - - [01/Jan/2017:12:00:48 -0800] "GET /robots.txt HTTP/1.1" 404 208 "-" "Mozilla/5.0 (compatible; SeznamBot/3.2; +http://napoveda.seznam.cz/en/seznambot-intro/)"
77.75.78.163 - - [01/Jan/2017:12:00:52 -0800] "GET /img/wu-wei/thumbs/1.jpg HTTP/1.1" 304 - "-" "Mozilla/5.0 (compatible; SeznamBot/3.2; +http://napoveda.seznam.cz/en/seznambot-intro/)"
77.75.79.36 - - [01/Jan/2017:13:16:25 -0800] "GET /robots.txt HTTP/1.1" 404 208 "-" "Mozilla/5.0 (compatible; SeznamBot/3.2; +http://napoveda.seznam.cz/en/seznambot-intro/)"
77.75.79.36 - - [01/Jan/2017:13:16:27 -0800] "GET / HTTP/1.1" 304 - "-" "Mozilla/5.0 (compatible; SeznamBot/3.2; +http://napoveda.seznam.cz/en/seznambot-intro/)"
77.75.76.166 - - [01/Jan/2017:16:07:49 -0800] "GET /robots.txt HTTP/1.1" 404 208 "-" "Mozilla/5.0 (compatible; SeznamBot/3.2; +http://napoveda.seznam.cz/en/seznambot-intro/)"
77.75.76.166 - - [01/Jan/2017:16:07:53 -0800] "GET /img/urban-cowgirl/thumbs/5.jpg HTTP/1.1" 304 - "-" "Mozilla/5.0 (compatible; SeznamBot/3.2; +http://napoveda.seznam.cz/en/seznambot-intro/)"
91.213.126.133 - - [01/Jan/2017:16:27:11 -0800] "GET / HTTP/1.1" 200 72657 "http://rndsquared.com" "Mozilla/5.0 (X11; Linux x86_64) AppleWebKit/537.36 (KHTML, like Gecko) Chrome/46.0.2490.80 Safari/537.36"
91.213.126.133 - - [01/Jan/2017:16:27:14 -0800] "GET / HTTP/1.1" 200 72657 "HTTP://www.rndsquared.com/" "Mozilla/5.0 (X11; Linux x86_64) AppleWebKit/537.36 (KHTML, like Gecko) Chrome/46.0.2490.80 Safari/537.36"
77.75.78.160 - - [01/Jan/2017:20:58:01 -0800] "GET /robots.txt HTTP/1.1" 404 208 "-" "Mozilla/5.0 (compatible; SeznamBot/3.2; +http://napoveda.seznam.cz/en/seznambot-intro/)"
77.75.78.160 - - [01/Jan/2017:20:58:04 -0800] "GET /img/njn/thumbs/1.jpg HTTP/1.1" 304 - "-" "Mozilla/5.0 (compatible; SeznamBot/3.2; +http://napoveda.seznam.cz/en/seznambot-intro/)"
199.127.226.150 - - [01/Jan/2017:21:34:55 -0800] "GET / HTTP/1.1" 200 15892 "-" "Mozilla/5.0 (Windows NT 10.0; WOW64) AppleWebKit/537.36 (KHTML, like Gecko) Chrome/52.0.2743.116 Safari/537.36"
157.55.39.235 - - [01/Jan/2017:22:02:48 -0800] "GET / HTTP/1.1" 200 15892 "-" "Mozilla/5.0 (iPhone; CPU iPhone OS 7_0 like Mac OS X) AppleWebKit/537.51.1 (KHTML, like Gecko) Version/7.0 Mobile/11A465 Safari/9537.53 (compatible; bingbot/2.0; +http://www.bing.com/bingbot.htm)"
157.55.39.235 - - [01/Jan/2017:22:02:52 -0800] "GET /robots.txt HTTP/1.1" 404 208 "-" "Mozilla/5.0 (compatible; bingbot/2.0; +http://www.bing.com/bingbot.htm)"
157.55.39.235 - - [01/Jan/2017:22:02:54 -0800] "GET /robots.txt HTTP/1.1" 404 208 "-" "Mozilla/5.0 (compatible; bingbot/2.0; +http://www.bing.com/bingbot.htm)"
207.46.13.237 - - [01/Jan/2017:22:02:54 -0800] "GET /robots.txt HTTP/1.1" 404 208 "-" "Mozilla/5.0 (compatible; bingbot/2.0; +http://www.bing.com/bingbot.htm)"
157.55.39.235 - - [01/Jan/2017:22:02:57 -0800] "GET /js/modernizr.js HTTP/1.1" 200 5933 "-" "Mozilla/5.0 (iPhone; CPU iPhone OS 7_0 like Mac OS X) AppleWebKit/537.51.1 (KHTML, like Gecko) Version/7.0 Mobile/11A465 Safari/9537.53 (compatible; bingbot/2.0; +http://www.bing.com/bingbot.htm)"
157.55.39.235 - - [01/Jan/2017:22:02:58 -0800] "GET /js/scripts.js HTTP/1.1" 200 1227 "-" "Mozilla/5.0 (iPhone; CPU iPhone OS 7_0 like Mac OS X) AppleWebKit/537.51.1 (KHTML, like Gecko) Version/7.0 Mobile/11A465 Safari/9537.53 (compatible; bingbot/2.0; +http://www.bing.com/bingbot.htm)"
40.77.167.90 - - [01/Jan/2017:22:03:02 -0800] "GET /css/styles.css HTTP/1.1" 200 1975 "-" "Mozilla/5.0 (iPhone; CPU iPhone OS 7_0 like Mac OS X) AppleWebKit/537.51.1 (KHTML, like Gecko) Version/7.0 Mobile/11A465 Safari/9537.53 (compatible; bingbot/2.0; +http://www.bing.com/bingbot.htm)"
207.46.13.73 - - [01/Jan/2017:22:03:09 -0800] "GET /css/lightbox.css HTTP/1.1" 200 1003 "-" "Mozilla/5.0 (iPhone; CPU iPhone OS 7_0 like Mac OS X) AppleWebKit/537.51.1 (KHTML, like Gecko) Version/7.0 Mobile/11A465 Safari/9537.53 (compatible; bingbot/2.0; +http://www.bing.com/bingbot.htm)"
157.55.39.79 - - [01/Jan/2017:22:03:13 -0800] "GET /css/bootstrap.min.css HTTP/1.1" 200 11249 "-" "Mozilla/5.0 (iPhone; CPU iPhone OS 7_0 like Mac OS X) AppleWebKit/537.51.1 (KHTML, like Gecko) Version/7.0 Mobile/11A465 Safari/9537.53 (compatible; bingbot/2.0; +http://www.bing.com/bingbot.htm)"
157.55.39.79 - - [01/Jan/2017:22:03:15 -0800] "GET /js/lightbox.js HTTP/1.1" 200 4210 "-" "Mozilla/5.0 (iPhone; CPU iPhone OS 7_0 like Mac OS X) AppleWebKit/537.51.1 (KHTML, like Gecko) Version/7.0 Mobile/11A465 Safari/9537.53 (compatible; bingbot/2.0; +http://www.bing.com/bingbot.htm)"
199.30.25.107 - - [01/Jan/2017:23:03:57 -0800] "GET /fonts/mn2-webfont.ttf HTTP/1.1" 200 35628 "https://www.rndsquared.com/" "Mozilla/5.0 (iPhone; CPU iPhone OS 7_0 like Mac OS X) AppleWebKit/537.51.1 (KHTML, like Gecko) Version/7.0 Mobile/11A465 Safari/9537.53 BingPreview/1.0b"
77.75.79.72 - - [02/Jan/2017:00:15:11 -0800] "GET /robots.txt HTTP/1.1" 404 208 "-" "Mozilla/5.0 (compatible; SeznamBot/3.2; +http://napoveda.seznam.cz/en/seznambot-intro/)"
77.75.79.72 - - [02/Jan/2017:00:15:22 -0800] "GET /img/urban-cowgirl/thumbs/6.jpg HTTP/1.1" 304 - "-" "Mozilla/5.0 (compatible; SeznamBot/3.2; +http://napoveda.seznam.cz/en/seznambot-intro/)"
46.229.164.101 - - [02/Jan/2017:01:44:40 -0800] "GET /robots.txt HTTP/1.1" 404 208 "-" "Mozilla/5.0 (compatible; SemrushBot/1.1~bl; +http://www.semrush.com/bot.html)"
77.75.76.163 - - [02/Jan/2017:03:58:44 -0800] "GET /robots.txt HTTP/1.1" 404 208 "-" "Mozilla/5.0 (compatible; SeznamBot/3.2; +http://napoveda.seznam.cz/en/seznambot-intro/)"
77.75.76.163 - - [02/Jan/2017:03:58:47 -0800] "GET /img/mixman/thumbs/9.jpg HTTP/1.1" 304 - "-" "Mozilla/5.0 (compatible; SeznamBot/3.2; +http://napoveda.seznam.cz/en/seznambot-intro/)"
66.249.75.39 - - [02/Jan/2017:05:25:43 -0800] "GET /robots.txt HTTP/1.1" 404 208 "-" "Mozilla/5.0 (compatible; Googlebot/2.1; +http://www.google.com/bot.html)"
66.249.75.39 - - [02/Jan/2017:05:25:44 -0800] "GET /img/wu-wei/thumbs/2.jpg HTTP/1.1" 200 21193 "-" "Googlebot-Image/1.0"
77.75.78.162 - - [02/Jan/2017:07:36:14 -0800] "GET /robots.txt HTTP/1.1" 404 208 "-" "Mozilla/5.0 (compatible; SeznamBot/3.2; +http://napoveda.seznam.cz/en/seznambot-intro/)"
77.75.78.162 - - [02/Jan/2017:07:36:16 -0800] "GET /img/mixman/thumbs/16.jpg HTTP/1.1" 304 - "-" "Mozilla/5.0 (compatible; SeznamBot/3.2; +http://napoveda.seznam.cz/en/seznambot-intro/)"
77.75.78.168 - - [02/Jan/2017:08:39:17 -0800] "GET /robots.txt HTTP/1.1" 404 208 "-" "Mozilla/5.0 (compatible; SeznamBot/3.2; +http://napoveda.seznam.cz/en/seznambot-intro/)"
77.75.78.168 - - [02/Jan/2017:08:39:27 -0800] "GET /img/mixman/5.jpg HTTP/1.1" 304 - "-" "Mozilla/5.0 (compatible; SeznamBot/3.2; +http://napoveda.seznam.cz/en/seznambot-intro/)"
77.75.78.164 - - [02/Jan/2017:09:40:24 -0800] "GET /robots.txt HTTP/1.1" 404 208 "-" "Mozilla/5.0 (compatible; SeznamBot/3.2; +http://napoveda.seznam.cz/en/seznambot-intro/)"
77.75.78.164 - - [02/Jan/2017:09:40:26 -0800] "GET /img/mixman/2.jpg HTTP/1.1" 304 - "-" "Mozilla/5.0 (compatible; SeznamBot/3.2; +http://napoveda.seznam.cz/en/seznambot-intro/)"
77.75.78.166 - - [02/Jan/2017:10:30:46 -0800] "GET /robots.txt HTTP/1.1" 404 208 "-" "Mozilla/5.0 (compatible; SeznamBot/3.2; +http://napoveda.seznam.cz/en/seznambot-intro/)"
77.75.78.166 - - [02/Jan/2017:10:30:48 -0800] "GET /img/wu-wei/4.jpg HTTP/1.1" 304 - "-" "Mozilla/5.0 (compatible; SeznamBot/3.2; +http://napoveda.seznam.cz/en/seznambot-intro/)"
45.55.232.76 - - [02/Jan/2017:11:22:46 -0800] "GET / HTTP/1.1" 200 15892 "-" "Mozilla/5.0 (Windows NT 6.1; rv:28.0) Gecko/20100101 Firefox/28.0"
45.55.232.76 - - [02/Jan/2017:11:22:47 -0800] "GET /js/modernizr.js HTTP/1.1" 200 5933 "https://www.rndsquared.com/" "Mozilla/5.0 (Windows NT 6.1; rv:28.0) Gecko/20100101 Firefox/28.0"
45.55.232.76 - - [02/Jan/2017:11:22:47 -0800] "GET /js/scripts.js HTTP/1.1" 200 1227 "https://www.rndsquared.com/" "Mozilla/5.0 (Windows NT 6.1; rv:28.0) Gecko/20100101 Firefox/28.0"
45.55.232.76 - - [02/Jan/2017:11:22:47 -0800] "GET /js/lightbox.js HTTP/1.1" 200 4210 "https://www.rndsquared.com/" "Mozilla/5.0 (Windows NT 6.1; rv:28.0) Gecko/20100101 Firefox/28.0"
108.59.8.80 - - [02/Jan/2017:11:35:30 -0800] "GET /robots.txt HTTP/1.1" 404 208 "-" "Mozilla/5.0 (compatible; MJ12bot/v1.4.7; http://mj12bot.com/)"
108.59.8.80 - - [02/Jan/2017:11:35:39 -0800] "GET / HTTP/1.1" 200 72657 "-" "Mozilla/5.0 (compatible; MJ12bot/v1.4.7; http://mj12bot.com/)"
77.75.78.163 - - [02/Jan/2017:12:45:59 -0800] "GET /robots.txt HTTP/1.1" 404 208 "-" "Mozilla/5.0 (compatible; SeznamBot/3.2; +http://napoveda.seznam.cz/en/seznambot-intro/)"
77.75.78.163 - - [02/Jan/2017:12:46:02 -0800] "GET /img/mixman/9.jpg HTTP/1.1" 304 - "-" "Mozilla/5.0 (compatible; SeznamBot/3.2; +http://napoveda.seznam.cz/en/seznambot-intro/)"
66.249.79.99 - - [02/Jan/2017:13:25:39 -0800] "GET /robots.txt HTTP/1.1" 404 208 "-" "Mozilla/5.0 (compatible; Googlebot/2.1; +http://www.google.com/bot.html)"
66.249.79.103 - - [02/Jan/2017:13:25:40 -0800] "GET / HTTP/1.1" 200 15892 "-" "Mozilla/5.0 (compatible; Googlebot/2.1; +http://www.google.com/bot.html)"
66.249.79.99 - - [02/Jan/2017:13:25:43 -0800] "GET /css/lightbox.css HTTP/1.1" 200 1003 "https://www.rndsquared.com/" "Mozilla/5.0 (compatible; Googlebot/2.1; +http://www.google.com/bot.html)"
66.249.79.99 - - [02/Jan/2017:13:25:44 -0800] "GET /css/styles.css HTTP/1.1" 200 1975 "https://www.rndsquared.com/" "Mozilla/5.0 (compatible; Googlebot/2.1; +http://www.google.com/bot.html)"
66.249.79.103 - - [02/Jan/2017:13:25:44 -0800] "GET /css/bootstrap.min.css HTTP/1.1" 200 11249 "https://www.rndsquared.com/" "Mozilla/5.0 (compatible; Googlebot/2.1; +http://www.google.com/bot.html)"
77.75.76.171 - - [02/Jan/2017:13:54:22 -0800] "GET /robots.txt HTTP/1.1" 404 208 "-" "Mozilla/5.0 (compatible; SeznamBot/3.2; +http://napoveda.seznam.cz/en/seznambot-intro/)"
77.75.76.171 - - [02/Jan/2017:13:54:25 -0800] "GET /img/autumn/8.jpg HTTP/1.1" 304 - "-" "Mozilla/5.0 (compatible; SeznamBot/3.2; +http://napoveda.seznam.cz/en/seznambot-intro/)"
169.133.140.5 - - [02/Jan/2017:14:40:30 -0800] "GET /img/autumn/thumbs/1.jpg HTTP/1.1" 200 24768 "https://www.google.com/" "Mozilla/5.0 (Windows NT 6.1; Win64; x64) AppleWebKit/537.36 (KHTML, like Gecko) Chrome/52.0.2743.82 Safari/537.36"
77.75.77.101 - - [02/Jan/2017:14:58:27 -0800] "GET /robots.txt HTTP/1.1" 404 208 "-" "Mozilla/5.0 (compatible; SeznamBot/3.2; +http://napoveda.seznam.cz/en/seznambot-intro/)"
77.75.77.101 - - [02/Jan/2017:14:58:30 -0800] "GET /img/mixman/17.jpg HTTP/1.1" 304 - "-" "Mozilla/5.0 (compatible; SeznamBot/3.2; +http://napoveda.seznam.cz/en/seznambot-intro/)"
93.115.95.207 - - [02/Jan/2017:17:45:57 -0800] "GET / HTTP/1.1" 200 15892 "-" "Mozilla/5.0 (Windows NT 10.0; WOW64) AppleWebKit/537.36 (KHTML, like Gecko) Chrome/52.0.2743.116 Safari/537.36"
77.75.77.101 - - [02/Jan/2017:17:52:08 -0800] "GET /robots.txt HTTP/1.1" 404 208 "-" "Mozilla/5.0 (compatible; SeznamBot/3.2; +http://napoveda.seznam.cz/en/seznambot-intro/)"
77.75.77.101 - - [02/Jan/2017:17:52:17 -0800] "GET /img/mixman/18.jpg HTTP/1.1" 304 - "-" "Mozilla/5.0 (compatible; SeznamBot/3.2; +http://napoveda.seznam.cz/en/seznambot-intro/)"
77.75.76.168 - - [02/Jan/2017:18:44:47 -0800] "GET /robots.txt HTTP/1.1" 404 208 "-" "Mozilla/5.0 (compatible; SeznamBot/3.2; +http://napoveda.seznam.cz/en/seznambot-intro/)"
77.75.76.168 - - [02/Jan/2017:18:44:50 -0800] "GET /img/mixman/1.jpg HTTP/1.1" 304 - "-" "Mozilla/5.0 (compatible; SeznamBot/3.2; +http://napoveda.seznam.cz/en/seznambot-intro/)"
77.75.77.11 - - [02/Jan/2017:19:35:04 -0800] "GET /robots.txt HTTP/1.1" 404 208 "-" "Mozilla/5.0 (compatible; SeznamBot/3.2; +http://napoveda.seznam.cz/en/seznambot-intro/)"
77.75.77.11 - - [02/Jan/2017:19:35:15 -0800] "GET /img/oncekids-fujimini/8.jpg HTTP/1.1" 304 - "-" "Mozilla/5.0 (compatible; SeznamBot/3.2; +http://napoveda.seznam.cz/en/seznambot-intro/)"
66.249.79.107 - - [02/Jan/2017:21:10:29 -0800] "GET /robots.txt HTTP/1.1" 404 208 "-" "Mozilla/5.0 (compatible; Googlebot/2.1; +http://www.google.com/bot.html)"
66.249.79.103 - - [02/Jan/2017:21:10:29 -0800] "GET /img/urban-cowgirl/thumbs/6.jpg HTTP/1.1" 200 14645 "-" "Googlebot-Image/1.0"
157.55.39.79 - - [02/Jan/2017:23:34:55 -0800] "GET /robots.txt HTTP/1.1" 404 208 "-" "Mozilla/5.0 (compatible; bingbot/2.0; +http://www.bing.com/bingbot.htm)"
66.249.79.99 - - [02/Jan/2017:23:43:26 -0800] "GET / HTTP/1.1" 200 15892 "-" "Mozilla/5.0 (Linux; Android 6.0.1; Nexus 5X Build/MMB29P) AppleWebKit/537.36 (KHTML, like Gecko) Chrome/41.0.2272.96 Mobile Safari/537.36 (compatible; Googlebot/2.1; +http://www.google.com/bot.html)"
162.210.196.97 - - [03/Jan/2017:03:41:59 -0800] "GET /robots.txt HTTP/1.1" 404 208 "-" "Mozilla/5.0 (compatible; MJ12bot/v1.4.7; http://mj12bot.com/)"
162.210.196.97 - - [03/Jan/2017:03:42:03 -0800] "GET / HTTP/1.1" 200 72657 "-" "Mozilla/5.0 (compatible; MJ12bot/v1.4.7; http://mj12bot.com/)"
207.46.13.61 - - [03/Jan/2017:04:19:39 -0800] "GET /robots.txt HTTP/1.1" 404 208 "-" "Mozilla/5.0 (compatible; bingbot/2.0; +http://www.bing.com/bingbot.htm)"
207.46.13.61 - - [03/Jan/2017:04:19:43 -0800] "GET / HTTP/1.1" 200 15892 "-" "Mozilla/5.0 (compatible; bingbot/2.0; +http://www.bing.com/bingbot.htm)"
66.249.79.99 - - [03/Jan/2017:05:00:11 -0800] "GET /img/mixman/thumbs/5.jpg HTTP/1.1" 200 23498 "-" "Googlebot-Image/1.0"
66.249.79.107 - - [03/Jan/2017:05:00:14 -0800] "GET /img/mixman/thumbs/17.jpg HTTP/1.1" 200 16331 "-" "Googlebot-Image/1.0"
157.55.39.238 - - [03/Jan/2017:05:20:54 -0800] "GET /css/styles.css HTTP/1.1" 200 1975 "-" "Mozilla/5.0 (compatible; bingbot/2.0; +http://www.bing.com/bingbot.htm)"
157.55.39.42 - - [03/Jan/2017:05:20:59 -0800] "GET /css/lightbox.css HTTP/1.1" 200 1003 "-" "Mozilla/5.0 (compatible; bingbot/2.0; +http://www.bing.com/bingbot.htm)"
157.55.39.79 - - [03/Jan/2017:05:21:04 -0800] "GET /css/bootstrap.min.css HTTP/1.1" 200 11249 "-" "Mozilla/5.0 (compatible; bingbot/2.0; +http://www.bing.com/bingbot.htm)"
157.55.39.79 - - [03/Jan/2017:05:21:05 -0800] "GET /js/lightbox.js HTTP/1.1" 200 4210 "-" "Mozilla/5.0 (compatible; bingbot/2.0; +http://www.bing.com/bingbot.htm)"
207.46.13.61 - - [03/Jan/2017:05:21:09 -0800] "GET /js/modernizr.js HTTP/1.1" 200 5933 "-" "Mozilla/5.0 (compatible; bingbot/2.0; +http://www.bing.com/bingbot.htm)"
207.46.13.61 - - [03/Jan/2017:05:21:09 -0800] "GET /js/scripts.js HTTP/1.1" 200 1227 "-" "Mozilla/5.0 (compatible; bingbot/2.0; +http://www.bing.com/bingbot.htm)"
66.249.79.103 - - [03/Jan/2017:07:00:24 -0800] "GET /img/bs4w/5.jpg HTTP/1.1" 200 42135 "-" "Googlebot-Image/1.0"
138.197.36.148 - - [03/Jan/2017:08:23:19 -0800] "GET / HTTP/1.1" 200 15892 "http://rndsquared.com/" "Mozilla/5.0 (compatible; MSIE 9.0; Windows NT 6.1; WOW64; Trident/5.0)"
138.197.36.148 - - [03/Jan/2017:08:23:22 -0800] "GET / HTTP/1.1" 301 235 "-" "-"
138.197.36.148 - - [03/Jan/2017:08:23:37 -0800] "GET /robots.txt HTTP/1.1" 404 208 "-" "Mozilla/5.0 (compatible; MSIE 9.0; Windows NT 6.1; WOW64; Trident/5.0)"
46.229.164.101 - - [03/Jan/2017:08:30:30 -0800] "GET /robots.txt HTTP/1.1" 404 208 "-" "Mozilla/5.0 (compatible; SemrushBot/1.1~bl; +http://www.semrush.com/bot.html)"
213.161.16.71 - - [03/Jan/2017:09:29:58 -0800] "GET /img/autumn/thumbs/2.jpg HTTP/1.1" 200 45196 "-" "Mozilla/5.0 (Linux; Android 6.0.1; SM-A310F Build/MMB29K; wv) AppleWebKit/537.36 (KHTML, like Gecko) Version/4.0 Chrome/55.0.2883.91 Mobile Safari/537.36 GSA/6.9.36.21.arm"
66.249.79.103 - - [03/Jan/2017:11:16:13 -0800] "GET /robots.txt HTTP/1.1" 404 208 "-" "Mozilla/5.0 (compatible; Googlebot/2.1; +http://www.google.com/bot.html)"
66.249.79.99 - - [03/Jan/2017:11:16:14 -0800] "GET /img/mixman/thumbs/18.jpg HTTP/1.1" 200 20196 "-" "Googlebot-Image/1.0"
66.249.79.99 - - [03/Jan/2017:12:51:54 -0800] "GET /img/wu-wei/thumbs/8.jpg HTTP/1.1" 200 26727 "-" "Googlebot-Image/1.0"
66.249.79.103 - - [03/Jan/2017:12:52:31 -0800] "GET /img/njn/thumbs/3.jpg HTTP/1.1" 200 33267 "-" "Googlebot-Image/1.0"
66.249.79.107 - - [03/Jan/2017:12:53:21 -0800] "GET /img/mixman/16.jpg HTTP/1.1" 200 113328 "-" "Googlebot-Image/1.0"
66.249.79.107 - - [03/Jan/2017:13:56:52 -0800] "GET /img/njn/thumbs/1.jpg HTTP/1.1" 200 24676 "-" "Googlebot-Image/1.0"
46.229.170.197 - - [03/Jan/2017:14:35:53 -0800] "GET / HTTP/1.1" 200 72657 "-" "Mozilla/5.0 (Windows NT 5.1; rv:2.0b13pre) Gecko/20110223 Firefox/4.0b13pre"
66.249.79.103 - - [03/Jan/2017:14:36:06 -0800] "GET /robots.txt HTTP/1.1" 404 208 "-" "Mozilla/5.0 (compatible; Googlebot/2.1; +http://www.google.com/bot.html)"
66.249.79.99 - - [03/Jan/2017:14:36:07 -0800] "GET / HTTP/1.1" 200 15892 "-" "Mozilla/5.0 (compatible; Googlebot/2.1; +http://www.google.com/bot.html)"
66.249.79.103 - - [03/Jan/2017:16:51:41 -0800] "GET /img/urban-cowgirl/4.jpg HTTP/1.1" 200 103819 "-" "Googlebot-Image/1.0"
180.76.15.149 - - [03/Jan/2017:17:00:04 -0800] "GET /robots.txt HTTP/1.1" 403 212 "-" "Mozilla/5.0 (Windows NT 5.1; rv:6.0.2) Gecko/20100101 Firefox/6.0.2"
180.76.15.142 - - [03/Jan/2017:17:00:03 -0800] "GET / HTTP/1.1" 403 202 "-" "Mozilla/5.0 (compatible; Baiduspider/2.0; +http://www.baidu.com/search/spider.html)"
202.46.51.28 - - [03/Jan/2017:17:33:32 -0800] "GET / HTTP/1.1" 403 202 "-" "Mozilla/5.0 (Windows NT 10.0; WOW64) AppleWebKit/537.36 (KHTML, like Gecko) Chrome/45.0.2454.93 Safari/537.36"
5.255.250.47 - - [03/Jan/2017:18:36:01 -0800] "GET /robots.txt HTTP/1.1" 404 208 "-" "Mozilla/5.0 (compatible; YandexBot/3.0; +http://yandex.com/bots)"
5.255.250.64 - - [03/Jan/2017:18:36:05 -0800] "GET /favicon.ico HTTP/1.1" 404 209 "-" "Mozilla/5.0 (compatible; YandexBot/3.0; +http://yandex.com/bots)"
77.75.78.168 - - [03/Jan/2017:19:27:19 -0800] "GET /robots.txt HTTP/1.1" 404 208 "-" "Mozilla/5.0 (compatible; SeznamBot/3.2; +http://napoveda.seznam.cz/en/seznambot-intro/)"
77.75.78.168 - - [03/Jan/2017:19:27:22 -0800] "GET /img/mixman/thumbs/18.jpg HTTP/1.1" 304 - "-" "Mozilla/5.0 (compatible; SeznamBot/3.2; +http://napoveda.seznam.cz/en/seznambot-intro/)"
77.75.77.119 - - [03/Jan/2017:20:57:51 -0800] "GET /robots.txt HTTP/1.1" 404 208 "-" "Mozilla/5.0 (compatible; SeznamBot/3.2; +http://napoveda.seznam.cz/en/seznambot-intro/)"
77.75.77.119 - - [03/Jan/2017:20:57:54 -0800] "GET /img/autumn/1.jpg HTTP/1.1" 304 - "-" "Mozilla/5.0 (compatible; SeznamBot/3.2; +http://napoveda.seznam.cz/en/seznambot-intro/)"
178.255.87.242 - - [03/Jan/2017:21:28:09 -0800] "HEAD /robots.txt HTTP/1.1" 301 - "-" "COMODO SSL Checker"
77.75.78.164 - - [04/Jan/2017:00:01:27 -0800] "GET /robots.txt HTTP/1.1" 404 208 "-" "Mozilla/5.0 (compatible; SeznamBot/3.2; +http://napoveda.seznam.cz/en/seznambot-intro/)"
77.75.78.164 - - [04/Jan/2017:00:01:29 -0800] "GET /img/autumn/thumbs/5.jpg HTTP/1.1" 304 - "-" "Mozilla/5.0 (compatible; SeznamBot/3.2; +http://napoveda.seznam.cz/en/seznambot-intro/)"
77.75.76.160 - - [04/Jan/2017:00:54:38 -0800] "GET /robots.txt HTTP/1.1" 404 208 "-" "Mozilla/5.0 (compatible; SeznamBot/3.2; +http://napoveda.seznam.cz/en/seznambot-intro/)"
77.75.76.160 - - [04/Jan/2017:00:54:41 -0800] "GET /img/wu-wei/thumbs/8.jpg HTTP/1.1" 304 - "-" "Mozilla/5.0 (compatible; SeznamBot/3.2; +http://napoveda.seznam.cz/en/seznambot-intro/)"
77.75.76.170 - - [04/Jan/2017:03:01:10 -0800] "GET /robots.txt HTTP/1.1" 404 208 "-" "Mozilla/5.0 (compatible; SeznamBot/3.2; +http://napoveda.seznam.cz/en/seznambot-intro/)"
77.75.76.170 - - [04/Jan/2017:03:01:12 -0800] "GET /img/bs4w/6.jpg HTTP/1.1" 304 - "-" "Mozilla/5.0 (compatible; SeznamBot/3.2; +http://napoveda.seznam.cz/en/seznambot-intro/)"
77.75.79.32 - - [04/Jan/2017:04:14:47 -0800] "GET /robots.txt HTTP/1.1" 404 208 "-" "Mozilla/5.0 (compatible; SeznamBot/3.2; +http://napoveda.seznam.cz/en/seznambot-intro/)"
77.75.79.32 - - [04/Jan/2017:04:14:58 -0800] "GET /img/sfnoir/3.jpg HTTP/1.1" 304 - "-" "Mozilla/5.0 (compatible; SeznamBot/3.2; +http://napoveda.seznam.cz/en/seznambot-intro/)"
123.125.71.14 - - [04/Jan/2017:04:27:41 -0800] "GET / HTTP/1.1" 403 202 "-" "Mozilla/5.0 (compatible; Baiduspider/2.0; +http://www.baidu.com/search/spider.html)"
123.125.67.164 - - [04/Jan/2017:04:27:42 -0800] "GET /robots.txt HTTP/1.1" 403 212 "-" "Mozilla/5.0 (Windows NT 10.0; WOW64) AppleWebKit/537.36 (KHTML, like Gecko) Chrome/45.0.2454.93 Safari/537.36"
77.75.76.161 - - [04/Jan/2017:05:04:17 -0800] "GET /robots.txt HTTP/1.1" 404 208 "-" "Mozilla/5.0 (compatible; SeznamBot/3.2; +http://napoveda.seznam.cz/en/seznambot-intro/)"
77.75.76.161 - - [04/Jan/2017:05:04:20 -0800] "GET /img/njn/thumbs/1.jpg HTTP/1.1" 200 24676 "-" "Mozilla/5.0 (compatible; SeznamBot/3.2; +http://napoveda.seznam.cz/en/seznambot-intro/)"
100.43.91.1 - - [04/Jan/2017:07:00:35 -0800] "GET /robots.txt HTTP/1.1" 404 208 "-" "Mozilla/5.0 (compatible; YandexBot/3.0; +http://yandex.com/bots)"
100.43.91.15 - - [04/Jan/2017:07:00:39 -0800] "GET /favicon.ico HTTP/1.1" 404 209 "-" "Mozilla/5.0 (compatible; YandexBot/3.0; +http://yandex.com/bots)"
188.165.206.188 - - [04/Jan/2017:08:36:30 -0800] "GET / HTTP/1.1" 200 15892 "https://google.com" "Mozilla/5.0 (X11; Ubuntu; Linux x86_64; rv:26.0) Gecko/20100101 Firefox/26.0"
157.55.39.82 - - [04/Jan/2017:09:53:15 -0800] "GET /robots.txt HTTP/1.1" 404 208 "-" "Mozilla/5.0 (compatible; bingbot/2.0; +http://www.bing.com/bingbot.htm)"
157.55.39.82 - - [04/Jan/2017:09:53:16 -0800] "GET /robots.txt HTTP/1.1" 404 208 "-" "Mozilla/5.0 (compatible; bingbot/2.0; +http://www.bing.com/bingbot.htm)"
77.75.78.167 - - [04/Jan/2017:10:07:25 -0800] "GET /robots.txt HTTP/1.1" 404 208 "-" "Mozilla/5.0 (compatible; SeznamBot/3.2; +http://napoveda.seznam.cz/en/seznambot-intro/)"
77.75.78.167 - - [04/Jan/2017:10:07:28 -0800] "GET /img/wu-wei/thumbs/1.jpg HTTP/1.1" 304 - "-" "Mozilla/5.0 (compatible; SeznamBot/3.2; +http://napoveda.seznam.cz/en/seznambot-intro/)"
46.229.164.101 - - [04/Jan/2017:11:31:44 -0800] "GET /robots.txt HTTP/1.1" 404 208 "-" "Mozilla/5.0 (compatible; SemrushBot/1.1~bl; +http://www.semrush.com/bot.html)"
77.75.77.101 - - [04/Jan/2017:12:00:28 -0800] "GET /robots.txt HTTP/1.1" 404 208 "-" "Mozilla/5.0 (compatible; SeznamBot/3.2; +http://napoveda.seznam.cz/en/seznambot-intro/)"
77.75.77.101 - - [04/Jan/2017:12:00:31 -0800] "GET /img/mixman/thumbs/9.jpg HTTP/1.1" 304 - "-" "Mozilla/5.0 (compatible; SeznamBot/3.2; +http://napoveda.seznam.cz/en/seznambot-intro/)"
66.249.79.107 - - [04/Jan/2017:12:27:27 -0800] "GET /robots.txt HTTP/1.1" 404 208 "-" "Mozilla/5.0 (compatible; Googlebot/2.1; +http://www.google.com/bot.html)"
66.249.79.103 - - [04/Jan/2017:12:27:27 -0800] "GET /img/mixman/thumbs/17.jpg HTTP/1.1" 200 16331 "-" "Googlebot-Image/1.0"
199.58.86.209 - - [04/Jan/2017:12:33:38 -0800] "GET /robots.txt HTTP/1.1" 404 208 "-" "Mozilla/5.0 (compatible; MJ12bot/v1.4.7; http://mj12bot.com/)"
199.58.86.209 - - [04/Jan/2017:12:33:41 -0800] "GET / HTTP/1.1" 200 72657 "-" "Mozilla/5.0 (compatible; MJ12bot/v1.4.7; http://mj12bot.com/)"
77.75.77.95 - - [04/Jan/2017:14:55:27 -0800] "GET /robots.txt HTTP/1.1" 404 208 "-" "Mozilla/5.0 (compatible; SeznamBot/3.2; +http://napoveda.seznam.cz/en/seznambot-intro/)"
77.75.77.95 - - [04/Jan/2017:14:55:32 -0800] "GET /img/mixman/thumbs/16.jpg HTTP/1.1" 304 - "-" "Mozilla/5.0 (compatible; SeznamBot/3.2; +http://napoveda.seznam.cz/en/seznambot-intro/)"
151.80.31.104 - - [04/Jan/2017:17:49:32 -0800] "GET /robots.txt HTTP/1.1" 404 208 "-" "Mozilla/5.0 (compatible; AhrefsBot/5.1; +http://ahrefs.com/robot/)"
77.75.78.160 - - [04/Jan/2017:19:26:49 -0800] "GET /robots.txt HTTP/1.1" 404 208 "-" "Mozilla/5.0 (compatible; SeznamBot/3.2; +http://napoveda.seznam.cz/en/seznambot-intro/)"
77.75.78.160 - - [04/Jan/2017:19:26:52 -0800] "GET / HTTP/1.1" 304 - "-" "Mozilla/5.0 (compatible; SeznamBot/3.2; +http://napoveda.seznam.cz/en/seznambot-intro/)"
66.249.79.107 - - [04/Jan/2017:20:17:45 -0800] "GET /robots.txt HTTP/1.1" 404 208 "-" "Mozilla/5.0 (compatible; Googlebot/2.1; +http://www.google.com/bot.html)"
66.249.79.107 - - [04/Jan/2017:20:17:46 -0800] "GET /img/wu-wei/thumbs/6.jpg HTTP/1.1" 200 21768 "-" "Googlebot-Image/1.0"
66.249.79.103 - - [04/Jan/2017:20:21:42 -0800] "GET /img/autumn/thumbs/5.jpg HTTP/1.1" 200 29246 "-" "Googlebot-Image/1.0"
77.75.79.36 - - [04/Jan/2017:20:58:16 -0800] "GET /robots.txt HTTP/1.1" 404 208 "-" "Mozilla/5.0 (compatible; SeznamBot/3.2; +http://napoveda.seznam.cz/en/seznambot-intro/)"
77.75.79.36 - - [04/Jan/2017:20:58:19 -0800] "GET /img/bs4w/2.jpg HTTP/1.1" 304 - "-" "Mozilla/5.0 (compatible; SeznamBot/3.2; +http://napoveda.seznam.cz/en/seznambot-intro/)"
77.75.77.72 - - [04/Jan/2017:22:04:24 -0800] "GET /robots.txt HTTP/1.1" 404 208 "-" "Mozilla/5.0 (compatible; SeznamBot/3.2; +http://napoveda.seznam.cz/en/seznambot-intro/)"
77.75.77.72 - - [04/Jan/2017:22:04:27 -0800] "GET /img/mixman/6.jpg HTTP/1.1" 304 - "-" "Mozilla/5.0 (compatible; SeznamBot/3.2; +http://napoveda.seznam.cz/en/seznambot-intro/)"
46.165.197.141 - - [04/Jan/2017:23:13:21 -0800] "GET /robots.txt HTTP/1.1" 404 208 "-" "Mozilla/5.0 (compatible; MJ12bot/v1.4.7; http://mj12bot.com/)"
46.165.197.141 - - [04/Jan/2017:23:13:26 -0800] "GET / HTTP/1.1" 200 72657 "-" "Mozilla/5.0 (compatible; MJ12bot/v1.4.7; http://mj12bot.com/)"
66.249.79.107 - - [04/Jan/2017:23:40:02 -0800] "GET /robots.txt HTTP/1.1" 404 208 "-" "Mozilla/5.0 (compatible; Googlebot/2.1; +http://www.google.com/bot.html)"
66.249.79.107 - - [04/Jan/2017:23:40:03 -0800] "GET /jmyeqrjfgdymxnfw.html HTTP/1.1" 404 219 "-" "Mozilla/5.0 (compatible; Googlebot/2.1; +http://www.google.com/bot.html)"
77.75.77.95 - - [05/Jan/2017:00:41:26 -0800] "GET /robots.txt HTTP/1.1" 404 208 "-" "Mozilla/5.0 (compatible; SeznamBot/3.2; +http://napoveda.seznam.cz/en/seznambot-intro/)"
77.75.77.95 - - [05/Jan/2017:00:42:05 -0800] "GET /img/mixman/4.jpg HTTP/1.1" 304 - "-" "Mozilla/5.0 (compatible; SeznamBot/3.2; +http://napoveda.seznam.cz/en/seznambot-intro/)"
77.75.76.161 - - [05/Jan/2017:01:31:22 -0800] "GET /robots.txt HTTP/1.1" 404 208 "-" "Mozilla/5.0 (compatible; SeznamBot/3.2; +http://napoveda.seznam.cz/en/seznambot-intro/)"
77.75.76.161 - - [05/Jan/2017:01:31:25 -0800] "GET /img/bs4w/8.jpg HTTP/1.1" 304 - "-" "Mozilla/5.0 (compatible; SeznamBot/3.2; +http://napoveda.seznam.cz/en/seznambot-intro/)"
77.75.79.119 - - [05/Jan/2017:02:39:51 -0800] "GET /robots.txt HTTP/1.1" 404 208 "-" "Mozilla/5.0 (compatible; SeznamBot/3.2; +http://napoveda.seznam.cz/en/seznambot-intro/)"
77.75.79.119 - - [05/Jan/2017:02:39:53 -0800] "GET /img/oncekids-fujimini/8.jpg HTTP/1.1" 304 - "-" "Mozilla/5.0 (compatible; SeznamBot/3.2; +http://napoveda.seznam.cz/en/seznambot-intro/)"
66.249.79.107 - - [05/Jan/2017:02:59:24 -0800] "GET /robots.txt HTTP/1.1" 404 208 "-" "Mozilla/5.0 (compatible; Googlebot/2.1; +http://www.google.com/bot.html)"
66.249.79.103 - - [05/Jan/2017:02:59:25 -0800] "GET / HTTP/1.1" 200 15892 "-" "Mozilla/5.0 (Linux; Android 6.0.1; Nexus 5X Build/MMB29P) AppleWebKit/537.36 (KHTML, like Gecko) Chrome/41.0.2272.96 Mobile Safari/537.36 (compatible; Googlebot/2.1; +http://www.google.com/bot.html)"
77.75.78.162 - - [05/Jan/2017:03:39:21 -0800] "GET /robots.txt HTTP/1.1" 404 208 "-" "Mozilla/5.0 (compatible; SeznamBot/3.2; +http://napoveda.seznam.cz/en/seznambot-intro/)"
77.75.78.162 - - [05/Jan/2017:03:39:24 -0800] "GET /img/oncekids-fujimini/2.jpg HTTP/1.1" 304 - "-" "Mozilla/5.0 (compatible; SeznamBot/3.2; +http://napoveda.seznam.cz/en/seznambot-intro/)"
66.249.79.99 - - [05/Jan/2017:04:09:56 -0800] "GET /img/autumn/thumbs/4.jpg HTTP/1.1" 200 20880 "-" "Googlebot-Image/1.0"
180.76.15.33 - - [05/Jan/2017:04:13:22 -0800] "GET /robots.txt HTTP/1.1" 403 212 "-" "Mozilla/5.0 (Windows NT 5.1; rv:6.0.2) Gecko/20100101 Firefox/6.0.2"
180.76.15.33 - - [05/Jan/2017:04:13:22 -0800] "GET /robots.txt HTTP/1.1" 403 212 "-" "Mozilla/5.0 (Windows NT 5.1; rv:6.0.2) Gecko/20100101 Firefox/6.0.2"
180.76.15.145 - - [05/Jan/2017:04:49:50 -0800] "GET / HTTP/1.1" 403 202 "-" "Mozilla/5.0 (Windows NT 10.0; WOW64) AppleWebKit/537.36 (KHTML, like Gecko) Chrome/45.0.2454.93 Safari/537.36"
77.75.77.54 - - [05/Jan/2017:04:58:52 -0800] "GET /robots.txt HTTP/1.1" 404 208 "-" "Mozilla/5.0 (compatible; SeznamBot/3.2; +http://napoveda.seznam.cz/en/seznambot-intro/)"
77.75.77.54 - - [05/Jan/2017:04:58:55 -0800] "GET /img/sfnoir/5.jpg HTTP/1.1" 304 - "-" "Mozilla/5.0 (compatible; SeznamBot/3.2; +http://napoveda.seznam.cz/en/seznambot-intro/)"
66.249.79.103 - - [05/Jan/2017:05:11:07 -0800] "GET / HTTP/1.1" 200 15892 "-" "Mozilla/5.0 (Linux; Android 6.0.1; Nexus 5X Build/MMB29P) AppleWebKit/537.36 (KHTML, like Gecko) Chrome/41.0.2272.96 Mobile Safari/537.36 (compatible; Googlebot/2.1; +http://www.google.com/bot.html)"
66.249.79.99 - - [05/Jan/2017:05:14:50 -0800] "GET /css/styles.css HTTP/1.1" 200 1975 "https://www.rndsquared.com/" "Mozilla/5.0 (compatible; Googlebot/2.1; +http://www.google.com/bot.html)"
66.249.79.107 - - [05/Jan/2017:05:14:51 -0800] "GET /css/lightbox.css HTTP/1.1" 200 1003 "https://www.rndsquared.com/" "Mozilla/5.0 (compatible; Googlebot/2.1; +http://www.google.com/bot.html)"
66.249.79.99 - - [05/Jan/2017:05:14:51 -0800] "GET /css/bootstrap.min.css HTTP/1.1" 200 11249 "https://www.rndsquared.com/" "Mozilla/5.0 (compatible; Googlebot/2.1; +http://www.google.com/bot.html)"
202.46.55.173 - - [05/Jan/2017:05:20:34 -0800] "GET / HTTP/1.1" 403 202 "-" "Mozilla/5.0 (Windows NT 10.0; WOW64) AppleWebKit/537.36 (KHTML, like Gecko) Chrome/45.0.2454.93 Safari/537.36"
45.55.134.20 - - [05/Jan/2017:05:32:16 -0800] "GET / HTTP/1.1" 200 15892 "-" "Mozilla/5.0 (compatible; MSIE 9.0; Windows NT 6.1; WOW64; Trident/5.0)"
45.55.134.20 - - [05/Jan/2017:05:32:17 -0800] "GET /js/modernizr.js HTTP/1.1" 200 5933 "https://www.rndsquared.com/" "Mozilla/5.0 (compatible; MSIE 9.0; Windows NT 6.1; WOW64; Trident/5.0)"
45.55.134.20 - - [05/Jan/2017:05:32:17 -0800] "GET /js/lightbox.js HTTP/1.1" 200 4210 "https://www.rndsquared.com/" "Mozilla/5.0 (compatible; MSIE 9.0; Windows NT 6.1; WOW64; Trident/5.0)"
45.55.134.20 - - [05/Jan/2017:05:32:17 -0800] "GET /js/scripts.js HTTP/1.1" 200 1227 "https://www.rndsquared.com/" "Mozilla/5.0 (compatible; MSIE 9.0; Windows NT 6.1; WOW64; Trident/5.0)"
77.75.77.32 - - [05/Jan/2017:06:00:03 -0800] "GET /robots.txt HTTP/1.1" 404 208 "-" "Mozilla/5.0 (compatible; SeznamBot/3.2; +http://napoveda.seznam.cz/en/seznambot-intro/)"
77.75.77.32 - - [05/Jan/2017:06:00:06 -0800] "GET /img/mixman/1.jpg HTTP/1.1" 304 - "-" "Mozilla/5.0 (compatible; SeznamBot/3.2; +http://napoveda.seznam.cz/en/seznambot-intro/)"
104.193.89.243 - - [05/Jan/2017:06:27:14 -0800] "GET / HTTP/1.1" 403 202 "-" "Mozilla/5.0 (Windows NT 10.0; WOW64) AppleWebKit/537.36 (KHTML, like Gecko) Chrome/45.0.2454.93 Safari/537.36"
180.76.15.154 - - [05/Jan/2017:07:00:34 -0800] "GET / HTTP/1.1" 403 202 "-" "Mozilla/5.0 (compatible; Baiduspider/2.0; +http://www.baidu.com/search/spider.html)"
77.75.79.62 - - [05/Jan/2017:07:03:54 -0800] "GET /robots.txt HTTP/1.1" 404 208 "-" "Mozilla/5.0 (compatible; SeznamBot/3.2; +http://napoveda.seznam.cz/en/seznambot-intro/)"
77.75.79.62 - - [05/Jan/2017:07:03:57 -0800] "GET /img/njn/thumbs/1.jpg HTTP/1.1" 200 24676 "-" "Mozilla/5.0 (compatible; SeznamBot/3.2; +http://napoveda.seznam.cz/en/seznambot-intro/)"
202.46.54.161 - - [05/Jan/2017:07:33:54 -0800] "GET / HTTP/1.1" 403 202 "-" "Mozilla/5.0 (Windows NT 10.0; WOW64) AppleWebKit/537.36 (KHTML, like Gecko) Chrome/45.0.2454.93 Safari/537.36"
77.75.79.36 - - [05/Jan/2017:08:38:26 -0800] "GET /robots.txt HTTP/1.1" 404 208 "-" "Mozilla/5.0 (compatible; SeznamBot/3.2; +http://napoveda.seznam.cz/en/seznambot-intro/)"
77.75.79.36 - - [05/Jan/2017:08:38:29 -0800] "GET /img/oncekids-fujimini/1.jpg HTTP/1.1" 304 - "-" "Mozilla/5.0 (compatible; SeznamBot/3.2; +http://napoveda.seznam.cz/en/seznambot-intro/)"
66.249.79.99 - - [05/Jan/2017:09:13:08 -0800] "GET /robots.txt HTTP/1.1" 404 208 "-" "Mozilla/5.0 (compatible; Googlebot/2.1; +http://www.google.com/bot.html)"
66.249.79.99 - - [05/Jan/2017:09:13:10 -0800] "GET / HTTP/1.1" 200 15892 "-" "Mozilla/5.0 (compatible; Googlebot/2.1; +http://www.google.com/bot.html)"
203.133.168.79 - - [05/Jan/2017:11:54:45 -0800] "GET /robots.txt HTTP/1.1" 404 208 "-" "Mozilla/5.0 (compatible; MSIE or Firefox mutant;) Daum 4.1"
203.133.168.79 - - [05/Jan/2017:11:54:46 -0800] "GET / HTTP/1.1" 200 15892 "-" "Mozilla/5.0 (compatible; MSIE or Firefox mutant;) Daum 4.1"
66.249.79.103 - - [05/Jan/2017:11:58:34 -0800] "GET /robots.txt HTTP/1.1" 404 208 "-" "Mozilla/5.0 (compatible; Googlebot/2.1; +http://www.google.com/bot.html)"
66.249.79.107 - - [05/Jan/2017:12:00:00 -0800] "GET /img/mixman/15.jpg HTTP/1.1" 200 115845 "-" "Googlebot-Image/1.0"
66.249.79.99 - - [05/Jan/2017:12:00:55 -0800] "GET /img/bs4w/thumbs/7.jpg HTTP/1.1" 200 23328 "-" "Googlebot-Image/1.0"
203.133.168.79 - - [05/Jan/2017:12:43:29 -0800] "GET /robots.txt HTTP/1.1" 404 208 "-" "Mozilla/5.0 (compatible; MSIE or Firefox mutant;) Daum 4.1"
203.133.168.79 - - [05/Jan/2017:12:43:39 -0800] "GET /robots.txt HTTP/1.1" 404 208 "-" "Mozilla/5.0 (compatible; MSIE or Firefox mutant;) Daum 4.1"
203.133.168.79 - - [05/Jan/2017:12:43:39 -0800] "GET / HTTP/1.1" 200 15892 "-" "Mozilla/5.0 (compatible; MSIE or Firefox mutant;) Daum 4.1"
77.75.76.165 - - [05/Jan/2017:14:34:34 -0800] "GET /robots.txt HTTP/1.1" 404 208 "-" "Mozilla/5.0 (compatible; SeznamBot/3.2; +http://napoveda.seznam.cz/en/seznambot-intro/)"
77.75.76.165 - - [05/Jan/2017:14:34:36 -0800] "GET /img/wu-wei/thumbs/8.jpg HTTP/1.1" 304 - "-" "Mozilla/5.0 (compatible; SeznamBot/3.2; +http://napoveda.seznam.cz/en/seznambot-intro/)"
46.229.164.101 - - [05/Jan/2017:15:04:25 -0800] "GET /robots.txt HTTP/1.1" 404 208 "-" "Mozilla/5.0 (compatible; SemrushBot/1.1~bl; +http://www.semrush.com/bot.html)"
66.249.79.107 - - [05/Jan/2017:15:06:15 -0800] "GET /robots.txt HTTP/1.1" 404 208 "-" "Mozilla/5.0 (compatible; Googlebot/2.1; +http://www.google.com/bot.html)"
66.249.79.107 - - [05/Jan/2017:15:06:16 -0800] "GET / HTTP/1.1" 200 15892 "-" "Mozilla/5.0 (Linux; Android 6.0.1; Nexus 5X Build/MMB29P) AppleWebKit/537.36 (KHTML, like Gecko) Chrome/41.0.2272.96 Mobile Safari/537.36 (compatible; Googlebot/2.1; +http://www.google.com/bot.html)"
69.58.178.56 - - [05/Jan/2017:16:59:20 -0800] "GET / HTTP/1.1" 200 72657 "-" "Mozilla/5.0 (X11; Ubuntu; Linux i686; rv:14.0; ips-agent) Gecko/20100101 Firefox/14.0.1"
180.76.15.22 - - [05/Jan/2017:23:32:56 -0800] "GET / HTTP/1.1" 403 202 "-" "Mozilla/5.0 (Windows NT 10.0; WOW64) AppleWebKit/537.36 (KHTML, like Gecko) Chrome/45.0.2454.93 Safari/537.36"
157.55.39.82 - - [06/Jan/2017:01:33:51 -0800] "GET /robots.txt HTTP/1.1" 404 208 "-" "Mozilla/5.0 (compatible; bingbot/2.0; +http://www.bing.com/bingbot.htm)"
77.75.76.163 - - [06/Jan/2017:03:10:47 -0800] "GET /robots.txt HTTP/1.1" 404 208 "-" "Mozilla/5.0 (compatible; SeznamBot/3.2; +http://napoveda.seznam.cz/en/seznambot-intro/)"
77.75.76.163 - - [06/Jan/2017:03:10:49 -0800] "GET /img/oncekids-fujimini/3.jpg HTTP/1.1" 304 - "-" "Mozilla/5.0 (compatible; SeznamBot/3.2; +http://napoveda.seznam.cz/en/seznambot-intro/)"
138.197.2.91 - - [06/Jan/2017:04:04:15 -0800] "GET / HTTP/1.1" 200 15892 "http://rndsquared.com/" "Mozilla/5.0 (Macintosh; Intel Mac OS X 10_9_2) AppleWebKit/537.36 (KHTML, like Gecko) Chrome/34.0.1847.131 Safari/537.36"
138.197.2.91 - - [06/Jan/2017:04:04:21 -0800] "GET / HTTP/1.1" 301 235 "-" "-"
138.197.2.91 - - [06/Jan/2017:04:04:28 -0800] "GET /robots.txt HTTP/1.1" 404 208 "-" "Mozilla/5.0 (compatible; MSIE 9.0; Windows NT 6.1; WOW64; Trident/5.0)"
162.210.196.129 - - [06/Jan/2017:05:43:11 -0800] "GET /robots.txt HTTP/1.1" 404 208 "-" "Mozilla/5.0 (compatible; MJ12bot/v1.4.7; http://mj12bot.com/)"
162.210.196.129 - - [06/Jan/2017:05:43:22 -0800] "GET / HTTP/1.1" 200 72657 "-" "Mozilla/5.0 (compatible; MJ12bot/v1.4.7; http://mj12bot.com/)"
77.75.76.172 - - [06/Jan/2017:05:59:24 -0800] "GET /robots.txt HTTP/1.1" 404 208 "-" "Mozilla/5.0 (compatible; SeznamBot/3.2; +http://napoveda.seznam.cz/en/seznambot-intro/)"
77.75.76.172 - - [06/Jan/2017:05:59:27 -0800] "GET /img/sfnoir/8.jpg HTTP/1.1" 304 - "-" "Mozilla/5.0 (compatible; SeznamBot/3.2; +http://napoveda.seznam.cz/en/seznambot-intro/)"
77.75.77.72 - - [06/Jan/2017:06:52:39 -0800] "GET /robots.txt HTTP/1.1" 404 208 "-" "Mozilla/5.0 (compatible; SeznamBot/3.2; +http://napoveda.seznam.cz/en/seznambot-intro/)"
77.75.77.72 - - [06/Jan/2017:06:52:42 -0800] "GET /img/mixman/11.jpg HTTP/1.1" 304 - "-" "Mozilla/5.0 (compatible; SeznamBot/3.2; +http://napoveda.seznam.cz/en/seznambot-intro/)"
178.255.215.78 - - [06/Jan/2017:07:25:45 -0800] "GET /robots.txt HTTP/1.1" 404 208 "-" "Mozilla/5.0 (compatible; Exabot/3.0; +http://www.exabot.com/go/robot)"
178.255.215.78 - - [06/Jan/2017:07:25:55 -0800] "GET /robots.txt HTTP/1.1" 404 208 "-" "Mozilla/5.0 (compatible; Exabot/3.0; +http://www.exabot.com/go/robot)"
178.255.215.78 - - [06/Jan/2017:07:25:56 -0800] "GET / HTTP/1.1" 200 15892 "-" "Mozilla/5.0 (compatible; Exabot/3.0; +http://www.exabot.com/go/robot)"
45.32.129.1 - - [06/Jan/2017:07:35:59 -0800] "GET / HTTP/1.1" 200 72657 "-" "Mozilla/5.0 (Windows NT 6.1; WOW64) AppleWebKit/537.36 (KHTML, like Gecko) Chrome/40.0.2214.115 Safari/537.36"
77.75.76.164 - - [06/Jan/2017:07:58:07 -0800] "GET /robots.txt HTTP/1.1" 404 208 "-" "Mozilla/5.0 (compatible; SeznamBot/3.2; +http://napoveda.seznam.cz/en/seznambot-intro/)"
77.75.76.164 - - [06/Jan/2017:07:58:10 -0800] "GET /img/bs4w/7.jpg HTTP/1.1" 304 - "-" "Mozilla/5.0 (compatible; SeznamBot/3.2; +http://napoveda.seznam.cz/en/seznambot-intro/)"
45.32.129.200 - - [06/Jan/2017:08:10:28 -0800] "GET / HTTP/1.1" 200 72657 "-" "Mozilla/5.0 (Windows NT 6.1; WOW64) AppleWebKit/537.36 (KHTML, like Gecko) Chrome/40.0.2214.115 Safari/537.36"
77.75.76.160 - - [06/Jan/2017:10:20:29 -0800] "GET /img/oncekids-fujimini/4.jpg HTTP/1.1" 304 - "-" "Mozilla/5.0 (compatible; SeznamBot/3.2; +http://napoveda.seznam.cz/en/seznambot-intro/)"
37.16.73.16 - - [06/Jan/2017:10:28:23 -0800] "GET /img/bs4w/thumbs/2.jpg HTTP/1.1" 200 31891 "-" "Mozilla/5.0 (compatible; memoryBot/1.24.61 +http://internetmemory.org/en/)"
37.16.73.16 - - [06/Jan/2017:10:28:24 -0800] "GET /css/lightbox.css HTTP/1.1" 200 1003 "-" "Mozilla/5.0 (compatible; memoryBot/1.24.61 +http://internetmemory.org/en/)"
37.16.73.16 - - [06/Jan/2017:10:28:24 -0800] "GET /img/bs4w/thumbs/5.jpg HTTP/1.1" 200 12034 "-" "Mozilla/5.0 (compatible; memoryBot/1.24.61 +http://internetmemory.org/en/)"
37.16.73.16 - - [06/Jan/2017:10:28:25 -0800] "GET /img/oncekids-fujimini/8.jpg HTTP/1.1" 200 78635 "-" "Mozilla/5.0 (compatible; memoryBot/1.24.61 +http://internetmemory.org/en/)"
37.16.73.16 - - [06/Jan/2017:10:28:45 -0800] "GET /img/njn/2.jpg HTTP/1.1" 200 103550 "-" "Mozilla/5.0 (compatible; memoryBot/1.24.61 +http://internetmemory.org/en/)"
37.16.73.16 - - [06/Jan/2017:10:28:45 -0800] "GET /img/bs4w/1.jpg HTTP/1.1" 200 61424 "-" "Mozilla/5.0 (compatible; memoryBot/1.24.61 +http://internetmemory.org/en/)"
37.16.73.16 - - [06/Jan/2017:10:28:45 -0800] "GET /img/njn/thumbs/6.jpg HTTP/1.1" 200 32048 "-" "Mozilla/5.0 (compatible; memoryBot/1.24.61 +http://internetmemory.org/en/)"
37.16.73.16 - - [06/Jan/2017:10:28:46 -0800] "GET /img/wu-wei/5.jpg HTTP/1.1" 200 220470 "-" "Mozilla/5.0 (compatible; memoryBot/1.24.61 +http://internetmemory.org/en/)"
37.16.73.16 - - [06/Jan/2017:10:29:05 -0800] "GET /img/njn/8.jpg HTTP/1.1" 200 124240 "-" "Mozilla/5.0 (compatible; memoryBot/1.24.61 +http://internetmemory.org/en/)"
37.16.73.16 - - [06/Jan/2017:10:29:06 -0800] "GET /img/njn/5.jpg HTTP/1.1" 200 117364 "-" "Mozilla/5.0 (compatible; memoryBot/1.24.61 +http://internetmemory.org/en/)"
37.16.73.16 - - [06/Jan/2017:10:29:07 -0800] "GET /img/wu-wei/thumbs/9.jpg HTTP/1.1" 200 35525 "-" "Mozilla/5.0 (compatible; memoryBot/1.24.61 +http://internetmemory.org/en/)"
37.16.73.16 - - [06/Jan/2017:10:29:07 -0800] "GET /img/mixman/4.jpg HTTP/1.1" 200 135099 "-" "Mozilla/5.0 (compatible; memoryBot/1.24.61 +http://internetmemory.org/en/)"
37.16.73.16 - - [06/Jan/2017:10:29:09 -0800] "GET /img/mixman/6.jpg HTTP/1.1" 200 105501 "-" "Mozilla/5.0 (compatible; memoryBot/1.24.61 +http://internetmemory.org/en/)"
37.16.73.16 - - [06/Jan/2017:10:29:27 -0800] "GET /img/mixman/thumbs/3.jpg HTTP/1.1" 200 32138 "-" "Mozilla/5.0 (compatible; memoryBot/1.24.61 +http://internetmemory.org/en/)"
37.16.73.16 - - [06/Jan/2017:10:29:28 -0800] "GET /img/bs4w/2.jpg HTTP/1.1" 200 116129 "-" "Mozilla/5.0 (compatible; memoryBot/1.24.61 +http://internetmemory.org/en/)"
37.16.73.16 - - [06/Jan/2017:10:29:28 -0800] "GET /img/urban-cowgirl/thumbs/3.jpg HTTP/1.1" 200 25487 "-" "Mozilla/5.0 (compatible; memoryBot/1.24.61 +http://internetmemory.org/en/)"
37.16.73.16 - - [06/Jan/2017:10:29:30 -0800] "GET /img/mixman/16.jpg HTTP/1.1" 200 113328 "-" "Mozilla/5.0 (compatible; memoryBot/1.24.61 +http://internetmemory.org/en/)"
37.16.73.16 - - [06/Jan/2017:10:29:48 -0800] "GET /img/mixman/10.jpg HTTP/1.1" 200 114974 "-" "Mozilla/5.0 (compatible; memoryBot/1.24.61 +http://internetmemory.org/en/)"
37.16.73.16 - - [06/Jan/2017:10:29:49 -0800] "GET /img/mixman/17.jpg HTTP/1.1" 200 60460 "-" "Mozilla/5.0 (compatible; memoryBot/1.24.61 +http://internetmemory.org/en/)"
37.16.73.16 - - [06/Jan/2017:10:29:49 -0800] "GET /img/mixman/thumbs/5.jpg HTTP/1.1" 200 23498 "-" "Mozilla/5.0 (compatible; memoryBot/1.24.61 +http://internetmemory.org/en/)"
37.16.73.16 - - [06/Jan/2017:10:29:49 -0800] "GET /img/autumn/4.jpg HTTP/1.1" 200 166546 "-" "Mozilla/5.0 (compatible; memoryBot/1.24.61 +http://internetmemory.org/en/)"
37.16.73.16 - - [06/Jan/2017:10:30:03 -0800] "GET /img/oncekids-fujimini/thumbs/6.jpg HTTP/1.1" 200 27603 "-" "Mozilla/5.0 (compatible; memoryBot/1.24.61 +http://internetmemory.org/en/)"
37.16.73.16 - - [06/Jan/2017:10:30:09 -0800] "GET /img/autumn/8.jpg HTTP/1.1" 200 100218 "-" "Mozilla/5.0 (compatible; memoryBot/1.24.61 +http://internetmemory.org/en/)"
37.16.73.16 - - [06/Jan/2017:10:30:10 -0800] "GET /img/oncekids-fujimini/thumbs/7.jpg HTTP/1.1" 200 39450 "-" "Mozilla/5.0 (compatible; memoryBot/1.24.61 +http://internetmemory.org/en/)"
37.16.73.16 - - [06/Jan/2017:10:30:10 -0800] "GET /img/sfnoir/thumbs/5.jpg HTTP/1.1" 200 18532 "-" "Mozilla/5.0 (compatible; memoryBot/1.24.61 +http://internetmemory.org/en/)"
37.16.73.16 - - [06/Jan/2017:10:30:13 -0800] "GET /img/bs4w/thumbs/1.jpg HTTP/1.1" 200 14712 "-" "Mozilla/5.0 (compatible; memoryBot/1.24.61 +http://internetmemory.org/en/)"
37.16.73.16 - - [06/Jan/2017:10:30:31 -0800] "GET /img/mixman/2.jpg HTTP/1.1" 200 80932 "-" "Mozilla/5.0 (compatible; memoryBot/1.24.61 +http://internetmemory.org/en/)"
37.16.73.16 - - [06/Jan/2017:10:30:31 -0800] "GET /img/njn/thumbs/8.jpg HTTP/1.1" 200 28396 "-" "Mozilla/5.0 (compatible; memoryBot/1.24.61 +http://internetmemory.org/en/)"
37.16.73.16 - - [06/Jan/2017:10:30:31 -0800] "GET /img/oncekids-fujimini/thumbs/5.jpg HTTP/1.1" 200 26202 "-" "Mozilla/5.0 (compatible; memoryBot/1.24.61 +http://internetmemory.org/en/)"
37.16.73.16 - - [06/Jan/2017:10:30:33 -0800] "GET /img/wu-wei/6.jpg HTTP/1.1" 200 180106 "-" "Mozilla/5.0 (compatible; memoryBot/1.24.61 +http://internetmemory.org/en/)"
37.16.73.16 - - [06/Jan/2017:10:30:52 -0800] "GET /img/urban-cowgirl/1.jpg HTTP/1.1" 200 94626 "-" "Mozilla/5.0 (compatible; memoryBot/1.24.61 +http://internetmemory.org/en/)"
37.16.73.16 - - [06/Jan/2017:10:30:52 -0800] "GET /img/wu-wei/thumbs/4.jpg HTTP/1.1" 200 24258 "-" "Mozilla/5.0 (compatible; memoryBot/1.24.61 +http://internetmemory.org/en/)"
37.16.73.16 - - [06/Jan/2017:10:30:53 -0800] "GET /img/mixman/5.jpg HTTP/1.1" 200 86490 "-" "Mozilla/5.0 (compatible; memoryBot/1.24.61 +http://internetmemory.org/en/)"
37.16.73.16 - - [06/Jan/2017:10:30:54 -0800] "GET /img/bs4w/thumbs/3.jpg HTTP/1.1" 200 21431 "-" "Mozilla/5.0 (compatible; memoryBot/1.24.61 +http://internetmemory.org/en/)"
37.16.73.16 - - [06/Jan/2017:10:31:13 -0800] "GET /img/autumn/3.jpg HTTP/1.1" 200 506599 "-" "Mozilla/5.0 (compatible; memoryBot/1.24.61 +http://internetmemory.org/en/)"
37.16.73.16 - - [06/Jan/2017:10:31:14 -0800] "GET /img/urban-cowgirl/4.jpg HTTP/1.1" 200 103819 "-" "Mozilla/5.0 (compatible; memoryBot/1.24.61 +http://internetmemory.org/en/)"
37.16.73.16 - - [06/Jan/2017:10:31:15 -0800] "GET /img/njn/6.jpg HTTP/1.1" 200 125438 "-" "Mozilla/5.0 (compatible; memoryBot/1.24.61 +http://internetmemory.org/en/)"
37.16.73.16 - - [06/Jan/2017:10:31:16 -0800] "GET /img/autumn/thumbs/1.jpg HTTP/1.1" 200 24768 "-" "Mozilla/5.0 (compatible; memoryBot/1.24.61 +http://internetmemory.org/en/)"
37.16.73.16 - - [06/Jan/2017:10:31:18 -0800] "GET /img/mixman/15.jpg HTTP/1.1" 200 115845 "-" "Mozilla/5.0 (compatible; memoryBot/1.24.61 +http://internetmemory.org/en/)"
37.16.73.16 - - [06/Jan/2017:10:31:35 -0800] "GET /img/urban-cowgirl/2.jpg HTTP/1.1" 200 104975 "-" "Mozilla/5.0 (compatible; memoryBot/1.24.61 +http://internetmemory.org/en/)"
37.16.73.16 - - [06/Jan/2017:10:31:36 -0800] "GET /img/mixman/18.jpg HTTP/1.1" 200 75474 "-" "Mozilla/5.0 (compatible; memoryBot/1.24.61 +http://internetmemory.org/en/)"
37.16.73.16 - - [06/Jan/2017:10:31:37 -0800] "GET /img/oncekids-fujimini/4.jpg HTTP/1.1" 200 111945 "-" "Mozilla/5.0 (compatible; memoryBot/1.24.61 +http://internetmemory.org/en/)"
37.16.73.16 - - [06/Jan/2017:10:31:56 -0800] "GET /img/oncekids-fujimini/thumbs/3.jpg HTTP/1.1" 200 39586 "-" "Mozilla/5.0 (compatible; memoryBot/1.24.61 +http://internetmemory.org/en/)"
37.16.73.16 - - [06/Jan/2017:10:31:58 -0800] "GET /img/njn/thumbs/3.jpg HTTP/1.1" 200 33267 "-" "Mozilla/5.0 (compatible; memoryBot/1.24.61 +http://internetmemory.org/en/)"
37.16.73.16 - - [06/Jan/2017:10:31:58 -0800] "GET /img/njn/thumbs/4.jpg HTTP/1.1" 200 32206 "-" "Mozilla/5.0 (compatible; memoryBot/1.24.61 +http://internetmemory.org/en/)"
37.16.73.16 - - [06/Jan/2017:10:31:58 -0800] "GET /img/sfnoir/thumbs/8.jpg HTTP/1.1" 200 32404 "-" "Mozilla/5.0 (compatible; memoryBot/1.24.61 +http://internetmemory.org/en/)"
37.16.73.16 - - [06/Jan/2017:10:31:59 -0800] "GET /img/njn/thumbs/7.jpg HTTP/1.1" 200 28520 "-" "Mozilla/5.0 (compatible; memoryBot/1.24.61 +http://internetmemory.org/en/)"
37.16.73.16 - - [06/Jan/2017:10:32:18 -0800] "GET /img/wu-wei/7.jpg HTTP/1.1" 200 293352 "-" "Mozilla/5.0 (compatible; memoryBot/1.24.61 +http://internetmemory.org/en/)"
37.16.73.16 - - [06/Jan/2017:10:32:19 -0800] "GET /js/scripts.js HTTP/1.1" 200 1227 "-" "Mozilla/5.0 (compatible; memoryBot/1.24.61 +http://internetmemory.org/en/)"
37.16.73.16 - - [06/Jan/2017:10:32:20 -0800] "GET /img/wu-wei/8.jpg HTTP/1.1" 200 457546 "-" "Mozilla/5.0 (compatible; memoryBot/1.24.61 +http://internetmemory.org/en/)"
77.75.78.171 - - [06/Jan/2017:11:21:43 -0800] "GET /robots.txt HTTP/1.1" 404 208 "-" "Mozilla/5.0 (compatible; SeznamBot/3.2; +http://napoveda.seznam.cz/en/seznambot-intro/)"
77.75.78.171 - - [06/Jan/2017:11:21:46 -0800] "GET /img/wu-wei/2.jpg HTTP/1.1" 304 - "-" "Mozilla/5.0 (compatible; SeznamBot/3.2; +http://napoveda.seznam.cz/en/seznambot-intro/)"
77.75.77.32 - - [06/Jan/2017:12:02:16 -0800] "GET /robots.txt HTTP/1.1" 404 208 "-" "Mozilla/5.0 (compatible; SeznamBot/3.2; +http://napoveda.seznam.cz/en/seznambot-intro/)"
77.75.77.32 - - [06/Jan/2017:12:02:19 -0800] "GET /img/oncekids-fujimini/4.jpg HTTP/1.1" 304 - "-" "Mozilla/5.0 (compatible; SeznamBot/3.2; +http://napoveda.seznam.cz/en/seznambot-intro/)"
66.249.79.99 - - [06/Jan/2017:12:40:44 -0800] "GET /robots.txt HTTP/1.1" 404 208 "-" "Mozilla/5.0 (compatible; Googlebot/2.1; +http://www.google.com/bot.html)"
