73.158.83.148 - - [08/Nov/2017:14:37:58 -0800] "GET /img/njn/thumbs/2.jpg HTTP/1.1" 200 26672 "https://www.rndsquared.com/" "Mozilla/5.0 (Windows NT 10.0; Win64; x64) AppleWebKit/537.36 (KHTML, like Gecko) Chrome/62.0.3202.89 Safari/537.36"
73.158.83.148 - - [08/Nov/2017:14:37:58 -0800] "GET /img/njn/thumbs/3.jpg HTTP/1.1" 200 33267 "https://www.rndsquared.com/" "Mozilla/5.0 (Windows NT 10.0; Win64; x64) AppleWebKit/537.36 (KHTML, like Gecko) Chrome/62.0.3202.89 Safari/537.36"
73.158.83.148 - - [08/Nov/2017:14:37:58 -0800] "GET /img/njn/thumbs/4.jpg HTTP/1.1" 200 32206 "https://www.rndsquared.com/" "Mozilla/5.0 (Windows NT 10.0; Win64; x64) AppleWebKit/537.36 (KHTML, like Gecko) Chrome/62.0.3202.89 Safari/537.36"
73.158.83.148 - - [08/Nov/2017:14:37:58 -0800] "GET /img/njn/thumbs/5.jpg HTTP/1.1" 200 27963 "https://www.rndsquared.com/" "Mozilla/5.0 (Windows NT 10.0; Win64; x64) AppleWebKit/537.36 (KHTML, like Gecko) Chrome/62.0.3202.89 Safari/537.36"
73.158.83.148 - - [08/Nov/2017:14:37:58 -0800] "GET /img/njn/thumbs/6.jpg HTTP/1.1" 200 32048 "https://www.rndsquared.com/" "Mozilla/5.0 (Windows NT 10.0; Win64; x64) AppleWebKit/537.36 (KHTML, like Gecko) Chrome/62.0.3202.89 Safari/537.36"
73.158.83.148 - - [08/Nov/2017:14:37:58 -0800] "GET /img/njn/thumbs/7.jpg HTTP/1.1" 200 28520 "https://www.rndsquared.com/" "Mozilla/5.0 (Windows NT 10.0; Win64; x64) AppleWebKit/537.36 (KHTML, like Gecko) Chrome/62.0.3202.89 Safari/537.36"
73.158.83.148 - - [08/Nov/2017:14:37:58 -0800] "GET /img/njn/thumbs/8.jpg HTTP/1.1" 200 28396 "https://www.rndsquared.com/" "Mozilla/5.0 (Windows NT 10.0; Win64; x64) AppleWebKit/537.36 (KHTML, like Gecko) Chrome/62.0.3202.89 Safari/537.36"
73.158.83.148 - - [08/Nov/2017:14:37:58 -0800] "GET /img/autumn/thumbs/2.jpg HTTP/1.1" 200 45196 "https://www.rndsquared.com/" "Mozilla/5.0 (Windows NT 10.0; Win64; x64) AppleWebKit/537.36 (KHTML, like Gecko) Chrome/62.0.3202.89 Safari/537.36"
73.158.83.148 - - [08/Nov/2017:14:37:58 -0800] "GET /img/autumn/thumbs/3.jpg HTTP/1.1" 200 40589 "https://www.rndsquared.com/" "Mozilla/5.0 (Windows NT 10.0; Win64; x64) AppleWebKit/537.36 (KHTML, like Gecko) Chrome/62.0.3202.89 Safari/537.36"
73.158.83.148 - - [08/Nov/2017:14:37:58 -0800] "GET /img/autumn/thumbs/4.jpg HTTP/1.1" 200 20880 "https://www.rndsquared.com/" "Mozilla/5.0 (Windows NT 10.0; Win64; x64) AppleWebKit/537.36 (KHTML, like Gecko) Chrome/62.0.3202.89 Safari/537.36"
73.158.83.148 - - [08/Nov/2017:14:37:58 -0800] "GET /img/autumn/thumbs/5.jpg HTTP/1.1" 200 29246 "https://www.rndsquared.com/" "Mozilla/5.0 (Windows NT 10.0; Win64; x64) AppleWebKit/537.36 (KHTML, like Gecko) Chrome/62.0.3202.89 Safari/537.36"
73.158.83.148 - - [08/Nov/2017:14:37:58 -0800] "GET /img/autumn/thumbs/6.jpg HTTP/1.1" 200 30923 "https://www.rndsquared.com/" "Mozilla/5.0 (Windows NT 10.0; Win64; x64) AppleWebKit/537.36 (KHTML, like Gecko) Chrome/62.0.3202.89 Safari/537.36"
73.158.83.148 - - [08/Nov/2017:14:37:58 -0800] "GET /img/autumn/thumbs/7.jpg HTTP/1.1" 200 25117 "https://www.rndsquared.com/" "Mozilla/5.0 (Windows NT 10.0; Win64; x64) AppleWebKit/537.36 (KHTML, like Gecko) Chrome/62.0.3202.89 Safari/537.36"
73.158.83.148 - - [08/Nov/2017:14:37:58 -0800] "GET /img/autumn/thumbs/8.jpg HTTP/1.1" 200 20283 "https://www.rndsquared.com/" "Mozilla/5.0 (Windows NT 10.0; Win64; x64) AppleWebKit/537.36 (KHTML, like Gecko) Chrome/62.0.3202.89 Safari/537.36"
73.158.83.148 - - [08/Nov/2017:14:37:58 -0800] "GET /css/images/close.png HTTP/1.1" 200 280 "https://www.rndsquared.com/css/lightbox.css" "Mozilla/5.0 (Windows NT 10.0; Win64; x64) AppleWebKit/537.36 (KHTML, like Gecko) Chrome/62.0.3202.89 Safari/537.36"
73.158.83.148 - - [08/Nov/2017:14:37:58 -0800] "GET /css/images/loading.gif HTTP/1.1" 200 8476 "https://www.rndsquared.com/css/lightbox.css" "Mozilla/5.0 (Windows NT 10.0; Win64; x64) AppleWebKit/537.36 (KHTML, like Gecko) Chrome/62.0.3202.89 Safari/537.36"
73.158.83.148 - - [08/Nov/2017:14:37:58 -0800] "GET /css/images/prev.png HTTP/1.1" 200 1360 "https://www.rndsquared.com/css/lightbox.css" "Mozilla/5.0 (Windows NT 10.0; Win64; x64) AppleWebKit/537.36 (KHTML, like Gecko) Chrome/62.0.3202.89 Safari/537.36"
73.158.83.148 - - [08/Nov/2017:14:37:58 -0800] "GET /css/images/next.png HTTP/1.1" 200 1350 "https://www.rndsquared.com/css/lightbox.css" "Mozilla/5.0 (Windows NT 10.0; Win64; x64) AppleWebKit/537.36 (KHTML, like Gecko) Chrome/62.0.3202.89 Safari/537.36"
73.158.83.148 - - [08/Nov/2017:14:37:58 -0800] "GET /favicon.ico HTTP/1.1" 404 209 "https://www.rndsquared.com/" "Mozilla/5.0 (Windows NT 10.0; Win64; x64) AppleWebKit/537.36 (KHTML, like Gecko) Chrome/62.0.3202.89 Safari/537.36"
46.229.164.101 - - [08/Nov/2017:15:31:26 -0800] "GET /robots.txt HTTP/1.1" 404 208 "-" "Mozilla/5.0 (compatible; SemrushBot/1.2~bl; +http://www.semrush.com/bot.html)"
180.76.15.6 - - [08/Nov/2017:20:00:48 -0800] "GET /css/bootstrap.min.css HTTP/1.1" 200 63993 "-" "Mozilla/5.0 (compatible; Baiduspider/2.0; +http://www.baidu.com/search/spider.html)"
66.249.73.199 - - [08/Nov/2017:20:22:31 -0800] "GET /robots.txt HTTP/1.1" 404 208 "-" "Mozilla/5.0 (compatible; Googlebot/2.1; +http://www.google.com/bot.html)"
66.249.73.199 - - [08/Nov/2017:20:22:32 -0800] "GET / HTTP/1.1" 200 15892 "-" "Mozilla/5.0 (Linux; Android 6.0.1; Nexus 5X Build/MMB29P) AppleWebKit/537.36 (KHTML, like Gecko) Chrome/41.0.2272.96 Mobile Safari/537.36 (compatible; Googlebot/2.1; +http://www.google.com/bot.html)"
165.227.179.46 - - [08/Nov/2017:21:41:04 -0800] "GET /robots.txt HTTP/1.1" 404 208 "-" "Mozilla/5.0 (compatible; spbot/5.0.3; +http://OpenLinkProfiler.org/bot )"
165.227.179.46 - - [08/Nov/2017:21:41:11 -0800] "GET / HTTP/1.1" 200 15892 "http://www.rndsquared.com/" "Mozilla/5.0 (compatible; spbot/5.0.3; +http://OpenLinkProfiler.org/bot )"
216.244.66.233 - - [08/Nov/2017:23:10:36 -0800] "GET /robots.txt HTTP/1.1" 404 208 "-" "Mozilla/5.0 (compatible; DotBot/1.1; http://www.opensiteexplorer.org/dotbot, help@moz.com)"
216.244.66.233 - - [09/Nov/2017:02:37:29 -0800] "GET /robots.txt HTTP/1.1" 404 208 "-" "Mozilla/5.0 (compatible; DotBot/1.1; http://www.opensiteexplorer.org/dotbot, help@moz.com)"
158.46.200.164 - - [09/Nov/2017:03:53:18 -0800] "GET / HTTP/1.1" 200 15892 "-" "Mozilla/5.0 (Macintosh; Intel Mac OS X 10_12_5) AppleWebKit/537.36 (KHTML, like Gecko) Chrome/58.0.3029.110 Safari/537.36"
93.89.220.183 - - [09/Nov/2017:04:47:21 -0800] "GET / HTTP/1.1" 200 15892 "-" "Mozilla/5.0 (Windows NT 6.3; WOW64; rv:55.0) Gecko/20100101 Firefox/55.0"
157.55.39.227 - - [09/Nov/2017:05:44:30 -0800] "GET / HTTP/1.1" 301 235 "-" "Mozilla/5.0 (compatible; bingbot/2.0; +http://www.bing.com/bingbot.htm)"
216.244.66.233 - - [09/Nov/2017:07:01:14 -0800] "GET /robots.txt HTTP/1.1" 404 208 "-" "Mozilla/5.0 (compatible; DotBot/1.1; http://www.opensiteexplorer.org/dotbot, help@moz.com)"
46.229.164.102 - - [09/Nov/2017:07:08:23 -0800] "GET /robots.txt HTTP/1.1" 404 208 "-" "Mozilla/5.0 (compatible; SemrushBot/1.2~bl; +http://www.semrush.com/bot.html)"
174.61.73.190 - - [09/Nov/2017:08:18:09 -0800] "GET /img/autumn/thumbs/1.jpg HTTP/1.1" 200 24768 "https://www.google.com/" "Mozilla/5.0 (Macintosh; Intel Mac OS X 10_11_6) AppleWebKit/601.7.7 (KHTML, like Gecko) Version/9.1.2 Safari/601.7.7"
216.244.66.233 - - [09/Nov/2017:09:21:44 -0800] "GET /robots.txt HTTP/1.1" 404 208 "-" "Mozilla/5.0 (compatible; DotBot/1.1; http://www.opensiteexplorer.org/dotbot, help@moz.com)"
138.246.253.19 - - [09/Nov/2017:10:24:57 -0800] "HEAD / HTTP/1.1" 200 - "-" "Mozilla/5.0 (Windows NT 6.1; Win64; x64) AppleWebKit/537.36 (KHTML, like Gecko) Chrome/40.0.2214.85 Safari/537.36"
216.244.66.233 - - [09/Nov/2017:10:32:42 -0800] "GET /robots.txt HTTP/1.1" 404 208 "-" "Mozilla/5.0 (compatible; DotBot/1.1; http://www.opensiteexplorer.org/dotbot, help@moz.com)"
216.244.66.233 - - [09/Nov/2017:12:05:44 -0800] "GET /robots.txt HTTP/1.1" 404 208 "-" "Mozilla/5.0 (compatible; DotBot/1.1; http://www.opensiteexplorer.org/dotbot, help@moz.com)"
216.244.66.233 - - [09/Nov/2017:12:28:49 -0800] "GET /robots.txt HTTP/1.1" 404 208 "-" "Mozilla/5.0 (compatible; DotBot/1.1; http://www.opensiteexplorer.org/dotbot, help@moz.com)"
138.246.253.19 - - [09/Nov/2017:13:33:56 -0800] "HEAD / HTTP/1.1" 301 - "-" "Mozilla/5.0 (Windows NT 6.1; Win64; x64) AppleWebKit/537.36 (KHTML, like Gecko) Chrome/40.0.2214.85 Safari/537.36"
216.244.66.233 - - [09/Nov/2017:13:41:22 -0800] "GET /robots.txt HTTP/1.1" 404 208 "-" "Mozilla/5.0 (compatible; DotBot/1.1; http://www.opensiteexplorer.org/dotbot, help@moz.com)"
216.244.66.233 - - [09/Nov/2017:14:30:15 -0800] "GET /robots.txt HTTP/1.1" 404 208 "-" "Mozilla/5.0 (compatible; DotBot/1.1; http://www.opensiteexplorer.org/dotbot, help@moz.com)"
216.244.66.202 - - [09/Nov/2017:16:07:54 -0800] "GET /robots.txt HTTP/1.1" 404 208 "-" "Mozilla/5.0 (compatible; DotBot/1.1; http://www.opensiteexplorer.org/dotbot, help@moz.com)"
77.75.79.109 - - [09/Nov/2017:17:59:47 -0800] "GET /robots.txt HTTP/1.1" 404 208 "-" "Mozilla/5.0 (compatible; SeznamBot/3.2; +http://napoveda.seznam.cz/en/seznambot-intro/)"
5.196.87.42 - - [09/Nov/2017:17:59:47 -0800] "GET /robots.txt HTTP/1.1" 404 208 "-" "Mozilla/5.0 (compatible; AhrefsBot/5.2; +http://ahrefs.com/robot/)"
77.75.79.109 - - [09/Nov/2017:17:59:49 -0800] "GET /img/autumn/thumbs/2.jpg HTTP/1.1" 304 - "-" "Mozilla/5.0 (compatible; SeznamBot/3.2; +http://napoveda.seznam.cz/en/seznambot-intro/)"
216.244.66.233 - - [09/Nov/2017:18:00:22 -0800] "GET /robots.txt HTTP/1.1" 404 208 "-" "Mozilla/5.0 (compatible; DotBot/1.1; http://www.opensiteexplorer.org/dotbot, help@moz.com)"
5.255.250.42 - - [09/Nov/2017:18:44:24 -0800] "GET /robots.txt HTTP/1.1" 404 208 "-" "Mozilla/5.0 (compatible; YandexBot/3.0; +http://yandex.com/bots)"
5.255.250.42 - - [09/Nov/2017:18:44:28 -0800] "GET /favicon.ico HTTP/1.1" 404 209 "-" "Mozilla/5.0 (compatible; YandexBot/3.0; +http://yandex.com/bots)"
216.244.66.233 - - [09/Nov/2017:18:45:28 -0800] "GET /robots.txt HTTP/1.1" 404 208 "-" "Mozilla/5.0 (compatible; DotBot/1.1; http://www.opensiteexplorer.org/dotbot, help@moz.com)"
176.88.10.122 - - [09/Nov/2017:18:55:06 -0800] "GET /img/mixman/11.jpg HTTP/1.1" 200 114722 "https://www.google.com.tr/" "Mozilla/5.0 (Windows NT 6.1; Win64; x64) AppleWebKit/537.36 (KHTML, like Gecko) Chrome/63.0.3239.40 Safari/537.36"
216.244.66.233 - - [09/Nov/2017:19:05:58 -0800] "GET /robots.txt HTTP/1.1" 404 208 "-" "Mozilla/5.0 (compatible; DotBot/1.1; http://www.opensiteexplorer.org/dotbot, help@moz.com)"
157.55.39.227 - - [09/Nov/2017:19:11:26 -0800] "GET / HTTP/1.1" 301 235 "-" "Mozilla/5.0 (compatible; bingbot/2.0; +http://www.bing.com/bingbot.htm)"
77.75.77.95 - - [09/Nov/2017:19:16:11 -0800] "GET /robots.txt HTTP/1.1" 404 208 "-" "Mozilla/5.0 (compatible; SeznamBot/3.2; +http://napoveda.seznam.cz/en/seznambot-intro/)"
77.75.77.95 - - [09/Nov/2017:19:16:14 -0800] "GET /img/autumn/4.jpg HTTP/1.1" 304 - "-" "Mozilla/5.0 (compatible; SeznamBot/3.2; +http://napoveda.seznam.cz/en/seznambot-intro/)"
180.76.15.162 - - [09/Nov/2017:19:24:31 -0800] "GET / HTTP/1.1" 200 72657 "-" "Mozilla/5.0 (compatible; Baiduspider/2.0; +http://www.baidu.com/search/spider.html)"
216.244.66.233 - - [09/Nov/2017:21:42:29 -0800] "GET /robots.txt HTTP/1.1" 404 208 "-" "Mozilla/5.0 (compatible; DotBot/1.1; http://www.opensiteexplorer.org/dotbot, help@moz.com)"
66.249.79.71 - - [09/Nov/2017:23:00:47 -0800] "GET /robots.txt HTTP/1.1" 404 208 "-" "Mozilla/5.0 (compatible; Googlebot/2.1; +http://www.google.com/bot.html)"
66.249.79.66 - - [09/Nov/2017:23:00:48 -0800] "GET / HTTP/1.1" 200 15892 "-" "Mozilla/5.0 (compatible; Googlebot/2.1; +http://www.google.com/bot.html)"
77.75.79.36 - - [09/Nov/2017:23:48:13 -0800] "GET /robots.txt HTTP/1.1" 404 208 "-" "Mozilla/5.0 (compatible; SeznamBot/3.2; +http://napoveda.seznam.cz/en/seznambot-intro/)"
77.75.79.36 - - [09/Nov/2017:23:48:18 -0800] "GET /img/wu-wei/1.jpg HTTP/1.1" 304 - "-" "Mozilla/5.0 (compatible; SeznamBot/3.2; +http://napoveda.seznam.cz/en/seznambot-intro/)"
216.244.66.233 - - [09/Nov/2017:23:57:51 -0800] "GET /robots.txt HTTP/1.1" 404 208 "-" "Mozilla/5.0 (compatible; DotBot/1.1; http://www.opensiteexplorer.org/dotbot, help@moz.com)"
216.244.66.233 - - [10/Nov/2017:03:04:36 -0800] "GET /robots.txt HTTP/1.1" 404 208 "-" "Mozilla/5.0 (compatible; DotBot/1.1; http://www.opensiteexplorer.org/dotbot, help@moz.com)"
66.249.79.69 - - [10/Nov/2017:03:37:30 -0800] "GET / HTTP/1.1" 200 15892 "-" "Mozilla/5.0 (Linux; Android 6.0.1; Nexus 5X Build/MMB29P) AppleWebKit/537.36 (KHTML, like Gecko) Chrome/41.0.2272.96 Mobile Safari/537.36 (compatible; Googlebot/2.1; +http://www.google.com/bot.html)"
77.75.76.171 - - [10/Nov/2017:03:57:52 -0800] "GET /robots.txt HTTP/1.1" 404 208 "-" "Mozilla/5.0 (compatible; SeznamBot/3.2; +http://napoveda.seznam.cz/en/seznambot-intro/)"
77.75.76.171 - - [10/Nov/2017:03:57:55 -0800] "GET /img/njn/7.jpg HTTP/1.1" 304 - "-" "Mozilla/5.0 (compatible; SeznamBot/3.2; +http://napoveda.seznam.cz/en/seznambot-intro/)"
46.229.164.100 - - [10/Nov/2017:04:19:47 -0800] "GET /robots.txt HTTP/1.1" 404 208 "-" "Mozilla/5.0 (compatible; SemrushBot/1.2~bl; +http://www.semrush.com/bot.html)"
216.244.66.233 - - [10/Nov/2017:05:02:48 -0800] "GET /robots.txt HTTP/1.1" 404 208 "-" "Mozilla/5.0 (compatible; DotBot/1.1; http://www.opensiteexplorer.org/dotbot, help@moz.com)"
77.75.78.164 - - [10/Nov/2017:05:55:17 -0800] "GET /robots.txt HTTP/1.1" 404 208 "-" "Mozilla/5.0 (compatible; SeznamBot/3.2; +http://napoveda.seznam.cz/en/seznambot-intro/)"
77.75.78.164 - - [10/Nov/2017:05:55:20 -0800] "GET /img/sfnoir/7.jpg HTTP/1.1" 304 - "-" "Mozilla/5.0 (compatible; SeznamBot/3.2; +http://napoveda.seznam.cz/en/seznambot-intro/)"
180.76.15.28 - - [10/Nov/2017:08:31:18 -0800] "GET /css/styles.css HTTP/1.1" 200 7906 "-" "Mozilla/5.0 (compatible; Baiduspider/2.0; +http://www.baidu.com/search/spider.html)"
188.226.129.55 - - [10/Nov/2017:09:20:59 -0800] "GET / HTTP/1.1" 200 15892 "-" "Mozilla/5.0 (Windows NT 6.0) AppleWebKit/537.36 (KHTML, like Gecko) Chrome/34.0.1847.116 Safari/537.36"
157.55.39.227 - - [10/Nov/2017:09:23:14 -0800] "GET / HTTP/1.1" 301 235 "-" "Mozilla/5.0 (compatible; bingbot/2.0; +http://www.bing.com/bingbot.htm)"
77.75.79.101 - - [10/Nov/2017:09:48:18 -0800] "GET /img/mixman/13.jpg HTTP/1.1" 304 - "-" "Mozilla/5.0 (compatible; SeznamBot/3.2; +http://napoveda.seznam.cz/en/seznambot-intro/)"
95.85.10.113 - - [10/Nov/2017:10:02:07 -0800] "GET /robots.txt HTTP/1.0" 404 208 "-" "SafeDNSBot (https://www.safedns.com/searchbot)"
95.85.10.113 - - [10/Nov/2017:10:02:07 -0800] "GET / HTTP/1.0" 200 15892 "-" "SafeDNSBot (https://www.safedns.com/searchbot)"
95.85.10.113 - - [10/Nov/2017:10:06:05 -0800] "GET /robots.txt HTTP/1.0" 404 208 "-" "SafeDNSBot (https://www.safedns.com/searchbot)"
95.85.10.113 - - [10/Nov/2017:10:06:06 -0800] "GET / HTTP/1.0" 200 15892 "-" "SafeDNSBot (https://www.safedns.com/searchbot)"
180.76.15.154 - - [10/Nov/2017:10:11:19 -0800] "GET / HTTP/1.1" 200 72657 "-" "Mozilla/5.0 (compatible; Baiduspider/2.0; +http://www.baidu.com/search/spider.html)"
172.58.86.192 - - [10/Nov/2017:10:31:11 -0800] "GET /img/autumn/thumbs/2.jpg HTTP/1.1" 200 45196 "-" "Mozilla/5.0 (Linux; Android 7.0; SM-G930T Build/NRD90M; wv) AppleWebKit/537.36 (KHTML, like Gecko) Version/4.0 Chrome/61.0.3163.98 Mobile Safari/537.36 GSA/7.12.24.21.arm64"
77.88.47.19 - - [10/Nov/2017:10:49:01 -0800] "GET /robots.txt HTTP/1.1" 404 208 "-" "Mozilla/5.0 (compatible; YandexBot/3.0; +http://yandex.com/bots)"
5.255.250.42 - - [10/Nov/2017:10:49:05 -0800] "GET / HTTP/1.1" 200 15892 "-" "Mozilla/5.0 (compatible; YandexBot/3.0; +http://yandex.com/bots)"
46.229.164.102 - - [10/Nov/2017:11:04:47 -0800] "GET /robots.txt HTTP/1.1" 404 208 "-" "Mozilla/5.0 (compatible; SemrushBot/1.2~bl; +http://www.semrush.com/bot.html)"
157.55.39.3 - - [10/Nov/2017:12:01:31 -0800] "GET /robots.txt HTTP/1.1" 404 208 "-" "Mozilla/5.0 (compatible; bingbot/2.0; +http://www.bing.com/bingbot.htm)"
216.244.66.233 - - [10/Nov/2017:14:06:16 -0800] "GET /robots.txt HTTP/1.1" 404 208 "-" "Mozilla/5.0 (compatible; DotBot/1.1; http://www.opensiteexplorer.org/dotbot, help@moz.com)"
66.249.79.71 - - [10/Nov/2017:14:35:22 -0800] "GET /robots.txt HTTP/1.1" 404 208 "-" "Mozilla/5.0 (compatible; Googlebot/2.1; +http://www.google.com/bot.html)"
66.249.79.71 - - [10/Nov/2017:14:35:22 -0800] "GET / HTTP/1.1" 200 15892 "-" "Mozilla/5.0 (compatible; Googlebot/2.1; +http://www.google.com/bot.html)"
73.158.83.148 - - [10/Nov/2017:14:59:30 -0800] "GET /favicon.ico HTTP/1.1" 404 209 "https://www.rndsquared.com/" "Mozilla/5.0 (Windows NT 10.0; Win64; x64) AppleWebKit/537.36 (KHTML, like Gecko) Chrome/62.0.3202.89 Safari/537.36"
5.255.250.42 - - [10/Nov/2017:15:27:44 -0800] "GET /robots.txt HTTP/1.1" 404 208 "-" "Mozilla/5.0 (compatible; YandexBot/3.0; +http://yandex.com/bots)"
5.255.250.42 - - [10/Nov/2017:15:27:48 -0800] "GET /img/autumn/1.jpg HTTP/1.1" 200 290161 "-" "Mozilla/5.0 (compatible; YandexImages/3.0; +http://yandex.com/bots)"
73.158.83.148 - - [10/Nov/2017:15:46:23 -0800] "GET /img/wu-wei/8.jpg HTTP/1.1" 200 457546 "https://www.rndsquared.com/" "Mozilla/5.0 (Windows NT 10.0; Win64; x64) AppleWebKit/537.36 (KHTML, like Gecko) Chrome/62.0.3202.89 Safari/537.36"
73.158.83.148 - - [10/Nov/2017:15:46:24 -0800] "GET /img/wu-wei/7.jpg HTTP/1.1" 200 293352 "https://www.rndsquared.com/" "Mozilla/5.0 (Windows NT 10.0; Win64; x64) AppleWebKit/537.36 (KHTML, like Gecko) Chrome/62.0.3202.89 Safari/537.36"
73.158.83.148 - - [10/Nov/2017:15:46:24 -0800] "GET /img/wu-wei/9.jpg HTTP/1.1" 200 398953 "https://www.rndsquared.com/" "Mozilla/5.0 (Windows NT 10.0; Win64; x64) AppleWebKit/537.36 (KHTML, like Gecko) Chrome/62.0.3202.89 Safari/537.36"
73.158.83.148 - - [10/Nov/2017:15:46:26 -0800] "GET /img/wu-wei/6.jpg HTTP/1.1" 200 180106 "https://www.rndsquared.com/" "Mozilla/5.0 (Windows NT 10.0; Win64; x64) AppleWebKit/537.36 (KHTML, like Gecko) Chrome/62.0.3202.89 Safari/537.36"
73.158.83.148 - - [10/Nov/2017:15:46:33 -0800] "GET /img/wu-wei/5.jpg HTTP/1.1" 200 220470 "https://www.rndsquared.com/" "Mozilla/5.0 (Windows NT 10.0; Win64; x64) AppleWebKit/537.36 (KHTML, like Gecko) Chrome/62.0.3202.89 Safari/537.36"
73.158.83.148 - - [10/Nov/2017:15:46:36 -0800] "GET /img/wu-wei/4.jpg HTTP/1.1" 200 279891 "https://www.rndsquared.com/" "Mozilla/5.0 (Windows NT 10.0; Win64; x64) AppleWebKit/537.36 (KHTML, like Gecko) Chrome/62.0.3202.89 Safari/537.36"
73.158.83.148 - - [10/Nov/2017:15:46:38 -0800] "GET /img/wu-wei/3.jpg HTTP/1.1" 200 173337 "https://www.rndsquared.com/" "Mozilla/5.0 (Windows NT 10.0; Win64; x64) AppleWebKit/537.36 (KHTML, like Gecko) Chrome/62.0.3202.89 Safari/537.36"
73.158.83.148 - - [10/Nov/2017:15:46:40 -0800] "GET /img/wu-wei/2.jpg HTTP/1.1" 200 183246 "https://www.rndsquared.com/" "Mozilla/5.0 (Windows NT 10.0; Win64; x64) AppleWebKit/537.36 (KHTML, like Gecko) Chrome/62.0.3202.89 Safari/537.36"
64.62.252.162 - - [10/Nov/2017:16:06:33 -0800] "GET /robots.txt HTTP/1.1" 404 208 "-" "BUbiNG (+http://law.di.unimi.it/BUbiNG.html)"
216.244.66.233 - - [10/Nov/2017:17:43:59 -0800] "GET /robots.txt HTTP/1.1" 404 208 "-" "Mozilla/5.0 (compatible; DotBot/1.1; http://www.opensiteexplorer.org/dotbot, help@moz.com)"
174.6.2.27 - - [10/Nov/2017:19:54:27 -0800] "GET /img/autumn/thumbs/2.jpg HTTP/1.1" 200 45196 "https://www.google.ca/" "Mozilla/5.0 (iPad; CPU OS 10_3_3 like Mac OS X) AppleWebKit/603.3.8 (KHTML, like Gecko) Version/10.0 Mobile/14G60 Safari/602.1"
46.229.164.100 - - [10/Nov/2017:20:32:23 -0800] "GET /robots.txt HTTP/1.1" 404 208 "-" "Mozilla/5.0 (compatible; SemrushBot/1.2~bl; +http://www.semrush.com/bot.html)"
157.55.39.47 - - [10/Nov/2017:21:02:33 -0800] "GET /robots.txt HTTP/1.1" 301 245 "-" "Mozilla/5.0 (compatible; bingbot/2.0; +http://www.bing.com/bingbot.htm)"
157.55.39.47 - - [10/Nov/2017:21:02:34 -0800] "GET /robots.txt HTTP/1.1" 404 208 "-" "Mozilla/5.0 (compatible; bingbot/2.0; +http://www.bing.com/bingbot.htm)"
157.55.39.47 - - [10/Nov/2017:21:02:34 -0800] "GET /robots.txt HTTP/1.1" 301 245 "-" "Mozilla/5.0 (compatible; bingbot/2.0; +http://www.bing.com/bingbot.htm)"
157.55.39.47 - - [10/Nov/2017:21:02:34 -0800] "GET /robots.txt HTTP/1.1" 404 208 "-" "Mozilla/5.0 (compatible; bingbot/2.0; +http://www.bing.com/bingbot.htm)"
207.46.13.29 - - [10/Nov/2017:21:02:39 -0800] "GET / HTTP/1.1" 301 235 "-" "Mozilla/5.0 (compatible; bingbot/2.0; +http://www.bing.com/bingbot.htm)"
216.244.66.233 - - [10/Nov/2017:22:08:11 -0800] "GET /robots.txt HTTP/1.1" 404 208 "-" "Mozilla/5.0 (compatible; DotBot/1.1; http://www.opensiteexplorer.org/dotbot, help@moz.com)"
144.217.163.54 - - [10/Nov/2017:22:19:23 -0800] "GET / HTTP/1.1" 200 15892 "-" "Mozilla/5.0 (Windows NT 10.0; WOW64) AppleWebKit/537.36 (KHTML, like Gecko) Chrome/52.0.2743.116 Safari/537.36"
159.203.116.17 - - [10/Nov/2017:23:17:45 -0800] "GET / HTTP/1.0" 200 72657 "-" "Mozilla/5.0 (compatible; NetcraftSurveyAgent/1.0; +info@netcraft.com)"
216.244.66.233 - - [11/Nov/2017:00:24:42 -0800] "GET /robots.txt HTTP/1.1" 404 208 "-" "Mozilla/5.0 (compatible; DotBot/1.1; http://www.opensiteexplorer.org/dotbot, help@moz.com)"
46.229.164.102 - - [11/Nov/2017:01:14:36 -0800] "GET /robots.txt HTTP/1.1" 404 208 "-" "Mozilla/5.0 (compatible; SemrushBot/1.2~bl; +http://www.semrush.com/bot.html)"
216.244.66.233 - - [11/Nov/2017:01:30:49 -0800] "GET /robots.txt HTTP/1.1" 404 208 "-" "Mozilla/5.0 (compatible; DotBot/1.1; http://www.opensiteexplorer.org/dotbot, help@moz.com)"
216.244.66.233 - - [11/Nov/2017:03:08:33 -0800] "GET /robots.txt HTTP/1.1" 404 208 "-" "Mozilla/5.0 (compatible; DotBot/1.1; http://www.opensiteexplorer.org/dotbot, help@moz.com)"
216.244.66.233 - - [11/Nov/2017:03:32:43 -0800] "GET /robots.txt HTTP/1.1" 404 208 "-" "Mozilla/5.0 (compatible; DotBot/1.1; http://www.opensiteexplorer.org/dotbot, help@moz.com)"
66.249.79.71 - - [11/Nov/2017:04:54:36 -0800] "GET /robots.txt HTTP/1.1" 404 208 "-" "Mozilla/5.0 (compatible; Googlebot/2.1; +http://www.google.com/bot.html)"
66.249.79.71 - - [11/Nov/2017:04:54:36 -0800] "GET / HTTP/1.1" 200 15892 "-" "Mozilla/5.0 (compatible; Googlebot/2.1; +http://www.google.com/bot.html)"
66.249.79.69 - - [11/Nov/2017:04:58:25 -0800] "GET /img/mixman/10.jpg HTTP/1.1" 304 - "-" "Googlebot-Image/1.0"
66.249.79.69 - - [11/Nov/2017:04:59:08 -0800] "GET /img/mixman/6.jpg HTTP/1.1" 304 - "-" "Googlebot-Image/1.0"
216.244.66.233 - - [11/Nov/2017:05:28:33 -0800] "GET /robots.txt HTTP/1.1" 404 208 "-" "Mozilla/5.0 (compatible; DotBot/1.1; http://www.opensiteexplorer.org/dotbot, help@moz.com)"
216.244.66.233 - - [11/Nov/2017:08:39:45 -0800] "GET /robots.txt HTTP/1.1" 404 208 "-" "Mozilla/5.0 (compatible; DotBot/1.1; http://www.opensiteexplorer.org/dotbot, help@moz.com)"
52.36.249.241 - - [11/Nov/2017:08:57:38 -0800] "GET / HTTP/1.1" 200 15892 "-" "Mozilla/5.0 (X11; Linux x86_64) AppleWebKit/534.34 (KHTML, like Gecko) Qt/4.8.2"
52.36.249.241 - - [11/Nov/2017:08:57:38 -0800] "GET /css/lightbox.css HTTP/1.1" 200 1003 "https://www.rndsquared.com/" "Mozilla/5.0 (X11; Linux x86_64) AppleWebKit/534.34 (KHTML, like Gecko) Qt/4.8.2"
52.36.249.241 - - [11/Nov/2017:08:57:38 -0800] "GET /css/bootstrap.min.css HTTP/1.1" 200 11249 "https://www.rndsquared.com/" "Mozilla/5.0 (X11; Linux x86_64) AppleWebKit/534.34 (KHTML, like Gecko) Qt/4.8.2"
52.36.249.241 - - [11/Nov/2017:08:57:38 -0800] "GET /css/styles.css HTTP/1.1" 200 1975 "https://www.rndsquared.com/" "Mozilla/5.0 (X11; Linux x86_64) AppleWebKit/534.34 (KHTML, like Gecko) Qt/4.8.2"
52.36.249.241 - - [11/Nov/2017:08:57:38 -0800] "GET /js/modernizr.js HTTP/1.1" 200 5933 "https://www.rndsquared.com/" "Mozilla/5.0 (X11; Linux x86_64) AppleWebKit/534.34 (KHTML, like Gecko) Qt/4.8.2"
52.36.249.241 - - [11/Nov/2017:08:57:38 -0800] "GET /js/scripts.js HTTP/1.1" 200 1227 "https://www.rndsquared.com/" "Mozilla/5.0 (X11; Linux x86_64) AppleWebKit/534.34 (KHTML, like Gecko) Qt/4.8.2"
52.36.249.241 - - [11/Nov/2017:08:57:38 -0800] "GET /js/lightbox.js HTTP/1.1" 200 4210 "https://www.rndsquared.com/" "Mozilla/5.0 (X11; Linux x86_64) AppleWebKit/534.34 (KHTML, like Gecko) Qt/4.8.2"
52.36.249.241 - - [11/Nov/2017:08:57:38 -0800] "GET /fonts/mn2-webfont.ttf HTTP/1.1" 200 35628 "https://www.rndsquared.com/" "Mozilla/5.0 (X11; Linux x86_64) AppleWebKit/534.34 (KHTML, like Gecko) Qt/4.8.2"
216.244.66.233 - - [11/Nov/2017:09:01:15 -0800] "GET /robots.txt HTTP/1.1" 404 208 "-" "Mozilla/5.0 (compatible; DotBot/1.1; http://www.opensiteexplorer.org/dotbot, help@moz.com)"
46.229.164.100 - - [11/Nov/2017:09:29:00 -0800] "GET /robots.txt HTTP/1.1" 404 208 "-" "Mozilla/5.0 (compatible; SemrushBot/1.2~bl; +http://www.semrush.com/bot.html)"
216.244.66.233 - - [11/Nov/2017:09:43:11 -0800] "GET /robots.txt HTTP/1.1" 404 208 "-" "Mozilla/5.0 (compatible; DotBot/1.1; http://www.opensiteexplorer.org/dotbot, help@moz.com)"
216.244.66.233 - - [11/Nov/2017:10:04:01 -0800] "GET /robots.txt HTTP/1.1" 404 208 "-" "Mozilla/5.0 (compatible; DotBot/1.1; http://www.opensiteexplorer.org/dotbot, help@moz.com)"
66.249.79.89 - - [11/Nov/2017:10:34:32 -0800] "GET / HTTP/1.1" 200 15892 "-" "Mozilla/5.0 (Linux; Android 6.0.1; Nexus 5X Build/MMB29P) AppleWebKit/537.36 (KHTML, like Gecko) Chrome/41.0.2272.96 Mobile Safari/537.36 (compatible; Googlebot/2.1; +http://www.google.com/bot.html)"
157.55.39.191 - - [11/Nov/2017:10:42:48 -0800] "GET / HTTP/1.1" 301 235 "-" "Mozilla/5.0 (compatible; bingbot/2.0; +http://www.bing.com/bingbot.htm)"
66.249.79.89 - - [11/Nov/2017:11:05:07 -0800] "GET / HTTP/1.1" 200 15892 "-" "Mozilla/5.0 (compatible; Googlebot/2.1; +http://www.google.com/bot.html)"
66.249.79.93 - - [11/Nov/2017:11:05:08 -0800] "GET / HTTP/1.1" 200 15892 "-" "Mozilla/5.0 (compatible; Googlebot/2.1; +http://www.google.com/bot.html)"
66.249.79.66 - - [11/Nov/2017:12:29:27 -0800] "GET /img/mixman/13.jpg HTTP/1.1" 304 - "-" "Googlebot-Image/1.0"
66.249.79.66 - - [11/Nov/2017:12:29:54 -0800] "GET /img/mixman/3.jpg HTTP/1.1" 304 - "-" "Googlebot-Image/1.0"
216.244.66.233 - - [11/Nov/2017:12:43:04 -0800] "GET /robots.txt HTTP/1.1" 404 208 "-" "Mozilla/5.0 (compatible; DotBot/1.1; http://www.opensiteexplorer.org/dotbot, help@moz.com)"
77.75.78.172 - - [11/Nov/2017:14:10:04 -0800] "GET /robots.txt HTTP/1.1" 404 208 "-" "Mozilla/5.0 (compatible; SeznamBot/3.2; +http://napoveda.seznam.cz/en/seznambot-intro/)"
77.75.78.172 - - [11/Nov/2017:14:10:10 -0800] "GET /img/wu-wei/thumbs/6.jpg HTTP/1.1" 304 - "-" "Mozilla/5.0 (compatible; SeznamBot/3.2; +http://napoveda.seznam.cz/en/seznambot-intro/)"
73.71.74.9 - - [11/Nov/2017:14:40:10 -0800] "GET / HTTP/1.1" 200 15892 "-" "Mozilla/5.0 (Macintosh; Intel Mac OS X 10_12_5) AppleWebKit/603.2.4 (KHTML, like Gecko) Version/10.1.1 Safari/603.2.4"
73.71.74.9 - - [11/Nov/2017:14:40:10 -0800] "GET /css/lightbox.css HTTP/1.1" 200 1003 "https://www.rndsquared.com/" "Mozilla/5.0 (Macintosh; Intel Mac OS X 10_12_5) AppleWebKit/603.2.4 (KHTML, like Gecko) Version/10.1.1 Safari/603.2.4"
73.71.74.9 - - [11/Nov/2017:14:40:10 -0800] "GET /js/modernizr.js HTTP/1.1" 200 5933 "https://www.rndsquared.com/" "Mozilla/5.0 (Macintosh; Intel Mac OS X 10_12_5) AppleWebKit/603.2.4 (KHTML, like Gecko) Version/10.1.1 Safari/603.2.4"
73.71.74.9 - - [11/Nov/2017:14:40:10 -0800] "GET /css/styles.css HTTP/1.1" 200 1975 "https://www.rndsquared.com/" "Mozilla/5.0 (Macintosh; Intel Mac OS X 10_12_5) AppleWebKit/603.2.4 (KHTML, like Gecko) Version/10.1.1 Safari/603.2.4"
73.71.74.9 - - [11/Nov/2017:14:40:10 -0800] "GET /css/bootstrap.min.css HTTP/1.1" 200 11249 "https://www.rndsquared.com/" "Mozilla/5.0 (Macintosh; Intel Mac OS X 10_12_5) AppleWebKit/603.2.4 (KHTML, like Gecko) Version/10.1.1 Safari/603.2.4"
73.71.74.9 - - [11/Nov/2017:14:40:10 -0800] "GET /img/mixman/thumbs/1.jpg HTTP/1.1" 200 35516 "https://www.rndsquared.com/" "Mozilla/5.0 (Macintosh; Intel Mac OS X 10_12_5) AppleWebKit/603.2.4 (KHTML, like Gecko) Version/10.1.1 Safari/603.2.4"
73.71.74.9 - - [11/Nov/2017:14:40:10 -0800] "GET /img/urban-cowgirl/thumbs/1.jpg HTTP/1.1" 200 26624 "https://www.rndsquared.com/" "Mozilla/5.0 (Macintosh; Intel Mac OS X 10_12_5) AppleWebKit/603.2.4 (KHTML, like Gecko) Version/10.1.1 Safari/603.2.4"
73.71.74.9 - - [11/Nov/2017:14:40:10 -0800] "GET /img/wu-wei/thumbs/1.jpg HTTP/1.1" 200 35144 "https://www.rndsquared.com/" "Mozilla/5.0 (Macintosh; Intel Mac OS X 10_12_5) AppleWebKit/603.2.4 (KHTML, like Gecko) Version/10.1.1 Safari/603.2.4"
73.71.74.9 - - [11/Nov/2017:14:40:10 -0800] "GET /img/oncekids-fujimini/thumbs/1.jpg HTTP/1.1" 200 36349 "https://www.rndsquared.com/" "Mozilla/5.0 (Macintosh; Intel Mac OS X 10_12_5) AppleWebKit/603.2.4 (KHTML, like Gecko) Version/10.1.1 Safari/603.2.4"
73.71.74.9 - - [11/Nov/2017:14:40:10 -0800] "GET /img/sfnoir/thumbs/2.jpg HTTP/1.1" 200 23061 "https://www.rndsquared.com/" "Mozilla/5.0 (Macintosh; Intel Mac OS X 10_12_5) AppleWebKit/603.2.4 (KHTML, like Gecko) Version/10.1.1 Safari/603.2.4"
73.71.74.9 - - [11/Nov/2017:14:40:10 -0800] "GET /js/scripts.js HTTP/1.1" 200 1227 "https://www.rndsquared.com/" "Mozilla/5.0 (Macintosh; Intel Mac OS X 10_12_5) AppleWebKit/603.2.4 (KHTML, like Gecko) Version/10.1.1 Safari/603.2.4"
73.71.74.9 - - [11/Nov/2017:14:40:10 -0800] "GET /js/lightbox.js HTTP/1.1" 200 4210 "https://www.rndsquared.com/" "Mozilla/5.0 (Macintosh; Intel Mac OS X 10_12_5) AppleWebKit/603.2.4 (KHTML, like Gecko) Version/10.1.1 Safari/603.2.4"
73.71.74.9 - - [11/Nov/2017:14:40:10 -0800] "GET /img/bs4w/thumbs/3.jpg HTTP/1.1" 200 21431 "https://www.rndsquared.com/" "Mozilla/5.0 (Macintosh; Intel Mac OS X 10_12_5) AppleWebKit/603.2.4 (KHTML, like Gecko) Version/10.1.1 Safari/603.2.4"
73.71.74.9 - - [11/Nov/2017:14:40:10 -0800] "GET /img/autumn/thumbs/8.jpg HTTP/1.1" 200 20283 "https://www.rndsquared.com/" "Mozilla/5.0 (Macintosh; Intel Mac OS X 10_12_5) AppleWebKit/603.2.4 (KHTML, like Gecko) Version/10.1.1 Safari/603.2.4"
73.71.74.9 - - [11/Nov/2017:14:40:10 -0800] "GET /img/njn/thumbs/1.jpg HTTP/1.1" 200 24676 "https://www.rndsquared.com/" "Mozilla/5.0 (Macintosh; Intel Mac OS X 10_12_5) AppleWebKit/603.2.4 (KHTML, like Gecko) Version/10.1.1 Safari/603.2.4"
73.71.74.9 - - [11/Nov/2017:14:40:10 -0800] "GET /img/autumn/thumbs/1.jpg HTTP/1.1" 200 24768 "https://www.rndsquared.com/" "Mozilla/5.0 (Macintosh; Intel Mac OS X 10_12_5) AppleWebKit/603.2.4 (KHTML, like Gecko) Version/10.1.1 Safari/603.2.4"
73.71.74.9 - - [11/Nov/2017:14:40:10 -0800] "GET /img/mixman/thumbs/3.jpg HTTP/1.1" 200 32138 "https://www.rndsquared.com/" "Mozilla/5.0 (Macintosh; Intel Mac OS X 10_12_5) AppleWebKit/603.2.4 (KHTML, like Gecko) Version/10.1.1 Safari/603.2.4"
73.71.74.9 - - [11/Nov/2017:14:40:10 -0800] "GET /img/mixman/thumbs/4.jpg HTTP/1.1" 200 35783 "https://www.rndsquared.com/" "Mozilla/5.0 (Macintosh; Intel Mac OS X 10_12_5) AppleWebKit/603.2.4 (KHTML, like Gecko) Version/10.1.1 Safari/603.2.4"
73.71.74.9 - - [11/Nov/2017:14:40:10 -0800] "GET /img/mixman/thumbs/2.jpg HTTP/1.1" 200 24519 "https://www.rndsquared.com/" "Mozilla/5.0 (Macintosh; Intel Mac OS X 10_12_5) AppleWebKit/603.2.4 (KHTML, like Gecko) Version/10.1.1 Safari/603.2.4"
73.71.74.9 - - [11/Nov/2017:14:40:10 -0800] "GET /img/mixman/thumbs/5.jpg HTTP/1.1" 200 23498 "https://www.rndsquared.com/" "Mozilla/5.0 (Macintosh; Intel Mac OS X 10_12_5) AppleWebKit/603.2.4 (KHTML, like Gecko) Version/10.1.1 Safari/603.2.4"
73.71.74.9 - - [11/Nov/2017:14:40:10 -0800] "GET /img/mixman/thumbs/7.jpg HTTP/1.1" 200 29010 "https://www.rndsquared.com/" "Mozilla/5.0 (Macintosh; Intel Mac OS X 10_12_5) AppleWebKit/603.2.4 (KHTML, like Gecko) Version/10.1.1 Safari/603.2.4"
73.71.74.9 - - [11/Nov/2017:14:40:10 -0800] "GET /img/mixman/thumbs/6.jpg HTTP/1.1" 200 29592 "https://www.rndsquared.com/" "Mozilla/5.0 (Macintosh; Intel Mac OS X 10_12_5) AppleWebKit/603.2.4 (KHTML, like Gecko) Version/10.1.1 Safari/603.2.4"
73.71.74.9 - - [11/Nov/2017:14:40:10 -0800] "GET /img/mixman/thumbs/11.jpg HTTP/1.1" 200 32588 "https://www.rndsquared.com/" "Mozilla/5.0 (Macintosh; Intel Mac OS X 10_12_5) AppleWebKit/603.2.4 (KHTML, like Gecko) Version/10.1.1 Safari/603.2.4"
73.71.74.9 - - [11/Nov/2017:14:40:10 -0800] "GET /img/mixman/thumbs/10.jpg HTTP/1.1" 200 31032 "https://www.rndsquared.com/" "Mozilla/5.0 (Macintosh; Intel Mac OS X 10_12_5) AppleWebKit/603.2.4 (KHTML, like Gecko) Version/10.1.1 Safari/603.2.4"
73.71.74.9 - - [11/Nov/2017:14:40:10 -0800] "GET /img/mixman/thumbs/9.jpg HTTP/1.1" 200 34012 "https://www.rndsquared.com/" "Mozilla/5.0 (Macintosh; Intel Mac OS X 10_12_5) AppleWebKit/603.2.4 (KHTML, like Gecko) Version/10.1.1 Safari/603.2.4"
73.71.74.9 - - [11/Nov/2017:14:40:10 -0800] "GET /fonts/mn2-webfont.woff2 HTTP/1.1" 200 15004 "https://www.rndsquared.com/" "Mozilla/5.0 (Macintosh; Intel Mac OS X 10_12_5) AppleWebKit/603.2.4 (KHTML, like Gecko) Version/10.1.1 Safari/603.2.4"
73.71.74.9 - - [11/Nov/2017:14:40:10 -0800] "GET /img/mixman/thumbs/13.jpg HTTP/1.1" 200 28845 "https://www.rndsquared.com/" "Mozilla/5.0 (Macintosh; Intel Mac OS X 10_12_5) AppleWebKit/603.2.4 (KHTML, like Gecko) Version/10.1.1 Safari/603.2.4"
73.71.74.9 - - [11/Nov/2017:14:40:10 -0800] "GET /img/mixman/thumbs/16.jpg HTTP/1.1" 200 36852 "https://www.rndsquared.com/" "Mozilla/5.0 (Macintosh; Intel Mac OS X 10_12_5) AppleWebKit/603.2.4 (KHTML, like Gecko) Version/10.1.1 Safari/603.2.4"
73.71.74.9 - - [11/Nov/2017:14:40:10 -0800] "GET /img/mixman/thumbs/18.jpg HTTP/1.1" 200 20196 "https://www.rndsquared.com/" "Mozilla/5.0 (Macintosh; Intel Mac OS X 10_12_5) AppleWebKit/603.2.4 (KHTML, like Gecko) Version/10.1.1 Safari/603.2.4"
73.71.74.9 - - [11/Nov/2017:14:40:10 -0800] "GET /img/mixman/thumbs/17.jpg HTTP/1.1" 200 16331 "https://www.rndsquared.com/" "Mozilla/5.0 (Macintosh; Intel Mac OS X 10_12_5) AppleWebKit/603.2.4 (KHTML, like Gecko) Version/10.1.1 Safari/603.2.4"
73.71.74.9 - - [11/Nov/2017:14:40:10 -0800] "GET /img/mixman/thumbs/15.jpg HTTP/1.1" 200 31677 "https://www.rndsquared.com/" "Mozilla/5.0 (Macintosh; Intel Mac OS X 10_12_5) AppleWebKit/603.2.4 (KHTML, like Gecko) Version/10.1.1 Safari/603.2.4"
73.71.74.9 - - [11/Nov/2017:14:40:10 -0800] "GET /img/mixman/thumbs/19.jpg HTTP/1.1" 200 22007 "https://www.rndsquared.com/" "Mozilla/5.0 (Macintosh; Intel Mac OS X 10_12_5) AppleWebKit/603.2.4 (KHTML, like Gecko) Version/10.1.1 Safari/603.2.4"
73.71.74.9 - - [11/Nov/2017:14:40:10 -0800] "GET /img/urban-cowgirl/thumbs/2.jpg HTTP/1.1" 200 24103 "https://www.rndsquared.com/" "Mozilla/5.0 (Macintosh; Intel Mac OS X 10_12_5) AppleWebKit/603.2.4 (KHTML, like Gecko) Version/10.1.1 Safari/603.2.4"
73.71.74.9 - - [11/Nov/2017:14:40:10 -0800] "GET /img/urban-cowgirl/thumbs/3.jpg HTTP/1.1" 200 25487 "https://www.rndsquared.com/" "Mozilla/5.0 (Macintosh; Intel Mac OS X 10_12_5) AppleWebKit/603.2.4 (KHTML, like Gecko) Version/10.1.1 Safari/603.2.4"
73.71.74.9 - - [11/Nov/2017:14:40:10 -0800] "GET /img/urban-cowgirl/thumbs/5.jpg HTTP/1.1" 200 26913 "https://www.rndsquared.com/" "Mozilla/5.0 (Macintosh; Intel Mac OS X 10_12_5) AppleWebKit/603.2.4 (KHTML, like Gecko) Version/10.1.1 Safari/603.2.4"
73.71.74.9 - - [11/Nov/2017:14:40:10 -0800] "GET /img/urban-cowgirl/thumbs/4.jpg HTTP/1.1" 200 27112 "https://www.rndsquared.com/" "Mozilla/5.0 (Macintosh; Intel Mac OS X 10_12_5) AppleWebKit/603.2.4 (KHTML, like Gecko) Version/10.1.1 Safari/603.2.4"
73.71.74.9 - - [11/Nov/2017:14:40:10 -0800] "GET /img/urban-cowgirl/thumbs/6.jpg HTTP/1.1" 200 14645 "https://www.rndsquared.com/" "Mozilla/5.0 (Macintosh; Intel Mac OS X 10_12_5) AppleWebKit/603.2.4 (KHTML, like Gecko) Version/10.1.1 Safari/603.2.4"
73.71.74.9 - - [11/Nov/2017:14:40:10 -0800] "GET /img/oncekids-fujimini/thumbs/2.jpg HTTP/1.1" 200 36054 "https://www.rndsquared.com/" "Mozilla/5.0 (Macintosh; Intel Mac OS X 10_12_5) AppleWebKit/603.2.4 (KHTML, like Gecko) Version/10.1.1 Safari/603.2.4"
73.71.74.9 - - [11/Nov/2017:14:40:10 -0800] "GET /img/oncekids-fujimini/thumbs/3.jpg HTTP/1.1" 200 39586 "https://www.rndsquared.com/" "Mozilla/5.0 (Macintosh; Intel Mac OS X 10_12_5) AppleWebKit/603.2.4 (KHTML, like Gecko) Version/10.1.1 Safari/603.2.4"
73.71.74.9 - - [11/Nov/2017:14:40:10 -0800] "GET /img/oncekids-fujimini/thumbs/4.jpg HTTP/1.1" 200 39689 "https://www.rndsquared.com/" "Mozilla/5.0 (Macintosh; Intel Mac OS X 10_12_5) AppleWebKit/603.2.4 (KHTML, like Gecko) Version/10.1.1 Safari/603.2.4"
73.71.74.9 - - [11/Nov/2017:14:40:10 -0800] "GET /img/oncekids-fujimini/thumbs/5.jpg HTTP/1.1" 200 26202 "https://www.rndsquared.com/" "Mozilla/5.0 (Macintosh; Intel Mac OS X 10_12_5) AppleWebKit/603.2.4 (KHTML, like Gecko) Version/10.1.1 Safari/603.2.4"
73.71.74.9 - - [11/Nov/2017:14:40:10 -0800] "GET /img/oncekids-fujimini/thumbs/8.jpg HTTP/1.1" 200 23299 "https://www.rndsquared.com/" "Mozilla/5.0 (Macintosh; Intel Mac OS X 10_12_5) AppleWebKit/603.2.4 (KHTML, like Gecko) Version/10.1.1 Safari/603.2.4"
73.71.74.9 - - [11/Nov/2017:14:40:10 -0800] "GET /img/oncekids-fujimini/thumbs/6.jpg HTTP/1.1" 200 27603 "https://www.rndsquared.com/" "Mozilla/5.0 (Macintosh; Intel Mac OS X 10_12_5) AppleWebKit/603.2.4 (KHTML, like Gecko) Version/10.1.1 Safari/603.2.4"
73.71.74.9 - - [11/Nov/2017:14:40:10 -0800] "GET /img/oncekids-fujimini/thumbs/7.jpg HTTP/1.1" 200 39450 "https://www.rndsquared.com/" "Mozilla/5.0 (Macintosh; Intel Mac OS X 10_12_5) AppleWebKit/603.2.4 (KHTML, like Gecko) Version/10.1.1 Safari/603.2.4"
73.71.74.9 - - [11/Nov/2017:14:40:11 -0800] "GET /img/wu-wei/thumbs/2.jpg HTTP/1.1" 200 21193 "https://www.rndsquared.com/" "Mozilla/5.0 (Macintosh; Intel Mac OS X 10_12_5) AppleWebKit/603.2.4 (KHTML, like Gecko) Version/10.1.1 Safari/603.2.4"
73.71.74.9 - - [11/Nov/2017:14:40:11 -0800] "GET /img/wu-wei/thumbs/3.jpg HTTP/1.1" 200 22711 "https://www.rndsquared.com/" "Mozilla/5.0 (Macintosh; Intel Mac OS X 10_12_5) AppleWebKit/603.2.4 (KHTML, like Gecko) Version/10.1.1 Safari/603.2.4"
73.71.74.9 - - [11/Nov/2017:14:40:11 -0800] "GET /img/wu-wei/thumbs/7.jpg HTTP/1.1" 200 22901 "https://www.rndsquared.com/" "Mozilla/5.0 (Macintosh; Intel Mac OS X 10_12_5) AppleWebKit/603.2.4 (KHTML, like Gecko) Version/10.1.1 Safari/603.2.4"
73.71.74.9 - - [11/Nov/2017:14:40:11 -0800] "GET /img/wu-wei/thumbs/4.jpg HTTP/1.1" 200 24258 "https://www.rndsquared.com/" "Mozilla/5.0 (Macintosh; Intel Mac OS X 10_12_5) AppleWebKit/603.2.4 (KHTML, like Gecko) Version/10.1.1 Safari/603.2.4"
73.71.74.9 - - [11/Nov/2017:14:40:11 -0800] "GET /img/wu-wei/thumbs/6.jpg HTTP/1.1" 200 21768 "https://www.rndsquared.com/" "Mozilla/5.0 (Macintosh; Intel Mac OS X 10_12_5) AppleWebKit/603.2.4 (KHTML, like Gecko) Version/10.1.1 Safari/603.2.4"
73.71.74.9 - - [11/Nov/2017:14:40:11 -0800] "GET /img/wu-wei/thumbs/5.jpg HTTP/1.1" 200 22671 "https://www.rndsquared.com/" "Mozilla/5.0 (Macintosh; Intel Mac OS X 10_12_5) AppleWebKit/603.2.4 (KHTML, like Gecko) Version/10.1.1 Safari/603.2.4"
73.71.74.9 - - [11/Nov/2017:14:40:11 -0800] "GET /img/wu-wei/thumbs/8.jpg HTTP/1.1" 200 26727 "https://www.rndsquared.com/" "Mozilla/5.0 (Macintosh; Intel Mac OS X 10_12_5) AppleWebKit/603.2.4 (KHTML, like Gecko) Version/10.1.1 Safari/603.2.4"
73.71.74.9 - - [11/Nov/2017:14:40:11 -0800] "GET /img/wu-wei/thumbs/9.jpg HTTP/1.1" 200 35525 "https://www.rndsquared.com/" "Mozilla/5.0 (Macintosh; Intel Mac OS X 10_12_5) AppleWebKit/603.2.4 (KHTML, like Gecko) Version/10.1.1 Safari/603.2.4"
73.71.74.9 - - [11/Nov/2017:14:40:11 -0800] "GET /img/wu-wei/thumbs/10.jpg HTTP/1.1" 200 20185 "https://www.rndsquared.com/" "Mozilla/5.0 (Macintosh; Intel Mac OS X 10_12_5) AppleWebKit/603.2.4 (KHTML, like Gecko) Version/10.1.1 Safari/603.2.4"
73.71.74.9 - - [11/Nov/2017:14:40:11 -0800] "GET /img/bs4w/thumbs/1.jpg HTTP/1.1" 200 14712 "https://www.rndsquared.com/" "Mozilla/5.0 (Macintosh; Intel Mac OS X 10_12_5) AppleWebKit/603.2.4 (KHTML, like Gecko) Version/10.1.1 Safari/603.2.4"
73.71.74.9 - - [11/Nov/2017:14:40:11 -0800] "GET /img/bs4w/thumbs/2.jpg HTTP/1.1" 200 31891 "https://www.rndsquared.com/" "Mozilla/5.0 (Macintosh; Intel Mac OS X 10_12_5) AppleWebKit/603.2.4 (KHTML, like Gecko) Version/10.1.1 Safari/603.2.4"
73.71.74.9 - - [11/Nov/2017:14:40:11 -0800] "GET /img/bs4w/thumbs/4.jpg HTTP/1.1" 200 27608 "https://www.rndsquared.com/" "Mozilla/5.0 (Macintosh; Intel Mac OS X 10_12_5) AppleWebKit/603.2.4 (KHTML, like Gecko) Version/10.1.1 Safari/603.2.4"
73.71.74.9 - - [11/Nov/2017:14:40:11 -0800] "GET /img/bs4w/thumbs/7.jpg HTTP/1.1" 200 23328 "https://www.rndsquared.com/" "Mozilla/5.0 (Macintosh; Intel Mac OS X 10_12_5) AppleWebKit/603.2.4 (KHTML, like Gecko) Version/10.1.1 Safari/603.2.4"
73.71.74.9 - - [11/Nov/2017:14:40:11 -0800] "GET /img/bs4w/thumbs/6.jpg HTTP/1.1" 200 12384 "https://www.rndsquared.com/" "Mozilla/5.0 (Macintosh; Intel Mac OS X 10_12_5) AppleWebKit/603.2.4 (KHTML, like Gecko) Version/10.1.1 Safari/603.2.4"
73.71.74.9 - - [11/Nov/2017:14:40:11 -0800] "GET /img/bs4w/thumbs/5.jpg HTTP/1.1" 200 12034 "https://www.rndsquared.com/" "Mozilla/5.0 (Macintosh; Intel Mac OS X 10_12_5) AppleWebKit/603.2.4 (KHTML, like Gecko) Version/10.1.1 Safari/603.2.4"
73.71.74.9 - - [11/Nov/2017:14:40:11 -0800] "GET /img/bs4w/thumbs/8.jpg HTTP/1.1" 200 22657 "https://www.rndsquared.com/" "Mozilla/5.0 (Macintosh; Intel Mac OS X 10_12_5) AppleWebKit/603.2.4 (KHTML, like Gecko) Version/10.1.1 Safari/603.2.4"
73.71.74.9 - - [11/Nov/2017:14:40:11 -0800] "GET /img/sfnoir/thumbs/1.jpg HTTP/1.1" 200 25215 "https://www.rndsquared.com/" "Mozilla/5.0 (Macintosh; Intel Mac OS X 10_12_5) AppleWebKit/603.2.4 (KHTML, like Gecko) Version/10.1.1 Safari/603.2.4"
73.71.74.9 - - [11/Nov/2017:14:40:11 -0800] "GET /img/sfnoir/thumbs/3.jpg HTTP/1.1" 200 22380 "https://www.rndsquared.com/" "Mozilla/5.0 (Macintosh; Intel Mac OS X 10_12_5) AppleWebKit/603.2.4 (KHTML, like Gecko) Version/10.1.1 Safari/603.2.4"
73.71.74.9 - - [11/Nov/2017:14:40:11 -0800] "GET /img/sfnoir/thumbs/6.jpg HTTP/1.1" 200 31401 "https://www.rndsquared.com/" "Mozilla/5.0 (Macintosh; Intel Mac OS X 10_12_5) AppleWebKit/603.2.4 (KHTML, like Gecko) Version/10.1.1 Safari/603.2.4"
73.71.74.9 - - [11/Nov/2017:14:40:11 -0800] "GET /img/sfnoir/thumbs/5.jpg HTTP/1.1" 200 18532 "https://www.rndsquared.com/" "Mozilla/5.0 (Macintosh; Intel Mac OS X 10_12_5) AppleWebKit/603.2.4 (KHTML, like Gecko) Version/10.1.1 Safari/603.2.4"
73.71.74.9 - - [11/Nov/2017:14:40:11 -0800] "GET /img/sfnoir/thumbs/7.jpg HTTP/1.1" 200 33692 "https://www.rndsquared.com/" "Mozilla/5.0 (Macintosh; Intel Mac OS X 10_12_5) AppleWebKit/603.2.4 (KHTML, like Gecko) Version/10.1.1 Safari/603.2.4"
73.71.74.9 - - [11/Nov/2017:14:40:11 -0800] "GET /img/sfnoir/thumbs/8.jpg HTTP/1.1" 200 32404 "https://www.rndsquared.com/" "Mozilla/5.0 (Macintosh; Intel Mac OS X 10_12_5) AppleWebKit/603.2.4 (KHTML, like Gecko) Version/10.1.1 Safari/603.2.4"
73.71.74.9 - - [11/Nov/2017:14:40:11 -0800] "GET /img/sfnoir/thumbs/9.jpg HTTP/1.1" 200 20844 "https://www.rndsquared.com/" "Mozilla/5.0 (Macintosh; Intel Mac OS X 10_12_5) AppleWebKit/603.2.4 (KHTML, like Gecko) Version/10.1.1 Safari/603.2.4"
73.71.74.9 - - [11/Nov/2017:14:40:11 -0800] "GET /img/njn/thumbs/2.jpg HTTP/1.1" 200 26672 "https://www.rndsquared.com/" "Mozilla/5.0 (Macintosh; Intel Mac OS X 10_12_5) AppleWebKit/603.2.4 (KHTML, like Gecko) Version/10.1.1 Safari/603.2.4"
73.71.74.9 - - [11/Nov/2017:14:40:11 -0800] "GET /img/njn/thumbs/3.jpg HTTP/1.1" 200 33267 "https://www.rndsquared.com/" "Mozilla/5.0 (Macintosh; Intel Mac OS X 10_12_5) AppleWebKit/603.2.4 (KHTML, like Gecko) Version/10.1.1 Safari/603.2.4"
73.71.74.9 - - [11/Nov/2017:14:40:11 -0800] "GET /img/njn/thumbs/6.jpg HTTP/1.1" 200 32048 "https://www.rndsquared.com/" "Mozilla/5.0 (Macintosh; Intel Mac OS X 10_12_5) AppleWebKit/603.2.4 (KHTML, like Gecko) Version/10.1.1 Safari/603.2.4"
73.71.74.9 - - [11/Nov/2017:14:40:11 -0800] "GET /img/njn/thumbs/4.jpg HTTP/1.1" 200 32206 "https://www.rndsquared.com/" "Mozilla/5.0 (Macintosh; Intel Mac OS X 10_12_5) AppleWebKit/603.2.4 (KHTML, like Gecko) Version/10.1.1 Safari/603.2.4"
73.71.74.9 - - [11/Nov/2017:14:40:11 -0800] "GET /img/njn/thumbs/5.jpg HTTP/1.1" 200 27963 "https://www.rndsquared.com/" "Mozilla/5.0 (Macintosh; Intel Mac OS X 10_12_5) AppleWebKit/603.2.4 (KHTML, like Gecko) Version/10.1.1 Safari/603.2.4"
73.71.74.9 - - [11/Nov/2017:14:40:11 -0800] "GET /img/njn/thumbs/7.jpg HTTP/1.1" 200 28520 "https://www.rndsquared.com/" "Mozilla/5.0 (Macintosh; Intel Mac OS X 10_12_5) AppleWebKit/603.2.4 (KHTML, like Gecko) Version/10.1.1 Safari/603.2.4"
73.71.74.9 - - [11/Nov/2017:14:40:11 -0800] "GET /img/njn/thumbs/8.jpg HTTP/1.1" 200 28396 "https://www.rndsquared.com/" "Mozilla/5.0 (Macintosh; Intel Mac OS X 10_12_5) AppleWebKit/603.2.4 (KHTML, like Gecko) Version/10.1.1 Safari/603.2.4"
73.71.74.9 - - [11/Nov/2017:14:40:11 -0800] "GET /img/autumn/thumbs/2.jpg HTTP/1.1" 200 45196 "https://www.rndsquared.com/" "Mozilla/5.0 (Macintosh; Intel Mac OS X 10_12_5) AppleWebKit/603.2.4 (KHTML, like Gecko) Version/10.1.1 Safari/603.2.4"
73.71.74.9 - - [11/Nov/2017:14:40:11 -0800] "GET /img/autumn/thumbs/4.jpg HTTP/1.1" 200 20880 "https://www.rndsquared.com/" "Mozilla/5.0 (Macintosh; Intel Mac OS X 10_12_5) AppleWebKit/603.2.4 (KHTML, like Gecko) Version/10.1.1 Safari/603.2.4"
73.71.74.9 - - [11/Nov/2017:14:40:11 -0800] "GET /img/autumn/thumbs/6.jpg HTTP/1.1" 200 30923 "https://www.rndsquared.com/" "Mozilla/5.0 (Macintosh; Intel Mac OS X 10_12_5) AppleWebKit/603.2.4 (KHTML, like Gecko) Version/10.1.1 Safari/603.2.4"
73.71.74.9 - - [11/Nov/2017:14:40:11 -0800] "GET /img/autumn/thumbs/5.jpg HTTP/1.1" 200 29246 "https://www.rndsquared.com/" "Mozilla/5.0 (Macintosh; Intel Mac OS X 10_12_5) AppleWebKit/603.2.4 (KHTML, like Gecko) Version/10.1.1 Safari/603.2.4"
73.71.74.9 - - [11/Nov/2017:14:40:11 -0800] "GET /img/autumn/thumbs/3.jpg HTTP/1.1" 200 40589 "https://www.rndsquared.com/" "Mozilla/5.0 (Macintosh; Intel Mac OS X 10_12_5) AppleWebKit/603.2.4 (KHTML, like Gecko) Version/10.1.1 Safari/603.2.4"
73.71.74.9 - - [11/Nov/2017:14:40:11 -0800] "GET /img/autumn/thumbs/7.jpg HTTP/1.1" 200 25117 "https://www.rndsquared.com/" "Mozilla/5.0 (Macintosh; Intel Mac OS X 10_12_5) AppleWebKit/603.2.4 (KHTML, like Gecko) Version/10.1.1 Safari/603.2.4"
73.71.74.9 - - [11/Nov/2017:14:40:11 -0800] "GET /css/images/loading.gif HTTP/1.1" 200 8476 "https://www.rndsquared.com/" "Mozilla/5.0 (Macintosh; Intel Mac OS X 10_12_5) AppleWebKit/603.2.4 (KHTML, like Gecko) Version/10.1.1 Safari/603.2.4"
73.71.74.9 - - [11/Nov/2017:14:40:11 -0800] "GET /css/images/close.png HTTP/1.1" 200 280 "https://www.rndsquared.com/" "Mozilla/5.0 (Macintosh; Intel Mac OS X 10_12_5) AppleWebKit/603.2.4 (KHTML, like Gecko) Version/10.1.1 Safari/603.2.4"
73.71.74.9 - - [11/Nov/2017:14:40:11 -0800] "GET /css/images/prev.png HTTP/1.1" 200 1360 "https://www.rndsquared.com/" "Mozilla/5.0 (Macintosh; Intel Mac OS X 10_12_5) AppleWebKit/603.2.4 (KHTML, like Gecko) Version/10.1.1 Safari/603.2.4"
73.71.74.9 - - [11/Nov/2017:14:40:11 -0800] "GET /css/images/next.png HTTP/1.1" 200 1350 "https://www.rndsquared.com/" "Mozilla/5.0 (Macintosh; Intel Mac OS X 10_12_5) AppleWebKit/603.2.4 (KHTML, like Gecko) Version/10.1.1 Safari/603.2.4"
73.71.74.9 - - [11/Nov/2017:14:40:11 -0800] "GET /img/logo.png HTTP/1.1" 200 13123 "https://www.rndsquared.com/" "Mozilla/5.0 (Macintosh; Intel Mac OS X 10_12_5) AppleWebKit/603.2.4 (KHTML, like Gecko) Version/10.1.1 Safari/603.2.4"
73.71.74.9 - - [11/Nov/2017:14:40:11 -0800] "GET /img/marble.jpg HTTP/1.1" 200 292701 "https://www.rndsquared.com/" "Mozilla/5.0 (Macintosh; Intel Mac OS X 10_12_5) AppleWebKit/603.2.4 (KHTML, like Gecko) Version/10.1.1 Safari/603.2.4"
73.71.74.9 - - [11/Nov/2017:14:40:12 -0800] "GET /favicon.ico HTTP/1.1" 404 209 "https://www.rndsquared.com/" "Mozilla/5.0 (Macintosh; Intel Mac OS X 10_12_5) AppleWebKit/603.2.4 (KHTML, like Gecko) Version/10.1.1 Safari/603.2.4"
73.71.74.9 - - [11/Nov/2017:14:40:18 -0800] "GET /img/autumn/3.jpg HTTP/1.1" 200 506599 "https://www.rndsquared.com/" "Mozilla/5.0 (Macintosh; Intel Mac OS X 10_12_5) AppleWebKit/603.2.4 (KHTML, like Gecko) Version/10.1.1 Safari/603.2.4"
73.71.74.9 - - [11/Nov/2017:14:40:19 -0800] "GET /img/autumn/4.jpg HTTP/1.1" 200 166546 "https://www.rndsquared.com/" "Mozilla/5.0 (Macintosh; Intel Mac OS X 10_12_5) AppleWebKit/603.2.4 (KHTML, like Gecko) Version/10.1.1 Safari/603.2.4"
73.71.74.9 - - [11/Nov/2017:14:40:19 -0800] "GET /img/autumn/2.jpg HTTP/1.1" 200 292159 "https://www.rndsquared.com/" "Mozilla/5.0 (Macintosh; Intel Mac OS X 10_12_5) AppleWebKit/603.2.4 (KHTML, like Gecko) Version/10.1.1 Safari/603.2.4"
46.229.164.102 - - [11/Nov/2017:14:48:23 -0800] "GET /robots.txt HTTP/1.1" 404 208 "-" "Mozilla/5.0 (compatible; SemrushBot/1.2~bl; +http://www.semrush.com/bot.html)"
216.244.66.233 - - [11/Nov/2017:15:05:52 -0800] "GET /robots.txt HTTP/1.1" 404 208 "-" "Mozilla/5.0 (compatible; DotBot/1.1; http://www.opensiteexplorer.org/dotbot, help@moz.com)"
66.249.79.66 - - [11/Nov/2017:16:03:43 -0800] "GET / HTTP/1.1" 200 15892 "-" "Mozilla/5.0 (Linux; Android 6.0.1; Nexus 5X Build/MMB29P) AppleWebKit/537.36 (KHTML, like Gecko) Chrome/41.0.2272.96 Mobile Safari/537.36 (compatible; Googlebot/2.1; +http://www.google.com/bot.html)"
66.249.79.66 - - [11/Nov/2017:16:03:46 -0800] "GET /css/styles.css HTTP/1.1" 200 1975 "https://www.rndsquared.com/" "Mozilla/5.0 (compatible; Googlebot/2.1; +http://www.google.com/bot.html)"
66.249.79.69 - - [11/Nov/2017:16:03:46 -0800] "GET /css/lightbox.css HTTP/1.1" 200 1003 "https://www.rndsquared.com/" "Mozilla/5.0 (compatible; Googlebot/2.1; +http://www.google.com/bot.html)"
66.249.79.66 - - [11/Nov/2017:16:03:46 -0800] "GET /css/bootstrap.min.css HTTP/1.1" 200 11249 "https://www.rndsquared.com/" "Mozilla/5.0 (compatible; Googlebot/2.1; +http://www.google.com/bot.html)"
144.217.243.211 - - [11/Nov/2017:16:14:49 -0800] "GET / HTTP/1.1" 200 15892 "-" "Mozilla/5.0 (Windows NT 10.0; WOW64) AppleWebKit/537.36 (KHTML, like Gecko) Chrome/52.0.2743.116 Safari/537.36"
185.165.29.122 - - [11/Nov/2017:16:16:28 -0800] "GET / HTTP/1.1" 200 72657 "-" "-"
