210.54.39.50 - - [07/Dec/2019:22:07:31 -0800] "GET / HTTP/1.1" 200 79394 "-" "check_http/v2.2.1 (nagios-plugins 2.2.1)"
210.54.39.50 - - [07/Dec/2019:22:12:32 -0800] "GET / HTTP/1.1" 200 79394 "-" "check_http/v2.2.1 (nagios-plugins 2.2.1)"
210.54.39.50 - - [07/Dec/2019:22:17:31 -0800] "GET / HTTP/1.1" 200 79394 "-" "check_http/v2.2.1 (nagios-plugins 2.2.1)"
210.54.39.50 - - [07/Dec/2019:22:22:31 -0800] "GET / HTTP/1.1" 200 79394 "-" "check_http/v2.2.1 (nagios-plugins 2.2.1)"
210.54.39.50 - - [07/Dec/2019:22:27:30 -0800] "GET / HTTP/1.1" 200 79394 "-" "check_http/v2.2.1 (nagios-plugins 2.2.1)"
210.54.39.50 - - [07/Dec/2019:22:32:32 -0800] "GET / HTTP/1.1" 200 79394 "-" "check_http/v2.2.1 (nagios-plugins 2.2.1)"
210.54.39.50 - - [07/Dec/2019:22:37:31 -0800] "GET / HTTP/1.1" 200 79394 "-" "check_http/v2.2.1 (nagios-plugins 2.2.1)"
210.54.39.50 - - [07/Dec/2019:22:42:32 -0800] "GET / HTTP/1.1" 200 79394 "-" "check_http/v2.2.1 (nagios-plugins 2.2.1)"
210.54.39.50 - - [07/Dec/2019:22:47:31 -0800] "GET / HTTP/1.1" 200 79394 "-" "check_http/v2.2.1 (nagios-plugins 2.2.1)"
210.54.39.50 - - [07/Dec/2019:22:52:31 -0800] "GET / HTTP/1.1" 200 79394 "-" "check_http/v2.2.1 (nagios-plugins 2.2.1)"
210.54.39.50 - - [07/Dec/2019:22:57:30 -0800] "GET / HTTP/1.1" 200 79394 "-" "check_http/v2.2.1 (nagios-plugins 2.2.1)"
157.55.39.213 - - [07/Dec/2019:23:02:22 -0800] "GET /img/autumn/3.jpg HTTP/1.1" 200 506599 "-" "Mozilla/5.0 (compatible; bingbot/2.0; +http://www.bing.com/bingbot.htm)"
210.54.39.50 - - [07/Dec/2019:23:02:32 -0800] "GET / HTTP/1.1" 200 79394 "-" "check_http/v2.2.1 (nagios-plugins 2.2.1)"
210.54.39.50 - - [07/Dec/2019:23:07:31 -0800] "GET / HTTP/1.1" 200 79394 "-" "check_http/v2.2.1 (nagios-plugins 2.2.1)"
207.46.13.205 - - [07/Dec/2019:23:11:21 -0800] "GET /img/mixman/19.jpg HTTP/1.1" 200 81276 "-" "Mozilla/5.0 (compatible; bingbot/2.0; +http://www.bing.com/bingbot.htm)"
210.54.39.50 - - [07/Dec/2019:23:12:32 -0800] "GET / HTTP/1.1" 200 79394 "-" "check_http/v2.2.1 (nagios-plugins 2.2.1)"
210.54.39.50 - - [07/Dec/2019:23:17:30 -0800] "GET / HTTP/1.1" 200 79394 "-" "check_http/v2.2.1 (nagios-plugins 2.2.1)"
207.46.13.75 - - [07/Dec/2019:23:17:46 -0800] "GET /img/oncekids-fujimini/thumbs/3.jpg HTTP/1.1" 200 39586 "-" "Mozilla/5.0 (compatible; bingbot/2.0; +http://www.bing.com/bingbot.htm)"
210.54.39.50 - - [07/Dec/2019:23:22:32 -0800] "GET / HTTP/1.1" 200 79394 "-" "check_http/v2.2.1 (nagios-plugins 2.2.1)"
210.54.39.50 - - [07/Dec/2019:23:27:31 -0800] "GET / HTTP/1.1" 200 79394 "-" "check_http/v2.2.1 (nagios-plugins 2.2.1)"
210.54.39.50 - - [07/Dec/2019:23:32:32 -0800] "GET / HTTP/1.1" 200 79394 "-" "check_http/v2.2.1 (nagios-plugins 2.2.1)"
210.54.39.50 - - [07/Dec/2019:23:37:31 -0800] "GET / HTTP/1.1" 200 79394 "-" "check_http/v2.2.1 (nagios-plugins 2.2.1)"
210.54.39.50 - - [07/Dec/2019:23:42:31 -0800] "GET / HTTP/1.1" 200 79394 "-" "check_http/v2.2.1 (nagios-plugins 2.2.1)"
210.54.39.50 - - [07/Dec/2019:23:47:30 -0800] "GET / HTTP/1.1" 200 79394 "-" "check_http/v2.2.1 (nagios-plugins 2.2.1)"
210.54.39.50 - - [07/Dec/2019:23:52:32 -0800] "GET / HTTP/1.1" 200 79394 "-" "check_http/v2.2.1 (nagios-plugins 2.2.1)"
210.54.39.50 - - [07/Dec/2019:23:57:31 -0800] "GET / HTTP/1.1" 200 79394 "-" "check_http/v2.2.1 (nagios-plugins 2.2.1)"
210.54.39.50 - - [08/Dec/2019:00:02:32 -0800] "GET / HTTP/1.1" 200 79394 "-" "check_http/v2.2.1 (nagios-plugins 2.2.1)"
210.54.39.50 - - [08/Dec/2019:00:07:30 -0800] "GET / HTTP/1.1" 200 79394 "-" "check_http/v2.2.1 (nagios-plugins 2.2.1)"
210.54.39.50 - - [08/Dec/2019:00:12:31 -0800] "GET / HTTP/1.1" 200 79394 "-" "check_http/v2.2.1 (nagios-plugins 2.2.1)"
210.54.39.50 - - [08/Dec/2019:00:17:31 -0800] "GET / HTTP/1.1" 200 79394 "-" "check_http/v2.2.1 (nagios-plugins 2.2.1)"
210.54.39.50 - - [08/Dec/2019:00:22:32 -0800] "GET / HTTP/1.1" 200 79394 "-" "check_http/v2.2.1 (nagios-plugins 2.2.1)"
210.54.39.50 - - [08/Dec/2019:00:27:31 -0800] "GET / HTTP/1.1" 200 79394 "-" "check_http/v2.2.1 (nagios-plugins 2.2.1)"
210.54.39.50 - - [08/Dec/2019:00:32:31 -0800] "GET / HTTP/1.1" 200 79394 "-" "check_http/v2.2.1 (nagios-plugins 2.2.1)"
207.46.13.205 - - [08/Dec/2019:00:36:06 -0800] "GET /img/oncekids-fujimini/7.jpg HTTP/1.1" 200 153636 "-" "Mozilla/5.0 (compatible; bingbot/2.0; +http://www.bing.com/bingbot.htm)"
210.54.39.50 - - [08/Dec/2019:00:37:31 -0800] "GET / HTTP/1.1" 200 79394 "-" "check_http/v2.2.1 (nagios-plugins 2.2.1)"
210.54.39.50 - - [08/Dec/2019:00:42:32 -0800] "GET / HTTP/1.1" 200 79394 "-" "check_http/v2.2.1 (nagios-plugins 2.2.1)"
210.54.39.50 - - [08/Dec/2019:00:47:31 -0800] "GET / HTTP/1.1" 200 79394 "-" "check_http/v2.2.1 (nagios-plugins 2.2.1)"
157.55.39.213 - - [08/Dec/2019:00:50:14 -0800] "GET /img/autumn/3.jpg HTTP/1.1" 200 506599 "-" "Mozilla/5.0 (compatible; bingbot/2.0; +http://www.bing.com/bingbot.htm)"
210.54.39.50 - - [08/Dec/2019:00:52:32 -0800] "GET / HTTP/1.1" 200 79394 "-" "check_http/v2.2.1 (nagios-plugins 2.2.1)"
210.54.39.50 - - [08/Dec/2019:00:57:30 -0800] "GET / HTTP/1.1" 200 79394 "-" "check_http/v2.2.1 (nagios-plugins 2.2.1)"
210.54.39.50 - - [08/Dec/2019:01:02:32 -0800] "GET / HTTP/1.1" 200 79394 "-" "check_http/v2.2.1 (nagios-plugins 2.2.1)"
210.54.39.50 - - [08/Dec/2019:01:07:31 -0800] "GET / HTTP/1.1" 200 79394 "-" "check_http/v2.2.1 (nagios-plugins 2.2.1)"
210.54.39.50 - - [08/Dec/2019:01:12:32 -0800] "GET / HTTP/1.1" 200 79394 "-" "check_http/v2.2.1 (nagios-plugins 2.2.1)"
210.54.39.50 - - [08/Dec/2019:01:17:31 -0800] "GET / HTTP/1.1" 200 79394 "-" "check_http/v2.2.1 (nagios-plugins 2.2.1)"
210.54.39.50 - - [08/Dec/2019:01:22:31 -0800] "GET / HTTP/1.1" 200 79394 "-" "check_http/v2.2.1 (nagios-plugins 2.2.1)"
210.54.39.50 - - [08/Dec/2019:01:27:30 -0800] "GET / HTTP/1.1" 200 79394 "-" "check_http/v2.2.1 (nagios-plugins 2.2.1)"
210.54.39.50 - - [08/Dec/2019:01:32:32 -0800] "GET / HTTP/1.1" 200 79394 "-" "check_http/v2.2.1 (nagios-plugins 2.2.1)"
54.36.149.99 - - [08/Dec/2019:01:35:54 -0800] "GET /robots.txt HTTP/1.1" 404 208 "-" "Mozilla/5.0 (compatible; AhrefsBot/6.1; +http://ahrefs.com/robot/)"
54.36.148.216 - - [08/Dec/2019:01:35:56 -0800] "GET /img/mixman/17.jpg HTTP/1.1" 200 60460 "-" "Mozilla/5.0 (compatible; AhrefsBot/6.1; +http://ahrefs.com/robot/)"
210.54.39.50 - - [08/Dec/2019:01:37:31 -0800] "GET / HTTP/1.1" 200 79394 "-" "check_http/v2.2.1 (nagios-plugins 2.2.1)"
210.54.39.50 - - [08/Dec/2019:01:42:31 -0800] "GET / HTTP/1.1" 200 79394 "-" "check_http/v2.2.1 (nagios-plugins 2.2.1)"
210.54.39.50 - - [08/Dec/2019:01:47:30 -0800] "GET / HTTP/1.1" 200 79394 "-" "check_http/v2.2.1 (nagios-plugins 2.2.1)"
210.54.39.50 - - [08/Dec/2019:01:52:31 -0800] "GET / HTTP/1.1" 200 79394 "-" "check_http/v2.2.1 (nagios-plugins 2.2.1)"
210.54.39.50 - - [08/Dec/2019:01:57:30 -0800] "GET / HTTP/1.1" 200 79394 "-" "check_http/v2.2.1 (nagios-plugins 2.2.1)"
210.54.39.50 - - [08/Dec/2019:02:02:32 -0800] "GET / HTTP/1.1" 200 79394 "-" "check_http/v2.2.1 (nagios-plugins 2.2.1)"
210.54.39.50 - - [08/Dec/2019:02:07:31 -0800] "GET / HTTP/1.1" 200 79394 "-" "check_http/v2.2.1 (nagios-plugins 2.2.1)"
210.54.39.50 - - [08/Dec/2019:02:12:31 -0800] "GET / HTTP/1.1" 200 79394 "-" "check_http/v2.2.1 (nagios-plugins 2.2.1)"
210.54.39.50 - - [08/Dec/2019:02:17:30 -0800] "GET / HTTP/1.1" 200 79394 "-" "check_http/v2.2.1 (nagios-plugins 2.2.1)"
210.54.39.50 - - [08/Dec/2019:02:22:32 -0800] "GET / HTTP/1.1" 200 79394 "-" "check_http/v2.2.1 (nagios-plugins 2.2.1)"
210.54.39.50 - - [08/Dec/2019:02:27:31 -0800] "GET / HTTP/1.1" 200 79394 "-" "check_http/v2.2.1 (nagios-plugins 2.2.1)"
210.54.39.50 - - [08/Dec/2019:02:32:31 -0800] "GET / HTTP/1.1" 200 79394 "-" "check_http/v2.2.1 (nagios-plugins 2.2.1)"
210.54.39.50 - - [08/Dec/2019:02:37:30 -0800] "GET / HTTP/1.1" 200 79394 "-" "check_http/v2.2.1 (nagios-plugins 2.2.1)"
210.54.39.50 - - [08/Dec/2019:02:42:31 -0800] "GET / HTTP/1.1" 200 79394 "-" "check_http/v2.2.1 (nagios-plugins 2.2.1)"
210.54.39.50 - - [08/Dec/2019:02:47:31 -0800] "GET / HTTP/1.1" 200 79394 "-" "check_http/v2.2.1 (nagios-plugins 2.2.1)"
210.54.39.50 - - [08/Dec/2019:02:52:32 -0800] "GET / HTTP/1.1" 200 79394 "-" "check_http/v2.2.1 (nagios-plugins 2.2.1)"
210.54.39.50 - - [08/Dec/2019:02:57:30 -0800] "GET / HTTP/1.1" 200 79394 "-" "check_http/v2.2.1 (nagios-plugins 2.2.1)"
157.55.39.213 - - [08/Dec/2019:02:59:01 -0800] "GET /img/urban-cowgirl/6.jpg HTTP/1.1" 200 56465 "-" "Mozilla/5.0 (compatible; bingbot/2.0; +http://www.bing.com/bingbot.htm)"
210.54.39.50 - - [08/Dec/2019:03:02:31 -0800] "GET / HTTP/1.1" 200 79394 "-" "check_http/v2.2.1 (nagios-plugins 2.2.1)"
210.54.39.50 - - [08/Dec/2019:03:07:30 -0800] "GET / HTTP/1.1" 200 79394 "-" "check_http/v2.2.1 (nagios-plugins 2.2.1)"
210.54.39.50 - - [08/Dec/2019:03:12:31 -0800] "GET / HTTP/1.1" 200 79394 "-" "check_http/v2.2.1 (nagios-plugins 2.2.1)"
210.54.39.50 - - [08/Dec/2019:03:17:30 -0800] "GET / HTTP/1.1" 200 79394 "-" "check_http/v2.2.1 (nagios-plugins 2.2.1)"
54.36.150.186 - - [08/Dec/2019:03:20:00 -0800] "GET /img/autumn/3.jpg HTTP/1.1" 200 506599 "-" "Mozilla/5.0 (compatible; AhrefsBot/6.1; +http://ahrefs.com/robot/)"
210.54.39.50 - - [08/Dec/2019:03:22:31 -0800] "GET / HTTP/1.1" 200 79394 "-" "check_http/v2.2.1 (nagios-plugins 2.2.1)"
210.54.39.50 - - [08/Dec/2019:03:27:30 -0800] "GET / HTTP/1.1" 200 79394 "-" "check_http/v2.2.1 (nagios-plugins 2.2.1)"
210.54.39.50 - - [08/Dec/2019:03:32:31 -0800] "GET / HTTP/1.1" 200 79394 "-" "check_http/v2.2.1 (nagios-plugins 2.2.1)"
210.54.39.50 - - [08/Dec/2019:03:37:30 -0800] "GET / HTTP/1.1" 200 79394 "-" "check_http/v2.2.1 (nagios-plugins 2.2.1)"
210.54.39.50 - - [08/Dec/2019:03:42:32 -0800] "GET / HTTP/1.1" 200 79394 "-" "check_http/v2.2.1 (nagios-plugins 2.2.1)"
210.54.39.50 - - [08/Dec/2019:03:47:30 -0800] "GET / HTTP/1.1" 200 79394 "-" "check_http/v2.2.1 (nagios-plugins 2.2.1)"
210.54.39.50 - - [08/Dec/2019:03:52:31 -0800] "GET / HTTP/1.1" 200 79394 "-" "check_http/v2.2.1 (nagios-plugins 2.2.1)"
210.54.39.50 - - [08/Dec/2019:03:57:31 -0800] "GET / HTTP/1.1" 200 79394 "-" "check_http/v2.2.1 (nagios-plugins 2.2.1)"
210.54.39.50 - - [08/Dec/2019:04:02:32 -0800] "GET / HTTP/1.1" 200 79394 "-" "check_http/v2.2.1 (nagios-plugins 2.2.1)"
210.54.39.50 - - [08/Dec/2019:04:07:30 -0800] "GET / HTTP/1.1" 200 79394 "-" "check_http/v2.2.1 (nagios-plugins 2.2.1)"
210.54.39.50 - - [08/Dec/2019:04:12:31 -0800] "GET / HTTP/1.1" 200 79394 "-" "check_http/v2.2.1 (nagios-plugins 2.2.1)"
210.54.39.50 - - [08/Dec/2019:04:17:31 -0800] "GET / HTTP/1.1" 200 79394 "-" "check_http/v2.2.1 (nagios-plugins 2.2.1)"
210.54.39.50 - - [08/Dec/2019:04:22:32 -0800] "GET / HTTP/1.1" 200 79394 "-" "check_http/v2.2.1 (nagios-plugins 2.2.1)"
210.54.39.50 - - [08/Dec/2019:04:27:30 -0800] "GET / HTTP/1.1" 200 79394 "-" "check_http/v2.2.1 (nagios-plugins 2.2.1)"
210.54.39.50 - - [08/Dec/2019:04:32:31 -0800] "GET / HTTP/1.1" 200 79394 "-" "check_http/v2.2.1 (nagios-plugins 2.2.1)"
210.54.39.50 - - [08/Dec/2019:04:37:31 -0800] "GET / HTTP/1.1" 200 79394 "-" "check_http/v2.2.1 (nagios-plugins 2.2.1)"
210.54.39.50 - - [08/Dec/2019:04:42:31 -0800] "GET / HTTP/1.1" 200 79394 "-" "check_http/v2.2.1 (nagios-plugins 2.2.1)"
40.77.167.50 - - [08/Dec/2019:04:43:35 -0800] "GET /img/mixman/19.jpg HTTP/1.1" 200 81276 "-" "Mozilla/5.0 (compatible; bingbot/2.0; +http://www.bing.com/bingbot.htm)"
210.54.39.50 - - [08/Dec/2019:04:47:30 -0800] "GET / HTTP/1.1" 200 79394 "-" "check_http/v2.2.1 (nagios-plugins 2.2.1)"
210.54.39.50 - - [08/Dec/2019:04:52:31 -0800] "GET / HTTP/1.1" 200 79394 "-" "check_http/v2.2.1 (nagios-plugins 2.2.1)"
210.54.39.50 - - [08/Dec/2019:04:57:30 -0800] "GET / HTTP/1.1" 200 79394 "-" "check_http/v2.2.1 (nagios-plugins 2.2.1)"
210.54.39.50 - - [08/Dec/2019:05:02:31 -0800] "GET / HTTP/1.1" 200 79394 "-" "check_http/v2.2.1 (nagios-plugins 2.2.1)"
210.54.39.50 - - [08/Dec/2019:05:07:30 -0800] "GET / HTTP/1.1" 200 79394 "-" "check_http/v2.2.1 (nagios-plugins 2.2.1)"
40.77.167.50 - - [08/Dec/2019:05:12:09 -0800] "GET /img/mixman/15.jpg HTTP/1.1" 200 115845 "-" "Mozilla/5.0 (compatible; bingbot/2.0; +http://www.bing.com/bingbot.htm)"
210.54.39.50 - - [08/Dec/2019:05:12:31 -0800] "GET / HTTP/1.1" 200 79394 "-" "check_http/v2.2.1 (nagios-plugins 2.2.1)"
210.54.39.50 - - [08/Dec/2019:05:17:30 -0800] "GET / HTTP/1.1" 200 79394 "-" "check_http/v2.2.1 (nagios-plugins 2.2.1)"
210.54.39.50 - - [08/Dec/2019:05:22:31 -0800] "GET / HTTP/1.1" 200 79394 "-" "check_http/v2.2.1 (nagios-plugins 2.2.1)"
210.54.39.50 - - [08/Dec/2019:05:27:30 -0800] "GET / HTTP/1.1" 200 79394 "-" "check_http/v2.2.1 (nagios-plugins 2.2.1)"
210.54.39.50 - - [08/Dec/2019:05:32:31 -0800] "GET / HTTP/1.1" 200 79394 "-" "check_http/v2.2.1 (nagios-plugins 2.2.1)"
210.54.39.50 - - [08/Dec/2019:05:37:30 -0800] "GET / HTTP/1.1" 200 79394 "-" "check_http/v2.2.1 (nagios-plugins 2.2.1)"
210.54.39.50 - - [08/Dec/2019:05:42:31 -0800] "GET / HTTP/1.1" 200 79394 "-" "check_http/v2.2.1 (nagios-plugins 2.2.1)"
210.54.39.50 - - [08/Dec/2019:05:47:30 -0800] "GET / HTTP/1.1" 200 79394 "-" "check_http/v2.2.1 (nagios-plugins 2.2.1)"
210.54.39.50 - - [08/Dec/2019:05:52:31 -0800] "GET / HTTP/1.1" 200 79394 "-" "check_http/v2.2.1 (nagios-plugins 2.2.1)"
210.54.39.50 - - [08/Dec/2019:05:57:30 -0800] "GET / HTTP/1.1" 200 79394 "-" "check_http/v2.2.1 (nagios-plugins 2.2.1)"
210.54.39.50 - - [08/Dec/2019:06:02:30 -0800] "GET / HTTP/1.1" 200 79394 "-" "check_http/v2.2.1 (nagios-plugins 2.2.1)"
210.54.39.50 - - [08/Dec/2019:06:07:30 -0800] "GET / HTTP/1.1" 200 79394 "-" "check_http/v2.2.1 (nagios-plugins 2.2.1)"
210.54.39.50 - - [08/Dec/2019:06:12:31 -0800] "GET / HTTP/1.1" 200 79394 "-" "check_http/v2.2.1 (nagios-plugins 2.2.1)"
210.54.39.50 - - [08/Dec/2019:06:17:29 -0800] "GET / HTTP/1.1" 200 79394 "-" "check_http/v2.2.1 (nagios-plugins 2.2.1)"
210.54.39.50 - - [08/Dec/2019:06:22:31 -0800] "GET / HTTP/1.1" 200 79394 "-" "check_http/v2.2.1 (nagios-plugins 2.2.1)"
210.54.39.50 - - [08/Dec/2019:06:27:30 -0800] "GET / HTTP/1.1" 200 79394 "-" "check_http/v2.2.1 (nagios-plugins 2.2.1)"
210.54.39.50 - - [08/Dec/2019:06:32:31 -0800] "GET / HTTP/1.1" 200 79394 "-" "check_http/v2.2.1 (nagios-plugins 2.2.1)"
210.54.39.50 - - [08/Dec/2019:06:37:30 -0800] "GET / HTTP/1.1" 200 79394 "-" "check_http/v2.2.1 (nagios-plugins 2.2.1)"
210.54.39.50 - - [08/Dec/2019:06:42:31 -0800] "GET / HTTP/1.1" 200 79394 "-" "check_http/v2.2.1 (nagios-plugins 2.2.1)"
210.54.39.50 - - [08/Dec/2019:06:47:29 -0800] "GET / HTTP/1.1" 200 79394 "-" "check_http/v2.2.1 (nagios-plugins 2.2.1)"
210.54.39.50 - - [08/Dec/2019:06:52:30 -0800] "GET / HTTP/1.1" 200 79394 "-" "check_http/v2.2.1 (nagios-plugins 2.2.1)"
210.54.39.50 - - [08/Dec/2019:06:57:30 -0800] "GET / HTTP/1.1" 200 79394 "-" "check_http/v2.2.1 (nagios-plugins 2.2.1)"
210.54.39.50 - - [08/Dec/2019:07:02:31 -0800] "GET / HTTP/1.1" 200 79394 "-" "check_http/v2.2.1 (nagios-plugins 2.2.1)"
210.54.39.50 - - [08/Dec/2019:07:07:30 -0800] "GET / HTTP/1.1" 200 79394 "-" "check_http/v2.2.1 (nagios-plugins 2.2.1)"
210.54.39.50 - - [08/Dec/2019:07:12:31 -0800] "GET / HTTP/1.1" 200 79394 "-" "check_http/v2.2.1 (nagios-plugins 2.2.1)"
210.54.39.50 - - [08/Dec/2019:07:17:29 -0800] "GET / HTTP/1.1" 200 79394 "-" "check_http/v2.2.1 (nagios-plugins 2.2.1)"
196.52.60.66 - - [08/Dec/2019:07:18:58 -0800] "GET /admin/ HTTP/1.1" 404 204 "-" "Mozilla/5.0 (X11; Ubuntu; Linux x86_64; rv:62.0) Gecko/20100101 Firefox/62.0"
196.52.60.66 - - [08/Dec/2019:07:19:00 -0800] "GET /shop/admin/ HTTP/1.1" 404 209 "-" "Mozilla/5.0 (X11; Ubuntu; Linux x86_64; rv:62.0) Gecko/20100101 Firefox/62.0"
196.52.60.66 - - [08/Dec/2019:07:19:09 -0800] "GET /store/admin/ HTTP/1.1" 404 210 "-" "Mozilla/5.0 (X11; Ubuntu; Linux x86_64; rv:62.0) Gecko/20100101 Firefox/62.0"
196.52.60.66 - - [08/Dec/2019:07:19:15 -0800] "GET /magento/admin/ HTTP/1.1" 404 212 "-" "Mozilla/5.0 (X11; Ubuntu; Linux x86_64; rv:62.0) Gecko/20100101 Firefox/62.0"
196.52.60.66 - - [08/Dec/2019:07:19:16 -0800] "GET /magento2/admin/ HTTP/1.1" 404 213 "-" "Mozilla/5.0 (X11; Ubuntu; Linux x86_64; rv:62.0) Gecko/20100101 Firefox/62.0"
196.52.60.66 - - [08/Dec/2019:07:19:21 -0800] "GET /pub/errors/503.php HTTP/1.1" 404 216 "-" "Mozilla/5.0 (X11; Ubuntu; Linux x86_64; rv:62.0) Gecko/20100101 Firefox/62.0"
196.52.60.66 - - [08/Dec/2019:07:19:23 -0800] "GET /shop/pub/errors/503.php HTTP/1.1" 404 221 "-" "Mozilla/5.0 (X11; Ubuntu; Linux x86_64; rv:62.0) Gecko/20100101 Firefox/62.0"
196.52.60.66 - - [08/Dec/2019:07:19:31 -0800] "GET /store/pub/errors/503.php HTTP/1.1" 404 222 "-" "Mozilla/5.0 (X11; Ubuntu; Linux x86_64; rv:62.0) Gecko/20100101 Firefox/62.0"
196.52.60.66 - - [08/Dec/2019:07:19:36 -0800] "GET /magento/pub/errors/503.php HTTP/1.1" 404 224 "-" "Mozilla/5.0 (X11; Ubuntu; Linux x86_64; rv:62.0) Gecko/20100101 Firefox/62.0"
196.52.60.66 - - [08/Dec/2019:07:19:37 -0800] "GET /magento2/pub/errors/503.php HTTP/1.1" 404 225 "-" "Mozilla/5.0 (X11; Ubuntu; Linux x86_64; rv:62.0) Gecko/20100101 Firefox/62.0"
196.52.60.66 - - [08/Dec/2019:07:19:42 -0800] "GET / HTTP/1.1" 200 79394 "-" "Mozilla/5.0 (X11; Ubuntu; Linux x86_64; rv:62.0) Gecko/20100101 Firefox/62.0"
196.52.60.66 - - [08/Dec/2019:07:19:44 -0800] "GET /shop/ HTTP/1.1" 404 203 "-" "Mozilla/5.0 (X11; Ubuntu; Linux x86_64; rv:62.0) Gecko/20100101 Firefox/62.0"
196.52.60.66 - - [08/Dec/2019:07:19:52 -0800] "GET /store/ HTTP/1.1" 404 204 "-" "Mozilla/5.0 (X11; Ubuntu; Linux x86_64; rv:62.0) Gecko/20100101 Firefox/62.0"
196.52.60.66 - - [08/Dec/2019:07:19:57 -0800] "GET /magento/ HTTP/1.1" 404 206 "-" "Mozilla/5.0 (X11; Ubuntu; Linux x86_64; rv:62.0) Gecko/20100101 Firefox/62.0"
196.52.60.66 - - [08/Dec/2019:07:19:59 -0800] "GET /magento2/ HTTP/1.1" 404 207 "-" "Mozilla/5.0 (X11; Ubuntu; Linux x86_64; rv:62.0) Gecko/20100101 Firefox/62.0"
210.54.39.50 - - [08/Dec/2019:07:22:30 -0800] "GET / HTTP/1.1" 200 79394 "-" "check_http/v2.2.1 (nagios-plugins 2.2.1)"
157.55.39.213 - - [08/Dec/2019:07:24:16 -0800] "GET / HTTP/1.1" 200 17429 "-" "Mozilla/5.0 (compatible; bingbot/2.0; +http://www.bing.com/bingbot.htm)"
210.54.39.50 - - [08/Dec/2019:07:27:30 -0800] "GET / HTTP/1.1" 200 79394 "-" "check_http/v2.2.1 (nagios-plugins 2.2.1)"
210.54.39.50 - - [08/Dec/2019:07:32:31 -0800] "GET / HTTP/1.1" 200 79394 "-" "check_http/v2.2.1 (nagios-plugins 2.2.1)"
210.54.39.50 - - [08/Dec/2019:07:37:30 -0800] "GET / HTTP/1.1" 200 79394 "-" "check_http/v2.2.1 (nagios-plugins 2.2.1)"
210.54.39.50 - - [08/Dec/2019:07:42:31 -0800] "GET / HTTP/1.1" 200 79394 "-" "check_http/v2.2.1 (nagios-plugins 2.2.1)"
210.54.39.50 - - [08/Dec/2019:07:47:29 -0800] "GET / HTTP/1.1" 200 79394 "-" "check_http/v2.2.1 (nagios-plugins 2.2.1)"
40.77.167.50 - - [08/Dec/2019:07:48:02 -0800] "GET /img/mixman/19.jpg HTTP/1.1" 200 81276 "-" "Mozilla/5.0 (compatible; bingbot/2.0; +http://www.bing.com/bingbot.htm)"
210.54.39.50 - - [08/Dec/2019:07:52:31 -0800] "GET / HTTP/1.1" 200 79394 "-" "check_http/v2.2.1 (nagios-plugins 2.2.1)"
210.54.39.50 - - [08/Dec/2019:07:57:30 -0800] "GET / HTTP/1.1" 200 79394 "-" "check_http/v2.2.1 (nagios-plugins 2.2.1)"
210.54.39.50 - - [08/Dec/2019:08:02:31 -0800] "GET / HTTP/1.1" 200 79394 "-" "check_http/v2.2.1 (nagios-plugins 2.2.1)"
210.54.39.50 - - [08/Dec/2019:08:07:29 -0800] "GET / HTTP/1.1" 200 79394 "-" "check_http/v2.2.1 (nagios-plugins 2.2.1)"
210.54.39.50 - - [08/Dec/2019:08:12:30 -0800] "GET / HTTP/1.1" 200 79394 "-" "check_http/v2.2.1 (nagios-plugins 2.2.1)"
210.54.39.50 - - [08/Dec/2019:08:17:30 -0800] "GET / HTTP/1.1" 200 79394 "-" "check_http/v2.2.1 (nagios-plugins 2.2.1)"
210.54.39.50 - - [08/Dec/2019:08:22:31 -0800] "GET / HTTP/1.1" 200 79394 "-" "check_http/v2.2.1 (nagios-plugins 2.2.1)"
210.54.39.50 - - [08/Dec/2019:08:27:30 -0800] "GET / HTTP/1.1" 200 79394 "-" "check_http/v2.2.1 (nagios-plugins 2.2.1)"
210.54.39.50 - - [08/Dec/2019:08:32:30 -0800] "GET / HTTP/1.1" 200 79394 "-" "check_http/v2.2.1 (nagios-plugins 2.2.1)"
210.54.39.50 - - [08/Dec/2019:08:37:29 -0800] "GET / HTTP/1.1" 200 79394 "-" "check_http/v2.2.1 (nagios-plugins 2.2.1)"
210.54.39.50 - - [08/Dec/2019:08:42:30 -0800] "GET / HTTP/1.1" 200 79394 "-" "check_http/v2.2.1 (nagios-plugins 2.2.1)"
210.54.39.50 - - [08/Dec/2019:08:47:30 -0800] "GET / HTTP/1.1" 200 79394 "-" "check_http/v2.2.1 (nagios-plugins 2.2.1)"
210.54.39.50 - - [08/Dec/2019:08:52:31 -0800] "GET / HTTP/1.1" 200 79394 "-" "check_http/v2.2.1 (nagios-plugins 2.2.1)"
210.54.39.50 - - [08/Dec/2019:08:57:29 -0800] "GET / HTTP/1.1" 200 79394 "-" "check_http/v2.2.1 (nagios-plugins 2.2.1)"
210.54.39.50 - - [08/Dec/2019:09:02:30 -0800] "GET / HTTP/1.1" 200 79394 "-" "check_http/v2.2.1 (nagios-plugins 2.2.1)"
210.54.39.50 - - [08/Dec/2019:09:07:29 -0800] "GET / HTTP/1.1" 200 79394 "-" "check_http/v2.2.1 (nagios-plugins 2.2.1)"
210.54.39.50 - - [08/Dec/2019:09:12:31 -0800] "GET / HTTP/1.1" 200 79394 "-" "check_http/v2.2.1 (nagios-plugins 2.2.1)"
222.219.25.85 - - [08/Dec/2019:09:15:31 -0800] "GET / HTTP/1.1" 200 17429 "-" "Mozilla/5.0(Linux;Android 5.1.1;OPPO A33 Build/LMY47V;wv) AppleWebKit/537.36(KHTML,link Gecko) Version/4.0 Chrome/42.0.2311.138 Mobile Safari/537.36 Mb2345Browser/9.0"
210.54.39.50 - - [08/Dec/2019:09:17:30 -0800] "GET / HTTP/1.1" 200 79394 "-" "check_http/v2.2.1 (nagios-plugins 2.2.1)"
54.36.148.137 - - [08/Dec/2019:09:17:40 -0800] "GET /img/njn/7.jpg HTTP/1.1" 200 116420 "-" "Mozilla/5.0 (compatible; AhrefsBot/6.1; +http://ahrefs.com/robot/)"
210.54.39.50 - - [08/Dec/2019:09:22:30 -0800] "GET / HTTP/1.1" 200 79394 "-" "check_http/v2.2.1 (nagios-plugins 2.2.1)"
77.75.76.162 - - [08/Dec/2019:09:26:46 -0800] "GET /robots.txt HTTP/1.1" 404 208 "-" "Mozilla/5.0 (compatible; SeznamBot/3.2; +http://napoveda.seznam.cz/en/seznambot-intro/)"
77.75.76.162 - - [08/Dec/2019:09:26:49 -0800] "GET /img/njn/6.jpg HTTP/1.1" 304 - "-" "Mozilla/5.0 (compatible; SeznamBot/3.2; +http://napoveda.seznam.cz/en/seznambot-intro/)"
210.54.39.50 - - [08/Dec/2019:09:27:29 -0800] "GET / HTTP/1.1" 200 79394 "-" "check_http/v2.2.1 (nagios-plugins 2.2.1)"
210.54.39.50 - - [08/Dec/2019:09:32:31 -0800] "GET / HTTP/1.1" 200 79394 "-" "check_http/v2.2.1 (nagios-plugins 2.2.1)"
210.54.39.50 - - [08/Dec/2019:09:37:29 -0800] "GET / HTTP/1.1" 200 79394 "-" "check_http/v2.2.1 (nagios-plugins 2.2.1)"
210.54.39.50 - - [08/Dec/2019:09:42:30 -0800] "GET / HTTP/1.1" 200 79394 "-" "check_http/v2.2.1 (nagios-plugins 2.2.1)"
210.54.39.50 - - [08/Dec/2019:09:47:30 -0800] "GET / HTTP/1.1" 200 79394 "-" "check_http/v2.2.1 (nagios-plugins 2.2.1)"
210.54.39.50 - - [08/Dec/2019:09:52:30 -0800] "GET / HTTP/1.1" 200 79394 "-" "check_http/v2.2.1 (nagios-plugins 2.2.1)"
210.54.39.50 - - [08/Dec/2019:09:57:29 -0800] "GET / HTTP/1.1" 200 79394 "-" "check_http/v2.2.1 (nagios-plugins 2.2.1)"
210.54.39.50 - - [08/Dec/2019:10:02:31 -0800] "GET / HTTP/1.1" 200 79394 "-" "check_http/v2.2.1 (nagios-plugins 2.2.1)"
157.55.39.36 - - [08/Dec/2019:10:06:16 -0800] "GET /robots.txt HTTP/1.1" 404 208 "-" "Mozilla/5.0 (compatible; bingbot/2.0; +http://www.bing.com/bingbot.htm)"
157.55.39.36 - - [08/Dec/2019:10:06:17 -0800] "GET /robots.txt HTTP/1.1" 404 208 "-" "Mozilla/5.0 (compatible; bingbot/2.0; +http://www.bing.com/bingbot.htm)"
40.77.167.56 - - [08/Dec/2019:10:06:20 -0800] "GET /img/njn/2.jpg HTTP/1.1" 200 103550 "-" "Mozilla/5.0 (compatible; bingbot/2.0; +http://www.bing.com/bingbot.htm)"
54.36.148.249 - - [08/Dec/2019:10:07:00 -0800] "GET /img/bs4w/7.jpg HTTP/1.1" 200 80775 "-" "Mozilla/5.0 (compatible; AhrefsBot/6.1; +http://ahrefs.com/robot/)"
210.54.39.50 - - [08/Dec/2019:10:07:30 -0800] "GET / HTTP/1.1" 200 79394 "-" "check_http/v2.2.1 (nagios-plugins 2.2.1)"
210.54.39.50 - - [08/Dec/2019:10:12:30 -0800] "GET / HTTP/1.1" 200 79394 "-" "check_http/v2.2.1 (nagios-plugins 2.2.1)"
210.54.39.50 - - [08/Dec/2019:10:17:29 -0800] "GET / HTTP/1.1" 200 79394 "-" "check_http/v2.2.1 (nagios-plugins 2.2.1)"
210.54.39.50 - - [08/Dec/2019:10:22:30 -0800] "GET / HTTP/1.1" 200 79394 "-" "check_http/v2.2.1 (nagios-plugins 2.2.1)"
210.54.39.50 - - [08/Dec/2019:10:27:29 -0800] "GET / HTTP/1.1" 200 79394 "-" "check_http/v2.2.1 (nagios-plugins 2.2.1)"
210.54.39.50 - - [08/Dec/2019:10:32:31 -0800] "GET / HTTP/1.1" 200 79394 "-" "check_http/v2.2.1 (nagios-plugins 2.2.1)"
210.54.39.50 - - [08/Dec/2019:10:37:30 -0800] "GET / HTTP/1.1" 200 79394 "-" "check_http/v2.2.1 (nagios-plugins 2.2.1)"
210.54.39.50 - - [08/Dec/2019:10:42:30 -0800] "GET / HTTP/1.1" 200 79394 "-" "check_http/v2.2.1 (nagios-plugins 2.2.1)"
210.54.39.50 - - [08/Dec/2019:10:47:29 -0800] "GET / HTTP/1.1" 200 79394 "-" "check_http/v2.2.1 (nagios-plugins 2.2.1)"
210.54.39.50 - - [08/Dec/2019:10:52:30 -0800] "GET / HTTP/1.1" 200 79394 "-" "check_http/v2.2.1 (nagios-plugins 2.2.1)"
210.54.39.50 - - [08/Dec/2019:10:57:30 -0800] "GET / HTTP/1.1" 200 79394 "-" "check_http/v2.2.1 (nagios-plugins 2.2.1)"
210.54.39.50 - - [08/Dec/2019:11:02:31 -0800] "GET / HTTP/1.1" 200 79394 "-" "check_http/v2.2.1 (nagios-plugins 2.2.1)"
210.54.39.50 - - [08/Dec/2019:11:07:29 -0800] "GET / HTTP/1.1" 200 79394 "-" "check_http/v2.2.1 (nagios-plugins 2.2.1)"
210.54.39.50 - - [08/Dec/2019:11:12:30 -0800] "GET / HTTP/1.1" 200 79394 "-" "check_http/v2.2.1 (nagios-plugins 2.2.1)"
210.54.39.50 - - [08/Dec/2019:11:17:29 -0800] "GET / HTTP/1.1" 200 79394 "-" "check_http/v2.2.1 (nagios-plugins 2.2.1)"
210.54.39.50 - - [08/Dec/2019:11:22:30 -0800] "GET / HTTP/1.1" 200 79394 "-" "check_http/v2.2.1 (nagios-plugins 2.2.1)"
210.54.39.50 - - [08/Dec/2019:11:27:29 -0800] "GET / HTTP/1.1" 200 79394 "-" "check_http/v2.2.1 (nagios-plugins 2.2.1)"
210.54.39.50 - - [08/Dec/2019:11:32:30 -0800] "GET / HTTP/1.1" 200 79394 "-" "check_http/v2.2.1 (nagios-plugins 2.2.1)"
210.54.39.50 - - [08/Dec/2019:11:37:29 -0800] "GET / HTTP/1.1" 200 79394 "-" "check_http/v2.2.1 (nagios-plugins 2.2.1)"
40.77.167.1 - - [08/Dec/2019:11:39:44 -0800] "GET /img/autumn/3.jpg HTTP/1.1" 200 506599 "-" "Mozilla/5.0 (compatible; bingbot/2.0; +http://www.bing.com/bingbot.htm)"
210.54.39.50 - - [08/Dec/2019:11:42:30 -0800] "GET / HTTP/1.1" 200 79394 "-" "check_http/v2.2.1 (nagios-plugins 2.2.1)"
138.246.253.5 - - [08/Dec/2019:11:43:47 -0800] "HEAD / HTTP/1.1" 200 - "-" "Mozilla/5.0 (Windows NT 6.1; Win64; x64) AppleWebKit/537.36 (KHTML, like Gecko) Chrome/40.0.2214.85 Safari/537.36"
210.54.39.50 - - [08/Dec/2019:11:47:29 -0800] "GET / HTTP/1.1" 200 79394 "-" "check_http/v2.2.1 (nagios-plugins 2.2.1)"
210.54.39.50 - - [08/Dec/2019:11:52:30 -0800] "GET / HTTP/1.1" 200 79394 "-" "check_http/v2.2.1 (nagios-plugins 2.2.1)"
210.54.39.50 - - [08/Dec/2019:11:57:29 -0800] "GET / HTTP/1.1" 200 79394 "-" "check_http/v2.2.1 (nagios-plugins 2.2.1)"
210.54.39.50 - - [08/Dec/2019:12:02:30 -0800] "GET / HTTP/1.1" 200 79394 "-" "check_http/v2.2.1 (nagios-plugins 2.2.1)"
210.54.39.50 - - [08/Dec/2019:12:07:30 -0800] "GET / HTTP/1.1" 200 79394 "-" "check_http/v2.2.1 (nagios-plugins 2.2.1)"
54.36.148.106 - - [08/Dec/2019:12:08:49 -0800] "GET /img/sfnoir/6.jpg HTTP/1.1" 200 112789 "-" "Mozilla/5.0 (compatible; AhrefsBot/6.1; +http://ahrefs.com/robot/)"
210.54.39.50 - - [08/Dec/2019:12:12:30 -0800] "GET / HTTP/1.1" 200 79394 "-" "check_http/v2.2.1 (nagios-plugins 2.2.1)"
77.75.78.170 - - [08/Dec/2019:12:14:03 -0800] "GET /robots.txt HTTP/1.1" 404 208 "-" "Mozilla/5.0 (compatible; SeznamBot/3.2; +http://napoveda.seznam.cz/en/seznambot-intro/)"
77.75.78.170 - - [08/Dec/2019:12:14:06 -0800] "GET /img/njn/2.jpg HTTP/1.1" 304 - "-" "Mozilla/5.0 (compatible; SeznamBot/3.2; +http://napoveda.seznam.cz/en/seznambot-intro/)"
210.54.39.50 - - [08/Dec/2019:12:17:29 -0800] "GET / HTTP/1.1" 200 79394 "-" "check_http/v2.2.1 (nagios-plugins 2.2.1)"
210.54.39.50 - - [08/Dec/2019:12:22:30 -0800] "GET / HTTP/1.1" 200 79394 "-" "check_http/v2.2.1 (nagios-plugins 2.2.1)"
210.54.39.50 - - [08/Dec/2019:12:27:29 -0800] "GET / HTTP/1.1" 200 79394 "-" "check_http/v2.2.1 (nagios-plugins 2.2.1)"
210.54.39.50 - - [08/Dec/2019:12:32:30 -0800] "GET / HTTP/1.1" 200 79394 "-" "check_http/v2.2.1 (nagios-plugins 2.2.1)"
210.54.39.50 - - [08/Dec/2019:12:37:29 -0800] "GET / HTTP/1.1" 200 79394 "-" "check_http/v2.2.1 (nagios-plugins 2.2.1)"
210.54.39.50 - - [08/Dec/2019:12:42:30 -0800] "GET / HTTP/1.1" 200 79394 "-" "check_http/v2.2.1 (nagios-plugins 2.2.1)"
210.54.39.50 - - [08/Dec/2019:12:47:29 -0800] "GET / HTTP/1.1" 200 79394 "-" "check_http/v2.2.1 (nagios-plugins 2.2.1)"
210.54.39.50 - - [08/Dec/2019:12:52:30 -0800] "GET / HTTP/1.1" 200 79394 "-" "check_http/v2.2.1 (nagios-plugins 2.2.1)"
210.54.39.50 - - [08/Dec/2019:12:57:30 -0800] "GET / HTTP/1.1" 200 79394 "-" "check_http/v2.2.1 (nagios-plugins 2.2.1)"
210.54.39.50 - - [08/Dec/2019:13:02:30 -0800] "GET / HTTP/1.1" 200 79394 "-" "check_http/v2.2.1 (nagios-plugins 2.2.1)"
210.54.39.50 - - [08/Dec/2019:13:07:29 -0800] "GET / HTTP/1.1" 200 79394 "-" "check_http/v2.2.1 (nagios-plugins 2.2.1)"
210.54.39.50 - - [08/Dec/2019:13:12:30 -0800] "GET / HTTP/1.1" 200 79394 "-" "check_http/v2.2.1 (nagios-plugins 2.2.1)"
210.54.39.50 - - [08/Dec/2019:13:17:29 -0800] "GET / HTTP/1.1" 200 79394 "-" "check_http/v2.2.1 (nagios-plugins 2.2.1)"
210.54.39.50 - - [08/Dec/2019:13:22:30 -0800] "GET / HTTP/1.1" 200 79394 "-" "check_http/v2.2.1 (nagios-plugins 2.2.1)"
157.55.39.36 - - [08/Dec/2019:13:23:20 -0800] "GET /robots.txt HTTP/1.1" 404 208 "-" "Mozilla/5.0 (compatible; bingbot/2.0; +http://www.bing.com/bingbot.htm)"
157.55.39.36 - - [08/Dec/2019:13:23:20 -0800] "GET /robots.txt HTTP/1.1" 404 208 "-" "Mozilla/5.0 (compatible; bingbot/2.0; +http://www.bing.com/bingbot.htm)"
210.54.39.50 - - [08/Dec/2019:13:27:29 -0800] "GET / HTTP/1.1" 200 79394 "-" "check_http/v2.2.1 (nagios-plugins 2.2.1)"
210.54.39.50 - - [08/Dec/2019:13:32:30 -0800] "GET / HTTP/1.1" 200 79394 "-" "check_http/v2.2.1 (nagios-plugins 2.2.1)"
210.54.39.50 - - [08/Dec/2019:13:37:29 -0800] "GET / HTTP/1.1" 200 79394 "-" "check_http/v2.2.1 (nagios-plugins 2.2.1)"
207.46.13.243 - - [08/Dec/2019:13:39:40 -0800] "GET /img/autumn/3.jpg HTTP/1.1" 200 506599 "-" "Mozilla/5.0 (compatible; bingbot/2.0; +http://www.bing.com/bingbot.htm)"
210.54.39.50 - - [08/Dec/2019:13:42:30 -0800] "GET / HTTP/1.1" 200 79394 "-" "check_http/v2.2.1 (nagios-plugins 2.2.1)"
210.54.39.50 - - [08/Dec/2019:13:47:29 -0800] "GET / HTTP/1.1" 200 79394 "-" "check_http/v2.2.1 (nagios-plugins 2.2.1)"
210.54.39.50 - - [08/Dec/2019:13:52:30 -0800] "GET / HTTP/1.1" 200 79394 "-" "check_http/v2.2.1 (nagios-plugins 2.2.1)"
207.46.13.64 - - [08/Dec/2019:13:56:37 -0800] "GET /img/njn/7.jpg HTTP/1.1" 200 116420 "-" "Mozilla/5.0 (compatible; bingbot/2.0; +http://www.bing.com/bingbot.htm)"
207.46.13.64 - - [08/Dec/2019:13:57:14 -0800] "GET /img/njn/7.jpg HTTP/1.1" 200 116420 "-" "Mozilla/5.0 (compatible; bingbot/2.0; +http://www.bing.com/bingbot.htm)"
210.54.39.50 - - [08/Dec/2019:13:57:29 -0800] "GET / HTTP/1.1" 200 79394 "-" "check_http/v2.2.1 (nagios-plugins 2.2.1)"
210.54.39.50 - - [08/Dec/2019:14:02:30 -0800] "GET / HTTP/1.1" 200 79394 "-" "check_http/v2.2.1 (nagios-plugins 2.2.1)"
210.54.39.50 - - [08/Dec/2019:14:07:29 -0800] "GET / HTTP/1.1" 200 79394 "-" "check_http/v2.2.1 (nagios-plugins 2.2.1)"
210.54.39.50 - - [08/Dec/2019:14:12:30 -0800] "GET / HTTP/1.1" 200 79394 "-" "check_http/v2.2.1 (nagios-plugins 2.2.1)"
210.54.39.50 - - [08/Dec/2019:14:17:29 -0800] "GET / HTTP/1.1" 200 79394 "-" "check_http/v2.2.1 (nagios-plugins 2.2.1)"
207.46.13.64 - - [08/Dec/2019:14:19:35 -0800] "GET /img/njn/7.jpg HTTP/1.1" 200 116420 "-" "Mozilla/5.0 (compatible; bingbot/2.0; +http://www.bing.com/bingbot.htm)"
210.54.39.50 - - [08/Dec/2019:14:22:30 -0800] "GET / HTTP/1.1" 200 79394 "-" "check_http/v2.2.1 (nagios-plugins 2.2.1)"
210.54.39.50 - - [08/Dec/2019:14:27:29 -0800] "GET / HTTP/1.1" 200 79394 "-" "check_http/v2.2.1 (nagios-plugins 2.2.1)"
77.75.77.36 - - [08/Dec/2019:14:29:20 -0800] "GET /robots.txt HTTP/1.1" 404 208 "-" "Mozilla/5.0 (compatible; SeznamBot/3.2; +http://napoveda.seznam.cz/en/seznambot-intro/)"
77.75.77.36 - - [08/Dec/2019:14:29:23 -0800] "GET /img/bs4w/1.jpg HTTP/1.1" 304 - "-" "Mozilla/5.0 (compatible; SeznamBot/3.2; +http://napoveda.seznam.cz/en/seznambot-intro/)"
210.54.39.50 - - [08/Dec/2019:14:32:29 -0800] "GET / HTTP/1.1" 200 79394 "-" "check_http/v2.2.1 (nagios-plugins 2.2.1)"
210.54.39.50 - - [08/Dec/2019:14:37:29 -0800] "GET / HTTP/1.1" 200 79394 "-" "check_http/v2.2.1 (nagios-plugins 2.2.1)"
210.54.39.50 - - [08/Dec/2019:14:42:30 -0800] "GET / HTTP/1.1" 200 79394 "-" "check_http/v2.2.1 (nagios-plugins 2.2.1)"
210.54.39.50 - - [08/Dec/2019:14:47:29 -0800] "GET / HTTP/1.1" 200 79394 "-" "check_http/v2.2.1 (nagios-plugins 2.2.1)"
210.54.39.50 - - [08/Dec/2019:14:52:29 -0800] "GET / HTTP/1.1" 200 79394 "-" "check_http/v2.2.1 (nagios-plugins 2.2.1)"
210.54.39.50 - - [08/Dec/2019:14:57:29 -0800] "GET / HTTP/1.1" 200 79394 "-" "check_http/v2.2.1 (nagios-plugins 2.2.1)"
210.54.39.50 - - [08/Dec/2019:15:02:30 -0800] "GET / HTTP/1.1" 200 79394 "-" "check_http/v2.2.1 (nagios-plugins 2.2.1)"
210.54.39.50 - - [08/Dec/2019:15:07:29 -0800] "GET / HTTP/1.1" 200 79394 "-" "check_http/v2.2.1 (nagios-plugins 2.2.1)"
210.54.39.50 - - [08/Dec/2019:15:12:29 -0800] "GET / HTTP/1.1" 200 79394 "-" "check_http/v2.2.1 (nagios-plugins 2.2.1)"
40.77.167.3 - - [08/Dec/2019:15:15:17 -0800] "GET /img/wu-wei/2.jpg HTTP/1.1" 200 183246 "-" "Mozilla/5.0 (compatible; bingbot/2.0; +http://www.bing.com/bingbot.htm)"
210.54.39.50 - - [08/Dec/2019:15:17:28 -0800] "GET / HTTP/1.1" 200 79394 "-" "check_http/v2.2.1 (nagios-plugins 2.2.1)"
210.54.39.50 - - [08/Dec/2019:15:22:30 -0800] "GET / HTTP/1.1" 200 79394 "-" "check_http/v2.2.1 (nagios-plugins 2.2.1)"
40.77.167.3 - - [08/Dec/2019:15:26:35 -0800] "GET /img/wu-wei/2.jpg HTTP/1.1" 200 183246 "-" "Mozilla/5.0 (compatible; bingbot/2.0; +http://www.bing.com/bingbot.htm)"
210.54.39.50 - - [08/Dec/2019:15:27:29 -0800] "GET / HTTP/1.1" 200 79394 "-" "check_http/v2.2.1 (nagios-plugins 2.2.1)"
210.54.39.50 - - [08/Dec/2019:15:32:30 -0800] "GET / HTTP/1.1" 200 79394 "-" "check_http/v2.2.1 (nagios-plugins 2.2.1)"
210.54.39.50 - - [08/Dec/2019:15:37:29 -0800] "GET / HTTP/1.1" 200 79394 "-" "check_http/v2.2.1 (nagios-plugins 2.2.1)"
210.54.39.50 - - [08/Dec/2019:15:42:30 -0800] "GET / HTTP/1.1" 200 79394 "-" "check_http/v2.2.1 (nagios-plugins 2.2.1)"
210.54.39.50 - - [08/Dec/2019:15:47:28 -0800] "GET / HTTP/1.1" 200 79394 "-" "check_http/v2.2.1 (nagios-plugins 2.2.1)"
210.54.39.50 - - [08/Dec/2019:15:52:30 -0800] "GET / HTTP/1.1" 200 79394 "-" "check_http/v2.2.1 (nagios-plugins 2.2.1)"
210.54.39.50 - - [08/Dec/2019:15:57:29 -0800] "GET / HTTP/1.1" 200 79394 "-" "check_http/v2.2.1 (nagios-plugins 2.2.1)"
210.54.39.50 - - [08/Dec/2019:16:02:29 -0800] "GET / HTTP/1.1" 200 79394 "-" "check_http/v2.2.1 (nagios-plugins 2.2.1)"
210.54.39.50 - - [08/Dec/2019:16:07:28 -0800] "GET / HTTP/1.1" 200 79394 "-" "check_http/v2.2.1 (nagios-plugins 2.2.1)"
210.54.39.50 - - [08/Dec/2019:16:12:30 -0800] "GET / HTTP/1.1" 200 79394 "-" "check_http/v2.2.1 (nagios-plugins 2.2.1)"
157.55.39.36 - - [08/Dec/2019:16:13:17 -0800] "GET /robots.txt HTTP/1.1" 404 208 "-" "Mozilla/5.0 (compatible; bingbot/2.0; +http://www.bing.com/bingbot.htm)"
157.55.39.36 - - [08/Dec/2019:16:13:17 -0800] "GET /robots.txt HTTP/1.1" 404 208 "-" "Mozilla/5.0 (compatible; bingbot/2.0; +http://www.bing.com/bingbot.htm)"
40.77.167.3 - - [08/Dec/2019:16:13:49 -0800] "GET /img/wu-wei/2.jpg HTTP/1.1" 200 183246 "-" "Mozilla/5.0 (compatible; bingbot/2.0; +http://www.bing.com/bingbot.htm)"
210.54.39.50 - - [08/Dec/2019:16:17:29 -0800] "GET / HTTP/1.1" 200 79394 "-" "check_http/v2.2.1 (nagios-plugins 2.2.1)"
210.54.39.50 - - [08/Dec/2019:16:22:29 -0800] "GET / HTTP/1.1" 200 79394 "-" "check_http/v2.2.1 (nagios-plugins 2.2.1)"
207.46.13.243 - - [08/Dec/2019:16:26:58 -0800] "GET /img/autumn/3.jpg HTTP/1.1" 200 506599 "-" "Mozilla/5.0 (compatible; bingbot/2.0; +http://www.bing.com/bingbot.htm)"
210.54.39.50 - - [08/Dec/2019:16:27:28 -0800] "GET / HTTP/1.1" 200 79394 "-" "check_http/v2.2.1 (nagios-plugins 2.2.1)"
210.54.39.50 - - [08/Dec/2019:16:32:29 -0800] "GET / HTTP/1.1" 200 79394 "-" "check_http/v2.2.1 (nagios-plugins 2.2.1)"
210.54.39.50 - - [08/Dec/2019:16:37:29 -0800] "GET / HTTP/1.1" 200 79394 "-" "check_http/v2.2.1 (nagios-plugins 2.2.1)"
210.54.39.50 - - [08/Dec/2019:16:42:30 -0800] "GET / HTTP/1.1" 200 79394 "-" "check_http/v2.2.1 (nagios-plugins 2.2.1)"
210.54.39.50 - - [08/Dec/2019:16:47:28 -0800] "GET / HTTP/1.1" 200 79394 "-" "check_http/v2.2.1 (nagios-plugins 2.2.1)"
210.54.39.50 - - [08/Dec/2019:16:52:29 -0800] "GET / HTTP/1.1" 200 79394 "-" "check_http/v2.2.1 (nagios-plugins 2.2.1)"
210.54.39.50 - - [08/Dec/2019:16:57:29 -0800] "GET / HTTP/1.1" 200 79394 "-" "check_http/v2.2.1 (nagios-plugins 2.2.1)"
210.54.39.50 - - [08/Dec/2019:17:02:29 -0800] "GET / HTTP/1.1" 200 79394 "-" "check_http/v2.2.1 (nagios-plugins 2.2.1)"
210.54.39.50 - - [08/Dec/2019:17:07:29 -0800] "GET / HTTP/1.1" 200 79394 "-" "check_http/v2.2.1 (nagios-plugins 2.2.1)"
210.54.39.50 - - [08/Dec/2019:17:12:30 -0800] "GET / HTTP/1.1" 200 79394 "-" "check_http/v2.2.1 (nagios-plugins 2.2.1)"
210.54.39.50 - - [08/Dec/2019:17:17:28 -0800] "GET / HTTP/1.1" 200 79394 "-" "check_http/v2.2.1 (nagios-plugins 2.2.1)"
210.54.39.50 - - [08/Dec/2019:17:22:29 -0800] "GET / HTTP/1.1" 200 79394 "-" "check_http/v2.2.1 (nagios-plugins 2.2.1)"
210.54.39.50 - - [08/Dec/2019:17:27:29 -0800] "GET / HTTP/1.1" 200 79394 "-" "check_http/v2.2.1 (nagios-plugins 2.2.1)"
210.54.39.50 - - [08/Dec/2019:17:32:30 -0800] "GET / HTTP/1.1" 200 79394 "-" "check_http/v2.2.1 (nagios-plugins 2.2.1)"
210.54.39.50 - - [08/Dec/2019:17:37:28 -0800] "GET / HTTP/1.1" 200 79394 "-" "check_http/v2.2.1 (nagios-plugins 2.2.1)"
210.54.39.50 - - [08/Dec/2019:17:42:29 -0800] "GET / HTTP/1.1" 200 79394 "-" "check_http/v2.2.1 (nagios-plugins 2.2.1)"
210.54.39.50 - - [08/Dec/2019:17:47:28 -0800] "GET / HTTP/1.1" 200 79394 "-" "check_http/v2.2.1 (nagios-plugins 2.2.1)"
210.54.39.50 - - [08/Dec/2019:17:52:29 -0800] "GET / HTTP/1.1" 200 79394 "-" "check_http/v2.2.1 (nagios-plugins 2.2.1)"
210.54.39.50 - - [08/Dec/2019:17:57:29 -0800] "GET / HTTP/1.1" 200 79394 "-" "check_http/v2.2.1 (nagios-plugins 2.2.1)"
210.54.39.50 - - [08/Dec/2019:18:02:30 -0800] "GET / HTTP/1.1" 200 79394 "-" "check_http/v2.2.1 (nagios-plugins 2.2.1)"
210.54.39.50 - - [08/Dec/2019:18:07:28 -0800] "GET / HTTP/1.1" 200 79394 "-" "check_http/v2.2.1 (nagios-plugins 2.2.1)"
210.54.39.50 - - [08/Dec/2019:18:12:29 -0800] "GET / HTTP/1.1" 200 79394 "-" "check_http/v2.2.1 (nagios-plugins 2.2.1)"
210.54.39.50 - - [08/Dec/2019:18:17:29 -0800] "GET / HTTP/1.1" 200 79394 "-" "check_http/v2.2.1 (nagios-plugins 2.2.1)"
210.54.39.50 - - [08/Dec/2019:18:22:29 -0800] "GET / HTTP/1.1" 200 79394 "-" "check_http/v2.2.1 (nagios-plugins 2.2.1)"
210.54.39.50 - - [08/Dec/2019:18:27:28 -0800] "GET / HTTP/1.1" 200 79394 "-" "check_http/v2.2.1 (nagios-plugins 2.2.1)"
210.54.39.50 - - [08/Dec/2019:18:32:29 -0800] "GET / HTTP/1.1" 200 79394 "-" "check_http/v2.2.1 (nagios-plugins 2.2.1)"
210.54.39.50 - - [08/Dec/2019:18:37:28 -0800] "GET / HTTP/1.1" 200 79394 "-" "check_http/v2.2.1 (nagios-plugins 2.2.1)"
210.54.39.50 - - [08/Dec/2019:18:42:29 -0800] "GET / HTTP/1.1" 200 79394 "-" "check_http/v2.2.1 (nagios-plugins 2.2.1)"
210.54.39.50 - - [08/Dec/2019:18:47:29 -0800] "GET / HTTP/1.1" 200 79394 "-" "check_http/v2.2.1 (nagios-plugins 2.2.1)"
210.54.39.50 - - [08/Dec/2019:18:52:29 -0800] "GET / HTTP/1.1" 200 79394 "-" "check_http/v2.2.1 (nagios-plugins 2.2.1)"
210.54.39.50 - - [08/Dec/2019:18:57:28 -0800] "GET / HTTP/1.1" 200 79394 "-" "check_http/v2.2.1 (nagios-plugins 2.2.1)"
40.77.167.3 - - [08/Dec/2019:19:01:06 -0800] "GET /img/oncekids-fujimini/thumbs/3.jpg HTTP/1.1" 200 39586 "-" "Mozilla/5.0 (compatible; bingbot/2.0; +http://www.bing.com/bingbot.htm)"
210.54.39.50 - - [08/Dec/2019:19:02:29 -0800] "GET / HTTP/1.1" 200 79394 "-" "check_http/v2.2.1 (nagios-plugins 2.2.1)"
210.54.39.50 - - [08/Dec/2019:19:07:28 -0800] "GET / HTTP/1.1" 200 79394 "-" "check_http/v2.2.1 (nagios-plugins 2.2.1)"
210.54.39.50 - - [08/Dec/2019:19:12:29 -0800] "GET / HTTP/1.1" 200 79394 "-" "check_http/v2.2.1 (nagios-plugins 2.2.1)"
210.54.39.50 - - [08/Dec/2019:19:17:28 -0800] "GET / HTTP/1.1" 200 79394 "-" "check_http/v2.2.1 (nagios-plugins 2.2.1)"
54.36.150.45 - - [08/Dec/2019:19:18:02 -0800] "GET /img/mixman/5.jpg HTTP/1.1" 200 86490 "-" "Mozilla/5.0 (compatible; AhrefsBot/6.1; +http://ahrefs.com/robot/)"
77.75.77.72 - - [08/Dec/2019:19:18:42 -0800] "GET /robots.txt HTTP/1.1" 404 208 "-" "Mozilla/5.0 (compatible; SeznamBot/3.2; +http://napoveda.seznam.cz/en/seznambot-intro/)"
77.75.77.72 - - [08/Dec/2019:19:18:45 -0800] "GET /img/mixman/1.jpg HTTP/1.1" 304 - "-" "Mozilla/5.0 (compatible; SeznamBot/3.2; +http://napoveda.seznam.cz/en/seznambot-intro/)"
210.54.39.50 - - [08/Dec/2019:19:22:29 -0800] "GET / HTTP/1.1" 200 79394 "-" "check_http/v2.2.1 (nagios-plugins 2.2.1)"
210.54.39.50 - - [08/Dec/2019:19:27:28 -0800] "GET / HTTP/1.1" 200 79394 "-" "check_http/v2.2.1 (nagios-plugins 2.2.1)"
210.54.39.50 - - [08/Dec/2019:19:32:29 -0800] "GET / HTTP/1.1" 200 79394 "-" "check_http/v2.2.1 (nagios-plugins 2.2.1)"
210.54.39.50 - - [08/Dec/2019:19:37:28 -0800] "GET / HTTP/1.1" 200 79394 "-" "check_http/v2.2.1 (nagios-plugins 2.2.1)"
207.46.13.64 - - [08/Dec/2019:19:37:35 -0800] "GET /img/mixman/19.jpg HTTP/1.1" 200 81276 "-" "Mozilla/5.0 (compatible; bingbot/2.0; +http://www.bing.com/bingbot.htm)"
210.54.39.50 - - [08/Dec/2019:19:42:29 -0800] "GET / HTTP/1.1" 200 79394 "-" "check_http/v2.2.1 (nagios-plugins 2.2.1)"
210.54.39.50 - - [08/Dec/2019:19:47:28 -0800] "GET / HTTP/1.1" 200 79394 "-" "check_http/v2.2.1 (nagios-plugins 2.2.1)"
210.54.39.50 - - [08/Dec/2019:19:52:29 -0800] "GET / HTTP/1.1" 200 79394 "-" "check_http/v2.2.1 (nagios-plugins 2.2.1)"
210.54.39.50 - - [08/Dec/2019:19:57:28 -0800] "GET / HTTP/1.1" 200 79394 "-" "check_http/v2.2.1 (nagios-plugins 2.2.1)"
210.54.39.50 - - [08/Dec/2019:20:02:29 -0800] "GET / HTTP/1.1" 200 79394 "-" "check_http/v2.2.1 (nagios-plugins 2.2.1)"
77.75.77.95 - - [08/Dec/2019:20:04:54 -0800] "GET /robots.txt HTTP/1.1" 404 208 "-" "Mozilla/5.0 (compatible; SeznamBot/3.2; +http://napoveda.seznam.cz/en/seznambot-intro/)"
77.75.77.95 - - [08/Dec/2019:20:04:57 -0800] "GET /img/luminous/luminousOcto.png HTTP/1.1" 304 - "-" "Mozilla/5.0 (compatible; SeznamBot/3.2; +http://napoveda.seznam.cz/en/seznambot-intro/)"
210.54.39.50 - - [08/Dec/2019:20:07:28 -0800] "GET / HTTP/1.1" 200 79394 "-" "check_http/v2.2.1 (nagios-plugins 2.2.1)"
210.54.39.50 - - [08/Dec/2019:20:12:29 -0800] "GET / HTTP/1.1" 200 79394 "-" "check_http/v2.2.1 (nagios-plugins 2.2.1)"
210.54.39.50 - - [08/Dec/2019:20:17:28 -0800] "GET / HTTP/1.1" 200 79394 "-" "check_http/v2.2.1 (nagios-plugins 2.2.1)"
210.54.39.50 - - [08/Dec/2019:20:22:29 -0800] "GET / HTTP/1.1" 200 79394 "-" "check_http/v2.2.1 (nagios-plugins 2.2.1)"
210.54.39.50 - - [08/Dec/2019:20:27:28 -0800] "GET / HTTP/1.1" 200 79394 "-" "check_http/v2.2.1 (nagios-plugins 2.2.1)"
210.54.39.50 - - [08/Dec/2019:20:32:29 -0800] "GET / HTTP/1.1" 200 79394 "-" "check_http/v2.2.1 (nagios-plugins 2.2.1)"
210.54.39.50 - - [08/Dec/2019:20:37:28 -0800] "GET / HTTP/1.1" 200 79394 "-" "check_http/v2.2.1 (nagios-plugins 2.2.1)"
210.54.39.50 - - [08/Dec/2019:20:42:29 -0800] "GET / HTTP/1.1" 200 79394 "-" "check_http/v2.2.1 (nagios-plugins 2.2.1)"
157.55.39.42 - - [08/Dec/2019:20:44:27 -0800] "GET /robots.txt HTTP/1.1" 404 208 "-" "Mozilla/5.0 (compatible; bingbot/2.0; +http://www.bing.com/bingbot.htm)"
157.55.39.42 - - [08/Dec/2019:20:44:28 -0800] "GET /robots.txt HTTP/1.1" 404 208 "-" "Mozilla/5.0 (compatible; bingbot/2.0; +http://www.bing.com/bingbot.htm)"
157.55.39.154 - - [08/Dec/2019:20:44:31 -0800] "GET / HTTP/1.1" 200 17429 "-" "Mozilla/5.0 (compatible; bingbot/2.0; +http://www.bing.com/bingbot.htm)"
210.54.39.50 - - [08/Dec/2019:20:47:28 -0800] "GET / HTTP/1.1" 200 79394 "-" "check_http/v2.2.1 (nagios-plugins 2.2.1)"
210.54.39.50 - - [08/Dec/2019:20:52:29 -0800] "GET / HTTP/1.1" 200 79394 "-" "check_http/v2.2.1 (nagios-plugins 2.2.1)"
210.54.39.50 - - [08/Dec/2019:20:57:28 -0800] "GET / HTTP/1.1" 200 79394 "-" "check_http/v2.2.1 (nagios-plugins 2.2.1)"
210.54.39.50 - - [08/Dec/2019:21:02:30 -0800] "GET / HTTP/1.1" 200 79394 "-" "check_http/v2.2.1 (nagios-plugins 2.2.1)"
77.75.77.95 - - [08/Dec/2019:21:06:48 -0800] "GET /robots.txt HTTP/1.1" 404 208 "-" "Mozilla/5.0 (compatible; SeznamBot/3.2; +http://napoveda.seznam.cz/en/seznambot-intro/)"
77.75.77.95 - - [08/Dec/2019:21:06:51 -0800] "GET /img/bs4w/8.jpg HTTP/1.1" 304 - "-" "Mozilla/5.0 (compatible; SeznamBot/3.2; +http://napoveda.seznam.cz/en/seznambot-intro/)"
210.54.39.50 - - [08/Dec/2019:21:07:28 -0800] "GET / HTTP/1.1" 200 79394 "-" "check_http/v2.2.1 (nagios-plugins 2.2.1)"
210.54.39.50 - - [08/Dec/2019:21:12:29 -0800] "GET / HTTP/1.1" 200 79394 "-" "check_http/v2.2.1 (nagios-plugins 2.2.1)"
207.46.13.45 - - [08/Dec/2019:21:14:06 -0800] "GET /img/mixman/10.jpg HTTP/1.1" 200 114974 "-" "Mozilla/5.0 (compatible; bingbot/2.0; +http://www.bing.com/bingbot.htm)"
210.54.39.50 - - [08/Dec/2019:21:17:28 -0800] "GET / HTTP/1.1" 200 79394 "-" "check_http/v2.2.1 (nagios-plugins 2.2.1)"
207.46.13.45 - - [08/Dec/2019:21:21:34 -0800] "GET /img/mixman/10.jpg HTTP/1.1" 200 114974 "-" "Mozilla/5.0 (compatible; bingbot/2.0; +http://www.bing.com/bingbot.htm)"
210.54.39.50 - - [08/Dec/2019:21:22:29 -0800] "GET / HTTP/1.1" 200 79394 "-" "check_http/v2.2.1 (nagios-plugins 2.2.1)"
210.54.39.50 - - [08/Dec/2019:21:27:28 -0800] "GET / HTTP/1.1" 200 79394 "-" "check_http/v2.2.1 (nagios-plugins 2.2.1)"
210.54.39.50 - - [08/Dec/2019:21:32:29 -0800] "GET / HTTP/1.1" 200 79394 "-" "check_http/v2.2.1 (nagios-plugins 2.2.1)"
210.54.39.50 - - [08/Dec/2019:21:37:28 -0800] "GET / HTTP/1.1" 200 79394 "-" "check_http/v2.2.1 (nagios-plugins 2.2.1)"
210.54.39.50 - - [08/Dec/2019:21:42:29 -0800] "GET / HTTP/1.1" 200 79394 "-" "check_http/v2.2.1 (nagios-plugins 2.2.1)"
207.46.13.45 - - [08/Dec/2019:21:44:44 -0800] "GET /img/mixman/10.jpg HTTP/1.1" 200 114974 "-" "Mozilla/5.0 (compatible; bingbot/2.0; +http://www.bing.com/bingbot.htm)"
207.46.13.45 - - [08/Dec/2019:21:45:13 -0800] "GET /img/wu-wei/4.jpg HTTP/1.1" 200 279891 "-" "Mozilla/5.0 (compatible; bingbot/2.0; +http://www.bing.com/bingbot.htm)"
210.54.39.50 - - [08/Dec/2019:21:47:28 -0800] "GET / HTTP/1.1" 200 79394 "-" "check_http/v2.2.1 (nagios-plugins 2.2.1)"
210.54.39.50 - - [08/Dec/2019:21:52:29 -0800] "GET / HTTP/1.1" 200 79394 "-" "check_http/v2.2.1 (nagios-plugins 2.2.1)"
210.54.39.50 - - [08/Dec/2019:21:57:28 -0800] "GET / HTTP/1.1" 200 79394 "-" "check_http/v2.2.1 (nagios-plugins 2.2.1)"
210.54.39.50 - - [08/Dec/2019:22:02:29 -0800] "GET / HTTP/1.1" 200 79394 "-" "check_http/v2.2.1 (nagios-plugins 2.2.1)"
210.54.39.50 - - [08/Dec/2019:22:07:28 -0800] "GET / HTTP/1.1" 200 79394 "-" "check_http/v2.2.1 (nagios-plugins 2.2.1)"
210.54.39.50 - - [08/Dec/2019:22:12:29 -0800] "GET / HTTP/1.1" 200 79394 "-" "check_http/v2.2.1 (nagios-plugins 2.2.1)"
210.54.39.50 - - [08/Dec/2019:22:17:28 -0800] "GET / HTTP/1.1" 200 79394 "-" "check_http/v2.2.1 (nagios-plugins 2.2.1)"
210.54.39.50 - - [08/Dec/2019:22:22:28 -0800] "GET / HTTP/1.1" 200 79394 "-" "check_http/v2.2.1 (nagios-plugins 2.2.1)"
210.54.39.50 - - [08/Dec/2019:22:27:28 -0800] "GET / HTTP/1.1" 200 79394 "-" "check_http/v2.2.1 (nagios-plugins 2.2.1)"
210.54.39.50 - - [08/Dec/2019:22:32:29 -0800] "GET / HTTP/1.1" 200 79394 "-" "check_http/v2.2.1 (nagios-plugins 2.2.1)"
210.54.39.50 - - [08/Dec/2019:22:37:28 -0800] "GET / HTTP/1.1" 200 79394 "-" "check_http/v2.2.1 (nagios-plugins 2.2.1)"
210.54.39.50 - - [08/Dec/2019:22:42:29 -0800] "GET / HTTP/1.1" 200 79394 "-" "check_http/v2.2.1 (nagios-plugins 2.2.1)"
210.54.39.50 - - [08/Dec/2019:22:47:28 -0800] "GET / HTTP/1.1" 200 79394 "-" "check_http/v2.2.1 (nagios-plugins 2.2.1)"
210.54.39.50 - - [08/Dec/2019:22:52:28 -0800] "GET / HTTP/1.1" 200 79394 "-" "check_http/v2.2.1 (nagios-plugins 2.2.1)"
210.54.39.50 - - [08/Dec/2019:22:57:28 -0800] "GET / HTTP/1.1" 200 79394 "-" "check_http/v2.2.1 (nagios-plugins 2.2.1)"
210.54.39.50 - - [08/Dec/2019:23:02:29 -0800] "GET / HTTP/1.1" 200 79394 "-" "check_http/v2.2.1 (nagios-plugins 2.2.1)"
210.54.39.50 - - [08/Dec/2019:23:07:28 -0800] "GET / HTTP/1.1" 200 79394 "-" "check_http/v2.2.1 (nagios-plugins 2.2.1)"
210.54.39.50 - - [08/Dec/2019:23:12:28 -0800] "GET / HTTP/1.1" 200 79394 "-" "check_http/v2.2.1 (nagios-plugins 2.2.1)"
210.54.39.50 - - [08/Dec/2019:23:17:28 -0800] "GET / HTTP/1.1" 200 79394 "-" "check_http/v2.2.1 (nagios-plugins 2.2.1)"
210.54.39.50 - - [08/Dec/2019:23:22:29 -0800] "GET / HTTP/1.1" 200 79394 "-" "check_http/v2.2.1 (nagios-plugins 2.2.1)"
210.54.39.50 - - [08/Dec/2019:23:27:27 -0800] "GET / HTTP/1.1" 200 79394 "-" "check_http/v2.2.1 (nagios-plugins 2.2.1)"
210.54.39.50 - - [08/Dec/2019:23:32:29 -0800] "GET / HTTP/1.1" 200 79394 "-" "check_http/v2.2.1 (nagios-plugins 2.2.1)"
210.54.39.50 - - [08/Dec/2019:23:37:28 -0800] "GET / HTTP/1.1" 200 79394 "-" "check_http/v2.2.1 (nagios-plugins 2.2.1)"
210.54.39.50 - - [08/Dec/2019:23:42:28 -0800] "GET / HTTP/1.1" 200 79394 "-" "check_http/v2.2.1 (nagios-plugins 2.2.1)"
210.54.39.50 - - [08/Dec/2019:23:47:28 -0800] "GET / HTTP/1.1" 200 79394 "-" "check_http/v2.2.1 (nagios-plugins 2.2.1)"
210.54.39.50 - - [08/Dec/2019:23:52:29 -0800] "GET / HTTP/1.1" 200 79394 "-" "check_http/v2.2.1 (nagios-plugins 2.2.1)"
210.54.39.50 - - [08/Dec/2019:23:57:27 -0800] "GET / HTTP/1.1" 200 79394 "-" "check_http/v2.2.1 (nagios-plugins 2.2.1)"
210.54.39.50 - - [09/Dec/2019:00:02:29 -0800] "GET / HTTP/1.1" 200 79394 "-" "check_http/v2.2.1 (nagios-plugins 2.2.1)"
210.54.39.50 - - [09/Dec/2019:00:07:28 -0800] "GET / HTTP/1.1" 200 79394 "-" "check_http/v2.2.1 (nagios-plugins 2.2.1)"
157.55.39.189 - - [09/Dec/2019:00:08:48 -0800] "GET /img/mixman/19.jpg HTTP/1.1" 200 81276 "-" "Mozilla/5.0 (compatible; bingbot/2.0; +http://www.bing.com/bingbot.htm)"
210.54.39.50 - - [09/Dec/2019:00:12:28 -0800] "GET / HTTP/1.1" 200 79394 "-" "check_http/v2.2.1 (nagios-plugins 2.2.1)"
210.54.39.50 - - [09/Dec/2019:00:17:28 -0800] "GET / HTTP/1.1" 200 79394 "-" "check_http/v2.2.1 (nagios-plugins 2.2.1)"
