209.95.182.194 - - [22/Feb/2017:08:51:58 -0800] "GET / HTTP/1.1" 200 72657 "-" "=Mozilla/5.0 (Windows; U; Windows NT 6.1; en-US) AppleWebKit/534.16 (KHTML, like Gecko) Chrome/10.0.648.204 Safari/534.16"
66.249.79.103 - - [22/Feb/2017:09:41:38 -0800] "GET /robots.txt HTTP/1.1" 404 208 "-" "Mozilla/5.0 (compatible; Googlebot/2.1; +http://www.google.com/bot.html)"
66.249.79.107 - - [22/Feb/2017:09:56:38 -0800] "GET / HTTP/1.1" 200 15892 "-" "Mozilla/5.0 (compatible; Googlebot/2.1; +http://www.google.com/bot.html)"
66.249.79.99 - - [22/Feb/2017:10:27:44 -0800] "GET /img/oncekids-fujimini/thumbs/3.jpg HTTP/1.1" 304 - "-" "Googlebot-Image/1.0"
66.249.79.103 - - [22/Feb/2017:10:28:08 -0800] "GET /favicon.ico HTTP/1.1" 404 209 "-" "Googlebot-Image/1.0"
66.249.79.103 - - [22/Feb/2017:10:28:29 -0800] "GET /img/mixman/5.jpg HTTP/1.1" 200 86490 "-" "Googlebot-Image/1.0"
141.8.143.215 - - [22/Feb/2017:11:00:49 -0800] "GET /robots.txt HTTP/1.1" 404 208 "-" "Mozilla/5.0 (compatible; YandexBot/3.0; +http://yandex.com/bots)"
141.8.143.215 - - [22/Feb/2017:11:00:53 -0800] "GET / HTTP/1.1" 200 15892 "-" "Mozilla/5.0 (compatible; YandexBot/3.0; +http://yandex.com/bots)"
66.249.79.103 - - [22/Feb/2017:11:53:29 -0800] "GET / HTTP/1.1" 200 15892 "-" "Mozilla/5.0 (compatible; Googlebot/2.1; +http://www.google.com/bot.html)"
203.133.169.35 - - [22/Feb/2017:13:15:41 -0800] "GET /robots.txt HTTP/1.1" 404 208 "-" "Mozilla/5.0 (compatible; Daum/4.1; +http://cs.daum.net/faq/15/4118.html?faqId=28966)"
203.133.169.35 - - [22/Feb/2017:13:15:49 -0800] "GET /robots.txt HTTP/1.1" 404 208 "-" "Mozilla/5.0 (compatible; Daum/4.1; +http://cs.daum.net/faq/15/4118.html?faqId=28966)"
203.133.169.35 - - [22/Feb/2017:13:15:50 -0800] "GET / HTTP/1.1" 200 15892 "-" "Mozilla/5.0 (compatible; Daum/4.1; +http://cs.daum.net/faq/15/4118.html?faqId=28966)"
66.249.79.99 - - [22/Feb/2017:13:55:28 -0800] "GET /robots.txt HTTP/1.1" 404 208 "-" "Mozilla/5.0 (compatible; Googlebot/2.1; +http://www.google.com/bot.html)"
66.249.79.99 - - [22/Feb/2017:13:55:29 -0800] "GET / HTTP/1.1" 200 15892 "-" "Mozilla/5.0 (compatible; Googlebot/2.1; +http://www.google.com/bot.html)"
220.181.108.178 - - [22/Feb/2017:16:05:14 -0800] "GET /robots.txt HTTP/1.1" 404 208 "-" "Mozilla/5.0 (compatible; Baiduspider/2.0; +http://www.baidu.com/search/spider.html)"
123.125.71.114 - - [22/Feb/2017:16:05:59 -0800] "GET / HTTP/1.1" 200 72657 "-" "Mozilla/5.0 (compatible; Baiduspider/2.0; +http://www.baidu.com/search/spider.html)"
13.65.215.166 - - [22/Feb/2017:16:12:48 -0800] "GET /?author=1 HTTP/1.0" 200 72657 "-" "Googlebot/2.1 (+http://www.google.com/bot.html)"
77.75.76.165 - - [22/Feb/2017:17:07:26 -0800] "GET /robots.txt HTTP/1.1" 404 208 "-" "Mozilla/5.0 (compatible; SeznamBot/3.2; +http://napoveda.seznam.cz/en/seznambot-intro/)"
77.75.76.165 - - [22/Feb/2017:17:07:29 -0800] "GET /img/njn/thumbs/2.jpg HTTP/1.1" 304 - "-" "Mozilla/5.0 (compatible; SeznamBot/3.2; +http://napoveda.seznam.cz/en/seznambot-intro/)"
138.197.96.143 - - [22/Feb/2017:17:20:36 -0800] "GET / HTTP/1.1" 200 15892 "-" "Mozilla/5.0 (Windows NT 6.1; WOW64; rv:29.0) Gecko/20100101 Firefox/29.0"
138.197.96.143 - - [22/Feb/2017:17:20:37 -0800] "GET /js/modernizr.js HTTP/1.1" 200 5933 "https://www.rndsquared.com/" "Mozilla/5.0 (Windows NT 6.1; WOW64; rv:29.0) Gecko/20100101 Firefox/29.0"
138.197.96.143 - - [22/Feb/2017:17:20:37 -0800] "GET /js/scripts.js HTTP/1.1" 200 1227 "https://www.rndsquared.com/" "Mozilla/5.0 (Windows NT 6.1; WOW64; rv:29.0) Gecko/20100101 Firefox/29.0"
138.197.96.143 - - [22/Feb/2017:17:20:37 -0800] "GET /js/lightbox.js HTTP/1.1" 200 4210 "https://www.rndsquared.com/" "Mozilla/5.0 (Windows NT 6.1; WOW64; rv:29.0) Gecko/20100101 Firefox/29.0"
46.229.164.99 - - [22/Feb/2017:17:22:57 -0800] "GET /robots.txt HTTP/1.1" 404 208 "-" "Mozilla/5.0 (compatible; SemrushBot/1.2~bl; +http://www.semrush.com/bot.html)"
77.75.78.170 - - [22/Feb/2017:18:02:47 -0800] "GET /robots.txt HTTP/1.1" 404 208 "-" "Mozilla/5.0 (compatible; SeznamBot/3.2; +http://napoveda.seznam.cz/en/seznambot-intro/)"
77.75.78.170 - - [22/Feb/2017:18:02:49 -0800] "GET /img/oncekids-fujimini/thumbs/3.jpg HTTP/1.1" 304 - "-" "Mozilla/5.0 (compatible; SeznamBot/3.2; +http://napoveda.seznam.cz/en/seznambot-intro/)"
66.249.79.103 - - [22/Feb/2017:18:17:56 -0800] "GET /img/autumn/thumbs/2.jpg HTTP/1.1" 304 - "-" "Googlebot-Image/1.0"
66.249.79.103 - - [22/Feb/2017:18:18:23 -0800] "GET /img/njn/thumbs/6.jpg HTTP/1.1" 200 32048 "-" "Googlebot-Image/1.0"
207.46.13.240 - - [22/Feb/2017:19:27:59 -0800] "GET /robots.txt HTTP/1.1" 404 208 "-" "Mozilla/5.0 (compatible; bingbot/2.0; +http://www.bing.com/bingbot.htm)"
77.75.79.101 - - [22/Feb/2017:19:39:41 -0800] "GET /robots.txt HTTP/1.1" 404 208 "-" "Mozilla/5.0 (compatible; SeznamBot/3.2; +http://napoveda.seznam.cz/en/seznambot-intro/)"
77.75.79.101 - - [22/Feb/2017:19:39:44 -0800] "GET /img/mixman/thumbs/11.jpg HTTP/1.1" 304 - "-" "Mozilla/5.0 (compatible; SeznamBot/3.2; +http://napoveda.seznam.cz/en/seznambot-intro/)"
77.75.79.95 - - [22/Feb/2017:20:41:54 -0800] "GET /robots.txt HTTP/1.1" 404 208 "-" "Mozilla/5.0 (compatible; SeznamBot/3.2; +http://napoveda.seznam.cz/en/seznambot-intro/)"
77.75.79.95 - - [22/Feb/2017:20:42:05 -0800] "GET /img/njn/thumbs/7.jpg HTTP/1.1" 304 - "-" "Mozilla/5.0 (compatible; SeznamBot/3.2; +http://napoveda.seznam.cz/en/seznambot-intro/)"
66.249.79.107 - - [22/Feb/2017:21:18:54 -0800] "GET / HTTP/1.1" 200 15892 "-" "Mozilla/5.0 (compatible; Googlebot/2.1; +http://www.google.com/bot.html)"
77.75.79.54 - - [22/Feb/2017:21:25:13 -0800] "GET /robots.txt HTTP/1.1" 404 208 "-" "Mozilla/5.0 (compatible; SeznamBot/3.2; +http://napoveda.seznam.cz/en/seznambot-intro/)"
77.75.79.54 - - [22/Feb/2017:21:25:16 -0800] "GET /img/sfnoir/thumbs/7.jpg HTTP/1.1" 304 - "-" "Mozilla/5.0 (compatible; SeznamBot/3.2; +http://napoveda.seznam.cz/en/seznambot-intro/)"
66.249.79.107 - - [22/Feb/2017:22:56:13 -0800] "GET / HTTP/1.1" 200 15892 "-" "Mozilla/5.0 (compatible; Googlebot/2.1; +http://www.google.com/bot.html)"
52.39.104.134 - - [23/Feb/2017:00:01:18 -0800] "GET / HTTP/1.1" 200 15892 "-" "Mozilla/5.0"
77.75.76.166 - - [23/Feb/2017:00:14:54 -0800] "GET /robots.txt HTTP/1.1" 404 208 "-" "Mozilla/5.0 (compatible; SeznamBot/3.2; +http://napoveda.seznam.cz/en/seznambot-intro/)"
77.75.76.166 - - [23/Feb/2017:00:14:57 -0800] "GET /img/autumn/thumbs/1.jpg HTTP/1.1" 304 - "-" "Mozilla/5.0 (compatible; SeznamBot/3.2; +http://napoveda.seznam.cz/en/seznambot-intro/)"
66.249.79.99 - - [23/Feb/2017:00:53:11 -0800] "GET / HTTP/1.1" 200 15892 "-" "Mozilla/5.0 (compatible; Googlebot/2.1; +http://www.google.com/bot.html)"
192.169.151.186 - - [23/Feb/2017:02:05:39 -0800] "GET /cpanel HTTP/1.1" 404 204 "http://www.google.com" "Mozilla/5.0 (Windows NT 6.1; WOW64) AppleWebKit/537.36 (KHTML, like Gecko) Chrome/45.0.2454.101 Safari/537.36"
66.249.79.99 - - [23/Feb/2017:02:09:39 -0800] "GET /robots.txt HTTP/1.1" 404 208 "-" "Mozilla/5.0 (compatible; Googlebot/2.1; +http://www.google.com/bot.html)"
66.249.79.107 - - [23/Feb/2017:02:09:40 -0800] "GET / HTTP/1.1" 200 15892 "-" "Mozilla/5.0 (compatible; Googlebot/2.1; +http://www.google.com/bot.html)"
66.249.79.103 - - [23/Feb/2017:02:09:47 -0800] "GET /img/oncekids-fujimini/thumbs/8.jpg HTTP/1.1" 200 23299 "-" "Googlebot-Image/1.0"
66.249.79.103 - - [23/Feb/2017:02:10:01 -0800] "GET /img/urban-cowgirl/1.jpg HTTP/1.1" 200 94626 "-" "Googlebot-Image/1.0"
66.249.79.99 - - [23/Feb/2017:02:10:18 -0800] "GET /img/urban-cowgirl/4.jpg HTTP/1.1" 200 103819 "-" "Googlebot-Image/1.0"
66.249.79.103 - - [23/Feb/2017:02:21:04 -0800] "GET /img/wu-wei/thumbs/2.jpg HTTP/1.1" 200 21193 "-" "Googlebot-Image/1.0"
66.249.79.103 - - [23/Feb/2017:04:23:38 -0800] "GET /img/urban-cowgirl/2.jpg HTTP/1.1" 200 104975 "-" "Googlebot-Image/1.0"
138.197.111.176 - - [23/Feb/2017:04:26:49 -0800] "GET / HTTP/1.1" 200 15892 "http://rndsquared.com/" "Mozilla/5.0 (Windows NT 6.1; WOW64) AppleWebKit/537.36 (KHTML, like Gecko) Chrome/34.0.1847.131 Safari/537.36"
138.197.111.176 - - [23/Feb/2017:04:26:52 -0800] "GET / HTTP/1.1" 301 235 "-" "-"
138.197.111.176 - - [23/Feb/2017:04:27:02 -0800] "GET /robots.txt HTTP/1.1" 404 208 "-" "Mozilla/5.0 (Windows NT 6.1; WOW64; rv:28.0) Gecko/20100101 Firefox/28.0"
77.75.78.169 - - [23/Feb/2017:04:34:47 -0800] "GET /robots.txt HTTP/1.1" 404 208 "-" "Mozilla/5.0 (compatible; SeznamBot/3.2; +http://napoveda.seznam.cz/en/seznambot-intro/)"
77.75.78.169 - - [23/Feb/2017:04:34:50 -0800] "GET /img/mixman/9.jpg HTTP/1.1" 304 - "-" "Mozilla/5.0 (compatible; SeznamBot/3.2; +http://napoveda.seznam.cz/en/seznambot-intro/)"
66.249.79.107 - - [23/Feb/2017:05:19:08 -0800] "GET /robots.txt HTTP/1.1" 404 208 "-" "Mozilla/5.0 (compatible; Googlebot/2.1; +http://www.google.com/bot.html)"
66.249.79.99 - - [23/Feb/2017:06:14:58 -0800] "GET / HTTP/1.1" 200 15892 "-" "Mozilla/5.0 (compatible; Googlebot/2.1; +http://www.google.com/bot.html)"
77.75.76.171 - - [23/Feb/2017:06:25:58 -0800] "GET /robots.txt HTTP/1.1" 404 208 "-" "Mozilla/5.0 (compatible; SeznamBot/3.2; +http://napoveda.seznam.cz/en/seznambot-intro/)"
77.75.76.171 - - [23/Feb/2017:06:26:01 -0800] "GET /img/mixman/18.jpg HTTP/1.1" 304 - "-" "Mozilla/5.0 (compatible; SeznamBot/3.2; +http://napoveda.seznam.cz/en/seznambot-intro/)"
141.8.143.215 - - [23/Feb/2017:07:08:56 -0800] "GET /robots.txt HTTP/1.1" 404 208 "-" "Mozilla/5.0 (compatible; YandexBot/3.0; +http://yandex.com/bots)"
141.8.143.215 - - [23/Feb/2017:07:09:00 -0800] "GET / HTTP/1.1" 200 15892 "-" "Mozilla/5.0 (compatible; YandexBot/3.0; +http://yandex.com/bots)"
77.75.77.54 - - [23/Feb/2017:07:51:44 -0800] "GET /robots.txt HTTP/1.1" 404 208 "-" "Mozilla/5.0 (compatible; SeznamBot/3.2; +http://napoveda.seznam.cz/en/seznambot-intro/)"
77.75.77.54 - - [23/Feb/2017:07:51:47 -0800] "GET /img/mixman/17.jpg HTTP/1.1" 304 - "-" "Mozilla/5.0 (compatible; SeznamBot/3.2; +http://napoveda.seznam.cz/en/seznambot-intro/)"
66.249.79.103 - - [23/Feb/2017:08:17:09 -0800] "GET / HTTP/1.1" 200 15892 "-" "Mozilla/5.0 (compatible; Googlebot/2.1; +http://www.google.com/bot.html)"
66.249.79.99 - - [23/Feb/2017:08:31:11 -0800] "GET /img/mixman/9.jpg HTTP/1.1" 304 - "-" "Googlebot-Image/1.0"
66.249.79.107 - - [23/Feb/2017:09:33:29 -0800] "GET / HTTP/1.1" 200 15892 "-" "Mozilla/5.0 (compatible; Googlebot/2.1; +http://www.google.com/bot.html)"
77.75.78.168 - - [23/Feb/2017:10:26:27 -0800] "GET /robots.txt HTTP/1.1" 404 208 "-" "Mozilla/5.0 (compatible; SeznamBot/3.2; +http://napoveda.seznam.cz/en/seznambot-intro/)"
77.75.78.168 - - [23/Feb/2017:10:26:30 -0800] "GET /img/urban-cowgirl/thumbs/1.jpg HTTP/1.1" 304 - "-" "Mozilla/5.0 (compatible; SeznamBot/3.2; +http://napoveda.seznam.cz/en/seznambot-intro/)"
46.229.164.99 - - [23/Feb/2017:10:38:54 -0800] "GET /robots.txt HTTP/1.1" 404 208 "-" "Mozilla/5.0 (compatible; SemrushBot/1.2~bl; +http://www.semrush.com/bot.html)"
66.249.79.99 - - [23/Feb/2017:10:52:01 -0800] "GET / HTTP/1.1" 200 15892 "-" "Mozilla/5.0 (compatible; Googlebot/2.1; +http://www.google.com/bot.html)"
203.133.168.7 - - [23/Feb/2017:11:17:34 -0800] "GET /robots.txt HTTP/1.1" 404 208 "-" "Mozilla/5.0 (compatible; Daum/4.1; +http://cs.daum.net/faq/15/4118.html?faqId=28966)"
203.133.168.7 - - [23/Feb/2017:11:17:35 -0800] "GET / HTTP/1.1" 200 15892 "-" "Mozilla/5.0 (compatible; Daum/4.1; +http://cs.daum.net/faq/15/4118.html?faqId=28966)"
203.133.168.7 - - [23/Feb/2017:11:31:15 -0800] "GET /robots.txt HTTP/1.1" 404 208 "-" "Mozilla/5.0 (compatible; Daum/4.1; +http://cs.daum.net/faq/15/4118.html?faqId=28966)"
203.133.168.7 - - [23/Feb/2017:11:31:24 -0800] "GET / HTTP/1.1" 200 15892 "-" "Mozilla/5.0 (compatible; Daum/4.1; +http://cs.daum.net/faq/15/4118.html?faqId=28966)"
77.75.78.164 - - [23/Feb/2017:11:53:22 -0800] "GET /robots.txt HTTP/1.1" 404 208 "-" "Mozilla/5.0 (compatible; SeznamBot/3.2; +http://napoveda.seznam.cz/en/seznambot-intro/)"
77.75.78.164 - - [23/Feb/2017:11:53:25 -0800] "GET /img/mixman/1.jpg HTTP/1.1" 304 - "-" "Mozilla/5.0 (compatible; SeznamBot/3.2; +http://napoveda.seznam.cz/en/seznambot-intro/)"
77.75.76.171 - - [23/Feb/2017:13:36:31 -0800] "GET /robots.txt HTTP/1.1" 404 208 "-" "Mozilla/5.0 (compatible; SeznamBot/3.2; +http://napoveda.seznam.cz/en/seznambot-intro/)"
77.75.76.171 - - [23/Feb/2017:13:36:40 -0800] "GET /img/mixman/6.jpg HTTP/1.1" 304 - "-" "Mozilla/5.0 (compatible; SeznamBot/3.2; +http://napoveda.seznam.cz/en/seznambot-intro/)"
77.75.77.95 - - [23/Feb/2017:14:21:49 -0800] "GET /robots.txt HTTP/1.1" 404 208 "-" "Mozilla/5.0 (compatible; SeznamBot/3.2; +http://napoveda.seznam.cz/en/seznambot-intro/)"
77.75.77.95 - - [23/Feb/2017:14:21:52 -0800] "GET /img/bs4w/2.jpg HTTP/1.1" 304 - "-" "Mozilla/5.0 (compatible; SeznamBot/3.2; +http://napoveda.seznam.cz/en/seznambot-intro/)"
138.197.111.48 - - [23/Feb/2017:14:52:35 -0800] "GET / HTTP/1.1" 200 15892 "-" "Mozilla/5.0 (Windows NT 6.3; WOW64) AppleWebKit/537.36 (KHTML, like Gecko) Chrome/34.0.1847.131 Safari/537.36"
138.197.111.48 - - [23/Feb/2017:14:52:37 -0800] "GET /js/modernizr.js HTTP/1.1" 200 5933 "https://www.rndsquared.com/" "Mozilla/5.0 (Windows NT 6.3; WOW64) AppleWebKit/537.36 (KHTML, like Gecko) Chrome/34.0.1847.131 Safari/537.36"
138.197.111.48 - - [23/Feb/2017:14:52:38 -0800] "GET /js/scripts.js HTTP/1.1" 200 1227 "https://www.rndsquared.com/" "Mozilla/5.0 (Windows NT 6.3; WOW64) AppleWebKit/537.36 (KHTML, like Gecko) Chrome/34.0.1847.131 Safari/537.36"
138.197.111.48 - - [23/Feb/2017:14:52:38 -0800] "GET /js/lightbox.js HTTP/1.1" 200 4210 "https://www.rndsquared.com/" "Mozilla/5.0 (Windows NT 6.3; WOW64) AppleWebKit/537.36 (KHTML, like Gecko) Chrome/34.0.1847.131 Safari/537.36"
77.75.77.72 - - [23/Feb/2017:15:19:44 -0800] "GET /robots.txt HTTP/1.1" 404 208 "-" "Mozilla/5.0 (compatible; SeznamBot/3.2; +http://napoveda.seznam.cz/en/seznambot-intro/)"
77.75.77.72 - - [23/Feb/2017:15:19:47 -0800] "GET /img/mixman/4.jpg HTTP/1.1" 304 - "-" "Mozilla/5.0 (compatible; SeznamBot/3.2; +http://napoveda.seznam.cz/en/seznambot-intro/)"
66.249.79.99 - - [23/Feb/2017:15:38:05 -0800] "GET /robots.txt HTTP/1.1" 404 208 "-" "Mozilla/5.0 (compatible; Googlebot/2.1; +http://www.google.com/bot.html)"
66.249.79.107 - - [23/Feb/2017:15:38:06 -0800] "GET / HTTP/1.1" 200 15892 "-" "Mozilla/5.0 (compatible; Googlebot/2.1; +http://www.google.com/bot.html)"
180.76.15.27 - - [23/Feb/2017:15:47:51 -0800] "GET / HTTP/1.1" 403 202 "-" "Mozilla/5.0 (compatible; Baiduspider/2.0; +http://www.baidu.com/search/spider.html)"
77.75.76.169 - - [23/Feb/2017:16:54:35 -0800] "GET /robots.txt HTTP/1.1" 404 208 "-" "Mozilla/5.0 (compatible; SeznamBot/3.2; +http://napoveda.seznam.cz/en/seznambot-intro/)"
77.75.76.169 - - [23/Feb/2017:16:54:38 -0800] "GET /img/bs4w/8.jpg HTTP/1.1" 304 - "-" "Mozilla/5.0 (compatible; SeznamBot/3.2; +http://napoveda.seznam.cz/en/seznambot-intro/)"
66.249.79.103 - - [23/Feb/2017:16:57:59 -0800] "GET / HTTP/1.1" 200 15892 "-" "Mozilla/5.0 (compatible; Googlebot/2.1; +http://www.google.com/bot.html)"
5.196.87.42 - - [23/Feb/2017:17:30:12 -0800] "GET /robots.txt HTTP/1.1" 404 208 "-" "Mozilla/5.0 (compatible; AhrefsBot/5.2; +http://ahrefs.com/robot/)"
66.249.79.103 - - [23/Feb/2017:18:08:58 -0800] "GET / HTTP/1.1" 200 15892 "-" "Mozilla/5.0 (compatible; Googlebot/2.1; +http://www.google.com/bot.html)"
77.75.79.36 - - [23/Feb/2017:20:03:02 -0800] "GET /robots.txt HTTP/1.1" 404 208 "-" "Mozilla/5.0 (compatible; SeznamBot/3.2; +http://napoveda.seznam.cz/en/seznambot-intro/)"
77.75.79.36 - - [23/Feb/2017:20:03:05 -0800] "GET /img/wu-wei/8.jpg HTTP/1.1" 304 - "-" "Mozilla/5.0 (compatible; SeznamBot/3.2; +http://napoveda.seznam.cz/en/seznambot-intro/)"
66.249.79.103 - - [23/Feb/2017:20:46:29 -0800] "GET / HTTP/1.1" 200 15892 "-" "Mozilla/5.0 (compatible; Googlebot/2.1; +http://www.google.com/bot.html)"
66.249.79.99 - - [23/Feb/2017:21:22:08 -0800] "GET /robots.txt HTTP/1.1" 404 208 "-" "Mozilla/5.0 (compatible; Googlebot/2.1; +http://www.google.com/bot.html)"
66.249.79.103 - - [23/Feb/2017:21:22:09 -0800] "GET / HTTP/1.1" 200 15892 "-" "Mozilla/5.0 (Linux; Android 6.0.1; Nexus 5X Build/MMB29P) AppleWebKit/537.36 (KHTML, like Gecko) Chrome/41.0.2272.96 Mobile Safari/537.36 (compatible; Googlebot/2.1; +http://www.google.com/bot.html)"
66.249.79.107 - - [24/Feb/2017:00:59:21 -0800] "GET / HTTP/1.1" 200 15892 "-" "Mozilla/5.0 (compatible; Googlebot/2.1; +http://www.google.com/bot.html)"
66.249.79.107 - - [24/Feb/2017:00:59:21 -0800] "GET / HTTP/1.1" 200 15892 "-" "Mozilla/5.0 (compatible; Googlebot/2.1; +http://www.google.com/bot.html)"
77.75.77.109 - - [24/Feb/2017:01:00:35 -0800] "GET /robots.txt HTTP/1.1" 404 208 "-" "Mozilla/5.0 (compatible; SeznamBot/3.2; +http://napoveda.seznam.cz/en/seznambot-intro/)"
77.75.77.109 - - [24/Feb/2017:01:00:44 -0800] "GET /img/autumn/thumbs/2.jpg HTTP/1.1" 304 - "-" "Mozilla/5.0 (compatible; SeznamBot/3.2; +http://napoveda.seznam.cz/en/seznambot-intro/)"
77.75.76.163 - - [24/Feb/2017:02:04:44 -0800] "GET /robots.txt HTTP/1.1" 404 208 "-" "Mozilla/5.0 (compatible; SeznamBot/3.2; +http://napoveda.seznam.cz/en/seznambot-intro/)"
77.75.76.163 - - [24/Feb/2017:02:04:47 -0800] "GET /img/mixman/thumbs/7.jpg HTTP/1.1" 304 - "-" "Mozilla/5.0 (compatible; SeznamBot/3.2; +http://napoveda.seznam.cz/en/seznambot-intro/)"
66.249.79.107 - - [24/Feb/2017:02:04:59 -0800] "GET / HTTP/1.1" 200 15892 "-" "Mozilla/5.0 (compatible; Googlebot/2.1; +http://www.google.com/bot.html)"
77.75.76.162 - - [24/Feb/2017:03:02:05 -0800] "GET /robots.txt HTTP/1.1" 404 208 "-" "Mozilla/5.0 (compatible; SeznamBot/3.2; +http://napoveda.seznam.cz/en/seznambot-intro/)"
77.75.76.162 - - [24/Feb/2017:03:02:08 -0800] "GET /img/mixman/5.jpg HTTP/1.1" 304 - "-" "Mozilla/5.0 (compatible; SeznamBot/3.2; +http://napoveda.seznam.cz/en/seznambot-intro/)"
66.249.79.103 - - [24/Feb/2017:03:06:01 -0800] "GET / HTTP/1.1" 200 15892 "-" "Mozilla/5.0 (compatible; Googlebot/2.1; +http://www.google.com/bot.html)"
66.249.79.103 - - [24/Feb/2017:04:16:50 -0800] "GET /robots.txt HTTP/1.1" 404 208 "-" "Mozilla/5.0 (compatible; Googlebot/2.1; +http://www.google.com/bot.html)"
66.249.79.107 - - [24/Feb/2017:04:16:51 -0800] "GET / HTTP/1.1" 200 15892 "-" "Mozilla/5.0 (compatible; Googlebot/2.1; +http://www.google.com/bot.html)"
66.249.79.99 - - [24/Feb/2017:04:28:00 -0800] "GET /xbfdztdrakrfr.html HTTP/1.1" 404 216 "-" "Mozilla/5.0 (compatible; Googlebot/2.1; +http://www.google.com/bot.html)"
77.75.77.119 - - [24/Feb/2017:04:31:52 -0800] "GET /robots.txt HTTP/1.1" 404 208 "-" "Mozilla/5.0 (compatible; SeznamBot/3.2; +http://napoveda.seznam.cz/en/seznambot-intro/)"
77.75.77.119 - - [24/Feb/2017:04:32:01 -0800] "GET /img/mixman/2.jpg HTTP/1.1" 304 - "-" "Mozilla/5.0 (compatible; SeznamBot/3.2; +http://napoveda.seznam.cz/en/seznambot-intro/)"
46.229.164.99 - - [24/Feb/2017:04:45:44 -0800] "GET /robots.txt HTTP/1.1" 404 208 "-" "Mozilla/5.0 (compatible; SemrushBot/1.2~bl; +http://www.semrush.com/bot.html)"
77.75.78.165 - - [24/Feb/2017:05:23:59 -0800] "GET /robots.txt HTTP/1.1" 404 208 "-" "Mozilla/5.0 (compatible; SeznamBot/3.2; +http://napoveda.seznam.cz/en/seznambot-intro/)"
77.75.78.165 - - [24/Feb/2017:05:24:02 -0800] "GET /img/autumn/8.jpg HTTP/1.1" 304 - "-" "Mozilla/5.0 (compatible; SeznamBot/3.2; +http://napoveda.seznam.cz/en/seznambot-intro/)"
185.145.253.134 - - [24/Feb/2017:05:48:08 -0800] "GET / HTTP/1.1" 403 202 "-" "Mozilla/5.0 (X11; Ubuntu; Linux x86_64; rv:48.0) Gecko/20100101 Firefox/48.0"
185.145.253.134 - - [24/Feb/2017:05:48:09 -0800] "GET / HTTP/1.1" 403 202 "-" "Mozilla/5.0 (X11; Ubuntu; Linux x86_64; rv:48.0) Gecko/20100101 Firefox/48.0"
77.75.79.36 - - [24/Feb/2017:06:24:51 -0800] "GET /robots.txt HTTP/1.1" 404 208 "-" "Mozilla/5.0 (compatible; SeznamBot/3.2; +http://napoveda.seznam.cz/en/seznambot-intro/)"
77.75.79.36 - - [24/Feb/2017:06:24:54 -0800] "GET /img/wu-wei/4.jpg HTTP/1.1" 304 - "-" "Mozilla/5.0 (compatible; SeznamBot/3.2; +http://napoveda.seznam.cz/en/seznambot-intro/)"
66.249.79.107 - - [24/Feb/2017:06:52:01 -0800] "GET / HTTP/1.1" 200 15892 "-" "Mozilla/5.0 (compatible; Googlebot/2.1; +http://www.google.com/bot.html)"
66.249.79.103 - - [24/Feb/2017:06:52:03 -0800] "GET /css/lightbox.css HTTP/1.1" 200 1003 "https://www.rndsquared.com/" "Mozilla/5.0 (compatible; Googlebot/2.1; +http://www.google.com/bot.html)"
66.249.79.103 - - [24/Feb/2017:06:52:04 -0800] "GET /css/styles.css HTTP/1.1" 200 1975 "https://www.rndsquared.com/" "Mozilla/5.0 (compatible; Googlebot/2.1; +http://www.google.com/bot.html)"
66.249.79.99 - - [24/Feb/2017:06:52:04 -0800] "GET /css/bootstrap.min.css HTTP/1.1" 200 11249 "https://www.rndsquared.com/" "Mozilla/5.0 (compatible; Googlebot/2.1; +http://www.google.com/bot.html)"
66.249.79.107 - - [24/Feb/2017:07:53:21 -0800] "GET / HTTP/1.1" 200 15892 "-" "Mozilla/5.0 (compatible; Googlebot/2.1; +http://www.google.com/bot.html)"
66.249.79.107 - - [24/Feb/2017:08:54:31 -0800] "GET / HTTP/1.1" 200 15892 "-" "Mozilla/5.0 (compatible; Googlebot/2.1; +http://www.google.com/bot.html)"
138.197.111.36 - - [24/Feb/2017:11:26:43 -0800] "GET / HTTP/1.1" 200 15892 "-" "Mozilla/5.0 (Windows NT 6.1; WOW64; rv:29.0) Gecko/20100101 Firefox/29.0"
138.197.111.36 - - [24/Feb/2017:11:26:44 -0800] "GET /js/modernizr.js HTTP/1.1" 200 5933 "https://www.rndsquared.com/" "Mozilla/5.0 (Windows NT 6.1; WOW64; rv:29.0) Gecko/20100101 Firefox/29.0"
138.197.111.36 - - [24/Feb/2017:11:26:46 -0800] "GET /js/scripts.js HTTP/1.1" 200 1227 "https://www.rndsquared.com/" "Mozilla/5.0 (Windows NT 6.1; WOW64; rv:29.0) Gecko/20100101 Firefox/29.0"
138.197.111.36 - - [24/Feb/2017:11:26:46 -0800] "GET /js/lightbox.js HTTP/1.1" 200 4210 "https://www.rndsquared.com/" "Mozilla/5.0 (Windows NT 6.1; WOW64; rv:29.0) Gecko/20100101 Firefox/29.0"
207.46.13.240 - - [24/Feb/2017:11:41:19 -0800] "GET /robots.txt HTTP/1.1" 404 208 "-" "Mozilla/5.0 (compatible; bingbot/2.0; +http://www.bing.com/bingbot.htm)"
141.8.143.215 - - [24/Feb/2017:13:14:21 -0800] "GET /robots.txt HTTP/1.1" 404 208 "-" "Mozilla/5.0 (compatible; YandexBot/3.0; +http://yandex.com/bots)"
141.8.143.215 - - [24/Feb/2017:13:14:25 -0800] "GET / HTTP/1.1" 200 15892 "-" "Mozilla/5.0 (compatible; YandexBot/3.0; +http://yandex.com/bots)"
77.75.77.95 - - [24/Feb/2017:13:52:19 -0800] "GET /robots.txt HTTP/1.1" 404 208 "-" "Mozilla/5.0 (compatible; SeznamBot/3.2; +http://napoveda.seznam.cz/en/seznambot-intro/)"
77.75.77.95 - - [24/Feb/2017:13:52:49 -0800] "GET /img/mixman/thumbs/16.jpg HTTP/1.1" 304 - "-" "Mozilla/5.0 (compatible; SeznamBot/3.2; +http://napoveda.seznam.cz/en/seznambot-intro/)"
138.197.111.197 - - [24/Feb/2017:13:58:56 -0800] "GET / HTTP/1.1" 200 15892 "http://rndsquared.com/" "Mozilla/5.0 (Macintosh; Intel Mac OS X 10_9_3) AppleWebKit/537.36 (KHTML, like Gecko) Chrome/35.0.1916.114 Safari/537.36"
138.197.111.197 - - [24/Feb/2017:13:59:00 -0800] "GET / HTTP/1.1" 301 235 "-" "-"
138.197.111.197 - - [24/Feb/2017:13:59:05 -0800] "GET /robots.txt HTTP/1.1" 404 208 "-" "Mozilla/5.0 (Windows NT 6.1; rv:28.0) Gecko/20100101 Firefox/28.0"
77.75.77.17 - - [24/Feb/2017:15:16:04 -0800] "GET /robots.txt HTTP/1.1" 404 208 "-" "Mozilla/5.0 (compatible; SeznamBot/3.2; +http://napoveda.seznam.cz/en/seznambot-intro/)"
77.75.77.17 - - [24/Feb/2017:15:16:09 -0800] "GET /img/urban-cowgirl/thumbs/3.jpg HTTP/1.1" 304 - "-" "Mozilla/5.0 (compatible; SeznamBot/3.2; +http://napoveda.seznam.cz/en/seznambot-intro/)"
5.255.250.47 - - [24/Feb/2017:15:36:33 -0800] "GET / HTTP/1.1" 200 15892 "-" "Mozilla/5.0 (compatible; YandexBot/3.0; +http://yandex.com/bots)"
66.249.79.107 - - [24/Feb/2017:17:30:23 -0800] "GET /robots.txt HTTP/1.1" 404 208 "-" "Mozilla/5.0 (compatible; Googlebot/2.1; +http://www.google.com/bot.html)"
66.249.79.99 - - [24/Feb/2017:17:30:24 -0800] "GET / HTTP/1.1" 200 15892 "-" "Mozilla/5.0 (compatible; Googlebot/2.1; +http://www.google.com/bot.html)"
77.75.77.11 - - [24/Feb/2017:18:34:42 -0800] "GET /robots.txt HTTP/1.1" 404 208 "-" "Mozilla/5.0 (compatible; SeznamBot/3.2; +http://napoveda.seznam.cz/en/seznambot-intro/)"
77.75.77.11 - - [24/Feb/2017:18:35:21 -0800] "GET /img/oncekids-fujimini/thumbs/3.jpg HTTP/1.1" 200 39586 "-" "Mozilla/5.0 (compatible; SeznamBot/3.2; +http://napoveda.seznam.cz/en/seznambot-intro/)"
66.249.79.103 - - [24/Feb/2017:19:13:26 -0800] "GET /robots.txt HTTP/1.1" 404 208 "-" "Mozilla/5.0 (compatible; Googlebot/2.1; +http://www.google.com/bot.html)"
180.76.15.145 - - [24/Feb/2017:19:17:41 -0800] "GET / HTTP/1.1" 403 202 "-" "Mozilla/5.0 (compatible; Baiduspider/2.0; +http://www.baidu.com/search/spider.html)"
66.249.79.99 - - [24/Feb/2017:19:27:43 -0800] "GET / HTTP/1.1" 200 15892 "-" "Mozilla/5.0 (compatible; Googlebot/2.1; +http://www.google.com/bot.html)"
202.46.49.66 - - [24/Feb/2017:19:51:01 -0800] "GET / HTTP/1.1" 403 202 "-" "Mozilla/5.0 (Windows NT 10.0; WOW64) AppleWebKit/537.36 (KHTML, like Gecko) Chrome/45.0.2454.93 Safari/537.36"
77.75.77.72 - - [24/Feb/2017:21:02:59 -0800] "GET /robots.txt HTTP/1.1" 404 208 "-" "Mozilla/5.0 (compatible; SeznamBot/3.2; +http://napoveda.seznam.cz/en/seznambot-intro/)"
77.75.77.72 - - [24/Feb/2017:21:03:02 -0800] "GET /img/urban-cowgirl/5.jpg HTTP/1.1" 200 114905 "-" "Mozilla/5.0 (compatible; SeznamBot/3.2; +http://napoveda.seznam.cz/en/seznambot-intro/)"
104.238.180.234 - - [24/Feb/2017:22:54:04 -0800] "GET / HTTP/1.1" 200 72657 "-" "Mozilla/5.0 (Windows NT 6.1; WOW64) AppleWebKit/537.36 (KHTML, like Gecko) Chrome/40.0.2214.115 Safari/537.36"
45.32.130.173 - - [24/Feb/2017:23:40:59 -0800] "GET / HTTP/1.1" 200 72657 "-" "Mozilla/5.0 (Windows NT 6.1; WOW64) AppleWebKit/537.36 (KHTML, like Gecko) Chrome/40.0.2214.115 Safari/537.36"
66.249.79.103 - - [25/Feb/2017:01:44:20 -0800] "GET / HTTP/1.1" 200 15892 "-" "Mozilla/5.0 (compatible; Googlebot/2.1; +http://www.google.com/bot.html)"
46.229.164.100 - - [25/Feb/2017:03:03:04 -0800] "GET /robots.txt HTTP/1.1" 404 208 "-" "Mozilla/5.0 (compatible; SemrushBot/1.2~bl; +http://www.semrush.com/bot.html)"
66.249.79.103 - - [25/Feb/2017:03:56:39 -0800] "GET / HTTP/1.1" 200 15892 "-" "Mozilla/5.0 (compatible; Googlebot/2.1; +http://www.google.com/bot.html)"
66.249.79.107 - - [25/Feb/2017:05:08:20 -0800] "GET / HTTP/1.1" 200 15892 "-" "Mozilla/5.0 (compatible; Googlebot/2.1; +http://www.google.com/bot.html)"
66.249.79.107 - - [25/Feb/2017:06:14:48 -0800] "GET /robots.txt HTTP/1.1" 404 208 "-" "Mozilla/5.0 (compatible; Googlebot/2.1; +http://www.google.com/bot.html)"
66.249.79.103 - - [25/Feb/2017:06:14:50 -0800] "GET / HTTP/1.1" 200 15892 "-" "Mozilla/5.0 (compatible; Googlebot/2.1; +http://www.google.com/bot.html)"
66.249.79.103 - - [25/Feb/2017:06:45:32 -0800] "GET / HTTP/1.1" 200 15892 "-" "Mozilla/5.0 (compatible; Googlebot/2.1; +http://www.google.com/bot.html)"
138.197.111.46 - - [25/Feb/2017:06:46:14 -0800] "GET / HTTP/1.1" 200 15892 "-" "Mozilla/5.0 (Windows NT 6.1; WOW64) AppleWebKit/537.36 (KHTML, like Gecko) Chrome/34.0.1847.131 Safari/537.36"
138.197.111.46 - - [25/Feb/2017:06:46:15 -0800] "GET /js/modernizr.js HTTP/1.1" 200 5933 "https://www.rndsquared.com/" "Mozilla/5.0 (Windows NT 6.1; WOW64) AppleWebKit/537.36 (KHTML, like Gecko) Chrome/34.0.1847.131 Safari/537.36"
138.197.111.46 - - [25/Feb/2017:06:46:15 -0800] "GET /js/scripts.js HTTP/1.1" 200 1227 "https://www.rndsquared.com/" "Mozilla/5.0 (Windows NT 6.1; WOW64) AppleWebKit/537.36 (KHTML, like Gecko) Chrome/34.0.1847.131 Safari/537.36"
138.197.111.46 - - [25/Feb/2017:06:46:15 -0800] "GET /js/lightbox.js HTTP/1.1" 200 4210 "https://www.rndsquared.com/" "Mozilla/5.0 (Windows NT 6.1; WOW64) AppleWebKit/537.36 (KHTML, like Gecko) Chrome/34.0.1847.131 Safari/537.36"
66.249.79.107 - - [25/Feb/2017:07:47:18 -0800] "GET /sbderjbvqrgl.html HTTP/1.1" 404 215 "-" "Mozilla/5.0 (compatible; Googlebot/2.1; +http://www.google.com/bot.html)"
66.249.66.125 - - [25/Feb/2017:08:11:21 -0800] "GET / HTTP/1.1" 200 15892 "-" "Mozilla/5.0 (compatible; Googlebot/2.1; +http://www.google.com/bot.html)"
77.75.78.172 - - [25/Feb/2017:08:22:59 -0800] "GET /robots.txt HTTP/1.1" 404 208 "-" "Mozilla/5.0 (compatible; SeznamBot/3.2; +http://napoveda.seznam.cz/en/seznambot-intro/)"
77.75.78.172 - - [25/Feb/2017:08:23:02 -0800] "GET /img/oncekids-fujimini/thumbs/1.jpg HTTP/1.1" 304 - "-" "Mozilla/5.0 (compatible; SeznamBot/3.2; +http://napoveda.seznam.cz/en/seznambot-intro/)"
77.75.79.36 - - [25/Feb/2017:10:46:07 -0800] "GET /robots.txt HTTP/1.1" 404 208 "-" "Mozilla/5.0 (compatible; SeznamBot/3.2; +http://napoveda.seznam.cz/en/seznambot-intro/)"
77.75.79.36 - - [25/Feb/2017:10:46:18 -0800] "GET /img/sfnoir/8.jpg HTTP/1.1" 304 - "-" "Mozilla/5.0 (compatible; SeznamBot/3.2; +http://napoveda.seznam.cz/en/seznambot-intro/)"
66.249.66.125 - - [25/Feb/2017:10:58:53 -0800] "GET / HTTP/1.1" 200 15892 "-" "Mozilla/5.0 (compatible; Googlebot/2.1; +http://www.google.com/bot.html)"
66.249.66.127 - - [25/Feb/2017:11:55:55 -0800] "GET /favicon.ico HTTP/1.1" 404 209 "-" "Googlebot-Image/1.0"
66.249.66.125 - - [25/Feb/2017:12:50:57 -0800] "GET / HTTP/1.1" 200 15892 "-" "Mozilla/5.0 (compatible; Googlebot/2.1; +http://www.google.com/bot.html)"
77.75.77.54 - - [25/Feb/2017:13:16:07 -0800] "GET /robots.txt HTTP/1.1" 404 208 "-" "Mozilla/5.0 (compatible; SeznamBot/3.2; +http://napoveda.seznam.cz/en/seznambot-intro/)"
77.75.77.54 - - [25/Feb/2017:13:16:10 -0800] "GET /img/bs4w/7.jpg HTTP/1.1" 304 - "-" "Mozilla/5.0 (compatible; SeznamBot/3.2; +http://napoveda.seznam.cz/en/seznambot-intro/)"
66.249.66.66 - - [25/Feb/2017:13:56:57 -0800] "GET /robots.txt HTTP/1.1" 404 208 "-" "Mozilla/5.0 (compatible; Googlebot/2.1; +http://www.google.com/bot.html)"
66.249.66.66 - - [25/Feb/2017:14:11:57 -0800] "GET / HTTP/1.1" 200 15892 "-" "Mozilla/5.0 (compatible; Googlebot/2.1; +http://www.google.com/bot.html)"
77.75.78.164 - - [25/Feb/2017:14:24:03 -0800] "GET /robots.txt HTTP/1.1" 404 208 "-" "Mozilla/5.0 (compatible; SeznamBot/3.2; +http://napoveda.seznam.cz/en/seznambot-intro/)"
77.75.78.164 - - [25/Feb/2017:14:24:06 -0800] "GET /img/bs4w/thumbs/3.jpg HTTP/1.1" 304 - "-" "Mozilla/5.0 (compatible; SeznamBot/3.2; +http://napoveda.seznam.cz/en/seznambot-intro/)"
66.249.66.125 - - [25/Feb/2017:15:58:57 -0800] "GET / HTTP/1.1" 200 15892 "-" "Mozilla/5.0 (compatible; Googlebot/2.1; +http://www.google.com/bot.html)"
66.249.66.99 - - [25/Feb/2017:17:25:17 -0800] "GET / HTTP/1.1" 200 15892 "-" "Mozilla/5.0 (compatible; Googlebot/2.1; +http://www.google.com/bot.html)"
141.8.143.215 - - [25/Feb/2017:18:36:13 -0800] "GET /robots.txt HTTP/1.1" 404 208 "-" "Mozilla/5.0 (compatible; YandexBot/3.0; +http://yandex.com/bots)"
141.8.143.215 - - [25/Feb/2017:18:36:17 -0800] "GET / HTTP/1.1" 200 15892 "-" "Mozilla/5.0 (compatible; YandexBot/3.0; +http://yandex.com/bots)"
66.249.66.66 - - [25/Feb/2017:19:47:12 -0800] "GET /robots.txt HTTP/1.1" 404 208 "-" "Mozilla/5.0 (compatible; Googlebot/2.1; +http://www.google.com/bot.html)"
66.249.66.127 - - [25/Feb/2017:19:47:12 -0800] "GET /img/mixman/thumbs/11.jpg HTTP/1.1" 304 - "-" "Googlebot-Image/1.0"
5.196.87.42 - - [25/Feb/2017:20:13:10 -0800] "GET /robots.txt HTTP/1.1" 404 208 "-" "Mozilla/5.0 (compatible; AhrefsBot/5.2; +http://ahrefs.com/robot/)"
5.255.250.47 - - [25/Feb/2017:20:39:51 -0800] "GET /favicon.ico HTTP/1.1" 404 209 "-" "Mozilla/5.0 (compatible; YandexBot/3.0; +http://yandex.com/bots)"
138.197.73.70 - - [25/Feb/2017:21:18:17 -0800] "GET / HTTP/1.1" 200 15892 "http://rndsquared.com/" "Mozilla/5.0 (Windows NT 6.1; WOW64; rv:21.0) Gecko/20100101 Firefox/21.0"
54.219.181.188 - - [25/Feb/2017:23:14:56 -0800] "GET /img/logo.png HTTP/1.1" 200 13123 "http://rndsquared.com/img/logo.png" "Go-http-client/1.1"
134.249.159.113 - - [25/Feb/2017:23:20:01 -0800] "GET / HTTP/1.1" 400 226 "-" "Mozilla/5.0 (Windows NT 6.0) AppleWebKit/537.36 (KHTML, like Gecko) Chrome/34.0.1847.116 Safari/537.36"
207.46.13.209 - - [25/Feb/2017:23:56:16 -0800] "GET /robots.txt HTTP/1.1" 403 212 "-" "Mozilla/5.0 (compatible; bingbot/2.0; +http://www.bing.com/bingbot.htm)"
207.46.13.209 - - [25/Feb/2017:23:56:16 -0800] "GET /robots.txt HTTP/1.1" 404 208 "-" "Mozilla/5.0 (compatible; bingbot/2.0; +http://www.bing.com/bingbot.htm)"
40.77.167.88 - - [25/Feb/2017:23:56:25 -0800] "GET / HTTP/1.1" 200 15892 "-" "Mozilla/5.0 (compatible; bingbot/2.0; +http://www.bing.com/bingbot.htm)"
91.213.126.133 - - [26/Feb/2017:00:01:44 -0800] "GET / HTTP/1.1" 200 72657 "http://rndsquared.com" "Mozilla/5.0 (X11; Linux x86_64) AppleWebKit/537.36 (KHTML, like Gecko) Chrome/46.0.2490.80 Safari/537.36"
91.213.126.133 - - [26/Feb/2017:00:01:47 -0800] "GET / HTTP/1.1" 200 72657 "HTTP://www.rndsquared.com/" "Mozilla/5.0 (X11; Linux x86_64) AppleWebKit/537.36 (KHTML, like Gecko) Chrome/46.0.2490.80 Safari/537.36"
77.75.76.163 - - [26/Feb/2017:00:24:50 -0800] "GET /robots.txt HTTP/1.1" 404 208 "-" "Mozilla/5.0 (compatible; SeznamBot/3.2; +http://napoveda.seznam.cz/en/seznambot-intro/)"
77.75.76.163 - - [26/Feb/2017:00:24:52 -0800] "GET /img/sfnoir/thumbs/5.jpg HTTP/1.1" 304 - "-" "Mozilla/5.0 (compatible; SeznamBot/3.2; +http://napoveda.seznam.cz/en/seznambot-intro/)"
138.197.111.52 - - [26/Feb/2017:01:27:43 -0800] "GET / HTTP/1.1" 200 15892 "-" "Mozilla/5.0 (Windows NT 6.1; rv:28.0) Gecko/20100101 Firefox/28.0"
138.197.111.52 - - [26/Feb/2017:01:27:43 -0800] "GET /js/modernizr.js HTTP/1.1" 200 5933 "https://www.rndsquared.com/" "Mozilla/5.0 (Windows NT 6.1; rv:28.0) Gecko/20100101 Firefox/28.0"
138.197.111.52 - - [26/Feb/2017:01:27:43 -0800] "GET /js/lightbox.js HTTP/1.1" 200 4210 "https://www.rndsquared.com/" "Mozilla/5.0 (Windows NT 6.1; rv:28.0) Gecko/20100101 Firefox/28.0"
138.197.111.52 - - [26/Feb/2017:01:27:43 -0800] "GET /js/scripts.js HTTP/1.1" 200 1227 "https://www.rndsquared.com/" "Mozilla/5.0 (Windows NT 6.1; rv:28.0) Gecko/20100101 Firefox/28.0"
207.46.13.249 - - [26/Feb/2017:03:06:13 -0800] "GET /robots.txt HTTP/1.1" 404 208 "-" "Mozilla/5.0 (compatible; bingbot/2.0; +http://www.bing.com/bingbot.htm)"
123.125.71.40 - - [26/Feb/2017:03:31:30 -0800] "GET /robots.txt HTTP/1.1" 404 208 "-" "Mozilla/5.0 (compatible; Baiduspider/2.0; +http://www.baidu.com/search/spider.html)"
123.125.71.114 - - [26/Feb/2017:03:33:09 -0800] "GET / HTTP/1.1" 200 72657 "-" "Mozilla/5.0 (compatible; Baiduspider/2.0; +http://www.baidu.com/search/spider.html)"
66.249.66.66 - - [26/Feb/2017:03:45:20 -0800] "GET /robots.txt HTTP/1.1" 404 208 "-" "Mozilla/5.0 (compatible; Googlebot/2.1; +http://www.google.com/bot.html)"
66.249.66.125 - - [26/Feb/2017:03:45:22 -0800] "GET / HTTP/1.1" 200 15892 "-" "Mozilla/5.0 (compatible; Googlebot/2.1; +http://www.google.com/bot.html)"
66.249.66.125 - - [26/Feb/2017:03:45:22 -0800] "GET / HTTP/1.1" 200 15892 "-" "Mozilla/5.0 (compatible; Googlebot/2.1; +http://www.google.com/bot.html)"
46.229.164.100 - - [26/Feb/2017:05:00:40 -0800] "GET /robots.txt HTTP/1.1" 404 208 "-" "Mozilla/5.0 (compatible; SemrushBot/1.2~bl; +http://www.semrush.com/bot.html)"
77.75.77.36 - - [26/Feb/2017:05:17:05 -0800] "GET /robots.txt HTTP/1.1" 404 208 "-" "Mozilla/5.0 (compatible; SeznamBot/3.2; +http://napoveda.seznam.cz/en/seznambot-intro/)"
77.75.77.36 - - [26/Feb/2017:05:17:08 -0800] "GET /img/autumn/6.jpg HTTP/1.1" 304 - "-" "Mozilla/5.0 (compatible; SeznamBot/3.2; +http://napoveda.seznam.cz/en/seznambot-intro/)"
66.249.79.103 - - [26/Feb/2017:08:11:40 -0800] "GET /robots.txt HTTP/1.1" 404 208 "-" "Mozilla/5.0 (compatible; Googlebot/2.1; +http://www.google.com/bot.html)"
66.249.79.103 - - [26/Feb/2017:08:11:42 -0800] "GET / HTTP/1.1" 200 15892 "-" "Mozilla/5.0 (compatible; Googlebot/2.1; +http://www.google.com/bot.html)"
77.75.76.163 - - [26/Feb/2017:08:20:04 -0800] "GET /robots.txt HTTP/1.1" 404 208 "-" "Mozilla/5.0 (compatible; SeznamBot/3.2; +http://napoveda.seznam.cz/en/seznambot-intro/)"
77.75.76.163 - - [26/Feb/2017:08:20:07 -0800] "GET /img/urban-cowgirl/5.jpg HTTP/1.1" 200 114905 "-" "Mozilla/5.0 (compatible; SeznamBot/3.2; +http://napoveda.seznam.cz/en/seznambot-intro/)"
77.75.77.11 - - [26/Feb/2017:10:38:04 -0800] "GET /robots.txt HTTP/1.1" 404 208 "-" "Mozilla/5.0 (compatible; SeznamBot/3.2; +http://napoveda.seznam.cz/en/seznambot-intro/)"
77.75.77.11 - - [26/Feb/2017:10:38:07 -0800] "GET /img/oncekids-fujimini/thumbs/3.jpg HTTP/1.1" 200 39586 "-" "Mozilla/5.0 (compatible; SeznamBot/3.2; +http://napoveda.seznam.cz/en/seznambot-intro/)"
220.181.108.180 - - [26/Feb/2017:11:56:26 -0800] "GET / HTTP/1.1" 200 72657 "-" "Mozilla/5.0 (compatible; Baiduspider/2.0; +http://www.baidu.com/search/spider.html)"
54.146.154.134 - - [26/Feb/2017:16:11:49 -0800] "GET / HTTP/1.1" 200 15892 "-" "python-requests/2.3.0 CPython/3.4.0 Linux/4.4.35-33.55.amzn1.x86_64"
66.249.79.103 - - [26/Feb/2017:16:46:47 -0800] "GET / HTTP/1.1" 200 15892 "-" "Mozilla/5.0 (compatible; Googlebot/2.1; +http://www.google.com/bot.html)"
77.88.47.62 - - [26/Feb/2017:17:13:24 -0800] "GET /robots.txt HTTP/1.1" 404 208 "-" "Mozilla/5.0 (compatible; YandexBot/3.0; +http://yandex.com/bots)"
141.8.143.242 - - [26/Feb/2017:17:13:28 -0800] "GET / HTTP/1.1" 200 15892 "-" "Mozilla/5.0 (compatible; YandexBot/3.0; +http://yandex.com/bots)"
100.43.91.1 - - [26/Feb/2017:17:21:40 -0800] "GET / HTTP/1.1" 200 15892 "-" "Mozilla/5.0 (compatible; YandexBot/3.0; +http://yandex.com/bots)"
138.197.111.119 - - [26/Feb/2017:20:33:38 -0800] "GET / HTTP/1.1" 200 15892 "-" "Mozilla/5.0 (compatible; MSIE 10.0; Windows NT 6.1; WOW64; Trident/6.0)"
138.197.111.119 - - [26/Feb/2017:20:33:39 -0800] "GET /js/modernizr.js HTTP/1.1" 200 5933 "https://www.rndsquared.com/" "Mozilla/5.0 (compatible; MSIE 10.0; Windows NT 6.1; WOW64; Trident/6.0)"
138.197.111.119 - - [26/Feb/2017:20:33:39 -0800] "GET /js/lightbox.js HTTP/1.1" 200 4210 "https://www.rndsquared.com/" "Mozilla/5.0 (compatible; MSIE 10.0; Windows NT 6.1; WOW64; Trident/6.0)"
138.197.111.119 - - [26/Feb/2017:20:33:39 -0800] "GET /js/scripts.js HTTP/1.1" 200 1227 "https://www.rndsquared.com/" "Mozilla/5.0 (compatible; MSIE 10.0; Windows NT 6.1; WOW64; Trident/6.0)"
77.75.78.161 - - [26/Feb/2017:21:25:00 -0800] "GET /robots.txt HTTP/1.1" 404 208 "-" "Mozilla/5.0 (compatible; SeznamBot/3.2; +http://napoveda.seznam.cz/en/seznambot-intro/)"
77.75.78.161 - - [26/Feb/2017:21:25:03 -0800] "GET /img/mixman/thumbs/4.jpg HTTP/1.1" 304 - "-" "Mozilla/5.0 (compatible; SeznamBot/3.2; +http://napoveda.seznam.cz/en/seznambot-intro/)"
66.249.79.99 - - [26/Feb/2017:22:20:50 -0800] "GET /robots.txt HTTP/1.1" 404 208 "-" "Mozilla/5.0 (compatible; Googlebot/2.1; +http://www.google.com/bot.html)"
77.75.79.17 - - [26/Feb/2017:23:04:37 -0800] "GET /robots.txt HTTP/1.1" 404 208 "-" "Mozilla/5.0 (compatible; SeznamBot/3.2; +http://napoveda.seznam.cz/en/seznambot-intro/)"
77.75.79.17 - - [26/Feb/2017:23:04:40 -0800] "GET /img/oncekids-fujimini/thumbs/8.jpg HTTP/1.1" 304 - "-" "Mozilla/5.0 (compatible; SeznamBot/3.2; +http://napoveda.seznam.cz/en/seznambot-intro/)"
77.75.79.101 - - [27/Feb/2017:00:11:31 -0800] "GET /robots.txt HTTP/1.1" 404 208 "-" "Mozilla/5.0 (compatible; SeznamBot/3.2; +http://napoveda.seznam.cz/en/seznambot-intro/)"
77.75.79.101 - - [27/Feb/2017:00:11:35 -0800] "GET /img/autumn/thumbs/8.jpg HTTP/1.1" 304 - "-" "Mozilla/5.0 (compatible; SeznamBot/3.2; +http://napoveda.seznam.cz/en/seznambot-intro/)"
77.75.77.95 - - [27/Feb/2017:00:56:21 -0800] "GET /robots.txt HTTP/1.1" 404 208 "-" "Mozilla/5.0 (compatible; SeznamBot/3.2; +http://napoveda.seznam.cz/en/seznambot-intro/)"
77.75.77.95 - - [27/Feb/2017:00:56:24 -0800] "GET /img/njn/thumbs/3.jpg HTTP/1.1" 304 - "-" "Mozilla/5.0 (compatible; SeznamBot/3.2; +http://napoveda.seznam.cz/en/seznambot-intro/)"
192.169.151.208 - - [27/Feb/2017:01:03:33 -0800] "GET /cpanel HTTP/1.1" 404 204 "http://www.google.com" "Mozilla/5.0 (Windows NT 6.1; WOW64) AppleWebKit/537.36 (KHTML, like Gecko) Chrome/45.0.2454.101 Safari/537.36"
77.75.78.164 - - [27/Feb/2017:01:39:06 -0800] "GET /robots.txt HTTP/1.1" 404 208 "-" "Mozilla/5.0 (compatible; SeznamBot/3.2; +http://napoveda.seznam.cz/en/seznambot-intro/)"
77.75.78.164 - - [27/Feb/2017:01:39:09 -0800] "GET /img/autumn/thumbs/8.jpg HTTP/1.1" 304 - "-" "Mozilla/5.0 (compatible; SeznamBot/3.2; +http://napoveda.seznam.cz/en/seznambot-intro/)"
66.249.79.99 - - [27/Feb/2017:02:37:57 -0800] "GET /robots.txt HTTP/1.1" 404 208 "-" "Mozilla/5.0 (compatible; Googlebot/2.1; +http://www.google.com/bot.html)"
66.249.79.99 - - [27/Feb/2017:02:37:58 -0800] "GET / HTTP/1.1" 200 15892 "-" "Mozilla/5.0 (compatible; Googlebot/2.1; +http://www.google.com/bot.html)"
46.229.164.100 - - [27/Feb/2017:02:50:58 -0800] "GET /robots.txt HTTP/1.1" 404 208 "-" "Mozilla/5.0 (compatible; SemrushBot/1.2~bl; +http://www.semrush.com/bot.html)"
138.197.67.85 - - [27/Feb/2017:03:18:06 -0800] "GET / HTTP/1.1" 200 15892 "http://rndsquared.com/" "Mozilla/5.0 (Windows NT 6.1; WOW64) AppleWebKit/537.36 (KHTML, like Gecko) Chrome/34.0.1847.137 Safari/537.36"
138.197.67.85 - - [27/Feb/2017:03:18:11 -0800] "GET / HTTP/1.1" 301 235 "-" "-"
77.75.76.162 - - [27/Feb/2017:03:37:04 -0800] "GET /robots.txt HTTP/1.1" 404 208 "-" "Mozilla/5.0 (compatible; SeznamBot/3.2; +http://napoveda.seznam.cz/en/seznambot-intro/)"
77.75.76.162 - - [27/Feb/2017:03:37:07 -0800] "GET /img/urban-cowgirl/thumbs/2.jpg HTTP/1.1" 304 - "-" "Mozilla/5.0 (compatible; SeznamBot/3.2; +http://napoveda.seznam.cz/en/seznambot-intro/)"
77.75.76.171 - - [27/Feb/2017:05:38:22 -0800] "GET /robots.txt HTTP/1.1" 404 208 "-" "Mozilla/5.0 (compatible; SeznamBot/3.2; +http://napoveda.seznam.cz/en/seznambot-intro/)"
77.75.76.171 - - [27/Feb/2017:05:38:25 -0800] "GET /img/autumn/thumbs/6.jpg HTTP/1.1" 304 - "-" "Mozilla/5.0 (compatible; SeznamBot/3.2; +http://napoveda.seznam.cz/en/seznambot-intro/)"
77.75.79.95 - - [27/Feb/2017:06:55:02 -0800] "GET /robots.txt HTTP/1.1" 404 208 "-" "Mozilla/5.0 (compatible; SeznamBot/3.2; +http://napoveda.seznam.cz/en/seznambot-intro/)"
77.75.79.95 - - [27/Feb/2017:06:55:05 -0800] "GET /img/sfnoir/thumbs/6.jpg HTTP/1.1" 304 - "-" "Mozilla/5.0 (compatible; SeznamBot/3.2; +http://napoveda.seznam.cz/en/seznambot-intro/)"
180.76.15.138 - - [27/Feb/2017:07:02:00 -0800] "GET / HTTP/1.1" 403 202 "-" "Mozilla/5.0 (compatible; Baiduspider/2.0; +http://www.baidu.com/search/spider.html)"
66.249.79.99 - - [27/Feb/2017:07:18:36 -0800] "GET /css/lightbox.css HTTP/1.1" 200 1003 "https://www.rndsquared.com/" "Mozilla/5.0 (compatible; Googlebot/2.1; +http://www.google.com/bot.html)"
66.249.79.99 - - [27/Feb/2017:07:18:36 -0800] "GET /css/bootstrap.min.css HTTP/1.1" 200 11249 "https://www.rndsquared.com/" "Mozilla/5.0 (compatible; Googlebot/2.1; +http://www.google.com/bot.html)"
66.249.79.99 - - [27/Feb/2017:07:18:37 -0800] "GET /css/styles.css HTTP/1.1" 200 1975 "https://www.rndsquared.com/" "Mozilla/5.0 (compatible; Googlebot/2.1; +http://www.google.com/bot.html)"
77.75.79.62 - - [27/Feb/2017:07:28:17 -0800] "GET /robots.txt HTTP/1.1" 404 208 "-" "Mozilla/5.0 (compatible; SeznamBot/3.2; +http://napoveda.seznam.cz/en/seznambot-intro/)"
77.75.79.62 - - [27/Feb/2017:07:28:28 -0800] "GET /img/urban-cowgirl/thumbs/3.jpg HTTP/1.1" 304 - "-" "Mozilla/5.0 (compatible; SeznamBot/3.2; +http://napoveda.seznam.cz/en/seznambot-intro/)"
202.46.57.27 - - [27/Feb/2017:07:37:59 -0800] "GET / HTTP/1.1" 403 202 "-" "Mozilla/5.0 (Windows NT 10.0; WOW64) AppleWebKit/537.36 (KHTML, like Gecko) Chrome/45.0.2454.93 Safari/537.36"
77.75.76.165 - - [27/Feb/2017:08:42:12 -0800] "GET /robots.txt HTTP/1.1" 404 208 "-" "Mozilla/5.0 (compatible; SeznamBot/3.2; +http://napoveda.seznam.cz/en/seznambot-intro/)"
77.75.76.165 - - [27/Feb/2017:08:42:15 -0800] "GET /img/bs4w/thumbs/5.jpg HTTP/1.1" 304 - "-" "Mozilla/5.0 (compatible; SeznamBot/3.2; +http://napoveda.seznam.cz/en/seznambot-intro/)"
89.34.237.121 - - [27/Feb/2017:09:21:09 -0800] "GET / HTTP/1.1" 200 15892 "http://pizza-imperia.com/" "Mozilla/5.0 (X11; Linux x86_64) AppleWebKit/537.36 (KHTML, like Gecko) Chrome/37.0.2062.120 Safari/537.36"
46.165.197.142 - - [27/Feb/2017:11:28:42 -0800] "GET /robots.txt HTTP/1.1" 404 208 "-" "Mozilla/5.0 (compatible; MJ12bot/v1.4.8; http://mj12bot.com/)"
46.165.197.142 - - [27/Feb/2017:11:28:47 -0800] "GET / HTTP/1.1" 200 72657 "-" "Mozilla/5.0 (compatible; MJ12bot/v1.4.8; http://mj12bot.com/)"
77.75.77.95 - - [27/Feb/2017:11:37:51 -0800] "GET /robots.txt HTTP/1.1" 404 208 "-" "Mozilla/5.0 (compatible; SeznamBot/3.2; +http://napoveda.seznam.cz/en/seznambot-intro/)"
77.75.77.95 - - [27/Feb/2017:11:37:54 -0800] "GET /img/mixman/thumbs/15.jpg HTTP/1.1" 304 - "-" "Mozilla/5.0 (compatible; SeznamBot/3.2; +http://napoveda.seznam.cz/en/seznambot-intro/)"
66.249.79.107 - - [27/Feb/2017:11:52:50 -0800] "GET /robots.txt HTTP/1.1" 404 208 "-" "Mozilla/5.0 (compatible; Googlebot/2.1; +http://www.google.com/bot.html)"
66.249.79.103 - - [27/Feb/2017:11:52:51 -0800] "GET / HTTP/1.1" 200 15892 "-" "Mozilla/5.0 (compatible; Googlebot/2.1; +http://www.google.com/bot.html)"
77.75.77.119 - - [27/Feb/2017:13:14:39 -0800] "GET /robots.txt HTTP/1.1" 404 208 "-" "Mozilla/5.0 (compatible; SeznamBot/3.2; +http://napoveda.seznam.cz/en/seznambot-intro/)"
77.75.77.119 - - [27/Feb/2017:13:14:42 -0800] "GET /img/mixman/thumbs/10.jpg HTTP/1.1" 304 - "-" "Mozilla/5.0 (compatible; SeznamBot/3.2; +http://napoveda.seznam.cz/en/seznambot-intro/)"
77.75.76.163 - - [27/Feb/2017:15:35:48 -0800] "GET /robots.txt HTTP/1.1" 404 208 "-" "Mozilla/5.0 (compatible; SeznamBot/3.2; +http://napoveda.seznam.cz/en/seznambot-intro/)"
77.75.76.163 - - [27/Feb/2017:15:35:50 -0800] "GET /img/oncekids-fujimini/7.jpg HTTP/1.1" 304 - "-" "Mozilla/5.0 (compatible; SeznamBot/3.2; +http://napoveda.seznam.cz/en/seznambot-intro/)"
138.197.111.120 - - [27/Feb/2017:16:08:24 -0800] "GET / HTTP/1.1" 200 15892 "-" "Mozilla/5.0 (Macintosh; Intel Mac OS X 10.9; rv:29.0) Gecko/20100101 Firefox/29.0"
138.197.111.120 - - [27/Feb/2017:16:08:24 -0800] "GET /js/modernizr.js HTTP/1.1" 200 5933 "https://www.rndsquared.com/" "Mozilla/5.0 (Macintosh; Intel Mac OS X 10.9; rv:29.0) Gecko/20100101 Firefox/29.0"
138.197.111.120 - - [27/Feb/2017:16:08:24 -0800] "GET /js/scripts.js HTTP/1.1" 200 1227 "https://www.rndsquared.com/" "Mozilla/5.0 (Macintosh; Intel Mac OS X 10.9; rv:29.0) Gecko/20100101 Firefox/29.0"
138.197.111.120 - - [27/Feb/2017:16:08:24 -0800] "GET /js/lightbox.js HTTP/1.1" 200 4210 "https://www.rndsquared.com/" "Mozilla/5.0 (Macintosh; Intel Mac OS X 10.9; rv:29.0) Gecko/20100101 Firefox/29.0"
66.249.79.103 - - [27/Feb/2017:16:15:12 -0800] "GET /robots.txt HTTP/1.1" 404 208 "-" "Mozilla/5.0 (compatible; Googlebot/2.1; +http://www.google.com/bot.html)"
77.75.77.62 - - [27/Feb/2017:16:34:35 -0800] "GET /robots.txt HTTP/1.1" 404 208 "-" "Mozilla/5.0 (compatible; SeznamBot/3.2; +http://napoveda.seznam.cz/en/seznambot-intro/)"
77.75.77.62 - - [27/Feb/2017:16:34:38 -0800] "GET /img/oncekids-fujimini/5.jpg HTTP/1.1" 304 - "-" "Mozilla/5.0 (compatible; SeznamBot/3.2; +http://napoveda.seznam.cz/en/seznambot-intro/)"
37.205.62.73 - - [27/Feb/2017:16:45:42 -0800] "GET / HTTP/1.1" 200 15892 "-" "Mozilla/5.0 (Windows NT 10.0; WOW64; rv:50.0) Gecko/20100101 Firefox/50.0"
77.75.76.162 - - [27/Feb/2017:17:28:40 -0800] "GET /robots.txt HTTP/1.1" 404 208 "-" "Mozilla/5.0 (compatible; SeznamBot/3.2; +http://napoveda.seznam.cz/en/seznambot-intro/)"
77.75.76.162 - - [27/Feb/2017:17:28:42 -0800] "GET /img/njn/1.jpg HTTP/1.1" 304 - "-" "Mozilla/5.0 (compatible; SeznamBot/3.2; +http://napoveda.seznam.cz/en/seznambot-intro/)"
54.90.41.238 - - [27/Feb/2017:18:06:01 -0800] "GET / HTTP/1.1" 200 15892 "-" "Mozilla/5.0 (Windows NT 10.0; WOW64) AppleWebKit/537.36 (KHTML, like Gecko) Chrome/51.0.2704.103 Safari/537.36"
66.249.79.107 - - [27/Feb/2017:18:56:04 -0800] "GET /img/oncekids-fujimini/thumbs/2.jpg HTTP/1.1" 200 36054 "-" "Googlebot-Image/1.0"
66.249.79.99 - - [27/Feb/2017:19:34:32 -0800] "GET /img/oncekids-fujimini/2.jpg HTTP/1.1" 200 99983 "-" "Googlebot-Image/1.0"
77.75.77.36 - - [27/Feb/2017:19:49:04 -0800] "GET /robots.txt HTTP/1.1" 404 208 "-" "Mozilla/5.0 (compatible; SeznamBot/3.2; +http://napoveda.seznam.cz/en/seznambot-intro/)"
77.75.77.36 - - [27/Feb/2017:19:49:07 -0800] "GET /img/sfnoir/thumbs/3.jpg HTTP/1.1" 200 22380 "-" "Mozilla/5.0 (compatible; SeznamBot/3.2; +http://napoveda.seznam.cz/en/seznambot-intro/)"
66.249.79.107 - - [27/Feb/2017:20:16:25 -0800] "GET /img/mixman/2.jpg HTTP/1.1" 200 80932 "-" "Googlebot-Image/1.0"
66.249.79.107 - - [27/Feb/2017:21:03:30 -0800] "GET /img/mixman/thumbs/2.jpg HTTP/1.1" 200 24519 "-" "Googlebot-Image/1.0"
5.196.87.42 - - [27/Feb/2017:21:14:30 -0800] "GET /robots.txt HTTP/1.1" 404 208 "-" "Mozilla/5.0 (compatible; AhrefsBot/5.2; +http://ahrefs.com/robot/)"
66.249.79.99 - - [27/Feb/2017:21:56:45 -0800] "GET /img/mixman/thumbs/17.jpg HTTP/1.1" 200 16331 "-" "Googlebot-Image/1.0"
66.249.79.103 - - [27/Feb/2017:22:08:50 -0800] "GET /robots.txt HTTP/1.1" 404 208 "-" "Mozilla/5.0 (compatible; Googlebot/2.1; +http://www.google.com/bot.html)"
66.249.79.99 - - [27/Feb/2017:22:08:51 -0800] "GET / HTTP/1.1" 200 15892 "-" "Mozilla/5.0 (compatible; Googlebot/2.1; +http://www.google.com/bot.html)"
66.249.79.107 - - [27/Feb/2017:23:01:18 -0800] "GET /img/autumn/thumbs/5.jpg HTTP/1.1" 200 29246 "-" "Googlebot-Image/1.0"
46.229.164.100 - - [28/Feb/2017:00:10:37 -0800] "GET /robots.txt HTTP/1.1" 404 208 "-" "Mozilla/5.0 (compatible; SemrushBot/1.2~bl; +http://www.semrush.com/bot.html)"
66.249.79.107 - - [28/Feb/2017:00:26:06 -0800] "GET /robots.txt HTTP/1.1" 404 208 "-" "Mozilla/5.0 (compatible; Googlebot/2.1; +http://www.google.com/bot.html)"
66.249.79.99 - - [28/Feb/2017:00:26:06 -0800] "GET /img/oncekids-fujimini/thumbs/5.jpg HTTP/1.1" 200 26202 "-" "Googlebot-Image/1.0"
66.249.79.99 - - [28/Feb/2017:01:51:49 -0800] "GET /img/mixman/thumbs/18.jpg HTTP/1.1" 200 20196 "-" "Googlebot-Image/1.0"
66.249.79.99 - - [28/Feb/2017:02:46:31 -0800] "GET /img/sfnoir/thumbs/7.jpg HTTP/1.1" 200 33692 "-" "Googlebot-Image/1.0"
77.75.78.172 - - [28/Feb/2017:03:09:25 -0800] "GET /robots.txt HTTP/1.1" 404 208 "-" "Mozilla/5.0 (compatible; SeznamBot/3.2; +http://napoveda.seznam.cz/en/seznambot-intro/)"
