185.220.100.253 - - [05/Apr/2019:07:26:07 -0700] "GET /?name=5ca76584a6b7e&email=jjdestefano03%40gmail.com&weJHlkUY=jjdestefano03%40gmail.com&message=& HTTP/1.1" 200 17429 "http://rndsquared.com/" "Mozilla/5.0 (Windows NT 6.1; Win64; x64) AppleWebKit/537.36 (KHTML, like Gecko) Chrome/60.0.3112.90 Safari/537.36"
172.241.166.43 - - [05/Apr/2019:07:46:31 -0700] "GET / HTTP/1.1" 200 17429 "http://rndsquared.com/" "Mozilla/5.0 (Windows NT 5.0; rv:52.43.90) Gecko/20142656 Firefox/52.43.90"
172.241.166.43 - - [05/Apr/2019:07:46:36 -0700] "GET //blog/ HTTP/1.1" 404 203 "http://rndsquared.com/" "Mozilla/5.0 (Windows NT 5.0; rv:52.43.90) Gecko/20142656 Firefox/52.43.90"
185.234.219.118 - - [05/Apr/2019:07:48:09 -0700] "GET / HTTP/1.1" 200 17429 "-" "Mozilla/5.0 (Windows NT 6.3; WOW64; Trident/7.0; rv:11.0) like Gecko"
185.234.219.118 - - [05/Apr/2019:07:48:10 -0700] "GET /?name=5ca76ab2e660f&email=josefa.farzaie%40gmx.de&weJHlkUY=josefa.farzaie%40gmx.de&message=& HTTP/1.1" 200 17429 "http://rndsquared.com/" "Mozilla/5.0 (Windows NT 6.3; WOW64; Trident/7.0; rv:11.0) like Gecko"
216.244.66.197 - - [05/Apr/2019:08:00:34 -0700] "GET /img/autumn/8.jpg HTTP/1.1" 200 100218 "-" "Mozilla/5.0 (compatible; DotBot/1.1; http://www.opensiteexplorer.org/dotbot, help@moz.com)"
185.248.160.65 - - [05/Apr/2019:08:04:56 -0700] "GET / HTTP/1.1" 200 17429 "-" "Mozilla/5.0 (Windows NT 6.2; Win64; x64) AppleWebKit/537.36 (KHTML, like Gecko) Chrome/51.0.2704.79 Safari/537.36 Edge/14.14393"
185.248.160.65 - - [05/Apr/2019:08:04:58 -0700] "GET /?name=5ca76ea0ab9c3&email=whernandez524%40yahoo.com&weJHlkUY=whernandez524%40yahoo.com&message=& HTTP/1.1" 200 17429 "http://rndsquared.com/" "Mozilla/5.0 (Windows NT 6.2; Win64; x64) AppleWebKit/537.36 (KHTML, like Gecko) Chrome/51.0.2704.79 Safari/537.36 Edge/14.14393"
216.244.66.197 - - [05/Apr/2019:08:11:12 -0700] "GET /robots.txt HTTP/1.1" 404 208 "-" "Mozilla/5.0 (compatible; DotBot/1.1; http://www.opensiteexplorer.org/dotbot, help@moz.com)"
34.216.193.125 - - [05/Apr/2019:08:18:56 -0700] "GET / HTTP/1.1" 200 17429 "-" "WWW-Mechanize/1.73"
138.197.96.209 - - [05/Apr/2019:08:35:53 -0700] "GET / HTTP/1.1" 200 17429 "-" "Mozilla/5.0 (X11; Datanyze; Linux x86_64) AppleWebKit/537.36 (KHTML, like Gecko) Chrome/65.0.3325.181 Safari/537.36"
138.197.96.209 - - [05/Apr/2019:08:35:53 -0700] "GET /js/modernizr.js HTTP/1.1" 200 5933 "http://rndsquared.com/" "Mozilla/5.0 (X11; Datanyze; Linux x86_64) AppleWebKit/537.36 (KHTML, like Gecko) Chrome/65.0.3325.181 Safari/537.36"
138.197.96.209 - - [05/Apr/2019:08:35:54 -0700] "GET /js/lightbox.js HTTP/1.1" 200 4210 "http://rndsquared.com/" "Mozilla/5.0 (X11; Datanyze; Linux x86_64) AppleWebKit/537.36 (KHTML, like Gecko) Chrome/65.0.3325.181 Safari/537.36"
138.197.96.209 - - [05/Apr/2019:08:35:54 -0700] "GET /js/scripts.js HTTP/1.1" 200 1227 "http://rndsquared.com/" "Mozilla/5.0 (X11; Datanyze; Linux x86_64) AppleWebKit/537.36 (KHTML, like Gecko) Chrome/65.0.3325.181 Safari/537.36"
81.17.27.141 - - [05/Apr/2019:08:54:52 -0700] "GET / HTTP/1.1" 200 17429 "-" "Mozilla/5.0 (Windows NT 10.0; Win64; x64) AppleWebKit/537.36 (KHTML, like Gecko) Chrome/55.0.2883.87 Safari/537.36"
194.113.106.11 - - [05/Apr/2019:08:57:40 -0700] "GET / HTTP/1.1" 200 79394 "-" "Mozilla/5.0 (Windows NT 10.0; Win64; x64) AppleWebKit/537.36 (KHTML, like Gecko) Chrome/63.0.3239.132 Safari/537.36"
194.113.106.11 - - [05/Apr/2019:08:57:40 -0700] "GET /wp-includes/wlwmanifest.xml HTTP/1.1" 404 225 "-" "Mozilla/5.0 (Windows NT 10.0; Win64; x64) AppleWebKit/537.36 (KHTML, like Gecko) Chrome/63.0.3239.132 Safari/537.36"
194.113.106.11 - - [05/Apr/2019:08:57:50 -0700] "GET /xmlrpc.php?rsd HTTP/1.1" 404 208 "-" "Mozilla/5.0 (Windows NT 10.0; Win64; x64) AppleWebKit/537.36 (KHTML, like Gecko) Chrome/63.0.3239.132 Safari/537.36"
194.113.106.11 - - [05/Apr/2019:08:58:01 -0700] "GET / HTTP/1.1" 200 79394 "-" "Mozilla/5.0 (Windows NT 10.0; Win64; x64) AppleWebKit/537.36 (KHTML, like Gecko) Chrome/63.0.3239.132 Safari/537.36"
194.113.106.11 - - [05/Apr/2019:08:58:01 -0700] "GET /blog/wp-includes/wlwmanifest.xml HTTP/1.1" 404 230 "-" "Mozilla/5.0 (Windows NT 10.0; Win64; x64) AppleWebKit/537.36 (KHTML, like Gecko) Chrome/63.0.3239.132 Safari/537.36"
194.113.106.11 - - [05/Apr/2019:08:58:12 -0700] "GET /web/wp-includes/wlwmanifest.xml HTTP/1.1" 404 229 "-" "Mozilla/5.0 (Windows NT 10.0; Win64; x64) AppleWebKit/537.36 (KHTML, like Gecko) Chrome/63.0.3239.132 Safari/537.36"
194.113.106.11 - - [05/Apr/2019:08:58:22 -0700] "GET /wordpress/wp-includes/wlwmanifest.xml HTTP/1.1" 404 235 "-" "Mozilla/5.0 (Windows NT 10.0; Win64; x64) AppleWebKit/537.36 (KHTML, like Gecko) Chrome/63.0.3239.132 Safari/537.36"
194.113.106.11 - - [05/Apr/2019:08:58:32 -0700] "GET /website/wp-includes/wlwmanifest.xml HTTP/1.1" 404 233 "-" "Mozilla/5.0 (Windows NT 10.0; Win64; x64) AppleWebKit/537.36 (KHTML, like Gecko) Chrome/63.0.3239.132 Safari/537.36"
194.113.106.11 - - [05/Apr/2019:08:58:43 -0700] "GET /wp/wp-includes/wlwmanifest.xml HTTP/1.1" 404 228 "-" "Mozilla/5.0 (Windows NT 10.0; Win64; x64) AppleWebKit/537.36 (KHTML, like Gecko) Chrome/63.0.3239.132 Safari/537.36"
194.113.106.11 - - [05/Apr/2019:08:58:53 -0700] "GET /news/wp-includes/wlwmanifest.xml HTTP/1.1" 404 230 "-" "Mozilla/5.0 (Windows NT 10.0; Win64; x64) AppleWebKit/537.36 (KHTML, like Gecko) Chrome/63.0.3239.132 Safari/537.36"
194.113.106.11 - - [05/Apr/2019:08:59:04 -0700] "GET /2015/wp-includes/wlwmanifest.xml HTTP/1.1" 404 230 "-" "Mozilla/5.0 (Windows NT 10.0; Win64; x64) AppleWebKit/537.36 (KHTML, like Gecko) Chrome/63.0.3239.132 Safari/537.36"
194.113.106.11 - - [05/Apr/2019:08:59:14 -0700] "GET /2016/wp-includes/wlwmanifest.xml HTTP/1.1" 404 230 "-" "Mozilla/5.0 (Windows NT 10.0; Win64; x64) AppleWebKit/537.36 (KHTML, like Gecko) Chrome/63.0.3239.132 Safari/537.36"
194.113.106.11 - - [05/Apr/2019:08:59:25 -0700] "GET /2017/wp-includes/wlwmanifest.xml HTTP/1.1" 404 230 "-" "Mozilla/5.0 (Windows NT 10.0; Win64; x64) AppleWebKit/537.36 (KHTML, like Gecko) Chrome/63.0.3239.132 Safari/537.36"
194.113.106.11 - - [05/Apr/2019:08:59:35 -0700] "GET /2018/wp-includes/wlwmanifest.xml HTTP/1.1" 404 230 "-" "Mozilla/5.0 (Windows NT 10.0; Win64; x64) AppleWebKit/537.36 (KHTML, like Gecko) Chrome/63.0.3239.132 Safari/537.36"
194.113.106.11 - - [05/Apr/2019:08:59:46 -0700] "GET /shop/wp-includes/wlwmanifest.xml HTTP/1.1" 404 230 "-" "Mozilla/5.0 (Windows NT 10.0; Win64; x64) AppleWebKit/537.36 (KHTML, like Gecko) Chrome/63.0.3239.132 Safari/537.36"
194.113.106.11 - - [05/Apr/2019:08:59:56 -0700] "GET /wp1/wp-includes/wlwmanifest.xml HTTP/1.1" 404 229 "-" "Mozilla/5.0 (Windows NT 10.0; Win64; x64) AppleWebKit/537.36 (KHTML, like Gecko) Chrome/63.0.3239.132 Safari/537.36"
194.113.106.11 - - [05/Apr/2019:09:00:07 -0700] "GET /test/wp-includes/wlwmanifest.xml HTTP/1.1" 404 230 "-" "Mozilla/5.0 (Windows NT 10.0; Win64; x64) AppleWebKit/537.36 (KHTML, like Gecko) Chrome/63.0.3239.132 Safari/537.36"
194.113.106.11 - - [05/Apr/2019:09:00:17 -0700] "GET /media/wp-includes/wlwmanifest.xml HTTP/1.1" 404 231 "-" "Mozilla/5.0 (Windows NT 10.0; Win64; x64) AppleWebKit/537.36 (KHTML, like Gecko) Chrome/63.0.3239.132 Safari/537.36"
194.113.106.11 - - [05/Apr/2019:09:00:27 -0700] "GET /wp2/wp-includes/wlwmanifest.xml HTTP/1.1" 404 229 "-" "Mozilla/5.0 (Windows NT 10.0; Win64; x64) AppleWebKit/537.36 (KHTML, like Gecko) Chrome/63.0.3239.132 Safari/537.36"
194.113.106.11 - - [05/Apr/2019:09:00:38 -0700] "GET /site/wp-includes/wlwmanifest.xml HTTP/1.1" 404 230 "-" "Mozilla/5.0 (Windows NT 10.0; Win64; x64) AppleWebKit/537.36 (KHTML, like Gecko) Chrome/63.0.3239.132 Safari/537.36"
194.113.106.11 - - [05/Apr/2019:09:00:49 -0700] "GET /cms/wp-includes/wlwmanifest.xml HTTP/1.1" 404 229 "-" "Mozilla/5.0 (Windows NT 10.0; Win64; x64) AppleWebKit/537.36 (KHTML, like Gecko) Chrome/63.0.3239.132 Safari/537.36"
194.113.106.11 - - [05/Apr/2019:09:00:59 -0700] "GET /sito/wp-includes/wlwmanifest.xml HTTP/1.1" 404 230 "-" "Mozilla/5.0 (Windows NT 10.0; Win64; x64) AppleWebKit/537.36 (KHTML, like Gecko) Chrome/63.0.3239.132 Safari/537.36"
73.231.164.56 - - [05/Apr/2019:09:02:53 -0700] "GET /favicon.ico HTTP/1.1" 404 209 "-" "Mozilla/5.0 (iPad; CPU OS 12_2 like Mac OS X) AppleWebKit/605.1.15 (KHTML, like Gecko) FxiOS/15.1b14275 Mobile/15E148 Safari/605.1.15"
89.234.157.254 - - [05/Apr/2019:09:15:39 -0700] "GET / HTTP/1.1" 200 17429 "-" "Mozilla/5.0 (Macintosh; Intel Mac OS X 10_11_6) AppleWebKit/601.7.7 (KHTML, like Gecko) Version/9.1.2 Safari/601.7.7"
89.234.157.254 - - [05/Apr/2019:09:15:40 -0700] "GET /?name=5ca77f3235e84&email=cmpegg%40centurylink.net&weJHlkUY=cmpegg%40centurylink.net&message=& HTTP/1.1" 200 17429 "http://rndsquared.com/" "Mozilla/5.0 (Macintosh; Intel Mac OS X 10_11_6) AppleWebKit/601.7.7 (KHTML, like Gecko) Version/9.1.2 Safari/601.7.7"
82.102.18.54 - - [05/Apr/2019:09:20:28 -0700] "GET / HTTP/1.0" 200 79394 "http://rndsquared.com/" "Mozilla/5.0 (Windows NT 6.3; Win64; x64) AppleWebKit/537.36 (KHTML, like Gecko) Chrome/67.0.3396.79 Safari/537.36"
82.102.18.54 - - [05/Apr/2019:09:20:29 -0700] "POST / HTTP/1.0" 200 79394 "http://rndsquared.com/" "Mozilla/5.0 (Windows NT 6.3; Win64; x64) AppleWebKit/537.36 (KHTML, like Gecko) Chrome/67.0.3396.79 Safari/537.36"
185.189.113.44 - - [05/Apr/2019:09:20:33 -0700] "GET / HTTP/1.0" 200 79394 "http://rndsquared.com/" "Mozilla/5.0 (Windows NT 6.1; Win64; x64) AppleWebKit/537.36 (KHTML, like Gecko) Chrome/68.0.3440.106 Safari/537.36 OPR/55.0.2994.44"
185.189.113.44 - - [05/Apr/2019:09:20:34 -0700] "POST / HTTP/1.0" 200 79394 "http://rndsquared.com/" "Mozilla/5.0 (Windows NT 6.1; Win64; x64) AppleWebKit/537.36 (KHTML, like Gecko) Chrome/68.0.3440.106 Safari/537.36 OPR/55.0.2994.44"
82.102.18.58 - - [05/Apr/2019:09:21:48 -0700] "GET / HTTP/1.0" 200 79394 "http://rndsquared.com/" "Mozilla/5.0 (Windows NT 10.0; Win64; x64) AppleWebKit/537.36 (KHTML, like Gecko) Chrome/67.0.3396.87 Safari/537.36"
82.102.18.58 - - [05/Apr/2019:09:21:49 -0700] "POST / HTTP/1.0" 200 79394 "http://rndsquared.com/" "Mozilla/5.0 (Windows NT 10.0; Win64; x64) AppleWebKit/537.36 (KHTML, like Gecko) Chrome/67.0.3396.87 Safari/537.36"
51.77.193.218 - - [05/Apr/2019:09:29:15 -0700] "GET / HTTP/1.1" 200 17429 "-" "Mozilla/5.0 (Windows NT 10.0; Win64; x64) AppleWebKit/537.36 (KHTML, like Gecko) Chrome/57.0.2987.133 Safari/537.36"
51.77.193.218 - - [05/Apr/2019:09:29:16 -0700] "GET /?name=5ca78260f1263&email=jerzy235%40gmail.com&weJHlkUY=jerzy235%40gmail.com&message=& HTTP/1.1" 200 17429 "http://rndsquared.com/" "Mozilla/5.0 (Windows NT 10.0; Win64; x64) AppleWebKit/537.36 (KHTML, like Gecko) Chrome/57.0.2987.133 Safari/537.36"
73.231.164.56 - - [05/Apr/2019:09:31:15 -0700] "GET /favicon.ico HTTP/1.1" 404 209 "-" "Mozilla/5.0 (iPad; CPU OS 12_2 like Mac OS X) AppleWebKit/605.1.15 (KHTML, like Gecko) FxiOS/15.1b14275 Mobile/15E148 Safari/605.1.15"
185.220.102.7 - - [05/Apr/2019:09:59:34 -0700] "GET / HTTP/1.1" 200 17429 "-" "Mozilla/5.0 (Windows NT 6.1; WOW64; Trident/7.0; rv:11.0) like Gecko"
185.220.102.7 - - [05/Apr/2019:09:59:35 -0700] "GET /?name=5ca7897ccb234&email=dschultz210%40gmail.com&weJHlkUY=dschultz210%40gmail.com&message=& HTTP/1.1" 200 17429 "http://rndsquared.com/" "Mozilla/5.0 (Windows NT 6.1; WOW64; Trident/7.0; rv:11.0) like Gecko"
216.244.66.197 - - [05/Apr/2019:10:00:55 -0700] "GET /robots.txt HTTP/1.1" 404 208 "-" "Mozilla/5.0 (compatible; DotBot/1.1; http://www.opensiteexplorer.org/dotbot, help@moz.com)"
77.75.77.54 - - [05/Apr/2019:10:15:26 -0700] "GET /robots.txt HTTP/1.1" 404 208 "-" "Mozilla/5.0 (compatible; SeznamBot/3.2; +http://napoveda.seznam.cz/en/seznambot-intro/)"
77.75.77.54 - - [05/Apr/2019:10:15:28 -0700] "GET /img/luminous/luminousOcto.png HTTP/1.1" 304 - "-" "Mozilla/5.0 (compatible; SeznamBot/3.2; +http://napoveda.seznam.cz/en/seznambot-intro/)"
77.75.77.54 - - [05/Apr/2019:10:15:29 -0700] "GET /img/wu-wei/thumbs/9.jpg HTTP/1.1" 200 35525 "-" "Mozilla/5.0 (compatible; SeznamBot/3.2; +http://napoveda.seznam.cz/en/seznambot-intro/)"
178.175.143.163 - - [05/Apr/2019:10:26:27 -0700] "GET / HTTP/1.1" 200 17429 "-" "Mozilla/5.0 (Windows NT 6.1; WOW64) AppleWebKit/537.36 (KHTML, like Gecko) Chrome/48.0.2564.109 Safari/537.36"
178.175.143.163 - - [05/Apr/2019:10:26:28 -0700] "GET /?name=5ca78fcdf3a08&email=garrison.infield%40gmail.com&weJHlkUY=garrison.infield%40gmail.com&message=& HTTP/1.1" 200 17429 "http://rndsquared.com/" "Mozilla/5.0 (Windows NT 6.1; WOW64) AppleWebKit/537.36 (KHTML, like Gecko) Chrome/48.0.2564.109 Safari/537.36"
216.244.66.197 - - [05/Apr/2019:10:42:28 -0700] "GET /img/mixman/16.jpg HTTP/1.1" 200 113328 "-" "Mozilla/5.0 (compatible; DotBot/1.1; http://www.opensiteexplorer.org/dotbot, help@moz.com)"
216.244.66.197 - - [05/Apr/2019:10:42:31 -0700] "GET /img/njn/8.jpg HTTP/1.1" 200 124240 "-" "Mozilla/5.0 (compatible; DotBot/1.1; http://www.opensiteexplorer.org/dotbot, help@moz.com)"
185.165.168.229 - - [05/Apr/2019:10:44:45 -0700] "GET / HTTP/1.1" 200 17429 "-" "Mozilla/5.0 (Windows NT 6.1; WOW64; rv:54.0) Gecko/20100101 Firefox/54.0"
185.165.168.229 - - [05/Apr/2019:10:44:46 -0700] "GET /?name=5ca7941376fdf&email=cherylmill60%40gmail.com&weJHlkUY=cherylmill60%40gmail.com&message=& HTTP/1.1" 200 17429 "http://rndsquared.com/" "Mozilla/5.0 (Windows NT 6.1; WOW64; rv:54.0) Gecko/20100101 Firefox/54.0"
185.220.101.67 - - [05/Apr/2019:10:45:47 -0700] "GET / HTTP/1.1" 200 17429 "-" "Mozilla/5.0 (Windows NT 6.0; Win64; x64) AppleWebKit/537.36 (KHTML, like Gecko) Chrome/57.0.2987.133 Safari/537.36"
185.220.101.67 - - [05/Apr/2019:10:45:48 -0700] "GET /?name=5ca794524ad38&email=dowelljl01%40gmail.com&weJHlkUY=dowelljl01%40gmail.com&message=& HTTP/1.1" 200 17429 "http://rndsquared.com/" "Mozilla/5.0 (Windows NT 6.0; Win64; x64) AppleWebKit/537.36 (KHTML, like Gecko) Chrome/57.0.2987.133 Safari/537.36"
216.244.66.197 - - [05/Apr/2019:10:54:32 -0700] "GET /robots.txt HTTP/1.1" 404 208 "-" "Mozilla/5.0 (compatible; DotBot/1.1; http://www.opensiteexplorer.org/dotbot, help@moz.com)"
216.244.66.197 - - [05/Apr/2019:10:54:33 -0700] "GET /robots.txt HTTP/1.1" 404 208 "-" "Mozilla/5.0 (compatible; DotBot/1.1; http://www.opensiteexplorer.org/dotbot, help@moz.com)"
185.234.219.118 - - [05/Apr/2019:11:21:44 -0700] "GET / HTTP/1.1" 200 17429 "-" "Mozilla/5.0 (Windows NT 5.1; Win64; x64) AppleWebKit/537.36 (KHTML, like Gecko) Chrome/46.0.2486.0 Safari/537.36 Edge/13.10586"
185.234.219.118 - - [05/Apr/2019:11:21:45 -0700] "GET /?name=5ca79cc1ddbd1&email=amilyj.hanson%40gmail.com&weJHlkUY=amilyj.hanson%40gmail.com&message=& HTTP/1.1" 200 17429 "http://rndsquared.com/" "Mozilla/5.0 (Windows NT 5.1; Win64; x64) AppleWebKit/537.36 (KHTML, like Gecko) Chrome/46.0.2486.0 Safari/537.36 Edge/13.10586"
93.174.93.6 - - [05/Apr/2019:11:30:15 -0700] "GET / HTTP/1.1" 200 17429 "-" "Mozilla/5.0 (Windows NT 5.1; Win64; x64) AppleWebKit/537.36 (KHTML, like Gecko) Chrome/52.0.2743.116 Safari/537.36 Edge/15.15063"
93.174.93.6 - - [05/Apr/2019:11:30:16 -0700] "GET /?name=5ca79ebe06499&email=kaykavous%40gmail.com&weJHlkUY=kaykavous%40gmail.com&message=& HTTP/1.1" 200 17429 "http://rndsquared.com/" "Mozilla/5.0 (Windows NT 5.1; Win64; x64) AppleWebKit/537.36 (KHTML, like Gecko) Chrome/52.0.2743.116 Safari/537.36 Edge/15.15063"
216.244.66.197 - - [05/Apr/2019:11:30:46 -0700] "GET /img/mixman/9.jpg HTTP/1.1" 200 141085 "-" "Mozilla/5.0 (compatible; DotBot/1.1; http://www.opensiteexplorer.org/dotbot, help@moz.com)"
216.244.66.197 - - [05/Apr/2019:11:32:57 -0700] "GET /img/bs4w/7.jpg HTTP/1.1" 200 80775 "-" "Mozilla/5.0 (compatible; DotBot/1.1; http://www.opensiteexplorer.org/dotbot, help@moz.com)"
77.75.77.95 - - [05/Apr/2019:11:48:40 -0700] "GET /robots.txt HTTP/1.1" 404 208 "-" "Mozilla/5.0 (compatible; SeznamBot/3.2; +http://napoveda.seznam.cz/en/seznambot-intro/)"
77.75.77.95 - - [05/Apr/2019:11:48:42 -0700] "GET /img/wu-wei/thumbs/9.jpg HTTP/1.1" 200 35525 "-" "Mozilla/5.0 (compatible; SeznamBot/3.2; +http://napoveda.seznam.cz/en/seznambot-intro/)"
216.244.66.197 - - [05/Apr/2019:12:36:14 -0700] "GET /robots.txt HTTP/1.1" 404 208 "-" "Mozilla/5.0 (compatible; DotBot/1.1; http://www.opensiteexplorer.org/dotbot, help@moz.com)"
66.249.66.79 - - [05/Apr/2019:12:57:59 -0700] "GET / HTTP/1.1" 200 17429 "-" "Mozilla/5.0 (Linux; Android 6.0.1; Nexus 5X Build/MMB29P) AppleWebKit/537.36 (KHTML, like Gecko) Chrome/41.0.2272.96 Mobile Safari/537.36 (compatible; Googlebot/2.1; +http://www.google.com/bot.html)"
46.4.107.115 - - [05/Apr/2019:13:11:47 -0700] "GET /robots.txt HTTP/1.1" 404 208 "-" "Mozilla/5.0 (compatible; BLEXBot/1.0; +http://webmeup-crawler.com/)"
46.4.107.115 - - [05/Apr/2019:13:11:47 -0700] "GET /sitemap.xml HTTP/1.1" 404 209 "-" "Mozilla/5.0 (compatible; BLEXBot/1.0; +http://webmeup-crawler.com/)"
46.4.107.115 - - [05/Apr/2019:13:11:51 -0700] "GET /sitemap.xml HTTP/1.1" 404 209 "-" "Mozilla/5.0 (compatible; BLEXBot/1.0; +http://webmeup-crawler.com/)"
54.36.148.166 - - [05/Apr/2019:13:11:59 -0700] "GET / HTTP/1.1" 200 17429 "-" "Mozilla/5.0 (compatible; AhrefsBot/6.1; +http://ahrefs.com/robot/)"
216.244.66.197 - - [05/Apr/2019:13:18:40 -0700] "GET /img/njn/8.jpg HTTP/1.1" 200 124240 "-" "Mozilla/5.0 (compatible; DotBot/1.1; http://www.opensiteexplorer.org/dotbot, help@moz.com)"
77.75.79.109 - - [05/Apr/2019:13:26:13 -0700] "GET /robots.txt HTTP/1.1" 404 208 "-" "Mozilla/5.0 (compatible; SeznamBot/3.2; +http://napoveda.seznam.cz/en/seznambot-intro/)"
77.75.79.109 - - [05/Apr/2019:13:26:15 -0700] "GET /img/wu-wei/7.jpg HTTP/1.1" 304 - "-" "Mozilla/5.0 (compatible; SeznamBot/3.2; +http://napoveda.seznam.cz/en/seznambot-intro/)"
216.244.66.197 - - [05/Apr/2019:13:27:39 -0700] "GET /robots.txt HTTP/1.1" 404 208 "-" "Mozilla/5.0 (compatible; DotBot/1.1; http://www.opensiteexplorer.org/dotbot, help@moz.com)"
216.244.66.197 - - [05/Apr/2019:13:59:55 -0700] "GET /img/oncekids-fujimini/5.jpg HTTP/1.1" 200 76459 "-" "Mozilla/5.0 (compatible; DotBot/1.1; http://www.opensiteexplorer.org/dotbot, help@moz.com)"
216.244.66.197 - - [05/Apr/2019:14:33:09 -0700] "GET /robots.txt HTTP/1.1" 404 208 "-" "Mozilla/5.0 (compatible; DotBot/1.1; http://www.opensiteexplorer.org/dotbot, help@moz.com)"
216.244.66.197 - - [05/Apr/2019:14:33:09 -0700] "GET /robots.txt HTTP/1.1" 404 208 "-" "Mozilla/5.0 (compatible; DotBot/1.1; http://www.opensiteexplorer.org/dotbot, help@moz.com)"
34.219.92.197 - - [05/Apr/2019:14:39:27 -0700] "GET /img/mixman/thumbs/3.jpg HTTP/1.1" 200 32138 "-" "Mozilla/5.0 (Macintosh; Intel Mac OS X 10_11_3) AppleWebKit/537.36 (KHTML, like Gecko) Chrome/48.0.2564.116 Safari/537.36"
34.219.92.197 - - [05/Apr/2019:14:39:27 -0700] "GET /img/mixman/7.jpg HTTP/1.1" 200 107323 "-" "Mozilla/5.0 (Macintosh; Intel Mac OS X 10_11_3) AppleWebKit/537.36 (KHTML, like Gecko) Chrome/48.0.2564.116 Safari/537.36"
192.42.116.27 - - [05/Apr/2019:15:09:57 -0700] "GET / HTTP/1.1" 200 17429 "-" "Mozilla/5.0 (Windows NT 6.1; WOW64) AppleWebKit/537.36 (KHTML, like Gecko) Chrome/48.0.2564.109 Safari/537.36"
192.42.116.27 - - [05/Apr/2019:15:09:58 -0700] "GET /?name=5ca7d240ce99c&email=curiegaslove%40gmail.com&weJHlkUY=curiegaslove%40gmail.com&message=& HTTP/1.1" 200 17429 "http://rndsquared.com/" "Mozilla/5.0 (Windows NT 6.1; WOW64) AppleWebKit/537.36 (KHTML, like Gecko) Chrome/48.0.2564.109 Safari/537.36"
216.244.66.197 - - [05/Apr/2019:15:18:57 -0700] "GET /img/bs4w/5.jpg HTTP/1.1" 200 42135 "-" "Mozilla/5.0 (compatible; DotBot/1.1; http://www.opensiteexplorer.org/dotbot, help@moz.com)"
216.244.66.197 - - [05/Apr/2019:15:27:24 -0700] "GET /robots.txt HTTP/1.1" 404 208 "-" "Mozilla/5.0 (compatible; DotBot/1.1; http://www.opensiteexplorer.org/dotbot, help@moz.com)"
216.244.66.197 - - [05/Apr/2019:15:27:24 -0700] "GET /robots.txt HTTP/1.1" 404 208 "-" "Mozilla/5.0 (compatible; DotBot/1.1; http://www.opensiteexplorer.org/dotbot, help@moz.com)"
77.75.77.36 - - [05/Apr/2019:15:34:22 -0700] "GET /robots.txt HTTP/1.1" 404 208 "-" "Mozilla/5.0 (compatible; SeznamBot/3.2; +http://napoveda.seznam.cz/en/seznambot-intro/)"
77.75.77.36 - - [05/Apr/2019:15:34:24 -0700] "GET /img/autumn/1.jpg HTTP/1.1" 304 - "-" "Mozilla/5.0 (compatible; SeznamBot/3.2; +http://napoveda.seznam.cz/en/seznambot-intro/)"
51.15.252.1 - - [05/Apr/2019:15:41:20 -0700] "GET / HTTP/1.1" 200 17429 "-" "Mozilla/5.0 (Windows NT 10.0; Win64; x64) AppleWebKit/537.36 (KHTML, like Gecko) Chrome/61.0.3163.100 Safari/537.36"
51.15.252.1 - - [05/Apr/2019:15:41:21 -0700] "GET /?name=5ca7d99d0a532&email=lisa.beckerle%40gmail.com&weJHlkUY=lisa.beckerle%40gmail.com&message=& HTTP/1.1" 200 17429 "http://rndsquared.com/" "Mozilla/5.0 (Windows NT 10.0; Win64; x64) AppleWebKit/537.36 (KHTML, like Gecko) Chrome/61.0.3163.100 Safari/537.36"
216.244.66.197 - - [05/Apr/2019:16:05:07 -0700] "GET /img/wu-wei/3.jpg HTTP/1.1" 200 173337 "-" "Mozilla/5.0 (compatible; DotBot/1.1; http://www.opensiteexplorer.org/dotbot, help@moz.com)"
216.244.66.197 - - [05/Apr/2019:16:07:39 -0700] "GET /img/sfnoir/9.jpg HTTP/1.1" 200 64784 "-" "Mozilla/5.0 (compatible; DotBot/1.1; http://www.opensiteexplorer.org/dotbot, help@moz.com)"
77.75.78.163 - - [05/Apr/2019:16:39:33 -0700] "GET /robots.txt HTTP/1.1" 404 208 "-" "Mozilla/5.0 (compatible; SeznamBot/3.2; +http://napoveda.seznam.cz/en/seznambot-intro/)"
77.75.78.163 - - [05/Apr/2019:16:39:35 -0700] "GET /img/mixman/15.jpg HTTP/1.1" 304 - "-" "Mozilla/5.0 (compatible; SeznamBot/3.2; +http://napoveda.seznam.cz/en/seznambot-intro/)"
178.175.135.102 - - [05/Apr/2019:16:40:25 -0700] "GET / HTTP/1.1" 200 17429 "-" "Mozilla/5.0 (Macintosh; Intel Mac OS X 10_13_2) AppleWebKit/604.4.7 (KHTML, like Gecko) Version/11.0.2 Safari/604.4.7"
178.175.135.102 - - [05/Apr/2019:16:40:26 -0700] "GET /?name=5ca7e776bac58&email=karenblack73%40yahoo.com&weJHlkUY=karenblack73%40yahoo.com&message=& HTTP/1.1" 200 17429 "http://rndsquared.com/" "Mozilla/5.0 (Macintosh; Intel Mac OS X 10_13_2) AppleWebKit/604.4.7 (KHTML, like Gecko) Version/11.0.2 Safari/604.4.7"
178.255.215.78 - - [05/Apr/2019:16:52:31 -0700] "GET /robots.txt HTTP/1.1" 404 208 "-" "Mozilla/5.0 (compatible; Exabot/3.0; +http://www.exabot.com/go/robot)"
178.255.215.78 - - [05/Apr/2019:16:52:32 -0700] "GET / HTTP/1.1" 200 17429 "-" "Mozilla/5.0 (compatible; Exabot/3.0; +http://www.exabot.com/go/robot)"
209.17.97.58 - - [05/Apr/2019:16:56:53 -0700] "GET / HTTP/1.1" 200 79394 "-" "Mozilla/5.0 (compatible; Nimbostratus-Bot/v1.3.2; http://cloudsystemnetworks.com)"
73.231.164.56 - - [05/Apr/2019:16:58:02 -0700] "GET /favicon.ico HTTP/1.1" 404 209 "-" "Mozilla/5.0 (iPad; CPU OS 12_2 like Mac OS X) AppleWebKit/605.1.15 (KHTML, like Gecko) FxiOS/15.1b14275 Mobile/15E148 Safari/605.1.15"
216.244.66.197 - - [05/Apr/2019:17:14:43 -0700] "GET /robots.txt HTTP/1.1" 404 208 "-" "Mozilla/5.0 (compatible; DotBot/1.1; http://www.opensiteexplorer.org/dotbot, help@moz.com)"
217.12.221.196 - - [05/Apr/2019:17:31:12 -0700] "GET / HTTP/1.1" 200 17429 "-" "Mozilla/5.0 (Windows NT 6.0; WOW64; rv:52.0) Gecko/20100101 Firefox/52.0"
217.12.221.196 - - [05/Apr/2019:17:31:13 -0700] "GET /?name=5ca7f35c14fed&email=rkreidler2%40yahoo.com&weJHlkUY=rkreidler2%40yahoo.com&message=& HTTP/1.1" 200 17429 "http://rndsquared.com/" "Mozilla/5.0 (Windows NT 6.0; WOW64; rv:52.0) Gecko/20100101 Firefox/52.0"
104.218.63.75 - - [05/Apr/2019:17:33:21 -0700] "GET / HTTP/1.1" 200 17429 "-" "Mozilla/5.0 (Windows NT 6.0; Win64; x64) AppleWebKit/537.36 (KHTML, like Gecko) Chrome/51.0.2704.79 Safari/537.36 Edge/14.14393"
104.218.63.75 - - [05/Apr/2019:17:33:22 -0700] "GET /?name=5ca7f3d8f27d9&email=alexdowns4%40gmail.com&weJHlkUY=alexdowns4%40gmail.com&message=& HTTP/1.1" 200 17429 "http://rndsquared.com/" "Mozilla/5.0 (Windows NT 6.0; Win64; x64) AppleWebKit/537.36 (KHTML, like Gecko) Chrome/51.0.2704.79 Safari/537.36 Edge/14.14393"
77.75.78.170 - - [05/Apr/2019:17:44:36 -0700] "GET /robots.txt HTTP/1.1" 404 208 "-" "Mozilla/5.0 (compatible; SeznamBot/3.2; +http://napoveda.seznam.cz/en/seznambot-intro/)"
77.75.78.170 - - [05/Apr/2019:17:44:37 -0700] "GET /img/oncekids-fujimini/3.jpg HTTP/1.1" 304 - "-" "Mozilla/5.0 (compatible; SeznamBot/3.2; +http://napoveda.seznam.cz/en/seznambot-intro/)"
216.244.66.197 - - [05/Apr/2019:17:53:43 -0700] "GET /img/luminous/luminousHome.png HTTP/1.1" 200 3449282 "-" "Mozilla/5.0 (compatible; DotBot/1.1; http://www.opensiteexplorer.org/dotbot, help@moz.com)"
193.106.30.98 - - [05/Apr/2019:17:59:32 -0700] "POST /wp-icoud.php HTTP/1.1" 404 210 "-" "Mozilla/5.0 (Windows NT 6.1; rv:34.0) Gecko/20100101 Firefox/34.0"
216.244.66.197 - - [05/Apr/2019:18:08:32 -0700] "GET /robots.txt HTTP/1.1" 404 208 "-" "Mozilla/5.0 (compatible; DotBot/1.1; http://www.opensiteexplorer.org/dotbot, help@moz.com)"
74.82.47.194 - - [05/Apr/2019:18:12:11 -0700] "GET / HTTP/1.1" 200 17429 "-" "Mozilla/5.0 (Windows NT 6.1; Win64; x64; Trident/7.0; rv:11.0) like Gecko"
74.82.47.194 - - [05/Apr/2019:18:12:12 -0700] "GET /?name=5ca7fcfa20595&email=celeste.corbin%40sbcglobal.net&weJHlkUY=celeste.corbin%40sbcglobal.net&message=& HTTP/1.1" 200 17429 "http://rndsquared.com/" "Mozilla/5.0 (Windows NT 6.1; Win64; x64; Trident/7.0; rv:11.0) like Gecko"
73.231.164.56 - - [05/Apr/2019:18:24:23 -0700] "GET /favicon.ico HTTP/1.1" 404 209 "-" "Mozilla/5.0 (iPad; CPU OS 12_2 like Mac OS X) AppleWebKit/605.1.15 (KHTML, like Gecko) FxiOS/15.1b14275 Mobile/15E148 Safari/605.1.15"
77.75.79.11 - - [05/Apr/2019:18:28:02 -0700] "GET /robots.txt HTTP/1.1" 404 208 "-" "Mozilla/5.0 (compatible; SeznamBot/3.2; +http://napoveda.seznam.cz/en/seznambot-intro/)"
77.75.79.11 - - [05/Apr/2019:18:28:03 -0700] "GET /img/urban-cowgirl/3.jpg HTTP/1.1" 304 - "-" "Mozilla/5.0 (compatible; SeznamBot/3.2; +http://napoveda.seznam.cz/en/seznambot-intro/)"
193.106.30.98 - - [05/Apr/2019:18:29:31 -0700] "POST /wp-icoud.php HTTP/1.1" 404 210 "-" "Mozilla/5.0 (Windows NT 6.1; rv:34.0) Gecko/20100101 Firefox/34.0"
216.244.66.197 - - [05/Apr/2019:19:02:40 -0700] "GET /robots.txt HTTP/1.1" 404 208 "-" "Mozilla/5.0 (compatible; DotBot/1.1; http://www.opensiteexplorer.org/dotbot, help@moz.com)"
207.46.13.71 - - [05/Apr/2019:19:03:14 -0700] "GET / HTTP/1.1" 200 17429 "-" "Mozilla/5.0 (compatible; bingbot/2.0; +http://www.bing.com/bingbot.htm)"
73.231.164.56 - - [05/Apr/2019:19:31:25 -0700] "GET /favicon.ico HTTP/1.1" 404 209 "-" "Mozilla/5.0 (iPad; CPU OS 12_2 like Mac OS X) AppleWebKit/605.1.15 (KHTML, like Gecko) FxiOS/15.1b14275 Mobile/15E148 Safari/605.1.15"
216.244.66.197 - - [05/Apr/2019:19:56:56 -0700] "GET /robots.txt HTTP/1.1" 404 208 "-" "Mozilla/5.0 (compatible; DotBot/1.1; http://www.opensiteexplorer.org/dotbot, help@moz.com)"
216.244.66.197 - - [05/Apr/2019:19:56:56 -0700] "GET /robots.txt HTTP/1.1" 404 208 "-" "Mozilla/5.0 (compatible; DotBot/1.1; http://www.opensiteexplorer.org/dotbot, help@moz.com)"
73.231.164.56 - - [05/Apr/2019:19:58:15 -0700] "GET /favicon.ico HTTP/1.1" 404 209 "-" "Mozilla/5.0 (iPad; CPU OS 12_2 like Mac OS X) AppleWebKit/605.1.15 (KHTML, like Gecko) FxiOS/15.1b14275 Mobile/15E148 Safari/605.1.15"
77.75.79.17 - - [05/Apr/2019:20:24:53 -0700] "GET /robots.txt HTTP/1.1" 404 208 "-" "Mozilla/5.0 (compatible; SeznamBot/3.2; +http://napoveda.seznam.cz/en/seznambot-intro/)"
77.75.79.17 - - [05/Apr/2019:20:24:55 -0700] "GET /img/mixman/thumbs/18.jpg HTTP/1.1" 304 - "-" "Mozilla/5.0 (compatible; SeznamBot/3.2; +http://napoveda.seznam.cz/en/seznambot-intro/)"
216.244.66.197 - - [05/Apr/2019:20:42:28 -0700] "GET /img/praxis/praxiscity.png HTTP/1.1" 200 1324301 "-" "Mozilla/5.0 (compatible; DotBot/1.1; http://www.opensiteexplorer.org/dotbot, help@moz.com)"
199.249.230.77 - - [05/Apr/2019:21:34:22 -0700] "GET / HTTP/1.1" 200 17429 "-" "Mozilla/5.0 (Windows NT 10.0; WOW64) AppleWebKit/537.36 (KHTML, like Gecko) Chrome/52.0.2743.116 Safari/537.36"
199.249.230.77 - - [05/Apr/2019:21:34:23 -0700] "GET /?name=5ca82c56ec404&email=rocky.hudson%40yahoo.com&weJHlkUY=rocky.hudson%40yahoo.com&message=& HTTP/1.1" 200 17429 "http://rndsquared.com/" "Mozilla/5.0 (Windows NT 10.0; WOW64) AppleWebKit/537.36 (KHTML, like Gecko) Chrome/52.0.2743.116 Safari/537.36"
73.231.164.56 - - [05/Apr/2019:21:39:57 -0700] "GET /favicon.ico HTTP/1.1" 404 209 "-" "Mozilla/5.0 (iPad; CPU OS 12_2 like Mac OS X) AppleWebKit/605.1.15 (KHTML, like Gecko) FxiOS/15.1b14275 Mobile/15E148 Safari/605.1.15"
216.244.66.197 - - [05/Apr/2019:21:45:47 -0700] "GET /robots.txt HTTP/1.1" 404 208 "-" "Mozilla/5.0 (compatible; DotBot/1.1; http://www.opensiteexplorer.org/dotbot, help@moz.com)"
66.249.66.78 - - [05/Apr/2019:21:55:05 -0700] "GET /robots.txt HTTP/1.1" 404 208 "-" "Mozilla/5.0 (compatible; Googlebot/2.1; +http://www.google.com/bot.html)"
66.249.66.78 - - [05/Apr/2019:21:55:05 -0700] "GET / HTTP/1.1" 200 17429 "-" "Mozilla/5.0 (Linux; Android 6.0.1; Nexus 5X Build/MMB29P) AppleWebKit/537.36 (KHTML, like Gecko) Chrome/41.0.2272.96 Mobile Safari/537.36 (compatible; Googlebot/2.1; +http://www.google.com/bot.html)"
66.249.66.79 - - [05/Apr/2019:21:55:12 -0700] "GET /css/styles.css HTTP/1.1" 200 1975 "http://rndsquared.com/" "Mozilla/5.0 (Linux; Android 6.0.1; Nexus 5X Build/MMB29P) AppleWebKit/537.36 (KHTML, like Gecko) Chrome/41.0.2272.96 Mobile Safari/537.36 (compatible; Googlebot/2.1; +http://www.google.com/bot.html)"
66.249.66.68 - - [05/Apr/2019:21:55:12 -0700] "GET /robots.txt HTTP/1.1" 404 208 "-" "Mozilla/5.0 (compatible; Googlebot/2.1; +http://www.google.com/bot.html)"
66.249.66.78 - - [05/Apr/2019:21:55:12 -0700] "GET /css/bootstrap.min.css HTTP/1.1" 200 11249 "http://rndsquared.com/" "Mozilla/5.0 (Linux; Android 6.0.1; Nexus 5X Build/MMB29P) AppleWebKit/537.36 (KHTML, like Gecko) Chrome/41.0.2272.96 Mobile Safari/537.36 (compatible; Googlebot/2.1; +http://www.google.com/bot.html)"
66.249.66.66 - - [05/Apr/2019:21:55:13 -0700] "GET /js/modernizr.js HTTP/1.1" 200 5933 "http://rndsquared.com/" "Mozilla/5.0 (Linux; Android 6.0.1; Nexus 5X Build/MMB29P) AppleWebKit/537.36 (KHTML, like Gecko) Chrome/41.0.2272.96 Mobile Safari/537.36 (compatible; Googlebot/2.1; +http://www.google.com/bot.html)"
66.249.66.78 - - [05/Apr/2019:21:55:13 -0700] "GET /js/lightbox.js HTTP/1.1" 200 4210 "http://rndsquared.com/" "Mozilla/5.0 (Linux; Android 6.0.1; Nexus 5X Build/MMB29P) AppleWebKit/537.36 (KHTML, like Gecko) Chrome/41.0.2272.96 Mobile Safari/537.36 (compatible; Googlebot/2.1; +http://www.google.com/bot.html)"
73.231.164.56 - - [05/Apr/2019:22:12:09 -0700] "GET /favicon.ico HTTP/1.1" 404 209 "-" "Mozilla/5.0 (iPad; CPU OS 12_2 like Mac OS X) AppleWebKit/605.1.15 (KHTML, like Gecko) FxiOS/15.1b14275 Mobile/15E148 Safari/605.1.15"
73.231.164.56 - - [05/Apr/2019:22:14:29 -0700] "GET /favicon.ico HTTP/1.1" 404 209 "-" "Mozilla/5.0 (iPad; CPU OS 12_2 like Mac OS X) AppleWebKit/605.1.15 (KHTML, like Gecko) FxiOS/15.1b14275 Mobile/15E148 Safari/605.1.15"
73.231.164.56 - - [05/Apr/2019:22:19:38 -0700] "GET /favicon.ico HTTP/1.1" 404 209 "-" "Mozilla/5.0 (iPad; CPU OS 12_2 like Mac OS X) AppleWebKit/605.1.15 (KHTML, like Gecko) FxiOS/15.1b14275 Mobile/15E148 Safari/605.1.15"
216.244.66.197 - - [05/Apr/2019:22:31:14 -0700] "GET /img/luminous/luminousVideo.png HTTP/1.1" 200 952978 "-" "Mozilla/5.0 (compatible; DotBot/1.1; http://www.opensiteexplorer.org/dotbot, help@moz.com)"
73.231.164.56 - - [05/Apr/2019:22:32:44 -0700] "GET /favicon.ico HTTP/1.1" 404 209 "-" "Mozilla/5.0 (iPad; CPU OS 12_2 like Mac OS X) AppleWebKit/605.1.15 (KHTML, like Gecko) FxiOS/15.1b14275 Mobile/15E148 Safari/605.1.15"
77.75.78.172 - - [05/Apr/2019:22:41:03 -0700] "GET /robots.txt HTTP/1.1" 404 208 "-" "Mozilla/5.0 (compatible; SeznamBot/3.2; +http://napoveda.seznam.cz/en/seznambot-intro/)"
77.75.78.172 - - [05/Apr/2019:22:41:04 -0700] "GET /img/mixman/3.jpg HTTP/1.1" 304 - "-" "Mozilla/5.0 (compatible; SeznamBot/3.2; +http://napoveda.seznam.cz/en/seznambot-intro/)"
103.48.80.184 - - [05/Apr/2019:23:34:56 -0700] "GET /wp/index.php?xxxxxxxxxxxx_loads=true HTTP/1.1" 404 210 "rndsquared.com" "Mozilla/5.1 (Windows NT 6.0; WOW64) AppleWebKit/533.36 (KHTML, like Gecko) Chrome/46.0.2754.75 Safari/533.36"
198.199.100.240 - - [05/Apr/2019:23:47:53 -0700] "GET /wp/index.php?xxxxxxxxxxxx_loads=true HTTP/1.1" 404 210 "rndsquared.com" "Mozilla/5.1 (Windows NT 6.0; WOW64) AppleWebKit/533.36 (KHTML, like Gecko) Chrome/46.0.2754.75 Safari/533.36"
185.220.102.6 - - [05/Apr/2019:23:50:55 -0700] "GET / HTTP/1.1" 200 17429 "-" "Mozilla/5.0 (Windows NT 6.2; Win64; x64) AppleWebKit/537.36 (KHTML, like Gecko) Chrome/52.0.2743.116 Safari/537.36 Edge/15.15063"
185.220.102.6 - - [05/Apr/2019:23:50:56 -0700] "GET /?name=5ca84c595abd5&email=eswoodard26%40yahoo.com&weJHlkUY=eswoodard26%40yahoo.com&message=& HTTP/1.1" 200 17429 "http://rndsquared.com/" "Mozilla/5.0 (Windows NT 6.2; Win64; x64) AppleWebKit/537.36 (KHTML, like Gecko) Chrome/52.0.2743.116 Safari/537.36 Edge/15.15063"
178.175.143.155 - - [06/Apr/2019:00:01:55 -0700] "GET / HTTP/1.1" 200 17429 "-" "Mozilla/5.0 (Macintosh; Intel Mac OS X 10_12_6) AppleWebKit/537.36 (KHTML, like Gecko) Chrome/61.0.3163.100 Safari/537.36"
178.175.143.155 - - [06/Apr/2019:00:01:56 -0700] "GET / HTTP/1.1" 200 17429 "-" "Mozilla/5.0 (Macintosh; Intel Mac OS X 10_12_6) AppleWebKit/537.36 (KHTML, like Gecko) Chrome/61.0.3163.100 Safari/537.36"
178.175.143.155 - - [06/Apr/2019:00:01:57 -0700] "GET /wp-login.php?action=register HTTP/1.1" 404 210 "-" "Mozilla/5.0 (Macintosh; Intel Mac OS X 10_12_6) AppleWebKit/537.36 (KHTML, like Gecko) Chrome/61.0.3163.100 Safari/537.36"
178.175.143.155 - - [06/Apr/2019:00:01:58 -0700] "GET /index.php?option=com_user&task=register HTTP/1.1" 404 207 "-" "Mozilla/5.0 (Macintosh; Intel Mac OS X 10_12_6) AppleWebKit/537.36 (KHTML, like Gecko) Chrome/61.0.3163.100 Safari/537.36"
178.175.143.155 - - [06/Apr/2019:00:02:00 -0700] "GET /user/register HTTP/1.1" 404 211 "-" "Mozilla/5.0 (Macintosh; Intel Mac OS X 10_12_6) AppleWebKit/537.36 (KHTML, like Gecko) Chrome/61.0.3163.100 Safari/537.36"
194.113.106.125 - - [06/Apr/2019:00:06:44 -0700] "GET / HTTP/1.1" 200 79394 "-" "Mozilla/5.0 (Windows NT 10.0; Win64; x64) AppleWebKit/537.36 (KHTML, like Gecko) Chrome/63.0.3239.132 Safari/537.36"
194.113.106.125 - - [06/Apr/2019:00:06:44 -0700] "GET /wp-includes/wlwmanifest.xml HTTP/1.1" 404 225 "-" "Mozilla/5.0 (Windows NT 10.0; Win64; x64) AppleWebKit/537.36 (KHTML, like Gecko) Chrome/63.0.3239.132 Safari/537.36"
194.113.106.125 - - [06/Apr/2019:00:06:54 -0700] "GET /xmlrpc.php?rsd HTTP/1.1" 404 208 "-" "Mozilla/5.0 (Windows NT 10.0; Win64; x64) AppleWebKit/537.36 (KHTML, like Gecko) Chrome/63.0.3239.132 Safari/537.36"
194.113.106.125 - - [06/Apr/2019:00:07:05 -0700] "GET / HTTP/1.1" 200 79394 "-" "Mozilla/5.0 (Windows NT 10.0; Win64; x64) AppleWebKit/537.36 (KHTML, like Gecko) Chrome/63.0.3239.132 Safari/537.36"
194.113.106.125 - - [06/Apr/2019:00:07:05 -0700] "GET /blog/wp-includes/wlwmanifest.xml HTTP/1.1" 404 230 "-" "Mozilla/5.0 (Windows NT 10.0; Win64; x64) AppleWebKit/537.36 (KHTML, like Gecko) Chrome/63.0.3239.132 Safari/537.36"
194.113.106.125 - - [06/Apr/2019:00:07:16 -0700] "GET /web/wp-includes/wlwmanifest.xml HTTP/1.1" 404 229 "-" "Mozilla/5.0 (Windows NT 10.0; Win64; x64) AppleWebKit/537.36 (KHTML, like Gecko) Chrome/63.0.3239.132 Safari/537.36"
194.113.106.125 - - [06/Apr/2019:00:07:26 -0700] "GET /wordpress/wp-includes/wlwmanifest.xml HTTP/1.1" 404 235 "-" "Mozilla/5.0 (Windows NT 10.0; Win64; x64) AppleWebKit/537.36 (KHTML, like Gecko) Chrome/63.0.3239.132 Safari/537.36"
194.113.106.125 - - [06/Apr/2019:00:07:36 -0700] "GET /website/wp-includes/wlwmanifest.xml HTTP/1.1" 404 233 "-" "Mozilla/5.0 (Windows NT 10.0; Win64; x64) AppleWebKit/537.36 (KHTML, like Gecko) Chrome/63.0.3239.132 Safari/537.36"
194.113.106.125 - - [06/Apr/2019:00:07:47 -0700] "GET /wp/wp-includes/wlwmanifest.xml HTTP/1.1" 404 228 "-" "Mozilla/5.0 (Windows NT 10.0; Win64; x64) AppleWebKit/537.36 (KHTML, like Gecko) Chrome/63.0.3239.132 Safari/537.36"
194.113.106.125 - - [06/Apr/2019:00:07:57 -0700] "GET /news/wp-includes/wlwmanifest.xml HTTP/1.1" 404 230 "-" "Mozilla/5.0 (Windows NT 10.0; Win64; x64) AppleWebKit/537.36 (KHTML, like Gecko) Chrome/63.0.3239.132 Safari/537.36"
194.113.106.125 - - [06/Apr/2019:00:08:07 -0700] "GET /2015/wp-includes/wlwmanifest.xml HTTP/1.1" 404 230 "-" "Mozilla/5.0 (Windows NT 10.0; Win64; x64) AppleWebKit/537.36 (KHTML, like Gecko) Chrome/63.0.3239.132 Safari/537.36"
194.113.106.125 - - [06/Apr/2019:00:08:18 -0700] "GET /2016/wp-includes/wlwmanifest.xml HTTP/1.1" 404 230 "-" "Mozilla/5.0 (Windows NT 10.0; Win64; x64) AppleWebKit/537.36 (KHTML, like Gecko) Chrome/63.0.3239.132 Safari/537.36"
194.113.106.125 - - [06/Apr/2019:00:08:28 -0700] "GET /2017/wp-includes/wlwmanifest.xml HTTP/1.1" 404 230 "-" "Mozilla/5.0 (Windows NT 10.0; Win64; x64) AppleWebKit/537.36 (KHTML, like Gecko) Chrome/63.0.3239.132 Safari/537.36"
194.113.106.125 - - [06/Apr/2019:00:08:38 -0700] "GET /2018/wp-includes/wlwmanifest.xml HTTP/1.1" 404 230 "-" "Mozilla/5.0 (Windows NT 10.0; Win64; x64) AppleWebKit/537.36 (KHTML, like Gecko) Chrome/63.0.3239.132 Safari/537.36"
194.113.106.125 - - [06/Apr/2019:00:08:49 -0700] "GET /shop/wp-includes/wlwmanifest.xml HTTP/1.1" 404 230 "-" "Mozilla/5.0 (Windows NT 10.0; Win64; x64) AppleWebKit/537.36 (KHTML, like Gecko) Chrome/63.0.3239.132 Safari/537.36"
194.113.106.125 - - [06/Apr/2019:00:08:59 -0700] "GET /wp1/wp-includes/wlwmanifest.xml HTTP/1.1" 404 229 "-" "Mozilla/5.0 (Windows NT 10.0; Win64; x64) AppleWebKit/537.36 (KHTML, like Gecko) Chrome/63.0.3239.132 Safari/537.36"
194.113.106.125 - - [06/Apr/2019:00:09:09 -0700] "GET /test/wp-includes/wlwmanifest.xml HTTP/1.1" 404 230 "-" "Mozilla/5.0 (Windows NT 10.0; Win64; x64) AppleWebKit/537.36 (KHTML, like Gecko) Chrome/63.0.3239.132 Safari/537.36"
194.113.106.125 - - [06/Apr/2019:00:09:20 -0700] "GET /media/wp-includes/wlwmanifest.xml HTTP/1.1" 404 231 "-" "Mozilla/5.0 (Windows NT 10.0; Win64; x64) AppleWebKit/537.36 (KHTML, like Gecko) Chrome/63.0.3239.132 Safari/537.36"
194.113.106.125 - - [06/Apr/2019:00:09:30 -0700] "GET /wp2/wp-includes/wlwmanifest.xml HTTP/1.1" 404 229 "-" "Mozilla/5.0 (Windows NT 10.0; Win64; x64) AppleWebKit/537.36 (KHTML, like Gecko) Chrome/63.0.3239.132 Safari/537.36"
194.113.106.125 - - [06/Apr/2019:00:09:40 -0700] "GET /cms/wp-includes/wlwmanifest.xml HTTP/1.1" 404 229 "-" "Mozilla/5.0 (Windows NT 10.0; Win64; x64) AppleWebKit/537.36 (KHTML, like Gecko) Chrome/63.0.3239.132 Safari/537.36"
194.113.106.125 - - [06/Apr/2019:00:09:51 -0700] "GET /sito/wp-includes/wlwmanifest.xml HTTP/1.1" 404 230 "-" "Mozilla/5.0 (Windows NT 10.0; Win64; x64) AppleWebKit/537.36 (KHTML, like Gecko) Chrome/63.0.3239.132 Safari/537.36"
180.76.15.25 - - [06/Apr/2019:00:53:50 -0700] "GET /js/lightbox.js HTTP/1.1" 200 4210 "-" "Mozilla/5.0 (compatible; Baiduspider/2.0; +http://www.baidu.com/search/spider.html)"
73.231.164.56 - - [06/Apr/2019:00:57:25 -0700] "GET /favicon.ico HTTP/1.1" 404 209 "-" "Mozilla/5.0 (iPad; CPU OS 12_2 like Mac OS X) AppleWebKit/605.1.15 (KHTML, like Gecko) FxiOS/15.1b14275 Mobile/15E148 Safari/605.1.15"
220.181.108.146 - - [06/Apr/2019:01:17:03 -0700] "GET /robots.txt HTTP/1.1" 404 208 "-" "Mozilla/5.0 (compatible; Baiduspider/2.0; +http://www.baidu.com/search/spider.html)"
123.125.71.12 - - [06/Apr/2019:01:17:52 -0700] "GET / HTTP/1.1" 200 17429 "-" "Mozilla/5.0 (compatible; Baiduspider/2.0; +http://www.baidu.com/search/spider.html)"
216.244.66.197 - - [06/Apr/2019:01:22:47 -0700] "GET /robots.txt HTTP/1.1" 404 208 "-" "Mozilla/5.0 (compatible; DotBot/1.1; http://www.opensiteexplorer.org/dotbot, help@moz.com)"
216.244.66.197 - - [06/Apr/2019:02:08:17 -0700] "GET /img/mixman/3.jpg HTTP/1.1" 200 114734 "-" "Mozilla/5.0 (compatible; DotBot/1.1; http://www.opensiteexplorer.org/dotbot, help@moz.com)"
216.244.66.197 - - [06/Apr/2019:02:08:20 -0700] "GET /img/oncekids-fujimini/2.jpg HTTP/1.1" 200 99983 "-" "Mozilla/5.0 (compatible; DotBot/1.1; http://www.opensiteexplorer.org/dotbot, help@moz.com)"
216.244.66.197 - - [06/Apr/2019:03:12:55 -0700] "GET /robots.txt HTTP/1.1" 404 208 "-" "Mozilla/5.0 (compatible; DotBot/1.1; http://www.opensiteexplorer.org/dotbot, help@moz.com)"
216.244.66.197 - - [06/Apr/2019:03:12:55 -0700] "GET /robots.txt HTTP/1.1" 404 208 "-" "Mozilla/5.0 (compatible; DotBot/1.1; http://www.opensiteexplorer.org/dotbot, help@moz.com)"
17.58.101.58 - - [06/Apr/2019:03:27:30 -0700] "GET /robots.txt HTTP/1.1" 404 208 "-" "Mozilla/5.0 (Macintosh; Intel Mac OS X 10_10_1) AppleWebKit/600.2.5 (KHTML, like Gecko) Version/8.0.2 Safari/600.2.5 (Applebot/0.1; +http://www.apple.com/go/applebot)"
17.58.101.58 - - [06/Apr/2019:03:27:30 -0700] "GET / HTTP/1.1" 200 17429 "-" "Mozilla/5.0 (Macintosh; Intel Mac OS X 10_10_1) AppleWebKit/600.2.5 (KHTML, like Gecko) Version/8.0.2 Safari/600.2.5 (Applebot/0.1; +http://www.apple.com/go/applebot)"
216.244.66.197 - - [06/Apr/2019:04:06:42 -0700] "GET /robots.txt HTTP/1.1" 404 208 "-" "Mozilla/5.0 (compatible; DotBot/1.1; http://www.opensiteexplorer.org/dotbot, help@moz.com)"
185.136.156.195 - - [06/Apr/2019:04:37:35 -0700] "GET / HTTP/1.1" 200 17429 "http://www.rndsquared.com" "Mozilla/5.0 (Windows NT 6.1; WOW64) AppleWebKit/537.36 (KHTML, like Gecko) Chrome/52.0.2743.116 Safari/537.36"
37.187.129.166 - - [06/Apr/2019:05:17:58 -0700] "GET / HTTP/1.1" 200 17429 "-" "Mozilla/5.0 (Windows NT 6.1; WOW64; rv:48.0) Gecko/20100101 Firefox/48.0"
37.187.129.166 - - [06/Apr/2019:05:18:00 -0700] "GET /?name=5ca89900d5b97&email=fmjok%40web.de&weJHlkUY=fmjok%40web.de&message=& HTTP/1.1" 200 17429 "http://rndsquared.com/" "Mozilla/5.0 (Windows NT 6.1; WOW64; rv:48.0) Gecko/20100101 Firefox/48.0"
216.244.66.197 - - [06/Apr/2019:05:53:03 -0700] "GET /robots.txt HTTP/1.1" 404 208 "-" "Mozilla/5.0 (compatible; DotBot/1.1; http://www.opensiteexplorer.org/dotbot, help@moz.com)"
66.249.79.40 - - [06/Apr/2019:06:17:25 -0700] "GET / HTTP/1.1" 200 17429 "-" "Mozilla/5.0 (compatible; Googlebot/2.1; +http://www.google.com/bot.html)"
216.244.66.197 - - [06/Apr/2019:06:34:06 -0700] "GET /img/mixman/15.jpg HTTP/1.1" 200 115845 "-" "Mozilla/5.0 (compatible; DotBot/1.1; http://www.opensiteexplorer.org/dotbot, help@moz.com)"
216.244.66.197 - - [06/Apr/2019:06:34:09 -0700] "GET /img/sfnoir/8.jpg HTTP/1.1" 200 89091 "-" "Mozilla/5.0 (compatible; DotBot/1.1; http://www.opensiteexplorer.org/dotbot, help@moz.com)"
81.171.2.229 - - [06/Apr/2019:06:38:45 -0700] "GET / HTTP/1.1" 200 17429 "-" "Mozilla/5.0 (Windows NT 10.0; Win64; x64; rv:57.0) Gecko/20100101 Firefox/57.0"
81.171.2.229 - - [06/Apr/2019:06:38:46 -0700] "GET /?name=5ca8abee9a741&email=tbbaqar%40uh.edu&weJHlkUY=tbbaqar%40uh.edu&message=& HTTP/1.1" 200 17429 "http://rndsquared.com/" "Mozilla/5.0 (Windows NT 10.0; Win64; x64; rv:57.0) Gecko/20100101 Firefox/57.0"
205.185.127.219 - - [06/Apr/2019:06:39:08 -0700] "GET / HTTP/1.1" 200 17429 "-" "Mozilla/5.0 (Windows NT 6.2; Win64; x64) AppleWebKit/537.36 (KHTML, like Gecko) Chrome/51.0.2704.79 Safari/537.36 Edge/14.14393"
205.185.127.219 - - [06/Apr/2019:06:39:10 -0700] "GET /?name=5ca8ac05efc3c&email=smjones%40tfc.edu&weJHlkUY=smjones%40tfc.edu&message=& HTTP/1.1" 200 17429 "http://rndsquared.com/" "Mozilla/5.0 (Windows NT 6.2; Win64; x64) AppleWebKit/537.36 (KHTML, like Gecko) Chrome/51.0.2704.79 Safari/537.36 Edge/14.14393"
216.244.66.197 - - [06/Apr/2019:06:45:39 -0700] "GET /robots.txt HTTP/1.1" 404 208 "-" "Mozilla/5.0 (compatible; DotBot/1.1; http://www.opensiteexplorer.org/dotbot, help@moz.com)"
216.244.66.197 - - [06/Apr/2019:06:45:39 -0700] "GET /robots.txt HTTP/1.1" 404 208 "-" "Mozilla/5.0 (compatible; DotBot/1.1; http://www.opensiteexplorer.org/dotbot, help@moz.com)"
35.190.157.46 - - [06/Apr/2019:06:47:41 -0700] "GET /robots.txt HTTP/1.0" 404 208 "-" "ZoominfoBot (zoominfobot at zoominfo dot com)"
35.190.157.46 - - [06/Apr/2019:06:47:41 -0700] "GET / HTTP/1.0" 200 17429 "-" "ZoominfoBot (zoominfobot at zoominfo dot com)"
35.190.157.46 - - [06/Apr/2019:06:48:52 -0700] "GET /robots.txt HTTP/1.0" 404 208 "-" "ZoominfoBot (zoominfobot at zoominfo dot com)"
35.190.157.46 - - [06/Apr/2019:06:48:52 -0700] "GET / HTTP/1.0" 200 17429 "-" "ZoominfoBot (zoominfobot at zoominfo dot com)"
5.188.62.5 - - [06/Apr/2019:06:54:21 -0700] "GET / HTTP/1.1" 200 17429 "-" "Mozilla/5.0 (Windows NT 6.0) AppleWebKit/537.36 (KHTML, like Gecko) Chrome/41.0.2227.1 Safari/537.36"
216.244.66.197 - - [06/Apr/2019:07:16:54 -0700] "GET /img/wu-wei/4.jpg HTTP/1.1" 200 279891 "-" "Mozilla/5.0 (compatible; DotBot/1.1; http://www.opensiteexplorer.org/dotbot, help@moz.com)"
216.244.66.197 - - [06/Apr/2019:07:18:12 -0700] "GET /img/mixman/10.jpg HTTP/1.1" 200 114974 "-" "Mozilla/5.0 (compatible; DotBot/1.1; http://www.opensiteexplorer.org/dotbot, help@moz.com)"
216.244.66.197 - - [06/Apr/2019:07:18:15 -0700] "GET /img/wu-wei/8.jpg HTTP/1.1" 200 457546 "-" "Mozilla/5.0 (compatible; DotBot/1.1; http://www.opensiteexplorer.org/dotbot, help@moz.com)"
54.36.148.170 - - [06/Apr/2019:07:21:55 -0700] "GET /robots.txt HTTP/1.1" 404 208 "-" "Mozilla/5.0 (compatible; AhrefsBot/6.1; +http://ahrefs.com/robot/)"
54.36.149.106 - - [06/Apr/2019:07:21:56 -0700] "GET /img/praxis/praxisHS.png HTTP/1.1" 200 878433 "-" "Mozilla/5.0 (compatible; AhrefsBot/6.1; +http://ahrefs.com/robot/)"
40.77.167.4 - - [06/Apr/2019:07:22:59 -0700] "GET / HTTP/1.1" 200 17429 "-" "Mozilla/5.0 (compatible; bingbot/2.0; +http://www.bing.com/bingbot.htm)"
66.249.79.224 - - [06/Apr/2019:07:28:45 -0700] "GET / HTTP/1.1" 200 17429 "-" "Mozilla/5.0 (Linux; Android 6.0.1; Nexus 5X Build/MMB29P) AppleWebKit/537.36 (KHTML, like Gecko) Chrome/41.0.2272.96 Mobile Safari/537.36 (compatible; Googlebot/2.1; +http://www.google.com/bot.html)"
216.244.66.197 - - [06/Apr/2019:07:37:22 -0700] "GET /robots.txt HTTP/1.1" 404 208 "-" "Mozilla/5.0 (compatible; DotBot/1.1; http://www.opensiteexplorer.org/dotbot, help@moz.com)"
185.189.113.44 - - [06/Apr/2019:07:44:52 -0700] "GET / HTTP/1.0" 200 79394 "http://rndsquared.com/" "Mozilla/5.0 (Windows NT 10.0; Win64; x64) AppleWebKit/537.36 (KHTML, like Gecko) Chrome/67.0.3396.79 Safari/537.36"
185.189.113.44 - - [06/Apr/2019:07:44:52 -0700] "POST / HTTP/1.0" 200 79394 "http://rndsquared.com/" "Mozilla/5.0 (Windows NT 10.0; Win64; x64) AppleWebKit/537.36 (KHTML, like Gecko) Chrome/67.0.3396.79 Safari/537.36"
82.102.18.58 - - [06/Apr/2019:07:44:54 -0700] "GET / HTTP/1.0" 200 79394 "http://rndsquared.com/" "Mozilla/5.0 (Windows NT 10.0; Win64; x64) AppleWebKit/537.36 (KHTML, like Gecko) Chrome/67.0.3396.87 Safari/537.36"
82.102.18.58 - - [06/Apr/2019:07:44:54 -0700] "GET / HTTP/1.0" 200 79394 "http://rndsquared.com/" "Mozilla/5.0 (Windows NT 6.2; Win64; x64) AppleWebKit/537.36 (KHTML, like Gecko) Chrome/68.0.3440.106 Safari/537.36"
82.102.18.58 - - [06/Apr/2019:07:44:55 -0700] "POST / HTTP/1.0" 200 79394 "http://rndsquared.com/" "Mozilla/5.0 (Windows NT 6.2; Win64; x64) AppleWebKit/537.36 (KHTML, like Gecko) Chrome/68.0.3440.106 Safari/537.36"
82.102.18.58 - - [06/Apr/2019:07:44:55 -0700] "POST / HTTP/1.0" 200 79394 "http://rndsquared.com/" "Mozilla/5.0 (Windows NT 10.0; Win64; x64) AppleWebKit/537.36 (KHTML, like Gecko) Chrome/67.0.3396.87 Safari/537.36"
154.16.43.229 - - [06/Apr/2019:08:43:47 -0700] "GET / HTTP/1.0" 200 17429 "-" "Mozilla/5.0 (Windows NT 10.0; Win64; x64) AppleWebKit/537.36 (KHTML, like Gecko) Chrome/69.0.3497.100 Safari/537.36"
154.16.43.229 - - [06/Apr/2019:08:43:49 -0700] "GET /img/logo.png HTTP/1.0" 200 13123 "http://rndsquared.com" "Mozilla/5.0 (Windows NT 10.0; Win64; x64) AppleWebKit/537.36 (KHTML, like Gecko) Chrome/69.0.3497.100 Safari/537.36"
154.16.43.229 - - [06/Apr/2019:08:43:51 -0700] "GET / HTTP/1.0" 200 17429 "http://rndsquared.com" "Mozilla/5.0 (Windows NT 10.0; Win64; x64) AppleWebKit/537.36 (KHTML, like Gecko) Chrome/69.0.3497.100 Safari/537.36"
154.16.43.229 - - [06/Apr/2019:08:43:52 -0700] "GET /img/praxis/praxiscity.png HTTP/1.0" 200 1324301 "http://rndsquared.com" "Mozilla/5.0 (Windows NT 10.0; Win64; x64) AppleWebKit/537.36 (KHTML, like Gecko) Chrome/69.0.3497.100 Safari/537.36"
154.16.43.229 - - [06/Apr/2019:08:44:01 -0700] "GET /img/praxis/praxisoutside.png HTTP/1.0" 200 638123 "http://rndsquared.com" "Mozilla/5.0 (Windows NT 10.0; Win64; x64) AppleWebKit/537.36 (KHTML, like Gecko) Chrome/69.0.3497.100 Safari/537.36"
154.16.43.229 - - [06/Apr/2019:08:44:05 -0700] "GET /img/praxis/praxisCopy.png HTTP/1.0" 200 149758 "http://rndsquared.com" "Mozilla/5.0 (Windows NT 10.0; Win64; x64) AppleWebKit/537.36 (KHTML, like Gecko) Chrome/69.0.3497.100 Safari/537.36"
154.16.43.229 - - [06/Apr/2019:08:44:07 -0700] "GET /img/praxis/praxisHS.png HTTP/1.0" 200 878433 "http://rndsquared.com" "Mozilla/5.0 (Windows NT 10.0; Win64; x64) AppleWebKit/537.36 (KHTML, like Gecko) Chrome/69.0.3497.100 Safari/537.36"
154.16.43.229 - - [06/Apr/2019:08:44:14 -0700] "GET /img/autumn/8.jpg HTTP/1.0" 200 100218 "http://rndsquared.com" "Mozilla/5.0 (Windows NT 10.0; Win64; x64) AppleWebKit/537.36 (KHTML, like Gecko) Chrome/69.0.3497.100 Safari/537.36"
154.16.43.229 - - [06/Apr/2019:08:44:15 -0700] "GET /img/autumn/7.jpg HTTP/1.0" 200 236722 "http://rndsquared.com" "Mozilla/5.0 (Windows NT 10.0; Win64; x64) AppleWebKit/537.36 (KHTML, like Gecko) Chrome/69.0.3497.100 Safari/537.36"
154.16.43.229 - - [06/Apr/2019:08:44:17 -0700] "GET /img/autumn/6.jpg HTTP/1.0" 200 149484 "http://rndsquared.com" "Mozilla/5.0 (Windows NT 10.0; Win64; x64) AppleWebKit/537.36 (KHTML, like Gecko) Chrome/69.0.3497.100 Safari/537.36"
154.16.43.229 - - [06/Apr/2019:08:44:18 -0700] "GET /img/autumn/5.jpg HTTP/1.0" 200 180877 "http://rndsquared.com" "Mozilla/5.0 (Windows NT 10.0; Win64; x64) AppleWebKit/537.36 (KHTML, like Gecko) Chrome/69.0.3497.100 Safari/537.36"
154.16.43.229 - - [06/Apr/2019:08:44:20 -0700] "GET /img/autumn/4.jpg HTTP/1.0" 200 166546 "http://rndsquared.com" "Mozilla/5.0 (Windows NT 10.0; Win64; x64) AppleWebKit/537.36 (KHTML, like Gecko) Chrome/69.0.3497.100 Safari/537.36"
