77.75.76.165 - - [14/Jan/2018:21:58:37 -0800] "GET /robots.txt HTTP/1.1" 404 208 "-" "Mozilla/5.0 (compatible; SeznamBot/3.2; +http://napoveda.seznam.cz/en/seznambot-intro/)"
77.75.76.165 - - [14/Jan/2018:21:58:40 -0800] "GET /img/autumn/thumbs/4.jpg HTTP/1.1" 200 20880 "-" "Mozilla/5.0 (compatible; SeznamBot/3.2; +http://napoveda.seznam.cz/en/seznambot-intro/)"
77.75.77.119 - - [15/Jan/2018:01:16:36 -0800] "GET /robots.txt HTTP/1.1" 404 208 "-" "Mozilla/5.0 (compatible; SeznamBot/3.2; +http://napoveda.seznam.cz/en/seznambot-intro/)"
77.75.77.119 - - [15/Jan/2018:01:16:44 -0800] "GET /img/wu-wei/8.jpg HTTP/1.1" 304 - "-" "Mozilla/5.0 (compatible; SeznamBot/3.2; +http://napoveda.seznam.cz/en/seznambot-intro/)"
157.55.39.162 - - [15/Jan/2018:03:07:28 -0800] "GET /robots.txt HTTP/1.1" 404 208 "-" "Mozilla/5.0 (compatible; bingbot/2.0; +http://www.bing.com/bingbot.htm)"
157.55.39.162 - - [15/Jan/2018:03:07:28 -0800] "GET /robots.txt HTTP/1.1" 404 208 "-" "Mozilla/5.0 (compatible; bingbot/2.0; +http://www.bing.com/bingbot.htm)"
40.77.167.173 - - [15/Jan/2018:03:07:40 -0800] "GET / HTTP/1.1" 200 15892 "-" "Mozilla/5.0 (compatible; bingbot/2.0; +http://www.bing.com/bingbot.htm)"
77.88.47.14 - - [15/Jan/2018:09:16:13 -0800] "GET /robots.txt HTTP/1.1" 404 208 "-" "Mozilla/5.0 (compatible; YandexBot/3.0; +http://yandex.com/bots)"
93.158.161.62 - - [15/Jan/2018:09:16:17 -0800] "GET / HTTP/1.1" 200 15892 "-" "Mozilla/5.0 (compatible; YandexBot/3.0; +http://yandex.com/bots)"
207.46.13.37 - - [15/Jan/2018:17:13:52 -0800] "GET / HTTP/1.1" 200 15892 "-" "Mozilla/5.0 (compatible; bingbot/2.0; +http://www.bing.com/bingbot.htm)"
77.75.77.62 - - [15/Jan/2018:22:08:53 -0800] "GET /robots.txt HTTP/1.1" 404 208 "-" "Mozilla/5.0 (compatible; SeznamBot/3.2; +http://napoveda.seznam.cz/en/seznambot-intro/)"
77.75.77.62 - - [15/Jan/2018:22:08:56 -0800] "GET /img/sfnoir/5.jpg HTTP/1.1" 200 67390 "-" "Mozilla/5.0 (compatible; SeznamBot/3.2; +http://napoveda.seznam.cz/en/seznambot-intro/)"
77.75.77.72 - - [16/Jan/2018:01:28:30 -0800] "GET /robots.txt HTTP/1.1" 404 208 "-" "Mozilla/5.0 (compatible; SeznamBot/3.2; +http://napoveda.seznam.cz/en/seznambot-intro/)"
77.75.77.72 - - [16/Jan/2018:01:28:33 -0800] "GET /img/urban-cowgirl/6.jpg HTTP/1.1" 200 56465 "-" "Mozilla/5.0 (compatible; SeznamBot/3.2; +http://napoveda.seznam.cz/en/seznambot-intro/)"
77.75.76.168 - - [16/Jan/2018:04:12:03 -0800] "GET /robots.txt HTTP/1.1" 404 208 "-" "Mozilla/5.0 (compatible; SeznamBot/3.2; +http://napoveda.seznam.cz/en/seznambot-intro/)"
77.75.76.168 - - [16/Jan/2018:04:12:06 -0800] "GET /img/oncekids-fujimini/6.jpg HTTP/1.1" 304 - "-" "Mozilla/5.0 (compatible; SeznamBot/3.2; +http://napoveda.seznam.cz/en/seznambot-intro/)"
77.75.76.164 - - [16/Jan/2018:04:27:31 -0800] "GET /robots.txt HTTP/1.1" 404 208 "-" "Mozilla/5.0 (compatible; SeznamBot/3.2; +http://napoveda.seznam.cz/en/seznambot-intro/)"
77.75.76.164 - - [16/Jan/2018:04:27:34 -0800] "GET /img/sfnoir/thumbs/8.jpg HTTP/1.1" 304 - "-" "Mozilla/5.0 (compatible; SeznamBot/3.2; +http://napoveda.seznam.cz/en/seznambot-intro/)"
207.46.13.37 - - [16/Jan/2018:05:15:06 -0800] "GET / HTTP/1.1" 200 15892 "-" "Mozilla/5.0 (compatible; bingbot/2.0; +http://www.bing.com/bingbot.htm)"
77.75.78.162 - - [16/Jan/2018:05:20:22 -0800] "GET /robots.txt HTTP/1.1" 404 208 "-" "Mozilla/5.0 (compatible; SeznamBot/3.2; +http://napoveda.seznam.cz/en/seznambot-intro/)"
77.75.78.162 - - [16/Jan/2018:05:20:24 -0800] "GET /img/oncekids-fujimini/6.jpg HTTP/1.1" 304 - "-" "Mozilla/5.0 (compatible; SeznamBot/3.2; +http://napoveda.seznam.cz/en/seznambot-intro/)"
77.75.78.160 - - [16/Jan/2018:20:13:18 -0800] "GET /robots.txt HTTP/1.1" 404 208 "-" "Mozilla/5.0 (compatible; SeznamBot/3.2; +http://napoveda.seznam.cz/en/seznambot-intro/)"
77.75.78.160 - - [16/Jan/2018:20:13:20 -0800] "GET /img/oncekids-fujimini/4.jpg HTTP/1.1" 200 111945 "-" "Mozilla/5.0 (compatible; SeznamBot/3.2; +http://napoveda.seznam.cz/en/seznambot-intro/)"
93.158.161.62 - - [16/Jan/2018:20:52:56 -0800] "GET /robots.txt HTTP/1.1" 404 208 "-" "Mozilla/5.0 (compatible; YandexBot/3.0; +http://yandex.com/bots)"
93.158.161.62 - - [16/Jan/2018:20:52:59 -0800] "GET /favicon.ico HTTP/1.1" 404 209 "-" "Mozilla/5.0 (compatible; YandexBot/3.0; +http://yandex.com/bots)"
77.75.76.172 - - [16/Jan/2018:21:43:15 -0800] "GET /robots.txt HTTP/1.1" 404 208 "-" "Mozilla/5.0 (compatible; SeznamBot/3.2; +http://napoveda.seznam.cz/en/seznambot-intro/)"
77.75.76.172 - - [16/Jan/2018:21:43:53 -0800] "GET /img/autumn/thumbs/4.jpg HTTP/1.1" 200 20880 "-" "Mozilla/5.0 (compatible; SeznamBot/3.2; +http://napoveda.seznam.cz/en/seznambot-intro/)"
207.46.13.173 - - [16/Jan/2018:23:04:45 -0800] "GET / HTTP/1.1" 200 15892 "-" "Mozilla/5.0 (compatible; bingbot/2.0; +http://www.bing.com/bingbot.htm)"
216.244.66.202 - - [17/Jan/2018:01:09:21 -0800] "GET / HTTP/1.1" 200 72657 "-" "Mozilla/5.0 (compatible; DotBot/1.1; http://www.opensiteexplorer.org/dotbot, help@moz.com)"
216.244.66.202 - - [17/Jan/2018:03:10:12 -0800] "GET / HTTP/1.1" 200 72657 "-" "Mozilla/5.0 (compatible; DotBot/1.1; http://www.opensiteexplorer.org/dotbot, help@moz.com)"
157.55.39.118 - - [17/Jan/2018:12:34:26 -0800] "GET /robots.txt HTTP/1.1" 404 208 "-" "Mozilla/5.0 (compatible; bingbot/2.0; +http://www.bing.com/bingbot.htm)"
157.55.39.118 - - [17/Jan/2018:12:34:26 -0800] "GET /robots.txt HTTP/1.1" 404 208 "-" "Mozilla/5.0 (compatible; bingbot/2.0; +http://www.bing.com/bingbot.htm)"
207.46.13.173 - - [17/Jan/2018:12:34:31 -0800] "GET / HTTP/1.1" 200 15892 "-" "Mozilla/5.0 (compatible; bingbot/2.0; +http://www.bing.com/bingbot.htm)"
138.197.11.148 - - [17/Jan/2018:13:06:29 -0800] "GET / HTTP/1.1" 200 72657 "-" "-"
93.158.161.62 - - [17/Jan/2018:17:21:44 -0800] "GET /robots.txt HTTP/1.1" 404 208 "-" "Mozilla/5.0 (compatible; YandexBot/3.0; +http://yandex.com/bots)"
77.88.47.14 - - [17/Jan/2018:17:21:48 -0800] "GET / HTTP/1.1" 200 15892 "-" "Mozilla/5.0 (compatible; YandexBot/3.0; +http://yandex.com/bots)"
77.75.78.161 - - [18/Jan/2018:00:30:02 -0800] "GET /robots.txt HTTP/1.1" 404 208 "-" "Mozilla/5.0 (compatible; SeznamBot/3.2; +http://napoveda.seznam.cz/en/seznambot-intro/)"
77.75.78.161 - - [18/Jan/2018:00:30:05 -0800] "GET /img/oncekids-fujimini/4.jpg HTTP/1.1" 200 111945 "-" "Mozilla/5.0 (compatible; SeznamBot/3.2; +http://napoveda.seznam.cz/en/seznambot-intro/)"
77.75.78.161 - - [18/Jan/2018:00:30:09 -0800] "GET /img/urban-cowgirl/6.jpg HTTP/1.1" 200 56465 "-" "Mozilla/5.0 (compatible; SeznamBot/3.2; +http://napoveda.seznam.cz/en/seznambot-intro/)"
66.249.79.136 - - [18/Jan/2018:02:35:00 -0800] "GET /robots.txt HTTP/1.1" 404 208 "-" "Mozilla/5.0 (compatible; Googlebot/2.1; +http://www.google.com/bot.html)"
66.249.79.134 - - [18/Jan/2018:02:35:01 -0800] "GET / HTTP/1.1" 200 15892 "-" "Mozilla/5.0 (compatible; Googlebot/2.1; +http://www.google.com/bot.html)"
157.55.39.64 - - [18/Jan/2018:03:40:26 -0800] "GET / HTTP/1.1" 200 15892 "-" "Mozilla/5.0 (compatible; bingbot/2.0; +http://www.bing.com/bingbot.htm)"
66.249.79.138 - - [18/Jan/2018:04:06:44 -0800] "GET / HTTP/1.1" 200 15892 "-" "Mozilla/5.0 (Linux; Android 6.0.1; Nexus 5X Build/MMB29P) AppleWebKit/537.36 (KHTML, like Gecko) Chrome/41.0.2272.96 Mobile Safari/537.36 (compatible; Googlebot/2.1; +http://www.google.com/bot.html)"
66.249.79.134 - - [18/Jan/2018:04:06:51 -0800] "GET /css/styles.css HTTP/1.1" 200 1975 "https://www.rndsquared.com/" "Mozilla/5.0 (compatible; Googlebot/2.1; +http://www.google.com/bot.html)"
66.249.79.134 - - [18/Jan/2018:04:06:51 -0800] "GET /css/bootstrap.min.css HTTP/1.1" 200 11249 "https://www.rndsquared.com/" "Mozilla/5.0 (compatible; Googlebot/2.1; +http://www.google.com/bot.html)"
66.249.79.136 - - [18/Jan/2018:04:06:51 -0800] "GET /css/lightbox.css HTTP/1.1" 200 1003 "https://www.rndsquared.com/" "Mozilla/5.0 (compatible; Googlebot/2.1; +http://www.google.com/bot.html)"
66.249.79.134 - - [18/Jan/2018:06:46:11 -0800] "GET /img/bs4w/5.jpg HTTP/1.1" 200 42135 "-" "Googlebot-Image/1.0"
66.249.79.138 - - [18/Jan/2018:18:02:13 -0800] "GET /robots.txt HTTP/1.1" 404 208 "-" "Mozilla/5.0 (compatible; Googlebot/2.1; +http://www.google.com/bot.html)"
66.249.79.136 - - [18/Jan/2018:18:02:13 -0800] "GET / HTTP/1.1" 200 15892 "-" "Mozilla/5.0 (Linux; Android 6.0.1; Nexus 5X Build/MMB29P) AppleWebKit/537.36 (KHTML, like Gecko) Chrome/41.0.2272.96 Mobile Safari/537.36 (compatible; Googlebot/2.1; +http://www.google.com/bot.html)"
207.46.13.107 - - [18/Jan/2018:20:19:28 -0800] "GET / HTTP/1.1" 200 15892 "-" "Mozilla/5.0 (compatible; bingbot/2.0; +http://www.bing.com/bingbot.htm)"
66.249.79.136 - - [19/Jan/2018:01:17:17 -0800] "GET / HTTP/1.1" 200 15892 "-" "Mozilla/5.0 (Linux; Android 6.0.1; Nexus 5X Build/MMB29P) AppleWebKit/537.36 (KHTML, like Gecko) Chrome/41.0.2272.96 Mobile Safari/537.36 (compatible; Googlebot/2.1; +http://www.google.com/bot.html)"
77.75.78.170 - - [19/Jan/2018:03:53:38 -0800] "GET /robots.txt HTTP/1.1" 404 208 "-" "Mozilla/5.0 (compatible; SeznamBot/3.2; +http://napoveda.seznam.cz/en/seznambot-intro/)"
77.75.78.170 - - [19/Jan/2018:03:53:41 -0800] "GET /img/sfnoir/thumbs/9.jpg HTTP/1.1" 304 - "-" "Mozilla/5.0 (compatible; SeznamBot/3.2; +http://napoveda.seznam.cz/en/seznambot-intro/)"
66.249.79.136 - - [19/Jan/2018:04:32:11 -0800] "GET / HTTP/1.1" 200 15892 "-" "Mozilla/5.0 (Linux; Android 6.0.1; Nexus 5X Build/MMB29P) AppleWebKit/537.36 (KHTML, like Gecko) Chrome/41.0.2272.96 Mobile Safari/537.36 (compatible; Googlebot/2.1; +http://www.google.com/bot.html)"
66.249.79.138 - - [19/Jan/2018:07:02:39 -0800] "GET /robots.txt HTTP/1.1" 404 208 "-" "Mozilla/5.0 (compatible; Googlebot/2.1; +http://www.google.com/bot.html)"
66.249.79.134 - - [19/Jan/2018:07:02:39 -0800] "GET / HTTP/1.1" 200 15892 "-" "Mozilla/5.0 (Linux; Android 6.0.1; Nexus 5X Build/MMB29P) AppleWebKit/537.36 (KHTML, like Gecko) Chrome/41.0.2272.96 Mobile Safari/537.36 (compatible; Googlebot/2.1; +http://www.google.com/bot.html)"
66.249.79.136 - - [19/Jan/2018:07:02:40 -0800] "GET / HTTP/1.1" 200 15892 "-" "Mozilla/5.0 (Linux; Android 6.0.1; Nexus 5X Build/MMB29P) AppleWebKit/537.36 (KHTML, like Gecko) Chrome/41.0.2272.96 Mobile Safari/537.36 (compatible; Googlebot/2.1; +http://www.google.com/bot.html)"
66.249.79.134 - - [19/Jan/2018:08:29:26 -0800] "GET / HTTP/1.1" 200 15892 "-" "Mozilla/5.0 (Linux; Android 6.0.1; Nexus 5X Build/MMB29P) AppleWebKit/537.36 (KHTML, like Gecko) Chrome/41.0.2272.96 Mobile Safari/537.36 (compatible; Googlebot/2.1; +http://www.google.com/bot.html)"
77.75.78.168 - - [19/Jan/2018:08:36:49 -0800] "GET /robots.txt HTTP/1.1" 404 208 "-" "Mozilla/5.0 (compatible; SeznamBot/3.2; +http://napoveda.seznam.cz/en/seznambot-intro/)"
77.75.78.168 - - [19/Jan/2018:08:36:52 -0800] "GET /img/bs4w/4.jpg HTTP/1.1" 304 - "-" "Mozilla/5.0 (compatible; SeznamBot/3.2; +http://napoveda.seznam.cz/en/seznambot-intro/)"
157.55.39.77 - - [19/Jan/2018:09:25:24 -0800] "GET / HTTP/1.1" 200 15892 "-" "Mozilla/5.0 (compatible; bingbot/2.0; +http://www.bing.com/bingbot.htm)"
93.158.161.62 - - [19/Jan/2018:10:24:05 -0800] "GET /robots.txt HTTP/1.1" 404 208 "-" "Mozilla/5.0 (compatible; YandexBot/3.0; +http://yandex.com/bots)"
93.158.161.62 - - [19/Jan/2018:10:24:08 -0800] "GET / HTTP/1.1" 200 15892 "-" "Mozilla/5.0 (compatible; YandexBot/3.0; +http://yandex.com/bots)"
66.249.79.136 - - [19/Jan/2018:12:18:26 -0800] "GET / HTTP/1.1" 200 15892 "-" "Mozilla/5.0 (Linux; Android 6.0.1; Nexus 5X Build/MMB29P) AppleWebKit/537.36 (KHTML, like Gecko) Chrome/41.0.2272.96 Mobile Safari/537.36 (compatible; Googlebot/2.1; +http://www.google.com/bot.html)"
138.197.64.72 - - [19/Jan/2018:14:18:16 -0800] "GET / HTTP/1.1" 200 72657 "-" "-"
54.183.130.127 - - [19/Jan/2018:21:40:47 -0800] "GET / HTTP/1.1" 200 15892 "-" "Mozilla/5.0 (Macintosh; Intel Mac OS X 10_12_6) AppleWebKit/537.36 (KHTML, like Gecko) Chrome/61.0.3163.100 Safari/537.36"
137.226.113.27 - - [20/Jan/2018:08:32:00 -0800] "GET / HTTP/1.1" 200 15892 "-" "Mozilla/5.0 zgrab/0.x -- We are scanning for research, further information at http://researchscan.comsys.rwth-aachen.de/ --"
137.226.113.27 - - [20/Jan/2018:08:32:02 -0800] "GET / HTTP/1.1" 200 15892 "-" "Mozilla/5.0 zgrab/0.x -- We are scanning for research, further information at http://researchscan.comsys.rwth-aachen.de/ --"
77.75.76.160 - - [20/Jan/2018:13:00:54 -0800] "GET /img/njn/8.jpg HTTP/1.1" 304 - "-" "Mozilla/5.0 (compatible; SeznamBot/3.2; +http://napoveda.seznam.cz/en/seznambot-intro/)"
77.75.77.95 - - [20/Jan/2018:14:55:51 -0800] "GET /robots.txt HTTP/1.1" 404 208 "-" "Mozilla/5.0 (compatible; SeznamBot/3.2; +http://napoveda.seznam.cz/en/seznambot-intro/)"
77.75.77.95 - - [20/Jan/2018:14:55:54 -0800] "GET /img/sfnoir/thumbs/5.jpg HTTP/1.1" 304 - "-" "Mozilla/5.0 (compatible; SeznamBot/3.2; +http://napoveda.seznam.cz/en/seznambot-intro/)"
66.249.79.80 - - [20/Jan/2018:16:53:53 -0800] "GET /robots.txt HTTP/1.1" 404 208 "-" "Mozilla/5.0 (compatible; Googlebot/2.1; +http://www.google.com/bot.html)"
66.249.79.78 - - [20/Jan/2018:16:53:53 -0800] "GET / HTTP/1.1" 200 15892 "-" "Mozilla/5.0 (Linux; Android 6.0.1; Nexus 5X Build/MMB29P) AppleWebKit/537.36 (KHTML, like Gecko) Chrome/41.0.2272.96 Mobile Safari/537.36 (compatible; Googlebot/2.1; +http://www.google.com/bot.html)"
77.75.76.161 - - [20/Jan/2018:17:20:27 -0800] "GET /robots.txt HTTP/1.1" 404 208 "-" "Mozilla/5.0 (compatible; SeznamBot/3.2; +http://napoveda.seznam.cz/en/seznambot-intro/)"
77.75.76.161 - - [20/Jan/2018:17:20:30 -0800] "GET /img/njn/3.jpg HTTP/1.1" 304 - "-" "Mozilla/5.0 (compatible; SeznamBot/3.2; +http://napoveda.seznam.cz/en/seznambot-intro/)"
93.158.161.62 - - [20/Jan/2018:18:23:17 -0800] "GET /robots.txt HTTP/1.1" 404 208 "-" "Mozilla/5.0 (compatible; YandexBot/3.0; +http://yandex.com/bots)"
93.158.161.62 - - [20/Jan/2018:18:23:21 -0800] "GET /favicon.ico HTTP/1.1" 404 209 "-" "Mozilla/5.0 (compatible; YandexBot/3.0; +http://yandex.com/bots)"
66.249.79.78 - - [20/Jan/2018:23:26:38 -0800] "GET / HTTP/1.1" 200 15892 "-" "Mozilla/5.0 (compatible; Googlebot/2.1; +http://www.google.com/bot.html)"
46.4.107.115 - - [20/Jan/2018:23:32:35 -0800] "GET / HTTP/1.1" 200 15892 "-" "Mozilla/5.0 (compatible; BLEXBot/1.0; +http://webmeup-crawler.com/)"
157.55.39.52 - - [21/Jan/2018:00:15:13 -0800] "GET /robots.txt HTTP/1.1" 404 208 "-" "Mozilla/5.0 (compatible; bingbot/2.0; +http://www.bing.com/bingbot.htm)"
157.55.39.52 - - [21/Jan/2018:00:15:13 -0800] "GET /robots.txt HTTP/1.1" 404 208 "-" "Mozilla/5.0 (compatible; bingbot/2.0; +http://www.bing.com/bingbot.htm)"
157.55.39.253 - - [21/Jan/2018:00:15:21 -0800] "GET / HTTP/1.1" 200 15892 "-" "Mozilla/5.0 (compatible; bingbot/2.0; +http://www.bing.com/bingbot.htm)"
66.249.69.82 - - [21/Jan/2018:01:44:56 -0800] "GET / HTTP/1.1" 200 15892 "-" "Mozilla/5.0 (compatible; Googlebot/2.1; +http://www.google.com/bot.html)"
93.158.161.62 - - [21/Jan/2018:11:18:50 -0800] "GET /robots.txt HTTP/1.1" 404 208 "-" "Mozilla/5.0 (compatible; YandexBot/3.0; +http://yandex.com/bots)"
77.88.47.14 - - [21/Jan/2018:11:18:54 -0800] "GET / HTTP/1.1" 200 15892 "-" "Mozilla/5.0 (compatible; YandexBot/3.0; +http://yandex.com/bots)"
157.55.39.253 - - [21/Jan/2018:13:39:32 -0800] "GET / HTTP/1.1" 200 15892 "-" "Mozilla/5.0 (compatible; bingbot/2.0; +http://www.bing.com/bingbot.htm)"
77.75.78.165 - - [21/Jan/2018:15:10:39 -0800] "GET /robots.txt HTTP/1.1" 404 208 "-" "Mozilla/5.0 (compatible; SeznamBot/3.2; +http://napoveda.seznam.cz/en/seznambot-intro/)"
77.75.78.165 - - [21/Jan/2018:15:10:42 -0800] "GET /img/wu-wei/thumbs/5.jpg HTTP/1.1" 304 - "-" "Mozilla/5.0 (compatible; SeznamBot/3.2; +http://napoveda.seznam.cz/en/seznambot-intro/)"
77.75.78.169 - - [21/Jan/2018:15:29:19 -0800] "GET /robots.txt HTTP/1.1" 404 208 "-" "Mozilla/5.0 (compatible; SeznamBot/3.2; +http://napoveda.seznam.cz/en/seznambot-intro/)"
77.75.78.169 - - [21/Jan/2018:15:29:22 -0800] "GET /img/bs4w/4.jpg HTTP/1.1" 304 - "-" "Mozilla/5.0 (compatible; SeznamBot/3.2; +http://napoveda.seznam.cz/en/seznambot-intro/)"
77.75.77.95 - - [21/Jan/2018:16:38:56 -0800] "GET /robots.txt HTTP/1.1" 404 208 "-" "Mozilla/5.0 (compatible; SeznamBot/3.2; +http://napoveda.seznam.cz/en/seznambot-intro/)"
77.75.77.95 - - [21/Jan/2018:16:39:41 -0800] "GET /img/sfnoir/5.jpg HTTP/1.1" 304 - "-" "Mozilla/5.0 (compatible; SeznamBot/3.2; +http://napoveda.seznam.cz/en/seznambot-intro/)"
110.174.11.180 - - [21/Jan/2018:19:38:53 -0800] "GET / HTTP/1.1" 200 15892 "http://www.breatheheavy.com/exhale/index.php?/topic/748776-britneys-beatnik-player/" "Mozilla/5.0 (iPhone; CPU iPhone OS 11_1_2 like Mac OS X) AppleWebKit/604.3.5 (KHTML, like Gecko) Version/11.0 Mobile/15B202 Safari/604.1"
110.174.11.180 - - [21/Jan/2018:19:38:54 -0800] "GET /js/modernizr.js HTTP/1.1" 200 5933 "https://www.rndsquared.com/" "Mozilla/5.0 (iPhone; CPU iPhone OS 11_1_2 like Mac OS X) AppleWebKit/604.3.5 (KHTML, like Gecko) Version/11.0 Mobile/15B202 Safari/604.1"
110.174.11.180 - - [21/Jan/2018:19:38:54 -0800] "GET /js/lightbox.js HTTP/1.1" 200 4210 "https://www.rndsquared.com/" "Mozilla/5.0 (iPhone; CPU iPhone OS 11_1_2 like Mac OS X) AppleWebKit/604.3.5 (KHTML, like Gecko) Version/11.0 Mobile/15B202 Safari/604.1"
110.174.11.180 - - [21/Jan/2018:19:38:54 -0800] "GET /css/bootstrap.min.css HTTP/1.1" 200 11249 "https://www.rndsquared.com/" "Mozilla/5.0 (iPhone; CPU iPhone OS 11_1_2 like Mac OS X) AppleWebKit/604.3.5 (KHTML, like Gecko) Version/11.0 Mobile/15B202 Safari/604.1"
110.174.11.180 - - [21/Jan/2018:19:38:54 -0800] "GET /css/lightbox.css HTTP/1.1" 200 1003 "https://www.rndsquared.com/" "Mozilla/5.0 (iPhone; CPU iPhone OS 11_1_2 like Mac OS X) AppleWebKit/604.3.5 (KHTML, like Gecko) Version/11.0 Mobile/15B202 Safari/604.1"
110.174.11.180 - - [21/Jan/2018:19:38:54 -0800] "GET /css/styles.css HTTP/1.1" 200 1975 "https://www.rndsquared.com/" "Mozilla/5.0 (iPhone; CPU iPhone OS 11_1_2 like Mac OS X) AppleWebKit/604.3.5 (KHTML, like Gecko) Version/11.0 Mobile/15B202 Safari/604.1"
110.174.11.180 - - [21/Jan/2018:19:38:54 -0800] "GET /js/scripts.js HTTP/1.1" 200 1227 "https://www.rndsquared.com/" "Mozilla/5.0 (iPhone; CPU iPhone OS 11_1_2 like Mac OS X) AppleWebKit/604.3.5 (KHTML, like Gecko) Version/11.0 Mobile/15B202 Safari/604.1"
110.174.11.180 - - [21/Jan/2018:19:38:54 -0800] "GET /img/mixman/thumbs/1.jpg HTTP/1.1" 200 35516 "https://www.rndsquared.com/" "Mozilla/5.0 (iPhone; CPU iPhone OS 11_1_2 like Mac OS X) AppleWebKit/604.3.5 (KHTML, like Gecko) Version/11.0 Mobile/15B202 Safari/604.1"
110.174.11.180 - - [21/Jan/2018:19:38:54 -0800] "GET /img/urban-cowgirl/thumbs/1.jpg HTTP/1.1" 200 26624 "https://www.rndsquared.com/" "Mozilla/5.0 (iPhone; CPU iPhone OS 11_1_2 like Mac OS X) AppleWebKit/604.3.5 (KHTML, like Gecko) Version/11.0 Mobile/15B202 Safari/604.1"
110.174.11.180 - - [21/Jan/2018:19:38:54 -0800] "GET /img/oncekids-fujimini/thumbs/1.jpg HTTP/1.1" 200 36349 "https://www.rndsquared.com/" "Mozilla/5.0 (iPhone; CPU iPhone OS 11_1_2 like Mac OS X) AppleWebKit/604.3.5 (KHTML, like Gecko) Version/11.0 Mobile/15B202 Safari/604.1"
110.174.11.180 - - [21/Jan/2018:19:38:54 -0800] "GET /img/wu-wei/thumbs/1.jpg HTTP/1.1" 200 35144 "https://www.rndsquared.com/" "Mozilla/5.0 (iPhone; CPU iPhone OS 11_1_2 like Mac OS X) AppleWebKit/604.3.5 (KHTML, like Gecko) Version/11.0 Mobile/15B202 Safari/604.1"
110.174.11.180 - - [21/Jan/2018:19:38:55 -0800] "GET /img/bs4w/thumbs/3.jpg HTTP/1.1" 200 21431 "https://www.rndsquared.com/" "Mozilla/5.0 (iPhone; CPU iPhone OS 11_1_2 like Mac OS X) AppleWebKit/604.3.5 (KHTML, like Gecko) Version/11.0 Mobile/15B202 Safari/604.1"
110.174.11.180 - - [21/Jan/2018:19:38:55 -0800] "GET /img/sfnoir/thumbs/2.jpg HTTP/1.1" 200 23061 "https://www.rndsquared.com/" "Mozilla/5.0 (iPhone; CPU iPhone OS 11_1_2 like Mac OS X) AppleWebKit/604.3.5 (KHTML, like Gecko) Version/11.0 Mobile/15B202 Safari/604.1"
110.174.11.180 - - [21/Jan/2018:19:38:55 -0800] "GET /img/njn/thumbs/1.jpg HTTP/1.1" 200 24676 "https://www.rndsquared.com/" "Mozilla/5.0 (iPhone; CPU iPhone OS 11_1_2 like Mac OS X) AppleWebKit/604.3.5 (KHTML, like Gecko) Version/11.0 Mobile/15B202 Safari/604.1"
110.174.11.180 - - [21/Jan/2018:19:38:55 -0800] "GET /img/autumn/thumbs/1.jpg HTTP/1.1" 200 24768 "https://www.rndsquared.com/" "Mozilla/5.0 (iPhone; CPU iPhone OS 11_1_2 like Mac OS X) AppleWebKit/604.3.5 (KHTML, like Gecko) Version/11.0 Mobile/15B202 Safari/604.1"
110.174.11.180 - - [21/Jan/2018:19:38:55 -0800] "GET /img/mixman/thumbs/2.jpg HTTP/1.1" 200 24519 "https://www.rndsquared.com/" "Mozilla/5.0 (iPhone; CPU iPhone OS 11_1_2 like Mac OS X) AppleWebKit/604.3.5 (KHTML, like Gecko) Version/11.0 Mobile/15B202 Safari/604.1"
110.174.11.180 - - [21/Jan/2018:19:38:55 -0800] "GET /img/mixman/thumbs/3.jpg HTTP/1.1" 200 32138 "https://www.rndsquared.com/" "Mozilla/5.0 (iPhone; CPU iPhone OS 11_1_2 like Mac OS X) AppleWebKit/604.3.5 (KHTML, like Gecko) Version/11.0 Mobile/15B202 Safari/604.1"
110.174.11.180 - - [21/Jan/2018:19:38:55 -0800] "GET /img/mixman/thumbs/4.jpg HTTP/1.1" 200 35783 "https://www.rndsquared.com/" "Mozilla/5.0 (iPhone; CPU iPhone OS 11_1_2 like Mac OS X) AppleWebKit/604.3.5 (KHTML, like Gecko) Version/11.0 Mobile/15B202 Safari/604.1"
110.174.11.180 - - [21/Jan/2018:19:38:55 -0800] "GET /img/mixman/thumbs/5.jpg HTTP/1.1" 200 23498 "https://www.rndsquared.com/" "Mozilla/5.0 (iPhone; CPU iPhone OS 11_1_2 like Mac OS X) AppleWebKit/604.3.5 (KHTML, like Gecko) Version/11.0 Mobile/15B202 Safari/604.1"
110.174.11.180 - - [21/Jan/2018:19:38:55 -0800] "GET /img/mixman/thumbs/6.jpg HTTP/1.1" 200 29592 "https://www.rndsquared.com/" "Mozilla/5.0 (iPhone; CPU iPhone OS 11_1_2 like Mac OS X) AppleWebKit/604.3.5 (KHTML, like Gecko) Version/11.0 Mobile/15B202 Safari/604.1"
110.174.11.180 - - [21/Jan/2018:19:38:55 -0800] "GET /img/mixman/thumbs/7.jpg HTTP/1.1" 200 29010 "https://www.rndsquared.com/" "Mozilla/5.0 (iPhone; CPU iPhone OS 11_1_2 like Mac OS X) AppleWebKit/604.3.5 (KHTML, like Gecko) Version/11.0 Mobile/15B202 Safari/604.1"
110.174.11.180 - - [21/Jan/2018:19:38:55 -0800] "GET /fonts/mn2-webfont.woff2 HTTP/1.1" 200 15004 "https://www.rndsquared.com/" "Mozilla/5.0 (iPhone; CPU iPhone OS 11_1_2 like Mac OS X) AppleWebKit/604.3.5 (KHTML, like Gecko) Version/11.0 Mobile/15B202 Safari/604.1"
110.174.11.180 - - [21/Jan/2018:19:38:56 -0800] "GET /img/mixman/thumbs/9.jpg HTTP/1.1" 200 34012 "https://www.rndsquared.com/" "Mozilla/5.0 (iPhone; CPU iPhone OS 11_1_2 like Mac OS X) AppleWebKit/604.3.5 (KHTML, like Gecko) Version/11.0 Mobile/15B202 Safari/604.1"
110.174.11.180 - - [21/Jan/2018:19:38:56 -0800] "GET /img/mixman/thumbs/10.jpg HTTP/1.1" 200 31032 "https://www.rndsquared.com/" "Mozilla/5.0 (iPhone; CPU iPhone OS 11_1_2 like Mac OS X) AppleWebKit/604.3.5 (KHTML, like Gecko) Version/11.0 Mobile/15B202 Safari/604.1"
110.174.11.180 - - [21/Jan/2018:19:38:56 -0800] "GET /img/mixman/thumbs/11.jpg HTTP/1.1" 200 32588 "https://www.rndsquared.com/" "Mozilla/5.0 (iPhone; CPU iPhone OS 11_1_2 like Mac OS X) AppleWebKit/604.3.5 (KHTML, like Gecko) Version/11.0 Mobile/15B202 Safari/604.1"
110.174.11.180 - - [21/Jan/2018:19:38:56 -0800] "GET /img/mixman/thumbs/13.jpg HTTP/1.1" 200 28845 "https://www.rndsquared.com/" "Mozilla/5.0 (iPhone; CPU iPhone OS 11_1_2 like Mac OS X) AppleWebKit/604.3.5 (KHTML, like Gecko) Version/11.0 Mobile/15B202 Safari/604.1"
110.174.11.180 - - [21/Jan/2018:19:38:56 -0800] "GET /img/mixman/thumbs/15.jpg HTTP/1.1" 200 31677 "https://www.rndsquared.com/" "Mozilla/5.0 (iPhone; CPU iPhone OS 11_1_2 like Mac OS X) AppleWebKit/604.3.5 (KHTML, like Gecko) Version/11.0 Mobile/15B202 Safari/604.1"
110.174.11.180 - - [21/Jan/2018:19:38:56 -0800] "GET /img/mixman/thumbs/16.jpg HTTP/1.1" 200 36852 "https://www.rndsquared.com/" "Mozilla/5.0 (iPhone; CPU iPhone OS 11_1_2 like Mac OS X) AppleWebKit/604.3.5 (KHTML, like Gecko) Version/11.0 Mobile/15B202 Safari/604.1"
110.174.11.180 - - [21/Jan/2018:19:38:56 -0800] "GET /img/mixman/thumbs/17.jpg HTTP/1.1" 200 16331 "https://www.rndsquared.com/" "Mozilla/5.0 (iPhone; CPU iPhone OS 11_1_2 like Mac OS X) AppleWebKit/604.3.5 (KHTML, like Gecko) Version/11.0 Mobile/15B202 Safari/604.1"
110.174.11.180 - - [21/Jan/2018:19:38:56 -0800] "GET /img/mixman/thumbs/18.jpg HTTP/1.1" 200 20196 "https://www.rndsquared.com/" "Mozilla/5.0 (iPhone; CPU iPhone OS 11_1_2 like Mac OS X) AppleWebKit/604.3.5 (KHTML, like Gecko) Version/11.0 Mobile/15B202 Safari/604.1"
110.174.11.180 - - [21/Jan/2018:19:38:56 -0800] "GET /img/mixman/thumbs/19.jpg HTTP/1.1" 200 22007 "https://www.rndsquared.com/" "Mozilla/5.0 (iPhone; CPU iPhone OS 11_1_2 like Mac OS X) AppleWebKit/604.3.5 (KHTML, like Gecko) Version/11.0 Mobile/15B202 Safari/604.1"
110.174.11.180 - - [21/Jan/2018:19:38:57 -0800] "GET /img/urban-cowgirl/thumbs/2.jpg HTTP/1.1" 200 24103 "https://www.rndsquared.com/" "Mozilla/5.0 (iPhone; CPU iPhone OS 11_1_2 like Mac OS X) AppleWebKit/604.3.5 (KHTML, like Gecko) Version/11.0 Mobile/15B202 Safari/604.1"
110.174.11.180 - - [21/Jan/2018:19:38:57 -0800] "GET /img/urban-cowgirl/thumbs/3.jpg HTTP/1.1" 200 25487 "https://www.rndsquared.com/" "Mozilla/5.0 (iPhone; CPU iPhone OS 11_1_2 like Mac OS X) AppleWebKit/604.3.5 (KHTML, like Gecko) Version/11.0 Mobile/15B202 Safari/604.1"
110.174.11.180 - - [21/Jan/2018:19:38:57 -0800] "GET /img/urban-cowgirl/thumbs/4.jpg HTTP/1.1" 200 27112 "https://www.rndsquared.com/" "Mozilla/5.0 (iPhone; CPU iPhone OS 11_1_2 like Mac OS X) AppleWebKit/604.3.5 (KHTML, like Gecko) Version/11.0 Mobile/15B202 Safari/604.1"
110.174.11.180 - - [21/Jan/2018:19:38:57 -0800] "GET /img/urban-cowgirl/thumbs/5.jpg HTTP/1.1" 200 26913 "https://www.rndsquared.com/" "Mozilla/5.0 (iPhone; CPU iPhone OS 11_1_2 like Mac OS X) AppleWebKit/604.3.5 (KHTML, like Gecko) Version/11.0 Mobile/15B202 Safari/604.1"
110.174.11.180 - - [21/Jan/2018:19:38:57 -0800] "GET /img/urban-cowgirl/thumbs/6.jpg HTTP/1.1" 200 14645 "https://www.rndsquared.com/" "Mozilla/5.0 (iPhone; CPU iPhone OS 11_1_2 like Mac OS X) AppleWebKit/604.3.5 (KHTML, like Gecko) Version/11.0 Mobile/15B202 Safari/604.1"
110.174.11.180 - - [21/Jan/2018:19:38:57 -0800] "GET /img/oncekids-fujimini/thumbs/2.jpg HTTP/1.1" 200 36054 "https://www.rndsquared.com/" "Mozilla/5.0 (iPhone; CPU iPhone OS 11_1_2 like Mac OS X) AppleWebKit/604.3.5 (KHTML, like Gecko) Version/11.0 Mobile/15B202 Safari/604.1"
110.174.11.180 - - [21/Jan/2018:19:38:57 -0800] "GET /img/oncekids-fujimini/thumbs/3.jpg HTTP/1.1" 200 39586 "https://www.rndsquared.com/" "Mozilla/5.0 (iPhone; CPU iPhone OS 11_1_2 like Mac OS X) AppleWebKit/604.3.5 (KHTML, like Gecko) Version/11.0 Mobile/15B202 Safari/604.1"
110.174.11.180 - - [21/Jan/2018:19:38:57 -0800] "GET /img/oncekids-fujimini/thumbs/4.jpg HTTP/1.1" 200 39689 "https://www.rndsquared.com/" "Mozilla/5.0 (iPhone; CPU iPhone OS 11_1_2 like Mac OS X) AppleWebKit/604.3.5 (KHTML, like Gecko) Version/11.0 Mobile/15B202 Safari/604.1"
110.174.11.180 - - [21/Jan/2018:19:38:57 -0800] "GET /img/oncekids-fujimini/thumbs/5.jpg HTTP/1.1" 200 26202 "https://www.rndsquared.com/" "Mozilla/5.0 (iPhone; CPU iPhone OS 11_1_2 like Mac OS X) AppleWebKit/604.3.5 (KHTML, like Gecko) Version/11.0 Mobile/15B202 Safari/604.1"
110.174.11.180 - - [21/Jan/2018:19:38:58 -0800] "GET /img/oncekids-fujimini/thumbs/6.jpg HTTP/1.1" 200 27603 "https://www.rndsquared.com/" "Mozilla/5.0 (iPhone; CPU iPhone OS 11_1_2 like Mac OS X) AppleWebKit/604.3.5 (KHTML, like Gecko) Version/11.0 Mobile/15B202 Safari/604.1"
110.174.11.180 - - [21/Jan/2018:19:38:58 -0800] "GET /img/oncekids-fujimini/thumbs/7.jpg HTTP/1.1" 200 39450 "https://www.rndsquared.com/" "Mozilla/5.0 (iPhone; CPU iPhone OS 11_1_2 like Mac OS X) AppleWebKit/604.3.5 (KHTML, like Gecko) Version/11.0 Mobile/15B202 Safari/604.1"
110.174.11.180 - - [21/Jan/2018:19:38:58 -0800] "GET /img/oncekids-fujimini/thumbs/8.jpg HTTP/1.1" 200 23299 "https://www.rndsquared.com/" "Mozilla/5.0 (iPhone; CPU iPhone OS 11_1_2 like Mac OS X) AppleWebKit/604.3.5 (KHTML, like Gecko) Version/11.0 Mobile/15B202 Safari/604.1"
110.174.11.180 - - [21/Jan/2018:19:38:58 -0800] "GET /img/wu-wei/thumbs/2.jpg HTTP/1.1" 200 21193 "https://www.rndsquared.com/" "Mozilla/5.0 (iPhone; CPU iPhone OS 11_1_2 like Mac OS X) AppleWebKit/604.3.5 (KHTML, like Gecko) Version/11.0 Mobile/15B202 Safari/604.1"
110.174.11.180 - - [21/Jan/2018:19:38:58 -0800] "GET /img/wu-wei/thumbs/3.jpg HTTP/1.1" 200 22711 "https://www.rndsquared.com/" "Mozilla/5.0 (iPhone; CPU iPhone OS 11_1_2 like Mac OS X) AppleWebKit/604.3.5 (KHTML, like Gecko) Version/11.0 Mobile/15B202 Safari/604.1"
110.174.11.180 - - [21/Jan/2018:19:38:58 -0800] "GET /img/wu-wei/thumbs/4.jpg HTTP/1.1" 200 24258 "https://www.rndsquared.com/" "Mozilla/5.0 (iPhone; CPU iPhone OS 11_1_2 like Mac OS X) AppleWebKit/604.3.5 (KHTML, like Gecko) Version/11.0 Mobile/15B202 Safari/604.1"
110.174.11.180 - - [21/Jan/2018:19:38:58 -0800] "GET /img/wu-wei/thumbs/5.jpg HTTP/1.1" 200 22671 "https://www.rndsquared.com/" "Mozilla/5.0 (iPhone; CPU iPhone OS 11_1_2 like Mac OS X) AppleWebKit/604.3.5 (KHTML, like Gecko) Version/11.0 Mobile/15B202 Safari/604.1"
110.174.11.180 - - [21/Jan/2018:19:38:58 -0800] "GET /img/wu-wei/thumbs/6.jpg HTTP/1.1" 200 21768 "https://www.rndsquared.com/" "Mozilla/5.0 (iPhone; CPU iPhone OS 11_1_2 like Mac OS X) AppleWebKit/604.3.5 (KHTML, like Gecko) Version/11.0 Mobile/15B202 Safari/604.1"
110.174.11.180 - - [21/Jan/2018:19:38:58 -0800] "GET /img/wu-wei/thumbs/7.jpg HTTP/1.1" 200 22901 "https://www.rndsquared.com/" "Mozilla/5.0 (iPhone; CPU iPhone OS 11_1_2 like Mac OS X) AppleWebKit/604.3.5 (KHTML, like Gecko) Version/11.0 Mobile/15B202 Safari/604.1"
110.174.11.180 - - [21/Jan/2018:19:38:58 -0800] "GET /img/wu-wei/thumbs/8.jpg HTTP/1.1" 200 26727 "https://www.rndsquared.com/" "Mozilla/5.0 (iPhone; CPU iPhone OS 11_1_2 like Mac OS X) AppleWebKit/604.3.5 (KHTML, like Gecko) Version/11.0 Mobile/15B202 Safari/604.1"
110.174.11.180 - - [21/Jan/2018:19:38:58 -0800] "GET /img/wu-wei/thumbs/9.jpg HTTP/1.1" 200 35525 "https://www.rndsquared.com/" "Mozilla/5.0 (iPhone; CPU iPhone OS 11_1_2 like Mac OS X) AppleWebKit/604.3.5 (KHTML, like Gecko) Version/11.0 Mobile/15B202 Safari/604.1"
110.174.11.180 - - [21/Jan/2018:19:38:58 -0800] "GET /img/wu-wei/thumbs/10.jpg HTTP/1.1" 200 20185 "https://www.rndsquared.com/" "Mozilla/5.0 (iPhone; CPU iPhone OS 11_1_2 like Mac OS X) AppleWebKit/604.3.5 (KHTML, like Gecko) Version/11.0 Mobile/15B202 Safari/604.1"
110.174.11.180 - - [21/Jan/2018:19:38:59 -0800] "GET /img/bs4w/thumbs/1.jpg HTTP/1.1" 200 14712 "https://www.rndsquared.com/" "Mozilla/5.0 (iPhone; CPU iPhone OS 11_1_2 like Mac OS X) AppleWebKit/604.3.5 (KHTML, like Gecko) Version/11.0 Mobile/15B202 Safari/604.1"
110.174.11.180 - - [21/Jan/2018:19:38:59 -0800] "GET /img/bs4w/thumbs/2.jpg HTTP/1.1" 200 31891 "https://www.rndsquared.com/" "Mozilla/5.0 (iPhone; CPU iPhone OS 11_1_2 like Mac OS X) AppleWebKit/604.3.5 (KHTML, like Gecko) Version/11.0 Mobile/15B202 Safari/604.1"
110.174.11.180 - - [21/Jan/2018:19:38:59 -0800] "GET /img/bs4w/thumbs/4.jpg HTTP/1.1" 200 27608 "https://www.rndsquared.com/" "Mozilla/5.0 (iPhone; CPU iPhone OS 11_1_2 like Mac OS X) AppleWebKit/604.3.5 (KHTML, like Gecko) Version/11.0 Mobile/15B202 Safari/604.1"
110.174.11.180 - - [21/Jan/2018:19:38:59 -0800] "GET /img/bs4w/thumbs/5.jpg HTTP/1.1" 200 12034 "https://www.rndsquared.com/" "Mozilla/5.0 (iPhone; CPU iPhone OS 11_1_2 like Mac OS X) AppleWebKit/604.3.5 (KHTML, like Gecko) Version/11.0 Mobile/15B202 Safari/604.1"
110.174.11.180 - - [21/Jan/2018:19:38:59 -0800] "GET /img/bs4w/thumbs/7.jpg HTTP/1.1" 200 23328 "https://www.rndsquared.com/" "Mozilla/5.0 (iPhone; CPU iPhone OS 11_1_2 like Mac OS X) AppleWebKit/604.3.5 (KHTML, like Gecko) Version/11.0 Mobile/15B202 Safari/604.1"
110.174.11.180 - - [21/Jan/2018:19:38:59 -0800] "GET /img/bs4w/thumbs/6.jpg HTTP/1.1" 200 12384 "https://www.rndsquared.com/" "Mozilla/5.0 (iPhone; CPU iPhone OS 11_1_2 like Mac OS X) AppleWebKit/604.3.5 (KHTML, like Gecko) Version/11.0 Mobile/15B202 Safari/604.1"
110.174.11.180 - - [21/Jan/2018:19:38:59 -0800] "GET /img/bs4w/thumbs/8.jpg HTTP/1.1" 200 22657 "https://www.rndsquared.com/" "Mozilla/5.0 (iPhone; CPU iPhone OS 11_1_2 like Mac OS X) AppleWebKit/604.3.5 (KHTML, like Gecko) Version/11.0 Mobile/15B202 Safari/604.1"
110.174.11.180 - - [21/Jan/2018:19:38:59 -0800] "GET /img/sfnoir/thumbs/1.jpg HTTP/1.1" 200 25215 "https://www.rndsquared.com/" "Mozilla/5.0 (iPhone; CPU iPhone OS 11_1_2 like Mac OS X) AppleWebKit/604.3.5 (KHTML, like Gecko) Version/11.0 Mobile/15B202 Safari/604.1"
110.174.11.180 - - [21/Jan/2018:19:38:59 -0800] "GET /img/sfnoir/thumbs/3.jpg HTTP/1.1" 200 22380 "https://www.rndsquared.com/" "Mozilla/5.0 (iPhone; CPU iPhone OS 11_1_2 like Mac OS X) AppleWebKit/604.3.5 (KHTML, like Gecko) Version/11.0 Mobile/15B202 Safari/604.1"
110.174.11.180 - - [21/Jan/2018:19:38:59 -0800] "GET /img/sfnoir/thumbs/5.jpg HTTP/1.1" 200 18532 "https://www.rndsquared.com/" "Mozilla/5.0 (iPhone; CPU iPhone OS 11_1_2 like Mac OS X) AppleWebKit/604.3.5 (KHTML, like Gecko) Version/11.0 Mobile/15B202 Safari/604.1"
110.174.11.180 - - [21/Jan/2018:19:38:59 -0800] "GET /img/sfnoir/thumbs/6.jpg HTTP/1.1" 200 31401 "https://www.rndsquared.com/" "Mozilla/5.0 (iPhone; CPU iPhone OS 11_1_2 like Mac OS X) AppleWebKit/604.3.5 (KHTML, like Gecko) Version/11.0 Mobile/15B202 Safari/604.1"
110.174.11.180 - - [21/Jan/2018:19:38:59 -0800] "GET /img/sfnoir/thumbs/7.jpg HTTP/1.1" 200 33692 "https://www.rndsquared.com/" "Mozilla/5.0 (iPhone; CPU iPhone OS 11_1_2 like Mac OS X) AppleWebKit/604.3.5 (KHTML, like Gecko) Version/11.0 Mobile/15B202 Safari/604.1"
110.174.11.180 - - [21/Jan/2018:19:38:59 -0800] "GET /img/sfnoir/thumbs/8.jpg HTTP/1.1" 200 32404 "https://www.rndsquared.com/" "Mozilla/5.0 (iPhone; CPU iPhone OS 11_1_2 like Mac OS X) AppleWebKit/604.3.5 (KHTML, like Gecko) Version/11.0 Mobile/15B202 Safari/604.1"
110.174.11.180 - - [21/Jan/2018:19:39:00 -0800] "GET /img/sfnoir/thumbs/9.jpg HTTP/1.1" 200 20844 "https://www.rndsquared.com/" "Mozilla/5.0 (iPhone; CPU iPhone OS 11_1_2 like Mac OS X) AppleWebKit/604.3.5 (KHTML, like Gecko) Version/11.0 Mobile/15B202 Safari/604.1"
110.174.11.180 - - [21/Jan/2018:19:39:00 -0800] "GET /img/njn/thumbs/2.jpg HTTP/1.1" 200 26672 "https://www.rndsquared.com/" "Mozilla/5.0 (iPhone; CPU iPhone OS 11_1_2 like Mac OS X) AppleWebKit/604.3.5 (KHTML, like Gecko) Version/11.0 Mobile/15B202 Safari/604.1"
110.174.11.180 - - [21/Jan/2018:19:39:00 -0800] "GET /img/njn/thumbs/3.jpg HTTP/1.1" 200 33267 "https://www.rndsquared.com/" "Mozilla/5.0 (iPhone; CPU iPhone OS 11_1_2 like Mac OS X) AppleWebKit/604.3.5 (KHTML, like Gecko) Version/11.0 Mobile/15B202 Safari/604.1"
110.174.11.180 - - [21/Jan/2018:19:39:00 -0800] "GET /img/njn/thumbs/4.jpg HTTP/1.1" 200 32206 "https://www.rndsquared.com/" "Mozilla/5.0 (iPhone; CPU iPhone OS 11_1_2 like Mac OS X) AppleWebKit/604.3.5 (KHTML, like Gecko) Version/11.0 Mobile/15B202 Safari/604.1"
110.174.11.180 - - [21/Jan/2018:19:39:00 -0800] "GET /img/njn/thumbs/5.jpg HTTP/1.1" 200 27963 "https://www.rndsquared.com/" "Mozilla/5.0 (iPhone; CPU iPhone OS 11_1_2 like Mac OS X) AppleWebKit/604.3.5 (KHTML, like Gecko) Version/11.0 Mobile/15B202 Safari/604.1"
110.174.11.180 - - [21/Jan/2018:19:39:00 -0800] "GET /img/njn/thumbs/6.jpg HTTP/1.1" 200 32048 "https://www.rndsquared.com/" "Mozilla/5.0 (iPhone; CPU iPhone OS 11_1_2 like Mac OS X) AppleWebKit/604.3.5 (KHTML, like Gecko) Version/11.0 Mobile/15B202 Safari/604.1"
110.174.11.180 - - [21/Jan/2018:19:39:00 -0800] "GET /img/njn/thumbs/7.jpg HTTP/1.1" 200 28520 "https://www.rndsquared.com/" "Mozilla/5.0 (iPhone; CPU iPhone OS 11_1_2 like Mac OS X) AppleWebKit/604.3.5 (KHTML, like Gecko) Version/11.0 Mobile/15B202 Safari/604.1"
110.174.11.180 - - [21/Jan/2018:19:39:00 -0800] "GET /img/njn/thumbs/8.jpg HTTP/1.1" 200 28396 "https://www.rndsquared.com/" "Mozilla/5.0 (iPhone; CPU iPhone OS 11_1_2 like Mac OS X) AppleWebKit/604.3.5 (KHTML, like Gecko) Version/11.0 Mobile/15B202 Safari/604.1"
110.174.11.180 - - [21/Jan/2018:19:39:00 -0800] "GET /img/autumn/thumbs/2.jpg HTTP/1.1" 200 45196 "https://www.rndsquared.com/" "Mozilla/5.0 (iPhone; CPU iPhone OS 11_1_2 like Mac OS X) AppleWebKit/604.3.5 (KHTML, like Gecko) Version/11.0 Mobile/15B202 Safari/604.1"
110.174.11.180 - - [21/Jan/2018:19:39:00 -0800] "GET /img/autumn/thumbs/3.jpg HTTP/1.1" 200 40589 "https://www.rndsquared.com/" "Mozilla/5.0 (iPhone; CPU iPhone OS 11_1_2 like Mac OS X) AppleWebKit/604.3.5 (KHTML, like Gecko) Version/11.0 Mobile/15B202 Safari/604.1"
110.174.11.180 - - [21/Jan/2018:19:39:00 -0800] "GET /img/autumn/thumbs/4.jpg HTTP/1.1" 200 20880 "https://www.rndsquared.com/" "Mozilla/5.0 (iPhone; CPU iPhone OS 11_1_2 like Mac OS X) AppleWebKit/604.3.5 (KHTML, like Gecko) Version/11.0 Mobile/15B202 Safari/604.1"
110.174.11.180 - - [21/Jan/2018:19:39:01 -0800] "GET /img/autumn/thumbs/5.jpg HTTP/1.1" 200 29246 "https://www.rndsquared.com/" "Mozilla/5.0 (iPhone; CPU iPhone OS 11_1_2 like Mac OS X) AppleWebKit/604.3.5 (KHTML, like Gecko) Version/11.0 Mobile/15B202 Safari/604.1"
110.174.11.180 - - [21/Jan/2018:19:39:01 -0800] "GET /img/autumn/thumbs/6.jpg HTTP/1.1" 200 30923 "https://www.rndsquared.com/" "Mozilla/5.0 (iPhone; CPU iPhone OS 11_1_2 like Mac OS X) AppleWebKit/604.3.5 (KHTML, like Gecko) Version/11.0 Mobile/15B202 Safari/604.1"
110.174.11.180 - - [21/Jan/2018:19:39:01 -0800] "GET /img/autumn/thumbs/7.jpg HTTP/1.1" 200 25117 "https://www.rndsquared.com/" "Mozilla/5.0 (iPhone; CPU iPhone OS 11_1_2 like Mac OS X) AppleWebKit/604.3.5 (KHTML, like Gecko) Version/11.0 Mobile/15B202 Safari/604.1"
110.174.11.180 - - [21/Jan/2018:19:39:01 -0800] "GET /img/autumn/thumbs/8.jpg HTTP/1.1" 200 20283 "https://www.rndsquared.com/" "Mozilla/5.0 (iPhone; CPU iPhone OS 11_1_2 like Mac OS X) AppleWebKit/604.3.5 (KHTML, like Gecko) Version/11.0 Mobile/15B202 Safari/604.1"
110.174.11.180 - - [21/Jan/2018:19:39:01 -0800] "GET /css/images/close.png HTTP/1.1" 200 280 "https://www.rndsquared.com/" "Mozilla/5.0 (iPhone; CPU iPhone OS 11_1_2 like Mac OS X) AppleWebKit/604.3.5 (KHTML, like Gecko) Version/11.0 Mobile/15B202 Safari/604.1"
110.174.11.180 - - [21/Jan/2018:19:39:01 -0800] "GET /css/images/loading.gif HTTP/1.1" 200 8476 "https://www.rndsquared.com/" "Mozilla/5.0 (iPhone; CPU iPhone OS 11_1_2 like Mac OS X) AppleWebKit/604.3.5 (KHTML, like Gecko) Version/11.0 Mobile/15B202 Safari/604.1"
110.174.11.180 - - [21/Jan/2018:19:39:01 -0800] "GET /css/images/prev.png HTTP/1.1" 200 1360 "https://www.rndsquared.com/" "Mozilla/5.0 (iPhone; CPU iPhone OS 11_1_2 like Mac OS X) AppleWebKit/604.3.5 (KHTML, like Gecko) Version/11.0 Mobile/15B202 Safari/604.1"
110.174.11.180 - - [21/Jan/2018:19:39:01 -0800] "GET /css/images/next.png HTTP/1.1" 200 1350 "https://www.rndsquared.com/" "Mozilla/5.0 (iPhone; CPU iPhone OS 11_1_2 like Mac OS X) AppleWebKit/604.3.5 (KHTML, like Gecko) Version/11.0 Mobile/15B202 Safari/604.1"
110.174.11.180 - - [21/Jan/2018:19:39:01 -0800] "GET /img/logo.png HTTP/1.1" 200 13123 "https://www.rndsquared.com/" "Mozilla/5.0 (iPhone; CPU iPhone OS 11_1_2 like Mac OS X) AppleWebKit/604.3.5 (KHTML, like Gecko) Version/11.0 Mobile/15B202 Safari/604.1"
110.174.11.180 - - [21/Jan/2018:19:39:01 -0800] "GET /img/marble.jpg HTTP/1.1" 200 292701 "https://www.rndsquared.com/" "Mozilla/5.0 (iPhone; CPU iPhone OS 11_1_2 like Mac OS X) AppleWebKit/604.3.5 (KHTML, like Gecko) Version/11.0 Mobile/15B202 Safari/604.1"
159.203.103.62 - - [21/Jan/2018:21:40:27 -0800] "GET / HTTP/1.1" 200 72657 "-" "-"
157.55.39.253 - - [22/Jan/2018:03:54:32 -0800] "GET / HTTP/1.1" 200 15892 "-" "Mozilla/5.0 (compatible; bingbot/2.0; +http://www.bing.com/bingbot.htm)"
93.158.161.62 - - [22/Jan/2018:11:07:27 -0800] "GET /robots.txt HTTP/1.1" 404 208 "-" "Mozilla/5.0 (compatible; YandexBot/3.0; +http://yandex.com/bots)"
93.158.161.62 - - [22/Jan/2018:11:07:30 -0800] "GET / HTTP/1.1" 200 15892 "-" "Mozilla/5.0 (compatible; YandexBot/3.0; +http://yandex.com/bots)"
77.75.77.32 - - [22/Jan/2018:16:15:00 -0800] "GET /robots.txt HTTP/1.1" 404 208 "-" "Mozilla/5.0 (compatible; SeznamBot/3.2; +http://napoveda.seznam.cz/en/seznambot-intro/)"
77.75.77.32 - - [22/Jan/2018:16:15:03 -0800] "GET /img/autumn/thumbs/4.jpg HTTP/1.1" 304 - "-" "Mozilla/5.0 (compatible; SeznamBot/3.2; +http://napoveda.seznam.cz/en/seznambot-intro/)"
77.75.76.162 - - [22/Jan/2018:17:58:04 -0800] "GET /robots.txt HTTP/1.1" 404 208 "-" "Mozilla/5.0 (compatible; SeznamBot/3.2; +http://napoveda.seznam.cz/en/seznambot-intro/)"
77.75.76.162 - - [22/Jan/2018:17:58:07 -0800] "GET /img/sfnoir/thumbs/9.jpg HTTP/1.1" 304 - "-" "Mozilla/5.0 (compatible; SeznamBot/3.2; +http://napoveda.seznam.cz/en/seznambot-intro/)"
40.77.167.136 - - [22/Jan/2018:21:44:02 -0800] "GET / HTTP/1.1" 200 15892 "-" "Mozilla/5.0 (compatible; bingbot/2.0; +http://www.bing.com/bingbot.htm)"
216.244.66.202 - - [23/Jan/2018:05:25:16 -0800] "GET / HTTP/1.1" 200 72657 "-" "Mozilla/5.0 (compatible; DotBot/1.1; http://www.opensiteexplorer.org/dotbot, help@moz.com)"
54.244.61.222 - - [23/Jan/2018:05:49:19 -0800] "HEAD / HTTP/1.1" 200 - "-" "Mozilla/5.0"
66.249.79.138 - - [23/Jan/2018:06:28:14 -0800] "GET /robots.txt HTTP/1.1" 404 208 "-" "Mozilla/5.0 (compatible; Googlebot/2.1; +http://www.google.com/bot.html)"
66.249.79.138 - - [23/Jan/2018:06:28:14 -0800] "GET / HTTP/1.1" 200 15892 "-" "Mozilla/5.0 (Linux; Android 6.0.1; Nexus 5X Build/MMB29P) AppleWebKit/537.36 (KHTML, like Gecko) Chrome/41.0.2272.96 Mobile Safari/537.36 (compatible; Googlebot/2.1; +http://www.google.com/bot.html)"
93.158.161.62 - - [23/Jan/2018:09:31:16 -0800] "GET /robots.txt HTTP/1.1" 404 208 "-" "Mozilla/5.0 (compatible; YandexBot/3.0; +http://yandex.com/bots)"
93.158.161.62 - - [23/Jan/2018:09:31:19 -0800] "GET / HTTP/1.1" 200 15892 "-" "Mozilla/5.0 (compatible; YandexBot/3.0; +http://yandex.com/bots)"
157.55.39.33 - - [23/Jan/2018:10:10:40 -0800] "GET /robots.txt HTTP/1.1" 404 208 "-" "Mozilla/5.0 (compatible; bingbot/2.0; +http://www.bing.com/bingbot.htm)"
157.55.39.33 - - [23/Jan/2018:10:10:40 -0800] "GET /robots.txt HTTP/1.1" 404 208 "-" "Mozilla/5.0 (compatible; bingbot/2.0; +http://www.bing.com/bingbot.htm)"
40.77.167.71 - - [23/Jan/2018:10:11:46 -0800] "GET / HTTP/1.1" 200 15892 "-" "Mozilla/5.0 (compatible; bingbot/2.0; +http://www.bing.com/bingbot.htm)"
54.183.130.127 - - [23/Jan/2018:14:05:26 -0800] "GET / HTTP/1.1" 200 15892 "-" "Mozilla/5.0 (Macintosh; Intel Mac OS X 10_12_6) AppleWebKit/537.36 (KHTML, like Gecko) Chrome/61.0.3163.100 Safari/537.36"
77.75.78.170 - - [23/Jan/2018:14:34:14 -0800] "GET /robots.txt HTTP/1.1" 404 208 "-" "Mozilla/5.0 (compatible; SeznamBot/3.2; +http://napoveda.seznam.cz/en/seznambot-intro/)"
77.75.78.170 - - [23/Jan/2018:14:34:25 -0800] "GET /img/sfnoir/thumbs/1.jpg HTTP/1.1" 304 - "-" "Mozilla/5.0 (compatible; SeznamBot/3.2; +http://napoveda.seznam.cz/en/seznambot-intro/)"
77.75.78.170 - - [23/Jan/2018:14:34:28 -0800] "GET /img/bs4w/2.jpg HTTP/1.1" 304 - "-" "Mozilla/5.0 (compatible; SeznamBot/3.2; +http://napoveda.seznam.cz/en/seznambot-intro/)"
66.249.79.134 - - [23/Jan/2018:14:58:21 -0800] "GET / HTTP/1.1" 200 15892 "-" "Mozilla/5.0 (compatible; Googlebot/2.1; +http://www.google.com/bot.html)"
77.75.78.170 - - [23/Jan/2018:16:15:28 -0800] "GET /robots.txt HTTP/1.1" 404 208 "-" "Mozilla/5.0 (compatible; SeznamBot/3.2; +http://napoveda.seznam.cz/en/seznambot-intro/)"
77.75.78.170 - - [23/Jan/2018:16:16:16 -0800] "GET /img/wu-wei/thumbs/5.jpg HTTP/1.1" 304 - "-" "Mozilla/5.0 (compatible; SeznamBot/3.2; +http://napoveda.seznam.cz/en/seznambot-intro/)"
66.249.70.14 - - [23/Jan/2018:17:12:57 -0800] "GET / HTTP/1.1" 200 15892 "-" "Mozilla/5.0 (compatible; Googlebot/2.1; +http://www.google.com/bot.html)"
77.75.77.119 - - [23/Jan/2018:17:53:51 -0800] "GET /robots.txt HTTP/1.1" 404 208 "-" "Mozilla/5.0 (compatible; SeznamBot/3.2; +http://napoveda.seznam.cz/en/seznambot-intro/)"
77.75.77.119 - - [23/Jan/2018:17:53:55 -0800] "GET /img/bs4w/thumbs/4.jpg HTTP/1.1" 304 - "-" "Mozilla/5.0 (compatible; SeznamBot/3.2; +http://napoveda.seznam.cz/en/seznambot-intro/)"
77.75.79.17 - - [23/Jan/2018:20:36:39 -0800] "GET /robots.txt HTTP/1.1" 404 208 "-" "Mozilla/5.0 (compatible; SeznamBot/3.2; +http://napoveda.seznam.cz/en/seznambot-intro/)"
77.75.79.17 - - [23/Jan/2018:20:36:42 -0800] "GET /img/sfnoir/5.jpg HTTP/1.1" 304 - "-" "Mozilla/5.0 (compatible; SeznamBot/3.2; +http://napoveda.seznam.cz/en/seznambot-intro/)"
77.75.76.166 - - [23/Jan/2018:21:46:58 -0800] "GET /robots.txt HTTP/1.1" 404 208 "-" "Mozilla/5.0 (compatible; SeznamBot/3.2; +http://napoveda.seznam.cz/en/seznambot-intro/)"
77.75.76.166 - - [23/Jan/2018:21:47:01 -0800] "GET /img/urban-cowgirl/6.jpg HTTP/1.1" 304 - "-" "Mozilla/5.0 (compatible; SeznamBot/3.2; +http://napoveda.seznam.cz/en/seznambot-intro/)"
77.75.79.62 - - [23/Jan/2018:23:37:38 -0800] "GET /robots.txt HTTP/1.1" 404 208 "-" "Mozilla/5.0 (compatible; SeznamBot/3.2; +http://napoveda.seznam.cz/en/seznambot-intro/)"
77.75.79.62 - - [23/Jan/2018:23:37:40 -0800] "GET /img/oncekids-fujimini/thumbs/3.jpg HTTP/1.1" 304 - "-" "Mozilla/5.0 (compatible; SeznamBot/3.2; +http://napoveda.seznam.cz/en/seznambot-intro/)"
77.75.77.101 - - [24/Jan/2018:00:20:07 -0800] "GET /robots.txt HTTP/1.1" 404 208 "-" "Mozilla/5.0 (compatible; SeznamBot/3.2; +http://napoveda.seznam.cz/en/seznambot-intro/)"
77.75.77.101 - - [24/Jan/2018:00:20:10 -0800] "GET /img/sfnoir/8.jpg HTTP/1.1" 304 - "-" "Mozilla/5.0 (compatible; SeznamBot/3.2; +http://napoveda.seznam.cz/en/seznambot-intro/)"
207.46.13.152 - - [24/Jan/2018:00:50:21 -0800] "GET / HTTP/1.1" 200 15892 "-" "Mozilla/5.0 (compatible; bingbot/2.0; +http://www.bing.com/bingbot.htm)"
45.55.244.134 - - [24/Jan/2018:10:50:38 -0800] "GET / HTTP/1.1" 200 72657 "-" "-"
77.75.79.11 - - [24/Jan/2018:13:09:40 -0800] "GET /robots.txt HTTP/1.1" 404 208 "-" "Mozilla/5.0 (compatible; SeznamBot/3.2; +http://napoveda.seznam.cz/en/seznambot-intro/)"
77.75.79.11 - - [24/Jan/2018:13:09:43 -0800] "GET /img/autumn/1.jpg HTTP/1.1" 304 - "-" "Mozilla/5.0 (compatible; SeznamBot/3.2; +http://napoveda.seznam.cz/en/seznambot-intro/)"
207.46.13.58 - - [24/Jan/2018:13:15:17 -0800] "GET / HTTP/1.1" 200 15892 "-" "Mozilla/5.0 (compatible; bingbot/2.0; +http://www.bing.com/bingbot.htm)"
77.75.79.36 - - [24/Jan/2018:17:12:58 -0800] "GET /robots.txt HTTP/1.1" 404 208 "-" "Mozilla/5.0 (compatible; SeznamBot/3.2; +http://napoveda.seznam.cz/en/seznambot-intro/)"
77.75.79.36 - - [24/Jan/2018:17:13:00 -0800] "GET /img/autumn/thumbs/4.jpg HTTP/1.1" 304 - "-" "Mozilla/5.0 (compatible; SeznamBot/3.2; +http://napoveda.seznam.cz/en/seznambot-intro/)"
207.46.13.78 - - [25/Jan/2018:01:13:23 -0800] "GET / HTTP/1.1" 200 15892 "-" "Mozilla/5.0 (compatible; bingbot/2.0; +http://www.bing.com/bingbot.htm)"
93.158.161.62 - - [25/Jan/2018:05:28:30 -0800] "GET /robots.txt HTTP/1.1" 404 208 "-" "Mozilla/5.0 (compatible; YandexBot/3.0; +http://yandex.com/bots)"
93.158.161.62 - - [25/Jan/2018:05:28:34 -0800] "GET /favicon.ico HTTP/1.1" 404 209 "-" "Mozilla/5.0 (compatible; YandexBot/3.0; +http://yandex.com/bots)"
217.69.136.205 - - [25/Jan/2018:07:16:36 -0800] "GET /robots.txt HTTP/1.0" 404 208 "-" "Mozilla/5.0 (compatible; Linux x86_64; Mail.RU_Bot/2.0; +http://go.mail.ru/help/robots)"
217.69.136.210 - - [25/Jan/2018:07:16:41 -0800] "GET /img/wu-wei/1.jpg HTTP/1.1" 200 323401 "-" "Mozilla/5.0 (compatible; Linux x86_64; Mail.RU_Bot/2.0; +http://go.mail.ru/help/robots)"
217.69.136.206 - - [25/Jan/2018:10:24:40 -0800] "GET /robots.txt HTTP/1.0" 404 208 "-" "Mozilla/5.0 (compatible; Linux x86_64; Mail.RU_Bot/2.0; +http://go.mail.ru/help/robots)"
217.69.136.210 - - [25/Jan/2018:10:24:48 -0800] "GET /img/bs4w/1.jpg HTTP/1.1" 200 61424 "-" "Mozilla/5.0 (compatible; Linux x86_64; Mail.RU_Bot/2.0; +http://go.mail.ru/help/robots)"
157.55.39.20 - - [25/Jan/2018:13:31:23 -0800] "GET /robots.txt HTTP/1.1" 404 208 "-" "Mozilla/5.0 (compatible; bingbot/2.0; +http://www.bing.com/bingbot.htm)"
157.55.39.20 - - [25/Jan/2018:13:31:24 -0800] "GET /robots.txt HTTP/1.1" 404 208 "-" "Mozilla/5.0 (compatible; bingbot/2.0; +http://www.bing.com/bingbot.htm)"
207.46.13.78 - - [25/Jan/2018:13:31:39 -0800] "GET / HTTP/1.1" 200 15892 "-" "Mozilla/5.0 (compatible; bingbot/2.0; +http://www.bing.com/bingbot.htm)"
93.158.161.62 - - [25/Jan/2018:17:51:29 -0800] "GET /robots.txt HTTP/1.1" 404 208 "-" "Mozilla/5.0 (compatible; YandexBot/3.0; +http://yandex.com/bots)"
77.88.47.14 - - [25/Jan/2018:17:51:33 -0800] "GET / HTTP/1.1" 200 15892 "-" "Mozilla/5.0 (compatible; YandexBot/3.0; +http://yandex.com/bots)"
77.75.79.95 - - [25/Jan/2018:19:11:28 -0800] "GET /robots.txt HTTP/1.1" 404 208 "-" "Mozilla/5.0 (compatible; SeznamBot/3.2; +http://napoveda.seznam.cz/en/seznambot-intro/)"
77.75.79.95 - - [25/Jan/2018:19:11:31 -0800] "GET /img/sfnoir/5.jpg HTTP/1.1" 304 - "-" "Mozilla/5.0 (compatible; SeznamBot/3.2; +http://napoveda.seznam.cz/en/seznambot-intro/)"
77.75.76.167 - - [25/Jan/2018:20:14:05 -0800] "GET /robots.txt HTTP/1.1" 404 208 "-" "Mozilla/5.0 (compatible; SeznamBot/3.2; +http://napoveda.seznam.cz/en/seznambot-intro/)"
77.75.76.167 - - [25/Jan/2018:20:14:08 -0800] "GET /img/urban-cowgirl/6.jpg HTTP/1.1" 304 - "-" "Mozilla/5.0 (compatible; SeznamBot/3.2; +http://napoveda.seznam.cz/en/seznambot-intro/)"
66.249.66.19 - - [25/Jan/2018:20:19:27 -0800] "GET /robots.txt HTTP/1.1" 404 208 "-" "Mozilla/5.0 (compatible; Googlebot/2.1; +http://www.google.com/bot.html)"
66.249.66.19 - - [25/Jan/2018:20:19:27 -0800] "GET / HTTP/1.1" 200 15892 "-" "Mozilla/5.0 (Linux; Android 6.0.1; Nexus 5X Build/MMB29P) AppleWebKit/537.36 (KHTML, like Gecko) Chrome/41.0.2272.96 Mobile Safari/537.36 (compatible; Googlebot/2.1; +http://www.google.com/bot.html)"
217.69.136.208 - - [25/Jan/2018:21:24:28 -0800] "GET /robots.txt HTTP/1.0" 404 208 "-" "Mozilla/5.0 (compatible; Linux x86_64; Mail.RU_Bot/2.0; +http://go.mail.ru/help/robots)"
217.69.136.209 - - [25/Jan/2018:21:24:35 -0800] "GET /img/njn/1.jpg HTTP/1.1" 200 88793 "-" "Mozilla/5.0 (compatible; Linux x86_64; Mail.RU_Bot/2.0; +http://go.mail.ru/help/robots)"
