76.94.199.112 - - [17/Jun/2017:19:02:04 -0700] "GET /img/oncekids-fujimini/thumbs/3.jpg HTTP/1.1" 200 39586 "https://www.rndsquared.com/" "Mozilla/5.0 (iPad; CPU OS 10_3_2 like Mac OS X) AppleWebKit/603.2.4 (KHTML, like Gecko) Version/10.0 Mobile/14F89 Safari/602.1"
76.94.199.112 - - [17/Jun/2017:19:02:04 -0700] "GET /img/oncekids-fujimini/thumbs/4.jpg HTTP/1.1" 200 39689 "https://www.rndsquared.com/" "Mozilla/5.0 (iPad; CPU OS 10_3_2 like Mac OS X) AppleWebKit/603.2.4 (KHTML, like Gecko) Version/10.0 Mobile/14F89 Safari/602.1"
76.94.199.112 - - [17/Jun/2017:19:02:04 -0700] "GET /img/oncekids-fujimini/thumbs/5.jpg HTTP/1.1" 200 26202 "https://www.rndsquared.com/" "Mozilla/5.0 (iPad; CPU OS 10_3_2 like Mac OS X) AppleWebKit/603.2.4 (KHTML, like Gecko) Version/10.0 Mobile/14F89 Safari/602.1"
76.94.199.112 - - [17/Jun/2017:19:02:04 -0700] "GET /img/oncekids-fujimini/thumbs/6.jpg HTTP/1.1" 200 27603 "https://www.rndsquared.com/" "Mozilla/5.0 (iPad; CPU OS 10_3_2 like Mac OS X) AppleWebKit/603.2.4 (KHTML, like Gecko) Version/10.0 Mobile/14F89 Safari/602.1"
76.94.199.112 - - [17/Jun/2017:19:02:04 -0700] "GET /img/oncekids-fujimini/thumbs/8.jpg HTTP/1.1" 200 23299 "https://www.rndsquared.com/" "Mozilla/5.0 (iPad; CPU OS 10_3_2 like Mac OS X) AppleWebKit/603.2.4 (KHTML, like Gecko) Version/10.0 Mobile/14F89 Safari/602.1"
76.94.199.112 - - [17/Jun/2017:19:02:04 -0700] "GET /img/oncekids-fujimini/thumbs/7.jpg HTTP/1.1" 200 39450 "https://www.rndsquared.com/" "Mozilla/5.0 (iPad; CPU OS 10_3_2 like Mac OS X) AppleWebKit/603.2.4 (KHTML, like Gecko) Version/10.0 Mobile/14F89 Safari/602.1"
76.94.199.112 - - [17/Jun/2017:19:02:04 -0700] "GET /img/wu-wei/thumbs/3.jpg HTTP/1.1" 200 22711 "https://www.rndsquared.com/" "Mozilla/5.0 (iPad; CPU OS 10_3_2 like Mac OS X) AppleWebKit/603.2.4 (KHTML, like Gecko) Version/10.0 Mobile/14F89 Safari/602.1"
76.94.199.112 - - [17/Jun/2017:19:02:04 -0700] "GET /img/wu-wei/thumbs/2.jpg HTTP/1.1" 200 21193 "https://www.rndsquared.com/" "Mozilla/5.0 (iPad; CPU OS 10_3_2 like Mac OS X) AppleWebKit/603.2.4 (KHTML, like Gecko) Version/10.0 Mobile/14F89 Safari/602.1"
76.94.199.112 - - [17/Jun/2017:19:02:05 -0700] "GET /img/wu-wei/thumbs/4.jpg HTTP/1.1" 200 24258 "https://www.rndsquared.com/" "Mozilla/5.0 (iPad; CPU OS 10_3_2 like Mac OS X) AppleWebKit/603.2.4 (KHTML, like Gecko) Version/10.0 Mobile/14F89 Safari/602.1"
76.94.199.112 - - [17/Jun/2017:19:02:05 -0700] "GET /img/wu-wei/thumbs/5.jpg HTTP/1.1" 200 22671 "https://www.rndsquared.com/" "Mozilla/5.0 (iPad; CPU OS 10_3_2 like Mac OS X) AppleWebKit/603.2.4 (KHTML, like Gecko) Version/10.0 Mobile/14F89 Safari/602.1"
76.94.199.112 - - [17/Jun/2017:19:02:05 -0700] "GET /img/wu-wei/thumbs/6.jpg HTTP/1.1" 200 21768 "https://www.rndsquared.com/" "Mozilla/5.0 (iPad; CPU OS 10_3_2 like Mac OS X) AppleWebKit/603.2.4 (KHTML, like Gecko) Version/10.0 Mobile/14F89 Safari/602.1"
76.94.199.112 - - [17/Jun/2017:19:02:05 -0700] "GET /img/wu-wei/thumbs/7.jpg HTTP/1.1" 200 22901 "https://www.rndsquared.com/" "Mozilla/5.0 (iPad; CPU OS 10_3_2 like Mac OS X) AppleWebKit/603.2.4 (KHTML, like Gecko) Version/10.0 Mobile/14F89 Safari/602.1"
76.94.199.112 - - [17/Jun/2017:19:02:05 -0700] "GET /img/wu-wei/thumbs/8.jpg HTTP/1.1" 200 26727 "https://www.rndsquared.com/" "Mozilla/5.0 (iPad; CPU OS 10_3_2 like Mac OS X) AppleWebKit/603.2.4 (KHTML, like Gecko) Version/10.0 Mobile/14F89 Safari/602.1"
76.94.199.112 - - [17/Jun/2017:19:02:05 -0700] "GET /img/wu-wei/thumbs/9.jpg HTTP/1.1" 200 35525 "https://www.rndsquared.com/" "Mozilla/5.0 (iPad; CPU OS 10_3_2 like Mac OS X) AppleWebKit/603.2.4 (KHTML, like Gecko) Version/10.0 Mobile/14F89 Safari/602.1"
76.94.199.112 - - [17/Jun/2017:19:02:05 -0700] "GET /img/wu-wei/thumbs/10.jpg HTTP/1.1" 200 20185 "https://www.rndsquared.com/" "Mozilla/5.0 (iPad; CPU OS 10_3_2 like Mac OS X) AppleWebKit/603.2.4 (KHTML, like Gecko) Version/10.0 Mobile/14F89 Safari/602.1"
76.94.199.112 - - [17/Jun/2017:19:02:05 -0700] "GET /img/bs4w/thumbs/1.jpg HTTP/1.1" 200 14712 "https://www.rndsquared.com/" "Mozilla/5.0 (iPad; CPU OS 10_3_2 like Mac OS X) AppleWebKit/603.2.4 (KHTML, like Gecko) Version/10.0 Mobile/14F89 Safari/602.1"
76.94.199.112 - - [17/Jun/2017:19:02:05 -0700] "GET /img/bs4w/thumbs/4.jpg HTTP/1.1" 200 27608 "https://www.rndsquared.com/" "Mozilla/5.0 (iPad; CPU OS 10_3_2 like Mac OS X) AppleWebKit/603.2.4 (KHTML, like Gecko) Version/10.0 Mobile/14F89 Safari/602.1"
76.94.199.112 - - [17/Jun/2017:19:02:05 -0700] "GET /img/bs4w/thumbs/2.jpg HTTP/1.1" 200 31891 "https://www.rndsquared.com/" "Mozilla/5.0 (iPad; CPU OS 10_3_2 like Mac OS X) AppleWebKit/603.2.4 (KHTML, like Gecko) Version/10.0 Mobile/14F89 Safari/602.1"
76.94.199.112 - - [17/Jun/2017:19:02:05 -0700] "GET /img/bs4w/thumbs/5.jpg HTTP/1.1" 200 12034 "https://www.rndsquared.com/" "Mozilla/5.0 (iPad; CPU OS 10_3_2 like Mac OS X) AppleWebKit/603.2.4 (KHTML, like Gecko) Version/10.0 Mobile/14F89 Safari/602.1"
76.94.199.112 - - [17/Jun/2017:19:02:05 -0700] "GET /img/bs4w/thumbs/6.jpg HTTP/1.1" 200 12384 "https://www.rndsquared.com/" "Mozilla/5.0 (iPad; CPU OS 10_3_2 like Mac OS X) AppleWebKit/603.2.4 (KHTML, like Gecko) Version/10.0 Mobile/14F89 Safari/602.1"
76.94.199.112 - - [17/Jun/2017:19:02:05 -0700] "GET /img/bs4w/thumbs/8.jpg HTTP/1.1" 200 22657 "https://www.rndsquared.com/" "Mozilla/5.0 (iPad; CPU OS 10_3_2 like Mac OS X) AppleWebKit/603.2.4 (KHTML, like Gecko) Version/10.0 Mobile/14F89 Safari/602.1"
76.94.199.112 - - [17/Jun/2017:19:02:05 -0700] "GET /img/bs4w/thumbs/7.jpg HTTP/1.1" 200 23328 "https://www.rndsquared.com/" "Mozilla/5.0 (iPad; CPU OS 10_3_2 like Mac OS X) AppleWebKit/603.2.4 (KHTML, like Gecko) Version/10.0 Mobile/14F89 Safari/602.1"
76.94.199.112 - - [17/Jun/2017:19:02:05 -0700] "GET /img/sfnoir/thumbs/1.jpg HTTP/1.1" 200 25215 "https://www.rndsquared.com/" "Mozilla/5.0 (iPad; CPU OS 10_3_2 like Mac OS X) AppleWebKit/603.2.4 (KHTML, like Gecko) Version/10.0 Mobile/14F89 Safari/602.1"
76.94.199.112 - - [17/Jun/2017:19:02:05 -0700] "GET /img/sfnoir/thumbs/6.jpg HTTP/1.1" 200 31401 "https://www.rndsquared.com/" "Mozilla/5.0 (iPad; CPU OS 10_3_2 like Mac OS X) AppleWebKit/603.2.4 (KHTML, like Gecko) Version/10.0 Mobile/14F89 Safari/602.1"
76.94.199.112 - - [17/Jun/2017:19:02:05 -0700] "GET /img/sfnoir/thumbs/3.jpg HTTP/1.1" 200 22380 "https://www.rndsquared.com/" "Mozilla/5.0 (iPad; CPU OS 10_3_2 like Mac OS X) AppleWebKit/603.2.4 (KHTML, like Gecko) Version/10.0 Mobile/14F89 Safari/602.1"
76.94.199.112 - - [17/Jun/2017:19:02:05 -0700] "GET /img/sfnoir/thumbs/5.jpg HTTP/1.1" 200 18532 "https://www.rndsquared.com/" "Mozilla/5.0 (iPad; CPU OS 10_3_2 like Mac OS X) AppleWebKit/603.2.4 (KHTML, like Gecko) Version/10.0 Mobile/14F89 Safari/602.1"
76.94.199.112 - - [17/Jun/2017:19:02:05 -0700] "GET /img/sfnoir/thumbs/7.jpg HTTP/1.1" 200 33692 "https://www.rndsquared.com/" "Mozilla/5.0 (iPad; CPU OS 10_3_2 like Mac OS X) AppleWebKit/603.2.4 (KHTML, like Gecko) Version/10.0 Mobile/14F89 Safari/602.1"
76.94.199.112 - - [17/Jun/2017:19:02:05 -0700] "GET /img/sfnoir/thumbs/9.jpg HTTP/1.1" 200 20844 "https://www.rndsquared.com/" "Mozilla/5.0 (iPad; CPU OS 10_3_2 like Mac OS X) AppleWebKit/603.2.4 (KHTML, like Gecko) Version/10.0 Mobile/14F89 Safari/602.1"
76.94.199.112 - - [17/Jun/2017:19:02:05 -0700] "GET /img/sfnoir/thumbs/8.jpg HTTP/1.1" 200 32404 "https://www.rndsquared.com/" "Mozilla/5.0 (iPad; CPU OS 10_3_2 like Mac OS X) AppleWebKit/603.2.4 (KHTML, like Gecko) Version/10.0 Mobile/14F89 Safari/602.1"
76.94.199.112 - - [17/Jun/2017:19:02:05 -0700] "GET /img/njn/thumbs/2.jpg HTTP/1.1" 200 26672 "https://www.rndsquared.com/" "Mozilla/5.0 (iPad; CPU OS 10_3_2 like Mac OS X) AppleWebKit/603.2.4 (KHTML, like Gecko) Version/10.0 Mobile/14F89 Safari/602.1"
76.94.199.112 - - [17/Jun/2017:19:02:05 -0700] "GET /img/njn/thumbs/3.jpg HTTP/1.1" 200 33267 "https://www.rndsquared.com/" "Mozilla/5.0 (iPad; CPU OS 10_3_2 like Mac OS X) AppleWebKit/603.2.4 (KHTML, like Gecko) Version/10.0 Mobile/14F89 Safari/602.1"
76.94.199.112 - - [17/Jun/2017:19:02:05 -0700] "GET /img/njn/thumbs/6.jpg HTTP/1.1" 200 32048 "https://www.rndsquared.com/" "Mozilla/5.0 (iPad; CPU OS 10_3_2 like Mac OS X) AppleWebKit/603.2.4 (KHTML, like Gecko) Version/10.0 Mobile/14F89 Safari/602.1"
76.94.199.112 - - [17/Jun/2017:19:02:05 -0700] "GET /img/njn/thumbs/4.jpg HTTP/1.1" 200 32206 "https://www.rndsquared.com/" "Mozilla/5.0 (iPad; CPU OS 10_3_2 like Mac OS X) AppleWebKit/603.2.4 (KHTML, like Gecko) Version/10.0 Mobile/14F89 Safari/602.1"
76.94.199.112 - - [17/Jun/2017:19:02:05 -0700] "GET /img/njn/thumbs/5.jpg HTTP/1.1" 200 27963 "https://www.rndsquared.com/" "Mozilla/5.0 (iPad; CPU OS 10_3_2 like Mac OS X) AppleWebKit/603.2.4 (KHTML, like Gecko) Version/10.0 Mobile/14F89 Safari/602.1"
76.94.199.112 - - [17/Jun/2017:19:02:05 -0700] "GET /img/njn/thumbs/7.jpg HTTP/1.1" 200 28520 "https://www.rndsquared.com/" "Mozilla/5.0 (iPad; CPU OS 10_3_2 like Mac OS X) AppleWebKit/603.2.4 (KHTML, like Gecko) Version/10.0 Mobile/14F89 Safari/602.1"
76.94.199.112 - - [17/Jun/2017:19:02:05 -0700] "GET /img/njn/thumbs/8.jpg HTTP/1.1" 200 28396 "https://www.rndsquared.com/" "Mozilla/5.0 (iPad; CPU OS 10_3_2 like Mac OS X) AppleWebKit/603.2.4 (KHTML, like Gecko) Version/10.0 Mobile/14F89 Safari/602.1"
76.94.199.112 - - [17/Jun/2017:19:02:05 -0700] "GET /img/autumn/thumbs/3.jpg HTTP/1.1" 200 40589 "https://www.rndsquared.com/" "Mozilla/5.0 (iPad; CPU OS 10_3_2 like Mac OS X) AppleWebKit/603.2.4 (KHTML, like Gecko) Version/10.0 Mobile/14F89 Safari/602.1"
76.94.199.112 - - [17/Jun/2017:19:02:05 -0700] "GET /img/autumn/thumbs/2.jpg HTTP/1.1" 200 45196 "https://www.rndsquared.com/" "Mozilla/5.0 (iPad; CPU OS 10_3_2 like Mac OS X) AppleWebKit/603.2.4 (KHTML, like Gecko) Version/10.0 Mobile/14F89 Safari/602.1"
76.94.199.112 - - [17/Jun/2017:19:02:05 -0700] "GET /img/autumn/thumbs/4.jpg HTTP/1.1" 200 20880 "https://www.rndsquared.com/" "Mozilla/5.0 (iPad; CPU OS 10_3_2 like Mac OS X) AppleWebKit/603.2.4 (KHTML, like Gecko) Version/10.0 Mobile/14F89 Safari/602.1"
76.94.199.112 - - [17/Jun/2017:19:02:05 -0700] "GET /img/autumn/thumbs/5.jpg HTTP/1.1" 200 29246 "https://www.rndsquared.com/" "Mozilla/5.0 (iPad; CPU OS 10_3_2 like Mac OS X) AppleWebKit/603.2.4 (KHTML, like Gecko) Version/10.0 Mobile/14F89 Safari/602.1"
76.94.199.112 - - [17/Jun/2017:19:02:05 -0700] "GET /img/autumn/thumbs/6.jpg HTTP/1.1" 200 30923 "https://www.rndsquared.com/" "Mozilla/5.0 (iPad; CPU OS 10_3_2 like Mac OS X) AppleWebKit/603.2.4 (KHTML, like Gecko) Version/10.0 Mobile/14F89 Safari/602.1"
76.94.199.112 - - [17/Jun/2017:19:02:05 -0700] "GET /img/autumn/thumbs/7.jpg HTTP/1.1" 200 25117 "https://www.rndsquared.com/" "Mozilla/5.0 (iPad; CPU OS 10_3_2 like Mac OS X) AppleWebKit/603.2.4 (KHTML, like Gecko) Version/10.0 Mobile/14F89 Safari/602.1"
76.94.199.112 - - [17/Jun/2017:19:02:06 -0700] "GET /img/autumn/thumbs/8.jpg HTTP/1.1" 200 20283 "https://www.rndsquared.com/" "Mozilla/5.0 (iPad; CPU OS 10_3_2 like Mac OS X) AppleWebKit/603.2.4 (KHTML, like Gecko) Version/10.0 Mobile/14F89 Safari/602.1"
76.94.199.112 - - [17/Jun/2017:19:02:06 -0700] "GET /css/images/close.png HTTP/1.1" 200 280 "https://www.rndsquared.com/" "Mozilla/5.0 (iPad; CPU OS 10_3_2 like Mac OS X) AppleWebKit/603.2.4 (KHTML, like Gecko) Version/10.0 Mobile/14F89 Safari/602.1"
76.94.199.112 - - [17/Jun/2017:19:02:06 -0700] "GET /css/images/prev.png HTTP/1.1" 200 1360 "https://www.rndsquared.com/" "Mozilla/5.0 (iPad; CPU OS 10_3_2 like Mac OS X) AppleWebKit/603.2.4 (KHTML, like Gecko) Version/10.0 Mobile/14F89 Safari/602.1"
76.94.199.112 - - [17/Jun/2017:19:02:06 -0700] "GET /css/images/loading.gif HTTP/1.1" 200 8476 "https://www.rndsquared.com/" "Mozilla/5.0 (iPad; CPU OS 10_3_2 like Mac OS X) AppleWebKit/603.2.4 (KHTML, like Gecko) Version/10.0 Mobile/14F89 Safari/602.1"
76.94.199.112 - - [17/Jun/2017:19:02:06 -0700] "GET /css/images/next.png HTTP/1.1" 200 1350 "https://www.rndsquared.com/" "Mozilla/5.0 (iPad; CPU OS 10_3_2 like Mac OS X) AppleWebKit/603.2.4 (KHTML, like Gecko) Version/10.0 Mobile/14F89 Safari/602.1"
76.94.199.112 - - [17/Jun/2017:19:02:06 -0700] "GET /img/logo.png HTTP/1.1" 200 13123 "https://www.rndsquared.com/" "Mozilla/5.0 (iPad; CPU OS 10_3_2 like Mac OS X) AppleWebKit/603.2.4 (KHTML, like Gecko) Version/10.0 Mobile/14F89 Safari/602.1"
76.94.199.112 - - [17/Jun/2017:19:02:06 -0700] "GET /img/marble.jpg HTTP/1.1" 200 292701 "https://www.rndsquared.com/" "Mozilla/5.0 (iPad; CPU OS 10_3_2 like Mac OS X) AppleWebKit/603.2.4 (KHTML, like Gecko) Version/10.0 Mobile/14F89 Safari/602.1"
76.94.199.112 - - [17/Jun/2017:19:02:24 -0700] "GET /img/autumn/2.jpg HTTP/1.1" 200 292159 "https://www.rndsquared.com/" "Mozilla/5.0 (iPad; CPU OS 10_3_2 like Mac OS X) AppleWebKit/603.2.4 (KHTML, like Gecko) Version/10.0 Mobile/14F89 Safari/602.1"
76.94.199.112 - - [17/Jun/2017:19:02:25 -0700] "GET /img/autumn/3.jpg HTTP/1.1" 200 506599 "https://www.rndsquared.com/" "Mozilla/5.0 (iPad; CPU OS 10_3_2 like Mac OS X) AppleWebKit/603.2.4 (KHTML, like Gecko) Version/10.0 Mobile/14F89 Safari/602.1"
76.94.199.112 - - [17/Jun/2017:19:02:25 -0700] "GET /img/autumn/1.jpg HTTP/1.1" 200 290161 "https://www.rndsquared.com/" "Mozilla/5.0 (iPad; CPU OS 10_3_2 like Mac OS X) AppleWebKit/603.2.4 (KHTML, like Gecko) Version/10.0 Mobile/14F89 Safari/602.1"
76.94.199.112 - - [17/Jun/2017:19:05:20 -0700] "GET / HTTP/1.1" 200 15892 "-" "Mozilla/5.0 (iPad; CPU OS 10_3_2 like Mac OS X) AppleWebKit/603.2.4 (KHTML, like Gecko) Version/10.0 Mobile/14F89 Safari/602.1"
76.94.199.112 - - [17/Jun/2017:19:05:25 -0700] "GET /img/autumn/4.jpg HTTP/1.1" 200 166546 "https://www.rndsquared.com/" "Mozilla/5.0 (iPad; CPU OS 10_3_2 like Mac OS X) AppleWebKit/603.2.4 (KHTML, like Gecko) Version/10.0 Mobile/14F89 Safari/602.1"
76.94.199.112 - - [17/Jun/2017:19:07:12 -0700] "GET /img/autumn/7.jpg HTTP/1.1" 200 236722 "https://www.rndsquared.com/" "Mozilla/5.0 (iPad; CPU OS 10_3_2 like Mac OS X) AppleWebKit/603.2.4 (KHTML, like Gecko) Version/10.0 Mobile/14F89 Safari/602.1"
76.94.199.112 - - [17/Jun/2017:19:07:13 -0700] "GET /img/autumn/8.jpg HTTP/1.1" 200 100218 "https://www.rndsquared.com/" "Mozilla/5.0 (iPad; CPU OS 10_3_2 like Mac OS X) AppleWebKit/603.2.4 (KHTML, like Gecko) Version/10.0 Mobile/14F89 Safari/602.1"
76.94.199.112 - - [17/Jun/2017:19:07:13 -0700] "GET /img/autumn/6.jpg HTTP/1.1" 200 149484 "https://www.rndsquared.com/" "Mozilla/5.0 (iPad; CPU OS 10_3_2 like Mac OS X) AppleWebKit/603.2.4 (KHTML, like Gecko) Version/10.0 Mobile/14F89 Safari/602.1"
76.94.199.112 - - [17/Jun/2017:19:07:30 -0700] "GET /img/autumn/5.jpg HTTP/1.1" 200 180877 "https://www.rndsquared.com/" "Mozilla/5.0 (iPad; CPU OS 10_3_2 like Mac OS X) AppleWebKit/603.2.4 (KHTML, like Gecko) Version/10.0 Mobile/14F89 Safari/602.1"
66.249.79.158 - - [17/Jun/2017:19:57:12 -0700] "GET / HTTP/1.1" 200 15892 "-" "Mozilla/5.0 (Linux; Android 6.0.1; Nexus 5X Build/MMB29P) AppleWebKit/537.36 (KHTML, like Gecko) Chrome/41.0.2272.96 Mobile Safari/537.36 (compatible; Googlebot/2.1; +http://www.google.com/bot.html)"
66.249.79.159 - - [17/Jun/2017:19:57:16 -0700] "GET /css/lightbox.css HTTP/1.1" 200 1003 "https://www.rndsquared.com/" "Mozilla/5.0 (compatible; Googlebot/2.1; +http://www.google.com/bot.html)"
66.249.79.159 - - [17/Jun/2017:19:57:17 -0700] "GET /css/bootstrap.min.css HTTP/1.1" 200 11249 "https://www.rndsquared.com/" "Mozilla/5.0 (compatible; Googlebot/2.1; +http://www.google.com/bot.html)"
66.249.79.158 - - [17/Jun/2017:19:57:17 -0700] "GET /css/styles.css HTTP/1.1" 200 1975 "https://www.rndsquared.com/" "Mozilla/5.0 (compatible; Googlebot/2.1; +http://www.google.com/bot.html)"
162.210.196.97 - - [17/Jun/2017:20:48:56 -0700] "GET /robots.txt HTTP/1.1" 404 208 "-" "Mozilla/5.0 (compatible; MJ12bot/v1.4.8; http://mj12bot.com/)"
162.210.196.97 - - [17/Jun/2017:20:49:00 -0700] "GET / HTTP/1.1" 200 72657 "-" "Mozilla/5.0 (compatible; MJ12bot/v1.4.8; http://mj12bot.com/)"
5.255.250.47 - - [18/Jun/2017:00:46:18 -0700] "GET /robots.txt HTTP/1.1" 404 208 "-" "Mozilla/5.0 (compatible; YandexBot/3.0; +http://yandex.com/bots)"
84.201.133.27 - - [18/Jun/2017:00:46:22 -0700] "GET / HTTP/1.1" 200 15892 "-" "Mozilla/5.0 (compatible; YandexBot/3.0; +http://yandex.com/bots)"
74.85.214.185 - - [18/Jun/2017:00:54:46 -0700] "GET / HTTP/1.1" 200 72657 "-" "=Mozilla/5.0 (Windows; U; Windows NT 6.1; en-US) AppleWebKit/534.16 (KHTML, like Gecko) Chrome/10.0.648.204 Safari/534.16"
76.169.185.237 - - [18/Jun/2017:02:12:26 -0700] "GET /img/mixman/6.jpg HTTP/1.1" 200 105501 "https://www.google.com/" "Mozilla/5.0 (iPhone; CPU iPhone OS 10_3_2 like Mac OS X) AppleWebKit/603.1.30 (KHTML, like Gecko) CriOS/59.0.3071.102 Mobile/14F89 Safari/602.1"
76.169.185.237 - - [18/Jun/2017:02:12:56 -0700] "GET /img/mixman/6.jpg HTTP/1.1" 200 105501 "https://www.google.com/" "Mozilla/5.0 (iPhone; CPU iPhone OS 10_3_2 like Mac OS X) AppleWebKit/603.1.30 (KHTML, like Gecko) CriOS/59.0.3071.102 Mobile/14F89 Safari/602.1"
66.249.79.159 - - [18/Jun/2017:07:09:41 -0700] "GET /robots.txt HTTP/1.1" 404 208 "-" "Mozilla/5.0 (compatible; Googlebot/2.1; +http://www.google.com/bot.html)"
66.249.79.159 - - [18/Jun/2017:07:09:41 -0700] "GET / HTTP/1.1" 200 15892 "-" "Mozilla/5.0 (Linux; Android 6.0.1; Nexus 5X Build/MMB29P) AppleWebKit/537.36 (KHTML, like Gecko) Chrome/41.0.2272.96 Mobile Safari/537.36 (compatible; Googlebot/2.1; +http://www.google.com/bot.html)"
66.249.75.209 - - [18/Jun/2017:08:57:04 -0700] "GET /img/sfnoir/thumbs/6.jpg HTTP/1.1" 304 - "-" "Googlebot-Image/1.0"
66.249.75.209 - - [18/Jun/2017:09:17:39 -0700] "GET /img/mixman/17.jpg HTTP/1.1" 304 - "-" "Googlebot-Image/1.0"
66.249.75.211 - - [18/Jun/2017:09:40:09 -0700] "GET /img/urban-cowgirl/thumbs/2.jpg HTTP/1.1" 304 - "-" "Googlebot-Image/1.0"
66.249.75.213 - - [18/Jun/2017:09:52:32 -0700] "GET / HTTP/1.1" 200 15892 "-" "Mozilla/5.0 (compatible; Googlebot/2.1; +http://www.google.com/bot.html)"
66.249.75.211 - - [18/Jun/2017:10:02:52 -0700] "GET /img/sfnoir/thumbs/8.jpg HTTP/1.1" 304 - "-" "Googlebot-Image/1.0"
66.249.75.211 - - [18/Jun/2017:10:25:21 -0700] "GET /img/mixman/15.jpg HTTP/1.1" 304 - "-" "Googlebot-Image/1.0"
66.249.75.211 - - [18/Jun/2017:10:48:06 -0700] "GET /img/mixman/thumbs/1.jpg HTTP/1.1" 304 - "-" "Googlebot-Image/1.0"
66.249.75.211 - - [18/Jun/2017:11:10:33 -0700] "GET /img/mixman/thumbs/3.jpg HTTP/1.1" 304 - "-" "Googlebot-Image/1.0"
66.249.75.211 - - [18/Jun/2017:11:33:21 -0700] "GET /img/oncekids-fujimini/5.jpg HTTP/1.1" 304 - "-" "Googlebot-Image/1.0"
77.75.79.11 - - [18/Jun/2017:11:49:04 -0700] "GET /robots.txt HTTP/1.1" 404 208 "-" "Mozilla/5.0 (compatible; SeznamBot/3.2; +http://napoveda.seznam.cz/en/seznambot-intro/)"
77.75.79.11 - - [18/Jun/2017:11:49:07 -0700] "GET /img/oncekids-fujimini/7.jpg HTTP/1.1" 304 - "-" "Mozilla/5.0 (compatible; SeznamBot/3.2; +http://napoveda.seznam.cz/en/seznambot-intro/)"
66.249.75.209 - - [18/Jun/2017:11:55:45 -0700] "GET /img/sfnoir/thumbs/7.jpg HTTP/1.1" 304 - "-" "Googlebot-Image/1.0"
66.249.75.211 - - [18/Jun/2017:12:16:11 -0700] "GET / HTTP/1.1" 200 15892 "-" "Mozilla/5.0 (Linux; Android 6.0.1; Nexus 5X Build/MMB29P) AppleWebKit/537.36 (KHTML, like Gecko) Chrome/41.0.2272.96 Mobile Safari/537.36 (compatible; Googlebot/2.1; +http://www.google.com/bot.html)"
66.249.75.209 - - [18/Jun/2017:12:18:34 -0700] "GET /img/mixman/5.jpg HTTP/1.1" 304 - "-" "Googlebot-Image/1.0"
66.249.75.213 - - [18/Jun/2017:12:40:56 -0700] "GET /img/oncekids-fujimini/thumbs/6.jpg HTTP/1.1" 304 - "-" "Googlebot-Image/1.0"
66.249.75.209 - - [18/Jun/2017:13:03:47 -0700] "GET /img/mixman/thumbs/13.jpg HTTP/1.1" 304 - "-" "Googlebot-Image/1.0"
66.249.75.209 - - [18/Jun/2017:13:26:10 -0700] "GET /img/mixman/18.jpg HTTP/1.1" 304 - "-" "Googlebot-Image/1.0"
66.249.75.213 - - [18/Jun/2017:13:49:04 -0700] "GET /img/mixman/thumbs/6.jpg HTTP/1.1" 304 - "-" "Googlebot-Image/1.0"
77.75.76.164 - - [18/Jun/2017:13:50:51 -0700] "GET /robots.txt HTTP/1.1" 404 208 "-" "Mozilla/5.0 (compatible; SeznamBot/3.2; +http://napoveda.seznam.cz/en/seznambot-intro/)"
77.75.76.164 - - [18/Jun/2017:13:50:54 -0700] "GET /img/njn/1.jpg HTTP/1.1" 304 - "-" "Mozilla/5.0 (compatible; SeznamBot/3.2; +http://napoveda.seznam.cz/en/seznambot-intro/)"
66.249.75.211 - - [18/Jun/2017:14:11:22 -0700] "GET /img/bs4w/thumbs/8.jpg HTTP/1.1" 304 - "-" "Googlebot-Image/1.0"
66.249.75.213 - - [18/Jun/2017:14:34:06 -0700] "GET /img/wu-wei/thumbs/4.jpg HTTP/1.1" 304 - "-" "Googlebot-Image/1.0"
66.249.75.209 - - [18/Jun/2017:14:56:40 -0700] "GET /img/mixman/11.jpg HTTP/1.1" 304 - "-" "Googlebot-Image/1.0"
66.249.75.211 - - [18/Jun/2017:15:19:20 -0700] "GET /img/bs4w/thumbs/1.jpg HTTP/1.1" 304 - "-" "Googlebot-Image/1.0"
180.76.15.23 - - [18/Jun/2017:15:21:48 -0700] "GET / HTTP/1.1" 304 - "-" "Mozilla/5.0 (compatible; Baiduspider/2.0; +http://www.baidu.com/search/spider.html)"
66.249.75.211 - - [18/Jun/2017:15:42:02 -0700] "GET /img/mixman/16.jpg HTTP/1.1" 304 - "-" "Googlebot-Image/1.0"
138.197.69.240 - - [18/Jun/2017:16:04:47 -0700] "GET / HTTP/1.1" 200 15892 "http://rndsquared.com/" "Mozilla/5.0 (Windows NT 6.1; WOW64) AppleWebKit/537.36 (KHTML, like Gecko) Chrome/34.0.1847.131 Safari/537.36"
66.249.75.211 - - [18/Jun/2017:16:04:50 -0700] "GET /img/oncekids-fujimini/thumbs/2.jpg HTTP/1.1" 304 - "-" "Googlebot-Image/1.0"
66.249.75.211 - - [18/Jun/2017:16:04:51 -0700] "GET / HTTP/1.1" 200 15892 "-" "Mozilla/5.0 (compatible; Googlebot/2.1; +http://www.google.com/bot.html)"
123.125.67.164 - - [18/Jun/2017:16:14:59 -0700] "GET /robots.txt HTTP/1.1" 404 208 "-" "Mozilla/5.0 (Windows NT 10.0; WOW64) AppleWebKit/537.36 (KHTML, like Gecko) Chrome/45.0.2454.93 Safari/537.36"
220.181.108.163 - - [18/Jun/2017:16:15:51 -0700] "GET / HTTP/1.1" 200 72657 "-" "Mozilla/5.0 (compatible; Baiduspider/2.0; +http://www.baidu.com/search/spider.html)"
66.249.75.209 - - [18/Jun/2017:16:37:48 -0700] "GET /robots.txt HTTP/1.1" 404 208 "-" "Mozilla/5.0 (compatible; Googlebot/2.1; +http://www.google.com/bot.html)"
66.249.75.211 - - [18/Jun/2017:16:37:49 -0700] "GET /img/logo.png HTTP/1.1" 200 13123 "-" "Googlebot-Image/1.0"
66.249.75.211 - - [18/Jun/2017:16:45:22 -0700] "GET / HTTP/1.1" 200 15892 "-" "Mozilla/5.0 (Linux; Android 6.0.1; Nexus 5X Build/MMB29P) AppleWebKit/537.36 (KHTML, like Gecko) Chrome/41.0.2272.96 Mobile Safari/537.36 (compatible; Googlebot/2.1; +http://www.google.com/bot.html)"
66.249.75.209 - - [18/Jun/2017:16:59:35 -0700] "GET /img/oncekids-fujimini/1.jpg HTTP/1.1" 304 - "-" "Googlebot-Image/1.0"
77.75.79.32 - - [18/Jun/2017:17:21:30 -0700] "GET /robots.txt HTTP/1.1" 404 208 "-" "Mozilla/5.0 (compatible; SeznamBot/3.2; +http://napoveda.seznam.cz/en/seznambot-intro/)"
77.75.79.32 - - [18/Jun/2017:17:21:33 -0700] "GET /img/oncekids-fujimini/5.jpg HTTP/1.1" 304 - "-" "Mozilla/5.0 (compatible; SeznamBot/3.2; +http://napoveda.seznam.cz/en/seznambot-intro/)"
66.249.75.213 - - [18/Jun/2017:17:21:37 -0700] "GET /img/mixman/thumbs/19.jpg HTTP/1.1" 304 - "-" "Googlebot-Image/1.0"
66.249.75.213 - - [18/Jun/2017:17:43:40 -0700] "GET /img/wu-wei/thumbs/6.jpg HTTP/1.1" 304 - "-" "Googlebot-Image/1.0"
66.249.75.213 - - [18/Jun/2017:18:05:26 -0700] "GET /img/mixman/13.jpg HTTP/1.1" 304 - "-" "Googlebot-Image/1.0"
66.249.75.213 - - [18/Jun/2017:18:27:29 -0700] "GET /img/oncekids-fujimini/thumbs/8.jpg HTTP/1.1" 304 - "-" "Googlebot-Image/1.0"
66.249.75.213 - - [18/Jun/2017:18:49:14 -0700] "GET /img/wu-wei/thumbs/5.jpg HTTP/1.1" 304 - "-" "Googlebot-Image/1.0"
77.75.77.119 - - [18/Jun/2017:18:52:19 -0700] "GET /robots.txt HTTP/1.1" 404 208 "-" "Mozilla/5.0 (compatible; SeznamBot/3.2; +http://napoveda.seznam.cz/en/seznambot-intro/)"
77.75.77.119 - - [18/Jun/2017:18:52:22 -0700] "GET /img/urban-cowgirl/thumbs/4.jpg HTTP/1.1" 304 - "-" "Mozilla/5.0 (compatible; SeznamBot/3.2; +http://napoveda.seznam.cz/en/seznambot-intro/)"
66.249.75.209 - - [18/Jun/2017:19:11:18 -0700] "GET /img/mixman/10.jpg HTTP/1.1" 304 - "-" "Googlebot-Image/1.0"
66.249.75.211 - - [18/Jun/2017:19:11:18 -0700] "GET /robots.txt HTTP/1.1" 404 208 "-" "Mozilla/5.0 (compatible; Googlebot/2.1; +http://www.google.com/bot.html)"
66.249.75.213 - - [18/Jun/2017:19:33:23 -0700] "GET /img/urban-cowgirl/thumbs/6.jpg HTTP/1.1" 304 - "-" "Googlebot-Image/1.0"
66.249.75.209 - - [18/Jun/2017:19:55:05 -0700] "GET /img/oncekids-fujimini/3.jpg HTTP/1.1" 304 - "-" "Googlebot-Image/1.0"
66.249.75.213 - - [18/Jun/2017:20:17:11 -0700] "GET /img/bs4w/thumbs/6.jpg HTTP/1.1" 304 - "-" "Googlebot-Image/1.0"
66.249.75.209 - - [18/Jun/2017:20:39:10 -0700] "GET /img/sfnoir/thumbs/5.jpg HTTP/1.1" 304 - "-" "Googlebot-Image/1.0"
66.249.75.209 - - [18/Jun/2017:21:00:58 -0700] "GET /img/njn/thumbs/2.jpg HTTP/1.1" 304 - "-" "Googlebot-Image/1.0"
66.249.75.209 - - [18/Jun/2017:21:23:08 -0700] "GET /img/oncekids-fujimini/thumbs/1.jpg HTTP/1.1" 304 - "-" "Googlebot-Image/1.0"
77.75.76.172 - - [18/Jun/2017:21:28:05 -0700] "GET /robots.txt HTTP/1.1" 404 208 "-" "Mozilla/5.0 (compatible; SeznamBot/3.2; +http://napoveda.seznam.cz/en/seznambot-intro/)"
77.75.76.172 - - [18/Jun/2017:21:28:44 -0700] "GET /img/mixman/thumbs/15.jpg HTTP/1.1" 304 - "-" "Mozilla/5.0 (compatible; SeznamBot/3.2; +http://napoveda.seznam.cz/en/seznambot-intro/)"
66.249.75.211 - - [18/Jun/2017:21:44:52 -0700] "GET /img/urban-cowgirl/6.jpg HTTP/1.1" 304 - "-" "Googlebot-Image/1.0"
66.249.75.211 - - [18/Jun/2017:22:06:51 -0700] "GET /img/oncekids-fujimini/2.jpg HTTP/1.1" 304 - "-" "Googlebot-Image/1.0"
66.249.75.213 - - [18/Jun/2017:22:29:13 -0700] "GET /img/njn/thumbs/6.jpg HTTP/1.1" 304 - "-" "Googlebot-Image/1.0"
163.172.4.153 - - [18/Jun/2017:22:51:08 -0700] "GET / HTTP/1.1" 200 15892 "https://www.rndsquared.com/" "Mozilla/5.0 (Windows NT 6.1; WOW64; rv:45.0) Gecko/20100101 Firefox/45.0"
188.165.26.121 - - [18/Jun/2017:22:55:16 -0700] "GET / HTTP/1.1" 200 15892 "https://google.com/" "Mozilla/5.0 (X11; Ubuntu; Linux x86_64; rv:26.0) Gecko/20100101 Firefox/26.0"
77.75.76.164 - - [18/Jun/2017:23:06:09 -0700] "GET /robots.txt HTTP/1.1" 404 208 "-" "Mozilla/5.0 (compatible; SeznamBot/3.2; +http://napoveda.seznam.cz/en/seznambot-intro/)"
77.75.76.164 - - [18/Jun/2017:23:06:12 -0700] "GET /img/mixman/thumbs/10.jpg HTTP/1.1" 304 - "-" "Mozilla/5.0 (compatible; SeznamBot/3.2; +http://napoveda.seznam.cz/en/seznambot-intro/)"
66.249.75.211 - - [18/Jun/2017:23:12:44 -0700] "GET /img/autumn/thumbs/6.jpg HTTP/1.1" 304 - "-" "Googlebot-Image/1.0"
66.249.75.213 - - [18/Jun/2017:23:56:50 -0700] "GET /img/njn/thumbs/3.jpg HTTP/1.1" 304 - "-" "Googlebot-Image/1.0"
77.75.79.54 - - [19/Jun/2017:00:01:56 -0700] "GET /robots.txt HTTP/1.1" 404 208 "-" "Mozilla/5.0 (compatible; SeznamBot/3.2; +http://napoveda.seznam.cz/en/seznambot-intro/)"
77.75.79.54 - - [19/Jun/2017:00:01:59 -0700] "GET /img/mixman/thumbs/1.jpg HTTP/1.1" 304 - "-" "Mozilla/5.0 (compatible; SeznamBot/3.2; +http://napoveda.seznam.cz/en/seznambot-intro/)"
66.249.75.209 - - [19/Jun/2017:00:19:13 -0700] "GET /img/oncekids-fujimini/4.jpg HTTP/1.1" 304 - "-" "Googlebot-Image/1.0"
66.249.75.213 - - [19/Jun/2017:00:40:20 -0700] "GET /img/mixman/thumbs/13.jpg HTTP/1.1" 304 - "-" "Googlebot-Image/1.0"
66.249.75.209 - - [19/Jun/2017:00:40:27 -0700] "GET /img/mixman/thumbs/16.jpg HTTP/1.1" 304 - "-" "Googlebot-Image/1.0"
66.249.75.209 - - [19/Jun/2017:00:40:44 -0700] "GET /img/mixman/thumbs/10.jpg HTTP/1.1" 304 - "-" "Googlebot-Image/1.0"
66.249.75.211 - - [19/Jun/2017:00:58:04 -0700] "GET /img/mixman/thumbs/11.jpg HTTP/1.1" 304 - "-" "Googlebot-Image/1.0"
66.249.75.211 - - [19/Jun/2017:01:23:33 -0700] "GET /img/autumn/thumbs/5.jpg HTTP/1.1" 304 - "-" "Googlebot-Image/1.0"
66.249.75.211 - - [19/Jun/2017:01:48:55 -0700] "GET /img/mixman/3.jpg HTTP/1.1" 304 - "-" "Googlebot-Image/1.0"
77.75.76.168 - - [19/Jun/2017:02:01:55 -0700] "GET /img/wu-wei/6.jpg HTTP/1.1" 304 - "-" "Mozilla/5.0 (compatible; SeznamBot/3.2; +http://napoveda.seznam.cz/en/seznambot-intro/)"
66.249.75.211 - - [19/Jun/2017:02:14:16 -0700] "GET /img/wu-wei/thumbs/1.jpg HTTP/1.1" 304 - "-" "Googlebot-Image/1.0"
66.249.75.211 - - [19/Jun/2017:02:40:56 -0700] "GET /img/bs4w/thumbs/2.jpg HTTP/1.1" 304 - "-" "Googlebot-Image/1.0"
77.75.78.169 - - [19/Jun/2017:03:03:14 -0700] "GET /robots.txt HTTP/1.1" 404 208 "-" "Mozilla/5.0 (compatible; SeznamBot/3.2; +http://napoveda.seznam.cz/en/seznambot-intro/)"
77.75.78.169 - - [19/Jun/2017:03:03:17 -0700] "GET /img/wu-wei/thumbs/2.jpg HTTP/1.1" 304 - "-" "Mozilla/5.0 (compatible; SeznamBot/3.2; +http://napoveda.seznam.cz/en/seznambot-intro/)"
66.249.75.209 - - [19/Jun/2017:03:04:37 -0700] "GET /img/mixman/thumbs/2.jpg HTTP/1.1" 304 - "-" "Googlebot-Image/1.0"
66.249.75.211 - - [19/Jun/2017:03:30:00 -0700] "GET /img/mixman/19.jpg HTTP/1.1" 304 - "-" "Googlebot-Image/1.0"
46.165.197.141 - - [19/Jun/2017:03:34:40 -0700] "GET /robots.txt HTTP/1.1" 404 208 "-" "Mozilla/5.0 (compatible; MJ12bot/v1.4.8; http://mj12bot.com/)"
46.165.197.141 - - [19/Jun/2017:03:34:45 -0700] "GET / HTTP/1.1" 200 72657 "-" "Mozilla/5.0 (compatible; MJ12bot/v1.4.8; http://mj12bot.com/)"
66.249.75.211 - - [19/Jun/2017:03:55:23 -0700] "GET /img/mixman/thumbs/4.jpg HTTP/1.1" 304 - "-" "Googlebot-Image/1.0"
66.249.75.209 - - [19/Jun/2017:04:20:45 -0700] "GET /img/mixman/thumbs/17.jpg HTTP/1.1" 304 - "-" "Googlebot-Image/1.0"
77.75.76.162 - - [19/Jun/2017:04:31:27 -0700] "GET /robots.txt HTTP/1.1" 404 208 "-" "Mozilla/5.0 (compatible; SeznamBot/3.2; +http://napoveda.seznam.cz/en/seznambot-intro/)"
77.75.76.162 - - [19/Jun/2017:04:31:30 -0700] "GET /img/wu-wei/7.jpg HTTP/1.1" 304 - "-" "Mozilla/5.0 (compatible; SeznamBot/3.2; +http://napoveda.seznam.cz/en/seznambot-intro/)"
66.249.75.209 - - [19/Jun/2017:04:46:07 -0700] "GET /img/oncekids-fujimini/thumbs/4.jpg HTTP/1.1" 304 - "-" "Googlebot-Image/1.0"
66.249.75.209 - - [19/Jun/2017:05:11:31 -0700] "GET /img/mixman/4.jpg HTTP/1.1" 304 - "-" "Googlebot-Image/1.0"
66.249.75.213 - - [19/Jun/2017:05:12:42 -0700] "GET /robots.txt HTTP/1.1" 404 208 "-" "Mozilla/5.0 (compatible; Googlebot/2.1; +http://www.google.com/bot.html)"
66.249.75.209 - - [19/Jun/2017:05:36:55 -0700] "GET /img/mixman/6.jpg HTTP/1.1" 304 - "-" "Googlebot-Image/1.0"
77.75.76.167 - - [19/Jun/2017:05:53:28 -0700] "GET /robots.txt HTTP/1.1" 404 208 "-" "Mozilla/5.0 (compatible; SeznamBot/3.2; +http://napoveda.seznam.cz/en/seznambot-intro/)"
77.75.76.167 - - [19/Jun/2017:05:53:31 -0700] "GET /img/wu-wei/thumbs/9.jpg HTTP/1.1" 304 - "-" "Mozilla/5.0 (compatible; SeznamBot/3.2; +http://napoveda.seznam.cz/en/seznambot-intro/)"
66.249.75.213 - - [19/Jun/2017:06:02:20 -0700] "GET /img/mixman/thumbs/9.jpg HTTP/1.1" 304 - "-" "Googlebot-Image/1.0"
66.249.79.158 - - [19/Jun/2017:06:27:46 -0700] "GET /img/mixman/1.jpg HTTP/1.1" 304 - "-" "Googlebot-Image/1.0"
66.249.79.159 - - [19/Jun/2017:06:52:46 -0700] "GET /img/mixman/2.jpg HTTP/1.1" 304 - "-" "Googlebot-Image/1.0"
66.249.79.159 - - [19/Jun/2017:07:17:48 -0700] "GET /img/sfnoir/thumbs/2.jpg HTTP/1.1" 304 - "-" "Googlebot-Image/1.0"
66.249.79.159 - - [19/Jun/2017:07:17:48 -0700] "GET /robots.txt HTTP/1.1" 404 208 "-" "Mozilla/5.0 (compatible; Googlebot/2.1; +http://www.google.com/bot.html)"
66.249.79.159 - - [19/Jun/2017:07:43:25 -0700] "GET /img/mixman/7.jpg HTTP/1.1" 304 - "-" "Googlebot-Image/1.0"
66.249.79.158 - - [19/Jun/2017:08:08:44 -0700] "GET /img/urban-cowgirl/4.jpg HTTP/1.1" 304 - "-" "Googlebot-Image/1.0"
66.249.79.159 - - [19/Jun/2017:08:40:31 -0700] "GET /robots.txt HTTP/1.1" 404 208 "-" "Mozilla/5.0 (compatible; Googlebot/2.1; +http://www.google.com/bot.html)"
66.249.79.159 - - [19/Jun/2017:08:40:32 -0700] "GET / HTTP/1.1" 200 15892 "-" "Mozilla/5.0 (compatible; Googlebot/2.1; +http://www.google.com/bot.html)"
54.165.164.190 - - [19/Jun/2017:10:24:49 -0700] "GET / HTTP/1.1" 200 15892 "-" "Mozilla/5.0 (Windows NT 6.3; Win64; x64) AppleWebKit/537.36 (KHTML, like Gecko) Chrome/56.0.2924.87 Safari/537.36"
180.76.15.146 - - [19/Jun/2017:10:50:51 -0700] "GET / HTTP/1.1" 304 - "-" "Mozilla/5.0 (compatible; Baiduspider/2.0; +http://www.baidu.com/search/spider.html)"
207.46.13.192 - - [19/Jun/2017:12:19:00 -0700] "GET /robots.txt HTTP/1.1" 404 208 "-" "Mozilla/5.0 (compatible; bingbot/2.0; +http://www.bing.com/bingbot.htm)"
66.249.79.158 - - [19/Jun/2017:12:23:32 -0700] "GET / HTTP/1.1" 200 15892 "-" "Mozilla/5.0 (Linux; Android 6.0.1; Nexus 5X Build/MMB29P) AppleWebKit/537.36 (KHTML, like Gecko) Chrome/41.0.2272.96 Mobile Safari/537.36 (compatible; Googlebot/2.1; +http://www.google.com/bot.html)"
66.249.79.159 - - [19/Jun/2017:12:23:32 -0700] "GET / HTTP/1.1" 200 15892 "-" "Mozilla/5.0 (Linux; Android 6.0.1; Nexus 5X Build/MMB29P) AppleWebKit/537.36 (KHTML, like Gecko) Chrome/41.0.2272.96 Mobile Safari/537.36 (compatible; Googlebot/2.1; +http://www.google.com/bot.html)"
66.249.79.159 - - [19/Jun/2017:12:39:01 -0700] "GET / HTTP/1.1" 200 15892 "-" "Mozilla/5.0 (Linux; Android 6.0.1; Nexus 5X Build/MMB29P) AppleWebKit/537.36 (KHTML, like Gecko) Chrome/41.0.2272.96 Mobile Safari/537.36 (compatible; Googlebot/2.1; +http://www.google.com/bot.html)"
66.249.79.129 - - [19/Jun/2017:12:39:02 -0700] "GET / HTTP/1.1" 200 15892 "-" "Mozilla/5.0 (Linux; Android 6.0.1; Nexus 5X Build/MMB29P) AppleWebKit/537.36 (KHTML, like Gecko) Chrome/41.0.2272.96 Mobile Safari/537.36 (compatible; Googlebot/2.1; +http://www.google.com/bot.html)"
185.173.178.132 - - [19/Jun/2017:13:20:52 -0700] "GET / HTTP/1.0" 200 72657 "http://rndsquared.com" "Mozilla/5.0 (Windows NT 6.1; WOW64; rv:50.0) Gecko/20100101 Firefox/50.0"
185.173.178.132 - - [19/Jun/2017:13:20:54 -0700] "GET /?name=Erin%20Green&email=natalamuraveva2%40gmail.com&weJHlkUY=Erin%20Green& HTTP/1.0" 200 72657 "http://rndsquared.com/?name=Erin%20Green&email=natalamuraveva2%40gmail.com&weJHlkUY=Erin%20Green&" "Mozilla/5.0 (Windows NT 6.1; WOW64; rv:50.0) Gecko/20100101 Firefox/50.0"
217.155.27.102 - - [19/Jun/2017:14:09:50 -0700] "GET / HTTP/1.1" 301 235 "-" "Scrapy/1.3.3 (+http://scrapy.org)"
66.249.79.129 - - [19/Jun/2017:16:51:49 -0700] "GET / HTTP/1.1" 200 15892 "-" "Mozilla/5.0 (Linux; Android 6.0.1; Nexus 5X Build/MMB29P) AppleWebKit/537.36 (KHTML, like Gecko) Chrome/41.0.2272.96 Mobile Safari/537.36 (compatible; Googlebot/2.1; +http://www.google.com/bot.html)"
66.249.79.129 - - [19/Jun/2017:18:12:52 -0700] "GET / HTTP/1.1" 200 15892 "-" "Mozilla/5.0 (Linux; Android 6.0.1; Nexus 5X Build/MMB29P) AppleWebKit/537.36 (KHTML, like Gecko) Chrome/41.0.2272.96 Mobile Safari/537.36 (compatible; Googlebot/2.1; +http://www.google.com/bot.html)"
163.172.160.31 - - [19/Jun/2017:18:44:10 -0700] "GET / HTTP/1.1" 200 15892 "http://pizza-tycoon.com/" "Mozilla/5.0 (X11; Linux x86_64) AppleWebKit/537.36 (KHTML, like Gecko) Chrome/37.0.2062.120 Safari/537.36"
180.76.15.148 - - [19/Jun/2017:20:14:35 -0700] "GET / HTTP/1.1" 200 72657 "-" "Mozilla/5.0 (compatible; Baiduspider/2.0; +http://www.baidu.com/search/spider.html)"
180.76.15.137 - - [19/Jun/2017:21:21:15 -0700] "GET /css/bootstrap.min.css HTTP/1.1" 200 63993 "-" "Mozilla/5.0 (compatible; Baiduspider/2.0; +http://www.baidu.com/search/spider.html)"
5.255.250.47 - - [20/Jun/2017:00:37:08 -0700] "GET /robots.txt HTTP/1.1" 404 208 "-" "Mozilla/5.0 (compatible; YandexBot/3.0; +http://yandex.com/bots)"
141.8.143.215 - - [20/Jun/2017:00:37:12 -0700] "GET / HTTP/1.1" 200 15892 "-" "Mozilla/5.0 (compatible; YandexBot/3.0; +http://yandex.com/bots)"
108.59.8.70 - - [20/Jun/2017:01:09:41 -0700] "GET /robots.txt HTTP/1.1" 404 208 "-" "Mozilla/5.0 (compatible; MJ12bot/v1.4.8; http://mj12bot.com/)"
108.59.8.70 - - [20/Jun/2017:01:09:53 -0700] "GET / HTTP/1.1" 200 72657 "-" "Mozilla/5.0 (compatible; MJ12bot/v1.4.8; http://mj12bot.com/)"
77.75.78.166 - - [20/Jun/2017:01:50:26 -0700] "GET /robots.txt HTTP/1.1" 404 208 "-" "Mozilla/5.0 (compatible; SeznamBot/3.2; +http://napoveda.seznam.cz/en/seznambot-intro/)"
77.75.78.166 - - [20/Jun/2017:01:50:29 -0700] "GET /img/mixman/thumbs/2.jpg HTTP/1.1" 304 - "-" "Mozilla/5.0 (compatible; SeznamBot/3.2; +http://napoveda.seznam.cz/en/seznambot-intro/)"
217.69.143.63 - - [20/Jun/2017:02:39:36 -0700] "GET /robots.txt HTTP/1.0" 404 208 "-" "Mozilla/5.0 (compatible; Linux x86_64; Mail.RU_Bot/Robots/2.0; +http://go.mail.ru/help/robots)"
217.69.143.64 - - [20/Jun/2017:02:39:38 -0700] "GET / HTTP/1.1" 200 15892 "http://rndsquared.com/" "Mozilla/5.0 (compatible; Linux x86_64; Mail.RU_Bot/Robots/2.0; +http://go.mail.ru/help/robots)"
77.75.78.166 - - [20/Jun/2017:03:01:36 -0700] "GET /robots.txt HTTP/1.1" 404 208 "-" "Mozilla/5.0 (compatible; SeznamBot/3.2; +http://napoveda.seznam.cz/en/seznambot-intro/)"
77.75.78.166 - - [20/Jun/2017:03:01:39 -0700] "GET /img/bs4w/thumbs/6.jpg HTTP/1.1" 304 - "-" "Mozilla/5.0 (compatible; SeznamBot/3.2; +http://napoveda.seznam.cz/en/seznambot-intro/)"
141.8.143.242 - - [20/Jun/2017:04:23:56 -0700] "GET /robots.txt HTTP/1.1" 404 208 "-" "Mozilla/5.0 (compatible; YandexBot/3.0; +http://yandex.com/bots)"
84.201.133.76 - - [20/Jun/2017:04:24:01 -0700] "GET /img/autumn/1.jpg HTTP/1.1" 304 - "-" "Mozilla/5.0 (compatible; YandexImages/3.0; +http://yandex.com/bots)"
46.229.164.98 - - [20/Jun/2017:04:41:34 -0700] "GET /robots.txt HTTP/1.1" 404 208 "-" "Mozilla/5.0 (compatible; SemrushBot/1.2~bl; +http://www.semrush.com/bot.html)"
5.255.250.47 - - [20/Jun/2017:04:54:16 -0700] "GET / HTTP/1.1" 200 15892 "-" "Mozilla/5.0 (compatible; YandexBot/3.0; +http://yandex.com/bots)"
46.229.164.101 - - [20/Jun/2017:07:04:27 -0700] "GET /robots.txt HTTP/1.1" 404 208 "-" "Mozilla/5.0 (compatible; SemrushBot/1.2~bl; +http://www.semrush.com/bot.html)"
66.249.79.129 - - [20/Jun/2017:09:24:07 -0700] "GET /robots.txt HTTP/1.1" 404 208 "-" "Mozilla/5.0 (compatible; Googlebot/2.1; +http://www.google.com/bot.html)"
66.249.79.158 - - [20/Jun/2017:09:24:07 -0700] "GET / HTTP/1.1" 200 15892 "-" "Mozilla/5.0 (Linux; Android 6.0.1; Nexus 5X Build/MMB29P) AppleWebKit/537.36 (KHTML, like Gecko) Chrome/41.0.2272.96 Mobile Safari/537.36 (compatible; Googlebot/2.1; +http://www.google.com/bot.html)"
5.196.87.42 - - [20/Jun/2017:09:43:45 -0700] "GET /robots.txt HTTP/1.1" 404 208 "-" "Mozilla/5.0 (compatible; AhrefsBot/5.2; +http://ahrefs.com/robot/)"
169.54.244.89 - - [20/Jun/2017:09:49:27 -0700] "GET / HTTP/1.1" 301 235 "-" "-"
5.255.250.47 - - [20/Jun/2017:12:01:15 -0700] "GET /favicon.ico HTTP/1.1" 404 209 "-" "Mozilla/5.0 (compatible; YandexBot/3.0; +http://yandex.com/bots)"
77.75.78.163 - - [20/Jun/2017:16:45:46 -0700] "GET /robots.txt HTTP/1.1" 404 208 "-" "Mozilla/5.0 (compatible; SeznamBot/3.2; +http://napoveda.seznam.cz/en/seznambot-intro/)"
77.75.78.163 - - [20/Jun/2017:16:45:48 -0700] "GET /img/oncekids-fujimini/thumbs/7.jpg HTTP/1.1" 304 - "-" "Mozilla/5.0 (compatible; SeznamBot/3.2; +http://napoveda.seznam.cz/en/seznambot-intro/)"
172.56.22.19 - - [20/Jun/2017:16:52:24 -0700] "GET /img/autumn/thumbs/2.jpg HTTP/1.1" 200 45196 "-" "com.google.GoogleMobile/27.0.0 iPhone/10.3.2 hw/iPhone9_4"
77.75.78.166 - - [20/Jun/2017:17:37:31 -0700] "GET /robots.txt HTTP/1.1" 404 208 "-" "Mozilla/5.0 (compatible; SeznamBot/3.2; +http://napoveda.seznam.cz/en/seznambot-intro/)"
77.75.78.166 - - [20/Jun/2017:17:37:34 -0700] "GET /img/wu-wei/thumbs/7.jpg HTTP/1.1" 304 - "-" "Mozilla/5.0 (compatible; SeznamBot/3.2; +http://napoveda.seznam.cz/en/seznambot-intro/)"
66.249.79.158 - - [20/Jun/2017:18:03:50 -0700] "GET / HTTP/1.1" 200 15892 "-" "Mozilla/5.0 (Linux; Android 6.0.1; Nexus 5X Build/MMB29P) AppleWebKit/537.36 (KHTML, like Gecko) Chrome/41.0.2272.96 Mobile Safari/537.36 (compatible; Googlebot/2.1; +http://www.google.com/bot.html)"
77.75.77.36 - - [20/Jun/2017:18:54:31 -0700] "GET /robots.txt HTTP/1.1" 404 208 "-" "Mozilla/5.0 (compatible; SeznamBot/3.2; +http://napoveda.seznam.cz/en/seznambot-intro/)"
77.75.77.36 - - [20/Jun/2017:18:54:34 -0700] "GET /img/oncekids-fujimini/8.jpg HTTP/1.1" 304 - "-" "Mozilla/5.0 (compatible; SeznamBot/3.2; +http://napoveda.seznam.cz/en/seznambot-intro/)"
216.244.66.202 - - [20/Jun/2017:19:09:55 -0700] "GET /robots.txt HTTP/1.1" 404 208 "-" "Mozilla/5.0 (compatible; DotBot/1.1; http://www.opensiteexplorer.org/dotbot, help@moz.com)"
138.197.111.88 - - [20/Jun/2017:19:45:30 -0700] "GET / HTTP/1.1" 200 15892 "-" "Mozilla/5.0 (Windows NT 6.1; WOW64; rv:28.0) Gecko/20100101 Firefox/28.0"
138.197.111.88 - - [20/Jun/2017:19:45:30 -0700] "GET /js/modernizr.js HTTP/1.1" 200 5933 "https://www.rndsquared.com/" "Mozilla/5.0 (Windows NT 6.1; WOW64; rv:28.0) Gecko/20100101 Firefox/28.0"
138.197.111.88 - - [20/Jun/2017:19:45:30 -0700] "GET /js/lightbox.js HTTP/1.1" 200 4210 "https://www.rndsquared.com/" "Mozilla/5.0 (Windows NT 6.1; WOW64; rv:28.0) Gecko/20100101 Firefox/28.0"
138.197.111.88 - - [20/Jun/2017:19:45:30 -0700] "GET /js/scripts.js HTTP/1.1" 200 1227 "https://www.rndsquared.com/" "Mozilla/5.0 (Windows NT 6.1; WOW64; rv:28.0) Gecko/20100101 Firefox/28.0"
62.210.138.75 - - [20/Jun/2017:19:57:30 -0700] "GET / HTTP/1.1" 200 15892 "-" "Mozilla/5.0 (Macintosh; Intel Mac OS X 10_12_4) AppleWebKit/537.36 (KHTML, like Gecko) Chrome/57.0.2987.133 Safari/537.36"
62.210.138.75 - - [20/Jun/2017:19:57:31 -0700] "GET /js/modernizr.js HTTP/1.1" 200 5933 "https://www.rndsquared.com/" "Mozilla/5.0 (Macintosh; Intel Mac OS X 10_12_4) AppleWebKit/537.36 (KHTML, like Gecko) Chrome/57.0.2987.133 Safari/537.36"
62.210.138.75 - - [20/Jun/2017:19:57:31 -0700] "GET /js/lightbox.js HTTP/1.1" 200 4210 "https://www.rndsquared.com/" "Mozilla/5.0 (Macintosh; Intel Mac OS X 10_12_4) AppleWebKit/537.36 (KHTML, like Gecko) Chrome/57.0.2987.133 Safari/537.36"
62.210.138.75 - - [20/Jun/2017:19:57:31 -0700] "GET /js/scripts.js HTTP/1.1" 200 1227 "https://www.rndsquared.com/" "Mozilla/5.0 (Macintosh; Intel Mac OS X 10_12_4) AppleWebKit/537.36 (KHTML, like Gecko) Chrome/57.0.2987.133 Safari/537.36"
157.55.39.18 - - [20/Jun/2017:20:42:36 -0700] "GET /robots.txt HTTP/1.1" 403 212 "-" "Mozilla/5.0 (compatible; bingbot/2.0; +http://www.bing.com/bingbot.htm)"
157.55.39.18 - - [20/Jun/2017:20:42:36 -0700] "GET /robots.txt HTTP/1.1" 404 208 "-" "Mozilla/5.0 (compatible; bingbot/2.0; +http://www.bing.com/bingbot.htm)"
207.46.13.50 - - [20/Jun/2017:20:42:40 -0700] "GET / HTTP/1.1" 200 15892 "-" "Mozilla/5.0 (compatible; bingbot/2.0; +http://www.bing.com/bingbot.htm)"
207.46.13.201 - - [20/Jun/2017:20:42:41 -0700] "GET /robots.txt HTTP/1.1" 404 208 "-" "Mozilla/5.0 (compatible; bingbot/2.0; +http://www.bing.com/bingbot.htm)"
157.55.12.65 - - [20/Jun/2017:20:42:41 -0700] "GET /js/modernizr.js HTTP/1.1" 200 5933 "https://www.rndsquared.com/" "Mozilla/5.0 (Windows NT 6.1; WOW64) AppleWebKit/534+ (KHTML, like Gecko) BingPreview/1.0b"
157.55.12.65 - - [20/Jun/2017:20:42:41 -0700] "GET /css/styles.css HTTP/1.1" 200 1975 "https://www.rndsquared.com/" "Mozilla/5.0 (Windows NT 6.1; WOW64) AppleWebKit/534+ (KHTML, like Gecko) BingPreview/1.0b"
157.55.12.65 - - [20/Jun/2017:20:42:41 -0700] "GET /css/lightbox.css HTTP/1.1" 200 1003 "https://www.rndsquared.com/" "Mozilla/5.0 (Windows NT 6.1; WOW64) AppleWebKit/534+ (KHTML, like Gecko) BingPreview/1.0b"
157.55.12.65 - - [20/Jun/2017:20:42:41 -0700] "GET /css/bootstrap.min.css HTTP/1.1" 200 11249 "https://www.rndsquared.com/" "Mozilla/5.0 (Windows NT 6.1; WOW64) AppleWebKit/534+ (KHTML, like Gecko) BingPreview/1.0b"
157.55.12.65 - - [20/Jun/2017:20:42:42 -0700] "GET /js/lightbox.js HTTP/1.1" 200 4210 "https://www.rndsquared.com/" "Mozilla/5.0 (Windows NT 6.1; WOW64) AppleWebKit/534+ (KHTML, like Gecko) BingPreview/1.0b"
157.55.12.65 - - [20/Jun/2017:20:42:42 -0700] "GET /fonts/mn2-webfont.ttf HTTP/1.1" 200 35628 "https://www.rndsquared.com/" "Mozilla/5.0 (Windows NT 6.1; WOW64) AppleWebKit/534+ (KHTML, like Gecko) BingPreview/1.0b"
157.55.12.65 - - [20/Jun/2017:20:42:43 -0700] "GET /js/scripts.js HTTP/1.1" 200 1227 "https://www.rndsquared.com/" "Mozilla/5.0 (Windows NT 6.1; WOW64) AppleWebKit/534+ (KHTML, like Gecko) BingPreview/1.0b"
207.46.13.50 - - [20/Jun/2017:20:42:46 -0700] "GET /robots.txt HTTP/1.1" 404 208 "-" "Mozilla/5.0 (compatible; bingbot/2.0; +http://www.bing.com/bingbot.htm)"
45.32.130.173 - - [20/Jun/2017:21:54:00 -0700] "GET / HTTP/1.1" 200 72657 "http://rndsquared.com" "Mozilla/5.0 (Windows NT 6.1; WOW64) AppleWebKit/537.36 (KHTML, like Gecko) Chrome/40.0.2214.115 Safari/537.36"
193.70.39.41 - - [20/Jun/2017:22:19:55 -0700] "GET / HTTP/1.1" 200 15892 "http://pizza-tycoon.com/" "Mozilla/5.0 (X11; Linux x86_64) AppleWebKit/537.36 (KHTML, like Gecko) Chrome/37.0.2062.120 Safari/537.36"
45.32.131.61 - - [20/Jun/2017:22:24:33 -0700] "GET / HTTP/1.1" 200 72657 "http://www.rndsquared.com" "Mozilla/5.0 (Windows NT 6.1; WOW64) AppleWebKit/537.36 (KHTML, like Gecko) Chrome/40.0.2214.115 Safari/537.36"
162.210.196.130 - - [21/Jun/2017:01:44:51 -0700] "GET /robots.txt HTTP/1.1" 404 208 "-" "Mozilla/5.0 (compatible; MJ12bot/v1.4.8; http://mj12bot.com/)"
162.210.196.130 - - [21/Jun/2017:01:44:55 -0700] "GET / HTTP/1.1" 200 72657 "-" "Mozilla/5.0 (compatible; MJ12bot/v1.4.8; http://mj12bot.com/)"
46.229.164.98 - - [21/Jun/2017:04:50:56 -0700] "GET /robots.txt HTTP/1.1" 404 208 "-" "Mozilla/5.0 (compatible; SemrushBot/1.2~bl; +http://www.semrush.com/bot.html)"
46.229.164.101 - - [21/Jun/2017:04:54:18 -0700] "GET /robots.txt HTTP/1.1" 404 208 "-" "Mozilla/5.0 (compatible; SemrushBot/1.2~bl; +http://www.semrush.com/bot.html)"
180.76.15.30 - - [21/Jun/2017:05:57:07 -0700] "GET / HTTP/1.1" 200 72657 "-" "Mozilla/5.0 (compatible; Baiduspider/2.0; +http://www.baidu.com/search/spider.html)"
216.244.66.202 - - [21/Jun/2017:07:38:37 -0700] "GET /robots.txt HTTP/1.1" 404 208 "-" "Mozilla/5.0 (compatible; DotBot/1.1; http://www.opensiteexplorer.org/dotbot, help@moz.com)"
216.244.66.202 - - [21/Jun/2017:07:57:30 -0700] "GET / HTTP/1.1" 200 72657 "-" "Mozilla/5.0 (compatible; DotBot/1.1; http://www.opensiteexplorer.org/dotbot, help@moz.com)"
52.87.86.158 - - [21/Jun/2017:11:59:06 -0700] "GET / HTTP/1.1" 200 15892 "-" "Mozilla/5.0 (Macintosh; Intel Mac OS X 10_11_6) AppleWebKit/537.36 (KHTML, like Gecko) Chrome/55.0.2883.95 Safari/537.36"
77.75.79.32 - - [21/Jun/2017:13:10:19 -0700] "GET /robots.txt HTTP/1.1" 404 208 "-" "Mozilla/5.0 (compatible; SeznamBot/3.2; +http://napoveda.seznam.cz/en/seznambot-intro/)"
77.75.79.32 - - [21/Jun/2017:13:10:58 -0700] "GET /img/sfnoir/thumbs/2.jpg HTTP/1.1" 304 - "-" "Mozilla/5.0 (compatible; SeznamBot/3.2; +http://napoveda.seznam.cz/en/seznambot-intro/)"
77.75.79.17 - - [21/Jun/2017:14:35:15 -0700] "GET /robots.txt HTTP/1.1" 404 208 "-" "Mozilla/5.0 (compatible; SeznamBot/3.2; +http://napoveda.seznam.cz/en/seznambot-intro/)"
77.75.79.17 - - [21/Jun/2017:14:35:18 -0700] "GET /img/oncekids-fujimini/thumbs/5.jpg HTTP/1.1" 304 - "-" "Mozilla/5.0 (compatible; SeznamBot/3.2; +http://napoveda.seznam.cz/en/seznambot-intro/)"
180.76.15.157 - - [21/Jun/2017:15:04:58 -0700] "GET /js/scripts.js HTTP/1.1" 200 3179 "-" "Mozilla/5.0 (compatible; Baiduspider/2.0; +http://www.baidu.com/search/spider.html)"
66.249.79.158 - - [21/Jun/2017:15:07:57 -0700] "GET /robots.txt HTTP/1.1" 404 208 "-" "Mozilla/5.0 (compatible; Googlebot/2.1; +http://www.google.com/bot.html)"
66.249.79.129 - - [21/Jun/2017:15:07:57 -0700] "GET /img/mixman/thumbs/7.jpg HTTP/1.1" 304 - "-" "Googlebot-Image/1.0"
77.75.78.166 - - [21/Jun/2017:16:19:45 -0700] "GET /robots.txt HTTP/1.1" 404 208 "-" "Mozilla/5.0 (compatible; SeznamBot/3.2; +http://napoveda.seznam.cz/en/seznambot-intro/)"
77.75.78.166 - - [21/Jun/2017:16:19:48 -0700] "GET /img/bs4w/thumbs/7.jpg HTTP/1.1" 304 - "-" "Mozilla/5.0 (compatible; SeznamBot/3.2; +http://napoveda.seznam.cz/en/seznambot-intro/)"
157.55.39.68 - - [21/Jun/2017:17:23:59 -0700] "GET /robots.txt HTTP/1.1" 404 208 "-" "Mozilla/5.0 (compatible; bingbot/2.0; +http://www.bing.com/bingbot.htm)"
158.69.229.6 - - [21/Jun/2017:18:25:10 -0700] "GET / HTTP/1.1" 200 15892 "-" "Mozilla/5.0 (Windows NT 10.0; WOW64) AppleWebKit/537.36 (KHTML, like Gecko) Chrome/52.0.2743.116 Safari/537.36"
158.69.229.6 - - [21/Jun/2017:18:25:11 -0700] "GET /js/modernizr.js HTTP/1.1" 200 5933 "https://www.rndsquared.com/" "Mozilla/5.0 (Windows NT 10.0; WOW64) AppleWebKit/537.36 (KHTML, like Gecko) Chrome/52.0.2743.116 Safari/537.36"
158.69.229.6 - - [21/Jun/2017:18:25:11 -0700] "GET /js/lightbox.js HTTP/1.1" 200 4210 "https://www.rndsquared.com/" "Mozilla/5.0 (Windows NT 10.0; WOW64) AppleWebKit/537.36 (KHTML, like Gecko) Chrome/52.0.2743.116 Safari/537.36"
158.69.229.6 - - [21/Jun/2017:18:25:11 -0700] "GET /js/scripts.js HTTP/1.1" 200 1227 "https://www.rndsquared.com/" "Mozilla/5.0 (Windows NT 10.0; WOW64) AppleWebKit/537.36 (KHTML, like Gecko) Chrome/52.0.2743.116 Safari/537.36"
158.69.229.6 - - [21/Jun/2017:18:25:19 -0700] "GET /robots.txt HTTP/1.1" 404 208 "-" "Mozilla/5.0 (Windows NT 6.1) AppleWebKit/537.36 (KHTML, like Gecko) Chrome/41.0.2228.0 Safari/537.36"
158.69.229.6 - - [21/Jun/2017:18:25:20 -0700] "HEAD / HTTP/1.1" 301 - "-" "Java/1.8.0_91"
158.69.229.6 - - [21/Jun/2017:18:25:21 -0700] "HEAD / HTTP/1.1" 200 - "-" "Java/1.8.0_91"
47.136.242.51 - - [21/Jun/2017:18:51:03 -0700] "GET /img/njn/thumbs/1.jpg HTTP/1.1" 200 24676 "https://www.google.com/" "Mozilla/5.0 (Macintosh; Intel Mac OS X 10_11_1) AppleWebKit/601.2.7 (KHTML, like Gecko) Version/9.0.1 Safari/601.2.7"
5.255.250.47 - - [21/Jun/2017:20:59:55 -0700] "GET /robots.txt HTTP/1.1" 404 208 "-" "Mozilla/5.0 (compatible; YandexBot/3.0; +http://yandex.com/bots)"
5.255.250.47 - - [21/Jun/2017:20:59:59 -0700] "GET / HTTP/1.1" 200 15892 "-" "Mozilla/5.0 (compatible; YandexBot/3.0; +http://yandex.com/bots)"
123.125.71.58 - - [21/Jun/2017:21:33:51 -0700] "GET / HTTP/1.1" 200 72657 "-" "Mozilla/5.0 (compatible; Baiduspider/2.0; +http://www.baidu.com/search/spider.html)"
123.125.67.160 - - [21/Jun/2017:21:33:52 -0700] "GET /robots.txt HTTP/1.1" 404 208 "-" "Mozilla/5.0 (Windows NT 10.0; WOW64) AppleWebKit/537.36 (KHTML, like Gecko) Chrome/45.0.2454.93 Safari/537.36"
77.75.76.164 - - [21/Jun/2017:22:52:36 -0700] "GET /robots.txt HTTP/1.1" 404 208 "-" "Mozilla/5.0 (compatible; SeznamBot/3.2; +http://napoveda.seznam.cz/en/seznambot-intro/)"
