77.75.79.32 - - [12/Mar/2018:02:23:28 -0700] "GET /img/sfnoir/thumbs/5.jpg HTTP/1.1" 304 - "-" "Mozilla/5.0 (compatible; SeznamBot/3.2; +http://napoveda.seznam.cz/en/seznambot-intro/)"
46.229.170.197 - - [12/Mar/2018:03:28:46 -0700] "GET / HTTP/1.1" 200 72658 "-" "Mozilla/5.0 (compatible; MSIE 9.0; Windows NT 6.0; Trident/5.0;  Trident/5.0)"
37.115.112.228 - - [12/Mar/2018:04:04:21 -0700] "GET / HTTP/1.1" 200 72658 "https://beachtoday.ru/" "Mozilla/4.0 (compatible; MSIE 6.0; Windows ME) Opera 7.11  [en]"
37.115.112.228 - - [12/Mar/2018:04:04:21 -0700] "GET / HTTP/1.1" 200 72658 "https://beachtoday.ru/" "Mozilla/4.0 (compatible; MSIE 6.0; Windows ME) Opera 7.11  [en]"
37.115.112.228 - - [12/Mar/2018:04:04:22 -0700] "GET / HTTP/1.1" 200 72658 "https://beachtoday.ru/" "Mozilla/4.0 (compatible; MSIE 6.0; Windows ME) Opera 7.11  [en]"
207.46.13.197 - - [12/Mar/2018:04:05:17 -0700] "GET /robots.txt HTTP/1.1" 404 208 "-" "Mozilla/5.0 (compatible; bingbot/2.0; +http://www.bing.com/bingbot.htm)"
207.46.13.101 - - [12/Mar/2018:04:05:23 -0700] "GET / HTTP/1.1" 200 15893 "-" "Mozilla/5.0 (compatible; bingbot/2.0; +http://www.bing.com/bingbot.htm)"
77.75.79.119 - - [12/Mar/2018:04:15:57 -0700] "GET /robots.txt HTTP/1.1" 404 208 "-" "Mozilla/5.0 (compatible; SeznamBot/3.2; +http://napoveda.seznam.cz/en/seznambot-intro/)"
77.75.79.119 - - [12/Mar/2018:04:16:01 -0700] "GET /img/urban-cowgirl/thumbs/6.jpg HTTP/1.1" 304 - "-" "Mozilla/5.0 (compatible; SeznamBot/3.2; +http://napoveda.seznam.cz/en/seznambot-intro/)"
94.9.188.50 - - [12/Mar/2018:05:21:03 -0700] "GET /img/autumn/thumbs/2.jpg HTTP/1.1" 200 45196 "https://www.google.co.uk/" "Mozilla/5.0 (iPhone; CPU iPhone OS 11_2_6 like Mac OS X) AppleWebKit/604.5.6 (KHTML, like Gecko) Version/11.0 Mobile/15D100 Safari/604.1"
46.229.164.99 - - [12/Mar/2018:07:06:03 -0700] "GET /robots.txt HTTP/1.1" 404 208 "-" "Mozilla/5.0 (compatible; SemrushBot/1.2~bl; +http://www.semrush.com/bot.html)"
77.75.77.36 - - [12/Mar/2018:07:54:51 -0700] "GET /robots.txt HTTP/1.1" 404 208 "-" "Mozilla/5.0 (compatible; SeznamBot/3.2; +http://napoveda.seznam.cz/en/seznambot-intro/)"
77.75.77.36 - - [12/Mar/2018:07:54:53 -0700] "GET /img/oncekids-fujimini/thumbs/6.jpg HTTP/1.1" 304 - "-" "Mozilla/5.0 (compatible; SeznamBot/3.2; +http://napoveda.seznam.cz/en/seznambot-intro/)"
180.76.15.26 - - [12/Mar/2018:07:58:49 -0700] "GET /robots.txt HTTP/1.1" 404 208 "-" "Mozilla/5.0 (Windows NT 5.1; rv:6.0.2) Gecko/20100101 Firefox/6.0.2"
180.76.15.155 - - [12/Mar/2018:07:58:49 -0700] "GET /robots.txt HTTP/1.1" 404 208 "-" "Mozilla/5.0 (Windows NT 5.1; rv:6.0.2) Gecko/20100101 Firefox/6.0.2"
180.76.15.22 - - [12/Mar/2018:08:03:08 -0700] "GET /js/lightbox.js HTTP/1.1" 200 4210 "-" "Mozilla/5.0 (compatible; Baiduspider/2.0; +http://www.baidu.com/search/spider.html)"
178.137.18.222 - - [12/Mar/2018:08:23:25 -0700] "GET / HTTP/1.1" 200 72658 "http://transit.in.ua/" "Mozilla/4.0 (compatible; MSIE 7.0b; Windows NT 6.0)"
77.75.79.101 - - [12/Mar/2018:09:09:47 -0700] "GET /robots.txt HTTP/1.1" 404 208 "-" "Mozilla/5.0 (compatible; SeznamBot/3.2; +http://napoveda.seznam.cz/en/seznambot-intro/)"
77.75.79.101 - - [12/Mar/2018:09:09:48 -0700] "GET /img/mixman/15.jpg HTTP/1.1" 304 - "-" "Mozilla/5.0 (compatible; SeznamBot/3.2; +http://napoveda.seznam.cz/en/seznambot-intro/)"
77.75.77.11 - - [12/Mar/2018:10:22:43 -0700] "GET /robots.txt HTTP/1.1" 404 208 "-" "Mozilla/5.0 (compatible; SeznamBot/3.2; +http://napoveda.seznam.cz/en/seznambot-intro/)"
77.75.77.11 - - [12/Mar/2018:10:22:45 -0700] "GET /img/urban-cowgirl/1.jpg HTTP/1.1" 304 - "-" "Mozilla/5.0 (compatible; SeznamBot/3.2; +http://napoveda.seznam.cz/en/seznambot-intro/)"
178.159.37.55 - - [12/Mar/2018:11:02:26 -0700] "GET / HTTP/1.1" 200 72658 "https://kazka.ru/" "Opera/8.00 (Windows NT 5.1; U; en)"
178.159.37.55 - - [12/Mar/2018:11:02:27 -0700] "GET / HTTP/1.1" 200 72658 "https://kazka.ru/" "Opera/8.00 (Windows NT 5.1; U; en)"
178.159.37.55 - - [12/Mar/2018:11:02:27 -0700] "GET / HTTP/1.1" 200 72658 "https://kazka.ru/" "Opera/8.00 (Windows NT 5.1; U; en)"
46.229.164.100 - - [12/Mar/2018:11:10:07 -0700] "GET /robots.txt HTTP/1.1" 404 208 "-" "Mozilla/5.0 (compatible; SemrushBot/1.2~bl; +http://www.semrush.com/bot.html)"
46.119.126.51 - - [12/Mar/2018:11:48:02 -0700] "GET / HTTP/1.1" 200 72658 "https://dermatovenerologiya.com/" "Opera/7.11 (Windows NT 5.1; U) [en]"
46.119.126.51 - - [12/Mar/2018:11:48:03 -0700] "GET / HTTP/1.1" 200 72658 "https://dermatovenerologiya.com/" "Opera/7.11 (Windows NT 5.1; U) [en]"
46.119.126.51 - - [12/Mar/2018:11:48:04 -0700] "GET / HTTP/1.1" 200 72658 "https://dermatovenerologiya.com/" "Opera/7.11 (Windows NT 5.1; U) [en]"
134.249.66.84 - - [12/Mar/2018:12:03:53 -0700] "GET / HTTP/1.1" 200 72658 "http://strady.org.ua/" "Mozilla/4.0 (compatible; MSIE 6.0; Windows XP)"
134.249.66.84 - - [12/Mar/2018:12:03:54 -0700] "GET / HTTP/1.1" 200 72658 "http://strady.org.ua/" "Mozilla/4.0 (compatible; MSIE 6.0; Windows XP)"
134.249.66.84 - - [12/Mar/2018:12:03:55 -0700] "GET / HTTP/1.1" 200 72658 "http://strady.org.ua/" "Mozilla/4.0 (compatible; MSIE 6.0; Windows XP)"
77.75.77.11 - - [12/Mar/2018:12:13:30 -0700] "GET /robots.txt HTTP/1.1" 404 208 "-" "Mozilla/5.0 (compatible; SeznamBot/3.2; +http://napoveda.seznam.cz/en/seznambot-intro/)"
77.75.77.11 - - [12/Mar/2018:12:13:32 -0700] "GET /img/mixman/6.jpg HTTP/1.1" 304 - "-" "Mozilla/5.0 (compatible; SeznamBot/3.2; +http://napoveda.seznam.cz/en/seznambot-intro/)"
66.170.139.66 - - [12/Mar/2018:12:24:29 -0700] "GET /img/autumn/thumbs/2.jpg HTTP/1.1" 200 45196 "https://www.google.com/" "Mozilla/5.0 (Windows NT 6.1; Win64; x64) AppleWebKit/537.36 (KHTML, like Gecko) Chrome/65.0.3325.146 Safari/537.36"
73.71.74.9 - - [12/Mar/2018:12:50:01 -0700] "GET / HTTP/1.1" 200 15893 "-" "Mozilla/5.0 (Macintosh; Intel Mac OS X 10_12_5) AppleWebKit/603.2.4 (KHTML, like Gecko)"
73.71.74.9 - - [12/Mar/2018:12:50:01 -0700] "GET /apple-touch-icon-precomposed.png HTTP/1.1" 404 230 "-" "Safari/12603.2.4 CFNetwork/811.5.4 Darwin/16.6.0 (x86_64)"
73.71.74.9 - - [12/Mar/2018:12:50:01 -0700] "GET /apple-touch-icon.png HTTP/1.1" 404 218 "-" "Safari/12603.2.4 CFNetwork/811.5.4 Darwin/16.6.0 (x86_64)"
73.71.74.9 - - [12/Mar/2018:12:50:01 -0700] "GET /favicon.ico HTTP/1.1" 404 209 "-" "Safari/12603.2.4 CFNetwork/811.5.4 Darwin/16.6.0 (x86_64)"
73.71.74.9 - - [12/Mar/2018:12:50:01 -0700] "GET /apple-touch-icon-precomposed.png HTTP/1.1" 404 230 "-" "Safari/12603.2.4 CFNetwork/811.5.4 Darwin/16.6.0 (x86_64)"
73.71.74.9 - - [12/Mar/2018:12:50:01 -0700] "GET /apple-touch-icon.png HTTP/1.1" 404 218 "-" "Safari/12603.2.4 CFNetwork/811.5.4 Darwin/16.6.0 (x86_64)"
73.71.74.9 - - [12/Mar/2018:12:50:01 -0700] "GET /favicon.ico HTTP/1.1" 404 209 "-" "Safari/12603.2.4 CFNetwork/811.5.4 Darwin/16.6.0 (x86_64)"
73.71.74.9 - - [12/Mar/2018:12:50:01 -0700] "GET / HTTP/1.1" 200 15893 "-" "Mozilla/5.0 (iPhone; CPU iPhone OS 10_0 like Mac OS X) AppleWebKit/602.1.38 (KHTML, like Gecko) Version/10.0 Mobile/14A300 Safari/602.1"
73.71.74.9 - - [12/Mar/2018:12:50:01 -0700] "GET /apple-touch-icon-precomposed.png HTTP/1.1" 404 230 "-" "Safari/12603.2.4 CFNetwork/811.5.4 Darwin/16.6.0 (x86_64)"
73.71.74.9 - - [12/Mar/2018:12:50:01 -0700] "GET /apple-touch-icon.png HTTP/1.1" 404 218 "-" "Safari/12603.2.4 CFNetwork/811.5.4 Darwin/16.6.0 (x86_64)"
73.71.74.9 - - [12/Mar/2018:12:50:01 -0700] "GET /favicon.ico HTTP/1.1" 404 209 "-" "Safari/12603.2.4 CFNetwork/811.5.4 Darwin/16.6.0 (x86_64)"
73.71.74.9 - - [12/Mar/2018:12:50:01 -0700] "GET /apple-touch-icon-precomposed.png HTTP/1.1" 404 230 "-" "Safari/12603.2.4 CFNetwork/811.5.4 Darwin/16.6.0 (x86_64)"
73.71.74.9 - - [12/Mar/2018:12:50:02 -0700] "GET /apple-touch-icon.png HTTP/1.1" 404 218 "-" "Safari/12603.2.4 CFNetwork/811.5.4 Darwin/16.6.0 (x86_64)"
73.71.74.9 - - [12/Mar/2018:12:50:02 -0700] "GET /favicon.ico HTTP/1.1" 404 209 "-" "Safari/12603.2.4 CFNetwork/811.5.4 Darwin/16.6.0 (x86_64)"
134.249.48.151 - - [12/Mar/2018:12:54:20 -0700] "GET / HTTP/1.1" 200 72658 "https://pfrf-kabinet.ru/" "Mozilla/4.0 (compatible; MSIE 6.0; Windows NT 5.1; SV1)"
134.249.48.151 - - [12/Mar/2018:12:54:21 -0700] "GET / HTTP/1.1" 200 72658 "https://pfrf-kabinet.ru/" "Mozilla/4.0 (compatible; MSIE 6.0; Windows NT 5.1; SV1)"
77.75.78.160 - - [12/Mar/2018:13:41:31 -0700] "GET /robots.txt HTTP/1.1" 404 208 "-" "Mozilla/5.0 (compatible; SeznamBot/3.2; +http://napoveda.seznam.cz/en/seznambot-intro/)"
77.75.78.160 - - [12/Mar/2018:13:41:33 -0700] "GET /img/autumn/thumbs/7.jpg HTTP/1.1" 304 - "-" "Mozilla/5.0 (compatible; SeznamBot/3.2; +http://napoveda.seznam.cz/en/seznambot-intro/)"
77.75.78.160 - - [12/Mar/2018:13:41:34 -0700] "GET /img/njn/5.jpg HTTP/1.1" 304 - "-" "Mozilla/5.0 (compatible; SeznamBot/3.2; +http://napoveda.seznam.cz/en/seznambot-intro/)"
77.75.78.172 - - [12/Mar/2018:14:09:07 -0700] "GET /robots.txt HTTP/1.1" 404 208 "-" "Mozilla/5.0 (compatible; SeznamBot/3.2; +http://napoveda.seznam.cz/en/seznambot-intro/)"
77.75.78.172 - - [12/Mar/2018:14:09:08 -0700] "GET /img/urban-cowgirl/3.jpg HTTP/1.1" 304 - "-" "Mozilla/5.0 (compatible; SeznamBot/3.2; +http://napoveda.seznam.cz/en/seznambot-intro/)"
93.158.161.62 - - [12/Mar/2018:14:22:59 -0700] "GET /robots.txt HTTP/1.1" 404 208 "-" "Mozilla/5.0 (compatible; YandexBot/3.0; +http://yandex.com/bots)"
77.88.47.14 - - [12/Mar/2018:14:22:59 -0700] "GET /robots.txt HTTP/1.1" 404 208 "-" "Mozilla/5.0 (compatible; YandexBot/3.0; +http://yandex.com/bots)"
93.158.161.62 - - [12/Mar/2018:14:23:02 -0700] "GET / HTTP/1.1" 200 15893 "-" "Mozilla/5.0 (compatible; YandexBot/3.0; +http://yandex.com/bots)"
93.158.161.62 - - [12/Mar/2018:14:23:03 -0700] "GET / HTTP/1.1" 200 15893 "-" "Mozilla/5.0 (compatible; YandexBot/3.0; +http://yandex.com/bots)"
77.88.47.14 - - [12/Mar/2018:14:25:04 -0700] "GET / HTTP/1.1" 200 15893 "-" "Mozilla/5.0 (compatible; YandexBot/3.0; +http://yandex.com/bots)"
100.43.85.179 - - [12/Mar/2018:14:25:04 -0700] "GET / HTTP/1.1" 200 15893 "-" "Mozilla/5.0 (compatible; YandexBot/3.0; +http://yandex.com/bots)"
73.71.74.9 - - [12/Mar/2018:14:31:51 -0700] "GET / HTTP/1.1" 200 15893 "-" "Mozilla/5.0 (Macintosh; Intel Mac OS X 10_12_5) AppleWebKit/603.2.4 (KHTML, like Gecko)"
73.71.74.9 - - [12/Mar/2018:14:31:51 -0700] "GET /apple-touch-icon-precomposed.png HTTP/1.1" 404 230 "-" "Safari/12603.2.4 CFNetwork/811.5.4 Darwin/16.6.0 (x86_64)"
73.71.74.9 - - [12/Mar/2018:14:31:51 -0700] "GET /apple-touch-icon.png HTTP/1.1" 404 218 "-" "Safari/12603.2.4 CFNetwork/811.5.4 Darwin/16.6.0 (x86_64)"
73.71.74.9 - - [12/Mar/2018:14:31:51 -0700] "GET /favicon.ico HTTP/1.1" 404 209 "-" "Safari/12603.2.4 CFNetwork/811.5.4 Darwin/16.6.0 (x86_64)"
73.71.74.9 - - [12/Mar/2018:14:31:51 -0700] "GET /apple-touch-icon-precomposed.png HTTP/1.1" 404 230 "-" "Safari/12603.2.4 CFNetwork/811.5.4 Darwin/16.6.0 (x86_64)"
73.71.74.9 - - [12/Mar/2018:14:31:51 -0700] "GET /apple-touch-icon.png HTTP/1.1" 404 218 "-" "Safari/12603.2.4 CFNetwork/811.5.4 Darwin/16.6.0 (x86_64)"
73.71.74.9 - - [12/Mar/2018:14:31:51 -0700] "GET /favicon.ico HTTP/1.1" 404 209 "-" "Safari/12603.2.4 CFNetwork/811.5.4 Darwin/16.6.0 (x86_64)"
73.71.74.9 - - [12/Mar/2018:14:31:51 -0700] "GET / HTTP/1.1" 200 15893 "-" "Mozilla/5.0 (iPhone; CPU iPhone OS 10_0 like Mac OS X) AppleWebKit/602.1.38 (KHTML, like Gecko) Version/10.0 Mobile/14A300 Safari/602.1"
73.71.74.9 - - [12/Mar/2018:14:31:52 -0700] "GET /apple-touch-icon-precomposed.png HTTP/1.1" 404 230 "-" "Safari/12603.2.4 CFNetwork/811.5.4 Darwin/16.6.0 (x86_64)"
73.71.74.9 - - [12/Mar/2018:14:31:52 -0700] "GET /apple-touch-icon.png HTTP/1.1" 404 218 "-" "Safari/12603.2.4 CFNetwork/811.5.4 Darwin/16.6.0 (x86_64)"
73.71.74.9 - - [12/Mar/2018:14:31:52 -0700] "GET /favicon.ico HTTP/1.1" 404 209 "-" "Safari/12603.2.4 CFNetwork/811.5.4 Darwin/16.6.0 (x86_64)"
73.71.74.9 - - [12/Mar/2018:14:31:52 -0700] "GET /apple-touch-icon-precomposed.png HTTP/1.1" 404 230 "-" "Safari/12603.2.4 CFNetwork/811.5.4 Darwin/16.6.0 (x86_64)"
73.71.74.9 - - [12/Mar/2018:14:31:52 -0700] "GET /apple-touch-icon.png HTTP/1.1" 404 218 "-" "Safari/12603.2.4 CFNetwork/811.5.4 Darwin/16.6.0 (x86_64)"
73.71.74.9 - - [12/Mar/2018:14:31:52 -0700] "GET /favicon.ico HTTP/1.1" 404 209 "-" "Safari/12603.2.4 CFNetwork/811.5.4 Darwin/16.6.0 (x86_64)"
176.10.104.240 - - [12/Mar/2018:15:30:00 -0700] "GET / HTTP/1.1" 200 15893 "-" "Mozilla/5.0 (Windows NT 5.1; rv:7.0.1) Gecko/20100101 Firefox/7.0.1"
176.10.104.240 - - [12/Mar/2018:15:30:01 -0700] "GET /?name=5aa6ff6bd7fed&email=swan7586%40aol.com&weJHlkUY=swan7586%40aol.com&message=& HTTP/1.1" 200 15893 "http://rndsquared.com/" "Mozilla/5.0 (Windows NT 5.1; rv:7.0.1) Gecko/20100101 Firefox/7.0.1"
77.75.78.164 - - [12/Mar/2018:15:38:34 -0700] "GET /robots.txt HTTP/1.1" 404 208 "-" "Mozilla/5.0 (compatible; SeznamBot/3.2; +http://napoveda.seznam.cz/en/seznambot-intro/)"
77.75.78.164 - - [12/Mar/2018:15:38:35 -0700] "GET /img/njn/thumbs/1.jpg HTTP/1.1" 304 - "-" "Mozilla/5.0 (compatible; SeznamBot/3.2; +http://napoveda.seznam.cz/en/seznambot-intro/)"
77.75.78.164 - - [12/Mar/2018:15:38:36 -0700] "GET /img/mixman/9.jpg HTTP/1.1" 304 - "-" "Mozilla/5.0 (compatible; SeznamBot/3.2; +http://napoveda.seznam.cz/en/seznambot-intro/)"
77.75.79.72 - - [12/Mar/2018:16:02:44 -0700] "GET /robots.txt HTTP/1.1" 404 208 "-" "Mozilla/5.0 (compatible; SeznamBot/3.2; +http://napoveda.seznam.cz/en/seznambot-intro/)"
77.75.79.72 - - [12/Mar/2018:16:02:45 -0700] "GET /img/autumn/2.jpg HTTP/1.1" 304 - "-" "Mozilla/5.0 (compatible; SeznamBot/3.2; +http://napoveda.seznam.cz/en/seznambot-intro/)"
73.71.74.9 - - [12/Mar/2018:16:35:09 -0700] "GET / HTTP/1.1" 200 15893 "-" "Mozilla/5.0 (Macintosh; Intel Mac OS X 10_12_5) AppleWebKit/603.2.4 (KHTML, like Gecko)"
73.71.74.9 - - [12/Mar/2018:16:35:09 -0700] "GET /apple-touch-icon-precomposed.png HTTP/1.1" 404 230 "-" "Safari/12603.2.4 CFNetwork/811.5.4 Darwin/16.6.0 (x86_64)"
73.71.74.9 - - [12/Mar/2018:16:35:09 -0700] "GET /apple-touch-icon.png HTTP/1.1" 404 218 "-" "Safari/12603.2.4 CFNetwork/811.5.4 Darwin/16.6.0 (x86_64)"
73.71.74.9 - - [12/Mar/2018:16:35:09 -0700] "GET /favicon.ico HTTP/1.1" 404 209 "-" "Safari/12603.2.4 CFNetwork/811.5.4 Darwin/16.6.0 (x86_64)"
73.71.74.9 - - [12/Mar/2018:16:35:09 -0700] "GET /apple-touch-icon-precomposed.png HTTP/1.1" 404 230 "-" "Safari/12603.2.4 CFNetwork/811.5.4 Darwin/16.6.0 (x86_64)"
73.71.74.9 - - [12/Mar/2018:16:35:09 -0700] "GET /apple-touch-icon.png HTTP/1.1" 404 218 "-" "Safari/12603.2.4 CFNetwork/811.5.4 Darwin/16.6.0 (x86_64)"
73.71.74.9 - - [12/Mar/2018:16:35:09 -0700] "GET /favicon.ico HTTP/1.1" 404 209 "-" "Safari/12603.2.4 CFNetwork/811.5.4 Darwin/16.6.0 (x86_64)"
73.71.74.9 - - [12/Mar/2018:16:35:09 -0700] "GET / HTTP/1.1" 200 15893 "-" "Mozilla/5.0 (iPhone; CPU iPhone OS 10_0 like Mac OS X) AppleWebKit/602.1.38 (KHTML, like Gecko) Version/10.0 Mobile/14A300 Safari/602.1"
73.71.74.9 - - [12/Mar/2018:16:35:09 -0700] "GET /apple-touch-icon-precomposed.png HTTP/1.1" 404 230 "-" "Safari/12603.2.4 CFNetwork/811.5.4 Darwin/16.6.0 (x86_64)"
73.71.74.9 - - [12/Mar/2018:16:35:09 -0700] "GET /apple-touch-icon.png HTTP/1.1" 404 218 "-" "Safari/12603.2.4 CFNetwork/811.5.4 Darwin/16.6.0 (x86_64)"
73.71.74.9 - - [12/Mar/2018:16:35:09 -0700] "GET /favicon.ico HTTP/1.1" 404 209 "-" "Safari/12603.2.4 CFNetwork/811.5.4 Darwin/16.6.0 (x86_64)"
73.71.74.9 - - [12/Mar/2018:16:35:09 -0700] "GET /apple-touch-icon-precomposed.png HTTP/1.1" 404 230 "-" "Safari/12603.2.4 CFNetwork/811.5.4 Darwin/16.6.0 (x86_64)"
73.71.74.9 - - [12/Mar/2018:16:35:09 -0700] "GET /apple-touch-icon.png HTTP/1.1" 404 218 "-" "Safari/12603.2.4 CFNetwork/811.5.4 Darwin/16.6.0 (x86_64)"
73.71.74.9 - - [12/Mar/2018:16:35:09 -0700] "GET /favicon.ico HTTP/1.1" 404 209 "-" "Safari/12603.2.4 CFNetwork/811.5.4 Darwin/16.6.0 (x86_64)"
40.77.167.6 - - [12/Mar/2018:16:40:37 -0700] "GET / HTTP/1.1" 200 15893 "-" "Mozilla/5.0 (compatible; bingbot/2.0; +http://www.bing.com/bingbot.htm)"
216.244.66.233 - - [12/Mar/2018:17:54:02 -0700] "GET /robots.txt HTTP/1.1" 404 208 "-" "Mozilla/5.0 (compatible; DotBot/1.1; http://www.opensiteexplorer.org/dotbot, help@moz.com)"
216.244.66.233 - - [12/Mar/2018:18:01:27 -0700] "GET /img/bs4w/2.jpg HTTP/1.1" 200 116129 "-" "Mozilla/5.0 (compatible; DotBot/1.1; http://www.opensiteexplorer.org/dotbot, help@moz.com)"
85.93.91.84 - - [12/Mar/2018:18:10:40 -0700] "GET /robots.txt HTTP/1.0" 404 208 "-" "Mozilla/5.0 (compatible; DeuSu/5.0.2; +https://deusu.de/robot.html)"
85.93.91.84 - - [12/Mar/2018:18:10:41 -0700] "GET / HTTP/1.0" 200 72658 "-" "Mozilla/5.0 (compatible; DeuSu/5.0.2; +https://deusu.de/robot.html)"
134.249.53.158 - - [12/Mar/2018:18:26:36 -0700] "GET / HTTP/1.1" 200 72658 "http://pornohd1080.online/" "Mozilla/4.0 (compatible; MSIE 6.0; AOL 9.0; Windows NT 5.1)"
216.244.66.233 - - [12/Mar/2018:18:48:11 -0700] "GET /robots.txt HTTP/1.1" 404 208 "-" "Mozilla/5.0 (compatible; DotBot/1.1; http://www.opensiteexplorer.org/dotbot, help@moz.com)"
54.67.59.131 - - [12/Mar/2018:18:49:17 -0700] "GET / HTTP/1.1" 200 15893 "-" "Mozilla/5.0 (Macintosh; Intel Mac OS X 10_12_6) AppleWebKit/537.36 (KHTML, like Gecko) Chrome/61.0.3163.100 Safari/537.36"
216.244.66.233 - - [12/Mar/2018:18:55:54 -0700] "GET /img/autumn/8.jpg HTTP/1.1" 200 100218 "-" "Mozilla/5.0 (compatible; DotBot/1.1; http://www.opensiteexplorer.org/dotbot, help@moz.com)"
180.76.15.141 - - [12/Mar/2018:19:56:38 -0700] "GET /robots.txt HTTP/1.1" 404 208 "-" "Mozilla/5.0 (Windows NT 5.1; rv:6.0.2) Gecko/20100101 Firefox/6.0.2"
180.76.15.135 - - [12/Mar/2018:20:00:40 -0700] "GET / HTTP/1.1" 200 15893 "-" "Mozilla/5.0 (compatible; Baiduspider/2.0; +http://www.baidu.com/search/spider.html)"
185.198.167.29 - - [12/Mar/2018:20:01:13 -0700] "GET / HTTP/1.1" 200 15893 "-" "Mozilla/5.0 (X11; Ubuntu; Linux x86_64; rv:42.0) Gecko/20100101 Firefox/42.0"
216.244.66.233 - - [12/Mar/2018:20:09:03 -0700] "GET /robots.txt HTTP/1.1" 404 208 "-" "Mozilla/5.0 (compatible; DotBot/1.1; http://www.opensiteexplorer.org/dotbot, help@moz.com)"
151.80.39.237 - - [12/Mar/2018:20:12:34 -0700] "GET /robots.txt HTTP/1.1" 404 208 "-" "Mozilla/5.0 (compatible; AhrefsBot/5.2; +http://ahrefs.com/robot/)"
54.36.149.43 - - [12/Mar/2018:20:12:35 -0700] "GET /img/sfnoir/7.jpg HTTP/1.1" 200 122937 "-" "Mozilla/5.0 (compatible; AhrefsBot/5.2; +http://ahrefs.com/robot/)"
178.137.18.222 - - [12/Mar/2018:20:15:52 -0700] "GET / HTTP/1.1" 200 72658 "http://whoiswho.crimea.ua/" "Mozilla/4.0 (compatible; MSIE 6.0; Windows NT 5.1; KKman2.0)"
178.137.18.222 - - [12/Mar/2018:20:15:54 -0700] "GET / HTTP/1.1" 200 72658 "http://whoiswho.crimea.ua/" "Mozilla/4.0 (compatible; MSIE 6.0; Windows NT 5.1; KKman2.0)"
216.244.66.233 - - [12/Mar/2018:20:16:27 -0700] "GET /img/mixman/16.jpg HTTP/1.1" 200 113328 "-" "Mozilla/5.0 (compatible; DotBot/1.1; http://www.opensiteexplorer.org/dotbot, help@moz.com)"
216.244.66.233 - - [12/Mar/2018:20:16:29 -0700] "GET /img/njn/8.jpg HTTP/1.1" 200 124240 "-" "Mozilla/5.0 (compatible; DotBot/1.1; http://www.opensiteexplorer.org/dotbot, help@moz.com)"
144.76.30.241 - - [12/Mar/2018:20:24:16 -0700] "GET /robots.txt HTTP/1.1" 404 208 "-" "Mozilla/5.0 (compatible; MJ12bot/v1.4.8; http://mj12bot.com/)"
144.76.30.241 - - [12/Mar/2018:20:24:18 -0700] "GET / HTTP/1.1" 200 72658 "-" "Mozilla/5.0 (compatible; MJ12bot/v1.4.8; http://mj12bot.com/)"
216.244.66.233 - - [12/Mar/2018:20:36:33 -0700] "GET /robots.txt HTTP/1.1" 404 208 "-" "Mozilla/5.0 (compatible; DotBot/1.1; http://www.opensiteexplorer.org/dotbot, help@moz.com)"
216.244.66.233 - - [12/Mar/2018:20:43:53 -0700] "GET /img/mixman/9.jpg HTTP/1.1" 200 141085 "-" "Mozilla/5.0 (compatible; DotBot/1.1; http://www.opensiteexplorer.org/dotbot, help@moz.com)"
46.229.164.99 - - [12/Mar/2018:20:51:22 -0700] "GET /robots.txt HTTP/1.1" 404 208 "-" "Mozilla/5.0 (compatible; SemrushBot/1.2~bl; +http://www.semrush.com/bot.html)"
77.75.79.119 - - [12/Mar/2018:20:53:52 -0700] "GET /robots.txt HTTP/1.1" 404 208 "-" "Mozilla/5.0 (compatible; SeznamBot/3.2; +http://napoveda.seznam.cz/en/seznambot-intro/)"
77.75.79.119 - - [12/Mar/2018:20:53:54 -0700] "GET /img/oncekids-fujimini/thumbs/7.jpg HTTP/1.1" 304 - "-" "Mozilla/5.0 (compatible; SeznamBot/3.2; +http://napoveda.seznam.cz/en/seznambot-intro/)"
93.158.161.62 - - [12/Mar/2018:21:55:05 -0700] "GET /robots.txt HTTP/1.1" 404 208 "-" "Mozilla/5.0 (compatible; YandexBot/3.0; +http://yandex.com/bots)"
77.88.47.14 - - [12/Mar/2018:21:55:05 -0700] "GET /robots.txt HTTP/1.1" 404 208 "-" "Mozilla/5.0 (compatible; YandexBot/3.0; +http://yandex.com/bots)"
93.158.161.62 - - [12/Mar/2018:21:55:08 -0700] "GET / HTTP/1.1" 200 15893 "-" "Mozilla/5.0 (compatible; YandexBot/3.0; +http://yandex.com/bots)"
93.158.161.62 - - [12/Mar/2018:21:55:09 -0700] "GET / HTTP/1.1" 200 15893 "-" "Mozilla/5.0 (compatible; YandexBot/3.0; +http://yandex.com/bots)"
77.75.78.166 - - [12/Mar/2018:22:01:59 -0700] "GET /robots.txt HTTP/1.1" 404 208 "-" "Mozilla/5.0 (compatible; SeznamBot/3.2; +http://napoveda.seznam.cz/en/seznambot-intro/)"
77.75.78.166 - - [12/Mar/2018:22:02:01 -0700] "GET /img/sfnoir/5.jpg HTTP/1.1" 304 - "-" "Mozilla/5.0 (compatible; SeznamBot/3.2; +http://napoveda.seznam.cz/en/seznambot-intro/)"
134.249.48.151 - - [12/Mar/2018:22:11:58 -0700] "GET / HTTP/1.1" 200 72658 "http://antonovich-design.com.ua/" "Mozilla/4.0 (compatible; MSIE 6.0; Windows NT 5.1; ru) Opera 8.01"
134.249.48.151 - - [12/Mar/2018:22:11:59 -0700] "GET / HTTP/1.1" 200 72658 "http://antonovich-design.com.ua/" "Mozilla/4.0 (compatible; MSIE 6.0; Windows NT 5.1; ru) Opera 8.01"
134.249.48.151 - - [12/Mar/2018:22:12:00 -0700] "GET / HTTP/1.1" 200 72658 "http://antonovich-design.com.ua/" "Mozilla/4.0 (compatible; MSIE 6.0; Windows NT 5.1; ru) Opera 8.01"
46.119.126.51 - - [12/Mar/2018:22:20:18 -0700] "GET / HTTP/1.1" 200 72658 "https://pills24h.com/buy-levitra-online-without-prescription/" "Mozilla/4.0 (compatible; MSIE 6.0; Windows NT 5.1; ru) Opera 8.01"
46.119.126.51 - - [12/Mar/2018:22:20:19 -0700] "GET / HTTP/1.1" 200 72658 "https://pills24h.com/buy-levitra-online-without-prescription/" "Mozilla/4.0 (compatible; MSIE 6.0; Windows NT 5.1; ru) Opera 8.01"
46.119.126.51 - - [12/Mar/2018:22:20:20 -0700] "GET / HTTP/1.1" 200 72658 "https://pills24h.com/buy-levitra-online-without-prescription/" "Mozilla/4.0 (compatible; MSIE 6.0; Windows NT 5.1; ru) Opera 8.01"
216.244.66.233 - - [12/Mar/2018:22:44:04 -0700] "GET /robots.txt HTTP/1.1" 404 208 "-" "Mozilla/5.0 (compatible; DotBot/1.1; http://www.opensiteexplorer.org/dotbot, help@moz.com)"
178.159.37.55 - - [12/Mar/2018:22:44:18 -0700] "GET / HTTP/1.1" 200 72658 "http://komukc.com.ua/" "Opera/7.54 (Windows NT 5.1; U)  [pl]"
178.159.37.55 - - [12/Mar/2018:22:44:18 -0700] "GET / HTTP/1.1" 200 72658 "http://komukc.com.ua/" "Opera/7.54 (Windows NT 5.1; U)  [pl]"
178.159.37.55 - - [12/Mar/2018:22:44:19 -0700] "GET / HTTP/1.1" 200 72658 "http://komukc.com.ua/" "Opera/7.54 (Windows NT 5.1; U)  [pl]"
216.244.66.233 - - [12/Mar/2018:22:52:02 -0700] "GET /img/bs4w/5.jpg HTTP/1.1" 200 42135 "-" "Mozilla/5.0 (compatible; DotBot/1.1; http://www.opensiteexplorer.org/dotbot, help@moz.com)"
77.75.76.164 - - [12/Mar/2018:22:56:03 -0700] "GET /robots.txt HTTP/1.1" 404 208 "-" "Mozilla/5.0 (compatible; SeznamBot/3.2; +http://napoveda.seznam.cz/en/seznambot-intro/)"
77.75.76.164 - - [12/Mar/2018:22:56:05 -0700] "GET /img/bs4w/thumbs/5.jpg HTTP/1.1" 304 - "-" "Mozilla/5.0 (compatible; SeznamBot/3.2; +http://napoveda.seznam.cz/en/seznambot-intro/)"
54.36.148.185 - - [12/Mar/2018:23:11:45 -0700] "GET /img/autumn/6.jpg HTTP/1.1" 200 149484 "-" "Mozilla/5.0 (compatible; AhrefsBot/5.2; +http://ahrefs.com/robot/)"
66.249.65.110 - - [12/Mar/2018:23:17:30 -0700] "GET /robots.txt HTTP/1.1" 404 208 "-" "Mozilla/5.0 (compatible; Googlebot/2.1; +http://www.google.com/bot.html)"
66.249.65.108 - - [12/Mar/2018:23:17:31 -0700] "GET / HTTP/1.1" 200 15893 "-" "Mozilla/5.0 (Linux; Android 6.0.1; Nexus 5X Build/MMB29P) AppleWebKit/537.36 (KHTML, like Gecko) Chrome/41.0.2272.96 Mobile Safari/537.36 (compatible; Googlebot/2.1; +http://www.google.com/bot.html)"
66.249.65.108 - - [12/Mar/2018:23:17:34 -0700] "GET /css/bootstrap.min.css HTTP/1.1" 200 11249 "http://rndsquared.com/" "Mozilla/5.0 (compatible; Googlebot/2.1; +http://www.google.com/bot.html)"
66.249.65.110 - - [12/Mar/2018:23:17:34 -0700] "GET /css/styles.css HTTP/1.1" 200 1975 "http://rndsquared.com/" "Mozilla/5.0 (compatible; Googlebot/2.1; +http://www.google.com/bot.html)"
66.249.65.108 - - [12/Mar/2018:23:17:36 -0700] "GET /css/lightbox.css HTTP/1.1" 200 1003 "http://rndsquared.com/" "Mozilla/5.0 (compatible; Googlebot/2.1; +http://www.google.com/bot.html)"
216.244.66.233 - - [12/Mar/2018:23:18:23 -0700] "GET /robots.txt HTTP/1.1" 404 208 "-" "Mozilla/5.0 (compatible; DotBot/1.1; http://www.opensiteexplorer.org/dotbot, help@moz.com)"
216.244.66.233 - - [12/Mar/2018:23:26:08 -0700] "GET /img/wu-wei/3.jpg HTTP/1.1" 200 173337 "-" "Mozilla/5.0 (compatible; DotBot/1.1; http://www.opensiteexplorer.org/dotbot, help@moz.com)"
46.229.164.100 - - [13/Mar/2018:00:26:33 -0700] "GET /robots.txt HTTP/1.1" 404 208 "-" "Mozilla/5.0 (compatible; SemrushBot/1.2~bl; +http://www.semrush.com/bot.html)"
77.75.78.171 - - [13/Mar/2018:00:40:30 -0700] "GET /robots.txt HTTP/1.1" 404 208 "-" "Mozilla/5.0 (compatible; SeznamBot/3.2; +http://napoveda.seznam.cz/en/seznambot-intro/)"
77.75.78.171 - - [13/Mar/2018:00:40:41 -0700] "GET /img/bs4w/thumbs/2.jpg HTTP/1.1" 304 - "-" "Mozilla/5.0 (compatible; SeznamBot/3.2; +http://napoveda.seznam.cz/en/seznambot-intro/)"
66.249.65.108 - - [13/Mar/2018:00:50:29 -0700] "GET / HTTP/1.1" 200 15893 "-" "Mozilla/5.0 (Linux; Android 6.0.1; Nexus 5X Build/MMB29P) AppleWebKit/537.36 (KHTML, like Gecko) Chrome/41.0.2272.96 Mobile Safari/537.36 (compatible; Googlebot/2.1; +http://www.google.com/bot.html)"
77.75.79.32 - - [13/Mar/2018:00:55:24 -0700] "GET /robots.txt HTTP/1.1" 404 208 "-" "Mozilla/5.0 (compatible; SeznamBot/3.2; +http://napoveda.seznam.cz/en/seznambot-intro/)"
77.75.79.32 - - [13/Mar/2018:00:55:26 -0700] "GET /img/oncekids-fujimini/3.jpg HTTP/1.1" 304 - "-" "Mozilla/5.0 (compatible; SeznamBot/3.2; +http://napoveda.seznam.cz/en/seznambot-intro/)"
54.36.148.53 - - [13/Mar/2018:01:58:18 -0700] "GET /img/njn/7.jpg HTTP/1.1" 200 116420 "-" "Mozilla/5.0 (compatible; AhrefsBot/5.2; +http://ahrefs.com/robot/)"
77.75.77.36 - - [13/Mar/2018:02:34:19 -0700] "GET /robots.txt HTTP/1.1" 404 208 "-" "Mozilla/5.0 (compatible; SeznamBot/3.2; +http://napoveda.seznam.cz/en/seznambot-intro/)"
77.75.77.36 - - [13/Mar/2018:02:34:21 -0700] "GET /img/mixman/thumbs/4.jpg HTTP/1.1" 304 - "-" "Mozilla/5.0 (compatible; SeznamBot/3.2; +http://napoveda.seznam.cz/en/seznambot-intro/)"
216.244.66.233 - - [13/Mar/2018:05:51:06 -0700] "GET /robots.txt HTTP/1.1" 404 208 "-" "Mozilla/5.0 (compatible; DotBot/1.1; http://www.opensiteexplorer.org/dotbot, help@moz.com)"
216.244.66.233 - - [13/Mar/2018:05:59:03 -0700] "GET /img/wu-wei/7.jpg HTTP/1.1" 200 293352 "-" "Mozilla/5.0 (compatible; DotBot/1.1; http://www.opensiteexplorer.org/dotbot, help@moz.com)"
85.76.99.76 - - [13/Mar/2018:06:39:24 -0700] "GET /img/autumn/thumbs/2.jpg HTTP/1.1" 200 45196 "-" "Mozilla/5.0 (Linux; Android 8.0.0; TA-1021 Build/OPR1.170623.026; wv) AppleWebKit/537.36 (KHTML, like Gecko) Version/4.0 Chrome/64.0.3282.137 Mobile Safari/537.36 GSA/7.21.23.21.arm64"
54.36.149.32 - - [13/Mar/2018:06:40:52 -0700] "GET /img/mixman/16.jpg HTTP/1.1" 200 113328 "-" "Mozilla/5.0 (compatible; AhrefsBot/5.2; +http://ahrefs.com/robot/)"
185.167.160.7 - - [13/Mar/2018:06:49:24 -0700] "GET / HTTP/1.1" 200 15893 "-" "Mozilla/5.0 (Windows NT 5.1; rv:7.0.1) Gecko/20100101 Firefox/7.0.1"
185.167.160.7 - - [13/Mar/2018:06:49:26 -0700] "GET /?name=5aa7d6eb7edaa&email=doccaroo%40charter.net&weJHlkUY=doccaroo%40charter.net&message=& HTTP/1.1" 200 15893 "http://rndsquared.com/" "Mozilla/5.0 (Windows NT 5.1; rv:7.0.1) Gecko/20100101 Firefox/7.0.1"
217.182.192.89 - - [13/Mar/2018:07:02:54 -0700] "GET /robots.txt HTTP/1.1" 404 208 "-" "Barkrowler/0.7 (+http://www.exensa.com/crawl)"
217.182.192.89 - - [13/Mar/2018:07:03:06 -0700] "GET / HTTP/1.1" 200 15893 "-" "Barkrowler/0.7 (+http://www.exensa.com/crawl)"
77.75.76.164 - - [13/Mar/2018:07:11:10 -0700] "GET /robots.txt HTTP/1.1" 404 208 "-" "Mozilla/5.0 (compatible; SeznamBot/3.2; +http://napoveda.seznam.cz/en/seznambot-intro/)"
77.75.76.164 - - [13/Mar/2018:07:11:12 -0700] "GET /img/oncekids-fujimini/thumbs/4.jpg HTTP/1.1" 304 - "-" "Mozilla/5.0 (compatible; SeznamBot/3.2; +http://napoveda.seznam.cz/en/seznambot-intro/)"
40.77.167.36 - - [13/Mar/2018:07:16:45 -0700] "GET / HTTP/1.1" 200 15893 "-" "Mozilla/5.0 (compatible; bingbot/2.0; +http://www.bing.com/bingbot.htm)"
134.249.48.151 - - [13/Mar/2018:07:25:24 -0700] "GET / HTTP/1.1" 200 72658 "https://animenime.ru/" "Mozilla/4.0 (compatible; MSIE 6.0; Windows NT 5.1; SV1; .NET CLR 1.1.4322)"
134.249.48.151 - - [13/Mar/2018:07:25:25 -0700] "GET / HTTP/1.1" 200 72658 "https://animenime.ru/" "Mozilla/4.0 (compatible; MSIE 6.0; Windows NT 5.1; SV1; .NET CLR 1.1.4322)"
134.249.48.151 - - [13/Mar/2018:07:25:26 -0700] "GET / HTTP/1.1" 200 72658 "https://animenime.ru/" "Mozilla/4.0 (compatible; MSIE 6.0; Windows NT 5.1; SV1; .NET CLR 1.1.4322)"
216.244.66.233 - - [13/Mar/2018:07:39:32 -0700] "GET /robots.txt HTTP/1.1" 404 208 "-" "Mozilla/5.0 (compatible; DotBot/1.1; http://www.opensiteexplorer.org/dotbot, help@moz.com)"
216.244.66.233 - - [13/Mar/2018:07:47:44 -0700] "GET /img/wu-wei/4.jpg HTTP/1.1" 200 279891 "-" "Mozilla/5.0 (compatible; DotBot/1.1; http://www.opensiteexplorer.org/dotbot, help@moz.com)"
64.229.160.135 - - [13/Mar/2018:08:36:40 -0700] "GET /img/autumn/thumbs/2.jpg HTTP/1.1" 200 45196 "-" "Mozilla/5.0 (Windows NT 6.1; WOW64; Trident/7.0; rv:11.0) like Gecko"
144.217.80.115 - - [13/Mar/2018:08:38:37 -0700] "GET /robots.txt HTTP/1.1" 404 208 "-" "Mozilla/5.0 (compatible; ExtLinksBot/1.5; +https://extlinks.com/Bot.html)"
144.217.80.115 - - [13/Mar/2018:08:38:45 -0700] "GET / HTTP/1.1" 200 15893 "-" "Mozilla/5.0 (compatible; ExtLinksBot/1.5; +https://extlinks.com/Bot.html)"
178.159.37.55 - - [13/Mar/2018:09:12:37 -0700] "GET / HTTP/1.1" 200 72658 "http://metallo-konstruktsii.ru/" "Mozilla/4.0 (compatible; MSIE 5.5; Windows NT 5.0; T312461)"
178.159.37.55 - - [13/Mar/2018:09:12:38 -0700] "GET / HTTP/1.1" 200 72658 "http://metallo-konstruktsii.ru/" "Mozilla/4.0 (compatible; MSIE 5.5; Windows NT 5.0; T312461)"
178.159.37.55 - - [13/Mar/2018:09:12:38 -0700] "GET / HTTP/1.1" 200 72658 "http://metallo-konstruktsii.ru/" "Mozilla/4.0 (compatible; MSIE 5.5; Windows NT 5.0; T312461)"
46.229.164.99 - - [13/Mar/2018:09:26:47 -0700] "GET /robots.txt HTTP/1.1" 404 208 "-" "Mozilla/5.0 (compatible; SemrushBot/1.2~bl; +http://www.semrush.com/bot.html)"
77.75.78.171 - - [13/Mar/2018:11:10:55 -0700] "GET /robots.txt HTTP/1.1" 404 208 "-" "Mozilla/5.0 (compatible; SeznamBot/3.2; +http://napoveda.seznam.cz/en/seznambot-intro/)"
77.75.78.171 - - [13/Mar/2018:11:10:57 -0700] "GET /img/sfnoir/thumbs/3.jpg HTTP/1.1" 304 - "-" "Mozilla/5.0 (compatible; SeznamBot/3.2; +http://napoveda.seznam.cz/en/seznambot-intro/)"
66.249.75.195 - - [13/Mar/2018:12:14:08 -0700] "GET /robots.txt HTTP/1.1" 404 208 "-" "Mozilla/5.0 (compatible; Googlebot/2.1; +http://www.google.com/bot.html)"
66.249.75.195 - - [13/Mar/2018:12:14:08 -0700] "GET / HTTP/1.1" 200 15893 "-" "Mozilla/5.0 (compatible; Googlebot/2.1; +http://www.google.com/bot.html)"
66.249.75.195 - - [13/Mar/2018:12:14:10 -0700] "GET /css/styles.css HTTP/1.1" 200 1975 "http://rndsquared.com/" "Mozilla/5.0 (compatible; Googlebot/2.1; +http://www.google.com/bot.html)"
66.249.75.192 - - [13/Mar/2018:12:14:11 -0700] "GET /css/bootstrap.min.css HTTP/1.1" 200 11249 "http://rndsquared.com/" "Mozilla/5.0 (compatible; Googlebot/2.1; +http://www.google.com/bot.html)"
66.249.75.192 - - [13/Mar/2018:12:14:11 -0700] "GET /css/lightbox.css HTTP/1.1" 200 1003 "http://rndsquared.com/" "Mozilla/5.0 (compatible; Googlebot/2.1; +http://www.google.com/bot.html)"
73.71.74.9 - - [13/Mar/2018:12:22:08 -0700] "GET / HTTP/1.1" 200 15893 "-" "Mozilla/5.0 (Macintosh; Intel Mac OS X 10_12_5) AppleWebKit/603.2.4 (KHTML, like Gecko)"
73.71.74.9 - - [13/Mar/2018:12:22:08 -0700] "GET /apple-touch-icon-precomposed.png HTTP/1.1" 404 230 "-" "Safari/12603.2.4 CFNetwork/811.5.4 Darwin/16.6.0 (x86_64)"
73.71.74.9 - - [13/Mar/2018:12:22:08 -0700] "GET /apple-touch-icon.png HTTP/1.1" 404 218 "-" "Safari/12603.2.4 CFNetwork/811.5.4 Darwin/16.6.0 (x86_64)"
73.71.74.9 - - [13/Mar/2018:12:22:08 -0700] "GET /favicon.ico HTTP/1.1" 404 209 "-" "Safari/12603.2.4 CFNetwork/811.5.4 Darwin/16.6.0 (x86_64)"
73.71.74.9 - - [13/Mar/2018:12:22:08 -0700] "GET /apple-touch-icon-precomposed.png HTTP/1.1" 404 230 "-" "Safari/12603.2.4 CFNetwork/811.5.4 Darwin/16.6.0 (x86_64)"
73.71.74.9 - - [13/Mar/2018:12:22:08 -0700] "GET /apple-touch-icon.png HTTP/1.1" 404 218 "-" "Safari/12603.2.4 CFNetwork/811.5.4 Darwin/16.6.0 (x86_64)"
73.71.74.9 - - [13/Mar/2018:12:22:08 -0700] "GET /favicon.ico HTTP/1.1" 404 209 "-" "Safari/12603.2.4 CFNetwork/811.5.4 Darwin/16.6.0 (x86_64)"
73.71.74.9 - - [13/Mar/2018:12:22:08 -0700] "GET / HTTP/1.1" 200 15893 "-" "Mozilla/5.0 (iPhone; CPU iPhone OS 10_0 like Mac OS X) AppleWebKit/602.1.38 (KHTML, like Gecko) Version/10.0 Mobile/14A300 Safari/602.1"
73.71.74.9 - - [13/Mar/2018:12:22:09 -0700] "GET /apple-touch-icon-precomposed.png HTTP/1.1" 404 230 "-" "Safari/12603.2.4 CFNetwork/811.5.4 Darwin/16.6.0 (x86_64)"
73.71.74.9 - - [13/Mar/2018:12:22:09 -0700] "GET /apple-touch-icon.png HTTP/1.1" 404 218 "-" "Safari/12603.2.4 CFNetwork/811.5.4 Darwin/16.6.0 (x86_64)"
73.71.74.9 - - [13/Mar/2018:12:22:09 -0700] "GET /favicon.ico HTTP/1.1" 404 209 "-" "Safari/12603.2.4 CFNetwork/811.5.4 Darwin/16.6.0 (x86_64)"
73.71.74.9 - - [13/Mar/2018:12:22:09 -0700] "GET /apple-touch-icon-precomposed.png HTTP/1.1" 404 230 "-" "Safari/12603.2.4 CFNetwork/811.5.4 Darwin/16.6.0 (x86_64)"
73.71.74.9 - - [13/Mar/2018:12:22:09 -0700] "GET /apple-touch-icon.png HTTP/1.1" 404 218 "-" "Safari/12603.2.4 CFNetwork/811.5.4 Darwin/16.6.0 (x86_64)"
73.71.74.9 - - [13/Mar/2018:12:22:09 -0700] "GET /favicon.ico HTTP/1.1" 404 209 "-" "Safari/12603.2.4 CFNetwork/811.5.4 Darwin/16.6.0 (x86_64)"
66.249.69.116 - - [13/Mar/2018:12:24:07 -0700] "GET /robots.txt HTTP/1.1" 404 208 "-" "Mozilla/5.0 (compatible; Googlebot/2.1; +http://www.google.com/bot.html)"
66.249.69.112 - - [13/Mar/2018:12:24:07 -0700] "GET / HTTP/1.1" 200 15893 "-" "Mozilla/5.0 (compatible; Googlebot/2.1; +http://www.google.com/bot.html)"
66.249.69.112 - - [13/Mar/2018:12:24:17 -0700] "GET /css/bootstrap.min.css HTTP/1.1" 200 11249 "http://www.rndsquared.com/" "Mozilla/5.0 (compatible; Googlebot/2.1; +http://www.google.com/bot.html)"
66.249.69.112 - - [13/Mar/2018:12:24:17 -0700] "GET /css/styles.css HTTP/1.1" 200 1975 "http://www.rndsquared.com/" "Mozilla/5.0 (compatible; Googlebot/2.1; +http://www.google.com/bot.html)"
66.249.69.112 - - [13/Mar/2018:12:24:18 -0700] "GET /css/lightbox.css HTTP/1.1" 200 1003 "http://www.rndsquared.com/" "Mozilla/5.0 (compatible; Googlebot/2.1; +http://www.google.com/bot.html)"
46.229.164.100 - - [13/Mar/2018:12:44:29 -0700] "GET /robots.txt HTTP/1.1" 404 208 "-" "Mozilla/5.0 (compatible; SemrushBot/1.2~bl; +http://www.semrush.com/bot.html)"
46.119.126.51 - - [13/Mar/2018:12:46:02 -0700] "GET / HTTP/1.1" 200 72658 "http://www.yur-p.ru/" "Mozilla/4.0 (compatible; MSIE 6.0; Windows ME) Opera 7.11  [en]"
77.75.78.164 - - [13/Mar/2018:13:36:37 -0700] "GET /robots.txt HTTP/1.1" 404 208 "-" "Mozilla/5.0 (compatible; SeznamBot/3.2; +http://napoveda.seznam.cz/en/seznambot-intro/)"
77.75.78.164 - - [13/Mar/2018:13:36:39 -0700] "GET /img/njn/6.jpg HTTP/1.1" 304 - "-" "Mozilla/5.0 (compatible; SeznamBot/3.2; +http://napoveda.seznam.cz/en/seznambot-intro/)"
54.36.148.216 - - [13/Mar/2018:14:09:33 -0700] "GET /img/sfnoir/2.jpg HTTP/1.1" 200 81708 "-" "Mozilla/5.0 (compatible; AhrefsBot/5.2; +http://ahrefs.com/robot/)"
77.75.76.170 - - [13/Mar/2018:14:23:36 -0700] "GET /robots.txt HTTP/1.1" 404 208 "-" "Mozilla/5.0 (compatible; SeznamBot/3.2; +http://napoveda.seznam.cz/en/seznambot-intro/)"
77.75.76.170 - - [13/Mar/2018:14:23:40 -0700] "GET /img/mixman/10.jpg HTTP/1.1" 304 - "-" "Mozilla/5.0 (compatible; SeznamBot/3.2; +http://napoveda.seznam.cz/en/seznambot-intro/)"
54.36.148.198 - - [13/Mar/2018:14:31:52 -0700] "GET /img/njn/6.jpg HTTP/1.1" 200 125438 "-" "Mozilla/5.0 (compatible; AhrefsBot/5.2; +http://ahrefs.com/robot/)"
138.210.32.249 - - [13/Mar/2018:14:43:17 -0700] "GET /img/autumn/thumbs/7.jpg HTTP/1.1" 200 25117 "https://www.google.com/" "Mozilla/5.0 (Macintosh; Intel Mac OS X 10_13_2) AppleWebKit/537.36 (KHTML, like Gecko) Chrome/64.0.3282.186 Safari/537.36"
98.236.108.95 - - [13/Mar/2018:15:08:43 -0700] "GET /img/autumn/thumbs/2.jpg HTTP/1.1" 200 45196 "https://www.google.com/" "Mozilla/5.0 (iPhone; CPU iPhone OS 11_2_6 like Mac OS X) AppleWebKit/604.5.6 (KHTML, like Gecko) Version/11.0 Mobile/15D100 Safari/604.1"
134.249.48.151 - - [13/Mar/2018:15:26:50 -0700] "GET / HTTP/1.1" 200 72658 "http://aibolita.com/" "Mozilla/4.0 (compatible; MSIE 6.0; Windows NT 5.0; Avant Browser [avantbrowser.com]; Hotbar 4.4.5.0)"
134.249.48.151 - - [13/Mar/2018:15:26:50 -0700] "GET / HTTP/1.1" 200 72658 "http://aibolita.com/" "Mozilla/4.0 (compatible; MSIE 6.0; Windows NT 5.0; Avant Browser [avantbrowser.com]; Hotbar 4.4.5.0)"
134.249.48.151 - - [13/Mar/2018:15:26:51 -0700] "GET / HTTP/1.1" 200 72658 "http://aibolita.com/" "Mozilla/4.0 (compatible; MSIE 6.0; Windows NT 5.0; Avant Browser [avantbrowser.com]; Hotbar 4.4.5.0)"
77.75.79.101 - - [13/Mar/2018:15:35:10 -0700] "GET /robots.txt HTTP/1.1" 404 208 "-" "Mozilla/5.0 (compatible; SeznamBot/3.2; +http://napoveda.seznam.cz/en/seznambot-intro/)"
77.75.79.101 - - [13/Mar/2018:15:35:12 -0700] "GET /img/wu-wei/9.jpg HTTP/1.1" 304 - "-" "Mozilla/5.0 (compatible; SeznamBot/3.2; +http://napoveda.seznam.cz/en/seznambot-intro/)"
77.75.77.11 - - [13/Mar/2018:16:26:02 -0700] "GET /robots.txt HTTP/1.1" 404 208 "-" "Mozilla/5.0 (compatible; SeznamBot/3.2; +http://napoveda.seznam.cz/en/seznambot-intro/)"
77.75.77.11 - - [13/Mar/2018:16:26:41 -0700] "GET /img/urban-cowgirl/4.jpg HTTP/1.1" 304 - "-" "Mozilla/5.0 (compatible; SeznamBot/3.2; +http://napoveda.seznam.cz/en/seznambot-intro/)"
77.75.76.167 - - [13/Mar/2018:17:10:36 -0700] "GET /robots.txt HTTP/1.1" 404 208 "-" "Mozilla/5.0 (compatible; SeznamBot/3.2; +http://napoveda.seznam.cz/en/seznambot-intro/)"
77.75.76.167 - - [13/Mar/2018:17:10:38 -0700] "GET /img/bs4w/8.jpg HTTP/1.1" 304 - "-" "Mozilla/5.0 (compatible; SeznamBot/3.2; +http://napoveda.seznam.cz/en/seznambot-intro/)"
35.172.137.78 - - [13/Mar/2018:17:24:11 -0700] "GET / HTTP/1.1" 200 72658 "-" "Mozilla/5.0 (X11; Linux x86_64) AppleWebKit/537.36 (KHTML, like Gecko) Chrome/58.0.3029.110 Safari/537.36"
78.158.28.10 - - [13/Mar/2018:17:38:06 -0700] "GET / HTTP/1.0" 200 72658 "http://www.google.com/url?sa=t&rct=j&q=rndsquared.com&source=web&cd=5&ved=0CF0QFjAE&url=http:%2F%2Frndsquared.com%2F&cad=rja" "Lynx/2.8.5rel.1 libwww-FM/2.15FC SSL-MM/1.4.1c OpenSSL/0.9.7e-dev"
78.158.28.10 - - [13/Mar/2018:17:38:06 -0700] "GET / HTTP/1.0" 200 72658 "http://rndsquared.com/" "Lynx/2.8.5rel.1 libwww-FM/2.15FC SSL-MM/1.4.1c OpenSSL/0.9.7e-dev"
77.75.76.166 - - [13/Mar/2018:17:56:56 -0700] "GET /robots.txt HTTP/1.1" 404 208 "-" "Mozilla/5.0 (compatible; SeznamBot/3.2; +http://napoveda.seznam.cz/en/seznambot-intro/)"
77.75.76.166 - - [13/Mar/2018:17:56:57 -0700] "GET /img/sfnoir/6.jpg HTTP/1.1" 304 - "-" "Mozilla/5.0 (compatible; SeznamBot/3.2; +http://napoveda.seznam.cz/en/seznambot-intro/)"
77.75.79.54 - - [13/Mar/2018:18:58:26 -0700] "GET /robots.txt HTTP/1.1" 404 208 "-" "Mozilla/5.0 (compatible; SeznamBot/3.2; +http://napoveda.seznam.cz/en/seznambot-intro/)"
77.75.79.54 - - [13/Mar/2018:18:58:28 -0700] "GET /img/mixman/5.jpg HTTP/1.1" 304 - "-" "Mozilla/5.0 (compatible; SeznamBot/3.2; +http://napoveda.seznam.cz/en/seznambot-intro/)"
54.36.148.147 - - [13/Mar/2018:19:21:05 -0700] "GET /img/mixman/1.jpg HTTP/1.1" 200 146374 "-" "Mozilla/5.0 (compatible; AhrefsBot/5.2; +http://ahrefs.com/robot/)"
216.244.66.233 - - [13/Mar/2018:19:35:43 -0700] "GET /robots.txt HTTP/1.1" 404 208 "-" "Mozilla/5.0 (compatible; DotBot/1.1; http://www.opensiteexplorer.org/dotbot, help@moz.com)"
207.46.13.191 - - [13/Mar/2018:19:38:09 -0700] "GET / HTTP/1.1" 200 15893 "-" "Mozilla/5.0 (compatible; bingbot/2.0; +http://www.bing.com/bingbot.htm)"
216.244.66.233 - - [13/Mar/2018:19:43:50 -0700] "GET /img/mixman/6.jpg HTTP/1.1" 200 105501 "-" "Mozilla/5.0 (compatible; DotBot/1.1; http://www.opensiteexplorer.org/dotbot, help@moz.com)"
216.244.66.233 - - [13/Mar/2018:19:43:52 -0700] "GET /img/mixman/7.jpg HTTP/1.1" 200 107323 "-" "Mozilla/5.0 (compatible; DotBot/1.1; http://www.opensiteexplorer.org/dotbot, help@moz.com)"
216.244.66.233 - - [13/Mar/2018:20:03:27 -0700] "GET /robots.txt HTTP/1.1" 404 208 "-" "Mozilla/5.0 (compatible; DotBot/1.1; http://www.opensiteexplorer.org/dotbot, help@moz.com)"
136.243.68.226 - - [13/Mar/2018:20:08:12 -0700] "GET /robots.txt HTTP/1.1" 404 208 "-" "Mozilla/5.0 (compatible; MJ12bot/v1.4.8; http://mj12bot.com/)"
136.243.68.226 - - [13/Mar/2018:20:08:13 -0700] "GET / HTTP/1.1" 200 72658 "-" "Mozilla/5.0 (compatible; MJ12bot/v1.4.8; http://mj12bot.com/)"
216.244.66.233 - - [13/Mar/2018:20:11:37 -0700] "GET /img/njn/1.jpg HTTP/1.1" 200 88793 "-" "Mozilla/5.0 (compatible; DotBot/1.1; http://www.opensiteexplorer.org/dotbot, help@moz.com)"
216.244.66.233 - - [13/Mar/2018:20:11:40 -0700] "GET /img/njn/5.jpg HTTP/1.1" 200 117364 "-" "Mozilla/5.0 (compatible; DotBot/1.1; http://www.opensiteexplorer.org/dotbot, help@moz.com)"
136.243.73.76 - - [13/Mar/2018:20:28:23 -0700] "GET /robots.txt HTTP/1.1" 404 208 "-" "Mozilla/5.0 (compatible; MJ12bot/v1.4.8; http://mj12bot.com/)"
136.243.73.76 - - [13/Mar/2018:20:28:25 -0700] "GET / HTTP/1.1" 200 72658 "-" "Mozilla/5.0 (compatible; MJ12bot/v1.4.8; http://mj12bot.com/)"
216.244.66.233 - - [13/Mar/2018:20:31:21 -0700] "GET /robots.txt HTTP/1.1" 404 208 "-" "Mozilla/5.0 (compatible; DotBot/1.1; http://www.opensiteexplorer.org/dotbot, help@moz.com)"
216.244.66.233 - - [13/Mar/2018:20:39:20 -0700] "GET /img/bs4w/1.jpg HTTP/1.1" 200 61424 "-" "Mozilla/5.0 (compatible; DotBot/1.1; http://www.opensiteexplorer.org/dotbot, help@moz.com)"
77.75.79.54 - - [13/Mar/2018:20:45:11 -0700] "GET /robots.txt HTTP/1.1" 404 208 "-" "Mozilla/5.0 (compatible; SeznamBot/3.2; +http://napoveda.seznam.cz/en/seznambot-intro/)"
77.75.79.54 - - [13/Mar/2018:20:45:17 -0700] "GET /img/njn/1.jpg HTTP/1.1" 304 - "-" "Mozilla/5.0 (compatible; SeznamBot/3.2; +http://napoveda.seznam.cz/en/seznambot-intro/)"
46.229.164.99 - - [13/Mar/2018:21:57:09 -0700] "GET /robots.txt HTTP/1.1" 404 208 "-" "Mozilla/5.0 (compatible; SemrushBot/1.2~bl; +http://www.semrush.com/bot.html)"
77.75.79.95 - - [13/Mar/2018:22:22:12 -0700] "GET /img/njn/4.jpg HTTP/1.1" 304 - "-" "Mozilla/5.0 (compatible; SeznamBot/3.2; +http://napoveda.seznam.cz/en/seznambot-intro/)"
77.75.76.165 - - [13/Mar/2018:22:53:04 -0700] "GET /robots.txt HTTP/1.1" 404 208 "-" "Mozilla/5.0 (compatible; SeznamBot/3.2; +http://napoveda.seznam.cz/en/seznambot-intro/)"
77.75.76.165 - - [13/Mar/2018:22:53:06 -0700] "GET /img/sfnoir/1.jpg HTTP/1.1" 304 - "-" "Mozilla/5.0 (compatible; SeznamBot/3.2; +http://napoveda.seznam.cz/en/seznambot-intro/)"
138.68.180.18 - - [13/Mar/2018:23:03:33 -0700] "GET / HTTP/1.1" 200 15893 "-" "Mozilla/5.0 (Windows NT 6.0) AppleWebKit/537.36 (KHTML, like Gecko) Chrome/34.0.1847.116 Safari/537.36"
37.115.112.228 - - [13/Mar/2018:23:24:23 -0700] "GET / HTTP/1.1" 200 72658 "https://4inn.ru/" "Mozilla/4.0 (compatible; MSIE 6.0; Windows NT 5.1; SV1; FunWebProducts)"
37.115.112.228 - - [13/Mar/2018:23:24:24 -0700] "GET / HTTP/1.1" 200 72658 "https://4inn.ru/" "Mozilla/4.0 (compatible; MSIE 6.0; Windows NT 5.1; SV1; FunWebProducts)"
37.115.112.228 - - [13/Mar/2018:23:24:24 -0700] "GET / HTTP/1.1" 200 72658 "https://4inn.ru/" "Mozilla/4.0 (compatible; MSIE 6.0; Windows NT 5.1; SV1; FunWebProducts)"
73.71.74.9 - - [13/Mar/2018:23:37:19 -0700] "GET / HTTP/1.1" 200 15893 "-" "Mozilla/5.0 (Macintosh; Intel Mac OS X 10_12_5) AppleWebKit/603.2.4 (KHTML, like Gecko)"
73.71.74.9 - - [13/Mar/2018:23:37:19 -0700] "GET /apple-touch-icon-precomposed.png HTTP/1.1" 404 230 "-" "Safari/12603.2.4 CFNetwork/811.5.4 Darwin/16.6.0 (x86_64)"
73.71.74.9 - - [13/Mar/2018:23:37:19 -0700] "GET /apple-touch-icon.png HTTP/1.1" 404 218 "-" "Safari/12603.2.4 CFNetwork/811.5.4 Darwin/16.6.0 (x86_64)"
73.71.74.9 - - [13/Mar/2018:23:37:19 -0700] "GET /favicon.ico HTTP/1.1" 404 209 "-" "Safari/12603.2.4 CFNetwork/811.5.4 Darwin/16.6.0 (x86_64)"
73.71.74.9 - - [13/Mar/2018:23:37:19 -0700] "GET /apple-touch-icon-precomposed.png HTTP/1.1" 404 230 "-" "Safari/12603.2.4 CFNetwork/811.5.4 Darwin/16.6.0 (x86_64)"
73.71.74.9 - - [13/Mar/2018:23:37:19 -0700] "GET /apple-touch-icon.png HTTP/1.1" 404 218 "-" "Safari/12603.2.4 CFNetwork/811.5.4 Darwin/16.6.0 (x86_64)"
73.71.74.9 - - [13/Mar/2018:23:37:19 -0700] "GET /favicon.ico HTTP/1.1" 404 209 "-" "Safari/12603.2.4 CFNetwork/811.5.4 Darwin/16.6.0 (x86_64)"
73.71.74.9 - - [13/Mar/2018:23:37:20 -0700] "GET / HTTP/1.1" 200 15893 "-" "Mozilla/5.0 (iPhone; CPU iPhone OS 10_0 like Mac OS X) AppleWebKit/602.1.38 (KHTML, like Gecko) Version/10.0 Mobile/14A300 Safari/602.1"
73.71.74.9 - - [13/Mar/2018:23:37:20 -0700] "GET /apple-touch-icon-precomposed.png HTTP/1.1" 404 230 "-" "Safari/12603.2.4 CFNetwork/811.5.4 Darwin/16.6.0 (x86_64)"
73.71.74.9 - - [13/Mar/2018:23:37:20 -0700] "GET /apple-touch-icon.png HTTP/1.1" 404 218 "-" "Safari/12603.2.4 CFNetwork/811.5.4 Darwin/16.6.0 (x86_64)"
73.71.74.9 - - [13/Mar/2018:23:37:20 -0700] "GET /favicon.ico HTTP/1.1" 404 209 "-" "Safari/12603.2.4 CFNetwork/811.5.4 Darwin/16.6.0 (x86_64)"
73.71.74.9 - - [13/Mar/2018:23:37:20 -0700] "GET /apple-touch-icon-precomposed.png HTTP/1.1" 404 230 "-" "Safari/12603.2.4 CFNetwork/811.5.4 Darwin/16.6.0 (x86_64)"
73.71.74.9 - - [13/Mar/2018:23:37:20 -0700] "GET /apple-touch-icon.png HTTP/1.1" 404 218 "-" "Safari/12603.2.4 CFNetwork/811.5.4 Darwin/16.6.0 (x86_64)"
73.71.74.9 - - [13/Mar/2018:23:37:20 -0700] "GET /favicon.ico HTTP/1.1" 404 209 "-" "Safari/12603.2.4 CFNetwork/811.5.4 Darwin/16.6.0 (x86_64)"
46.119.126.51 - - [13/Mar/2018:23:47:32 -0700] "GET / HTTP/1.1" 200 72658 "https://onlywood.ru/catalog/lumber.html" "Mozilla/4.0 (compatible; MSIE 6.0; America Online Browser 1.1; rev1.2; Windows NT 5.1; SV1; .NET CLR 1.1.4322)"
77.75.78.164 - - [14/Mar/2018:00:03:15 -0700] "GET /robots.txt HTTP/1.1" 404 208 "-" "Mozilla/5.0 (compatible; SeznamBot/3.2; +http://napoveda.seznam.cz/en/seznambot-intro/)"
77.75.78.164 - - [14/Mar/2018:00:03:17 -0700] "GET /img/sfnoir/8.jpg HTTP/1.1" 304 - "-" "Mozilla/5.0 (compatible; SeznamBot/3.2; +http://napoveda.seznam.cz/en/seznambot-intro/)"
66.249.75.204 - - [14/Mar/2018:00:16:20 -0700] "GET / HTTP/1.1" 200 15893 "-" "Mozilla/5.0 (compatible; Googlebot/2.1; +http://www.google.com/bot.html)"
66.249.75.204 - - [14/Mar/2018:00:16:20 -0700] "GET /robots.txt HTTP/1.1" 404 208 "-" "Mozilla/5.0 (compatible; Googlebot/2.1; +http://www.google.com/bot.html)"
66.249.75.202 - - [14/Mar/2018:00:16:26 -0700] "GET / HTTP/1.1" 200 15893 "-" "Mozilla/5.0 (Linux; Android 6.0.1; Nexus 5X Build/MMB29P) AppleWebKit/537.36 (KHTML, like Gecko) Chrome/41.0.2272.96 Mobile Safari/537.36 (compatible; Googlebot/2.1; +http://www.google.com/bot.html)"
46.229.164.100 - - [14/Mar/2018:00:52:06 -0700] "GET /robots.txt HTTP/1.1" 404 208 "-" "Mozilla/5.0 (compatible; SemrushBot/1.2~bl; +http://www.semrush.com/bot.html)"
77.75.79.36 - - [14/Mar/2018:00:56:45 -0700] "GET /robots.txt HTTP/1.1" 404 208 "-" "Mozilla/5.0 (compatible; SeznamBot/3.2; +http://napoveda.seznam.cz/en/seznambot-intro/)"
77.75.79.36 - - [14/Mar/2018:00:56:46 -0700] "GET /img/oncekids-fujimini/7.jpg HTTP/1.1" 304 - "-" "Mozilla/5.0 (compatible; SeznamBot/3.2; +http://napoveda.seznam.cz/en/seznambot-intro/)"
66.249.75.202 - - [14/Mar/2018:01:12:55 -0700] "GET / HTTP/1.1" 200 15893 "-" "Mozilla/5.0 (compatible; Googlebot/2.1; +http://www.google.com/bot.html)"
77.75.77.54 - - [14/Mar/2018:02:00:22 -0700] "GET /robots.txt HTTP/1.1" 404 208 "-" "Mozilla/5.0 (compatible; SeznamBot/3.2; +http://napoveda.seznam.cz/en/seznambot-intro/)"
77.75.77.54 - - [14/Mar/2018:02:00:23 -0700] "GET /img/autumn/7.jpg HTTP/1.1" 304 - "-" "Mozilla/5.0 (compatible; SeznamBot/3.2; +http://napoveda.seznam.cz/en/seznambot-intro/)"
77.75.79.54 - - [14/Mar/2018:02:50:12 -0700] "GET /robots.txt HTTP/1.1" 404 208 "-" "Mozilla/5.0 (compatible; SeznamBot/3.2; +http://napoveda.seznam.cz/en/seznambot-intro/)"
77.75.79.54 - - [14/Mar/2018:02:50:13 -0700] "GET /img/wu-wei/5.jpg HTTP/1.1" 304 - "-" "Mozilla/5.0 (compatible; SeznamBot/3.2; +http://napoveda.seznam.cz/en/seznambot-intro/)"
134.249.66.84 - - [14/Mar/2018:03:11:15 -0700] "GET / HTTP/1.1" 200 72658 "https://td-l-market.ru/" "Mozilla/4.0 (compatible; MSIE 6.0; Windows XP)"
134.249.66.84 - - [14/Mar/2018:03:11:16 -0700] "GET / HTTP/1.1" 200 72658 "https://td-l-market.ru/" "Mozilla/4.0 (compatible; MSIE 6.0; Windows XP)"
134.249.66.84 - - [14/Mar/2018:03:11:17 -0700] "GET / HTTP/1.1" 200 72658 "https://td-l-market.ru/" "Mozilla/4.0 (compatible; MSIE 6.0; Windows XP)"
77.75.77.62 - - [14/Mar/2018:04:01:03 -0700] "GET /robots.txt HTTP/1.1" 404 208 "-" "Mozilla/5.0 (compatible; SeznamBot/3.2; +http://napoveda.seznam.cz/en/seznambot-intro/)"
77.75.77.62 - - [14/Mar/2018:04:01:05 -0700] "GET /img/urban-cowgirl/thumbs/3.jpg HTTP/1.1" 304 - "-" "Mozilla/5.0 (compatible; SeznamBot/3.2; +http://napoveda.seznam.cz/en/seznambot-intro/)"
77.75.77.62 - - [14/Mar/2018:04:01:06 -0700] "GET /img/wu-wei/10.jpg HTTP/1.1" 304 - "-" "Mozilla/5.0 (compatible; SeznamBot/3.2; +http://napoveda.seznam.cz/en/seznambot-intro/)"
