195.154.185.20 - - [06/Oct/2016:05:31:31 -0700] "GET /img/sfnoir/3.jpg HTTP/1.1" 200 74528 "-" "Mozilla/5.0 (compatible; MJ12bot/v1.4.5; http://www.majestic12.co.uk/bot.php?+)"
195.154.185.20 - - [06/Oct/2016:05:31:34 -0700] "GET /img/sfnoir/5.jpg HTTP/1.1" 200 67390 "-" "Mozilla/5.0 (compatible; MJ12bot/v1.4.5; http://www.majestic12.co.uk/bot.php?+)"
195.154.185.20 - - [06/Oct/2016:05:31:37 -0700] "GET /img/sfnoir/6.jpg HTTP/1.1" 200 112789 "-" "Mozilla/5.0 (compatible; MJ12bot/v1.4.5; http://www.majestic12.co.uk/bot.php?+)"
195.154.185.20 - - [06/Oct/2016:05:31:41 -0700] "GET /img/sfnoir/7.jpg HTTP/1.1" 200 122937 "-" "Mozilla/5.0 (compatible; MJ12bot/v1.4.5; http://www.majestic12.co.uk/bot.php?+)"
195.154.185.20 - - [06/Oct/2016:05:31:44 -0700] "GET /img/sfnoir/8.jpg HTTP/1.1" 200 89091 "-" "Mozilla/5.0 (compatible; MJ12bot/v1.4.5; http://www.majestic12.co.uk/bot.php?+)"
195.154.185.20 - - [06/Oct/2016:05:31:47 -0700] "GET /img/sfnoir/9.jpg HTTP/1.1" 200 64784 "-" "Mozilla/5.0 (compatible; MJ12bot/v1.4.5; http://www.majestic12.co.uk/bot.php?+)"
195.154.185.20 - - [06/Oct/2016:05:31:51 -0700] "GET /img/urban-cowgirl/1.jpg HTTP/1.1" 200 94626 "-" "Mozilla/5.0 (compatible; MJ12bot/v1.4.5; http://www.majestic12.co.uk/bot.php?+)"
195.154.185.20 - - [06/Oct/2016:05:31:55 -0700] "GET /img/urban-cowgirl/2.jpg HTTP/1.1" 200 104975 "-" "Mozilla/5.0 (compatible; MJ12bot/v1.4.5; http://www.majestic12.co.uk/bot.php?+)"
195.154.185.20 - - [06/Oct/2016:05:31:58 -0700] "GET /img/urban-cowgirl/3.jpg HTTP/1.1" 200 80583 "-" "Mozilla/5.0 (compatible; MJ12bot/v1.4.5; http://www.majestic12.co.uk/bot.php?+)"
195.154.185.20 - - [06/Oct/2016:05:32:01 -0700] "GET /img/urban-cowgirl/4.jpg HTTP/1.1" 200 103819 "-" "Mozilla/5.0 (compatible; MJ12bot/v1.4.5; http://www.majestic12.co.uk/bot.php?+)"
66.249.66.127 - - [06/Oct/2016:05:32:04 -0700] "GET /img/njn/7.jpg HTTP/1.1" 200 116420 "-" "Googlebot-Image/1.0"
195.154.185.20 - - [06/Oct/2016:05:32:04 -0700] "GET /img/urban-cowgirl/5.jpg HTTP/1.1" 200 114905 "-" "Mozilla/5.0 (compatible; MJ12bot/v1.4.5; http://www.majestic12.co.uk/bot.php?+)"
195.154.185.20 - - [06/Oct/2016:05:32:08 -0700] "GET /img/urban-cowgirl/6.jpg HTTP/1.1" 200 56465 "-" "Mozilla/5.0 (compatible; MJ12bot/v1.4.5; http://www.majestic12.co.uk/bot.php?+)"
195.154.185.20 - - [06/Oct/2016:05:32:11 -0700] "GET /img/wu-wei/1.jpg HTTP/1.1" 200 323401 "-" "Mozilla/5.0 (compatible; MJ12bot/v1.4.5; http://www.majestic12.co.uk/bot.php?+)"
195.154.185.20 - - [06/Oct/2016:05:32:14 -0700] "GET /img/wu-wei/10.jpg HTTP/1.1" 200 165194 "-" "Mozilla/5.0 (compatible; MJ12bot/v1.4.5; http://www.majestic12.co.uk/bot.php?+)"
195.154.185.20 - - [06/Oct/2016:05:32:16 -0700] "GET /img/wu-wei/3.jpg HTTP/1.1" 200 173337 "-" "Mozilla/5.0 (compatible; MJ12bot/v1.4.5; http://www.majestic12.co.uk/bot.php?+)"
195.154.185.20 - - [06/Oct/2016:05:32:20 -0700] "GET /img/wu-wei/4.jpg HTTP/1.1" 200 279891 "-" "Mozilla/5.0 (compatible; MJ12bot/v1.4.5; http://www.majestic12.co.uk/bot.php?+)"
195.154.185.20 - - [06/Oct/2016:05:32:23 -0700] "GET /img/wu-wei/5.jpg HTTP/1.1" 200 220470 "-" "Mozilla/5.0 (compatible; MJ12bot/v1.4.5; http://www.majestic12.co.uk/bot.php?+)"
195.154.185.20 - - [06/Oct/2016:05:32:27 -0700] "GET /img/wu-wei/6.jpg HTTP/1.1" 200 180106 "-" "Mozilla/5.0 (compatible; MJ12bot/v1.4.5; http://www.majestic12.co.uk/bot.php?+)"
195.154.185.20 - - [06/Oct/2016:05:32:29 -0700] "GET /img/wu-wei/7.jpg HTTP/1.1" 200 293352 "-" "Mozilla/5.0 (compatible; MJ12bot/v1.4.5; http://www.majestic12.co.uk/bot.php?+)"
195.154.185.20 - - [06/Oct/2016:05:32:32 -0700] "GET /img/wu-wei/8.jpg HTTP/1.1" 200 457546 "-" "Mozilla/5.0 (compatible; MJ12bot/v1.4.5; http://www.majestic12.co.uk/bot.php?+)"
69.58.178.57 - - [06/Oct/2016:05:56:18 -0700] "GET / HTTP/1.1" 200 72657 "-" "Mozilla/5.0 (X11; Ubuntu; Linux i686; rv:14.0; ips-agent) Gecko/20100101 Firefox/14.0.1"
69.58.178.57 - - [06/Oct/2016:05:56:22 -0700] "GET / HTTP/1.1" 200 72657 "-" "Mozilla/5.0 (X11; Ubuntu; Linux i686; rv:14.0; ips-agent) Gecko/20100101 Firefox/14.0.1"
66.249.66.125 - - [06/Oct/2016:06:00:52 -0700] "GET /img/bs4w/8.jpg HTTP/1.1" 200 67708 "-" "Googlebot-Image/1.0"
66.249.66.127 - - [06/Oct/2016:06:30:01 -0700] "GET /img/bs4w/7.jpg HTTP/1.1" 200 80775 "-" "Googlebot-Image/1.0"
180.76.15.10 - - [06/Oct/2016:06:33:03 -0700] "GET /robots.txt HTTP/1.1" 403 212 "-" "Mozilla/5.0 (Windows NT 5.1; rv:6.0.2) Gecko/20100101 Firefox/6.0.2"
180.76.15.161 - - [06/Oct/2016:06:33:01 -0700] "GET / HTTP/1.1" 403 202 "-" "Mozilla/5.0 (compatible; Baiduspider/2.0; +http://www.baidu.com/search/spider.html)"
108.198.5.161 - - [06/Oct/2016:06:35:37 -0700] "GET /img/autumn/thumbs/1.jpg HTTP/1.1" 200 24768 "https://www.google.com/" "Mozilla/5.0 (Linux; Android 6.0.1; SM-G930P Build/MMB29M; wv) AppleWebKit/537.36 (KHTML, like Gecko) Version/4.0 Chrome/53.0.2785.124 Mobile Safari/537.36 GSA/6.4.31.21.arm64"
182.18.245.166 - - [06/Oct/2016:06:47:07 -0700] "GET /img/autumn/thumbs/2.jpg HTTP/1.1" 200 45196 "https://www.google.com.sg/" "Mozilla/5.0 (iPhone; CPU iPhone OS 9_3_5 like Mac OS X) AppleWebKit/601.1.46 (KHTML, like Gecko) Version/9.0 Mobile/13G36 Safari/601.1"
182.18.245.166 - - [06/Oct/2016:06:47:50 -0700] "GET /img/autumn/thumbs/1.jpg HTTP/1.1" 200 24768 "https://www.google.com.sg/" "Mozilla/5.0 (iPhone; CPU iPhone OS 9_3_5 like Mac OS X) AppleWebKit/601.1.46 (KHTML, like Gecko) Version/9.0 Mobile/13G36 Safari/601.1"
66.249.66.125 - - [06/Oct/2016:06:48:58 -0700] "GET / HTTP/1.1" 200 15892 "-" "Mozilla/5.0 (compatible; Googlebot/2.1; +http://www.google.com/bot.html)"
66.249.66.66 - - [06/Oct/2016:06:59:07 -0700] "GET /img/bs4w/1.jpg HTTP/1.1" 200 61424 "-" "Googlebot-Image/1.0"
202.46.56.203 - - [06/Oct/2016:07:06:30 -0700] "GET / HTTP/1.1" 403 202 "-" "Mozilla/5.0 (Windows NT 10.0; WOW64) AppleWebKit/537.36 (KHTML, like Gecko) Chrome/45.0.2454.93 Safari/537.36"
192.154.105.186 - - [06/Oct/2016:07:25:28 -0700] "GET /img/njn/7.jpg HTTP/1.1" 200 116420 "-" "Mozilla/5.0 (Windows NT 10.0; WOW64) AppleWebKit/537.36 (KHTML, like Gecko) Chrome/49.0.2623.87 Safari/537.36"
192.154.105.186 - - [06/Oct/2016:07:25:31 -0700] "GET /img/njn/7.jpg HTTP/1.1" 200 116420 "-" "Mozilla/5.0 (Windows NT 10.0; WOW64) AppleWebKit/537.36 (KHTML, like Gecko) Chrome/49.0.2623.87 Safari/537.36"
66.249.66.66 - - [06/Oct/2016:07:27:16 -0700] "GET /img/bs4w/3.jpg HTTP/1.1" 200 74030 "-" "Googlebot-Image/1.0"
192.154.111.186 - - [06/Oct/2016:07:29:34 -0700] "GET /img/wu-wei/6.jpg HTTP/1.1" 200 180106 "-" "Mozilla/5.0 (Windows NT 10.0; WOW64) AppleWebKit/537.36 (KHTML, like Gecko) Chrome/49.0.2623.87 Safari/537.36"
192.154.111.186 - - [06/Oct/2016:07:29:36 -0700] "GET /img/wu-wei/6.jpg HTTP/1.1" 200 180106 "-" "Mozilla/5.0 (Windows NT 10.0; WOW64) AppleWebKit/537.36 (KHTML, like Gecko) Chrome/49.0.2623.87 Safari/537.36"
104.193.88.245 - - [06/Oct/2016:07:39:59 -0700] "GET / HTTP/1.1" 403 202 "-" "Mozilla/5.0 (Windows NT 10.0; WOW64) AppleWebKit/537.36 (KHTML, like Gecko) Chrome/45.0.2454.93 Safari/537.36"
68.149.130.249 - - [06/Oct/2016:07:54:47 -0700] "GET /img/autumn/thumbs/2.jpg HTTP/1.1" 200 45196 "-" "Mozilla/5.0 (Linux; Android 6.0.1; SM-P550 Build/MMB29M; wv) AppleWebKit/537.36 (KHTML, like Gecko) Version/4.0 Chrome/51.0.2704.81 Safari/537.36 GSA/6.0.23.21.arm"
66.249.66.127 - - [06/Oct/2016:07:56:04 -0700] "GET /img/bs4w/5.jpg HTTP/1.1" 200 42135 "-" "Googlebot-Image/1.0"
98.125.232.86 - - [06/Oct/2016:08:15:20 -0700] "GET /img/autumn/thumbs/2.jpg HTTP/1.1" 200 45196 "https://www.google.com/" "Mozilla/5.0 (Linux; Android 6.0.1; SAMSUNG-SM-J120AZ Build/MMB29K) AppleWebKit/537.36 (KHTML, like Gecko) Chrome/53.0.2785.124 Mobile Safari/537.36"
192.222.156.168 - - [06/Oct/2016:08:17:16 -0700] "GET /img/autumn/thumbs/2.jpg HTTP/1.1" 200 45196 "https://www.google.ca/" "Mozilla/5.0 (Linux; Android 6.0; LG-D852 Build/MRA58K) AppleWebKit/537.36 (KHTML, like Gecko) Chrome/53.0.2785.124 Mobile Safari/537.36"
220.181.108.119 - - [06/Oct/2016:08:21:53 -0700] "GET /img/urban-cowgirl/thumbs/1.jpg HTTP/1.1" 403 232 "-" "Baiduspider-image+(+http://www.baidu.com/search/spider.htm)"
66.249.66.66 - - [06/Oct/2016:08:24:52 -0700] "GET /img/bs4w/2.jpg HTTP/1.1" 200 116129 "-" "Googlebot-Image/1.0"
123.125.71.94 - - [06/Oct/2016:08:27:18 -0700] "GET /img/njn/thumbs/2.jpg HTTP/1.1" 403 222 "-" "Baiduspider-image+(+http://www.baidu.com/search/spider.htm)"
123.125.71.14 - - [06/Oct/2016:08:32:30 -0700] "GET /img/wu-wei/6.jpg HTTP/1.1" 403 218 "-" "Baiduspider-image+(+http://www.baidu.com/search/spider.htm)"
123.125.71.46 - - [06/Oct/2016:08:35:50 -0700] "GET /img/oncekids-fujimini/thumbs/7.jpg HTTP/1.1" 403 236 "-" "Baiduspider-image+(+http://www.baidu.com/search/spider.htm)"
123.125.71.78 - - [06/Oct/2016:08:38:03 -0700] "GET /img/njn/thumbs/3.jpg HTTP/1.1" 403 222 "-" "Baiduspider-image+(+http://www.baidu.com/search/spider.htm)"
123.125.71.102 - - [06/Oct/2016:08:39:04 -0700] "GET /img/mixman/5.jpg HTTP/1.1" 403 218 "-" "Baiduspider-image+(+http://www.baidu.com/search/spider.htm)"
123.125.71.20 - - [06/Oct/2016:08:40:35 -0700] "GET /img/oncekids-fujimini/6.jpg HTTP/1.1" 403 229 "-" "Baiduspider-image+(+http://www.baidu.com/search/spider.htm)"
220.181.108.105 - - [06/Oct/2016:08:40:58 -0700] "GET /img/autumn/8.jpg HTTP/1.1" 403 218 "-" "Baiduspider-image+(+http://www.baidu.com/search/spider.htm)"
207.46.13.165 - - [06/Oct/2016:08:42:27 -0700] "GET /robots.txt HTTP/1.1" 404 208 "-" "Mozilla/5.0 (compatible; bingbot/2.0; +http://www.bing.com/bingbot.htm)"
123.125.71.60 - - [06/Oct/2016:08:44:59 -0700] "GET /img/mixman/thumbs/17.jpg HTTP/1.1" 403 226 "-" "Baiduspider-image+(+http://www.baidu.com/search/spider.htm)"
123.125.71.55 - - [06/Oct/2016:08:45:43 -0700] "GET /img/wu-wei/4.jpg HTTP/1.1" 403 218 "-" "Baiduspider-image+(+http://www.baidu.com/search/spider.htm)"
220.181.108.111 - - [06/Oct/2016:08:45:45 -0700] "GET /img/sfnoir/7.jpg HTTP/1.1" 403 218 "-" "Baiduspider-image+(+http://www.baidu.com/search/spider.htm)"
220.181.108.106 - - [06/Oct/2016:08:49:43 -0700] "GET /img/urban-cowgirl/1.jpg HTTP/1.1" 403 225 "-" "Baiduspider-image+(+http://www.baidu.com/search/spider.htm)"
123.125.71.86 - - [06/Oct/2016:08:49:51 -0700] "GET /img/autumn/thumbs/4.jpg HTTP/1.1" 403 225 "-" "Baiduspider-image+(+http://www.baidu.com/search/spider.htm)"
123.125.71.18 - - [06/Oct/2016:08:49:52 -0700] "GET /img/njn/6.jpg HTTP/1.1" 403 215 "-" "Baiduspider-image+(+http://www.baidu.com/search/spider.htm)"
66.249.66.66 - - [06/Oct/2016:08:53:40 -0700] "GET /img/bs4w/6.jpg HTTP/1.1" 200 42274 "-" "Googlebot-Image/1.0"
123.125.71.46 - - [06/Oct/2016:08:56:48 -0700] "GET /img/wu-wei/7.jpg HTTP/1.1" 403 218 "-" "Baiduspider-image+(+http://www.baidu.com/search/spider.htm)"
220.181.108.109 - - [06/Oct/2016:08:57:02 -0700] "GET /img/bs4w/thumbs/2.jpg HTTP/1.1" 403 223 "-" "Baiduspider-image+(+http://www.baidu.com/search/spider.htm)"
220.181.108.97 - - [06/Oct/2016:08:59:32 -0700] "GET /img/sfnoir/8.jpg HTTP/1.1" 403 218 "-" "Baiduspider-image+(+http://www.baidu.com/search/spider.htm)"
123.125.71.99 - - [06/Oct/2016:09:00:01 -0700] "GET /img/mixman/7.jpg HTTP/1.1" 403 218 "-" "Baiduspider-image+(+http://www.baidu.com/search/spider.htm)"
220.181.108.76 - - [06/Oct/2016:09:01:50 -0700] "GET /img/oncekids-fujimini/thumbs/3.jpg HTTP/1.1" 403 236 "-" "Baiduspider-image+(+http://www.baidu.com/search/spider.htm)"
220.181.108.162 - - [06/Oct/2016:09:02:53 -0700] "GET /img/autumn/5.jpg HTTP/1.1" 403 218 "-" "Baiduspider-image+(+http://www.baidu.com/search/spider.htm)"
220.181.108.116 - - [06/Oct/2016:09:07:24 -0700] "GET /img/bs4w/thumbs/7.jpg HTTP/1.1" 403 223 "-" "Baiduspider-image+(+http://www.baidu.com/search/spider.htm)"
220.181.108.162 - - [06/Oct/2016:09:08:39 -0700] "GET /img/oncekids-fujimini/thumbs/2.jpg HTTP/1.1" 403 236 "-" "Baiduspider-image+(+http://www.baidu.com/search/spider.htm)"
123.125.71.39 - - [06/Oct/2016:09:08:46 -0700] "GET /img/sfnoir/3.jpg HTTP/1.1" 403 218 "-" "Baiduspider-image+(+http://www.baidu.com/search/spider.htm)"
66.249.66.127 - - [06/Oct/2016:09:22:28 -0700] "GET /img/bs4w/4.jpg HTTP/1.1" 200 93892 "-" "Googlebot-Image/1.0"
220.181.108.163 - - [06/Oct/2016:09:28:29 -0700] "GET /img/njn/thumbs/8.jpg HTTP/1.1" 403 222 "-" "Baiduspider-image+(+http://www.baidu.com/search/spider.htm)"
66.249.66.66 - - [06/Oct/2016:09:51:16 -0700] "GET /img/wu-wei/6.jpg HTTP/1.1" 200 180106 "-" "Googlebot-Image/1.0"
47.223.229.16 - - [06/Oct/2016:10:01:46 -0700] "GET /img/autumn/thumbs/7.jpg HTTP/1.1" 200 25117 "-" "Mozilla/5.0 (Windows NT 6.1; WOW64; Trident/7.0; rv:11.0) like Gecko"
67.224.107.162 - - [06/Oct/2016:10:09:28 -0700] "GET /img/autumn/thumbs/7.jpg HTTP/1.1" 200 25117 "https://www.google.com" "Mozilla/5.0 (Macintosh; Intel Mac OS X 10.11; rv:45.0) Gecko/20100101 Firefox/45.0"
216.11.139.10 - - [06/Oct/2016:10:10:36 -0700] "GET /img/autumn/thumbs/3.jpg HTTP/1.1" 200 40589 "https://www.google.com/" "Mozilla/5.0 (Windows NT 6.1) AppleWebKit/537.36 (KHTML, like Gecko) Chrome/44.0.2403.89 Safari/537.36"
66.249.66.127 - - [06/Oct/2016:10:20:04 -0700] "GET /img/autumn/8.jpg HTTP/1.1" 200 100218 "-" "Googlebot-Image/1.0"
192.154.104.218 - - [06/Oct/2016:10:23:53 -0700] "GET /img/bs4w/7.jpg HTTP/1.1" 200 80775 "-" "Mozilla/5.0 (Windows NT 10.0; WOW64) AppleWebKit/537.36 (KHTML, like Gecko) Chrome/49.0.2623.87 Safari/537.36"
192.154.104.218 - - [06/Oct/2016:10:23:58 -0700] "GET /img/bs4w/7.jpg HTTP/1.1" 200 80775 "-" "Mozilla/5.0 (Windows NT 10.0; WOW64) AppleWebKit/537.36 (KHTML, like Gecko) Chrome/49.0.2623.87 Safari/537.36"
66.249.66.66 - - [06/Oct/2016:10:49:23 -0700] "GET /img/autumn/7.jpg HTTP/1.1" 200 236722 "-" "Googlebot-Image/1.0"
66.87.116.87 - - [06/Oct/2016:10:53:50 -0700] "GET /img/autumn/thumbs/2.jpg HTTP/1.1" 200 45196 "https://www.google.com/" "Mozilla/5.0 (iPhone; CPU iPhone OS 10_0_1 like Mac OS X) AppleWebKit/602.1.50 (KHTML, like Gecko) Version/10.0 Mobile/14A403 Safari/602.1"
66.249.66.125 - - [06/Oct/2016:11:17:40 -0700] "GET /img/mixman/1.jpg HTTP/1.1" 200 146374 "-" "Googlebot-Image/1.0"
66.249.66.127 - - [06/Oct/2016:11:19:48 -0700] "GET / HTTP/1.1" 200 15892 "-" "Mozilla/5.0 (compatible; Googlebot/2.1; +http://www.google.com/bot.html)"
104.238.180.234 - - [06/Oct/2016:11:39:45 -0700] "GET / HTTP/1.1" 200 72657 "-" "Mozilla/5.0 (Windows NT 6.1; WOW64) AppleWebKit/537.36 (KHTML, like Gecko) Chrome/40.0.2214.115 Safari/537.36"
66.249.66.127 - - [06/Oct/2016:11:46:28 -0700] "GET /img/sfnoir/9.jpg HTTP/1.1" 200 64784 "-" "Googlebot-Image/1.0"
66.249.66.125 - - [06/Oct/2016:12:15:16 -0700] "GET /img/wu-wei/9.jpg HTTP/1.1" 200 398953 "-" "Googlebot-Image/1.0"
66.249.66.125 - - [06/Oct/2016:12:15:57 -0700] "GET / HTTP/1.1" 200 15892 "-" "Mozilla/5.0 (compatible; Googlebot/2.1; +http://www.google.com/bot.html)"
66.249.66.66 - - [06/Oct/2016:12:44:04 -0700] "GET /img/autumn/4.jpg HTTP/1.1" 200 166546 "-" "Googlebot-Image/1.0"
66.249.66.66 - - [06/Oct/2016:13:12:52 -0700] "GET /img/sfnoir/7.jpg HTTP/1.1" 200 122937 "-" "Googlebot-Image/1.0"
98.219.222.188 - - [06/Oct/2016:13:16:38 -0700] "GET /img/autumn/thumbs/7.jpg HTTP/1.1" 200 25117 "https://www.google.com/" "Mozilla/5.0 (Macintosh; Intel Mac OS X 10_11_6) AppleWebKit/537.36 (KHTML, like Gecko) Chrome/53.0.2785.116 Safari/537.36"
66.249.66.127 - - [06/Oct/2016:13:24:12 -0700] "GET / HTTP/1.1" 200 15892 "-" "SAMSUNG-SGH-E250/1.0 Profile/MIDP-2.0 Configuration/CLDC-1.1 UP.Browser/6.2.3.3.c.1.101 (GUI) MMP/2.0 (compatible; Googlebot-Mobile/2.1; +http://www.google.com/bot.html)"
66.249.66.127 - - [06/Oct/2016:13:41:40 -0700] "GET /img/sfnoir/6.jpg HTTP/1.1" 200 112789 "-" "Googlebot-Image/1.0"
90.209.178.181 - - [06/Oct/2016:14:06:51 -0700] "GET /img/autumn/thumbs/2.jpg HTTP/1.1" 200 45196 "https://www.google.co.uk/" "Mozilla/5.0 (iPhone; CPU iPhone OS 8_1_2 like Mac OS X) AppleWebKit/600.1.4 (KHTML, like Gecko) Version/8.0 Mobile/12B440 Safari/600.1.4"
66.249.66.127 - - [06/Oct/2016:14:10:28 -0700] "GET /img/mixman/9.jpg HTTP/1.1" 200 141085 "-" "Googlebot-Image/1.0"
66.249.66.127 - - [06/Oct/2016:14:39:25 -0700] "GET /img/mixman/2.jpg HTTP/1.1" 200 80932 "-" "Googlebot-Image/1.0"
66.249.66.66 - - [06/Oct/2016:15:09:24 -0700] "GET /img/mixman/7.jpg HTTP/1.1" 200 107323 "-" "Googlebot-Image/1.0"
66.249.66.66 - - [06/Oct/2016:15:36:52 -0700] "GET /robots.txt HTTP/1.1" 404 208 "-" "Mozilla/5.0 (compatible; Googlebot/2.1; +http://www.google.com/bot.html)"
66.249.66.127 - - [06/Oct/2016:15:36:52 -0700] "GET /img/wu-wei/1.jpg HTTP/1.1" 200 323401 "-" "Googlebot-Image/1.0"
66.249.66.125 - - [06/Oct/2016:16:05:40 -0700] "GET /img/autumn/3.jpg HTTP/1.1" 200 506599 "-" "Googlebot-Image/1.0"
151.80.31.104 - - [06/Oct/2016:16:08:39 -0700] "GET /robots.txt HTTP/1.1" 404 208 "-" "Mozilla/5.0 (compatible; AhrefsBot/5.1; +http://ahrefs.com/robot/)"
66.249.66.66 - - [06/Oct/2016:16:34:28 -0700] "GET /img/wu-wei/4.jpg HTTP/1.1" 200 279891 "-" "Googlebot-Image/1.0"
66.249.66.127 - - [06/Oct/2016:17:03:16 -0700] "GET /img/sfnoir/8.jpg HTTP/1.1" 200 89091 "-" "Googlebot-Image/1.0"
66.249.66.125 - - [06/Oct/2016:17:32:04 -0700] "GET /img/mixman/5.jpg HTTP/1.1" 200 86490 "-" "Googlebot-Image/1.0"
66.249.66.125 - - [06/Oct/2016:18:00:52 -0700] "GET /img/mixman/3.jpg HTTP/1.1" 200 114734 "-" "Googlebot-Image/1.0"
66.249.66.66 - - [06/Oct/2016:18:29:40 -0700] "GET /img/mixman/6.jpg HTTP/1.1" 200 105501 "-" "Googlebot-Image/1.0"
67.193.0.17 - - [06/Oct/2016:18:56:41 -0700] "GET /img/autumn/thumbs/2.jpg HTTP/1.1" 200 45196 "https://www.google.ca/" "Mozilla/5.0 (Windows NT 10.0; WOW64) AppleWebKit/537.36 (KHTML, like Gecko) Chrome/53.0.2785.116 Safari/537.36"
66.249.66.125 - - [06/Oct/2016:18:59:25 -0700] "GET /img/wu-wei/8.jpg HTTP/1.1" 200 457546 "-" "Googlebot-Image/1.0"
66.249.66.127 - - [06/Oct/2016:19:27:16 -0700] "GET /img/wu-wei/2.jpg HTTP/1.1" 200 183246 "-" "Googlebot-Image/1.0"
131.161.11.249 - - [06/Oct/2016:19:47:41 -0700] "GET / HTTP/1.1" 403 202 "-" "Mozilla/5.0 (Windows NT 10.0; WOW64) AppleWebKit/537.36 (KHTML, like Gecko) Chrome/45.0.2454.93 Safari/537.36"
50.78.16.65 - - [06/Oct/2016:19:54:56 -0700] "GET /img/autumn/thumbs/1.jpg HTTP/1.1" 200 24768 "https://www.google.com/" "Mozilla/5.0 (Windows NT 6.1; WOW64) AppleWebKit/537.36 (KHTML, like Gecko) Chrome/53.0.2785.143 Safari/537.36"
66.249.66.125 - - [06/Oct/2016:19:56:04 -0700] "GET /img/sfnoir/5.jpg HTTP/1.1" 200 67390 "-" "Googlebot-Image/1.0"
66.249.66.125 - - [06/Oct/2016:20:24:52 -0700] "GET /img/wu-wei/3.jpg HTTP/1.1" 200 173337 "-" "Googlebot-Image/1.0"
207.46.13.165 - - [06/Oct/2016:20:40:02 -0700] "GET /robots.txt HTTP/1.1" 404 208 "-" "Mozilla/5.0 (compatible; bingbot/2.0; +http://www.bing.com/bingbot.htm)"
207.46.13.165 - - [06/Oct/2016:20:40:06 -0700] "GET /robots.txt HTTP/1.1" 404 208 "-" "Mozilla/5.0 (compatible; bingbot/2.0; +http://www.bing.com/bingbot.htm)"
66.249.66.127 - - [06/Oct/2016:20:53:40 -0700] "GET /img/autumn/5.jpg HTTP/1.1" 200 180877 "-" "Googlebot-Image/1.0"
66.249.66.127 - - [06/Oct/2016:21:18:43 -0700] "GET /robots.txt HTTP/1.1" 404 208 "-" "Mozilla/5.0 (compatible; Googlebot/2.1; +http://www.google.com/bot.html)"
66.249.66.125 - - [06/Oct/2016:21:22:28 -0700] "GET /img/sfnoir/2.jpg HTTP/1.1" 200 81708 "-" "Googlebot-Image/1.0"
66.249.66.127 - - [06/Oct/2016:21:51:16 -0700] "GET /img/wu-wei/5.jpg HTTP/1.1" 200 220470 "-" "Googlebot-Image/1.0"
66.249.66.127 - - [06/Oct/2016:22:19:34 -0700] "GET /img/sfnoir/1.jpg HTTP/1.1" 200 77798 "-" "Googlebot-Image/1.0"
66.249.66.127 - - [06/Oct/2016:22:45:59 -0700] "GET /img/mixman/4.jpg HTTP/1.1" 200 135099 "-" "Googlebot-Image/1.0"
66.249.66.127 - - [06/Oct/2016:23:09:52 -0700] "GET /robots.txt HTTP/1.1" 404 208 "-" "Mozilla/5.0 (compatible; Googlebot/2.1; +http://www.google.com/bot.html)"
66.249.66.127 - - [06/Oct/2016:23:09:52 -0700] "GET / HTTP/1.1" 200 15892 "-" "Mozilla/5.0 (compatible; Googlebot/2.1; +http://www.google.com/bot.html)"
66.249.66.66 - - [06/Oct/2016:23:14:47 -0700] "GET /img/sfnoir/3.jpg HTTP/1.1" 200 74528 "-" "Googlebot-Image/1.0"
89.145.95.42 - - [06/Oct/2016:23:17:34 -0700] "GET / HTTP/1.1" 200 15892 "-" "Mozilla/5.0 (compatible; GrapeshotCrawler/2.0; +http://www.grapeshot.co.uk/crawler.php)"
66.249.66.127 - - [06/Oct/2016:23:43:35 -0700] "GET /img/autumn/6.jpg HTTP/1.1" 200 149484 "-" "Googlebot-Image/1.0"
66.249.66.125 - - [07/Oct/2016:00:12:23 -0700] "GET /img/wu-wei/7.jpg HTTP/1.1" 200 293352 "-" "Googlebot-Image/1.0"
66.249.66.66 - - [07/Oct/2016:00:15:53 -0700] "GET / HTTP/1.1" 200 15892 "-" "Mozilla/5.0 (compatible; Googlebot/2.1; +http://www.google.com/bot.html)"
66.249.66.66 - - [07/Oct/2016:00:36:21 -0700] "GET / HTTP/1.1" 200 15892 "-" "Mozilla/5.0 (compatible; Googlebot/2.1; +http://www.google.com/bot.html)"
66.249.66.127 - - [07/Oct/2016:00:36:25 -0700] "GET /js/scripts.js HTTP/1.1" 200 1227 "https://www.rndsquared.com/" "Mozilla/5.0 (compatible; Googlebot/2.1; +http://www.google.com/bot.html)"
66.249.66.127 - - [07/Oct/2016:00:36:26 -0700] "GET /js/lightbox.js HTTP/1.1" 200 4210 "https://www.rndsquared.com/" "Mozilla/5.0 (compatible; Googlebot/2.1; +http://www.google.com/bot.html)"
66.249.66.125 - - [07/Oct/2016:00:36:26 -0700] "GET /js/modernizr.js HTTP/1.1" 200 5933 "https://www.rndsquared.com/" "Mozilla/5.0 (compatible; Googlebot/2.1; +http://www.google.com/bot.html)"
66.249.66.127 - - [07/Oct/2016:00:36:26 -0700] "GET /css/bootstrap.min.css HTTP/1.1" 200 11249 "https://www.rndsquared.com/" "Mozilla/5.0 (compatible; Googlebot/2.1; +http://www.google.com/bot.html)"
66.249.66.125 - - [07/Oct/2016:00:36:27 -0700] "GET /css/lightbox.css HTTP/1.1" 200 1003 "https://www.rndsquared.com/" "Mozilla/5.0 (compatible; Googlebot/2.1; +http://www.google.com/bot.html)"
66.249.66.125 - - [07/Oct/2016:00:36:27 -0700] "GET /css/styles.css HTTP/1.1" 200 1975 "https://www.rndsquared.com/" "Mozilla/5.0 (compatible; Googlebot/2.1; +http://www.google.com/bot.html)"
66.249.66.66 - - [07/Oct/2016:00:41:11 -0700] "GET /img/autumn/1.jpg HTTP/1.1" 200 290161 "-" "Googlebot-Image/1.0"
66.249.66.125 - - [07/Oct/2016:01:09:59 -0700] "GET /img/mixman/16.jpg HTTP/1.1" 200 113328 "-" "Googlebot-Image/1.0"
83.217.27.128 - - [07/Oct/2016:01:25:53 -0700] "GET / HTTP/1.1" 200 15892 "-" "Mozilla/5.0 (X11; Linux x86_64) AppleWebKit/537.36 (KHTML, like Gecko) Chrome/40.0.2235.71 Safari/537.36"
66.249.66.66 - - [07/Oct/2016:01:39:13 -0700] "GET /img/mixman/15.jpg HTTP/1.1" 200 115845 "-" "Googlebot-Image/1.0"
66.249.66.66 - - [07/Oct/2016:02:07:35 -0700] "GET /img/wu-wei/10.jpg HTTP/1.1" 200 165194 "-" "Googlebot-Image/1.0"
123.125.71.38 - - [07/Oct/2016:02:22:16 -0700] "GET / HTTP/1.1" 403 202 "-" "Mozilla/5.0 (compatible; Baiduspider/2.0; +http://www.baidu.com/search/spider.html)"
66.249.66.127 - - [07/Oct/2016:02:36:23 -0700] "GET /img/mixman/13.jpg HTTP/1.1" 200 106423 "-" "Googlebot-Image/1.0"
131.161.11.247 - - [07/Oct/2016:02:55:36 -0700] "GET / HTTP/1.1" 403 202 "-" "Mozilla/5.0 (Windows NT 10.0; WOW64) AppleWebKit/537.36 (KHTML, like Gecko) Chrome/45.0.2454.93 Safari/537.36"
66.249.66.127 - - [07/Oct/2016:03:05:11 -0700] "GET /img/mixman/19.jpg HTTP/1.1" 200 81276 "-" "Googlebot-Image/1.0"
123.125.71.83 - - [07/Oct/2016:03:28:56 -0700] "GET / HTTP/1.1" 403 202 "-" "Mozilla/5.0 (compatible; Baiduspider/2.0; +http://www.baidu.com/search/spider.html)"
66.249.66.125 - - [07/Oct/2016:03:33:59 -0700] "GET /img/mixman/17.jpg HTTP/1.1" 200 60460 "-" "Googlebot-Image/1.0"
66.249.66.127 - - [07/Oct/2016:04:02:47 -0700] "GET /robots.txt HTTP/1.1" 404 208 "-" "Mozilla/5.0 (compatible; Googlebot/2.1; +http://www.google.com/bot.html)"
66.249.66.127 - - [07/Oct/2016:04:02:47 -0700] "GET /img/mixman/10.jpg HTTP/1.1" 200 114974 "-" "Googlebot-Image/1.0"
131.161.11.216 - - [07/Oct/2016:04:02:17 -0700] "GET / HTTP/1.1" 403 202 "-" "Mozilla/5.0 (Windows NT 10.0; WOW64) AppleWebKit/537.36 (KHTML, like Gecko) Chrome/45.0.2454.93 Safari/537.36"
66.249.66.66 - - [07/Oct/2016:04:31:35 -0700] "GET /img/mixman/18.jpg HTTP/1.1" 200 75474 "-" "Googlebot-Image/1.0"
220.181.108.113 - - [07/Oct/2016:04:35:38 -0700] "GET / HTTP/1.1" 403 202 "-" "Mozilla/5.0 (compatible; Baiduspider/2.0; +http://www.baidu.com/search/spider.html)"
185.24.122.37 - - [07/Oct/2016:05:00:04 -0700] "GET /img/autumn/thumbs/2.jpg HTTP/1.1" 200 45196 "https://www.google.co.uk/" "Mozilla/5.0 (Windows NT 10.0; WOW64) AppleWebKit/537.36 (KHTML, like Gecko) Chrome/53.0.2785.143 Safari/537.36"
66.249.66.125 - - [07/Oct/2016:05:00:23 -0700] "GET /img/mixman/11.jpg HTTP/1.1" 200 114722 "-" "Googlebot-Image/1.0"
220.181.51.109 - - [07/Oct/2016:05:08:57 -0700] "GET / HTTP/1.1" 403 202 "-" "Mozilla/5.0 (Windows NT 10.0; WOW64) AppleWebKit/537.36 (KHTML, like Gecko) Chrome/45.0.2454.93 Safari/537.36"
66.249.66.125 - - [07/Oct/2016:05:29:13 -0700] "GET /img/urban-cowgirl/5.jpg HTTP/1.1" 200 114905 "-" "Googlebot-Image/1.0"
217.73.171.82 - - [07/Oct/2016:05:30:03 -0700] "GET /img/autumn/thumbs/2.jpg HTTP/1.1" 200 45196 "https://www.google.ro/" "Mozilla/5.0 (Windows NT 6.1; rv:49.0) Gecko/20100101 Firefox/49.0"
83.220.237.109 - - [07/Oct/2016:05:32:01 -0700] "GET /img/autumn/thumbs/7.jpg HTTP/1.1" 200 25117 "https://www.google.ru/" "Mozilla/5.0 (iPhone; CPU iPhone OS 10_0_2 like Mac OS X) AppleWebKit/602.1.50 (KHTML, like Gecko) Version/10.0 Mobile/14A456 Safari/602.1"
66.249.66.127 - - [07/Oct/2016:06:00:18 -0700] "GET /img/urban-cowgirl/4.jpg HTTP/1.1" 200 103819 "-" "Googlebot-Image/1.0"
66.249.66.127 - - [07/Oct/2016:06:23:54 -0700] "GET /img/urban-cowgirl/1.jpg HTTP/1.1" 200 94626 "-" "Googlebot-Image/1.0"
66.249.66.125 - - [07/Oct/2016:06:52:42 -0700] "GET /img/urban-cowgirl/3.jpg HTTP/1.1" 200 80583 "-" "Googlebot-Image/1.0"
66.249.66.66 - - [07/Oct/2016:07:21:30 -0700] "GET /img/urban-cowgirl/2.jpg HTTP/1.1" 200 104975 "-" "Googlebot-Image/1.0"
66.249.73.171 - - [07/Oct/2016:07:50:18 -0700] "GET /img/urban-cowgirl/6.jpg HTTP/1.1" 200 56465 "-" "Googlebot-Image/1.0"
66.249.73.163 - - [07/Oct/2016:08:21:20 -0700] "GET /img/oncekids-fujimini/2.jpg HTTP/1.1" 200 99983 "-" "Googlebot-Image/1.0"
123.125.71.36 - - [07/Oct/2016:08:32:53 -0700] "GET /img/mixman/thumbs/13.jpg HTTP/1.1" 403 226 "-" "Baiduspider-image+(+http://www.baidu.com/search/spider.htm)"
207.46.13.165 - - [07/Oct/2016:08:34:22 -0700] "GET /robots.txt HTTP/1.1" 404 208 "-" "Mozilla/5.0 (compatible; bingbot/2.0; +http://www.bing.com/bingbot.htm)"
66.249.73.167 - - [07/Oct/2016:08:49:11 -0700] "GET /img/oncekids-fujimini/8.jpg HTTP/1.1" 200 78635 "-" "Googlebot-Image/1.0"
123.125.71.78 - - [07/Oct/2016:08:48:28 -0700] "GET /img/sfnoir/2.jpg HTTP/1.1" 403 218 "-" "Baiduspider-image+(+http://www.baidu.com/search/spider.htm)"
220.181.108.107 - - [07/Oct/2016:08:48:28 -0700] "GET /img/bs4w/8.jpg HTTP/1.1" 403 216 "-" "Baiduspider-image+(+http://www.baidu.com/search/spider.htm)"
220.181.108.140 - - [07/Oct/2016:08:51:07 -0700] "GET /img/mixman/19.jpg HTTP/1.1" 403 219 "-" "Baiduspider-image+(+http://www.baidu.com/search/spider.htm)"
220.181.108.111 - - [07/Oct/2016:08:51:08 -0700] "GET /img/mixman/15.jpg HTTP/1.1" 403 219 "-" "Baiduspider-image+(+http://www.baidu.com/search/spider.htm)"
220.181.108.105 - - [07/Oct/2016:08:54:05 -0700] "GET /img/sfnoir/thumbs/8.jpg HTTP/1.1" 403 225 "-" "Baiduspider-image+(+http://www.baidu.com/search/spider.htm)"
220.181.108.82 - - [07/Oct/2016:08:57:29 -0700] "GET /img/njn/2.jpg HTTP/1.1" 403 215 "-" "Baiduspider-image+(+http://www.baidu.com/search/spider.htm)"
220.181.108.143 - - [07/Oct/2016:08:58:40 -0700] "GET /img/urban-cowgirl/4.jpg HTTP/1.1" 403 225 "-" "Baiduspider-image+(+http://www.baidu.com/search/spider.htm)"
220.181.108.149 - - [07/Oct/2016:08:59:56 -0700] "GET /img/sfnoir/thumbs/7.jpg HTTP/1.1" 403 225 "-" "Baiduspider-image+(+http://www.baidu.com/search/spider.htm)"
220.181.108.170 - - [07/Oct/2016:09:02:33 -0700] "GET /img/sfnoir/thumbs/1.jpg HTTP/1.1" 403 225 "-" "Baiduspider-image+(+http://www.baidu.com/search/spider.htm)"
123.125.71.32 - - [07/Oct/2016:09:04:38 -0700] "GET /img/urban-cowgirl/2.jpg HTTP/1.1" 403 225 "-" "Baiduspider-image+(+http://www.baidu.com/search/spider.htm)"
123.125.71.90 - - [07/Oct/2016:09:10:22 -0700] "GET /img/sfnoir/thumbs/3.jpg HTTP/1.1" 403 225 "-" "Baiduspider-image+(+http://www.baidu.com/search/spider.htm)"
123.125.71.84 - - [07/Oct/2016:09:10:23 -0700] "GET /robots.txt HTTP/1.1" 403 212 "-" "Mozilla/5.0 (compatible; Baiduspider/2.0; +http://www.baidu.com/search/spider.html)"
123.125.71.50 - - [07/Oct/2016:09:12:42 -0700] "GET /img/bs4w/thumbs/4.jpg HTTP/1.1" 403 223 "-" "Baiduspider-image+(+http://www.baidu.com/search/spider.htm)"
220.181.108.106 - - [07/Oct/2016:09:12:43 -0700] "GET /img/wu-wei/8.jpg HTTP/1.1" 403 218 "-" "Baiduspider-image+(+http://www.baidu.com/search/spider.htm)"
220.181.108.167 - - [07/Oct/2016:09:13:13 -0700] "GET /img/urban-cowgirl/thumbs/6.jpg HTTP/1.1" 403 232 "-" "Baiduspider-image+(+http://www.baidu.com/search/spider.htm)"
123.125.71.45 - - [07/Oct/2016:09:13:57 -0700] "GET /img/urban-cowgirl/thumbs/3.jpg HTTP/1.1" 403 232 "-" "Baiduspider-image+(+http://www.baidu.com/search/spider.htm)"
123.125.71.18 - - [07/Oct/2016:09:13:57 -0700] "GET /img/bs4w/3.jpg HTTP/1.1" 403 216 "-" "Baiduspider-image+(+http://www.baidu.com/search/spider.htm)"
66.249.73.163 - - [07/Oct/2016:09:16:42 -0700] "GET /img/oncekids-fujimini/5.jpg HTTP/1.1" 200 76459 "-" "Googlebot-Image/1.0"
220.181.108.166 - - [07/Oct/2016:09:16:00 -0700] "GET /img/njn/4.jpg HTTP/1.1" 403 215 "-" "Baiduspider-image+(+http://www.baidu.com/search/spider.htm)"
123.125.71.115 - - [07/Oct/2016:09:20:00 -0700] "GET /img/autumn/7.jpg HTTP/1.1" 403 218 "-" "Baiduspider-image+(+http://www.baidu.com/search/spider.htm)"
123.125.71.44 - - [07/Oct/2016:09:20:48 -0700] "GET /img/autumn/1.jpg HTTP/1.1" 403 218 "-" "Baiduspider-image+(+http://www.baidu.com/search/spider.htm)"
220.181.108.111 - - [07/Oct/2016:09:23:18 -0700] "GET /img/urban-cowgirl/3.jpg HTTP/1.1" 403 225 "-" "Baiduspider-image+(+http://www.baidu.com/search/spider.htm)"
66.249.73.163 - - [07/Oct/2016:09:45:30 -0700] "GET /img/oncekids-fujimini/1.jpg HTTP/1.1" 200 109257 "-" "Googlebot-Image/1.0"
66.249.73.163 - - [07/Oct/2016:10:14:18 -0700] "GET /img/oncekids-fujimini/7.jpg HTTP/1.1" 200 153636 "-" "Googlebot-Image/1.0"
100.34.132.204 - - [07/Oct/2016:10:38:28 -0700] "GET /favicon.ico HTTP/1.1" 404 209 "-" "Mozilla/5.0 (Windows NT 6.1; WOW64; rv:49.0) Gecko/20100101 Firefox/49.0"
66.249.73.167 - - [07/Oct/2016:10:43:06 -0700] "GET /img/oncekids-fujimini/4.jpg HTTP/1.1" 200 111945 "-" "Googlebot-Image/1.0"
66.249.73.163 - - [07/Oct/2016:11:11:54 -0700] "GET /img/oncekids-fujimini/6.jpg HTTP/1.1" 200 118631 "-" "Googlebot-Image/1.0"
66.249.73.163 - - [07/Oct/2016:11:40:42 -0700] "GET /img/oncekids-fujimini/3.jpg HTTP/1.1" 200 143020 "-" "Googlebot-Image/1.0"
66.249.65.10 - - [07/Oct/2016:12:29:29 -0700] "GET /robots.txt HTTP/1.1" 404 208 "-" "Mozilla/5.0 (compatible; Googlebot/2.1; +http://www.google.com/bot.html)"
66.249.65.6 - - [07/Oct/2016:12:29:30 -0700] "GET / HTTP/1.1" 200 15892 "-" "Mozilla/5.0 (compatible; Googlebot/2.1; +http://www.google.com/bot.html)"
66.249.65.6 - - [07/Oct/2016:12:29:30 -0700] "GET / HTTP/1.1" 200 15892 "-" "Mozilla/5.0 (compatible; Googlebot/2.1; +http://www.google.com/bot.html)"
66.249.65.8 - - [07/Oct/2016:12:30:37 -0700] "GET /img/bs4w/6.jpg HTTP/1.1" 200 42274 "-" "Googlebot-Image/1.0"
66.249.65.10 - - [07/Oct/2016:12:31:15 -0700] "GET /img/njn/2.jpg HTTP/1.1" 200 103550 "-" "Googlebot-Image/1.0"
66.249.65.6 - - [07/Oct/2016:12:32:17 -0700] "GET /img/njn/3.jpg HTTP/1.1" 200 157605 "-" "Googlebot-Image/1.0"
66.249.65.10 - - [07/Oct/2016:12:33:14 -0700] "GET /img/njn/1.jpg HTTP/1.1" 200 88793 "-" "Googlebot-Image/1.0"
66.249.65.6 - - [07/Oct/2016:12:34:13 -0700] "GET /img/njn/8.jpg HTTP/1.1" 200 124240 "-" "Googlebot-Image/1.0"
66.249.65.6 - - [07/Oct/2016:12:44:12 -0700] "GET /img/njn/5.jpg HTTP/1.1" 200 117364 "-" "Googlebot-Image/1.0"
66.249.65.6 - - [07/Oct/2016:13:12:59 -0700] "GET /img/njn/4.jpg HTTP/1.1" 200 151484 "-" "Googlebot-Image/1.0"
76.108.29.38 - - [07/Oct/2016:13:15:20 -0700] "GET /img/autumn/thumbs/2.jpg HTTP/1.1" 200 45196 "-" "Mozilla/5.0 (iPad; CPU OS 9_3_5 like Mac OS X) AppleWebKit/600.1.4 (KHTML, like Gecko) GSA/19.0.133715217 Mobile/13G36 Safari/600.1.4"
76.108.29.38 - - [07/Oct/2016:13:15:21 -0700] "GET /img/autumn/thumbs/2.jpg HTTP/1.1" 206 1 "-" "Mozilla/5.0 (iPad; CPU OS 9_3_5 like Mac OS X) AppleWebKit/600.1.4 (KHTML, like Gecko) GSA/19.0.133715217 Mobile/13G36 Safari/600.1.4"
76.108.29.38 - - [07/Oct/2016:13:15:22 -0700] "GET /img/autumn/thumbs/2.jpg HTTP/1.1" 206 12428 "-" "Mozilla/5.0 (iPad; CPU OS 9_3_5 like Mac OS X) AppleWebKit/600.1.4 (KHTML, like Gecko) GSA/19.0.133715217 Mobile/13G36 Safari/600.1.4"
76.108.29.38 - - [07/Oct/2016:13:16:00 -0700] "GET /img/autumn/thumbs/7.jpg HTTP/1.1" 200 25117 "-" "Mozilla/5.0 (iPad; CPU OS 9_3_5 like Mac OS X) AppleWebKit/600.1.4 (KHTML, like Gecko) GSA/19.0.133715217 Mobile/13G36 Safari/600.1.4"
66.249.65.8 - - [07/Oct/2016:13:41:47 -0700] "GET /img/njn/6.jpg HTTP/1.1" 200 125438 "-" "Googlebot-Image/1.0"
66.249.65.10 - - [07/Oct/2016:13:48:28 -0700] "GET /img/autumn/thumbs/4.jpg HTTP/1.1" 200 20880 "-" "Googlebot-Image/1.0"
66.249.65.10 - - [07/Oct/2016:13:48:30 -0700] "GET /img/mixman/10.jpg HTTP/1.1" 200 114974 "-" "Googlebot-Image/1.0"
66.249.65.10 - - [07/Oct/2016:13:48:31 -0700] "GET /img/mixman/19.jpg HTTP/1.1" 200 81276 "-" "Googlebot-Image/1.0"
66.249.65.6 - - [07/Oct/2016:13:48:36 -0700] "GET /img/mixman/thumbs/13.jpg HTTP/1.1" 200 28845 "-" "Googlebot-Image/1.0"
66.249.65.6 - - [07/Oct/2016:13:48:58 -0700] "GET /img/mixman/15.jpg HTTP/1.1" 200 115845 "-" "Googlebot-Image/1.0"
66.249.65.6 - - [07/Oct/2016:13:50:02 -0700] "GET /img/mixman/13.jpg HTTP/1.1" 200 106423 "-" "Googlebot-Image/1.0"
66.249.65.6 - - [07/Oct/2016:13:50:32 -0700] "GET /img/autumn/thumbs/3.jpg HTTP/1.1" 200 40589 "-" "Googlebot-Image/1.0"
66.249.65.6 - - [07/Oct/2016:13:50:39 -0700] "GET /img/autumn/thumbs/8.jpg HTTP/1.1" 200 20283 "-" "Googlebot-Image/1.0"
66.249.65.6 - - [07/Oct/2016:13:50:49 -0700] "GET /img/mixman/1.jpg HTTP/1.1" 200 146374 "-" "Googlebot-Image/1.0"
66.249.65.6 - - [07/Oct/2016:13:52:33 -0700] "GET /img/njn/thumbs/1.jpg HTTP/1.1" 200 24676 "-" "Googlebot-Image/1.0"
66.249.65.6 - - [07/Oct/2016:14:10:35 -0700] "GET /img/njn/7.jpg HTTP/1.1" 200 116420 "-" "Googlebot-Image/1.0"
66.249.65.8 - - [07/Oct/2016:14:15:02 -0700] "GET /img/mixman/2.jpg HTTP/1.1" 200 80932 "-" "Googlebot-Image/1.0"
66.249.65.10 - - [07/Oct/2016:14:39:23 -0700] "GET /img/bs4w/8.jpg HTTP/1.1" 200 67708 "-" "Googlebot-Image/1.0"
66.249.65.8 - - [07/Oct/2016:14:43:17 -0700] "GET /img/mixman/7.jpg HTTP/1.1" 200 107323 "-" "Googlebot-Image/1.0"
66.249.65.10 - - [07/Oct/2016:15:08:11 -0700] "GET /img/bs4w/7.jpg HTTP/1.1" 200 80775 "-" "Googlebot-Image/1.0"
66.249.65.8 - - [07/Oct/2016:15:11:13 -0700] "GET /img/mixman/5.jpg HTTP/1.1" 200 86490 "-" "Googlebot-Image/1.0"
66.249.65.8 - - [07/Oct/2016:15:37:12 -0700] "GET /img/bs4w/1.jpg HTTP/1.1" 200 61424 "-" "Googlebot-Image/1.0"
66.249.65.6 - - [07/Oct/2016:15:39:14 -0700] "GET /img/mixman/17.jpg HTTP/1.1" 200 60460 "-" "Googlebot-Image/1.0"
66.249.65.8 - - [07/Oct/2016:16:07:05 -0700] "GET /robots.txt HTTP/1.1" 404 208 "-" "Mozilla/5.0 (compatible; Googlebot/2.1; +http://www.google.com/bot.html)"
66.249.65.8 - - [07/Oct/2016:16:07:05 -0700] "GET /img/bs4w/3.jpg HTTP/1.1" 200 74030 "-" "Googlebot-Image/1.0"
66.249.65.6 - - [07/Oct/2016:16:07:25 -0700] "GET /img/mixman/3.jpg HTTP/1.1" 200 114734 "-" "Googlebot-Image/1.0"
66.249.65.8 - - [07/Oct/2016:16:34:35 -0700] "GET /img/bs4w/5.jpg HTTP/1.1" 200 42135 "-" "Googlebot-Image/1.0"
66.249.65.10 - - [07/Oct/2016:16:35:16 -0700] "GET /img/bs4w/thumbs/5.jpg HTTP/1.1" 200 12034 "-" "Googlebot-Image/1.0"
66.249.65.8 - - [07/Oct/2016:16:38:19 -0700] "GET / HTTP/1.1" 200 15892 "-" "Mozilla/5.0 (compatible; Googlebot/2.1; +http://www.google.com/bot.html)"
180.76.15.137 - - [07/Oct/2016:16:49:57 -0700] "GET / HTTP/1.1" 403 202 "-" "Mozilla/5.0 (Windows NT 10.0; WOW64) AppleWebKit/537.36 (KHTML, like Gecko) Chrome/45.0.2454.93 Safari/537.36"
66.249.65.8 - - [07/Oct/2016:17:03:23 -0700] "GET /img/bs4w/2.jpg HTTP/1.1" 200 116129 "-" "Googlebot-Image/1.0"
66.249.65.6 - - [07/Oct/2016:17:03:39 -0700] "GET /img/bs4w/thumbs/6.jpg HTTP/1.1" 200 12384 "-" "Googlebot-Image/1.0"
202.46.48.131 - - [07/Oct/2016:17:23:17 -0700] "GET / HTTP/1.1" 403 202 "-" "Mozilla/5.0 (Windows NT 10.0; WOW64) AppleWebKit/537.36 (KHTML, like Gecko) Chrome/45.0.2454.93 Safari/537.36"
66.249.65.6 - - [07/Oct/2016:17:31:31 -0700] "GET /img/bs4w/thumbs/2.jpg HTTP/1.1" 200 31891 "-" "Googlebot-Image/1.0"
66.249.65.6 - - [07/Oct/2016:17:32:11 -0700] "GET /img/bs4w/4.jpg HTTP/1.1" 200 93892 "-" "Googlebot-Image/1.0"
104.193.89.244 - - [07/Oct/2016:17:56:47 -0700] "GET / HTTP/1.1" 403 202 "-" "Mozilla/5.0 (Windows NT 10.0; WOW64) AppleWebKit/537.36 (KHTML, like Gecko) Chrome/45.0.2454.93 Safari/537.36"
66.249.65.6 - - [07/Oct/2016:17:59:44 -0700] "GET /img/mixman/18.jpg HTTP/1.1" 200 75474 "-" "Googlebot-Image/1.0"
66.249.65.6 - - [07/Oct/2016:18:00:59 -0700] "GET /img/wu-wei/6.jpg HTTP/1.1" 200 180106 "-" "Googlebot-Image/1.0"
66.249.65.10 - - [07/Oct/2016:18:27:45 -0700] "GET /img/autumn/thumbs/5.jpg HTTP/1.1" 200 29246 "-" "Googlebot-Image/1.0"
66.249.65.8 - - [07/Oct/2016:18:29:47 -0700] "GET /img/autumn/8.jpg HTTP/1.1" 200 100218 "-" "Googlebot-Image/1.0"
66.249.65.10 - - [07/Oct/2016:18:55:50 -0700] "GET /img/bs4w/thumbs/3.jpg HTTP/1.1" 200 21431 "-" "Googlebot-Image/1.0"
66.249.65.6 - - [07/Oct/2016:18:58:35 -0700] "GET /img/autumn/7.jpg HTTP/1.1" 200 236722 "-" "Googlebot-Image/1.0"
66.249.65.8 - - [07/Oct/2016:19:11:21 -0700] "GET /robots.txt HTTP/1.1" 404 208 "-" "Mozilla/5.0 (compatible; Googlebot/2.1; +http://www.google.com/bot.html)"
66.249.65.6 - - [07/Oct/2016:19:24:08 -0700] "GET /img/autumn/thumbs/1.jpg HTTP/1.1" 200 24768 "-" "Googlebot-Image/1.0"
66.249.65.8 - - [07/Oct/2016:19:51:50 -0700] "GET /img/bs4w/thumbs/7.jpg HTTP/1.1" 200 23328 "-" "Googlebot-Image/1.0"
66.249.65.6 - - [07/Oct/2016:19:57:01 -0700] "GET /img/sfnoir/9.jpg HTTP/1.1" 200 64784 "-" "Googlebot-Image/1.0"
207.241.229.150 - - [07/Oct/2016:19:58:03 -0700] "GET /robots.txt HTTP/1.0" 404 208 "http://rndsquared.com/robots.txt" "Mozilla/5.0 (compatible; archive.org_bot +http://www.archive.org/details/archive.org_bot)"
73.15.207.86 - - [07/Oct/2016:20:16:36 -0700] "GET /img/autumn/thumbs/2.jpg HTTP/1.1" 200 45196 "https://www.google.com/" "Mozilla/5.0 (Windows NT 6.1; WOW64) AppleWebKit/537.36 (KHTML, like Gecko) Chrome/53.0.2785.143 Safari/537.36"
73.15.207.86 - - [07/Oct/2016:20:16:37 -0700] "GET / HTTP/1.1" 200 15892 "https://www.google.com/" "Mozilla/5.0 (Windows NT 6.1; WOW64) AppleWebKit/537.36 (KHTML, like Gecko) Chrome/53.0.2785.143 Safari/537.36"
73.15.207.86 - - [07/Oct/2016:20:16:37 -0700] "GET /css/bootstrap.min.css HTTP/1.1" 200 11249 "https://www.rndsquared.com/" "Mozilla/5.0 (Windows NT 6.1; WOW64) AppleWebKit/537.36 (KHTML, like Gecko) Chrome/53.0.2785.143 Safari/537.36"
73.15.207.86 - - [07/Oct/2016:20:16:37 -0700] "GET /css/lightbox.css HTTP/1.1" 200 1003 "https://www.rndsquared.com/" "Mozilla/5.0 (Windows NT 6.1; WOW64) AppleWebKit/537.36 (KHTML, like Gecko) Chrome/53.0.2785.143 Safari/537.36"
73.15.207.86 - - [07/Oct/2016:20:16:37 -0700] "GET /css/styles.css HTTP/1.1" 200 1975 "https://www.rndsquared.com/" "Mozilla/5.0 (Windows NT 6.1; WOW64) AppleWebKit/537.36 (KHTML, like Gecko) Chrome/53.0.2785.143 Safari/537.36"
73.15.207.86 - - [07/Oct/2016:20:16:37 -0700] "GET /js/modernizr.js HTTP/1.1" 200 5933 "https://www.rndsquared.com/" "Mozilla/5.0 (Windows NT 6.1; WOW64) AppleWebKit/537.36 (KHTML, like Gecko) Chrome/53.0.2785.143 Safari/537.36"
73.15.207.86 - - [07/Oct/2016:20:16:37 -0700] "GET /fonts/mn2-webfont.woff2 HTTP/1.1" 200 15004 "https://www.rndsquared.com/css/styles.css" "Mozilla/5.0 (Windows NT 6.1; WOW64) AppleWebKit/537.36 (KHTML, like Gecko) Chrome/53.0.2785.143 Safari/537.36"
73.15.207.86 - - [07/Oct/2016:20:16:37 -0700] "GET /js/lightbox.js HTTP/1.1" 200 4210 "https://www.rndsquared.com/" "Mozilla/5.0 (Windows NT 6.1; WOW64) AppleWebKit/537.36 (KHTML, like Gecko) Chrome/53.0.2785.143 Safari/537.36"
73.15.207.86 - - [07/Oct/2016:20:16:37 -0700] "GET /img/mixman/thumbs/1.jpg HTTP/1.1" 200 35516 "https://www.rndsquared.com/" "Mozilla/5.0 (Windows NT 6.1; WOW64) AppleWebKit/537.36 (KHTML, like Gecko) Chrome/53.0.2785.143 Safari/537.36"
73.15.207.86 - - [07/Oct/2016:20:16:37 -0700] "GET /js/scripts.js HTTP/1.1" 200 1227 "https://www.rndsquared.com/" "Mozilla/5.0 (Windows NT 6.1; WOW64) AppleWebKit/537.36 (KHTML, like Gecko) Chrome/53.0.2785.143 Safari/537.36"
73.15.207.86 - - [07/Oct/2016:20:16:37 -0700] "GET /img/oncekids-fujimini/thumbs/1.jpg HTTP/1.1" 200 36349 "https://www.rndsquared.com/" "Mozilla/5.0 (Windows NT 6.1; WOW64) AppleWebKit/537.36 (KHTML, like Gecko) Chrome/53.0.2785.143 Safari/537.36"
73.15.207.86 - - [07/Oct/2016:20:16:37 -0700] "GET /img/urban-cowgirl/thumbs/1.jpg HTTP/1.1" 200 26624 "https://www.rndsquared.com/" "Mozilla/5.0 (Windows NT 6.1; WOW64) AppleWebKit/537.36 (KHTML, like Gecko) Chrome/53.0.2785.143 Safari/537.36"
73.15.207.86 - - [07/Oct/2016:20:16:37 -0700] "GET /img/wu-wei/thumbs/1.jpg HTTP/1.1" 200 35144 "https://www.rndsquared.com/" "Mozilla/5.0 (Windows NT 6.1; WOW64) AppleWebKit/537.36 (KHTML, like Gecko) Chrome/53.0.2785.143 Safari/537.36"
73.15.207.86 - - [07/Oct/2016:20:16:37 -0700] "GET /img/bs4w/thumbs/3.jpg HTTP/1.1" 200 21431 "https://www.rndsquared.com/" "Mozilla/5.0 (Windows NT 6.1; WOW64) AppleWebKit/537.36 (KHTML, like Gecko) Chrome/53.0.2785.143 Safari/537.36"
73.15.207.86 - - [07/Oct/2016:20:16:37 -0700] "GET /img/njn/thumbs/1.jpg HTTP/1.1" 200 24676 "https://www.rndsquared.com/" "Mozilla/5.0 (Windows NT 6.1; WOW64) AppleWebKit/537.36 (KHTML, like Gecko) Chrome/53.0.2785.143 Safari/537.36"
73.15.207.86 - - [07/Oct/2016:20:16:37 -0700] "GET /img/sfnoir/thumbs/2.jpg HTTP/1.1" 200 23061 "https://www.rndsquared.com/" "Mozilla/5.0 (Windows NT 6.1; WOW64) AppleWebKit/537.36 (KHTML, like Gecko) Chrome/53.0.2785.143 Safari/537.36"
73.15.207.86 - - [07/Oct/2016:20:16:37 -0700] "GET /img/autumn/thumbs/1.jpg HTTP/1.1" 200 24768 "https://www.rndsquared.com/" "Mozilla/5.0 (Windows NT 6.1; WOW64) AppleWebKit/537.36 (KHTML, like Gecko) Chrome/53.0.2785.143 Safari/537.36"
73.15.207.86 - - [07/Oct/2016:20:16:38 -0700] "GET /img/mixman/thumbs/2.jpg HTTP/1.1" 200 24519 "https://www.rndsquared.com/" "Mozilla/5.0 (Windows NT 6.1; WOW64) AppleWebKit/537.36 (KHTML, like Gecko) Chrome/53.0.2785.143 Safari/537.36"
73.15.207.86 - - [07/Oct/2016:20:16:38 -0700] "GET /img/mixman/thumbs/3.jpg HTTP/1.1" 200 32138 "https://www.rndsquared.com/" "Mozilla/5.0 (Windows NT 6.1; WOW64) AppleWebKit/537.36 (KHTML, like Gecko) Chrome/53.0.2785.143 Safari/537.36"
73.15.207.86 - - [07/Oct/2016:20:16:38 -0700] "GET /img/mixman/thumbs/4.jpg HTTP/1.1" 200 35783 "https://www.rndsquared.com/" "Mozilla/5.0 (Windows NT 6.1; WOW64) AppleWebKit/537.36 (KHTML, like Gecko) Chrome/53.0.2785.143 Safari/537.36"
73.15.207.86 - - [07/Oct/2016:20:16:38 -0700] "GET /img/mixman/thumbs/5.jpg HTTP/1.1" 200 23498 "https://www.rndsquared.com/" "Mozilla/5.0 (Windows NT 6.1; WOW64) AppleWebKit/537.36 (KHTML, like Gecko) Chrome/53.0.2785.143 Safari/537.36"
73.15.207.86 - - [07/Oct/2016:20:16:38 -0700] "GET /img/mixman/thumbs/7.jpg HTTP/1.1" 200 29010 "https://www.rndsquared.com/" "Mozilla/5.0 (Windows NT 6.1; WOW64) AppleWebKit/537.36 (KHTML, like Gecko) Chrome/53.0.2785.143 Safari/537.36"
73.15.207.86 - - [07/Oct/2016:20:16:38 -0700] "GET /img/mixman/thumbs/6.jpg HTTP/1.1" 200 29592 "https://www.rndsquared.com/" "Mozilla/5.0 (Windows NT 6.1; WOW64) AppleWebKit/537.36 (KHTML, like Gecko) Chrome/53.0.2785.143 Safari/537.36"
73.15.207.86 - - [07/Oct/2016:20:16:38 -0700] "GET /img/mixman/thumbs/9.jpg HTTP/1.1" 200 34012 "https://www.rndsquared.com/" "Mozilla/5.0 (Windows NT 6.1; WOW64) AppleWebKit/537.36 (KHTML, like Gecko) Chrome/53.0.2785.143 Safari/537.36"
73.15.207.86 - - [07/Oct/2016:20:16:38 -0700] "GET /img/mixman/thumbs/10.jpg HTTP/1.1" 200 31032 "https://www.rndsquared.com/" "Mozilla/5.0 (Windows NT 6.1; WOW64) AppleWebKit/537.36 (KHTML, like Gecko) Chrome/53.0.2785.143 Safari/537.36"
73.15.207.86 - - [07/Oct/2016:20:16:38 -0700] "GET /img/mixman/thumbs/11.jpg HTTP/1.1" 200 32588 "https://www.rndsquared.com/" "Mozilla/5.0 (Windows NT 6.1; WOW64) AppleWebKit/537.36 (KHTML, like Gecko) Chrome/53.0.2785.143 Safari/537.36"
73.15.207.86 - - [07/Oct/2016:20:16:38 -0700] "GET /img/mixman/thumbs/13.jpg HTTP/1.1" 200 28845 "https://www.rndsquared.com/" "Mozilla/5.0 (Windows NT 6.1; WOW64) AppleWebKit/537.36 (KHTML, like Gecko) Chrome/53.0.2785.143 Safari/537.36"
73.15.207.86 - - [07/Oct/2016:20:16:38 -0700] "GET /img/logo.png HTTP/1.1" 200 13123 "https://www.rndsquared.com/css/styles.css" "Mozilla/5.0 (Windows NT 6.1; WOW64) AppleWebKit/537.36 (KHTML, like Gecko) Chrome/53.0.2785.143 Safari/537.36"
73.15.207.86 - - [07/Oct/2016:20:16:38 -0700] "GET /img/marble.jpg HTTP/1.1" 200 292701 "https://www.rndsquared.com/css/styles.css" "Mozilla/5.0 (Windows NT 6.1; WOW64) AppleWebKit/537.36 (KHTML, like Gecko) Chrome/53.0.2785.143 Safari/537.36"
73.15.207.86 - - [07/Oct/2016:20:16:38 -0700] "GET /img/mixman/thumbs/15.jpg HTTP/1.1" 200 31677 "https://www.rndsquared.com/" "Mozilla/5.0 (Windows NT 6.1; WOW64) AppleWebKit/537.36 (KHTML, like Gecko) Chrome/53.0.2785.143 Safari/537.36"
73.15.207.86 - - [07/Oct/2016:20:16:38 -0700] "GET /img/mixman/thumbs/18.jpg HTTP/1.1" 200 20196 "https://www.rndsquared.com/" "Mozilla/5.0 (Windows NT 6.1; WOW64) AppleWebKit/537.36 (KHTML, like Gecko) Chrome/53.0.2785.143 Safari/537.36"
73.15.207.86 - - [07/Oct/2016:20:16:38 -0700] "GET /img/mixman/thumbs/19.jpg HTTP/1.1" 200 22007 "https://www.rndsquared.com/" "Mozilla/5.0 (Windows NT 6.1; WOW64) AppleWebKit/537.36 (KHTML, like Gecko) Chrome/53.0.2785.143 Safari/537.36"
73.15.207.86 - - [07/Oct/2016:20:16:38 -0700] "GET /img/urban-cowgirl/thumbs/2.jpg HTTP/1.1" 200 24103 "https://www.rndsquared.com/" "Mozilla/5.0 (Windows NT 6.1; WOW64) AppleWebKit/537.36 (KHTML, like Gecko) Chrome/53.0.2785.143 Safari/537.36"
73.15.207.86 - - [07/Oct/2016:20:16:38 -0700] "GET /img/urban-cowgirl/thumbs/3.jpg HTTP/1.1" 200 25487 "https://www.rndsquared.com/" "Mozilla/5.0 (Windows NT 6.1; WOW64) AppleWebKit/537.36 (KHTML, like Gecko) Chrome/53.0.2785.143 Safari/537.36"
73.15.207.86 - - [07/Oct/2016:20:16:38 -0700] "GET /img/urban-cowgirl/thumbs/4.jpg HTTP/1.1" 200 27112 "https://www.rndsquared.com/" "Mozilla/5.0 (Windows NT 6.1; WOW64) AppleWebKit/537.36 (KHTML, like Gecko) Chrome/53.0.2785.143 Safari/537.36"
73.15.207.86 - - [07/Oct/2016:20:16:38 -0700] "GET /img/urban-cowgirl/thumbs/5.jpg HTTP/1.1" 200 26913 "https://www.rndsquared.com/" "Mozilla/5.0 (Windows NT 6.1; WOW64) AppleWebKit/537.36 (KHTML, like Gecko) Chrome/53.0.2785.143 Safari/537.36"
73.15.207.86 - - [07/Oct/2016:20:16:38 -0700] "GET /img/mixman/thumbs/16.jpg HTTP/1.1" 200 36852 "https://www.rndsquared.com/" "Mozilla/5.0 (Windows NT 6.1; WOW64) AppleWebKit/537.36 (KHTML, like Gecko) Chrome/53.0.2785.143 Safari/537.36"
73.15.207.86 - - [07/Oct/2016:20:16:38 -0700] "GET /img/urban-cowgirl/thumbs/6.jpg HTTP/1.1" 200 14645 "https://www.rndsquared.com/" "Mozilla/5.0 (Windows NT 6.1; WOW64) AppleWebKit/537.36 (KHTML, like Gecko) Chrome/53.0.2785.143 Safari/537.36"
73.15.207.86 - - [07/Oct/2016:20:16:38 -0700] "GET /img/oncekids-fujimini/thumbs/2.jpg HTTP/1.1" 200 36054 "https://www.rndsquared.com/" "Mozilla/5.0 (Windows NT 6.1; WOW64) AppleWebKit/537.36 (KHTML, like Gecko) Chrome/53.0.2785.143 Safari/537.36"
73.15.207.86 - - [07/Oct/2016:20:16:38 -0700] "GET /img/oncekids-fujimini/thumbs/3.jpg HTTP/1.1" 200 39586 "https://www.rndsquared.com/" "Mozilla/5.0 (Windows NT 6.1; WOW64) AppleWebKit/537.36 (KHTML, like Gecko) Chrome/53.0.2785.143 Safari/537.36"
73.15.207.86 - - [07/Oct/2016:20:16:39 -0700] "GET /img/oncekids-fujimini/thumbs/4.jpg HTTP/1.1" 200 39689 "https://www.rndsquared.com/" "Mozilla/5.0 (Windows NT 6.1; WOW64) AppleWebKit/537.36 (KHTML, like Gecko) Chrome/53.0.2785.143 Safari/537.36"
73.15.207.86 - - [07/Oct/2016:20:16:39 -0700] "GET /img/oncekids-fujimini/thumbs/5.jpg HTTP/1.1" 200 26202 "https://www.rndsquared.com/" "Mozilla/5.0 (Windows NT 6.1; WOW64) AppleWebKit/537.36 (KHTML, like Gecko) Chrome/53.0.2785.143 Safari/537.36"
73.15.207.86 - - [07/Oct/2016:20:16:39 -0700] "GET /img/oncekids-fujimini/thumbs/6.jpg HTTP/1.1" 200 27603 "https://www.rndsquared.com/" "Mozilla/5.0 (Windows NT 6.1; WOW64) AppleWebKit/537.36 (KHTML, like Gecko) Chrome/53.0.2785.143 Safari/537.36"
73.15.207.86 - - [07/Oct/2016:20:16:39 -0700] "GET /img/oncekids-fujimini/thumbs/7.jpg HTTP/1.1" 200 39450 "https://www.rndsquared.com/" "Mozilla/5.0 (Windows NT 6.1; WOW64) AppleWebKit/537.36 (KHTML, like Gecko) Chrome/53.0.2785.143 Safari/537.36"
73.15.207.86 - - [07/Oct/2016:20:16:39 -0700] "GET /img/oncekids-fujimini/thumbs/8.jpg HTTP/1.1" 200 23299 "https://www.rndsquared.com/" "Mozilla/5.0 (Windows NT 6.1; WOW64) AppleWebKit/537.36 (KHTML, like Gecko) Chrome/53.0.2785.143 Safari/537.36"
73.15.207.86 - - [07/Oct/2016:20:16:39 -0700] "GET /img/wu-wei/thumbs/2.jpg HTTP/1.1" 200 21193 "https://www.rndsquared.com/" "Mozilla/5.0 (Windows NT 6.1; WOW64) AppleWebKit/537.36 (KHTML, like Gecko) Chrome/53.0.2785.143 Safari/537.36"
73.15.207.86 - - [07/Oct/2016:20:16:39 -0700] "GET /img/wu-wei/thumbs/3.jpg HTTP/1.1" 200 22711 "https://www.rndsquared.com/" "Mozilla/5.0 (Windows NT 6.1; WOW64) AppleWebKit/537.36 (KHTML, like Gecko) Chrome/53.0.2785.143 Safari/537.36"
73.15.207.86 - - [07/Oct/2016:20:16:39 -0700] "GET /img/wu-wei/thumbs/4.jpg HTTP/1.1" 200 24258 "https://www.rndsquared.com/" "Mozilla/5.0 (Windows NT 6.1; WOW64) AppleWebKit/537.36 (KHTML, like Gecko) Chrome/53.0.2785.143 Safari/537.36"
