66.249.66.22 - - [25/Jan/2018:21:50:36 -0800] "GET / HTTP/1.1" 200 15892 "-" "Mozilla/5.0 (compatible; Googlebot/2.1; +http://www.google.com/bot.html)"
207.46.13.78 - - [26/Jan/2018:03:26:37 -0800] "GET / HTTP/1.1" 200 15892 "-" "Mozilla/5.0 (compatible; bingbot/2.0; +http://www.bing.com/bingbot.htm)"
54.183.130.127 - - [26/Jan/2018:16:06:31 -0800] "GET / HTTP/1.1" 200 15892 "-" "Mozilla/5.0 (Macintosh; Intel Mac OS X 10_12_6) AppleWebKit/537.36 (KHTML, like Gecko) Chrome/61.0.3163.100 Safari/537.36"
157.55.39.104 - - [26/Jan/2018:21:40:50 -0800] "GET / HTTP/1.1" 200 15892 "-" "Mozilla/5.0 (compatible; bingbot/2.0; +http://www.bing.com/bingbot.htm)"
77.75.76.170 - - [26/Jan/2018:23:06:46 -0800] "GET /robots.txt HTTP/1.1" 404 208 "-" "Mozilla/5.0 (compatible; SeznamBot/3.2; +http://napoveda.seznam.cz/en/seznambot-intro/)"
77.75.76.170 - - [26/Jan/2018:23:06:49 -0800] "GET /img/autumn/thumbs/4.jpg HTTP/1.1" 304 - "-" "Mozilla/5.0 (compatible; SeznamBot/3.2; +http://napoveda.seznam.cz/en/seznambot-intro/)"
159.203.127.89 - - [27/Jan/2018:00:29:48 -0800] "GET / HTTP/1.1" 200 72657 "-" "-"
77.75.78.171 - - [27/Jan/2018:02:18:53 -0800] "GET /robots.txt HTTP/1.1" 404 208 "-" "Mozilla/5.0 (compatible; SeznamBot/3.2; +http://napoveda.seznam.cz/en/seznambot-intro/)"
77.75.78.171 - - [27/Jan/2018:02:18:56 -0800] "GET /img/bs4w/4.jpg HTTP/1.1" 304 - "-" "Mozilla/5.0 (compatible; SeznamBot/3.2; +http://napoveda.seznam.cz/en/seznambot-intro/)"
137.226.113.28 - - [27/Jan/2018:08:15:56 -0800] "GET / HTTP/1.1" 200 15892 "-" "Mozilla/5.0 zgrab/0.x (compatible; Researchscan/t12l; +http://researchscan.comsys.rwth-aachen.de)"
137.226.113.28 - - [27/Jan/2018:08:15:58 -0800] "GET / HTTP/1.1" 200 15892 "-" "Mozilla/5.0 zgrab/0.x (compatible; Researchscan/t12l; +http://researchscan.comsys.rwth-aachen.de)"
157.55.39.104 - - [27/Jan/2018:09:30:39 -0800] "GET / HTTP/1.1" 200 15892 "-" "Mozilla/5.0 (compatible; bingbot/2.0; +http://www.bing.com/bingbot.htm)"
93.158.161.62 - - [27/Jan/2018:19:34:26 -0800] "GET /robots.txt HTTP/1.1" 404 208 "-" "Mozilla/5.0 (compatible; YandexBot/3.0; +http://yandex.com/bots)"
77.88.47.14 - - [27/Jan/2018:19:34:30 -0800] "GET / HTTP/1.1" 200 15892 "-" "Mozilla/5.0 (compatible; YandexBot/3.0; +http://yandex.com/bots)"
77.75.78.162 - - [28/Jan/2018:01:03:30 -0800] "GET /robots.txt HTTP/1.1" 404 208 "-" "Mozilla/5.0 (compatible; SeznamBot/3.2; +http://napoveda.seznam.cz/en/seznambot-intro/)"
77.75.78.162 - - [28/Jan/2018:01:03:33 -0800] "GET /img/urban-cowgirl/6.jpg HTTP/1.1" 304 - "-" "Mozilla/5.0 (compatible; SeznamBot/3.2; +http://napoveda.seznam.cz/en/seznambot-intro/)"
77.75.76.161 - - [28/Jan/2018:04:16:52 -0800] "GET /robots.txt HTTP/1.1" 404 208 "-" "Mozilla/5.0 (compatible; SeznamBot/3.2; +http://napoveda.seznam.cz/en/seznambot-intro/)"
77.75.76.161 - - [28/Jan/2018:04:16:55 -0800] "GET /img/bs4w/thumbs/4.jpg HTTP/1.1" 304 - "-" "Mozilla/5.0 (compatible; SeznamBot/3.2; +http://napoveda.seznam.cz/en/seznambot-intro/)"
46.4.107.115 - - [28/Jan/2018:05:29:59 -0800] "GET / HTTP/1.1" 200 15892 "-" "Mozilla/5.0 (compatible; BLEXBot/1.0; +http://webmeup-crawler.com/)"
77.75.76.164 - - [28/Jan/2018:07:13:40 -0800] "GET /robots.txt HTTP/1.1" 404 208 "-" "Mozilla/5.0 (compatible; SeznamBot/3.2; +http://napoveda.seznam.cz/en/seznambot-intro/)"
77.75.76.164 - - [28/Jan/2018:07:13:45 -0800] "GET /img/sfnoir/thumbs/1.jpg HTTP/1.1" 304 - "-" "Mozilla/5.0 (compatible; SeznamBot/3.2; +http://napoveda.seznam.cz/en/seznambot-intro/)"
100.43.85.179 - - [28/Jan/2018:08:13:48 -0800] "GET /robots.txt HTTP/1.1" 404 208 "-" "Mozilla/5.0 (compatible; YandexBot/3.0; +http://yandex.com/bots)"
141.8.144.44 - - [28/Jan/2018:08:13:52 -0800] "GET /img/autumn/thumbs/7.jpg HTTP/1.1" 304 - "-" "Mozilla/5.0 (compatible; YandexImages/3.0; +http://yandex.com/bots)"
77.75.77.101 - - [28/Jan/2018:09:23:25 -0800] "GET /robots.txt HTTP/1.1" 404 208 "-" "Mozilla/5.0 (compatible; SeznamBot/3.2; +http://napoveda.seznam.cz/en/seznambot-intro/)"
77.75.77.101 - - [28/Jan/2018:09:23:28 -0800] "GET /img/autumn/1.jpg HTTP/1.1" 304 - "-" "Mozilla/5.0 (compatible; SeznamBot/3.2; +http://napoveda.seznam.cz/en/seznambot-intro/)"
207.46.13.70 - - [28/Jan/2018:11:11:45 -0800] "GET /robots.txt HTTP/1.1" 404 208 "-" "Mozilla/5.0 (compatible; bingbot/2.0; +http://www.bing.com/bingbot.htm)"
207.46.13.70 - - [28/Jan/2018:11:11:45 -0800] "GET /robots.txt HTTP/1.1" 404 208 "-" "Mozilla/5.0 (compatible; bingbot/2.0; +http://www.bing.com/bingbot.htm)"
216.244.66.202 - - [28/Jan/2018:17:49:33 -0800] "GET / HTTP/1.1" 200 72657 "-" "Mozilla/5.0 (compatible; DotBot/1.1; http://www.opensiteexplorer.org/dotbot, help@moz.com)"
216.244.66.202 - - [28/Jan/2018:19:51:18 -0800] "GET / HTTP/1.1" 200 72657 "-" "Mozilla/5.0 (compatible; DotBot/1.1; http://www.opensiteexplorer.org/dotbot, help@moz.com)"
66.249.79.138 - - [29/Jan/2018:05:00:58 -0800] "GET /robots.txt HTTP/1.1" 404 208 "-" "Mozilla/5.0 (compatible; Googlebot/2.1; +http://www.google.com/bot.html)"
66.249.79.138 - - [29/Jan/2018:05:00:58 -0800] "GET / HTTP/1.1" 200 15892 "-" "Mozilla/5.0 (Linux; Android 6.0.1; Nexus 5X Build/MMB29P) AppleWebKit/537.36 (KHTML, like Gecko) Chrome/41.0.2272.96 Mobile Safari/537.36 (compatible; Googlebot/2.1; +http://www.google.com/bot.html)"
66.249.79.136 - - [29/Jan/2018:08:14:25 -0800] "GET / HTTP/1.1" 200 15892 "-" "Mozilla/5.0 (compatible; Googlebot/2.1; +http://www.google.com/bot.html)"
40.77.167.67 - - [29/Jan/2018:10:28:11 -0800] "GET / HTTP/1.1" 200 15892 "-" "Mozilla/5.0 (compatible; bingbot/2.0; +http://www.bing.com/bingbot.htm)"
77.88.47.14 - - [29/Jan/2018:14:06:14 -0800] "GET /robots.txt HTTP/1.1" 404 208 "-" "Mozilla/5.0 (compatible; YandexBot/3.0; +http://yandex.com/bots)"
93.158.161.62 - - [29/Jan/2018:14:06:18 -0800] "GET / HTTP/1.1" 200 15892 "-" "Mozilla/5.0 (compatible; YandexBot/3.0; +http://yandex.com/bots)"
54.183.130.127 - - [29/Jan/2018:18:14:07 -0800] "GET / HTTP/1.1" 200 15892 "-" "Mozilla/5.0 (Macintosh; Intel Mac OS X 10_12_6) AppleWebKit/537.36 (KHTML, like Gecko) Chrome/61.0.3163.100 Safari/537.36"
40.77.167.182 - - [30/Jan/2018:02:20:54 -0800] "GET / HTTP/1.1" 200 15892 "-" "Mozilla/5.0 (compatible; bingbot/2.0; +http://www.bing.com/bingbot.htm)"
77.75.77.62 - - [30/Jan/2018:10:21:31 -0800] "GET /img/sfnoir/5.jpg HTTP/1.1" 304 - "-" "Mozilla/5.0 (compatible; SeznamBot/3.2; +http://napoveda.seznam.cz/en/seznambot-intro/)"
157.55.39.26 - - [30/Jan/2018:15:50:25 -0800] "GET /robots.txt HTTP/1.1" 404 208 "-" "Mozilla/5.0 (compatible; bingbot/2.0; +http://www.bing.com/bingbot.htm)"
157.55.39.26 - - [30/Jan/2018:15:50:25 -0800] "GET /robots.txt HTTP/1.1" 404 208 "-" "Mozilla/5.0 (compatible; bingbot/2.0; +http://www.bing.com/bingbot.htm)"
157.55.39.181 - - [30/Jan/2018:15:50:34 -0800] "GET / HTTP/1.1" 200 15892 "-" "Mozilla/5.0 (compatible; bingbot/2.0; +http://www.bing.com/bingbot.htm)"
66.249.79.136 - - [30/Jan/2018:16:48:05 -0800] "GET /robots.txt HTTP/1.1" 404 208 "-" "Mozilla/5.0 (compatible; Googlebot/2.1; +http://www.google.com/bot.html)"
66.249.79.138 - - [30/Jan/2018:16:48:06 -0800] "GET / HTTP/1.1" 200 15892 "-" "Mozilla/5.0 (compatible; Googlebot/2.1; +http://www.google.com/bot.html)"
66.249.79.134 - - [30/Jan/2018:16:48:31 -0800] "GET /img/wu-wei/6.jpg HTTP/1.1" 200 180106 "-" "Googlebot-Image/1.0"
66.249.79.138 - - [30/Jan/2018:16:49:41 -0800] "GET /img/njn/2.jpg HTTP/1.1" 200 103550 "-" "Googlebot-Image/1.0"
66.249.79.134 - - [30/Jan/2018:16:51:07 -0800] "GET /img/njn/3.jpg HTTP/1.1" 200 157605 "-" "Googlebot-Image/1.0"
66.249.79.18 - - [30/Jan/2018:16:52:22 -0800] "GET /img/njn/1.jpg HTTP/1.1" 200 88793 "-" "Googlebot-Image/1.0"
66.249.79.14 - - [30/Jan/2018:16:53:40 -0800] "GET /img/njn/8.jpg HTTP/1.1" 200 124240 "-" "Googlebot-Image/1.0"
66.249.79.138 - - [30/Jan/2018:17:15:02 -0800] "GET /img/njn/5.jpg HTTP/1.1" 200 117364 "-" "Googlebot-Image/1.0"
66.249.79.82 - - [30/Jan/2018:17:43:49 -0800] "GET /img/njn/4.jpg HTTP/1.1" 200 151484 "-" "Googlebot-Image/1.0"
66.249.79.136 - - [30/Jan/2018:18:12:37 -0800] "GET /img/njn/6.jpg HTTP/1.1" 200 125438 "-" "Googlebot-Image/1.0"
66.249.79.136 - - [30/Jan/2018:18:41:25 -0800] "GET /img/njn/7.jpg HTTP/1.1" 200 116420 "-" "Googlebot-Image/1.0"
66.249.79.134 - - [30/Jan/2018:19:10:13 -0800] "GET /img/bs4w/8.jpg HTTP/1.1" 200 67708 "-" "Googlebot-Image/1.0"
104.236.63.174 - - [30/Jan/2018:19:23:57 -0800] "GET / HTTP/1.1" 200 72657 "-" "-"
66.249.79.134 - - [30/Jan/2018:19:39:01 -0800] "GET /img/bs4w/7.jpg HTTP/1.1" 200 80775 "-" "Googlebot-Image/1.0"
66.249.79.136 - - [30/Jan/2018:20:07:49 -0800] "GET /img/bs4w/1.jpg HTTP/1.1" 200 61424 "-" "Googlebot-Image/1.0"
66.249.79.134 - - [30/Jan/2018:20:36:37 -0800] "GET /img/bs4w/3.jpg HTTP/1.1" 200 74030 "-" "Googlebot-Image/1.0"
66.249.79.136 - - [30/Jan/2018:21:05:25 -0800] "GET /img/bs4w/5.jpg HTTP/1.1" 200 42135 "-" "Googlebot-Image/1.0"
66.249.79.138 - - [30/Jan/2018:21:34:13 -0800] "GET /img/bs4w/2.jpg HTTP/1.1" 200 116129 "-" "Googlebot-Image/1.0"
66.249.79.138 - - [30/Jan/2018:22:03:00 -0800] "GET /img/bs4w/6.jpg HTTP/1.1" 200 42274 "-" "Googlebot-Image/1.0"
66.249.79.136 - - [30/Jan/2018:22:31:48 -0800] "GET /img/bs4w/4.jpg HTTP/1.1" 200 93892 "-" "Googlebot-Image/1.0"
66.249.79.136 - - [30/Jan/2018:23:00:36 -0800] "GET /img/autumn/8.jpg HTTP/1.1" 200 100218 "-" "Googlebot-Image/1.0"
66.249.79.134 - - [30/Jan/2018:23:29:24 -0800] "GET /img/autumn/7.jpg HTTP/1.1" 200 236722 "-" "Googlebot-Image/1.0"
66.249.79.134 - - [30/Jan/2018:23:58:12 -0800] "GET /img/mixman/1.jpg HTTP/1.1" 200 146374 "-" "Googlebot-Image/1.0"
66.249.79.138 - - [31/Jan/2018:00:27:00 -0800] "GET /img/sfnoir/9.jpg HTTP/1.1" 200 64784 "-" "Googlebot-Image/1.0"
66.249.79.134 - - [31/Jan/2018:00:55:48 -0800] "GET /img/wu-wei/9.jpg HTTP/1.1" 200 398953 "-" "Googlebot-Image/1.0"
66.249.79.134 - - [31/Jan/2018:01:24:36 -0800] "GET /img/autumn/4.jpg HTTP/1.1" 200 166546 "-" "Googlebot-Image/1.0"
207.46.13.14 - - [31/Jan/2018:01:43:42 -0800] "GET / HTTP/1.1" 200 15892 "-" "Mozilla/5.0 (compatible; bingbot/2.0; +http://www.bing.com/bingbot.htm)"
66.249.79.136 - - [31/Jan/2018:01:53:24 -0800] "GET /img/sfnoir/7.jpg HTTP/1.1" 200 122937 "-" "Googlebot-Image/1.0"
66.249.79.136 - - [31/Jan/2018:02:22:16 -0800] "GET /img/sfnoir/6.jpg HTTP/1.1" 200 112789 "-" "Googlebot-Image/1.0"
66.249.79.138 - - [31/Jan/2018:02:51:02 -0800] "GET /img/mixman/9.jpg HTTP/1.1" 200 141085 "-" "Googlebot-Image/1.0"
66.249.79.136 - - [31/Jan/2018:03:19:49 -0800] "GET /img/mixman/2.jpg HTTP/1.1" 200 80932 "-" "Googlebot-Image/1.0"
66.249.79.136 - - [31/Jan/2018:03:48:36 -0800] "GET /img/mixman/7.jpg HTTP/1.1" 200 107323 "-" "Googlebot-Image/1.0"
66.249.79.138 - - [31/Jan/2018:04:17:24 -0800] "GET /img/wu-wei/1.jpg HTTP/1.1" 200 323401 "-" "Googlebot-Image/1.0"
66.249.79.136 - - [31/Jan/2018:04:46:12 -0800] "GET /img/autumn/3.jpg HTTP/1.1" 200 506599 "-" "Googlebot-Image/1.0"
66.249.79.134 - - [31/Jan/2018:05:15:02 -0800] "GET /robots.txt HTTP/1.1" 404 208 "-" "Mozilla/5.0 (compatible; Googlebot/2.1; +http://www.google.com/bot.html)"
66.249.79.80 - - [31/Jan/2018:05:15:02 -0800] "GET /img/wu-wei/4.jpg HTTP/1.1" 200 279891 "-" "Googlebot-Image/1.0"
66.249.79.14 - - [31/Jan/2018:05:43:48 -0800] "GET /img/sfnoir/8.jpg HTTP/1.1" 200 89091 "-" "Googlebot-Image/1.0"
66.249.79.18 - - [31/Jan/2018:06:12:35 -0800] "GET /img/mixman/5.jpg HTTP/1.1" 200 86490 "-" "Googlebot-Image/1.0"
66.249.79.134 - - [31/Jan/2018:06:41:23 -0800] "GET /img/mixman/3.jpg HTTP/1.1" 200 114734 "-" "Googlebot-Image/1.0"
66.249.79.136 - - [31/Jan/2018:07:10:11 -0800] "GET /img/mixman/6.jpg HTTP/1.1" 200 105501 "-" "Googlebot-Image/1.0"
66.249.79.134 - - [31/Jan/2018:07:38:59 -0800] "GET /img/wu-wei/8.jpg HTTP/1.1" 200 457546 "-" "Googlebot-Image/1.0"
66.249.79.138 - - [31/Jan/2018:08:07:47 -0800] "GET /img/wu-wei/2.jpg HTTP/1.1" 200 183246 "-" "Googlebot-Image/1.0"
66.249.79.138 - - [31/Jan/2018:08:36:35 -0800] "GET /img/autumn/2.jpg HTTP/1.1" 200 292159 "-" "Googlebot-Image/1.0"
66.249.79.138 - - [31/Jan/2018:09:05:23 -0800] "GET /img/sfnoir/5.jpg HTTP/1.1" 200 67390 "-" "Googlebot-Image/1.0"
66.249.79.138 - - [31/Jan/2018:09:34:11 -0800] "GET /img/wu-wei/3.jpg HTTP/1.1" 200 173337 "-" "Googlebot-Image/1.0"
66.249.79.134 - - [31/Jan/2018:10:02:59 -0800] "GET /img/autumn/5.jpg HTTP/1.1" 200 180877 "-" "Googlebot-Image/1.0"
93.158.161.62 - - [31/Jan/2018:10:08:47 -0800] "GET /robots.txt HTTP/1.1" 404 208 "-" "Mozilla/5.0 (compatible; YandexBot/3.0; +http://yandex.com/bots)"
77.88.47.14 - - [31/Jan/2018:10:08:51 -0800] "GET / HTTP/1.1" 200 15892 "-" "Mozilla/5.0 (compatible; YandexBot/3.0; +http://yandex.com/bots)"
66.249.79.148 - - [31/Jan/2018:10:31:47 -0800] "GET /img/sfnoir/2.jpg HTTP/1.1" 200 81708 "-" "Googlebot-Image/1.0"
66.249.79.138 - - [31/Jan/2018:11:00:35 -0800] "GET /img/wu-wei/5.jpg HTTP/1.1" 200 220470 "-" "Googlebot-Image/1.0"
77.75.78.167 - - [31/Jan/2018:11:27:16 -0800] "GET /robots.txt HTTP/1.1" 404 208 "-" "Mozilla/5.0 (compatible; SeznamBot/3.2; +http://napoveda.seznam.cz/en/seznambot-intro/)"
77.75.78.167 - - [31/Jan/2018:11:27:19 -0800] "GET /img/autumn/thumbs/4.jpg HTTP/1.1" 304 - "-" "Mozilla/5.0 (compatible; SeznamBot/3.2; +http://napoveda.seznam.cz/en/seznambot-intro/)"
77.75.78.167 - - [31/Jan/2018:11:27:20 -0800] "GET /img/mixman/15.jpg HTTP/1.1" 304 - "-" "Mozilla/5.0 (compatible; SeznamBot/3.2; +http://napoveda.seznam.cz/en/seznambot-intro/)"
66.249.79.136 - - [31/Jan/2018:11:29:23 -0800] "GET /img/sfnoir/1.jpg HTTP/1.1" 200 77798 "-" "Googlebot-Image/1.0"
66.249.79.138 - - [31/Jan/2018:11:58:11 -0800] "GET /img/mixman/4.jpg HTTP/1.1" 200 135099 "-" "Googlebot-Image/1.0"
66.249.79.134 - - [31/Jan/2018:12:26:59 -0800] "GET /img/sfnoir/3.jpg HTTP/1.1" 200 74528 "-" "Googlebot-Image/1.0"
66.249.79.136 - - [31/Jan/2018:12:55:47 -0800] "GET /img/autumn/6.jpg HTTP/1.1" 200 149484 "-" "Googlebot-Image/1.0"
66.249.79.136 - - [31/Jan/2018:13:24:35 -0800] "GET /img/wu-wei/7.jpg HTTP/1.1" 200 293352 "-" "Googlebot-Image/1.0"
66.249.79.136 - - [31/Jan/2018:13:53:23 -0800] "GET /img/autumn/1.jpg HTTP/1.1" 200 290161 "-" "Googlebot-Image/1.0"
77.75.78.167 - - [31/Jan/2018:13:59:57 -0800] "GET /robots.txt HTTP/1.1" 404 208 "-" "Mozilla/5.0 (compatible; SeznamBot/3.2; +http://napoveda.seznam.cz/en/seznambot-intro/)"
77.75.78.167 - - [31/Jan/2018:14:00:00 -0800] "GET /img/wu-wei/thumbs/2.jpg HTTP/1.1" 304 - "-" "Mozilla/5.0 (compatible; SeznamBot/3.2; +http://napoveda.seznam.cz/en/seznambot-intro/)"
66.249.79.134 - - [31/Jan/2018:14:22:10 -0800] "GET /img/mixman/16.jpg HTTP/1.1" 200 113328 "-" "Googlebot-Image/1.0"
93.158.161.62 - - [31/Jan/2018:14:40:25 -0800] "GET /robots.txt HTTP/1.1" 404 208 "-" "Mozilla/5.0 (compatible; YandexBot/3.0; +http://yandex.com/bots)"
93.158.161.62 - - [31/Jan/2018:14:40:28 -0800] "GET /favicon.ico HTTP/1.1" 404 209 "-" "Mozilla/5.0 (compatible; YandexBot/3.0; +http://yandex.com/bots)"
66.249.79.134 - - [31/Jan/2018:14:50:58 -0800] "GET /img/mixman/15.jpg HTTP/1.1" 200 115845 "-" "Googlebot-Image/1.0"
77.75.76.165 - - [31/Jan/2018:14:52:05 -0800] "GET /robots.txt HTTP/1.1" 404 208 "-" "Mozilla/5.0 (compatible; SeznamBot/3.2; +http://napoveda.seznam.cz/en/seznambot-intro/)"
77.75.76.165 - - [31/Jan/2018:14:52:08 -0800] "GET /img/wu-wei/thumbs/9.jpg HTTP/1.1" 304 - "-" "Mozilla/5.0 (compatible; SeznamBot/3.2; +http://napoveda.seznam.cz/en/seznambot-intro/)"
66.249.79.138 - - [31/Jan/2018:15:19:46 -0800] "GET /img/wu-wei/10.jpg HTTP/1.1" 200 165194 "-" "Googlebot-Image/1.0"
66.249.79.138 - - [31/Jan/2018:15:48:34 -0800] "GET /img/mixman/13.jpg HTTP/1.1" 200 106423 "-" "Googlebot-Image/1.0"
66.249.79.134 - - [31/Jan/2018:16:17:22 -0800] "GET /img/mixman/19.jpg HTTP/1.1" 200 81276 "-" "Googlebot-Image/1.0"
66.249.79.134 - - [31/Jan/2018:16:46:10 -0800] "GET /img/mixman/17.jpg HTTP/1.1" 200 60460 "-" "Googlebot-Image/1.0"
66.249.79.134 - - [31/Jan/2018:17:14:58 -0800] "GET /img/mixman/10.jpg HTTP/1.1" 200 114974 "-" "Googlebot-Image/1.0"
66.249.65.92 - - [31/Jan/2018:17:43:46 -0800] "GET /robots.txt HTTP/1.1" 404 208 "-" "Mozilla/5.0 (compatible; Googlebot/2.1; +http://www.google.com/bot.html)"
66.249.79.80 - - [31/Jan/2018:17:43:46 -0800] "GET /img/mixman/18.jpg HTTP/1.1" 200 75474 "-" "Googlebot-Image/1.0"
66.249.79.80 - - [31/Jan/2018:18:12:34 -0800] "GET /img/mixman/11.jpg HTTP/1.1" 200 114722 "-" "Googlebot-Image/1.0"
66.249.79.80 - - [31/Jan/2018:18:41:22 -0800] "GET /img/urban-cowgirl/5.jpg HTTP/1.1" 200 114905 "-" "Googlebot-Image/1.0"
66.249.79.82 - - [31/Jan/2018:19:10:10 -0800] "GET /img/urban-cowgirl/4.jpg HTTP/1.1" 200 103819 "-" "Googlebot-Image/1.0"
66.249.79.82 - - [31/Jan/2018:19:38:58 -0800] "GET /img/urban-cowgirl/1.jpg HTTP/1.1" 200 94626 "-" "Googlebot-Image/1.0"
66.249.79.78 - - [31/Jan/2018:20:07:46 -0800] "GET /img/urban-cowgirl/3.jpg HTTP/1.1" 200 80583 "-" "Googlebot-Image/1.0"
200.121.254.185 - - [31/Jan/2018:20:33:45 -0800] "GET /img/mixman/3.jpg HTTP/1.1" 200 114734 "https://www.google.com.pe/" "Mozilla/5.0 (Windows NT 6.1; Win64; x64) AppleWebKit/537.36 (KHTML, like Gecko) Chrome/63.0.3239.132 Safari/537.36"
66.249.79.82 - - [31/Jan/2018:20:36:34 -0800] "GET /img/urban-cowgirl/2.jpg HTTP/1.1" 200 104975 "-" "Googlebot-Image/1.0"
66.249.79.82 - - [31/Jan/2018:21:05:22 -0800] "GET /img/urban-cowgirl/6.jpg HTTP/1.1" 200 56465 "-" "Googlebot-Image/1.0"
66.249.79.78 - - [31/Jan/2018:21:34:10 -0800] "GET /img/oncekids-fujimini/2.jpg HTTP/1.1" 200 99983 "-" "Googlebot-Image/1.0"
66.249.79.78 - - [31/Jan/2018:22:02:58 -0800] "GET /img/oncekids-fujimini/8.jpg HTTP/1.1" 200 78635 "-" "Googlebot-Image/1.0"
66.249.79.80 - - [31/Jan/2018:22:31:45 -0800] "GET /img/oncekids-fujimini/5.jpg HTTP/1.1" 200 76459 "-" "Googlebot-Image/1.0"
66.249.79.82 - - [31/Jan/2018:23:00:33 -0800] "GET /img/oncekids-fujimini/7.jpg HTTP/1.1" 200 153636 "-" "Googlebot-Image/1.0"
66.249.79.78 - - [31/Jan/2018:23:29:21 -0800] "GET /img/oncekids-fujimini/4.jpg HTTP/1.1" 200 111945 "-" "Googlebot-Image/1.0"
66.249.79.78 - - [31/Jan/2018:23:58:09 -0800] "GET /img/oncekids-fujimini/6.jpg HTTP/1.1" 200 118631 "-" "Googlebot-Image/1.0"
