109.70.100.26 - - [03/Oct/2019:02:21:53 -0700] "GET / HTTP/1.0" 200 79394 "http://rndsquared.com/" "Mozilla/5.0 (Windows NT 10.0; Win64; x64) AppleWebKit/537.36 (KHTML, like Gecko) Chrome/68.0.3440.75 Safari/537.36"
109.70.100.26 - - [03/Oct/2019:02:21:55 -0700] "POST / HTTP/1.0" 200 79394 "http://rndsquared.com/" "Mozilla/5.0 (Windows NT 10.0; Win64; x64) AppleWebKit/537.36 (KHTML, like Gecko) Chrome/68.0.3440.75 Safari/537.36"
77.75.76.167 - - [03/Oct/2019:03:00:52 -0700] "GET /robots.txt HTTP/1.1" 404 208 "-" "Mozilla/5.0 (compatible; SeznamBot/3.2; +http://napoveda.seznam.cz/en/seznambot-intro/)"
77.75.76.167 - - [03/Oct/2019:03:00:54 -0700] "GET /img/njn/thumbs/6.jpg HTTP/1.1" 200 32048 "-" "Mozilla/5.0 (compatible; SeznamBot/3.2; +http://napoveda.seznam.cz/en/seznambot-intro/)"
185.253.96.27 - - [03/Oct/2019:03:29:01 -0700] "GET / HTTP/1.0" 200 79394 "http://rndsquared.com/" "Mozilla/5.0 (Windows NT 10.0; Win64; x64) AppleWebKit/537.36 (KHTML, like Gecko) Chrome/66.0.3359.181 Safari/537.36"
185.253.96.27 - - [03/Oct/2019:03:29:01 -0700] "POST / HTTP/1.0" 200 79394 "http://rndsquared.com/" "Mozilla/5.0 (Windows NT 10.0; Win64; x64) AppleWebKit/537.36 (KHTML, like Gecko) Chrome/66.0.3359.181 Safari/537.36"
162.247.74.200 - - [03/Oct/2019:03:34:25 -0700] "GET / HTTP/1.0" 200 79394 "http://rndsquared.com/" "Mozilla/5.0 (Windows NT 10.0; Win64; x64) AppleWebKit/537.36 (KHTML, like Gecko) Chrome/68.0.3440.106 Safari/537.36 OPR/55.0.2994.44"
162.247.74.200 - - [03/Oct/2019:03:34:26 -0700] "POST / HTTP/1.0" 200 79394 "http://rndsquared.com/" "Mozilla/5.0 (Windows NT 10.0; Win64; x64) AppleWebKit/537.36 (KHTML, like Gecko) Chrome/68.0.3440.106 Safari/537.36 OPR/55.0.2994.44"
46.118.155.201 - - [03/Oct/2019:04:10:18 -0700] "GET / HTTP/1.0" 200 79394 "http://rndsquared.com/" "Mozilla/5.0 (Windows NT 10.0; Win64; x64) AppleWebKit/537.36 (KHTML, like Gecko) Chrome/67.0.3396.87 Safari/537.36 OPR/54.0.2952.54"
46.118.155.201 - - [03/Oct/2019:04:10:19 -0700] "POST / HTTP/1.0" 200 79394 "http://rndsquared.com/" "Mozilla/5.0 (Windows NT 10.0; Win64; x64) AppleWebKit/537.36 (KHTML, like Gecko) Chrome/67.0.3396.87 Safari/537.36 OPR/54.0.2952.54"
77.75.76.160 - - [03/Oct/2019:04:11:13 -0700] "GET /robots.txt HTTP/1.1" 404 208 "-" "Mozilla/5.0 (compatible; SeznamBot/3.2; +http://napoveda.seznam.cz/en/seznambot-intro/)"
77.75.76.160 - - [03/Oct/2019:04:11:15 -0700] "GET /img/mixman/thumbs/16.jpg HTTP/1.1" 200 36852 "-" "Mozilla/5.0 (compatible; SeznamBot/3.2; +http://napoveda.seznam.cz/en/seznambot-intro/)"
92.62.139.103 - - [03/Oct/2019:04:21:32 -0700] "GET / HTTP/1.0" 200 79394 "http://rndsquared.com/" "Mozilla/5.0 (Windows NT 10.0; Win64; x64) AppleWebKit/537.36 (KHTML, like Gecko) Chrome/68.0.3440.106 Safari/537.36"
104.244.76.142 - - [03/Oct/2019:04:21:35 -0700] "POST / HTTP/1.0" 200 79394 "http://rndsquared.com/" "Mozilla/5.0 (Windows NT 10.0; Win64; x64) AppleWebKit/537.36 (KHTML, like Gecko) Chrome/68.0.3440.106 Safari/537.36"
123.245.26.28 - - [03/Oct/2019:04:31:42 -0700] "GET / HTTP/1.1" 200 17429 "-" "Mozilla/5.0 (X11; Linux i686; U;) Gecko/20070322 Kazehakase/0.4.5"
46.166.143.111 - - [03/Oct/2019:05:03:46 -0700] "GET / HTTP/1.0" 200 79394 "http://rndsquared.com/" "Mozilla/5.0 (Windows NT 6.3; Win64; x64) AppleWebKit/537.36 (KHTML, like Gecko) Chrome/66.0.3359.181 Safari/537.36"
46.166.143.111 - - [03/Oct/2019:05:03:47 -0700] "POST / HTTP/1.0" 200 79394 "http://rndsquared.com/" "Mozilla/5.0 (Windows NT 6.3; Win64; x64) AppleWebKit/537.36 (KHTML, like Gecko) Chrome/66.0.3359.181 Safari/537.36"
185.206.224.200 - - [03/Oct/2019:05:04:05 -0700] "GET / HTTP/1.0" 200 79394 "http://rndsquared.com/" "Mozilla/5.0 (Windows NT 10.0; Win64; x64) AppleWebKit/537.36 (KHTML, like Gecko) Chrome/67.0.3396.87 Safari/537.36 OPR/54.0.2952.54"
185.206.224.200 - - [03/Oct/2019:05:04:06 -0700] "POST / HTTP/1.0" 200 79394 "http://rndsquared.com/" "Mozilla/5.0 (Windows NT 10.0; Win64; x64) AppleWebKit/537.36 (KHTML, like Gecko) Chrome/67.0.3396.87 Safari/537.36 OPR/54.0.2952.54"
216.244.66.197 - - [03/Oct/2019:05:38:55 -0700] "GET /robots.txt HTTP/1.1" 404 208 "-" "Mozilla/5.0 (compatible; DotBot/1.1; http://www.opensiteexplorer.org/dotbot, help@moz.com)"
83.97.20.200 - - [03/Oct/2019:05:41:28 -0700] "GET / HTTP/1.0" 200 79394 "http://rndsquared.com/" "Mozilla/5.0 (Windows NT 6.2; Win64; x64) AppleWebKit/537.36 (KHTML, like Gecko) Chrome/68.0.3440.106 Safari/537.36"
83.97.20.200 - - [03/Oct/2019:05:41:31 -0700] "POST / HTTP/1.0" 200 79394 "http://rndsquared.com/" "Mozilla/5.0 (Windows NT 6.2; Win64; x64) AppleWebKit/537.36 (KHTML, like Gecko) Chrome/68.0.3440.106 Safari/537.36"
77.75.76.169 - - [03/Oct/2019:05:57:22 -0700] "GET /robots.txt HTTP/1.1" 404 208 "-" "Mozilla/5.0 (compatible; SeznamBot/3.2; +http://napoveda.seznam.cz/en/seznambot-intro/)"
77.75.76.169 - - [03/Oct/2019:05:57:24 -0700] "GET /img/autumn/thumbs/6.jpg HTTP/1.1" 304 - "-" "Mozilla/5.0 (compatible; SeznamBot/3.2; +http://napoveda.seznam.cz/en/seznambot-intro/)"
216.244.66.197 - - [03/Oct/2019:06:06:58 -0700] "GET /img/mixman/18.jpg HTTP/1.1" 200 75474 "-" "Mozilla/5.0 (compatible; DotBot/1.1; http://www.opensiteexplorer.org/dotbot, help@moz.com)"
104.196.134.183 - - [03/Oct/2019:06:31:43 -0700] "GET /robots.txt HTTP/1.0" 404 208 "-" "ZoominfoBot (zoominfobot at zoominfo dot com)"
104.196.134.183 - - [03/Oct/2019:06:31:43 -0700] "GET / HTTP/1.0" 200 17429 "-" "ZoominfoBot (zoominfobot at zoominfo dot com)"
104.196.134.183 - - [03/Oct/2019:06:32:49 -0700] "GET /robots.txt HTTP/1.0" 404 208 "-" "ZoominfoBot (zoominfobot at zoominfo dot com)"
104.196.134.183 - - [03/Oct/2019:06:32:49 -0700] "GET / HTTP/1.0" 200 17429 "-" "ZoominfoBot (zoominfobot at zoominfo dot com)"
185.253.96.27 - - [03/Oct/2019:07:03:41 -0700] "GET / HTTP/1.0" 200 79394 "http://rndsquared.com/" "Mozilla/5.0 (Windows NT 6.1) AppleWebKit/537.36 (KHTML, like Gecko) Chrome/66.0.3359.181 Safari/537.36"
185.253.96.27 - - [03/Oct/2019:07:03:41 -0700] "POST / HTTP/1.0" 200 79394 "http://rndsquared.com/" "Mozilla/5.0 (Windows NT 6.1) AppleWebKit/537.36 (KHTML, like Gecko) Chrome/66.0.3359.181 Safari/537.36"
216.244.66.197 - - [03/Oct/2019:07:23:05 -0700] "GET /robots.txt HTTP/1.1" 404 208 "-" "Mozilla/5.0 (compatible; DotBot/1.1; http://www.opensiteexplorer.org/dotbot, help@moz.com)"
216.244.66.197 - - [03/Oct/2019:07:23:07 -0700] "GET /robots.txt HTTP/1.1" 404 208 "-" "Mozilla/5.0 (compatible; DotBot/1.1; http://www.opensiteexplorer.org/dotbot, help@moz.com)"
109.70.100.19 - - [03/Oct/2019:07:39:58 -0700] "GET / HTTP/1.0" 200 79394 "http://rndsquared.com/" "Mozilla/5.0 (Windows NT 10.0) AppleWebKit/537.36 (KHTML, like Gecko) Chrome/67.0.3396.99 Safari/537.36"
109.70.100.19 - - [03/Oct/2019:07:39:59 -0700] "POST / HTTP/1.0" 200 79394 "http://rndsquared.com/" "Mozilla/5.0 (Windows NT 10.0) AppleWebKit/537.36 (KHTML, like Gecko) Chrome/67.0.3396.99 Safari/537.36"
216.244.66.197 - - [03/Oct/2019:07:48:56 -0700] "GET /img/mixman/3.jpg HTTP/1.1" 200 114734 "-" "Mozilla/5.0 (compatible; DotBot/1.1; http://www.opensiteexplorer.org/dotbot, help@moz.com)"
216.244.66.197 - - [03/Oct/2019:07:50:12 -0700] "GET /img/njn/6.jpg HTTP/1.1" 200 125438 "-" "Mozilla/5.0 (compatible; DotBot/1.1; http://www.opensiteexplorer.org/dotbot, help@moz.com)"
216.244.66.197 - - [03/Oct/2019:07:50:14 -0700] "GET /img/sfnoir/5.jpg HTTP/1.1" 200 67390 "-" "Mozilla/5.0 (compatible; DotBot/1.1; http://www.opensiteexplorer.org/dotbot, help@moz.com)"
216.244.66.197 - - [03/Oct/2019:07:50:16 -0700] "GET /img/wu-wei/6.jpg HTTP/1.1" 200 180106 "-" "Mozilla/5.0 (compatible; DotBot/1.1; http://www.opensiteexplorer.org/dotbot, help@moz.com)"
77.75.79.17 - - [03/Oct/2019:08:00:47 -0700] "GET /robots.txt HTTP/1.1" 404 208 "-" "Mozilla/5.0 (compatible; SeznamBot/3.2; +http://napoveda.seznam.cz/en/seznambot-intro/)"
77.75.79.17 - - [03/Oct/2019:08:00:49 -0700] "GET /img/urban-cowgirl/4.jpg HTTP/1.1" 304 - "-" "Mozilla/5.0 (compatible; SeznamBot/3.2; +http://napoveda.seznam.cz/en/seznambot-intro/)"
216.244.66.197 - - [03/Oct/2019:08:15:22 -0700] "GET /robots.txt HTTP/1.1" 404 208 "-" "Mozilla/5.0 (compatible; DotBot/1.1; http://www.opensiteexplorer.org/dotbot, help@moz.com)"
144.76.18.217 - - [03/Oct/2019:08:19:37 -0700] "GET / HTTP/1.1" 200 17429 "-" "Mozilla/5.0 (X11; Linux i686 on x86_64; rv:50.0) Gecko/20100101 Firefox/50.0"
144.76.18.217 - - [03/Oct/2019:08:19:37 -0700] "GET /img/logo.png HTTP/1.1" 200 13123 "http://rndsquared.com/" "Mozilla/5.0 (X11; Linux i686 on x86_64; rv:50.0) Gecko/20100101 Firefox/50.0"
144.76.18.217 - - [03/Oct/2019:08:19:38 -0700] "GET / HTTP/1.1" 200 17429 "http://rndsquared.com/" "Mozilla/5.0 (X11; Linux i686 on x86_64; rv:50.0) Gecko/20100101 Firefox/50.0"
109.70.100.28 - - [03/Oct/2019:08:19:38 -0700] "GET / HTTP/1.0" 200 79394 "http://rndsquared.com/" "Mozilla/5.0 (Windows NT 10.0) AppleWebKit/537.36 (KHTML, like Gecko) Chrome/67.0.3396.99 Safari/537.36"
144.76.18.217 - - [03/Oct/2019:08:19:38 -0700] "GET /img/praxis/praxiscity.png HTTP/1.1" 200 1324301 "http://rndsquared.com/" "Mozilla/5.0 (X11; Linux i686 on x86_64; rv:50.0) Gecko/20100101 Firefox/50.0"
144.76.18.217 - - [03/Oct/2019:08:19:40 -0700] "GET /img/praxis/praxisoutside.png HTTP/1.1" 200 638123 "http://rndsquared.com/" "Mozilla/5.0 (X11; Linux i686 on x86_64; rv:50.0) Gecko/20100101 Firefox/50.0"
144.76.18.217 - - [03/Oct/2019:08:19:41 -0700] "GET /img/praxis/praxisCopy.png HTTP/1.1" 200 149758 "http://rndsquared.com/" "Mozilla/5.0 (X11; Linux i686 on x86_64; rv:50.0) Gecko/20100101 Firefox/50.0"
144.76.18.217 - - [03/Oct/2019:08:19:42 -0700] "GET /img/praxis/praxisHS.png HTTP/1.1" 200 878433 "http://rndsquared.com/" "Mozilla/5.0 (X11; Linux i686 on x86_64; rv:50.0) Gecko/20100101 Firefox/50.0"
144.76.18.217 - - [03/Oct/2019:08:19:43 -0700] "GET /img/autumn/8.jpg HTTP/1.1" 200 100218 "http://rndsquared.com/" "Mozilla/5.0 (X11; Linux i686 on x86_64; rv:50.0) Gecko/20100101 Firefox/50.0"
109.70.100.28 - - [03/Oct/2019:08:19:43 -0700] "POST / HTTP/1.0" 200 79394 "http://rndsquared.com/" "Mozilla/5.0 (Windows NT 10.0) AppleWebKit/537.36 (KHTML, like Gecko) Chrome/67.0.3396.99 Safari/537.36"
144.76.18.217 - - [03/Oct/2019:08:19:44 -0700] "GET /img/autumn/7.jpg HTTP/1.1" 200 236722 "http://rndsquared.com/" "Mozilla/5.0 (X11; Linux i686 on x86_64; rv:50.0) Gecko/20100101 Firefox/50.0"
144.76.18.217 - - [03/Oct/2019:08:19:44 -0700] "GET /img/autumn/6.jpg HTTP/1.1" 200 149484 "http://rndsquared.com/" "Mozilla/5.0 (X11; Linux i686 on x86_64; rv:50.0) Gecko/20100101 Firefox/50.0"
144.76.18.217 - - [03/Oct/2019:08:19:45 -0700] "GET /img/autumn/5.jpg HTTP/1.1" 200 180877 "http://rndsquared.com/" "Mozilla/5.0 (X11; Linux i686 on x86_64; rv:50.0) Gecko/20100101 Firefox/50.0"
144.76.18.217 - - [03/Oct/2019:08:19:46 -0700] "GET /img/autumn/4.jpg HTTP/1.1" 200 166546 "http://rndsquared.com/" "Mozilla/5.0 (X11; Linux i686 on x86_64; rv:50.0) Gecko/20100101 Firefox/50.0"
144.76.18.217 - - [03/Oct/2019:08:19:47 -0700] "GET /img/autumn/3.jpg HTTP/1.1" 200 506599 "http://rndsquared.com/" "Mozilla/5.0 (X11; Linux i686 on x86_64; rv:50.0) Gecko/20100101 Firefox/50.0"
144.76.18.217 - - [03/Oct/2019:08:19:48 -0700] "GET /img/autumn/2.jpg HTTP/1.1" 200 292159 "http://rndsquared.com/" "Mozilla/5.0 (X11; Linux i686 on x86_64; rv:50.0) Gecko/20100101 Firefox/50.0"
144.76.18.217 - - [03/Oct/2019:08:19:49 -0700] "GET /img/autumn/1.jpg HTTP/1.1" 200 290161 "http://rndsquared.com/" "Mozilla/5.0 (X11; Linux i686 on x86_64; rv:50.0) Gecko/20100101 Firefox/50.0"
144.76.18.217 - - [03/Oct/2019:08:19:50 -0700] "GET /img/njn/8.jpg HTTP/1.1" 200 124240 "http://rndsquared.com/" "Mozilla/5.0 (X11; Linux i686 on x86_64; rv:50.0) Gecko/20100101 Firefox/50.0"
144.76.18.217 - - [03/Oct/2019:08:19:51 -0700] "GET /img/njn/7.jpg HTTP/1.1" 200 116420 "http://rndsquared.com/" "Mozilla/5.0 (X11; Linux i686 on x86_64; rv:50.0) Gecko/20100101 Firefox/50.0"
144.76.18.217 - - [03/Oct/2019:08:19:51 -0700] "GET /img/njn/6.jpg HTTP/1.1" 200 125438 "http://rndsquared.com/" "Mozilla/5.0 (X11; Linux i686 on x86_64; rv:50.0) Gecko/20100101 Firefox/50.0"
144.76.18.217 - - [03/Oct/2019:08:19:52 -0700] "GET /img/njn/5.jpg HTTP/1.1" 200 117364 "http://rndsquared.com/" "Mozilla/5.0 (X11; Linux i686 on x86_64; rv:50.0) Gecko/20100101 Firefox/50.0"
144.76.18.217 - - [03/Oct/2019:08:19:53 -0700] "GET /img/njn/4.jpg HTTP/1.1" 200 151484 "http://rndsquared.com/" "Mozilla/5.0 (X11; Linux i686 on x86_64; rv:50.0) Gecko/20100101 Firefox/50.0"
144.76.18.217 - - [03/Oct/2019:08:19:54 -0700] "GET /img/njn/3.jpg HTTP/1.1" 200 157605 "http://rndsquared.com/" "Mozilla/5.0 (X11; Linux i686 on x86_64; rv:50.0) Gecko/20100101 Firefox/50.0"
144.76.18.217 - - [03/Oct/2019:08:19:55 -0700] "GET /img/njn/2.jpg HTTP/1.1" 200 103550 "http://rndsquared.com/" "Mozilla/5.0 (X11; Linux i686 on x86_64; rv:50.0) Gecko/20100101 Firefox/50.0"
144.76.18.217 - - [03/Oct/2019:08:19:55 -0700] "GET /img/njn/1.jpg HTTP/1.1" 200 88793 "http://rndsquared.com/" "Mozilla/5.0 (X11; Linux i686 on x86_64; rv:50.0) Gecko/20100101 Firefox/50.0"
144.76.18.217 - - [03/Oct/2019:08:19:56 -0700] "GET /img/sfnoir/9.jpg HTTP/1.1" 200 64784 "http://rndsquared.com/" "Mozilla/5.0 (X11; Linux i686 on x86_64; rv:50.0) Gecko/20100101 Firefox/50.0"
144.76.18.217 - - [03/Oct/2019:08:19:57 -0700] "GET /img/sfnoir/8.jpg HTTP/1.1" 200 89091 "http://rndsquared.com/" "Mozilla/5.0 (X11; Linux i686 on x86_64; rv:50.0) Gecko/20100101 Firefox/50.0"
144.76.18.217 - - [03/Oct/2019:08:19:57 -0700] "GET /img/sfnoir/7.jpg HTTP/1.1" 200 122937 "http://rndsquared.com/" "Mozilla/5.0 (X11; Linux i686 on x86_64; rv:50.0) Gecko/20100101 Firefox/50.0"
144.76.18.217 - - [03/Oct/2019:08:19:58 -0700] "GET /img/sfnoir/6.jpg HTTP/1.1" 200 112789 "http://rndsquared.com/" "Mozilla/5.0 (X11; Linux i686 on x86_64; rv:50.0) Gecko/20100101 Firefox/50.0"
144.76.18.217 - - [03/Oct/2019:08:19:59 -0700] "GET /img/sfnoir/5.jpg HTTP/1.1" 200 67390 "http://rndsquared.com/" "Mozilla/5.0 (X11; Linux i686 on x86_64; rv:50.0) Gecko/20100101 Firefox/50.0"
144.76.18.217 - - [03/Oct/2019:08:20:00 -0700] "GET /img/sfnoir/4.jpg HTTP/1.1" 200 126425 "http://rndsquared.com/" "Mozilla/5.0 (X11; Linux i686 on x86_64; rv:50.0) Gecko/20100101 Firefox/50.0"
144.76.18.217 - - [03/Oct/2019:08:20:00 -0700] "GET /img/sfnoir/3.jpg HTTP/1.1" 200 74528 "http://rndsquared.com/" "Mozilla/5.0 (X11; Linux i686 on x86_64; rv:50.0) Gecko/20100101 Firefox/50.0"
144.76.18.217 - - [03/Oct/2019:08:20:01 -0700] "GET /img/sfnoir/2.jpg HTTP/1.1" 200 81708 "http://rndsquared.com/" "Mozilla/5.0 (X11; Linux i686 on x86_64; rv:50.0) Gecko/20100101 Firefox/50.0"
144.76.18.217 - - [03/Oct/2019:08:20:02 -0700] "GET /img/sfnoir/1.jpg HTTP/1.1" 200 77798 "http://rndsquared.com/" "Mozilla/5.0 (X11; Linux i686 on x86_64; rv:50.0) Gecko/20100101 Firefox/50.0"
144.76.18.217 - - [03/Oct/2019:08:20:02 -0700] "GET /img/bs4w/8.jpg HTTP/1.1" 200 67708 "http://rndsquared.com/" "Mozilla/5.0 (X11; Linux i686 on x86_64; rv:50.0) Gecko/20100101 Firefox/50.0"
144.76.18.217 - - [03/Oct/2019:08:20:03 -0700] "GET /img/bs4w/6.jpg HTTP/1.1" 200 42274 "http://rndsquared.com/" "Mozilla/5.0 (X11; Linux i686 on x86_64; rv:50.0) Gecko/20100101 Firefox/50.0"
144.76.18.217 - - [03/Oct/2019:08:20:03 -0700] "GET /img/bs4w/7.jpg HTTP/1.1" 200 80775 "http://rndsquared.com/" "Mozilla/5.0 (X11; Linux i686 on x86_64; rv:50.0) Gecko/20100101 Firefox/50.0"
144.76.18.217 - - [03/Oct/2019:08:20:04 -0700] "GET /img/bs4w/5.jpg HTTP/1.1" 200 42135 "http://rndsquared.com/" "Mozilla/5.0 (X11; Linux i686 on x86_64; rv:50.0) Gecko/20100101 Firefox/50.0"
144.76.18.217 - - [03/Oct/2019:08:20:05 -0700] "GET /img/bs4w/4.jpg HTTP/1.1" 200 93892 "http://rndsquared.com/" "Mozilla/5.0 (X11; Linux i686 on x86_64; rv:50.0) Gecko/20100101 Firefox/50.0"
144.76.18.217 - - [03/Oct/2019:08:20:05 -0700] "GET /img/bs4w/3.jpg HTTP/1.1" 200 74030 "http://rndsquared.com/" "Mozilla/5.0 (X11; Linux i686 on x86_64; rv:50.0) Gecko/20100101 Firefox/50.0"
144.76.18.217 - - [03/Oct/2019:08:20:06 -0700] "GET /img/bs4w/2.jpg HTTP/1.1" 200 116129 "http://rndsquared.com/" "Mozilla/5.0 (X11; Linux i686 on x86_64; rv:50.0) Gecko/20100101 Firefox/50.0"
144.76.18.217 - - [03/Oct/2019:08:20:07 -0700] "GET /img/bs4w/1.jpg HTTP/1.1" 200 61424 "http://rndsquared.com/" "Mozilla/5.0 (X11; Linux i686 on x86_64; rv:50.0) Gecko/20100101 Firefox/50.0"
144.76.18.217 - - [03/Oct/2019:08:20:07 -0700] "GET /img/luminous/luminousVideo.png HTTP/1.1" 200 952978 "http://rndsquared.com/" "Mozilla/5.0 (X11; Linux i686 on x86_64; rv:50.0) Gecko/20100101 Firefox/50.0"
144.76.18.217 - - [03/Oct/2019:08:20:09 -0700] "GET /img/luminous/luminousOcto.png HTTP/1.1" 200 1186596 "http://rndsquared.com/" "Mozilla/5.0 (X11; Linux i686 on x86_64; rv:50.0) Gecko/20100101 Firefox/50.0"
144.76.18.217 - - [03/Oct/2019:08:20:10 -0700] "GET /img/luminous/luminousMulti.png HTTP/1.1" 200 1292693 "http://rndsquared.com/" "Mozilla/5.0 (X11; Linux i686 on x86_64; rv:50.0) Gecko/20100101 Firefox/50.0"
144.76.18.217 - - [03/Oct/2019:08:20:11 -0700] "GET /img/luminous/luminousHome.png HTTP/1.1" 200 3449282 "http://rndsquared.com/" "Mozilla/5.0 (X11; Linux i686 on x86_64; rv:50.0) Gecko/20100101 Firefox/50.0"
144.76.18.217 - - [03/Oct/2019:08:20:13 -0700] "GET /img/wu-wei/10.jpg HTTP/1.1" 200 165194 "http://rndsquared.com/" "Mozilla/5.0 (X11; Linux i686 on x86_64; rv:50.0) Gecko/20100101 Firefox/50.0"
144.76.18.217 - - [03/Oct/2019:08:20:13 -0700] "GET /img/wu-wei/9.jpg HTTP/1.1" 200 398953 "http://rndsquared.com/" "Mozilla/5.0 (X11; Linux i686 on x86_64; rv:50.0) Gecko/20100101 Firefox/50.0"
144.76.18.217 - - [03/Oct/2019:08:20:14 -0700] "GET /img/wu-wei/8.jpg HTTP/1.1" 200 457546 "http://rndsquared.com/" "Mozilla/5.0 (X11; Linux i686 on x86_64; rv:50.0) Gecko/20100101 Firefox/50.0"
144.76.18.217 - - [03/Oct/2019:08:20:15 -0700] "GET /img/wu-wei/7.jpg HTTP/1.1" 200 293352 "http://rndsquared.com/" "Mozilla/5.0 (X11; Linux i686 on x86_64; rv:50.0) Gecko/20100101 Firefox/50.0"
144.76.18.217 - - [03/Oct/2019:08:20:16 -0700] "GET /img/wu-wei/6.jpg HTTP/1.1" 200 180106 "http://rndsquared.com/" "Mozilla/5.0 (X11; Linux i686 on x86_64; rv:50.0) Gecko/20100101 Firefox/50.0"
144.76.18.217 - - [03/Oct/2019:08:20:17 -0700] "GET /img/wu-wei/5.jpg HTTP/1.1" 200 220470 "http://rndsquared.com/" "Mozilla/5.0 (X11; Linux i686 on x86_64; rv:50.0) Gecko/20100101 Firefox/50.0"
144.76.18.217 - - [03/Oct/2019:08:20:18 -0700] "GET /img/wu-wei/4.jpg HTTP/1.1" 200 279891 "http://rndsquared.com/" "Mozilla/5.0 (X11; Linux i686 on x86_64; rv:50.0) Gecko/20100101 Firefox/50.0"
144.76.18.217 - - [03/Oct/2019:08:20:19 -0700] "GET /img/wu-wei/3.jpg HTTP/1.1" 200 173337 "http://rndsquared.com/" "Mozilla/5.0 (X11; Linux i686 on x86_64; rv:50.0) Gecko/20100101 Firefox/50.0"
144.76.18.217 - - [03/Oct/2019:08:20:20 -0700] "GET /img/wu-wei/2.jpg HTTP/1.1" 200 183246 "http://rndsquared.com/" "Mozilla/5.0 (X11; Linux i686 on x86_64; rv:50.0) Gecko/20100101 Firefox/50.0"
144.76.18.217 - - [03/Oct/2019:08:20:21 -0700] "GET /img/wu-wei/1.jpg HTTP/1.1" 200 323401 "http://rndsquared.com/" "Mozilla/5.0 (X11; Linux i686 on x86_64; rv:50.0) Gecko/20100101 Firefox/50.0"
144.76.18.217 - - [03/Oct/2019:08:20:22 -0700] "GET /img/oncekids-fujimini/8.jpg HTTP/1.1" 200 78635 "http://rndsquared.com/" "Mozilla/5.0 (X11; Linux i686 on x86_64; rv:50.0) Gecko/20100101 Firefox/50.0"
144.76.18.217 - - [03/Oct/2019:08:20:22 -0700] "GET /img/oncekids-fujimini/7.jpg HTTP/1.1" 200 153636 "http://rndsquared.com/" "Mozilla/5.0 (X11; Linux i686 on x86_64; rv:50.0) Gecko/20100101 Firefox/50.0"
144.76.18.217 - - [03/Oct/2019:08:20:23 -0700] "GET /img/oncekids-fujimini/6.jpg HTTP/1.1" 200 118631 "http://rndsquared.com/" "Mozilla/5.0 (X11; Linux i686 on x86_64; rv:50.0) Gecko/20100101 Firefox/50.0"
144.76.18.217 - - [03/Oct/2019:08:20:24 -0700] "GET /img/oncekids-fujimini/5.jpg HTTP/1.1" 200 76459 "http://rndsquared.com/" "Mozilla/5.0 (X11; Linux i686 on x86_64; rv:50.0) Gecko/20100101 Firefox/50.0"
144.76.18.217 - - [03/Oct/2019:08:20:25 -0700] "GET /img/oncekids-fujimini/4.jpg HTTP/1.1" 200 111945 "http://rndsquared.com/" "Mozilla/5.0 (X11; Linux i686 on x86_64; rv:50.0) Gecko/20100101 Firefox/50.0"
144.76.18.217 - - [03/Oct/2019:08:20:26 -0700] "GET /img/oncekids-fujimini/3.jpg HTTP/1.1" 200 143020 "http://rndsquared.com/" "Mozilla/5.0 (X11; Linux i686 on x86_64; rv:50.0) Gecko/20100101 Firefox/50.0"
144.76.18.217 - - [03/Oct/2019:08:20:26 -0700] "GET /img/oncekids-fujimini/2.jpg HTTP/1.1" 200 99983 "http://rndsquared.com/" "Mozilla/5.0 (X11; Linux i686 on x86_64; rv:50.0) Gecko/20100101 Firefox/50.0"
144.76.18.217 - - [03/Oct/2019:08:20:27 -0700] "GET /img/oncekids-fujimini/1.jpg HTTP/1.1" 200 109257 "http://rndsquared.com/" "Mozilla/5.0 (X11; Linux i686 on x86_64; rv:50.0) Gecko/20100101 Firefox/50.0"
144.76.18.217 - - [03/Oct/2019:08:20:28 -0700] "GET /img/urban-cowgirl/6.jpg HTTP/1.1" 200 56465 "http://rndsquared.com/" "Mozilla/5.0 (X11; Linux i686 on x86_64; rv:50.0) Gecko/20100101 Firefox/50.0"
144.76.18.217 - - [03/Oct/2019:08:20:28 -0700] "GET /img/urban-cowgirl/5.jpg HTTP/1.1" 200 114905 "http://rndsquared.com/" "Mozilla/5.0 (X11; Linux i686 on x86_64; rv:50.0) Gecko/20100101 Firefox/50.0"
144.76.18.217 - - [03/Oct/2019:08:20:29 -0700] "GET /img/urban-cowgirl/4.jpg HTTP/1.1" 200 103819 "http://rndsquared.com/" "Mozilla/5.0 (X11; Linux i686 on x86_64; rv:50.0) Gecko/20100101 Firefox/50.0"
144.76.18.217 - - [03/Oct/2019:08:20:30 -0700] "GET /img/urban-cowgirl/3.jpg HTTP/1.1" 200 80583 "http://rndsquared.com/" "Mozilla/5.0 (X11; Linux i686 on x86_64; rv:50.0) Gecko/20100101 Firefox/50.0"
144.76.18.217 - - [03/Oct/2019:08:20:31 -0700] "GET /img/urban-cowgirl/2.jpg HTTP/1.1" 200 104975 "http://rndsquared.com/" "Mozilla/5.0 (X11; Linux i686 on x86_64; rv:50.0) Gecko/20100101 Firefox/50.0"
144.76.18.217 - - [03/Oct/2019:08:20:32 -0700] "GET /img/urban-cowgirl/1.jpg HTTP/1.1" 200 94626 "http://rndsquared.com/" "Mozilla/5.0 (X11; Linux i686 on x86_64; rv:50.0) Gecko/20100101 Firefox/50.0"
144.76.18.217 - - [03/Oct/2019:08:20:32 -0700] "GET /img/mixman/19.jpg HTTP/1.1" 200 81276 "http://rndsquared.com/" "Mozilla/5.0 (X11; Linux i686 on x86_64; rv:50.0) Gecko/20100101 Firefox/50.0"
144.76.18.217 - - [03/Oct/2019:08:20:33 -0700] "GET /img/mixman/18.jpg HTTP/1.1" 200 75474 "http://rndsquared.com/" "Mozilla/5.0 (X11; Linux i686 on x86_64; rv:50.0) Gecko/20100101 Firefox/50.0"
144.76.18.217 - - [03/Oct/2019:08:20:34 -0700] "GET /img/mixman/17.jpg HTTP/1.1" 200 60460 "http://rndsquared.com/" "Mozilla/5.0 (X11; Linux i686 on x86_64; rv:50.0) Gecko/20100101 Firefox/50.0"
144.76.18.217 - - [03/Oct/2019:08:20:34 -0700] "GET /img/mixman/16.jpg HTTP/1.1" 200 113328 "http://rndsquared.com/" "Mozilla/5.0 (X11; Linux i686 on x86_64; rv:50.0) Gecko/20100101 Firefox/50.0"
144.76.18.217 - - [03/Oct/2019:08:20:35 -0700] "GET /img/mixman/15.jpg HTTP/1.1" 200 115845 "http://rndsquared.com/" "Mozilla/5.0 (X11; Linux i686 on x86_64; rv:50.0) Gecko/20100101 Firefox/50.0"
144.76.18.217 - - [03/Oct/2019:08:20:36 -0700] "GET /img/mixman/14.jpg HTTP/1.1" 200 132076 "http://rndsquared.com/" "Mozilla/5.0 (X11; Linux i686 on x86_64; rv:50.0) Gecko/20100101 Firefox/50.0"
144.76.18.217 - - [03/Oct/2019:08:20:37 -0700] "GET /img/mixman/13.jpg HTTP/1.1" 200 106423 "http://rndsquared.com/" "Mozilla/5.0 (X11; Linux i686 on x86_64; rv:50.0) Gecko/20100101 Firefox/50.0"
144.76.18.217 - - [03/Oct/2019:08:20:38 -0700] "GET /img/mixman/12.jpg HTTP/1.1" 200 112736 "http://rndsquared.com/" "Mozilla/5.0 (X11; Linux i686 on x86_64; rv:50.0) Gecko/20100101 Firefox/50.0"
144.76.18.217 - - [03/Oct/2019:08:20:38 -0700] "GET /img/mixman/11.jpg HTTP/1.1" 200 114722 "http://rndsquared.com/" "Mozilla/5.0 (X11; Linux i686 on x86_64; rv:50.0) Gecko/20100101 Firefox/50.0"
144.76.18.217 - - [03/Oct/2019:08:20:39 -0700] "GET /img/mixman/10.jpg HTTP/1.1" 200 114974 "http://rndsquared.com/" "Mozilla/5.0 (X11; Linux i686 on x86_64; rv:50.0) Gecko/20100101 Firefox/50.0"
144.76.18.217 - - [03/Oct/2019:08:20:40 -0700] "GET /img/mixman/9.jpg HTTP/1.1" 200 141085 "http://rndsquared.com/" "Mozilla/5.0 (X11; Linux i686 on x86_64; rv:50.0) Gecko/20100101 Firefox/50.0"
144.76.18.217 - - [03/Oct/2019:08:20:41 -0700] "GET /img/mixman/8.jpg HTTP/1.1" 200 120259 "http://rndsquared.com/" "Mozilla/5.0 (X11; Linux i686 on x86_64; rv:50.0) Gecko/20100101 Firefox/50.0"
144.76.18.217 - - [03/Oct/2019:08:20:41 -0700] "GET /img/mixman/7.jpg HTTP/1.1" 200 107323 "http://rndsquared.com/" "Mozilla/5.0 (X11; Linux i686 on x86_64; rv:50.0) Gecko/20100101 Firefox/50.0"
144.76.18.217 - - [03/Oct/2019:08:20:42 -0700] "GET /img/mixman/6.jpg HTTP/1.1" 200 105501 "http://rndsquared.com/" "Mozilla/5.0 (X11; Linux i686 on x86_64; rv:50.0) Gecko/20100101 Firefox/50.0"
144.76.18.217 - - [03/Oct/2019:08:20:43 -0700] "GET /img/mixman/5.jpg HTTP/1.1" 200 86490 "http://rndsquared.com/" "Mozilla/5.0 (X11; Linux i686 on x86_64; rv:50.0) Gecko/20100101 Firefox/50.0"
144.76.18.217 - - [03/Oct/2019:08:20:44 -0700] "GET /img/mixman/4.jpg HTTP/1.1" 200 135099 "http://rndsquared.com/" "Mozilla/5.0 (X11; Linux i686 on x86_64; rv:50.0) Gecko/20100101 Firefox/50.0"
144.76.18.217 - - [03/Oct/2019:08:20:44 -0700] "GET /img/mixman/3.jpg HTTP/1.1" 200 114734 "http://rndsquared.com/" "Mozilla/5.0 (X11; Linux i686 on x86_64; rv:50.0) Gecko/20100101 Firefox/50.0"
144.76.18.217 - - [03/Oct/2019:08:20:45 -0700] "GET /img/mixman/2.jpg HTTP/1.1" 200 80932 "http://rndsquared.com/" "Mozilla/5.0 (X11; Linux i686 on x86_64; rv:50.0) Gecko/20100101 Firefox/50.0"
144.76.18.217 - - [03/Oct/2019:08:20:46 -0700] "GET /img/mixman/1.jpg HTTP/1.1" 200 146374 "http://rndsquared.com/" "Mozilla/5.0 (X11; Linux i686 on x86_64; rv:50.0) Gecko/20100101 Firefox/50.0"
109.70.100.28 - - [03/Oct/2019:08:21:18 -0700] "GET / HTTP/1.0" 200 79394 "http://rndsquared.com/" "Mozilla/5.0 (Windows NT 6.1; Win64; x64) AppleWebKit/537.36 (KHTML, like Gecko) Chrome/67.0.3396.79 Safari/537.36"
109.70.100.28 - - [03/Oct/2019:08:21:20 -0700] "POST / HTTP/1.0" 200 79394 "http://rndsquared.com/" "Mozilla/5.0 (Windows NT 6.1; Win64; x64) AppleWebKit/537.36 (KHTML, like Gecko) Chrome/67.0.3396.79 Safari/537.36"
216.244.66.197 - - [03/Oct/2019:08:41:52 -0700] "GET /img/njn/7.jpg HTTP/1.1" 200 116420 "-" "Mozilla/5.0 (compatible; DotBot/1.1; http://www.opensiteexplorer.org/dotbot, help@moz.com)"
54.36.150.92 - - [03/Oct/2019:09:04:36 -0700] "GET /img/njn/2.jpg HTTP/1.1" 200 103550 "-" "Mozilla/5.0 (compatible; AhrefsBot/6.1; +http://ahrefs.com/robot/)"
54.191.44.102 - - [03/Oct/2019:09:05:43 -0700] "GET / HTTP/1.1" 200 17429 "-" "Go-http-client/1.1"
87.120.254.105 - - [03/Oct/2019:09:40:08 -0700] "GET / HTTP/1.0" 200 79394 "http://rndsquared.com/" "Mozilla/5.0 (Windows NT 6.3; Win64; x64) AppleWebKit/537.36 (KHTML, like Gecko) Chrome/65.0.3325.146 Safari/537.36"
87.120.254.105 - - [03/Oct/2019:09:40:10 -0700] "POST / HTTP/1.0" 200 79394 "http://rndsquared.com/" "Mozilla/5.0 (Windows NT 6.3; Win64; x64) AppleWebKit/537.36 (KHTML, like Gecko) Chrome/65.0.3325.146 Safari/537.36"
216.244.66.197 - - [03/Oct/2019:10:01:32 -0700] "GET /robots.txt HTTP/1.1" 404 208 "-" "Mozilla/5.0 (compatible; DotBot/1.1; http://www.opensiteexplorer.org/dotbot, help@moz.com)"
216.244.66.197 - - [03/Oct/2019:10:01:33 -0700] "GET /robots.txt HTTP/1.1" 404 208 "-" "Mozilla/5.0 (compatible; DotBot/1.1; http://www.opensiteexplorer.org/dotbot, help@moz.com)"
77.75.76.171 - - [03/Oct/2019:10:18:24 -0700] "GET /robots.txt HTTP/1.1" 404 208 "-" "Mozilla/5.0 (compatible; SeznamBot/3.2; +http://napoveda.seznam.cz/en/seznambot-intro/)"
77.75.76.171 - - [03/Oct/2019:10:18:26 -0700] "GET /img/wu-wei/thumbs/1.jpg HTTP/1.1" 304 - "-" "Mozilla/5.0 (compatible; SeznamBot/3.2; +http://napoveda.seznam.cz/en/seznambot-intro/)"
109.70.100.29 - - [03/Oct/2019:10:21:28 -0700] "GET / HTTP/1.0" 200 79394 "http://rndsquared.com/" "Mozilla/5.0 (Windows NT 10.0; Win64; x64) AppleWebKit/537.36 (KHTML, like Gecko) Chrome/67.0.3396.79 Safari/537.36"
109.70.100.29 - - [03/Oct/2019:10:21:31 -0700] "POST / HTTP/1.0" 200 79394 "http://rndsquared.com/" "Mozilla/5.0 (Windows NT 10.0; Win64; x64) AppleWebKit/537.36 (KHTML, like Gecko) Chrome/67.0.3396.79 Safari/537.36"
216.244.66.197 - - [03/Oct/2019:10:40:27 -0700] "GET /img/njn/3.jpg HTTP/1.1" 200 157605 "-" "Mozilla/5.0 (compatible; DotBot/1.1; http://www.opensiteexplorer.org/dotbot, help@moz.com)"
216.244.66.197 - - [03/Oct/2019:10:40:30 -0700] "GET /img/oncekids-fujimini/7.jpg HTTP/1.1" 200 153636 "-" "Mozilla/5.0 (compatible; DotBot/1.1; http://www.opensiteexplorer.org/dotbot, help@moz.com)"
216.244.66.197 - - [03/Oct/2019:10:42:23 -0700] "GET /img/urban-cowgirl/6.jpg HTTP/1.1" 200 56465 "-" "Mozilla/5.0 (compatible; DotBot/1.1; http://www.opensiteexplorer.org/dotbot, help@moz.com)"
194.226.49.31 - - [03/Oct/2019:10:48:35 -0700] "GET / HTTP/1.0" 200 79394 "http://rndsquared.com/" "Mozilla/5.0 (Windows NT 6.1) AppleWebKit/537.36 (KHTML, like Gecko) Chrome/68.0.3440.106 Safari/537.36 Kinza/4.9.1"
194.226.49.31 - - [03/Oct/2019:10:48:36 -0700] "POST / HTTP/1.0" 200 79394 "http://rndsquared.com/" "Mozilla/5.0 (Windows NT 6.1) AppleWebKit/537.36 (KHTML, like Gecko) Chrome/68.0.3440.106 Safari/537.36 Kinza/4.9.1"
45.66.32.45 - - [03/Oct/2019:10:58:10 -0700] "GET / HTTP/1.0" 200 79394 "http://rndsquared.com/" "Mozilla/5.0 (Windows NT 6.1) AppleWebKit/537.36 (KHTML, like Gecko) Chrome/67.0.3396.99 Safari/537.36"
185.220.101.66 - - [03/Oct/2019:10:58:25 -0700] "POST / HTTP/1.0" 200 79394 "http://rndsquared.com/" "Mozilla/5.0 (Windows NT 6.1) AppleWebKit/537.36 (KHTML, like Gecko) Chrome/67.0.3396.99 Safari/537.36"
77.75.79.62 - - [03/Oct/2019:11:13:21 -0700] "GET /robots.txt HTTP/1.1" 404 208 "-" "Mozilla/5.0 (compatible; SeznamBot/3.2; +http://napoveda.seznam.cz/en/seznambot-intro/)"
77.75.79.62 - - [03/Oct/2019:11:13:25 -0700] "GET /img/autumn/thumbs/2.jpg HTTP/1.1" 304 - "-" "Mozilla/5.0 (compatible; SeznamBot/3.2; +http://napoveda.seznam.cz/en/seznambot-intro/)"
54.245.30.249 - - [03/Oct/2019:11:27:26 -0700] "GET / HTTP/1.1" 200 17429 "-" "Mozilla/5.0 (Macintosh; Intel Mac OS X 10_8_3) AppleWebKit/537.31 (KHTML, like Gecko) Chrome/26.0.1410.65 Safari/537.31"
109.70.100.28 - - [03/Oct/2019:11:39:44 -0700] "GET / HTTP/1.0" 200 79394 "http://rndsquared.com/" "Mozilla/5.0 (Windows NT 10.0; Win64; x64) AppleWebKit/537.36 (KHTML, like Gecko) Chrome/68.0.3440.106 Safari/537.36"
109.70.100.28 - - [03/Oct/2019:11:39:46 -0700] "POST / HTTP/1.0" 200 79394 "http://rndsquared.com/" "Mozilla/5.0 (Windows NT 10.0; Win64; x64) AppleWebKit/537.36 (KHTML, like Gecko) Chrome/68.0.3440.106 Safari/537.36"
216.244.66.197 - - [03/Oct/2019:11:48:09 -0700] "GET /robots.txt HTTP/1.1" 404 208 "-" "Mozilla/5.0 (compatible; DotBot/1.1; http://www.opensiteexplorer.org/dotbot, help@moz.com)"
175.42.86.38 - - [03/Oct/2019:12:05:09 -0700] "GET / HTTP/1.1" 200 79394 "-" "Mozilla/5.0 (iPhone; CPU iPhone OS 10_2_1 like Mac OS X) AppleWebKit/602.4.6 (KHTML, like Gecko) Version/10.0 Mobile/14D27 Safari/602.1"
175.42.86.38 - - [03/Oct/2019:12:05:10 -0700] "GET / HTTP/1.1" 200 17429 "http://feedspot.top/blog/26564535/" "Mozilla/5.0 (iPhone; CPU iPhone OS 11_0 like Mac OS X) AppleWebKit/604.1.38 (KHTML, like Gecko) Version/11.0 Mobile/15A372 Safari/604.1"
77.75.79.11 - - [03/Oct/2019:12:18:49 -0700] "GET /robots.txt HTTP/1.1" 404 208 "-" "Mozilla/5.0 (compatible; SeznamBot/3.2; +http://napoveda.seznam.cz/en/seznambot-intro/)"
77.75.79.11 - - [03/Oct/2019:12:18:52 -0700] "GET /img/njn/7.jpg HTTP/1.1" 304 - "-" "Mozilla/5.0 (compatible; SeznamBot/3.2; +http://napoveda.seznam.cz/en/seznambot-intro/)"
109.70.100.18 - - [03/Oct/2019:12:21:15 -0700] "GET / HTTP/1.0" 200 79394 "http://rndsquared.com/" "Mozilla/5.0 (Windows NT 10.0; Win64; x64) AppleWebKit/537.36 (KHTML, like Gecko) Chrome/65.0.3325.181 Safari/537.36"
109.70.100.18 - - [03/Oct/2019:12:21:16 -0700] "POST / HTTP/1.0" 200 79394 "http://rndsquared.com/" "Mozilla/5.0 (Windows NT 10.0; Win64; x64) AppleWebKit/537.36 (KHTML, like Gecko) Chrome/65.0.3325.181 Safari/537.36"
216.244.66.197 - - [03/Oct/2019:12:28:54 -0700] "GET /img/urban-cowgirl/2.jpg HTTP/1.1" 200 104975 "-" "Mozilla/5.0 (compatible; DotBot/1.1; http://www.opensiteexplorer.org/dotbot, help@moz.com)"
77.75.79.72 - - [03/Oct/2019:13:03:16 -0700] "GET /robots.txt HTTP/1.1" 404 208 "-" "Mozilla/5.0 (compatible; SeznamBot/3.2; +http://napoveda.seznam.cz/en/seznambot-intro/)"
77.75.79.72 - - [03/Oct/2019:13:03:18 -0700] "GET /img/wu-wei/5.jpg HTTP/1.1" 304 - "-" "Mozilla/5.0 (compatible; SeznamBot/3.2; +http://napoveda.seznam.cz/en/seznambot-intro/)"
216.244.66.197 - - [03/Oct/2019:13:33:32 -0700] "GET /robots.txt HTTP/1.1" 404 208 "-" "Mozilla/5.0 (compatible; DotBot/1.1; http://www.opensiteexplorer.org/dotbot, help@moz.com)"
85.248.227.164 - - [03/Oct/2019:13:41:27 -0700] "GET / HTTP/1.0" 200 79394 "http://rndsquared.com/" "Mozilla/5.0 (Windows NT 6.1) AppleWebKit/537.36 (KHTML, like Gecko) Chrome/66.0.3359.181 Safari/537.36"
85.248.227.164 - - [03/Oct/2019:13:41:29 -0700] "POST / HTTP/1.0" 200 79394 "http://rndsquared.com/" "Mozilla/5.0 (Windows NT 6.1) AppleWebKit/537.36 (KHTML, like Gecko) Chrome/66.0.3359.181 Safari/537.36"
79.173.83.153 - - [03/Oct/2019:13:48:24 -0700] "GET / HTTP/1.0" 200 79394 "http://rndsquared.com/" "Mozilla/5.0 (Windows NT 10.0; Win64; x64) AppleWebKit/537.36 (KHTML, like Gecko) Chrome/67.0.3396.62 Safari/537.36"
79.173.83.153 - - [03/Oct/2019:13:48:25 -0700] "POST / HTTP/1.0" 200 79394 "http://rndsquared.com/" "Mozilla/5.0 (Windows NT 10.0; Win64; x64) AppleWebKit/537.36 (KHTML, like Gecko) Chrome/67.0.3396.62 Safari/537.36"
46.166.143.111 - - [03/Oct/2019:13:57:05 -0700] "GET / HTTP/1.0" 200 79394 "http://rndsquared.com/" "Mozilla/5.0 (Windows NT 6.1; Win64; x64) AppleWebKit/537.36 (KHTML, like Gecko) Chrome/66.0.3359.170 Safari/537.36 OPR/53.0.2907.106"
46.166.143.111 - - [03/Oct/2019:13:57:06 -0700] "POST / HTTP/1.0" 200 79394 "http://rndsquared.com/" "Mozilla/5.0 (Windows NT 6.1; Win64; x64) AppleWebKit/537.36 (KHTML, like Gecko) Chrome/66.0.3359.170 Safari/537.36 OPR/53.0.2907.106"
77.75.77.101 - - [03/Oct/2019:14:06:58 -0700] "GET /robots.txt HTTP/1.1" 404 208 "-" "Mozilla/5.0 (compatible; SeznamBot/3.2; +http://napoveda.seznam.cz/en/seznambot-intro/)"
77.75.77.101 - - [03/Oct/2019:14:06:59 -0700] "GET /img/njn/5.jpg HTTP/1.1" 304 - "-" "Mozilla/5.0 (compatible; SeznamBot/3.2; +http://napoveda.seznam.cz/en/seznambot-intro/)"
216.244.66.197 - - [03/Oct/2019:14:12:31 -0700] "GET /img/mixman/18.jpg HTTP/1.1" 200 75474 "-" "Mozilla/5.0 (compatible; DotBot/1.1; http://www.opensiteexplorer.org/dotbot, help@moz.com)"
216.244.66.197 - - [03/Oct/2019:14:12:34 -0700] "GET /img/wu-wei/5.jpg HTTP/1.1" 200 220470 "-" "Mozilla/5.0 (compatible; DotBot/1.1; http://www.opensiteexplorer.org/dotbot, help@moz.com)"
51.38.233.93 - - [03/Oct/2019:14:21:33 -0700] "GET / HTTP/1.0" 200 79394 "http://rndsquared.com/" "Mozilla/5.0 (Windows NT 10.0; Win64; x64) AppleWebKit/537.36 (KHTML, like Gecko) Chrome/67.0.3396.79 Safari/537.36"
51.38.233.93 - - [03/Oct/2019:14:21:35 -0700] "POST / HTTP/1.0" 200 79394 "http://rndsquared.com/" "Mozilla/5.0 (Windows NT 10.0; Win64; x64) AppleWebKit/537.36 (KHTML, like Gecko) Chrome/67.0.3396.79 Safari/537.36"
184.154.47.2 - - [03/Oct/2019:14:30:07 -0700] "GET / HTTP/1.1" 200 17429 "-" "Mozilla/5.0 (Windows NT 10.0; WOW64) AppleWebKit/537.36 (KHTML, like Gecko) Chrome/66.0.3359.117 Safari/537.36"
95.58.170.92 - - [03/Oct/2019:14:56:11 -0700] "GET / HTTP/1.0" 200 79394 "http://rndsquared.com/" "Mozilla/5.0 (Windows NT 10.0) AppleWebKit/537.36 (KHTML, like Gecko) Chrome/67.0.3396.99 Safari/537.36"
95.58.170.92 - - [03/Oct/2019:14:56:13 -0700] "POST / HTTP/1.0" 200 79394 "http://rndsquared.com/" "Mozilla/5.0 (Windows NT 10.0) AppleWebKit/537.36 (KHTML, like Gecko) Chrome/67.0.3396.99 Safari/537.36"
112.16.5.62 - - [03/Oct/2019:14:57:01 -0700] "GET / HTTP/1.0" 200 79394 "http://rndsquared.com/" "Mozilla/5.0 (Windows NT 10.0; Win64; x64) AppleWebKit/537.36 (KHTML, like Gecko) Chrome/67.0.3396.87 Safari/537.36 OPR/54.0.2952.51"
112.16.5.62 - - [03/Oct/2019:14:57:30 -0700] "POST / HTTP/1.0" 200 79394 "http://rndsquared.com/" "Mozilla/5.0 (Windows NT 10.0; Win64; x64) AppleWebKit/537.36 (KHTML, like Gecko) Chrome/67.0.3396.87 Safari/537.36 OPR/54.0.2952.51"
62.210.89.11 - - [03/Oct/2019:15:00:01 -0700] "GET / HTTP/1.1" 200 17429 "-" "Mozilla/5.0 (Windows NT 10.0; Win64; x64) AppleWebKit/537.36 (KHTML, like Gecko) Chrome/74.0.3729.157 Safari/537.36"
157.55.39.24 - - [03/Oct/2019:15:07:33 -0700] "GET /robots.txt HTTP/1.1" 404 208 "-" "Mozilla/5.0 (compatible; bingbot/2.0; +http://www.bing.com/bingbot.htm)"
40.77.167.46 - - [03/Oct/2019:15:07:59 -0700] "GET / HTTP/1.1" 200 17429 "-" "Mozilla/5.0 (compatible; bingbot/2.0; +http://www.bing.com/bingbot.htm)"
198.98.57.2 - - [03/Oct/2019:15:39:30 -0700] "GET / HTTP/1.0" 200 79394 "http://rndsquared.com/" "Mozilla/5.0 (Windows NT 6.1; Win64; x64) AppleWebKit/537.36 (KHTML, like Gecko) Chrome/66.0.3359.170 Safari/537.36 OPR/53.0.2907.106"
198.98.57.2 - - [03/Oct/2019:15:39:31 -0700] "POST / HTTP/1.0" 200 79394 "http://rndsquared.com/" "Mozilla/5.0 (Windows NT 6.1; Win64; x64) AppleWebKit/537.36 (KHTML, like Gecko) Chrome/66.0.3359.170 Safari/537.36 OPR/53.0.2907.106"
185.253.96.27 - - [03/Oct/2019:16:10:39 -0700] "GET / HTTP/1.0" 200 79394 "http://rndsquared.com/" "Mozilla/5.0 (Windows NT 6.1) AppleWebKit/537.36 (KHTML, like Gecko) Chrome/67.0.3396.99 Safari/537.36"
185.253.96.27 - - [03/Oct/2019:16:10:40 -0700] "POST / HTTP/1.0" 200 79394 "http://rndsquared.com/" "Mozilla/5.0 (Windows NT 6.1) AppleWebKit/537.36 (KHTML, like Gecko) Chrome/67.0.3396.99 Safari/537.36"
185.206.224.200 - - [03/Oct/2019:16:10:42 -0700] "GET / HTTP/1.0" 200 79394 "http://rndsquared.com/" "Mozilla/5.0 (Windows NT 10.0; Win64; x64) AppleWebKit/537.36 (KHTML, like Gecko) Chrome/67.0.3396.79 Safari/537.36"
185.206.224.200 - - [03/Oct/2019:16:10:43 -0700] "POST / HTTP/1.0" 200 79394 "http://rndsquared.com/" "Mozilla/5.0 (Windows NT 10.0; Win64; x64) AppleWebKit/537.36 (KHTML, like Gecko) Chrome/67.0.3396.79 Safari/537.36"
109.70.100.22 - - [03/Oct/2019:16:16:59 -0700] "GET / HTTP/1.0" 200 79394 "http://rndsquared.com/" "Mozilla/5.0 (Windows NT 6.1; Win64; x64) AppleWebKit/537.36 (KHTML, like Gecko) Chrome/68.0.3440.106 Safari/537.36 OPR/55.0.2994.44"
109.70.100.22 - - [03/Oct/2019:16:17:01 -0700] "POST / HTTP/1.0" 200 79394 "http://rndsquared.com/" "Mozilla/5.0 (Windows NT 6.1; Win64; x64) AppleWebKit/537.36 (KHTML, like Gecko) Chrome/68.0.3440.106 Safari/537.36 OPR/55.0.2994.44"
109.70.100.19 - - [03/Oct/2019:16:21:29 -0700] "GET / HTTP/1.0" 200 79394 "http://rndsquared.com/" "Mozilla/5.0 (Windows NT 10.0; Win64; x64) AppleWebKit/537.36 (KHTML, like Gecko) Chrome/66.0.3359.181 Safari/537.36"
109.70.100.19 - - [03/Oct/2019:16:21:31 -0700] "POST / HTTP/1.0" 200 79394 "http://rndsquared.com/" "Mozilla/5.0 (Windows NT 10.0; Win64; x64) AppleWebKit/537.36 (KHTML, like Gecko) Chrome/66.0.3359.181 Safari/537.36"
46.166.143.111 - - [03/Oct/2019:16:46:21 -0700] "GET / HTTP/1.0" 200 79394 "http://rndsquared.com/" "Mozilla/5.0 (Windows NT 6.1) AppleWebKit/537.36 (KHTML, like Gecko) Chrome/66.0.3359.181 Safari/537.36 Kinza/4.7.2"
46.166.143.111 - - [03/Oct/2019:16:46:22 -0700] "POST / HTTP/1.0" 200 79394 "http://rndsquared.com/" "Mozilla/5.0 (Windows NT 6.1) AppleWebKit/537.36 (KHTML, like Gecko) Chrome/66.0.3359.181 Safari/537.36 Kinza/4.7.2"
178.137.39.83 - - [03/Oct/2019:16:52:35 -0700] "GET / HTTP/1.0" 200 79394 "-" "Mozilla/5.0 (Windows NT 6.1) AppleWebKit/537.36 (KHTML, like Gecko) Chrome/68.0.3440.106 Safari/537.36 Kinza/4.9.1"
216.244.66.197 - - [03/Oct/2019:16:59:25 -0700] "GET /robots.txt HTTP/1.1" 404 208 "-" "Mozilla/5.0 (compatible; DotBot/1.1; http://www.opensiteexplorer.org/dotbot, help@moz.com)"
111.250.128.71 - - [03/Oct/2019:17:00:23 -0700] "GET / HTTP/1.0" 200 79394 "http://rndsquared.com/" "Mozilla/5.0 (Windows NT 6.3; Win64; x64) AppleWebKit/537.36 (KHTML, like Gecko) Chrome/67.0.3396.87 Safari/537.36"
111.250.128.71 - - [03/Oct/2019:17:00:24 -0700] "POST / HTTP/1.0" 200 79394 "http://rndsquared.com/" "Mozilla/5.0 (Windows NT 6.3; Win64; x64) AppleWebKit/537.36 (KHTML, like Gecko) Chrome/67.0.3396.87 Safari/537.36"
185.220.101.13 - - [03/Oct/2019:17:24:45 -0700] "GET / HTTP/1.0" 200 79394 "http://rndsquared.com/" "Mozilla/5.0 (Windows NT 6.2; Win64; x64) AppleWebKit/537.36 (KHTML, like Gecko) Chrome/68.0.3440.106 Safari/537.36"
195.176.3.19 - - [03/Oct/2019:17:25:17 -0700] "POST / HTTP/1.0" 200 79394 "http://rndsquared.com/" "Mozilla/5.0 (Windows NT 6.2; Win64; x64) AppleWebKit/537.36 (KHTML, like Gecko) Chrome/68.0.3440.106 Safari/537.36"
216.244.66.197 - - [03/Oct/2019:17:30:25 -0700] "GET /img/mixman/11.jpg HTTP/1.1" 200 114722 "-" "Mozilla/5.0 (compatible; DotBot/1.1; http://www.opensiteexplorer.org/dotbot, help@moz.com)"
216.244.66.197 - - [03/Oct/2019:17:30:28 -0700] "GET /img/mixman/17.jpg HTTP/1.1" 200 60460 "-" "Mozilla/5.0 (compatible; DotBot/1.1; http://www.opensiteexplorer.org/dotbot, help@moz.com)"
34.221.56.70 - - [03/Oct/2019:17:36:30 -0700] "GET / HTTP/1.1" 200 17429 "-" "Go-http-client/1.1"
162.221.204.241 - - [03/Oct/2019:17:40:58 -0700] "GET / HTTP/1.0" 200 79394 "http://rndsquared.com/" "Mozilla/5.0 (Windows NT 6.1) AppleWebKit/537.36 (KHTML, like Gecko) Chrome/67.0.3396.87 Safari/537.36"
162.221.204.241 - - [03/Oct/2019:17:41:00 -0700] "POST / HTTP/1.0" 200 79394 "http://rndsquared.com/" "Mozilla/5.0 (Windows NT 6.1) AppleWebKit/537.36 (KHTML, like Gecko) Chrome/67.0.3396.87 Safari/537.36"
216.244.66.197 - - [03/Oct/2019:17:51:24 -0700] "GET /robots.txt HTTP/1.1" 404 208 "-" "Mozilla/5.0 (compatible; DotBot/1.1; http://www.opensiteexplorer.org/dotbot, help@moz.com)"
198.98.58.135 - - [03/Oct/2019:18:20:44 -0700] "GET / HTTP/1.0" 200 79394 "http://rndsquared.com/" "Mozilla/5.0 (Windows NT 10.0; Win64; x64) AppleWebKit/537.36 (KHTML, like Gecko) Chrome/67.0.3396.79 Safari/537.36"
198.98.58.135 - - [03/Oct/2019:18:20:46 -0700] "POST / HTTP/1.0" 200 79394 "http://rndsquared.com/" "Mozilla/5.0 (Windows NT 10.0; Win64; x64) AppleWebKit/537.36 (KHTML, like Gecko) Chrome/67.0.3396.79 Safari/537.36"
216.244.66.197 - - [03/Oct/2019:18:22:09 -0700] "GET /img/bs4w/4.jpg HTTP/1.1" 200 93892 "-" "Mozilla/5.0 (compatible; DotBot/1.1; http://www.opensiteexplorer.org/dotbot, help@moz.com)"
216.244.66.197 - - [03/Oct/2019:18:22:11 -0700] "GET /img/urban-cowgirl/4.jpg HTTP/1.1" 200 103819 "-" "Mozilla/5.0 (compatible; DotBot/1.1; http://www.opensiteexplorer.org/dotbot, help@moz.com)"
216.244.66.197 - - [03/Oct/2019:18:22:14 -0700] "GET /img/wu-wei/6.jpg HTTP/1.1" 200 180106 "-" "Mozilla/5.0 (compatible; DotBot/1.1; http://www.opensiteexplorer.org/dotbot, help@moz.com)"
17.58.98.27 - - [03/Oct/2019:18:37:38 -0700] "GET /robots.txt HTTP/1.1" 404 208 "-" "Mozilla/5.0 (Macintosh; Intel Mac OS X 10_10_1) AppleWebKit/600.2.5 (KHTML, like Gecko) Version/8.0.2 Safari/600.2.5 (Applebot/0.1; +http://www.apple.com/go/applebot)"
17.58.98.240 - - [03/Oct/2019:18:37:39 -0700] "GET / HTTP/1.1" 200 17429 "-" "Mozilla/5.0 (Macintosh; Intel Mac OS X 10_10_1) AppleWebKit/600.2.5 (KHTML, like Gecko) Version/8.0.2 Safari/600.2.5 (Applebot/0.1; +http://www.apple.com/go/applebot)"
188.147.33.210 - - [03/Oct/2019:18:54:11 -0700] "GET / HTTP/1.0" 200 79394 "http://rndsquared.com/" "Mozilla/5.0 (Windows NT 6.1; WOW64) AppleWebKit/537.36 (KHTML, like Gecko) Chrome/67.0.3396.87 Safari/537.36 OPR/54.0.2952.64 (Edition Yx)"
188.147.33.210 - - [03/Oct/2019:18:54:12 -0700] "POST / HTTP/1.0" 200 79394 "http://rndsquared.com/" "Mozilla/5.0 (Windows NT 6.1; WOW64) AppleWebKit/537.36 (KHTML, like Gecko) Chrome/67.0.3396.87 Safari/537.36 OPR/54.0.2952.64 (Edition Yx)"
109.225.3.93 - - [03/Oct/2019:19:29:35 -0700] "GET / HTTP/1.0" 200 79394 "http://rndsquared.com/" "Mozilla/5.0 (Windows NT 5.1) AppleWebKit/537.36 (KHTML, like Gecko) Chrome/49.0.2623.112 Safari/537.36"
109.225.3.93 - - [03/Oct/2019:19:29:37 -0700] "POST / HTTP/1.0" 200 79394 "http://rndsquared.com/" "Mozilla/5.0 (Windows NT 5.1) AppleWebKit/537.36 (KHTML, like Gecko) Chrome/49.0.2623.112 Safari/537.36"
134.209.93.91 - - [03/Oct/2019:19:38:48 -0700] "GET /wp-login.php HTTP/1.1" 404 210 "-" "Mozilla/5.0 (X11; Ubuntu; Linux x86_64; rv:62.0) Gecko/20100101 Firefox/62.0"
171.25.193.20 - - [03/Oct/2019:19:46:27 -0700] "GET / HTTP/1.0" 200 79394 "http://rndsquared.com/" "Mozilla/5.0 (Windows NT 6.1; Win64; x64) AppleWebKit/537.36 (KHTML, like Gecko) Chrome/68.0.3440.84 Safari/537.36"
89.163.239.216 - - [03/Oct/2019:19:46:34 -0700] "POST / HTTP/1.0" 200 79394 "http://rndsquared.com/" "Mozilla/5.0 (Windows NT 6.1; Win64; x64) AppleWebKit/537.36 (KHTML, like Gecko) Chrome/68.0.3440.84 Safari/537.36"
185.253.96.27 - - [03/Oct/2019:19:58:29 -0700] "GET / HTTP/1.0" 200 79394 "http://rndsquared.com/" "Mozilla/5.0 (Windows NT 6.1) AppleWebKit/537.36 (KHTML, like Gecko) Chrome/67.0.3396.99 Safari/537.36"
185.253.96.27 - - [03/Oct/2019:19:58:30 -0700] "POST / HTTP/1.0" 200 79394 "http://rndsquared.com/" "Mozilla/5.0 (Windows NT 6.1) AppleWebKit/537.36 (KHTML, like Gecko) Chrome/67.0.3396.99 Safari/537.36"
185.220.101.56 - - [03/Oct/2019:20:20:45 -0700] "GET / HTTP/1.0" 200 79394 "http://rndsquared.com/" "Mozilla/5.0 (Windows NT 10.0; Win64; x64) AppleWebKit/537.36 (KHTML, like Gecko) Chrome/66.0.3359.170 Safari/537.36 OPR/53.0.2907.68"
77.247.181.162 - - [03/Oct/2019:20:20:46 -0700] "POST / HTTP/1.0" 200 79394 "http://rndsquared.com/" "Mozilla/5.0 (Windows NT 10.0; Win64; x64) AppleWebKit/537.36 (KHTML, like Gecko) Chrome/66.0.3359.170 Safari/537.36 OPR/53.0.2907.68"
45.66.32.45 - - [03/Oct/2019:21:45:48 -0700] "GET / HTTP/1.0" 200 79394 "http://rndsquared.com/" "Mozilla/5.0 (Windows NT 10.0; Win64; x64) AppleWebKit/537.36 (KHTML, like Gecko) Chrome/68.0.3440.106 Safari/537.36 OPR/55.0.2994.44"
45.66.32.45 - - [03/Oct/2019:21:45:50 -0700] "POST / HTTP/1.0" 200 79394 "http://rndsquared.com/" "Mozilla/5.0 (Windows NT 10.0; Win64; x64) AppleWebKit/537.36 (KHTML, like Gecko) Chrome/68.0.3440.106 Safari/537.36 OPR/55.0.2994.44"
46.165.245.154 - - [03/Oct/2019:22:21:16 -0700] "GET / HTTP/1.0" 200 79394 "http://rndsquared.com/" "Mozilla/5.0 (Windows NT 10.0; Win64; x64) AppleWebKit/537.36 (KHTML, like Gecko) Chrome/67.0.3396.99 Safari/537.36"
46.165.245.154 - - [03/Oct/2019:22:21:17 -0700] "POST / HTTP/1.0" 200 79394 "http://rndsquared.com/" "Mozilla/5.0 (Windows NT 10.0; Win64; x64) AppleWebKit/537.36 (KHTML, like Gecko) Chrome/67.0.3396.99 Safari/537.36"
51.159.30.29 - - [03/Oct/2019:22:47:17 -0700] "GET / HTTP/1.1" 200 79394 "-" "Mozilla/4.0 (compatible; MSIE 6.0; Windows NT 5.1; SV1)"
216.244.66.197 - - [03/Oct/2019:23:17:54 -0700] "GET /robots.txt HTTP/1.1" 404 208 "-" "Mozilla/5.0 (compatible; DotBot/1.1; http://www.opensiteexplorer.org/dotbot, help@moz.com)"
77.75.76.167 - - [03/Oct/2019:23:43:42 -0700] "GET /robots.txt HTTP/1.1" 404 208 "-" "Mozilla/5.0 (compatible; SeznamBot/3.2; +http://napoveda.seznam.cz/en/seznambot-intro/)"
77.75.76.167 - - [03/Oct/2019:23:43:44 -0700] "GET /img/urban-cowgirl/thumbs/2.jpg HTTP/1.1" 200 24103 "-" "Mozilla/5.0 (compatible; SeznamBot/3.2; +http://napoveda.seznam.cz/en/seznambot-intro/)"
54.39.152.58 - - [03/Oct/2019:23:45:08 -0700] "GET / HTTP/1.0" 200 79394 "http://rndsquared.com/" "Mozilla/5.0 (Windows NT 6.1) AppleWebKit/537.36 (KHTML, like Gecko) Chrome/66.0.3359.181 Safari/537.36"
54.39.152.58 - - [03/Oct/2019:23:45:10 -0700] "POST / HTTP/1.0" 200 79394 "http://rndsquared.com/" "Mozilla/5.0 (Windows NT 6.1) AppleWebKit/537.36 (KHTML, like Gecko) Chrome/66.0.3359.181 Safari/537.36"
216.244.66.197 - - [03/Oct/2019:23:49:27 -0700] "GET /img/urban-cowgirl/5.jpg HTTP/1.1" 200 114905 "-" "Mozilla/5.0 (compatible; DotBot/1.1; http://www.opensiteexplorer.org/dotbot, help@moz.com)"
17.58.101.236 - - [03/Oct/2019:23:51:52 -0700] "GET /robots.txt HTTP/1.1" 404 208 "-" "Mozilla/5.0 (Macintosh; Intel Mac OS X 10_10_1) AppleWebKit/600.2.5 (KHTML, like Gecko) Version/8.0.2 Safari/600.2.5 (Applebot/0.1; +http://www.apple.com/go/applebot)"
17.58.98.240 - - [03/Oct/2019:23:51:53 -0700] "GET / HTTP/1.1" 200 17429 "-" "Mozilla/5.0 (Macintosh; Intel Mac OS X 10_10_1) AppleWebKit/600.2.5 (KHTML, like Gecko) Version/8.0.2 Safari/600.2.5 (Applebot/0.1; +http://www.apple.com/go/applebot)"
216.244.66.197 - - [04/Oct/2019:00:08:46 -0700] "GET /robots.txt HTTP/1.1" 404 208 "-" "Mozilla/5.0 (compatible; DotBot/1.1; http://www.opensiteexplorer.org/dotbot, help@moz.com)"
198.251.89.80 - - [04/Oct/2019:00:20:47 -0700] "GET / HTTP/1.0" 200 79394 "http://rndsquared.com/" "Mozilla/5.0 (Windows NT 6.1; Win64; x64) AppleWebKit/537.36 (KHTML, like Gecko) Chrome/67.0.3396.87 Safari/537.36 OPR/54.0.2952.71"
198.251.89.80 - - [04/Oct/2019:00:20:48 -0700] "POST / HTTP/1.0" 200 79394 "http://rndsquared.com/" "Mozilla/5.0 (Windows NT 6.1; Win64; x64) AppleWebKit/537.36 (KHTML, like Gecko) Chrome/67.0.3396.87 Safari/537.36 OPR/54.0.2952.71"
216.244.66.197 - - [04/Oct/2019:00:41:25 -0700] "GET /img/wu-wei/7.jpg HTTP/1.1" 200 293352 "-" "Mozilla/5.0 (compatible; DotBot/1.1; http://www.opensiteexplorer.org/dotbot, help@moz.com)"
216.244.66.197 - - [04/Oct/2019:00:59:15 -0700] "GET /robots.txt HTTP/1.1" 404 208 "-" "Mozilla/5.0 (compatible; DotBot/1.1; http://www.opensiteexplorer.org/dotbot, help@moz.com)"
35.177.10.108 - - [04/Oct/2019:01:03:39 -0700] "GET / HTTP/1.0" 200 79394 "http://rndsquared.com/" "Mozilla/5.0 (Windows NT 6.1; Win64; x64) AppleWebKit/537.36 (KHTML, like Gecko) Chrome/67.0.3396.87 Safari/537.36"
35.177.10.108 - - [04/Oct/2019:01:03:40 -0700] "POST / HTTP/1.0" 200 79394 "http://rndsquared.com/" "Mozilla/5.0 (Windows NT 6.1; Win64; x64) AppleWebKit/537.36 (KHTML, like Gecko) Chrome/67.0.3396.87 Safari/537.36"
216.244.66.197 - - [04/Oct/2019:01:29:25 -0700] "GET /img/autumn/7.jpg HTTP/1.1" 200 236722 "-" "Mozilla/5.0 (compatible; DotBot/1.1; http://www.opensiteexplorer.org/dotbot, help@moz.com)"
