190.162.14.118 - - [19/Oct/2017:08:46:45 -0700] "GET /img/wu-wei/thumbs/10.jpg HTTP/1.1" 200 20185 "https://www.rndsquared.com/" "Mozilla/5.0 (Macintosh; Intel Mac OS X 10_11_6) AppleWebKit/537.36 (KHTML, like Gecko) Chrome/61.0.3163.100 Safari/537.36"
190.162.14.118 - - [19/Oct/2017:08:46:45 -0700] "GET /img/bs4w/thumbs/1.jpg HTTP/1.1" 200 14712 "https://www.rndsquared.com/" "Mozilla/5.0 (Macintosh; Intel Mac OS X 10_11_6) AppleWebKit/537.36 (KHTML, like Gecko) Chrome/61.0.3163.100 Safari/537.36"
190.162.14.118 - - [19/Oct/2017:08:46:45 -0700] "GET /img/bs4w/thumbs/2.jpg HTTP/1.1" 200 31891 "https://www.rndsquared.com/" "Mozilla/5.0 (Macintosh; Intel Mac OS X 10_11_6) AppleWebKit/537.36 (KHTML, like Gecko) Chrome/61.0.3163.100 Safari/537.36"
190.162.14.118 - - [19/Oct/2017:08:46:45 -0700] "GET /img/bs4w/thumbs/4.jpg HTTP/1.1" 200 27608 "https://www.rndsquared.com/" "Mozilla/5.0 (Macintosh; Intel Mac OS X 10_11_6) AppleWebKit/537.36 (KHTML, like Gecko) Chrome/61.0.3163.100 Safari/537.36"
190.162.14.118 - - [19/Oct/2017:08:46:45 -0700] "GET /img/bs4w/thumbs/5.jpg HTTP/1.1" 200 12034 "https://www.rndsquared.com/" "Mozilla/5.0 (Macintosh; Intel Mac OS X 10_11_6) AppleWebKit/537.36 (KHTML, like Gecko) Chrome/61.0.3163.100 Safari/537.36"
190.162.14.118 - - [19/Oct/2017:08:46:46 -0700] "GET /img/bs4w/thumbs/7.jpg HTTP/1.1" 200 23328 "https://www.rndsquared.com/" "Mozilla/5.0 (Macintosh; Intel Mac OS X 10_11_6) AppleWebKit/537.36 (KHTML, like Gecko) Chrome/61.0.3163.100 Safari/537.36"
190.162.14.118 - - [19/Oct/2017:08:46:46 -0700] "GET /img/bs4w/thumbs/6.jpg HTTP/1.1" 200 12384 "https://www.rndsquared.com/" "Mozilla/5.0 (Macintosh; Intel Mac OS X 10_11_6) AppleWebKit/537.36 (KHTML, like Gecko) Chrome/61.0.3163.100 Safari/537.36"
190.162.14.118 - - [19/Oct/2017:08:46:46 -0700] "GET /img/bs4w/thumbs/8.jpg HTTP/1.1" 200 22657 "https://www.rndsquared.com/" "Mozilla/5.0 (Macintosh; Intel Mac OS X 10_11_6) AppleWebKit/537.36 (KHTML, like Gecko) Chrome/61.0.3163.100 Safari/537.36"
190.162.14.118 - - [19/Oct/2017:08:46:46 -0700] "GET /img/sfnoir/thumbs/1.jpg HTTP/1.1" 200 25215 "https://www.rndsquared.com/" "Mozilla/5.0 (Macintosh; Intel Mac OS X 10_11_6) AppleWebKit/537.36 (KHTML, like Gecko) Chrome/61.0.3163.100 Safari/537.36"
190.162.14.118 - - [19/Oct/2017:08:46:46 -0700] "GET /img/sfnoir/thumbs/3.jpg HTTP/1.1" 200 22380 "https://www.rndsquared.com/" "Mozilla/5.0 (Macintosh; Intel Mac OS X 10_11_6) AppleWebKit/537.36 (KHTML, like Gecko) Chrome/61.0.3163.100 Safari/537.36"
190.162.14.118 - - [19/Oct/2017:08:46:46 -0700] "GET /img/sfnoir/thumbs/5.jpg HTTP/1.1" 200 18532 "https://www.rndsquared.com/" "Mozilla/5.0 (Macintosh; Intel Mac OS X 10_11_6) AppleWebKit/537.36 (KHTML, like Gecko) Chrome/61.0.3163.100 Safari/537.36"
190.162.14.118 - - [19/Oct/2017:08:46:46 -0700] "GET /img/sfnoir/thumbs/6.jpg HTTP/1.1" 200 31401 "https://www.rndsquared.com/" "Mozilla/5.0 (Macintosh; Intel Mac OS X 10_11_6) AppleWebKit/537.36 (KHTML, like Gecko) Chrome/61.0.3163.100 Safari/537.36"
190.162.14.118 - - [19/Oct/2017:08:46:46 -0700] "GET /img/sfnoir/thumbs/7.jpg HTTP/1.1" 200 33692 "https://www.rndsquared.com/" "Mozilla/5.0 (Macintosh; Intel Mac OS X 10_11_6) AppleWebKit/537.36 (KHTML, like Gecko) Chrome/61.0.3163.100 Safari/537.36"
190.162.14.118 - - [19/Oct/2017:08:46:46 -0700] "GET /img/sfnoir/thumbs/8.jpg HTTP/1.1" 200 32404 "https://www.rndsquared.com/" "Mozilla/5.0 (Macintosh; Intel Mac OS X 10_11_6) AppleWebKit/537.36 (KHTML, like Gecko) Chrome/61.0.3163.100 Safari/537.36"
190.162.14.118 - - [19/Oct/2017:08:46:47 -0700] "GET /img/sfnoir/thumbs/9.jpg HTTP/1.1" 200 20844 "https://www.rndsquared.com/" "Mozilla/5.0 (Macintosh; Intel Mac OS X 10_11_6) AppleWebKit/537.36 (KHTML, like Gecko) Chrome/61.0.3163.100 Safari/537.36"
190.162.14.118 - - [19/Oct/2017:08:46:47 -0700] "GET /img/njn/thumbs/2.jpg HTTP/1.1" 200 26672 "https://www.rndsquared.com/" "Mozilla/5.0 (Macintosh; Intel Mac OS X 10_11_6) AppleWebKit/537.36 (KHTML, like Gecko) Chrome/61.0.3163.100 Safari/537.36"
190.162.14.118 - - [19/Oct/2017:08:46:47 -0700] "GET /img/njn/thumbs/3.jpg HTTP/1.1" 200 33267 "https://www.rndsquared.com/" "Mozilla/5.0 (Macintosh; Intel Mac OS X 10_11_6) AppleWebKit/537.36 (KHTML, like Gecko) Chrome/61.0.3163.100 Safari/537.36"
190.162.14.118 - - [19/Oct/2017:08:46:47 -0700] "GET /img/njn/thumbs/4.jpg HTTP/1.1" 200 32206 "https://www.rndsquared.com/" "Mozilla/5.0 (Macintosh; Intel Mac OS X 10_11_6) AppleWebKit/537.36 (KHTML, like Gecko) Chrome/61.0.3163.100 Safari/537.36"
190.162.14.118 - - [19/Oct/2017:08:46:47 -0700] "GET /img/njn/thumbs/6.jpg HTTP/1.1" 200 32048 "https://www.rndsquared.com/" "Mozilla/5.0 (Macintosh; Intel Mac OS X 10_11_6) AppleWebKit/537.36 (KHTML, like Gecko) Chrome/61.0.3163.100 Safari/537.36"
190.162.14.118 - - [19/Oct/2017:08:46:47 -0700] "GET /img/njn/thumbs/5.jpg HTTP/1.1" 200 27963 "https://www.rndsquared.com/" "Mozilla/5.0 (Macintosh; Intel Mac OS X 10_11_6) AppleWebKit/537.36 (KHTML, like Gecko) Chrome/61.0.3163.100 Safari/537.36"
190.162.14.118 - - [19/Oct/2017:08:46:47 -0700] "GET /img/njn/thumbs/8.jpg HTTP/1.1" 200 28396 "https://www.rndsquared.com/" "Mozilla/5.0 (Macintosh; Intel Mac OS X 10_11_6) AppleWebKit/537.36 (KHTML, like Gecko) Chrome/61.0.3163.100 Safari/537.36"
190.162.14.118 - - [19/Oct/2017:08:46:47 -0700] "GET /img/njn/thumbs/7.jpg HTTP/1.1" 200 28520 "https://www.rndsquared.com/" "Mozilla/5.0 (Macintosh; Intel Mac OS X 10_11_6) AppleWebKit/537.36 (KHTML, like Gecko) Chrome/61.0.3163.100 Safari/537.36"
190.162.14.118 - - [19/Oct/2017:08:46:48 -0700] "GET /img/autumn/thumbs/2.jpg HTTP/1.1" 200 45196 "https://www.rndsquared.com/" "Mozilla/5.0 (Macintosh; Intel Mac OS X 10_11_6) AppleWebKit/537.36 (KHTML, like Gecko) Chrome/61.0.3163.100 Safari/537.36"
190.162.14.118 - - [19/Oct/2017:08:46:48 -0700] "GET /img/autumn/thumbs/3.jpg HTTP/1.1" 200 40589 "https://www.rndsquared.com/" "Mozilla/5.0 (Macintosh; Intel Mac OS X 10_11_6) AppleWebKit/537.36 (KHTML, like Gecko) Chrome/61.0.3163.100 Safari/537.36"
190.162.14.118 - - [19/Oct/2017:08:46:48 -0700] "GET /img/autumn/thumbs/4.jpg HTTP/1.1" 200 20880 "https://www.rndsquared.com/" "Mozilla/5.0 (Macintosh; Intel Mac OS X 10_11_6) AppleWebKit/537.36 (KHTML, like Gecko) Chrome/61.0.3163.100 Safari/537.36"
190.162.14.118 - - [19/Oct/2017:08:46:48 -0700] "GET /img/autumn/thumbs/5.jpg HTTP/1.1" 200 29246 "https://www.rndsquared.com/" "Mozilla/5.0 (Macintosh; Intel Mac OS X 10_11_6) AppleWebKit/537.36 (KHTML, like Gecko) Chrome/61.0.3163.100 Safari/537.36"
190.162.14.118 - - [19/Oct/2017:08:46:48 -0700] "GET /img/autumn/thumbs/6.jpg HTTP/1.1" 200 30923 "https://www.rndsquared.com/" "Mozilla/5.0 (Macintosh; Intel Mac OS X 10_11_6) AppleWebKit/537.36 (KHTML, like Gecko) Chrome/61.0.3163.100 Safari/537.36"
190.162.14.118 - - [19/Oct/2017:08:46:48 -0700] "GET /img/autumn/thumbs/7.jpg HTTP/1.1" 200 25117 "https://www.rndsquared.com/" "Mozilla/5.0 (Macintosh; Intel Mac OS X 10_11_6) AppleWebKit/537.36 (KHTML, like Gecko) Chrome/61.0.3163.100 Safari/537.36"
190.162.14.118 - - [19/Oct/2017:08:46:49 -0700] "GET /img/autumn/thumbs/8.jpg HTTP/1.1" 200 20283 "https://www.rndsquared.com/" "Mozilla/5.0 (Macintosh; Intel Mac OS X 10_11_6) AppleWebKit/537.36 (KHTML, like Gecko) Chrome/61.0.3163.100 Safari/537.36"
190.162.14.118 - - [19/Oct/2017:08:46:49 -0700] "GET /css/images/close.png HTTP/1.1" 200 280 "https://www.rndsquared.com/css/lightbox.css" "Mozilla/5.0 (Macintosh; Intel Mac OS X 10_11_6) AppleWebKit/537.36 (KHTML, like Gecko) Chrome/61.0.3163.100 Safari/537.36"
190.162.14.118 - - [19/Oct/2017:08:46:49 -0700] "GET /css/images/loading.gif HTTP/1.1" 200 8476 "https://www.rndsquared.com/css/lightbox.css" "Mozilla/5.0 (Macintosh; Intel Mac OS X 10_11_6) AppleWebKit/537.36 (KHTML, like Gecko) Chrome/61.0.3163.100 Safari/537.36"
190.162.14.118 - - [19/Oct/2017:08:46:49 -0700] "GET /css/images/prev.png HTTP/1.1" 200 1360 "https://www.rndsquared.com/css/lightbox.css" "Mozilla/5.0 (Macintosh; Intel Mac OS X 10_11_6) AppleWebKit/537.36 (KHTML, like Gecko) Chrome/61.0.3163.100 Safari/537.36"
190.162.14.118 - - [19/Oct/2017:08:46:49 -0700] "GET /css/images/next.png HTTP/1.1" 200 1350 "https://www.rndsquared.com/css/lightbox.css" "Mozilla/5.0 (Macintosh; Intel Mac OS X 10_11_6) AppleWebKit/537.36 (KHTML, like Gecko) Chrome/61.0.3163.100 Safari/537.36"
190.162.14.118 - - [19/Oct/2017:08:46:50 -0700] "GET /favicon.ico HTTP/1.1" 404 209 "https://www.rndsquared.com/" "Mozilla/5.0 (Macintosh; Intel Mac OS X 10_11_6) AppleWebKit/537.36 (KHTML, like Gecko) Chrome/61.0.3163.100 Safari/537.36"
216.244.66.233 - - [19/Oct/2017:09:22:39 -0700] "GET /robots.txt HTTP/1.1" 404 208 "-" "Mozilla/5.0 (compatible; DotBot/1.1; http://www.opensiteexplorer.org/dotbot, help@moz.com)"
77.75.76.165 - - [19/Oct/2017:09:25:26 -0700] "GET /robots.txt HTTP/1.1" 404 208 "-" "Mozilla/5.0 (compatible; SeznamBot/3.2; +http://napoveda.seznam.cz/en/seznambot-intro/)"
77.75.76.165 - - [19/Oct/2017:09:25:29 -0700] "GET /img/njn/4.jpg HTTP/1.1" 304 - "-" "Mozilla/5.0 (compatible; SeznamBot/3.2; +http://napoveda.seznam.cz/en/seznambot-intro/)"
77.75.76.165 - - [19/Oct/2017:10:08:37 -0700] "GET /robots.txt HTTP/1.1" 404 208 "-" "Mozilla/5.0 (compatible; SeznamBot/3.2; +http://napoveda.seznam.cz/en/seznambot-intro/)"
77.75.76.165 - - [19/Oct/2017:10:08:41 -0700] "GET /img/wu-wei/thumbs/4.jpg HTTP/1.1" 304 - "-" "Mozilla/5.0 (compatible; SeznamBot/3.2; +http://napoveda.seznam.cz/en/seznambot-intro/)"
77.75.78.163 - - [19/Oct/2017:11:18:45 -0700] "GET /robots.txt HTTP/1.1" 404 208 "-" "Mozilla/5.0 (compatible; SeznamBot/3.2; +http://napoveda.seznam.cz/en/seznambot-intro/)"
77.75.78.163 - - [19/Oct/2017:11:18:48 -0700] "GET /img/njn/thumbs/5.jpg HTTP/1.1" 304 - "-" "Mozilla/5.0 (compatible; SeznamBot/3.2; +http://napoveda.seznam.cz/en/seznambot-intro/)"
216.244.66.233 - - [19/Oct/2017:12:01:02 -0700] "GET /robots.txt HTTP/1.1" 404 208 "-" "Mozilla/5.0 (compatible; DotBot/1.1; http://www.opensiteexplorer.org/dotbot, help@moz.com)"
77.75.76.161 - - [19/Oct/2017:12:27:11 -0700] "GET /robots.txt HTTP/1.1" 404 208 "-" "Mozilla/5.0 (compatible; SeznamBot/3.2; +http://napoveda.seznam.cz/en/seznambot-intro/)"
77.75.76.161 - - [19/Oct/2017:12:27:14 -0700] "GET /img/njn/thumbs/8.jpg HTTP/1.1" 304 - "-" "Mozilla/5.0 (compatible; SeznamBot/3.2; +http://napoveda.seznam.cz/en/seznambot-intro/)"
216.244.66.233 - - [19/Oct/2017:12:30:50 -0700] "GET /robots.txt HTTP/1.1" 404 208 "-" "Mozilla/5.0 (compatible; DotBot/1.1; http://www.opensiteexplorer.org/dotbot, help@moz.com)"
157.55.39.50 - - [19/Oct/2017:12:36:44 -0700] "GET /robots.txt HTTP/1.1" 301 245 "-" "Mozilla/5.0 (compatible; bingbot/2.0; +http://www.bing.com/bingbot.htm)"
157.55.39.50 - - [19/Oct/2017:12:36:45 -0700] "GET /robots.txt HTTP/1.1" 404 208 "-" "Mozilla/5.0 (compatible; bingbot/2.0; +http://www.bing.com/bingbot.htm)"
157.55.39.50 - - [19/Oct/2017:12:36:45 -0700] "GET /robots.txt HTTP/1.1" 301 245 "-" "Mozilla/5.0 (compatible; bingbot/2.0; +http://www.bing.com/bingbot.htm)"
157.55.39.50 - - [19/Oct/2017:12:36:45 -0700] "GET /robots.txt HTTP/1.1" 404 208 "-" "Mozilla/5.0 (compatible; bingbot/2.0; +http://www.bing.com/bingbot.htm)"
157.55.39.36 - - [19/Oct/2017:12:36:48 -0700] "GET / HTTP/1.1" 301 235 "-" "Mozilla/5.0 (compatible; bingbot/2.0; +http://www.bing.com/bingbot.htm)"
216.244.66.233 - - [19/Oct/2017:13:07:54 -0700] "GET /robots.txt HTTP/1.1" 404 208 "-" "Mozilla/5.0 (compatible; DotBot/1.1; http://www.opensiteexplorer.org/dotbot, help@moz.com)"
46.229.164.98 - - [19/Oct/2017:13:24:52 -0700] "GET /robots.txt HTTP/1.1" 404 208 "-" "Mozilla/5.0 (compatible; SemrushBot/1.2~bl; +http://www.semrush.com/bot.html)"
216.244.66.233 - - [19/Oct/2017:14:02:16 -0700] "GET /robots.txt HTTP/1.1" 404 208 "-" "Mozilla/5.0 (compatible; DotBot/1.1; http://www.opensiteexplorer.org/dotbot, help@moz.com)"
77.75.77.32 - - [19/Oct/2017:14:27:22 -0700] "GET /robots.txt HTTP/1.1" 404 208 "-" "Mozilla/5.0 (compatible; SeznamBot/3.2; +http://napoveda.seznam.cz/en/seznambot-intro/)"
77.75.77.32 - - [19/Oct/2017:14:27:33 -0700] "GET /img/oncekids-fujimini/thumbs/4.jpg HTTP/1.1" 304 - "-" "Mozilla/5.0 (compatible; SeznamBot/3.2; +http://napoveda.seznam.cz/en/seznambot-intro/)"
216.244.66.233 - - [19/Oct/2017:14:42:35 -0700] "GET /robots.txt HTTP/1.1" 404 208 "-" "Mozilla/5.0 (compatible; DotBot/1.1; http://www.opensiteexplorer.org/dotbot, help@moz.com)"
216.244.66.233 - - [19/Oct/2017:18:33:08 -0700] "GET /robots.txt HTTP/1.1" 404 208 "-" "Mozilla/5.0 (compatible; DotBot/1.1; http://www.opensiteexplorer.org/dotbot, help@moz.com)"
54.67.67.222 - - [19/Oct/2017:20:45:01 -0700] "GET / HTTP/1.1" 200 15892 "-" "Mozilla/5.0 (Macintosh; Intel Mac OS X 10_12_6) AppleWebKit/537.36 (KHTML, like Gecko) Chrome/61.0.3163.100 Safari/537.36"
216.244.66.233 - - [19/Oct/2017:21:56:50 -0700] "GET /robots.txt HTTP/1.1" 404 208 "-" "Mozilla/5.0 (compatible; DotBot/1.1; http://www.opensiteexplorer.org/dotbot, help@moz.com)"
66.249.66.159 - - [19/Oct/2017:22:51:11 -0700] "GET /robots.txt HTTP/1.1" 404 208 "-" "Mozilla/5.0 (compatible; Googlebot/2.1; +http://www.google.com/bot.html)"
66.249.66.129 - - [19/Oct/2017:22:51:11 -0700] "GET /img/wu-wei/thumbs/1.jpg HTTP/1.1" 200 35144 "-" "Googlebot-Image/1.0"
216.244.66.233 - - [19/Oct/2017:23:34:12 -0700] "GET /robots.txt HTTP/1.1" 404 208 "-" "Mozilla/5.0 (compatible; DotBot/1.1; http://www.opensiteexplorer.org/dotbot, help@moz.com)"
157.55.39.36 - - [19/Oct/2017:23:55:11 -0700] "GET / HTTP/1.1" 301 235 "-" "Mozilla/5.0 (compatible; bingbot/2.0; +http://www.bing.com/bingbot.htm)"
192.187.108.186 - - [20/Oct/2017:00:03:29 -0700] "GET /wp-cros.php HTTP/1.0" 404 209 "-" "Mozilla/5.0 (Windows NT 6.1) AppleWebKit/537.36 (KHTML, like Gecko) Chrome/41.0.2228.0 Safari/537.36"
216.244.66.233 - - [20/Oct/2017:00:43:26 -0700] "GET /robots.txt HTTP/1.1" 404 208 "-" "Mozilla/5.0 (compatible; DotBot/1.1; http://www.opensiteexplorer.org/dotbot, help@moz.com)"
180.76.15.137 - - [20/Oct/2017:01:13:54 -0700] "GET /js/modernizr.js HTTP/1.1" 200 14521 "-" "Mozilla/5.0 (compatible; Baiduspider/2.0; +http://www.baidu.com/search/spider.html)"
216.244.66.233 - - [20/Oct/2017:03:08:27 -0700] "GET /robots.txt HTTP/1.1" 404 208 "-" "Mozilla/5.0 (compatible; DotBot/1.1; http://www.opensiteexplorer.org/dotbot, help@moz.com)"
46.229.164.99 - - [20/Oct/2017:03:35:02 -0700] "GET /robots.txt HTTP/1.1" 404 208 "-" "Mozilla/5.0 (compatible; SemrushBot/1.2~bl; +http://www.semrush.com/bot.html)"
93.158.161.71 - - [20/Oct/2017:03:37:06 -0700] "GET /robots.txt HTTP/1.1" 404 208 "-" "Mozilla/5.0 (compatible; YandexBot/3.0; +http://yandex.com/bots)"
141.8.143.154 - - [20/Oct/2017:03:37:10 -0700] "GET /img/mixman/thumbs/9.jpg HTTP/1.1" 304 - "-" "Mozilla/5.0 (compatible; YandexImages/3.0; +http://yandex.com/bots)"
216.244.66.233 - - [20/Oct/2017:03:46:07 -0700] "GET /robots.txt HTTP/1.1" 404 208 "-" "Mozilla/5.0 (compatible; DotBot/1.1; http://www.opensiteexplorer.org/dotbot, help@moz.com)"
216.244.66.233 - - [20/Oct/2017:04:09:42 -0700] "GET /robots.txt HTTP/1.1" 404 208 "-" "Mozilla/5.0 (compatible; DotBot/1.1; http://www.opensiteexplorer.org/dotbot, help@moz.com)"
216.244.66.233 - - [20/Oct/2017:04:39:09 -0700] "GET /robots.txt HTTP/1.1" 404 208 "-" "Mozilla/5.0 (compatible; DotBot/1.1; http://www.opensiteexplorer.org/dotbot, help@moz.com)"
216.244.66.233 - - [20/Oct/2017:05:13:44 -0700] "GET /robots.txt HTTP/1.1" 404 208 "-" "Mozilla/5.0 (compatible; DotBot/1.1; http://www.opensiteexplorer.org/dotbot, help@moz.com)"
216.244.66.233 - - [20/Oct/2017:06:09:28 -0700] "GET /robots.txt HTTP/1.1" 404 208 "-" "Mozilla/5.0 (compatible; DotBot/1.1; http://www.opensiteexplorer.org/dotbot, help@moz.com)"
180.76.15.25 - - [20/Oct/2017:06:29:51 -0700] "GET / HTTP/1.1" 200 72657 "-" "Mozilla/5.0 (compatible; Baiduspider/2.0; +http://www.baidu.com/search/spider.html)"
66.249.66.129 - - [20/Oct/2017:06:42:00 -0700] "GET /img/wu-wei/thumbs/8.jpg HTTP/1.1" 304 - "-" "Googlebot-Image/1.0"
185.100.87.207 - - [20/Oct/2017:07:08:57 -0700] "GET / HTTP/1.1" 200 15892 "http://burger-imperia.com/" "Mozilla/5.0 (X11; Linux x86_64) AppleWebKit/537.36 (KHTML, like Gecko) Chrome/37.0.2062.120 Safari/537.36"
216.244.66.233 - - [20/Oct/2017:07:10:00 -0700] "GET /robots.txt HTTP/1.1" 404 208 "-" "Mozilla/5.0 (compatible; DotBot/1.1; http://www.opensiteexplorer.org/dotbot, help@moz.com)"
5.196.87.42 - - [20/Oct/2017:09:18:55 -0700] "GET /robots.txt HTTP/1.1" 404 208 "-" "Mozilla/5.0 (compatible; AhrefsBot/5.2; +http://ahrefs.com/robot/)"
46.229.164.98 - - [20/Oct/2017:10:05:52 -0700] "GET /robots.txt HTTP/1.1" 404 208 "-" "Mozilla/5.0 (compatible; SemrushBot/1.2~bl; +http://www.semrush.com/bot.html)"
216.244.66.233 - - [20/Oct/2017:12:54:17 -0700] "GET /robots.txt HTTP/1.1" 404 208 "-" "Mozilla/5.0 (compatible; DotBot/1.1; http://www.opensiteexplorer.org/dotbot, help@moz.com)"
77.88.47.25 - - [20/Oct/2017:13:32:24 -0700] "GET /robots.txt HTTP/1.1" 404 208 "-" "Mozilla/5.0 (compatible; YandexBot/3.0; +http://yandex.com/bots)"
5.255.250.42 - - [20/Oct/2017:13:32:29 -0700] "GET / HTTP/1.1" 200 15892 "-" "Mozilla/5.0 (compatible; YandexBot/3.0; +http://yandex.com/bots)"
195.22.127.67 - - [20/Oct/2017:14:03:45 -0700] "GET / HTTP/1.0" 200 72657 "https://www.rndsquared.com/" "Mozilla/5.0 (Windows NT 5.1) AppleWebKit/537.36 (KHTML, like Gecko) Chrome/33.0.1750.146 Safari/537.36"
195.22.127.67 - - [20/Oct/2017:14:03:50 -0700] "POST / HTTP/1.0" 200 72657 "https://www.rndsquared.com/" "Mozilla/5.0 (Windows NT 5.1) AppleWebKit/537.36 (KHTML, like Gecko) Chrome/33.0.1750.146 Safari/537.36"
66.249.66.16 - - [20/Oct/2017:14:33:59 -0700] "GET /robots.txt HTTP/1.1" 404 208 "-" "Mozilla/5.0 (compatible; Googlebot/2.1; +http://www.google.com/bot.html)"
66.249.66.16 - - [20/Oct/2017:14:33:59 -0700] "GET /img/mixman/thumbs/18.jpg HTTP/1.1" 304 - "-" "Googlebot-Image/1.0"
216.244.66.233 - - [20/Oct/2017:15:31:51 -0700] "GET /robots.txt HTTP/1.1" 404 208 "-" "Mozilla/5.0 (compatible; DotBot/1.1; http://www.opensiteexplorer.org/dotbot, help@moz.com)"
65.128.227.133 - - [20/Oct/2017:16:27:49 -0700] "GET /img/mixman/thumbs/15.jpg HTTP/1.1" 200 31677 "https://www.google.com/" "Mozilla/5.0 (Macintosh; Intel Mac OS X 10_12_4) AppleWebKit/537.36 (KHTML, like Gecko) Chrome/61.0.3163.100 Safari/537.36"
157.55.39.24 - - [20/Oct/2017:17:16:30 -0700] "GET /robots.txt HTTP/1.1" 404 208 "-" "Mozilla/5.0 (compatible; bingbot/2.0; +http://www.bing.com/bingbot.htm)"
213.205.194.40 - - [20/Oct/2017:18:09:02 -0700] "GET /img/autumn/thumbs/2.jpg HTTP/1.1" 200 45196 "-" "Mozilla/5.0 (Linux; Android 7.0; SM-G920F Build/NRD90M; wv) AppleWebKit/537.36 (KHTML, like Gecko) Version/4.0 Chrome/61.0.3163.98 Mobile Safari/537.36 GSA/7.13.28.21.arm64"
216.244.66.233 - - [20/Oct/2017:18:10:22 -0700] "GET /robots.txt HTTP/1.1" 404 208 "-" "Mozilla/5.0 (compatible; DotBot/1.1; http://www.opensiteexplorer.org/dotbot, help@moz.com)"
216.244.66.233 - - [20/Oct/2017:18:41:14 -0700] "GET /robots.txt HTTP/1.1" 404 208 "-" "Mozilla/5.0 (compatible; DotBot/1.1; http://www.opensiteexplorer.org/dotbot, help@moz.com)"
138.197.96.209 - - [20/Oct/2017:18:54:40 -0700] "GET / HTTP/1.1" 200 15892 "-" "Mozilla/5.0 (X11; Ubuntu; Linux x86_64; rv:54.0) Gecko/20100101 Firefox/54.0"
138.197.96.209 - - [20/Oct/2017:18:54:41 -0700] "GET /js/modernizr.js HTTP/1.1" 200 5933 "https://www.rndsquared.com/" "Mozilla/5.0 (X11; Ubuntu; Linux x86_64; rv:54.0) Gecko/20100101 Firefox/54.0"
138.197.96.209 - - [20/Oct/2017:18:54:41 -0700] "GET /js/scripts.js HTTP/1.1" 200 1227 "https://www.rndsquared.com/" "Mozilla/5.0 (X11; Ubuntu; Linux x86_64; rv:54.0) Gecko/20100101 Firefox/54.0"
138.197.96.209 - - [20/Oct/2017:18:54:41 -0700] "GET /js/lightbox.js HTTP/1.1" 200 4210 "https://www.rndsquared.com/" "Mozilla/5.0 (X11; Ubuntu; Linux x86_64; rv:54.0) Gecko/20100101 Firefox/54.0"
123.125.71.34 - - [20/Oct/2017:19:08:57 -0700] "GET / HTTP/1.1" 200 72657 "-" "Mozilla/5.0 (compatible; Baiduspider/2.0; +http://www.baidu.com/search/spider.html)"
123.125.67.228 - - [20/Oct/2017:19:08:59 -0700] "GET /robots.txt HTTP/1.1" 404 208 "-" "Mozilla/5.0 (Windows NT 10.0; WOW64) AppleWebKit/537.36 (KHTML, like Gecko) Chrome/45.0.2454.93 Safari/537.36"
216.244.66.233 - - [20/Oct/2017:19:25:45 -0700] "GET /robots.txt HTTP/1.1" 404 208 "-" "Mozilla/5.0 (compatible; DotBot/1.1; http://www.opensiteexplorer.org/dotbot, help@moz.com)"
46.229.164.99 - - [20/Oct/2017:19:38:06 -0700] "GET /robots.txt HTTP/1.1" 404 208 "-" "Mozilla/5.0 (compatible; SemrushBot/1.2~bl; +http://www.semrush.com/bot.html)"
216.244.66.233 - - [20/Oct/2017:20:47:00 -0700] "GET /robots.txt HTTP/1.1" 404 208 "-" "Mozilla/5.0 (compatible; DotBot/1.1; http://www.opensiteexplorer.org/dotbot, help@moz.com)"
176.116.16.67 - - [20/Oct/2017:21:29:14 -0700] "GET / HTTP/1.1" 200 15892 "-" "Mozilla/5.0 (Macintosh; Intel Mac OS X 10_12_5) AppleWebKit/537.36 (KHTML, like Gecko) Chrome/58.0.3029.110 Safari/537.36"
216.244.66.233 - - [20/Oct/2017:22:37:01 -0700] "GET /robots.txt HTTP/1.1" 404 208 "-" "Mozilla/5.0 (compatible; DotBot/1.1; http://www.opensiteexplorer.org/dotbot, help@moz.com)"
216.244.66.233 - - [20/Oct/2017:23:26:20 -0700] "GET /robots.txt HTTP/1.1" 404 208 "-" "Mozilla/5.0 (compatible; DotBot/1.1; http://www.opensiteexplorer.org/dotbot, help@moz.com)"
46.229.164.98 - - [21/Oct/2017:00:37:06 -0700] "GET /robots.txt HTTP/1.1" 404 208 "-" "Mozilla/5.0 (compatible; SemrushBot/1.2~bl; +http://www.semrush.com/bot.html)"
54.219.178.100 - - [21/Oct/2017:03:00:40 -0700] "GET / HTTP/1.1" 200 15892 "-" "Mozilla/5.0 (Macintosh; Intel Mac OS X 10_12_6) AppleWebKit/537.36 (KHTML, like Gecko) Chrome/61.0.3163.100 Safari/537.36"
207.46.13.169 - - [21/Oct/2017:03:42:17 -0700] "GET / HTTP/1.1" 301 235 "-" "Mozilla/5.0 (compatible; bingbot/2.0; +http://www.bing.com/bingbot.htm)"
66.249.66.18 - - [21/Oct/2017:05:30:50 -0700] "GET /robots.txt HTTP/1.1" 404 208 "-" "Mozilla/5.0 (compatible; Googlebot/2.1; +http://www.google.com/bot.html)"
66.249.66.16 - - [21/Oct/2017:05:30:51 -0700] "GET / HTTP/1.1" 200 15892 "-" "Mozilla/5.0 (compatible; Googlebot/2.1; +http://www.google.com/bot.html)"
66.249.66.16 - - [21/Oct/2017:05:30:56 -0700] "GET /css/lightbox.css HTTP/1.1" 200 1003 "https://www.rndsquared.com/" "Mozilla/5.0 (compatible; Googlebot/2.1; +http://www.google.com/bot.html)"
66.249.66.18 - - [21/Oct/2017:05:30:56 -0700] "GET /css/styles.css HTTP/1.1" 200 1975 "https://www.rndsquared.com/" "Mozilla/5.0 (compatible; Googlebot/2.1; +http://www.google.com/bot.html)"
66.249.66.18 - - [21/Oct/2017:05:30:57 -0700] "GET /css/bootstrap.min.css HTTP/1.1" 200 11249 "https://www.rndsquared.com/" "Mozilla/5.0 (compatible; Googlebot/2.1; +http://www.google.com/bot.html)"
66.249.66.16 - - [21/Oct/2017:05:40:06 -0700] "GET /img/autumn/7.jpg HTTP/1.1" 200 236722 "-" "Googlebot-Image/1.0"
66.249.66.18 - - [21/Oct/2017:05:40:10 -0700] "GET /img/bs4w/2.jpg HTTP/1.1" 200 116129 "-" "Googlebot-Image/1.0"
66.249.66.16 - - [21/Oct/2017:05:40:16 -0700] "GET /img/wu-wei/6.jpg HTTP/1.1" 200 180106 "-" "Googlebot-Image/1.0"
66.249.66.16 - - [21/Oct/2017:05:40:23 -0700] "GET /img/autumn/8.jpg HTTP/1.1" 200 100218 "-" "Googlebot-Image/1.0"
66.249.66.16 - - [21/Oct/2017:05:40:29 -0700] "GET /img/wu-wei/9.jpg HTTP/1.1" 200 398953 "-" "Googlebot-Image/1.0"
66.249.66.16 - - [21/Oct/2017:05:40:35 -0700] "GET /img/autumn/4.jpg HTTP/1.1" 200 166546 "-" "Googlebot-Image/1.0"
66.249.66.16 - - [21/Oct/2017:05:40:41 -0700] "GET /img/sfnoir/7.jpg HTTP/1.1" 200 122937 "-" "Googlebot-Image/1.0"
66.249.66.16 - - [21/Oct/2017:05:40:47 -0700] "GET /img/wu-wei/1.jpg HTTP/1.1" 200 323401 "-" "Googlebot-Image/1.0"
66.249.66.16 - - [21/Oct/2017:05:40:53 -0700] "GET /img/autumn/3.jpg HTTP/1.1" 200 506599 "-" "Googlebot-Image/1.0"
66.249.66.16 - - [21/Oct/2017:05:40:59 -0700] "GET /img/wu-wei/4.jpg HTTP/1.1" 200 279891 "-" "Googlebot-Image/1.0"
66.249.66.18 - - [21/Oct/2017:05:41:05 -0700] "GET /img/sfnoir/8.jpg HTTP/1.1" 200 89091 "-" "Googlebot-Image/1.0"
66.249.66.16 - - [21/Oct/2017:05:41:11 -0700] "GET /img/wu-wei/8.jpg HTTP/1.1" 200 457546 "-" "Googlebot-Image/1.0"
66.249.66.16 - - [21/Oct/2017:05:41:17 -0700] "GET /img/wu-wei/2.jpg HTTP/1.1" 200 183246 "-" "Googlebot-Image/1.0"
66.249.66.16 - - [21/Oct/2017:05:41:23 -0700] "GET /img/wu-wei/3.jpg HTTP/1.1" 200 173337 "-" "Googlebot-Image/1.0"
66.249.66.16 - - [21/Oct/2017:05:41:29 -0700] "GET /img/autumn/5.jpg HTTP/1.1" 200 180877 "-" "Googlebot-Image/1.0"
66.249.66.20 - - [21/Oct/2017:05:42:43 -0700] "GET /img/sfnoir/2.jpg HTTP/1.1" 200 81708 "-" "Googlebot-Image/1.0"
66.249.66.20 - - [21/Oct/2017:05:43:50 -0700] "GET /img/wu-wei/5.jpg HTTP/1.1" 200 220470 "-" "Googlebot-Image/1.0"
66.249.66.16 - - [21/Oct/2017:05:44:57 -0700] "GET /img/autumn/6.jpg HTTP/1.1" 200 149484 "-" "Googlebot-Image/1.0"
66.249.66.18 - - [21/Oct/2017:05:46:04 -0700] "GET /img/wu-wei/7.jpg HTTP/1.1" 200 293352 "-" "Googlebot-Image/1.0"
66.249.66.18 - - [21/Oct/2017:05:47:12 -0700] "GET /img/autumn/1.jpg HTTP/1.1" 200 290161 "-" "Googlebot-Image/1.0"
66.249.66.20 - - [21/Oct/2017:05:48:21 -0700] "GET /img/wu-wei/10.jpg HTTP/1.1" 200 165194 "-" "Googlebot-Image/1.0"
66.249.66.18 - - [21/Oct/2017:05:49:32 -0700] "GET /img/oncekids-fujimini/8.jpg HTTP/1.1" 200 78635 "-" "Googlebot-Image/1.0"
66.249.66.20 - - [21/Oct/2017:05:50:54 -0700] "GET /img/oncekids-fujimini/7.jpg HTTP/1.1" 200 153636 "-" "Googlebot-Image/1.0"
66.249.66.16 - - [21/Oct/2017:07:42:05 -0700] "GET /robots.txt HTTP/1.1" 404 208 "-" "Mozilla/5.0 (compatible; Googlebot/2.1; +http://www.google.com/bot.html)"
66.249.66.20 - - [21/Oct/2017:09:13:34 -0700] "GET / HTTP/1.1" 200 15892 "-" "Mozilla/5.0 (Linux; Android 6.0.1; Nexus 5X Build/MMB29P) AppleWebKit/537.36 (KHTML, like Gecko) Chrome/41.0.2272.96 Mobile Safari/537.36 (compatible; Googlebot/2.1; +http://www.google.com/bot.html)"
46.229.164.99 - - [21/Oct/2017:09:43:50 -0700] "GET /robots.txt HTTP/1.1" 404 208 "-" "Mozilla/5.0 (compatible; SemrushBot/1.2~bl; +http://www.semrush.com/bot.html)"
216.244.66.233 - - [21/Oct/2017:09:55:47 -0700] "GET /robots.txt HTTP/1.1" 404 208 "-" "Mozilla/5.0 (compatible; DotBot/1.1; http://www.opensiteexplorer.org/dotbot, help@moz.com)"
54.202.142.12 - - [21/Oct/2017:10:13:02 -0700] "HEAD / HTTP/1.1" 400 - "-" "Mozilla/5.0 (Windows NT 10.0; Win64; x64) AppleWebKit/537.36 (KHTML, like Gecko) Chrome/61.0.3163.100 Safari/537.36"
169.50.62.97 - - [21/Oct/2017:11:43:09 -0700] "GET / HTTP/1.1" 200 15892 "-" "Mozilla/5.0 (Windows; U; Windows NT 5.1; en-US; rv:1.9.0.7) Gecko/2009021910 Firefox/3.0.7"
94.221.234.154 - - [21/Oct/2017:12:43:15 -0700] "GET /img/autumn/thumbs/7.jpg HTTP/1.1" 200 25117 "-" "Mozilla/5.0 (Linux; Android 7.0; FRD-L19 Build/HUAWEIFRD-L19; wv) AppleWebKit/537.36 (KHTML, like Gecko) Version/4.0 Chrome/61.0.3163.98 Mobile Safari/537.36 GSA/7.13.28.21.arm64"
157.55.39.144 - - [21/Oct/2017:14:14:23 -0700] "GET /robots.txt HTTP/1.1" 301 245 "-" "Mozilla/5.0 (compatible; bingbot/2.0; +http://www.bing.com/bingbot.htm)"
157.55.39.144 - - [21/Oct/2017:14:14:23 -0700] "GET /robots.txt HTTP/1.1" 404 208 "-" "Mozilla/5.0 (compatible; bingbot/2.0; +http://www.bing.com/bingbot.htm)"
157.55.39.144 - - [21/Oct/2017:14:14:23 -0700] "GET /robots.txt HTTP/1.1" 301 245 "-" "Mozilla/5.0 (compatible; bingbot/2.0; +http://www.bing.com/bingbot.htm)"
157.55.39.144 - - [21/Oct/2017:14:14:23 -0700] "GET /robots.txt HTTP/1.1" 404 208 "-" "Mozilla/5.0 (compatible; bingbot/2.0; +http://www.bing.com/bingbot.htm)"
207.46.13.169 - - [21/Oct/2017:14:14:30 -0700] "GET / HTTP/1.1" 301 235 "-" "Mozilla/5.0 (compatible; bingbot/2.0; +http://www.bing.com/bingbot.htm)"
46.229.164.98 - - [21/Oct/2017:14:34:03 -0700] "GET /robots.txt HTTP/1.1" 404 208 "-" "Mozilla/5.0 (compatible; SemrushBot/1.2~bl; +http://www.semrush.com/bot.html)"
216.244.66.233 - - [21/Oct/2017:17:48:41 -0700] "GET /robots.txt HTTP/1.1" 404 208 "-" "Mozilla/5.0 (compatible; DotBot/1.1; http://www.opensiteexplorer.org/dotbot, help@moz.com)"
180.76.15.19 - - [21/Oct/2017:19:30:33 -0700] "GET / HTTP/1.1" 200 72657 "-" "Mozilla/5.0 (compatible; Baiduspider/2.0; +http://www.baidu.com/search/spider.html)"
217.182.74.253 - - [21/Oct/2017:21:10:26 -0700] "GET /id_rsa HTTP/1.1" 404 204 "-" "Mozilla/5.0 (Windows NT 10.0; Win64; x64) AppleWebKit/537.36 (KHTML, like Gecko) Chrome/56.0.2924.87 Safari/537.36"
204.85.191.30 - - [21/Oct/2017:21:10:28 -0700] "GET /.ssh/id_rsa HTTP/1.1" 404 209 "-" "Mozilla/5.0 (Windows NT 10.0; Win64; x64) AppleWebKit/537.36 (KHTML, like Gecko) Chrome/56.0.2924.87 Safari/537.36"
204.85.191.30 - - [21/Oct/2017:21:10:30 -0700] "GET /root/.ssh/id_rsa HTTP/1.1" 404 214 "-" "Mozilla/5.0 (Windows NT 10.0; Win64; x64) AppleWebKit/537.36 (KHTML, like Gecko) Chrome/56.0.2924.87 Safari/537.36"
204.85.191.30 - - [21/Oct/2017:21:10:31 -0700] "GET /id_dsa HTTP/1.1" 404 204 "-" "Mozilla/5.0 (Windows NT 10.0; Win64; x64) AppleWebKit/537.36 (KHTML, like Gecko) Chrome/56.0.2924.87 Safari/537.36"
204.85.191.30 - - [21/Oct/2017:21:10:33 -0700] "GET /.ssh/id_dsa HTTP/1.1" 404 209 "-" "Mozilla/5.0 (Windows NT 10.0; Win64; x64) AppleWebKit/537.36 (KHTML, like Gecko) Chrome/56.0.2924.87 Safari/537.36"
94.142.242.84 - - [21/Oct/2017:21:10:35 -0700] "GET /root/.ssh/id_dsa HTTP/1.1" 404 214 "-" "Mozilla/5.0 (Windows NT 10.0; Win64; x64) AppleWebKit/537.36 (KHTML, like Gecko) Chrome/56.0.2924.87 Safari/537.36"
66.249.66.16 - - [21/Oct/2017:22:33:56 -0700] "GET /robots.txt HTTP/1.1" 404 208 "-" "Mozilla/5.0 (compatible; Googlebot/2.1; +http://www.google.com/bot.html)"
66.249.66.18 - - [21/Oct/2017:22:33:56 -0700] "GET / HTTP/1.1" 200 15892 "-" "Mozilla/5.0 (compatible; Googlebot/2.1; +http://www.google.com/bot.html)"
216.244.66.233 - - [21/Oct/2017:22:55:49 -0700] "GET /robots.txt HTTP/1.1" 404 208 "-" "Mozilla/5.0 (compatible; DotBot/1.1; http://www.opensiteexplorer.org/dotbot, help@moz.com)"
180.76.15.152 - - [21/Oct/2017:23:17:53 -0700] "GET /js/modernizr.js HTTP/1.1" 200 14521 "-" "Mozilla/5.0 (compatible; Baiduspider/2.0; +http://www.baidu.com/search/spider.html)"
216.244.66.233 - - [21/Oct/2017:23:28:31 -0700] "GET /robots.txt HTTP/1.1" 404 208 "-" "Mozilla/5.0 (compatible; DotBot/1.1; http://www.opensiteexplorer.org/dotbot, help@moz.com)"
66.249.66.16 - - [21/Oct/2017:23:50:09 -0700] "GET / HTTP/1.1" 200 15892 "-" "Mozilla/5.0 (compatible; Googlebot/2.1; +http://www.google.com/bot.html)"
138.197.111.176 - - [22/Oct/2017:00:07:30 -0700] "GET / HTTP/1.1" 200 15892 "http://www.rndsquared.com/" "Mozilla/5.0 (Macintosh; Intel Mac OS X 10.11; rv:54.0) Gecko/20100101 Firefox/54.0"
138.197.111.176 - - [22/Oct/2017:00:07:31 -0700] "GET /js/scripts.js HTTP/1.1" 200 3179 "-" "Mozilla/5.0 (Windows NT 6.1; rv:54.0) Gecko/20100101 Firefox/54.0"
138.197.111.176 - - [22/Oct/2017:00:07:32 -0700] "GET /js/modernizr.js HTTP/1.1" 200 14521 "-" "Mozilla/5.0 (Windows NT 6.1; rv:54.0) Gecko/20100101 Firefox/54.0"
138.197.111.176 - - [22/Oct/2017:00:07:32 -0700] "GET /css/styles.css HTTP/1.1" 200 7906 "-" "Mozilla/5.0 (Windows NT 6.1; rv:54.0) Gecko/20100101 Firefox/54.0"
138.197.111.176 - - [22/Oct/2017:00:07:32 -0700] "GET /js/lightbox.js HTTP/1.1" 200 15366 "-" "Mozilla/5.0 (Windows NT 6.1; Win64; x64) AppleWebKit/537.36 (KHTML, like Gecko) Chrome/49.0.2623.75 Safari/537.36"
138.197.111.176 - - [22/Oct/2017:00:07:32 -0700] "GET /css/lightbox.css HTTP/1.1" 200 3874 "-" "Mozilla/5.0 (Windows NT 6.1; Win64; x64) AppleWebKit/537.36 (KHTML, like Gecko) Chrome/49.0.2623.75 Safari/537.36"
138.197.111.176 - - [22/Oct/2017:00:07:32 -0700] "GET /css/bootstrap.min.css HTTP/1.1" 200 63993 "-" "Mozilla/5.0 (Macintosh; Intel Mac OS X 10_10_5) AppleWebKit/537.36 (KHTML, like Gecko) Chrome/58.0.3029.81 Safari/537.36"
138.197.111.176 - - [22/Oct/2017:00:07:34 -0700] "GET / HTTP/1.1" 301 235 "-" "-"
138.197.111.176 - - [22/Oct/2017:00:07:47 -0700] "GET /robots.txt HTTP/1.1" 404 208 "-" "Mozilla/5.0 (Macintosh; Intel Mac OS X 10_9_2) AppleWebKit/537.36 (KHTML, like Gecko) Chrome/34.0.1847.131 Safari/537.36"
216.244.66.233 - - [22/Oct/2017:00:24:55 -0700] "GET /robots.txt HTTP/1.1" 404 208 "-" "Mozilla/5.0 (compatible; DotBot/1.1; http://www.opensiteexplorer.org/dotbot, help@moz.com)"
46.229.164.99 - - [22/Oct/2017:00:40:19 -0700] "GET /robots.txt HTTP/1.1" 404 208 "-" "Mozilla/5.0 (compatible; SemrushBot/1.2~bl; +http://www.semrush.com/bot.html)"
216.244.66.233 - - [22/Oct/2017:01:52:38 -0700] "GET /robots.txt HTTP/1.1" 404 208 "-" "Mozilla/5.0 (compatible; DotBot/1.1; http://www.opensiteexplorer.org/dotbot, help@moz.com)"
157.55.39.226 - - [22/Oct/2017:02:29:33 -0700] "GET / HTTP/1.1" 301 235 "-" "Mozilla/5.0 (compatible; bingbot/2.0; +http://www.bing.com/bingbot.htm)"
216.244.66.233 - - [22/Oct/2017:02:42:59 -0700] "GET /robots.txt HTTP/1.1" 404 208 "-" "Mozilla/5.0 (compatible; DotBot/1.1; http://www.opensiteexplorer.org/dotbot, help@moz.com)"
216.244.66.233 - - [22/Oct/2017:03:40:18 -0700] "GET /robots.txt HTTP/1.1" 404 208 "-" "Mozilla/5.0 (compatible; DotBot/1.1; http://www.opensiteexplorer.org/dotbot, help@moz.com)"
46.229.164.98 - - [22/Oct/2017:04:07:06 -0700] "GET /robots.txt HTTP/1.1" 404 208 "-" "Mozilla/5.0 (compatible; SemrushBot/1.2~bl; +http://www.semrush.com/bot.html)"
216.244.66.233 - - [22/Oct/2017:04:12:04 -0700] "GET /robots.txt HTTP/1.1" 404 208 "-" "Mozilla/5.0 (compatible; DotBot/1.1; http://www.opensiteexplorer.org/dotbot, help@moz.com)"
216.244.66.233 - - [22/Oct/2017:04:12:04 -0700] "GET /robots.txt HTTP/1.1" 404 208 "-" "Mozilla/5.0 (compatible; DotBot/1.1; http://www.opensiteexplorer.org/dotbot, help@moz.com)"
180.76.15.146 - - [22/Oct/2017:04:34:18 -0700] "GET / HTTP/1.1" 200 72657 "-" "Mozilla/5.0 (compatible; Baiduspider/2.0; +http://www.baidu.com/search/spider.html)"
66.249.66.16 - - [22/Oct/2017:04:34:26 -0700] "GET / HTTP/1.1" 200 15892 "-" "Mozilla/5.0 (compatible; Googlebot/2.1; +http://www.google.com/bot.html)"
66.249.66.18 - - [22/Oct/2017:05:50:21 -0700] "GET /img/urban-cowgirl/thumbs/1.jpg HTTP/1.1" 304 - "-" "Googlebot-Image/1.0"
66.249.66.20 - - [22/Oct/2017:05:50:22 -0700] "GET /img/sfnoir/thumbs/8.jpg HTTP/1.1" 200 32404 "-" "Googlebot-Image/1.0"
66.249.66.16 - - [22/Oct/2017:05:50:32 -0700] "GET /img/wu-wei/thumbs/3.jpg HTTP/1.1" 304 - "-" "Googlebot-Image/1.0"
66.249.66.18 - - [22/Oct/2017:06:01:15 -0700] "GET /img/sfnoir/thumbs/3.jpg HTTP/1.1" 304 - "-" "Googlebot-Image/1.0"
216.244.66.233 - - [22/Oct/2017:07:02:58 -0700] "GET /robots.txt HTTP/1.1" 404 208 "-" "Mozilla/5.0 (compatible; DotBot/1.1; http://www.opensiteexplorer.org/dotbot, help@moz.com)"
163.172.4.153 - - [22/Oct/2017:08:18:29 -0700] "GET / HTTP/1.1" 200 15892 "https://www.rndsquared.com/" "Mozilla/5.0 (Windows NT 10.0; Win64; x64) AppleWebKit/537.36 (KHTML, like Gecko) Chrome/52.0.2743.116 Safari/537.36 Edge/15.15063"
66.249.66.129 - - [22/Oct/2017:08:29:35 -0700] "GET /img/mixman/thumbs/1.jpg HTTP/1.1" 200 35516 "-" "Googlebot-Image/1.0"
216.244.66.233 - - [22/Oct/2017:09:41:44 -0700] "GET /robots.txt HTTP/1.1" 404 208 "-" "Mozilla/5.0 (compatible; DotBot/1.1; http://www.opensiteexplorer.org/dotbot, help@moz.com)"
216.244.66.233 - - [22/Oct/2017:10:33:59 -0700] "GET /robots.txt HTTP/1.1" 404 208 "-" "Mozilla/5.0 (compatible; DotBot/1.1; http://www.opensiteexplorer.org/dotbot, help@moz.com)"
66.249.66.159 - - [22/Oct/2017:10:59:26 -0700] "GET /robots.txt HTTP/1.1" 404 208 "-" "Mozilla/5.0 (compatible; Googlebot/2.1; +http://www.google.com/bot.html)"
66.249.66.159 - - [22/Oct/2017:10:59:27 -0700] "GET /img/sfnoir/thumbs/7.jpg HTTP/1.1" 200 33692 "-" "Googlebot-Image/1.0"
5.255.250.42 - - [22/Oct/2017:12:09:39 -0700] "GET /robots.txt HTTP/1.1" 404 208 "-" "Mozilla/5.0 (compatible; YandexBot/3.0; +http://yandex.com/bots)"
5.255.250.42 - - [22/Oct/2017:12:09:43 -0700] "GET / HTTP/1.1" 200 15892 "-" "Mozilla/5.0 (compatible; YandexBot/3.0; +http://yandex.com/bots)"
194.58.115.168 - - [22/Oct/2017:13:21:03 -0700] "GET / HTTP/1.1" 200 15892 "http://rndsquared.com/" "Virusdie crawler/3.0"
194.58.115.168 - - [22/Oct/2017:13:21:05 -0700] "GET /js/modernizr.js HTTP/1.1" 200 5933 "https://www.rndsquared.com/js/modernizr.js" "Virusdie crawler/3.0"
194.58.115.168 - - [22/Oct/2017:13:21:07 -0700] "GET /img/mixman/1.jpg HTTP/1.1" 200 146374 "https://www.rndsquared.com/img/mixman/1.jpg" "Virusdie crawler/3.0"
194.58.115.168 - - [22/Oct/2017:13:21:09 -0700] "GET /img/mixman/2.jpg HTTP/1.1" 200 80932 "https://www.rndsquared.com/img/mixman/2.jpg" "Virusdie crawler/3.0"
194.58.115.168 - - [22/Oct/2017:13:21:12 -0700] "GET /img/mixman/3.jpg HTTP/1.1" 200 114734 "https://www.rndsquared.com/img/mixman/3.jpg" "Virusdie crawler/3.0"
194.58.115.168 - - [22/Oct/2017:13:21:14 -0700] "GET /img/mixman/4.jpg HTTP/1.1" 200 135099 "https://www.rndsquared.com/img/mixman/4.jpg" "Virusdie crawler/3.0"
194.58.115.168 - - [22/Oct/2017:13:21:17 -0700] "GET /img/mixman/5.jpg HTTP/1.1" 200 86490 "https://www.rndsquared.com/img/mixman/5.jpg" "Virusdie crawler/3.0"
194.58.115.168 - - [22/Oct/2017:13:21:19 -0700] "GET /img/mixman/6.jpg HTTP/1.1" 200 105501 "https://www.rndsquared.com/img/mixman/6.jpg" "Virusdie crawler/3.0"
194.58.115.168 - - [22/Oct/2017:13:21:22 -0700] "GET /img/mixman/7.jpg HTTP/1.1" 200 107323 "https://www.rndsquared.com/img/mixman/7.jpg" "Virusdie crawler/3.0"
194.58.115.168 - - [22/Oct/2017:13:21:24 -0700] "GET /img/mixman/8.jpg HTTP/1.1" 200 120259 "https://www.rndsquared.com/img/mixman/8.jpg" "Virusdie crawler/3.0"
194.58.115.168 - - [22/Oct/2017:13:21:27 -0700] "GET /img/mixman/9.jpg HTTP/1.1" 200 141085 "https://www.rndsquared.com/img/mixman/9.jpg" "Virusdie crawler/3.0"
194.58.115.168 - - [22/Oct/2017:13:21:29 -0700] "GET /img/mixman/10.jpg HTTP/1.1" 200 114974 "https://www.rndsquared.com/img/mixman/10.jpg" "Virusdie crawler/3.0"
194.58.115.168 - - [22/Oct/2017:13:21:32 -0700] "GET /js/lightbox.js HTTP/1.1" 200 4210 "https://www.rndsquared.com/js/lightbox.js" "Virusdie crawler/3.0"
194.58.115.168 - - [22/Oct/2017:13:21:34 -0700] "GET /js/scripts.js HTTP/1.1" 200 1227 "https://www.rndsquared.com/js/scripts.js" "Virusdie crawler/3.0"
66.249.66.159 - - [22/Oct/2017:13:29:13 -0700] "GET /img/autumn/thumbs/3.jpg HTTP/1.1" 304 - "-" "Googlebot-Image/1.0"
5.196.87.42 - - [22/Oct/2017:14:02:20 -0700] "GET /robots.txt HTTP/1.1" 404 208 "-" "Mozilla/5.0 (compatible; AhrefsBot/5.2; +http://ahrefs.com/robot/)"
216.244.66.233 - - [22/Oct/2017:14:06:21 -0700] "GET /robots.txt HTTP/1.1" 404 208 "-" "Mozilla/5.0 (compatible; DotBot/1.1; http://www.opensiteexplorer.org/dotbot, help@moz.com)"
77.75.78.164 - - [22/Oct/2017:14:20:52 -0700] "GET /robots.txt HTTP/1.1" 404 208 "-" "Mozilla/5.0 (compatible; SeznamBot/3.2; +http://napoveda.seznam.cz/en/seznambot-intro/)"
77.75.78.164 - - [22/Oct/2017:14:20:54 -0700] "GET /img/mixman/9.jpg HTTP/1.1" 304 - "-" "Mozilla/5.0 (compatible; SeznamBot/3.2; +http://napoveda.seznam.cz/en/seznambot-intro/)"
66.249.66.159 - - [22/Oct/2017:14:33:46 -0700] "GET /img/bs4w/thumbs/2.jpg HTTP/1.1" 200 31891 "-" "Googlebot-Image/1.0"
207.241.231.165 - - [22/Oct/2017:14:56:55 -0700] "GET /robots.txt HTTP/1.0" 404 208 "-" "Mozilla/5.0 (compatible; archive.org_bot +http://www.archive.org/details/archive.org_bot)"
207.241.231.165 - - [22/Oct/2017:14:56:58 -0700] "GET /img/mixman/thumbs/7.jpg HTTP/1.0" 200 29010 "https://www.rndsquared.com/" "Mozilla/5.0 (compatible; archive.org_bot +http://www.archive.org/details/archive.org_bot)"
207.241.229.236 - - [22/Oct/2017:14:57:24 -0700] "GET /robots.txt HTTP/1.0" 404 208 "-" "Mozilla/5.0 (compatible; archive.org_bot +http://www.archive.org/details/archive.org_bot)"
207.241.229.236 - - [22/Oct/2017:14:57:27 -0700] "GET /img/autumn/thumbs/4.jpg HTTP/1.0" 200 20880 "https://www.rndsquared.com/" "Mozilla/5.0 (compatible; archive.org_bot +http://www.archive.org/details/archive.org_bot)"
207.241.229.33 - - [22/Oct/2017:14:57:30 -0700] "GET /robots.txt HTTP/1.0" 404 208 "-" "Mozilla/5.0 (compatible; archive.org_bot +http://www.archive.org/details/archive.org_bot)"
207.241.229.33 - - [22/Oct/2017:14:57:34 -0700] "GET /img/urban-cowgirl/thumbs/1.jpg HTTP/1.0" 200 26624 "https://www.rndsquared.com/" "Mozilla/5.0 (compatible; archive.org_bot +http://www.archive.org/details/archive.org_bot)"
207.241.231.164 - - [22/Oct/2017:14:58:08 -0700] "GET /robots.txt HTTP/1.0" 404 208 "-" "Mozilla/5.0 (compatible; archive.org_bot +http://www.archive.org/details/archive.org_bot)"
207.241.231.164 - - [22/Oct/2017:14:58:11 -0700] "GET /js/modernizr.js HTTP/1.0" 200 14521 "https://www.rndsquared.com/" "Mozilla/5.0 (compatible; archive.org_bot +http://www.archive.org/details/archive.org_bot)"
207.241.231.164 - - [22/Oct/2017:14:58:14 -0700] "GET /img/oncekids-fujimini/thumbs/6.jpg HTTP/1.0" 200 27603 "https://www.rndsquared.com/" "Mozilla/5.0 (compatible; archive.org_bot +http://www.archive.org/details/archive.org_bot)"
207.241.231.164 - - [22/Oct/2017:14:58:51 -0700] "GET /img/mixman/thumbs/13.jpg HTTP/1.0" 200 28845 "https://www.rndsquared.com/" "Mozilla/5.0 (compatible; archive.org_bot +http://www.archive.org/details/archive.org_bot)"
207.241.229.235 - - [22/Oct/2017:14:59:26 -0700] "GET /robots.txt HTTP/1.0" 404 208 "-" "Mozilla/5.0 (compatible; archive.org_bot +http://www.archive.org/details/archive.org_bot)"
207.241.229.235 - - [22/Oct/2017:14:59:29 -0700] "GET /img/sfnoir/thumbs/3.jpg HTTP/1.0" 200 22380 "https://www.rndsquared.com/" "Mozilla/5.0 (compatible; archive.org_bot +http://www.archive.org/details/archive.org_bot)"
207.241.229.30 - - [22/Oct/2017:14:59:40 -0700] "GET /robots.txt HTTP/1.0" 404 208 "-" "Mozilla/5.0 (compatible; archive.org_bot +http://www.archive.org/details/archive.org_bot)"
207.241.229.30 - - [22/Oct/2017:14:59:43 -0700] "GET /img/bs4w/thumbs/2.jpg HTTP/1.0" 200 31891 "https://www.rndsquared.com/" "Mozilla/5.0 (compatible; archive.org_bot +http://www.archive.org/details/archive.org_bot)"
207.241.231.164 - - [22/Oct/2017:15:00:10 -0700] "GET /css/styles.css HTTP/1.0" 200 7906 "https://www.rndsquared.com/" "Mozilla/5.0 (compatible; archive.org_bot +http://www.archive.org/details/archive.org_bot)"
207.241.229.30 - - [22/Oct/2017:15:00:33 -0700] "GET /img/njn/thumbs/7.jpg HTTP/1.0" 200 28520 "https://www.rndsquared.com/" "Mozilla/5.0 (compatible; archive.org_bot +http://www.archive.org/details/archive.org_bot)"
207.241.229.33 - - [22/Oct/2017:15:00:38 -0700] "GET /css/lightbox.css HTTP/1.0" 200 3874 "https://www.rndsquared.com/" "Mozilla/5.0 (compatible; archive.org_bot +http://www.archive.org/details/archive.org_bot)"
207.241.229.31 - - [22/Oct/2017:15:01:05 -0700] "GET /robots.txt HTTP/1.0" 404 208 "-" "Mozilla/5.0 (compatible; archive.org_bot +http://www.archive.org/details/archive.org_bot)"
207.241.229.31 - - [22/Oct/2017:15:01:08 -0700] "GET /img/wu-wei/thumbs/2.jpg HTTP/1.0" 200 21193 "https://www.rndsquared.com/" "Mozilla/5.0 (compatible; archive.org_bot +http://www.archive.org/details/archive.org_bot)"
207.241.229.33 - - [22/Oct/2017:15:01:39 -0700] "GET /img/bs4w/thumbs/5.jpg HTTP/1.0" 200 12034 "https://www.rndsquared.com/" "Mozilla/5.0 (compatible; archive.org_bot +http://www.archive.org/details/archive.org_bot)"
207.241.231.170 - - [22/Oct/2017:15:02:46 -0700] "GET /robots.txt HTTP/1.0" 404 208 "-" "Mozilla/5.0 (compatible; archive.org_bot +http://www.archive.org/details/archive.org_bot)"
207.241.231.170 - - [22/Oct/2017:15:02:49 -0700] "GET /img/wu-wei/thumbs/5.jpg HTTP/1.0" 200 22671 "https://www.rndsquared.com/" "Mozilla/5.0 (compatible; archive.org_bot +http://www.archive.org/details/archive.org_bot)"
207.241.229.32 - - [22/Oct/2017:15:03:31 -0700] "GET /robots.txt HTTP/1.0" 404 208 "-" "Mozilla/5.0 (compatible; archive.org_bot +http://www.archive.org/details/archive.org_bot)"
207.241.229.32 - - [22/Oct/2017:15:03:35 -0700] "GET /js/scripts.js HTTP/1.0" 200 3179 "https://www.rndsquared.com/" "Mozilla/5.0 (compatible; archive.org_bot +http://www.archive.org/details/archive.org_bot)"
207.241.231.164 - - [22/Oct/2017:15:03:54 -0700] "GET /img/njn/thumbs/8.jpg HTTP/1.0" 200 28396 "https://www.rndsquared.com/" "Mozilla/5.0 (compatible; archive.org_bot +http://www.archive.org/details/archive.org_bot)"
207.241.229.30 - - [22/Oct/2017:15:04:13 -0700] "GET /img/autumn/thumbs/3.jpg HTTP/1.0" 200 40589 "https://www.rndsquared.com/" "Mozilla/5.0 (compatible; archive.org_bot +http://www.archive.org/details/archive.org_bot)"
207.241.231.165 - - [22/Oct/2017:15:04:25 -0700] "GET /img/urban-cowgirl/thumbs/6.jpg HTTP/1.0" 200 14645 "https://www.rndsquared.com/" "Mozilla/5.0 (compatible; archive.org_bot +http://www.archive.org/details/archive.org_bot)"
207.241.231.165 - - [22/Oct/2017:15:06:20 -0700] "GET /img/oncekids-fujimini/thumbs/1.jpg HTTP/1.0" 200 36349 "https://www.rndsquared.com/" "Mozilla/5.0 (compatible; archive.org_bot +http://www.archive.org/details/archive.org_bot)"
207.241.229.33 - - [22/Oct/2017:15:06:48 -0700] "GET /img/wu-wei/thumbs/3.jpg HTTP/1.0" 200 22711 "https://www.rndsquared.com/" "Mozilla/5.0 (compatible; archive.org_bot +http://www.archive.org/details/archive.org_bot)"
207.241.229.33 - - [22/Oct/2017:15:07:27 -0700] "GET /img/njn/thumbs/6.jpg HTTP/1.0" 200 32048 "https://www.rndsquared.com/" "Mozilla/5.0 (compatible; archive.org_bot +http://www.archive.org/details/archive.org_bot)"
207.241.231.165 - - [22/Oct/2017:15:07:43 -0700] "GET /css/bootstrap.min.css HTTP/1.0" 200 63993 "https://www.rndsquared.com/" "Mozilla/5.0 (compatible; archive.org_bot +http://www.archive.org/details/archive.org_bot)"
207.241.229.33 - - [22/Oct/2017:15:08:05 -0700] "GET /img/bs4w/thumbs/3.jpg HTTP/1.0" 200 21431 "https://www.rndsquared.com/" "Mozilla/5.0 (compatible; archive.org_bot +http://www.archive.org/details/archive.org_bot)"
207.241.229.235 - - [22/Oct/2017:15:08:36 -0700] "GET /img/sfnoir/thumbs/2.jpg HTTP/1.0" 200 23061 "https://www.rndsquared.com/" "Mozilla/5.0 (compatible; archive.org_bot +http://www.archive.org/details/archive.org_bot)"
207.241.231.165 - - [22/Oct/2017:15:09:48 -0700] "GET /img/oncekids-fujimini/thumbs/7.jpg HTTP/1.0" 200 39450 "https://www.rndsquared.com/" "Mozilla/5.0 (compatible; archive.org_bot +http://www.archive.org/details/archive.org_bot)"
207.241.231.165 - - [22/Oct/2017:15:10:20 -0700] "GET /img/autumn/thumbs/5.jpg HTTP/1.0" 200 29246 "https://www.rndsquared.com/" "Mozilla/5.0 (compatible; archive.org_bot +http://www.archive.org/details/archive.org_bot)"
207.241.229.31 - - [22/Oct/2017:15:11:06 -0700] "GET /img/mixman/thumbs/6.jpg HTTP/1.0" 200 29592 "https://www.rndsquared.com/" "Mozilla/5.0 (compatible; archive.org_bot +http://www.archive.org/details/archive.org_bot)"
207.241.229.32 - - [22/Oct/2017:15:12:09 -0700] "GET /favicon.ico HTTP/1.0" 404 209 "https://www.rndsquared.com/" "Mozilla/5.0 (compatible; archive.org_bot +http://www.archive.org/details/archive.org_bot)"
207.241.229.32 - - [22/Oct/2017:15:12:17 -0700] "GET /img/oncekids-fujimini/thumbs/8.jpg HTTP/1.0" 200 23299 "https://www.rndsquared.com/" "Mozilla/5.0 (compatible; archive.org_bot +http://www.archive.org/details/archive.org_bot)"
207.241.229.32 - - [22/Oct/2017:15:13:16 -0700] "GET /img/mixman/thumbs/1.jpg HTTP/1.0" 200 35516 "https://www.rndsquared.com/" "Mozilla/5.0 (compatible; archive.org_bot +http://www.archive.org/details/archive.org_bot)"
207.241.231.165 - - [22/Oct/2017:15:13:31 -0700] "GET /img/mixman/thumbs/9.jpg HTTP/1.0" 200 34012 "https://www.rndsquared.com/" "Mozilla/5.0 (compatible; archive.org_bot +http://www.archive.org/details/archive.org_bot)"
207.241.229.236 - - [22/Oct/2017:15:13:50 -0700] "GET /img/autumn/thumbs/2.jpg HTTP/1.0" 200 45196 "https://www.rndsquared.com/" "Mozilla/5.0 (compatible; archive.org_bot +http://www.archive.org/details/archive.org_bot)"
207.241.229.30 - - [22/Oct/2017:15:15:03 -0700] "GET /img/njn/thumbs/1.jpg HTTP/1.0" 200 24676 "https://www.rndsquared.com/" "Mozilla/5.0 (compatible; archive.org_bot +http://www.archive.org/details/archive.org_bot)"
207.241.229.33 - - [22/Oct/2017:15:15:49 -0700] "GET /img/wu-wei/thumbs/4.jpg HTTP/1.0" 200 24258 "https://www.rndsquared.com/" "Mozilla/5.0 (compatible; archive.org_bot +http://www.archive.org/details/archive.org_bot)"
207.241.229.33 - - [22/Oct/2017:15:16:18 -0700] "GET /img/sfnoir/thumbs/5.jpg HTTP/1.0" 200 18532 "https://www.rndsquared.com/" "Mozilla/5.0 (compatible; archive.org_bot +http://www.archive.org/details/archive.org_bot)"
207.241.229.33 - - [22/Oct/2017:15:16:24 -0700] "GET /img/mixman/thumbs/15.jpg HTTP/1.0" 200 31677 "https://www.rndsquared.com/" "Mozilla/5.0 (compatible; archive.org_bot +http://www.archive.org/details/archive.org_bot)"
207.241.229.33 - - [22/Oct/2017:15:17:09 -0700] "GET /img/bs4w/thumbs/4.jpg HTTP/1.0" 200 27608 "https://www.rndsquared.com/" "Mozilla/5.0 (compatible; archive.org_bot +http://www.archive.org/details/archive.org_bot)"
207.241.231.165 - - [22/Oct/2017:15:17:44 -0700] "GET /img/oncekids-fujimini/thumbs/3.jpg HTTP/1.0" 200 39586 "https://www.rndsquared.com/" "Mozilla/5.0 (compatible; archive.org_bot +http://www.archive.org/details/archive.org_bot)"
207.241.229.33 - - [22/Oct/2017:15:18:44 -0700] "GET /img/mixman/thumbs/2.jpg HTTP/1.0" 200 24519 "https://www.rndsquared.com/" "Mozilla/5.0 (compatible; archive.org_bot +http://www.archive.org/details/archive.org_bot)"
207.241.231.164 - - [22/Oct/2017:15:19:15 -0700] "GET /img/autumn/thumbs/1.jpg HTTP/1.0" 200 24768 "https://www.rndsquared.com/" "Mozilla/5.0 (compatible; archive.org_bot +http://www.archive.org/details/archive.org_bot)"
207.241.229.33 - - [22/Oct/2017:15:19:20 -0700] "GET /img/urban-cowgirl/thumbs/4.jpg HTTP/1.0" 200 27112 "https://www.rndsquared.com/" "Mozilla/5.0 (compatible; archive.org_bot +http://www.archive.org/details/archive.org_bot)"
207.241.229.236 - - [22/Oct/2017:15:19:42 -0700] "GET /img/njn/thumbs/2.jpg HTTP/1.0" 200 26672 "https://www.rndsquared.com/" "Mozilla/5.0 (compatible; archive.org_bot +http://www.archive.org/details/archive.org_bot)"
