77.75.76.172 - - [13/Jul/2018:23:02:53 -0700] "GET /robots.txt HTTP/1.1" 404 208 "-" "Mozilla/5.0 (compatible; SeznamBot/3.2; +http://napoveda.seznam.cz/en/seznambot-intro/)"
77.75.76.172 - - [13/Jul/2018:23:03:02 -0700] "GET /img/mixman/thumbs/18.jpg HTTP/1.1" 304 - "-" "Mozilla/5.0 (compatible; SeznamBot/3.2; +http://napoveda.seznam.cz/en/seznambot-intro/)"
46.229.168.72 - - [13/Jul/2018:23:53:06 -0700] "GET /robots.txt HTTP/1.1" 404 208 "-" "Mozilla/5.0 (compatible; SemrushBot/2~bl; +http://www.semrush.com/bot.html)"
46.229.168.78 - - [13/Jul/2018:23:53:13 -0700] "GET / HTTP/1.1" 200 15893 "-" "Mozilla/5.0 (compatible; SemrushBot/2~bl; +http://www.semrush.com/bot.html)"
178.137.160.220 - - [14/Jul/2018:00:47:53 -0700] "GET / HTTP/1.1" 200 72658 "http://03e.info/" "Mozilla/4.0 (compatible; MSIE 6.0; America Online Browser 1.1; rev1.2; Windows NT 5.1; SV1; .NET CLR 1.1.4322)"
178.137.160.220 - - [14/Jul/2018:00:47:56 -0700] "GET / HTTP/1.1" 200 72658 "http://03e.info/" "Mozilla/4.0 (compatible; MSIE 6.0; America Online Browser 1.1; rev1.2; Windows NT 5.1; SV1; .NET CLR 1.1.4322)"
178.137.160.220 - - [14/Jul/2018:00:47:57 -0700] "GET / HTTP/1.1" 200 72658 "http://03e.info/" "Mozilla/4.0 (compatible; MSIE 6.0; America Online Browser 1.1; rev1.2; Windows NT 5.1; SV1; .NET CLR 1.1.4322)"
84.111.37.207 - - [14/Jul/2018:01:05:30 -0700] "GET / HTTP/1.1" 200 15893 "-" "null"
199.58.86.211 - - [14/Jul/2018:01:16:36 -0700] "GET /robots.txt HTTP/1.1" 404 208 "-" "Mozilla/5.0 (compatible; MJ12bot/v1.4.8; http://mj12bot.com/)"
77.75.78.161 - - [14/Jul/2018:01:16:38 -0700] "GET /robots.txt HTTP/1.1" 404 208 "-" "Mozilla/5.0 (compatible; SeznamBot/3.2; +http://napoveda.seznam.cz/en/seznambot-intro/)"
199.58.86.211 - - [14/Jul/2018:01:16:41 -0700] "GET / HTTP/1.1" 200 72658 "-" "Mozilla/5.0 (compatible; MJ12bot/v1.4.8; http://mj12bot.com/)"
77.75.78.161 - - [14/Jul/2018:01:16:42 -0700] "GET /img/wu-wei/5.jpg HTTP/1.1" 304 - "-" "Mozilla/5.0 (compatible; SeznamBot/3.2; +http://napoveda.seznam.cz/en/seznambot-intro/)"
66.249.79.108 - - [14/Jul/2018:03:57:39 -0700] "GET /robots.txt HTTP/1.1" 404 208 "-" "Mozilla/5.0 (compatible; Googlebot/2.1; +http://www.google.com/bot.html)"
66.249.79.108 - - [14/Jul/2018:03:57:39 -0700] "GET / HTTP/1.1" 200 15893 "-" "Mozilla/5.0 (Linux; Android 6.0.1; Nexus 5X Build/MMB29P) AppleWebKit/537.36 (KHTML, like Gecko) Chrome/41.0.2272.96 Mobile Safari/537.36 (compatible; Googlebot/2.1; +http://www.google.com/bot.html)"
188.93.56.216 - - [14/Jul/2018:04:03:07 -0700] "GET / HTTP/1.1" 200 15893 "-" "Mozilla/5.0 (X11; Linux x86_64; rv:18.0) Gecko/20100101 Firefox/18.0"
188.93.56.216 - - [14/Jul/2018:04:03:07 -0700] "GET /favicon.ico HTTP/1.1" 404 209 "-" "Mozilla/5.0 (X11; Linux x86_64; rv:18.0) Gecko/20100101 Firefox/18.0"
188.93.56.216 - - [14/Jul/2018:04:03:08 -0700] "GET /favicon.png HTTP/1.1" 404 209 "-" "Mozilla/5.0 (X11; Linux x86_64; rv:18.0) Gecko/20100101 Firefox/18.0"
73.71.74.9 - - [14/Jul/2018:04:07:35 -0700] "GET / HTTP/1.1" 200 15893 "-" "Mozilla/5.0 (Macintosh; Intel Mac OS X 10_12_5) AppleWebKit/603.2.4 (KHTML, like Gecko)"
73.71.74.9 - - [14/Jul/2018:04:07:35 -0700] "GET /apple-touch-icon-precomposed.png HTTP/1.1" 404 230 "-" "Safari/12603.2.4 CFNetwork/811.5.4 Darwin/16.6.0 (x86_64)"
73.71.74.9 - - [14/Jul/2018:04:07:35 -0700] "GET /apple-touch-icon.png HTTP/1.1" 404 218 "-" "Safari/12603.2.4 CFNetwork/811.5.4 Darwin/16.6.0 (x86_64)"
73.71.74.9 - - [14/Jul/2018:04:07:35 -0700] "GET /favicon.ico HTTP/1.1" 404 209 "-" "Safari/12603.2.4 CFNetwork/811.5.4 Darwin/16.6.0 (x86_64)"
73.71.74.9 - - [14/Jul/2018:04:07:35 -0700] "GET /apple-touch-icon-precomposed.png HTTP/1.1" 404 230 "-" "Safari/12603.2.4 CFNetwork/811.5.4 Darwin/16.6.0 (x86_64)"
73.71.74.9 - - [14/Jul/2018:04:07:35 -0700] "GET /apple-touch-icon.png HTTP/1.1" 404 218 "-" "Safari/12603.2.4 CFNetwork/811.5.4 Darwin/16.6.0 (x86_64)"
73.71.74.9 - - [14/Jul/2018:04:07:35 -0700] "GET /favicon.ico HTTP/1.1" 404 209 "-" "Safari/12603.2.4 CFNetwork/811.5.4 Darwin/16.6.0 (x86_64)"
73.71.74.9 - - [14/Jul/2018:04:07:35 -0700] "GET / HTTP/1.1" 200 15893 "-" "Mozilla/5.0 (iPhone; CPU iPhone OS 10_0 like Mac OS X) AppleWebKit/602.1.38 (KHTML, like Gecko) Version/10.0 Mobile/14A300 Safari/602.1"
73.71.74.9 - - [14/Jul/2018:04:07:35 -0700] "GET /apple-touch-icon-precomposed.png HTTP/1.1" 404 230 "-" "Safari/12603.2.4 CFNetwork/811.5.4 Darwin/16.6.0 (x86_64)"
73.71.74.9 - - [14/Jul/2018:04:07:35 -0700] "GET /apple-touch-icon.png HTTP/1.1" 404 218 "-" "Safari/12603.2.4 CFNetwork/811.5.4 Darwin/16.6.0 (x86_64)"
73.71.74.9 - - [14/Jul/2018:04:07:35 -0700] "GET /favicon.ico HTTP/1.1" 404 209 "-" "Safari/12603.2.4 CFNetwork/811.5.4 Darwin/16.6.0 (x86_64)"
73.71.74.9 - - [14/Jul/2018:04:07:35 -0700] "GET /apple-touch-icon-precomposed.png HTTP/1.1" 404 230 "-" "Safari/12603.2.4 CFNetwork/811.5.4 Darwin/16.6.0 (x86_64)"
73.71.74.9 - - [14/Jul/2018:04:07:35 -0700] "GET /apple-touch-icon.png HTTP/1.1" 404 218 "-" "Safari/12603.2.4 CFNetwork/811.5.4 Darwin/16.6.0 (x86_64)"
73.71.74.9 - - [14/Jul/2018:04:07:35 -0700] "GET /favicon.ico HTTP/1.1" 404 209 "-" "Safari/12603.2.4 CFNetwork/811.5.4 Darwin/16.6.0 (x86_64)"
46.119.125.180 - - [14/Jul/2018:04:44:56 -0700] "GET / HTTP/1.1" 200 72658 "https://dawlenie.com/" "Mozilla/4.76 [en] (Windows NT 5.0; U)"
46.119.125.180 - - [14/Jul/2018:04:44:59 -0700] "GET / HTTP/1.1" 200 72658 "https://dawlenie.com/" "Mozilla/4.76 [en] (Windows NT 5.0; U)"
158.69.225.35 - - [14/Jul/2018:05:38:49 -0700] "GET / HTTP/1.1" 200 72658 "-" "Mozilla/5.0 (compatible; Dataprovider.com;)"
158.69.225.35 - - [14/Jul/2018:05:38:52 -0700] "GET /robots.txt HTTP/1.1" 404 208 "-" "Mozilla/5.0 (compatible; Dataprovider.com;)"
158.69.225.35 - - [14/Jul/2018:05:38:53 -0700] "GET /sitemap.xml HTTP/1.1" 404 209 "-" "Mozilla/5.0 (compatible; Dataprovider.com;)"
158.69.225.35 - - [14/Jul/2018:05:38:53 -0700] "GET / HTTP/1.1" 200 72658 "-" "Mozilla/5.0 (compatible; Dataprovider.com;)"
158.69.225.35 - - [14/Jul/2018:05:38:55 -0700] "GET /ads.txt HTTP/1.1" 404 205 "-" "Mozilla/5.0 (compatible; Dataprovider.com;)"
158.69.225.35 - - [14/Jul/2018:05:38:55 -0700] "GET / HTTP/1.1" 200 72658 "-" "Mozilla/5.0 (Linux; Android 5.1.1; SM-G925F Build/LMY47X) AppleWebKit/537.36 (KHTML, like Gecko) Chrome/45.0.2454.94 Mobile Safari/537.36"
66.249.79.110 - - [14/Jul/2018:05:39:07 -0700] "GET / HTTP/1.1" 200 15893 "-" "Mozilla/5.0 (Linux; Android 6.0.1; Nexus 5X Build/MMB29P) AppleWebKit/537.36 (KHTML, like Gecko) Chrome/41.0.2272.96 Mobile Safari/537.36 (compatible; Googlebot/2.1; +http://www.google.com/bot.html)"
66.249.79.110 - - [14/Jul/2018:05:39:11 -0700] "GET /css/styles.css HTTP/1.1" 200 1975 "http://rndsquared.com/" "Mozilla/5.0 (Linux; Android 6.0.1; Nexus 5X Build/MMB29P) AppleWebKit/537.36 (KHTML, like Gecko) Chrome/41.0.2272.96 Mobile Safari/537.36 (compatible; Googlebot/2.1; +http://www.google.com/bot.html)"
37.229.254.170 - - [14/Jul/2018:05:49:05 -0700] "GET / HTTP/1.1" 200 72658 "https://infektsii.com/" "Mozilla/4.0 (compatible; MSIE 6.0; AOL 9.0; Windows NT 5.1)"
123.57.254.142 - - [14/Jul/2018:08:15:21 -0700] "POST /xmlrpc.php HTTP/1.1" 404 208 "-" "Mozilla/5.0 (Macintosh; U; Intel Mac OS X 10.6; fr; rv:1.9.2.8) Gecko/20100722 Firefox/3.6.8"
123.57.254.142 - - [14/Jul/2018:08:15:22 -0700] "POST /blog/xmlrpc.php HTTP/1.1" 404 213 "-" "Mozilla/5.0 (Macintosh; U; Intel Mac OS X 10.6; fr; rv:1.9.2.8) Gecko/20100722 Firefox/3.6.8"
178.137.160.220 - - [14/Jul/2018:08:30:23 -0700] "GET / HTTP/1.1" 200 72658 "http://xn-----6kcamwewcd9bayelq.xn--p1ai/" "Mozilla/4.0 (compatible; MSIE 5.5; Windows 95; BCD2000)"
178.137.160.220 - - [14/Jul/2018:08:30:25 -0700] "GET / HTTP/1.1" 200 72658 "http://xn-----6kcamwewcd9bayelq.xn--p1ai/" "Mozilla/4.0 (compatible; MSIE 5.5; Windows 95; BCD2000)"
66.249.79.108 - - [14/Jul/2018:09:23:17 -0700] "GET / HTTP/1.1" 200 15893 "-" "Mozilla/5.0 (Linux; Android 6.0.1; Nexus 5X Build/MMB29P) AppleWebKit/537.36 (KHTML, like Gecko) Chrome/41.0.2272.96 Mobile Safari/537.36 (compatible; Googlebot/2.1; +http://www.google.com/bot.html)"
66.249.79.108 - - [14/Jul/2018:09:23:21 -0700] "GET /js/modernizr.js HTTP/1.1" 200 5933 "http://rndsquared.com/" "Mozilla/5.0 (Linux; Android 6.0.1; Nexus 5X Build/MMB29P) AppleWebKit/537.36 (KHTML, like Gecko) Chrome/41.0.2272.96 Mobile Safari/537.36 (compatible; Googlebot/2.1; +http://www.google.com/bot.html)"
119.123.78.116 - - [14/Jul/2018:10:43:21 -0700] "HEAD / HTTP/1.1" 200 - "www.urbancowgirl.com" "Mozilla/5.0 (compatible; MSIE 9.0; Windows NT 6.1; Trident/5.0)"
119.123.78.116 - - [14/Jul/2018:10:43:21 -0700] "GET / HTTP/1.1" 200 72658 "www.urbancowgirl.com" "Mozilla/5.0 (compatible; MSIE 9.0; Windows NT 6.1; Trident/5.0)"
93.158.161.62 - - [14/Jul/2018:10:59:56 -0700] "GET /robots.txt HTTP/1.1" 404 208 "-" "Mozilla/5.0 (compatible; YandexBot/3.0; +http://yandex.com/bots)"
5.255.250.172 - - [14/Jul/2018:10:59:57 -0700] "GET /robots.txt HTTP/1.1" 404 208 "-" "Mozilla/5.0 (compatible; YandexBot/3.0; +http://yandex.com/bots)"
77.88.47.14 - - [14/Jul/2018:11:00:00 -0700] "GET / HTTP/1.1" 200 15893 "-" "Mozilla/5.0 (compatible; YandexBot/3.0; +http://yandex.com/bots)"
93.158.161.62 - - [14/Jul/2018:11:00:00 -0700] "GET / HTTP/1.1" 200 15893 "-" "Mozilla/5.0 (compatible; YandexBot/3.0; +http://yandex.com/bots)"
66.249.79.110 - - [14/Jul/2018:11:25:30 -0700] "GET / HTTP/1.1" 200 15893 "-" "Mozilla/5.0 (Linux; Android 6.0.1; Nexus 5X Build/MMB29P) AppleWebKit/537.36 (KHTML, like Gecko) Chrome/41.0.2272.96 Mobile Safari/537.36 (compatible; Googlebot/2.1; +http://www.google.com/bot.html)"
217.182.74.145 - - [14/Jul/2018:12:45:50 -0700] "GET / HTTP/1.1" 200 15893 "-" "Mozilla/5.0 (Windows NT 10.0; Win64; x64) AppleWebKit/537.36 (KHTML, like Gecko) Chrome/66.0.3359.181 Safari/537.36"
54.36.150.81 - - [14/Jul/2018:12:57:34 -0700] "GET /robots.txt HTTP/1.1" 404 208 "-" "Mozilla/5.0 (compatible; AhrefsBot/5.2; +http://ahrefs.com/robot/)"
54.36.149.21 - - [14/Jul/2018:12:57:35 -0700] "GET /img/sfnoir/1.jpg HTTP/1.1" 200 77798 "-" "Mozilla/5.0 (compatible; AhrefsBot/5.2; +http://ahrefs.com/robot/)"
73.231.164.56 - - [14/Jul/2018:13:25:22 -0700] "GET /favicon.ico HTTP/1.1" 404 209 "-" "Mozilla/5.0 (iPad; CPU OS 11_4 like Mac OS X) AppleWebKit/605.1.15 (KHTML, like Gecko) FxiOS/12.1b10941 Mobile/15F79 Safari/605.1.15"
77.75.78.170 - - [14/Jul/2018:13:31:13 -0700] "GET /robots.txt HTTP/1.1" 404 208 "-" "Mozilla/5.0 (compatible; SeznamBot/3.2; +http://napoveda.seznam.cz/en/seznambot-intro/)"
77.75.78.170 - - [14/Jul/2018:13:31:33 -0700] "GET /img/urban-cowgirl/6.jpg HTTP/1.1" 200 56465 "-" "Mozilla/5.0 (compatible; SeznamBot/3.2; +http://napoveda.seznam.cz/en/seznambot-intro/)"
77.75.78.170 - - [14/Jul/2018:13:31:44 -0700] "GET /img/wu-wei/3.jpg HTTP/1.1" 304 - "-" "Mozilla/5.0 (compatible; SeznamBot/3.2; +http://napoveda.seznam.cz/en/seznambot-intro/)"
178.137.160.220 - - [14/Jul/2018:13:44:05 -0700] "GET / HTTP/1.1" 200 72658 "http://dosugrostov.site/" "Mozilla/4.0 (compatible; MSIE 6.0; Update a; AOL 6.0; Windows 98)"
178.137.160.220 - - [14/Jul/2018:13:44:08 -0700] "GET / HTTP/1.1" 200 72658 "http://dosugrostov.site/" "Mozilla/4.0 (compatible; MSIE 6.0; Update a; AOL 6.0; Windows 98)"
77.75.76.170 - - [14/Jul/2018:13:59:06 -0700] "GET /robots.txt HTTP/1.1" 404 208 "-" "Mozilla/5.0 (compatible; SeznamBot/3.2; +http://napoveda.seznam.cz/en/seznambot-intro/)"
77.75.76.170 - - [14/Jul/2018:13:59:08 -0700] "GET /img/mixman/thumbs/7.jpg HTTP/1.1" 200 29010 "-" "Mozilla/5.0 (compatible; SeznamBot/3.2; +http://napoveda.seznam.cz/en/seznambot-intro/)"
37.229.254.170 - - [14/Jul/2018:14:55:46 -0700] "GET / HTTP/1.1" 200 72658 "https://moinozhki.com/" "Mozilla/4.0 (compatible; MSIE 6.0; MSIE 5.5; Windows NT 5.0) Opera 7.02 Bork-edition [en]"
37.229.254.170 - - [14/Jul/2018:14:55:48 -0700] "GET / HTTP/1.1" 200 72658 "https://moinozhki.com/" "Mozilla/4.0 (compatible; MSIE 6.0; MSIE 5.5; Windows NT 5.0) Opera 7.02 Bork-edition [en]"
73.231.164.56 - - [14/Jul/2018:14:58:16 -0700] "GET /favicon.ico HTTP/1.1" 404 209 "-" "Mozilla/5.0 (iPad; CPU OS 11_4 like Mac OS X) AppleWebKit/605.1.15 (KHTML, like Gecko) FxiOS/12.1b10941 Mobile/15F79 Safari/605.1.15"
66.249.79.108 - - [14/Jul/2018:15:24:04 -0700] "GET / HTTP/1.1" 200 15893 "-" "Mozilla/5.0 (Linux; Android 6.0.1; Nexus 5X Build/MMB29P) AppleWebKit/537.36 (KHTML, like Gecko) Chrome/41.0.2272.96 Mobile Safari/537.36 (compatible; Googlebot/2.1; +http://www.google.com/bot.html)"
66.249.79.108 - - [14/Jul/2018:15:24:08 -0700] "GET /css/bootstrap.min.css HTTP/1.1" 200 11249 "http://rndsquared.com/" "Mozilla/5.0 (Linux; Android 6.0.1; Nexus 5X Build/MMB29P) AppleWebKit/537.36 (KHTML, like Gecko) Chrome/41.0.2272.96 Mobile Safari/537.36 (compatible; Googlebot/2.1; +http://www.google.com/bot.html)"
73.231.164.56 - - [14/Jul/2018:17:56:55 -0700] "GET /favicon.ico HTTP/1.1" 404 209 "-" "Mozilla/5.0 (iPad; CPU OS 11_4 like Mac OS X) AppleWebKit/605.1.15 (KHTML, like Gecko) FxiOS/12.1b10941 Mobile/15F79 Safari/605.1.15"
77.75.78.166 - - [14/Jul/2018:18:00:46 -0700] "GET /robots.txt HTTP/1.1" 404 208 "-" "Mozilla/5.0 (compatible; SeznamBot/3.2; +http://napoveda.seznam.cz/en/seznambot-intro/)"
77.75.78.166 - - [14/Jul/2018:18:00:49 -0700] "GET /img/sfnoir/thumbs/1.jpg HTTP/1.1" 304 - "-" "Mozilla/5.0 (compatible; SeznamBot/3.2; +http://napoveda.seznam.cz/en/seznambot-intro/)"
66.249.79.110 - - [14/Jul/2018:18:17:58 -0700] "GET /robots.txt HTTP/1.1" 404 208 "-" "Mozilla/5.0 (compatible; Googlebot/2.1; +http://www.google.com/bot.html)"
66.249.79.108 - - [14/Jul/2018:18:17:58 -0700] "GET / HTTP/1.1" 200 15893 "-" "Mozilla/5.0 (Linux; Android 6.0.1; Nexus 5X Build/MMB29P) AppleWebKit/537.36 (KHTML, like Gecko) Chrome/41.0.2272.96 Mobile Safari/537.36 (compatible; Googlebot/2.1; +http://www.google.com/bot.html)"
178.159.37.70 - - [14/Jul/2018:18:40:42 -0700] "GET / HTTP/1.1" 200 72658 "http://xn----ctbigni3aj4h.xn--p1ai/" "Mozilla/4.0 (compatible; MSIE 6.0; Windows NT 5.1; ru) Opera 8.50"
178.159.37.70 - - [14/Jul/2018:18:40:43 -0700] "GET / HTTP/1.1" 200 72658 "http://xn----ctbigni3aj4h.xn--p1ai/" "Mozilla/4.0 (compatible; MSIE 6.0; Windows NT 5.1; ru) Opera 8.50"
178.159.37.70 - - [14/Jul/2018:18:40:43 -0700] "GET / HTTP/1.1" 200 72658 "http://xn----ctbigni3aj4h.xn--p1ai/" "Mozilla/4.0 (compatible; MSIE 6.0; Windows NT 5.1; ru) Opera 8.50"
119.123.78.116 - - [14/Jul/2018:19:33:29 -0700] "HEAD / HTTP/1.1" 200 - "www.urbancowgirl.com" "Mozilla/5.0 (compatible; MSIE 9.0; Windows NT 6.1; Trident/5.0)"
119.123.78.116 - - [14/Jul/2018:19:33:30 -0700] "GET / HTTP/1.1" 200 72658 "www.urbancowgirl.com" "Mozilla/5.0 (compatible; MSIE 9.0; Windows NT 6.1; Trident/5.0)"
46.119.125.180 - - [14/Jul/2018:19:41:37 -0700] "GET / HTTP/1.1" 200 72658 "http://modnie-futbolki.net/" "Mozilla/4.0 (compatible; MSIE 5.0; Windows 2000) Opera 6.0 [en]"
46.119.125.180 - - [14/Jul/2018:19:41:42 -0700] "GET / HTTP/1.1" 200 72658 "http://modnie-futbolki.net/" "Mozilla/4.0 (compatible; MSIE 5.0; Windows 2000) Opera 6.0 [en]"
46.119.125.180 - - [14/Jul/2018:19:41:44 -0700] "GET / HTTP/1.1" 200 72658 "http://modnie-futbolki.net/" "Mozilla/4.0 (compatible; MSIE 5.0; Windows 2000) Opera 6.0 [en]"
54.36.148.224 - - [14/Jul/2018:19:43:25 -0700] "GET /img/urban-cowgirl/6.jpg HTTP/1.1" 200 56465 "-" "Mozilla/5.0 (compatible; AhrefsBot/5.2; +http://ahrefs.com/robot/)"
178.137.16.67 - - [14/Jul/2018:20:13:18 -0700] "GET / HTTP/1.1" 200 72658 "http://xn--d1abj0abs9d.in.ua/" "Mozilla/1.22 (compatible; MSIE 2.0; Windows 95)"
178.137.16.67 - - [14/Jul/2018:20:13:21 -0700] "GET / HTTP/1.1" 200 72658 "http://xn--d1abj0abs9d.in.ua/" "Mozilla/1.22 (compatible; MSIE 2.0; Windows 95)"
178.137.16.67 - - [14/Jul/2018:20:13:22 -0700] "GET / HTTP/1.1" 200 72658 "http://xn--d1abj0abs9d.in.ua/" "Mozilla/1.22 (compatible; MSIE 2.0; Windows 95)"
77.75.78.161 - - [14/Jul/2018:20:14:34 -0700] "GET /robots.txt HTTP/1.1" 404 208 "-" "Mozilla/5.0 (compatible; SeznamBot/3.2; +http://napoveda.seznam.cz/en/seznambot-intro/)"
77.75.78.161 - - [14/Jul/2018:20:14:37 -0700] "GET /img/bs4w/thumbs/3.jpg HTTP/1.1" 304 - "-" "Mozilla/5.0 (compatible; SeznamBot/3.2; +http://napoveda.seznam.cz/en/seznambot-intro/)"
66.249.79.110 - - [14/Jul/2018:20:48:30 -0700] "GET / HTTP/1.1" 200 15893 "-" "Mozilla/5.0 (Linux; Android 6.0.1; Nexus 5X Build/MMB29P) AppleWebKit/537.36 (KHTML, like Gecko) Chrome/41.0.2272.96 Mobile Safari/537.36 (compatible; Googlebot/2.1; +http://www.google.com/bot.html)"
66.249.79.110 - - [14/Jul/2018:20:48:33 -0700] "GET /css/styles.css HTTP/1.1" 200 1975 "http://rndsquared.com/" "Mozilla/5.0 (Linux; Android 6.0.1; Nexus 5X Build/MMB29P) AppleWebKit/537.36 (KHTML, like Gecko) Chrome/41.0.2272.96 Mobile Safari/537.36 (compatible; Googlebot/2.1; +http://www.google.com/bot.html)"
178.137.16.67 - - [14/Jul/2018:21:19:07 -0700] "GET / HTTP/1.1" 200 72658 "https://russian-postindex.ru/" "Mozilla/4.0 (compatible; MSIE 6.0; Windows NT 5.1; SV1; .NET CLR 1.1.4322) Babya Discoverer  8.0:"
178.137.16.67 - - [14/Jul/2018:21:19:12 -0700] "GET / HTTP/1.1" 200 72658 "https://russian-postindex.ru/" "Mozilla/4.0 (compatible; MSIE 6.0; Windows NT 5.1; SV1; .NET CLR 1.1.4322) Babya Discoverer  8.0:"
73.231.164.56 - - [14/Jul/2018:22:04:57 -0700] "GET /favicon.ico HTTP/1.1" 404 209 "-" "Mozilla/5.0 (iPad; CPU OS 11_4 like Mac OS X) AppleWebKit/605.1.15 (KHTML, like Gecko) FxiOS/12.1b10941 Mobile/15F79 Safari/605.1.15"
77.75.76.161 - - [14/Jul/2018:22:07:03 -0700] "GET /robots.txt HTTP/1.1" 404 208 "-" "Mozilla/5.0 (compatible; SeznamBot/3.2; +http://napoveda.seznam.cz/en/seznambot-intro/)"
77.75.76.161 - - [14/Jul/2018:22:07:08 -0700] "GET /img/urban-cowgirl/thumbs/3.jpg HTTP/1.1" 304 - "-" "Mozilla/5.0 (compatible; SeznamBot/3.2; +http://napoveda.seznam.cz/en/seznambot-intro/)"
37.229.254.233 - - [14/Jul/2018:22:24:13 -0700] "GET / HTTP/1.1" 200 72658 "http://technika-remont.ru/" "Mozilla/4.0 (compatible; MSIE 6.0; Windows NT 5.2; Win64; x64; SV1; .NET CLR 2.0.50727)"
37.229.254.233 - - [14/Jul/2018:22:24:14 -0700] "GET / HTTP/1.1" 200 72658 "http://technika-remont.ru/" "Mozilla/4.0 (compatible; MSIE 6.0; Windows NT 5.2; Win64; x64; SV1; .NET CLR 2.0.50727)"
37.229.254.233 - - [14/Jul/2018:22:24:15 -0700] "GET / HTTP/1.1" 200 72658 "http://technika-remont.ru/" "Mozilla/4.0 (compatible; MSIE 6.0; Windows NT 5.2; Win64; x64; SV1; .NET CLR 2.0.50727)"
66.249.70.10 - - [15/Jul/2018:00:43:02 -0700] "GET / HTTP/1.1" 200 15893 "-" "Mozilla/5.0 (Linux; Android 6.0.1; Nexus 5X Build/MMB29P) AppleWebKit/537.36 (KHTML, like Gecko) Chrome/41.0.2272.96 Mobile Safari/537.36 (compatible; Googlebot/2.1; +http://www.google.com/bot.html)"
162.210.196.98 - - [15/Jul/2018:00:53:55 -0700] "GET /robots.txt HTTP/1.1" 404 208 "-" "Mozilla/5.0 (compatible; MJ12bot/v1.4.8; http://mj12bot.com/)"
162.210.196.98 - - [15/Jul/2018:00:54:04 -0700] "GET / HTTP/1.1" 200 72658 "-" "Mozilla/5.0 (compatible; MJ12bot/v1.4.8; http://mj12bot.com/)"
178.137.86.234 - - [15/Jul/2018:01:25:32 -0700] "GET / HTTP/1.1" 200 72658 "http://www.tsatu.edu.ua/" "Mozilla/6.0 (compatible; MSIE 7.0a1; Windows NT 5.2; SV1)"
178.137.86.234 - - [15/Jul/2018:01:25:33 -0700] "GET / HTTP/1.1" 200 72658 "http://www.tsatu.edu.ua/" "Mozilla/6.0 (compatible; MSIE 7.0a1; Windows NT 5.2; SV1)"
52.53.201.78 - - [15/Jul/2018:01:34:19 -0700] "GET / HTTP/1.1" 200 15893 "-" "Mozilla/5.0 (Macintosh; Intel Mac OS X 10_12_6) AppleWebKit/537.36 (KHTML, like Gecko) Chrome/61.0.3163.100 Safari/537.36"
46.119.125.180 - - [15/Jul/2018:01:39:40 -0700] "GET / HTTP/1.1" 200 72658 "http://sladkoevideo.com/" "Mozilla/4.0 (compatible; MSIE 6.0; Windows NT 5.1; SV1; .NET CLR 1.1.4322; XMPP Tiscali Communicator v.10.0.2; .NET CLR 2.0.50727)"
46.119.125.180 - - [15/Jul/2018:01:39:49 -0700] "GET / HTTP/1.1" 200 72658 "http://sladkoevideo.com/" "Mozilla/4.0 (compatible; MSIE 6.0; Windows NT 5.1; SV1; .NET CLR 1.1.4322; XMPP Tiscali Communicator v.10.0.2; .NET CLR 2.0.50727)"
46.119.125.180 - - [15/Jul/2018:01:39:53 -0700] "GET / HTTP/1.1" 200 72658 "http://sladkoevideo.com/" "Mozilla/4.0 (compatible; MSIE 6.0; Windows NT 5.1; SV1; .NET CLR 1.1.4322; XMPP Tiscali Communicator v.10.0.2; .NET CLR 2.0.50727)"
66.249.70.14 - - [15/Jul/2018:04:22:12 -0700] "GET / HTTP/1.1" 200 15893 "-" "Mozilla/5.0 (Linux; Android 6.0.1; Nexus 5X Build/MMB29P) AppleWebKit/537.36 (KHTML, like Gecko) Chrome/41.0.2272.96 Mobile Safari/537.36 (compatible; Googlebot/2.1; +http://www.google.com/bot.html)"
66.249.70.12 - - [15/Jul/2018:04:22:25 -0700] "GET /css/lightbox.css HTTP/1.1" 200 1003 "http://rndsquared.com/" "Mozilla/5.0 (Linux; Android 6.0.1; Nexus 5X Build/MMB29P) AppleWebKit/537.36 (KHTML, like Gecko) Chrome/41.0.2272.96 Mobile Safari/537.36 (compatible; Googlebot/2.1; +http://www.google.com/bot.html)"
180.76.15.150 - - [15/Jul/2018:04:22:59 -0700] "GET /robots.txt HTTP/1.1" 404 208 "-" "Mozilla/5.0 (Windows NT 5.1; rv:6.0.2) Gecko/20100101 Firefox/6.0.2"
180.76.15.154 - - [15/Jul/2018:04:23:15 -0700] "GET /robots.txt HTTP/1.1" 404 208 "-" "Mozilla/5.0 (Windows NT 5.1; rv:6.0.2) Gecko/20100101 Firefox/6.0.2"
180.76.15.159 - - [15/Jul/2018:04:23:34 -0700] "GET /js/modernizr.js HTTP/1.1" 200 5933 "-" "Mozilla/5.0 (compatible; Baiduspider/2.0; +http://www.baidu.com/search/spider.html)"
138.197.96.107 - - [15/Jul/2018:05:13:39 -0700] "GET / HTTP/1.1" 200 15893 "-" "Mozilla/5.0 (X11; Datanyze; Linux x86_64) AppleWebKit/537.36 (KHTML, like Gecko) Chrome/65.0.3325.181 Safari/537.36"
138.197.96.107 - - [15/Jul/2018:05:13:40 -0700] "GET /js/modernizr.js HTTP/1.1" 200 5933 "http://rndsquared.com/" "Mozilla/5.0 (X11; Datanyze; Linux x86_64) AppleWebKit/537.36 (KHTML, like Gecko) Chrome/65.0.3325.181 Safari/537.36"
138.197.96.107 - - [15/Jul/2018:05:13:41 -0700] "GET /js/lightbox.js HTTP/1.1" 200 4210 "http://rndsquared.com/" "Mozilla/5.0 (X11; Datanyze; Linux x86_64) AppleWebKit/537.36 (KHTML, like Gecko) Chrome/65.0.3325.181 Safari/537.36"
138.197.96.107 - - [15/Jul/2018:05:13:41 -0700] "GET /js/scripts.js HTTP/1.1" 200 1227 "http://rndsquared.com/" "Mozilla/5.0 (X11; Datanyze; Linux x86_64) AppleWebKit/537.36 (KHTML, like Gecko) Chrome/65.0.3325.181 Safari/537.36"
138.197.96.107 - - [15/Jul/2018:05:14:03 -0700] "GET /robots.txt HTTP/1.1" 404 208 "-" "Mozilla/5.0 (Macintosh; Intel Mac OS X 10_9_3) AppleWebKit/537.36 (KHTML, like Gecko) Chrome/35.0.1916.114 Safari/537.36"
66.249.70.10 - - [15/Jul/2018:05:48:39 -0700] "GET / HTTP/1.1" 200 15893 "-" "Mozilla/5.0 (Linux; Android 6.0.1; Nexus 5X Build/MMB29P) AppleWebKit/537.36 (KHTML, like Gecko) Chrome/41.0.2272.96 Mobile Safari/537.36 (compatible; Googlebot/2.1; +http://www.google.com/bot.html)"
66.249.70.12 - - [15/Jul/2018:05:48:42 -0700] "GET /css/bootstrap.min.css HTTP/1.1" 200 11249 "http://rndsquared.com/" "Mozilla/5.0 (Linux; Android 6.0.1; Nexus 5X Build/MMB29P) AppleWebKit/537.36 (KHTML, like Gecko) Chrome/41.0.2272.96 Mobile Safari/537.36 (compatible; Googlebot/2.1; +http://www.google.com/bot.html)"
77.75.79.36 - - [15/Jul/2018:06:14:34 -0700] "GET /robots.txt HTTP/1.1" 404 208 "-" "Mozilla/5.0 (compatible; SeznamBot/3.2; +http://napoveda.seznam.cz/en/seznambot-intro/)"
77.75.79.36 - - [15/Jul/2018:06:15:13 -0700] "GET /img/bs4w/thumbs/2.jpg HTTP/1.1" 304 - "-" "Mozilla/5.0 (compatible; SeznamBot/3.2; +http://napoveda.seznam.cz/en/seznambot-intro/)"
180.76.15.19 - - [15/Jul/2018:06:57:00 -0700] "GET / HTTP/1.1" 200 15893 "-" "Mozilla/5.0 (compatible; Baiduspider/2.0; +http://www.baidu.com/search/spider.html)"
54.36.148.175 - - [15/Jul/2018:06:59:41 -0700] "GET /img/oncekids-fujimini/1.jpg HTTP/1.1" 200 109257 "-" "Mozilla/5.0 (compatible; AhrefsBot/5.2; +http://ahrefs.com/robot/)"
66.249.70.10 - - [15/Jul/2018:07:09:56 -0700] "GET /robots.txt HTTP/1.1" 404 208 "-" "Mozilla/5.0 (compatible; Googlebot/2.1; +http://www.google.com/bot.html)"
66.249.70.12 - - [15/Jul/2018:07:09:56 -0700] "GET / HTTP/1.1" 200 15893 "-" "Mozilla/5.0 (Linux; Android 6.0.1; Nexus 5X Build/MMB29P) AppleWebKit/537.36 (KHTML, like Gecko) Chrome/41.0.2272.96 Mobile Safari/537.36 (compatible; Googlebot/2.1; +http://www.google.com/bot.html)"
66.249.70.10 - - [15/Jul/2018:07:10:00 -0700] "GET /css/lightbox.css HTTP/1.1" 200 1003 "http://rndsquared.com/" "Mozilla/5.0 (Linux; Android 6.0.1; Nexus 5X Build/MMB29P) AppleWebKit/537.36 (KHTML, like Gecko) Chrome/41.0.2272.96 Mobile Safari/537.36 (compatible; Googlebot/2.1; +http://www.google.com/bot.html)"
73.231.164.56 - - [15/Jul/2018:07:50:50 -0700] "GET /favicon.ico HTTP/1.1" 404 209 "-" "Mozilla/5.0 (iPad; CPU OS 11_4 like Mac OS X) AppleWebKit/605.1.15 (KHTML, like Gecko) FxiOS/12.1b10941 Mobile/15F79 Safari/605.1.15"
77.75.76.160 - - [15/Jul/2018:08:07:43 -0700] "GET /robots.txt HTTP/1.1" 404 208 "-" "Mozilla/5.0 (compatible; SeznamBot/3.2; +http://napoveda.seznam.cz/en/seznambot-intro/)"
77.75.76.160 - - [15/Jul/2018:08:07:45 -0700] "GET /img/mixman/thumbs/13.jpg HTTP/1.1" 304 - "-" "Mozilla/5.0 (compatible; SeznamBot/3.2; +http://napoveda.seznam.cz/en/seznambot-intro/)"
66.249.70.14 - - [15/Jul/2018:08:21:33 -0700] "GET / HTTP/1.1" 200 15893 "-" "Mozilla/5.0 (Linux; Android 6.0.1; Nexus 5X Build/MMB29P) AppleWebKit/537.36 (KHTML, like Gecko) Chrome/41.0.2272.96 Mobile Safari/537.36 (compatible; Googlebot/2.1; +http://www.google.com/bot.html)"
178.137.160.220 - - [15/Jul/2018:08:40:18 -0700] "GET / HTTP/1.1" 200 72658 "http://porno-chaman.info/" "Mozilla/2.0 (compatible; MSIE 3.02; Windows CE; 240x320)"
178.137.160.220 - - [15/Jul/2018:08:40:21 -0700] "GET / HTTP/1.1" 200 72658 "http://porno-chaman.info/" "Mozilla/2.0 (compatible; MSIE 3.02; Windows CE; 240x320)"
77.75.76.160 - - [15/Jul/2018:08:42:03 -0700] "GET /robots.txt HTTP/1.1" 404 208 "-" "Mozilla/5.0 (compatible; SeznamBot/3.2; +http://napoveda.seznam.cz/en/seznambot-intro/)"
77.75.76.160 - - [15/Jul/2018:08:42:14 -0700] "GET /img/mixman/thumbs/13.jpg HTTP/1.1" 304 - "-" "Mozilla/5.0 (compatible; SeznamBot/3.2; +http://napoveda.seznam.cz/en/seznambot-intro/)"
46.229.168.70 - - [15/Jul/2018:09:25:29 -0700] "GET /robots.txt HTTP/1.1" 404 208 "-" "Mozilla/5.0 (compatible; SemrushBot/2~bl; +http://www.semrush.com/bot.html)"
46.229.168.76 - - [15/Jul/2018:09:25:37 -0700] "GET / HTTP/1.1" 200 15893 "-" "Mozilla/5.0 (compatible; SemrushBot/2~bl; +http://www.semrush.com/bot.html)"
220.181.108.171 - - [15/Jul/2018:09:43:10 -0700] "GET / HTTP/1.1" 200 15893 "-" "Mozilla/5.0 (compatible; Baiduspider/2.0; +http://www.baidu.com/search/spider.html)"
194.58.111.58 - - [15/Jul/2018:10:45:23 -0700] "GET / HTTP/1.1" 200 15893 "-" "Virusdie crawler/3.0"
194.58.111.58 - - [15/Jul/2018:10:45:31 -0700] "GET /js/modernizr.js HTTP/1.1" 200 5933 "http://rndsquared.com/js/modernizr.js" "Virusdie crawler/3.0"
194.58.111.58 - - [15/Jul/2018:10:45:34 -0700] "GET /img/mixman/1.jpg HTTP/1.1" 200 146374 "http://rndsquared.com/img/mixman/1.jpg" "Virusdie crawler/3.0"
194.58.111.58 - - [15/Jul/2018:10:45:36 -0700] "GET /img/mixman/2.jpg HTTP/1.1" 200 80932 "http://rndsquared.com/img/mixman/2.jpg" "Virusdie crawler/3.0"
194.58.111.58 - - [15/Jul/2018:10:45:37 -0700] "GET /img/mixman/3.jpg HTTP/1.1" 200 114734 "http://rndsquared.com/img/mixman/3.jpg" "Virusdie crawler/3.0"
194.58.111.58 - - [15/Jul/2018:10:45:39 -0700] "GET /img/mixman/4.jpg HTTP/1.1" 200 135099 "http://rndsquared.com/img/mixman/4.jpg" "Virusdie crawler/3.0"
194.58.111.58 - - [15/Jul/2018:10:45:41 -0700] "GET /img/mixman/5.jpg HTTP/1.1" 200 86490 "http://rndsquared.com/img/mixman/5.jpg" "Virusdie crawler/3.0"
194.58.111.58 - - [15/Jul/2018:10:45:42 -0700] "GET /img/mixman/6.jpg HTTP/1.1" 200 105501 "http://rndsquared.com/img/mixman/6.jpg" "Virusdie crawler/3.0"
194.58.111.58 - - [15/Jul/2018:10:45:44 -0700] "GET /img/mixman/7.jpg HTTP/1.1" 200 107323 "http://rndsquared.com/img/mixman/7.jpg" "Virusdie crawler/3.0"
194.58.111.58 - - [15/Jul/2018:10:45:46 -0700] "GET /img/mixman/8.jpg HTTP/1.1" 200 120259 "http://rndsquared.com/img/mixman/8.jpg" "Virusdie crawler/3.0"
194.58.111.58 - - [15/Jul/2018:10:45:48 -0700] "GET /img/mixman/9.jpg HTTP/1.1" 200 141085 "http://rndsquared.com/img/mixman/9.jpg" "Virusdie crawler/3.0"
194.58.111.58 - - [15/Jul/2018:10:45:51 -0700] "GET /img/mixman/10.jpg HTTP/1.1" 200 114974 "http://rndsquared.com/img/mixman/10.jpg" "Virusdie crawler/3.0"
194.58.111.58 - - [15/Jul/2018:10:45:53 -0700] "GET /js/lightbox.js HTTP/1.1" 200 4210 "http://rndsquared.com/js/lightbox.js" "Virusdie crawler/3.0"
194.58.111.58 - - [15/Jul/2018:10:45:55 -0700] "GET /js/scripts.js HTTP/1.1" 200 1227 "http://rndsquared.com/js/scripts.js" "Virusdie crawler/3.0"
77.75.78.167 - - [15/Jul/2018:10:48:01 -0700] "GET /robots.txt HTTP/1.1" 404 208 "-" "Mozilla/5.0 (compatible; SeznamBot/3.2; +http://napoveda.seznam.cz/en/seznambot-intro/)"
77.75.78.167 - - [15/Jul/2018:10:48:05 -0700] "GET /img/autumn/1.jpg HTTP/1.1" 304 - "-" "Mozilla/5.0 (compatible; SeznamBot/3.2; +http://napoveda.seznam.cz/en/seznambot-intro/)"
66.249.70.14 - - [15/Jul/2018:10:49:00 -0700] "GET / HTTP/1.1" 200 15893 "-" "Mozilla/5.0 (Linux; Android 6.0.1; Nexus 5X Build/MMB29P) AppleWebKit/537.36 (KHTML, like Gecko) Chrome/41.0.2272.96 Mobile Safari/537.36 (compatible; Googlebot/2.1; +http://www.google.com/bot.html)"
37.229.254.233 - - [15/Jul/2018:11:01:23 -0700] "GET / HTTP/1.1" 200 72658 "https://bpro1.top/" "Mozilla/4.0 (compatible; MSIE 6.0; Windows NT 5.1; SV1; .NET CLR 1.1.4322) Babya Discoverer  8.0:"
37.229.254.233 - - [15/Jul/2018:11:01:24 -0700] "GET / HTTP/1.1" 200 72658 "https://bpro1.top/" "Mozilla/4.0 (compatible; MSIE 6.0; Windows NT 5.1; SV1; .NET CLR 1.1.4322) Babya Discoverer  8.0:"
37.229.254.233 - - [15/Jul/2018:11:01:25 -0700] "GET / HTTP/1.1" 200 72658 "https://bpro1.top/" "Mozilla/4.0 (compatible; MSIE 6.0; Windows NT 5.1; SV1; .NET CLR 1.1.4322) Babya Discoverer  8.0:"
54.36.150.81 - - [15/Jul/2018:12:58:29 -0700] "GET /robots.txt HTTP/1.1" 404 208 "-" "Mozilla/5.0 (compatible; AhrefsBot/5.2; +http://ahrefs.com/robot/)"
54.36.149.105 - - [15/Jul/2018:12:58:30 -0700] "GET /img/autumn/7.jpg HTTP/1.1" 200 236722 "-" "Mozilla/5.0 (compatible; AhrefsBot/5.2; +http://ahrefs.com/robot/)"
180.76.15.141 - - [15/Jul/2018:13:14:35 -0700] "GET /js/lightbox.js HTTP/1.1" 200 4210 "-" "Mozilla/5.0 (compatible; Baiduspider/2.0; +http://www.baidu.com/search/spider.html)"
157.55.39.6 - - [15/Jul/2018:13:40:15 -0700] "GET /robots.txt HTTP/1.1" 404 208 "-" "Mozilla/5.0 (compatible; bingbot/2.0; +http://www.bing.com/bingbot.htm)"
40.77.167.70 - - [15/Jul/2018:13:40:17 -0700] "GET / HTTP/1.1" 200 15893 "-" "Mozilla/5.0 (compatible; bingbot/2.0; +http://www.bing.com/bingbot.htm)"
178.137.16.67 - - [15/Jul/2018:13:54:11 -0700] "GET / HTTP/1.1" 200 72658 "https://mybuh.kz/" "Mozilla/4.0 (compatible; MSIE 7.0b; Windows NT 6.0 ; .NET CLR 2.0.50215; SL Commerce Client v1.0; Tablet PC 2.0"
178.137.16.67 - - [15/Jul/2018:13:54:12 -0700] "GET / HTTP/1.1" 200 72658 "https://mybuh.kz/" "Mozilla/4.0 (compatible; MSIE 7.0b; Windows NT 6.0 ; .NET CLR 2.0.50215; SL Commerce Client v1.0; Tablet PC 2.0"
178.137.86.234 - - [15/Jul/2018:13:56:41 -0700] "GET / HTTP/1.1" 200 72658 "https://allergija.com/" "Mozilla/4.0 (compatible; MSIE 6.0; Windows NT 5.0; .NET CLR 1.0.3705; .NET CLR 1.1.4322)"
37.229.254.170 - - [15/Jul/2018:14:05:19 -0700] "GET / HTTP/1.1" 200 72658 "http://xn-----6kcamwewcd9bayelq.xn--p1ai/" "Mozilla/4.0 (compatible; MSIE 6.0; Windows NT 5.0; T312461)"
37.229.254.170 - - [15/Jul/2018:14:05:22 -0700] "GET / HTTP/1.1" 200 72658 "http://xn-----6kcamwewcd9bayelq.xn--p1ai/" "Mozilla/4.0 (compatible; MSIE 6.0; Windows NT 5.0; T312461)"
66.249.70.14 - - [15/Jul/2018:14:38:28 -0700] "GET / HTTP/1.1" 200 15893 "-" "Mozilla/5.0 (Linux; Android 6.0.1; Nexus 5X Build/MMB29P) AppleWebKit/537.36 (KHTML, like Gecko) Chrome/41.0.2272.96 Mobile Safari/537.36 (compatible; Googlebot/2.1; +http://www.google.com/bot.html)"
66.249.70.12 - - [15/Jul/2018:14:38:37 -0700] "GET /css/styles.css HTTP/1.1" 200 1975 "http://rndsquared.com/" "Mozilla/5.0 (Linux; Android 6.0.1; Nexus 5X Build/MMB29P) AppleWebKit/537.36 (KHTML, like Gecko) Chrome/41.0.2272.96 Mobile Safari/537.36 (compatible; Googlebot/2.1; +http://www.google.com/bot.html)"
38.100.21.66 - - [15/Jul/2018:15:37:26 -0700] "GET / HTTP/1.1" 200 72658 "-" "Mozilla/4.0 (compatible; MSIE 7.0; Windows NT 5.2)"
38.100.21.66 - - [15/Jul/2018:15:37:26 -0700] "GET /css/lightbox.css HTTP/1.1" 200 3874 "-" "Mozilla/4.0 (compatible; MSIE 7.0; Windows NT 5.2)"
38.100.21.66 - - [15/Jul/2018:15:37:26 -0700] "GET /css/styles.css HTTP/1.1" 200 7906 "-" "Mozilla/4.0 (compatible; MSIE 7.0; Windows NT 5.2)"
38.100.21.66 - - [15/Jul/2018:15:37:26 -0700] "GET /css/bootstrap.min.css HTTP/1.1" 200 63993 "-" "Mozilla/4.0 (compatible; MSIE 7.0; Windows NT 5.2)"
40.77.167.70 - - [15/Jul/2018:15:44:12 -0700] "GET / HTTP/1.1" 200 15893 "-" "Mozilla/5.0 (compatible; bingbot/2.0; +http://www.bing.com/bingbot.htm)"
68.150.92.220 - - [15/Jul/2018:15:53:06 -0700] "GET /img/mixman/10.jpg HTTP/1.1" 200 114974 "https://www.google.ca/" "Mozilla/5.0 (iPad; CPU OS 11_4 like Mac OS X) AppleWebKit/605.1.15 (KHTML, like Gecko) Version/11.0 Mobile/15E148 Safari/604.1"
178.137.160.220 - - [15/Jul/2018:16:47:07 -0700] "GET / HTTP/1.1" 200 72658 "http://xn----8sblgmbj1a1bk8l.xn----161-4vemb6cjl7anbaea3afninj.xn--p1ai/" "Mozilla/4.0 (compatible; MSIE 6.0; Windows NT 5.1; MRA 4.3 (build 01218); .NET CLR 1.1.4322)"
66.249.70.14 - - [15/Jul/2018:17:05:18 -0700] "GET / HTTP/1.1" 200 15893 "-" "Mozilla/5.0 (Linux; Android 6.0.1; Nexus 5X Build/MMB29P) AppleWebKit/537.36 (KHTML, like Gecko) Chrome/41.0.2272.96 Mobile Safari/537.36 (compatible; Googlebot/2.1; +http://www.google.com/bot.html)"
66.249.70.14 - - [15/Jul/2018:17:23:39 -0700] "GET / HTTP/1.1" 200 15893 "-" "Mozilla/5.0 (Linux; Android 6.0.1; Nexus 5X Build/MMB29P) AppleWebKit/537.36 (KHTML, like Gecko) Chrome/41.0.2272.96 Mobile Safari/537.36 (compatible; Googlebot/2.1; +http://www.google.com/bot.html)"
77.75.76.165 - - [15/Jul/2018:18:44:02 -0700] "GET /robots.txt HTTP/1.1" 404 208 "-" "Mozilla/5.0 (compatible; SeznamBot/3.2; +http://napoveda.seznam.cz/en/seznambot-intro/)"
77.75.76.165 - - [15/Jul/2018:18:44:05 -0700] "GET /img/sfnoir/7.jpg HTTP/1.1" 304 - "-" "Mozilla/5.0 (compatible; SeznamBot/3.2; +http://napoveda.seznam.cz/en/seznambot-intro/)"
180.76.15.141 - - [15/Jul/2018:18:53:47 -0700] "GET / HTTP/1.1" 200 15893 "-" "Mozilla/5.0 (compatible; Baiduspider/2.0; +http://www.baidu.com/search/spider.html)"
66.249.70.14 - - [15/Jul/2018:19:55:51 -0700] "GET /robots.txt HTTP/1.1" 404 208 "-" "Mozilla/5.0 (compatible; Googlebot/2.1; +http://www.google.com/bot.html)"
66.249.70.14 - - [15/Jul/2018:19:55:51 -0700] "GET / HTTP/1.1" 200 15893 "-" "Mozilla/5.0 (Linux; Android 6.0.1; Nexus 5X Build/MMB29P) AppleWebKit/537.36 (KHTML, like Gecko) Chrome/41.0.2272.96 Mobile Safari/537.36 (compatible; Googlebot/2.1; +http://www.google.com/bot.html)"
73.231.164.56 - - [15/Jul/2018:20:08:29 -0700] "GET /favicon.ico HTTP/1.1" 404 209 "-" "Mozilla/5.0 (iPad; CPU OS 11_4 like Mac OS X) AppleWebKit/605.1.15 (KHTML, like Gecko) FxiOS/12.1b10941 Mobile/15F79 Safari/605.1.15"
178.137.86.234 - - [15/Jul/2018:20:24:48 -0700] "GET / HTTP/1.1" 200 72658 "http://metallosajding.ru/" "Mozilla/4.0 (compatible; MSIE 6.0; Windows NT 5.1) Opera 7.54 [en]"
178.137.86.234 - - [15/Jul/2018:20:24:49 -0700] "GET / HTTP/1.1" 200 72658 "http://metallosajding.ru/" "Mozilla/4.0 (compatible; MSIE 6.0; Windows NT 5.1) Opera 7.54 [en]"
180.76.15.23 - - [15/Jul/2018:20:25:44 -0700] "GET /css/styles.css HTTP/1.1" 200 1975 "-" "Mozilla/5.0 (compatible; Baiduspider/2.0; +http://www.baidu.com/search/spider.html)"
73.231.164.56 - - [15/Jul/2018:21:24:45 -0700] "GET /favicon.ico HTTP/1.1" 404 209 "-" "Mozilla/5.0 (iPad; CPU OS 11_4 like Mac OS X) AppleWebKit/605.1.15 (KHTML, like Gecko) FxiOS/12.1b10941 Mobile/15F79 Safari/605.1.15"
178.137.160.220 - - [15/Jul/2018:22:00:44 -0700] "GET / HTTP/1.1" 200 72658 "http://dosugrostov.site/" "Mozilla/4.0 (compatible; MSIE 6.0; Windows NT 5.1; SV1; FunWebProducts; MRA 4.6 (build 01425); .NET CLR 1.1.4322; .NET CLR 2.0.50727)"
207.241.225.236 - - [15/Jul/2018:23:31:10 -0700] "GET /robots.txt HTTP/1.1" 404 208 "-" "Mozilla/5.0 (compatible; archive.org_bot; Wayback Machine Live Record; +http://archive.org/details/archive.org_bot)"
66.249.70.10 - - [16/Jul/2018:01:21:59 -0700] "GET / HTTP/1.1" 200 15893 "-" "Mozilla/5.0 (Linux; Android 6.0.1; Nexus 5X Build/MMB29P) AppleWebKit/537.36 (KHTML, like Gecko) Chrome/41.0.2272.96 Mobile Safari/537.36 (compatible; Googlebot/2.1; +http://www.google.com/bot.html)"
180.76.15.23 - - [16/Jul/2018:02:19:09 -0700] "GET /css/bootstrap.min.css HTTP/1.1" 200 11249 "-" "Mozilla/5.0 (compatible; Baiduspider/2.0; +http://www.baidu.com/search/spider.html)"
66.249.70.10 - - [16/Jul/2018:02:47:37 -0700] "GET / HTTP/1.1" 200 15893 "-" "Mozilla/5.0 (Linux; Android 6.0.1; Nexus 5X Build/MMB29P) AppleWebKit/537.36 (KHTML, like Gecko) Chrome/41.0.2272.96 Mobile Safari/537.36 (compatible; Googlebot/2.1; +http://www.google.com/bot.html)"
54.36.148.243 - - [16/Jul/2018:03:21:28 -0700] "GET /img/mixman/16.jpg HTTP/1.1" 200 113328 "-" "Mozilla/5.0 (compatible; AhrefsBot/5.2; +http://ahrefs.com/robot/)"
54.36.148.57 - - [16/Jul/2018:03:32:59 -0700] "GET /img/urban-cowgirl/3.jpg HTTP/1.1" 200 80583 "-" "Mozilla/5.0 (compatible; AhrefsBot/5.2; +http://ahrefs.com/robot/)"
180.76.15.21 - - [16/Jul/2018:04:19:54 -0700] "GET /js/lightbox.js HTTP/1.1" 200 4210 "-" "Mozilla/5.0 (compatible; Baiduspider/2.0; +http://www.baidu.com/search/spider.html)"
199.58.86.206 - - [16/Jul/2018:04:26:25 -0700] "GET /robots.txt HTTP/1.1" 404 208 "-" "Mozilla/5.0 (compatible; MJ12bot/v1.4.8; http://mj12bot.com/)"
199.58.86.206 - - [16/Jul/2018:04:26:28 -0700] "GET / HTTP/1.1" 200 72658 "-" "Mozilla/5.0 (compatible; MJ12bot/v1.4.8; http://mj12bot.com/)"
185.234.218.40 - - [16/Jul/2018:05:08:56 -0700] "GET /wp-login.php HTTP/1.1" 404 210 "http://rndsquared.com/wp-login.php" "Mozilla/4.0 (compatible; MSIE 9.0; Windows NT 6.1; 125LA; .NET CLR 2.0.50727; .NET CLR 3.0.04506.648; .NET CLR 3.5.21022)"
185.234.218.40 - - [16/Jul/2018:05:08:56 -0700] "GET /wp-login.php HTTP/1.1" 404 210 "http://rndsquared.com/wp-login.php" "Mozilla/4.0 (compatible; MSIE 9.0; Windows NT 6.1; 125LA; .NET CLR 2.0.50727; .NET CLR 3.0.04506.648; .NET CLR 3.5.21022)"
46.229.170.197 - - [16/Jul/2018:05:38:39 -0700] "GET / HTTP/1.1" 200 72658 "-" "Mozilla/5.0 (Windows NT 10.0; WOW64) AppleWebKit/537.36 (KHTML, like Gecko) Chrome/57.0.2987.98 Safari/537.36"
37.229.254.170 - - [16/Jul/2018:06:07:12 -0700] "GET / HTTP/1.1" 200 72658 "http://xn----ctbigni3aj4h.xn--p1ai/" "Mozilla/4.0 (compatible; MSIE 6.0; Windows NT 5.1; MyIE2; Deepnet Explorer)"
91.121.83.160 - - [16/Jul/2018:07:34:22 -0700] "GET / HTTP/1.0" 200 15893 "-" "Mozilla/5.0 (Windows NT 6.3; WOW64) AppleWebKit/537.36 (KHTML, like Gecko) Chrome/34.0.1847.137 Safari/537.36"
40.77.167.70 - - [16/Jul/2018:07:56:10 -0700] "GET / HTTP/1.1" 200 15893 "-" "Mozilla/5.0 (compatible; bingbot/2.0; +http://www.bing.com/bingbot.htm)"
66.249.70.10 - - [16/Jul/2018:08:44:00 -0700] "GET /robots.txt HTTP/1.1" 404 208 "-" "Mozilla/5.0 (compatible; Googlebot/2.1; +http://www.google.com/bot.html)"
66.249.70.14 - - [16/Jul/2018:08:44:00 -0700] "GET / HTTP/1.1" 200 15893 "-" "Mozilla/5.0 (Linux; Android 6.0.1; Nexus 5X Build/MMB29P) AppleWebKit/537.36 (KHTML, like Gecko) Chrome/41.0.2272.96 Mobile Safari/537.36 (compatible; Googlebot/2.1; +http://www.google.com/bot.html)"
85.25.185.175 - - [16/Jul/2018:09:01:21 -0700] "POST /user/password?name[%23post_render][0]=printf&name[%23markup]=ABCZ%0A HTTP/1.1" 404 211 "-" "Python-urllib/2.7"
85.25.185.175 - - [16/Jul/2018:09:01:21 -0700] "POST /user/register?element_parents=account/mail/%23value&ajax_form=1&_wrapper_format=drupal_ajax HTTP/1.1" 404 211 "-" "Python-urllib/2.7"
46.119.125.180 - - [16/Jul/2018:09:26:06 -0700] "GET / HTTP/1.1" 200 72658 "http://viagra-soft.ru/" "Mozilla/4.0 (compatible; MSIE 5.5; Windows NT 5.0; T312461)"
46.119.125.180 - - [16/Jul/2018:09:26:07 -0700] "GET / HTTP/1.1" 200 72658 "http://viagra-soft.ru/" "Mozilla/4.0 (compatible; MSIE 5.5; Windows NT 5.0; T312461)"
73.222.97.22 - - [16/Jul/2018:09:31:57 -0700] "GET / HTTP/1.1" 200 15893 "-" "Mozilla/5.0 (Macintosh; Intel Mac OS X 10_13_5) AppleWebKit/605.1.15 (KHTML, like Gecko) Version/11.1.1 Safari/605.1.15"
73.222.97.22 - - [16/Jul/2018:09:31:57 -0700] "GET /img/urban-cowgirl/thumbs/1.jpg HTTP/1.1" 200 26624 "http://rndsquared.com/" "Mozilla/5.0 (Macintosh; Intel Mac OS X 10_13_5) AppleWebKit/605.1.15 (KHTML, like Gecko) Version/11.1.1 Safari/605.1.15"
73.222.97.22 - - [16/Jul/2018:09:31:57 -0700] "GET /css/lightbox.css HTTP/1.1" 200 1003 "http://rndsquared.com/" "Mozilla/5.0 (Macintosh; Intel Mac OS X 10_13_5) AppleWebKit/605.1.15 (KHTML, like Gecko) Version/11.1.1 Safari/605.1.15"
73.222.97.22 - - [16/Jul/2018:09:31:57 -0700] "GET /css/bootstrap.min.css HTTP/1.1" 200 11249 "http://rndsquared.com/" "Mozilla/5.0 (Macintosh; Intel Mac OS X 10_13_5) AppleWebKit/605.1.15 (KHTML, like Gecko) Version/11.1.1 Safari/605.1.15"
73.222.97.22 - - [16/Jul/2018:09:31:57 -0700] "GET /js/lightbox.js HTTP/1.1" 200 4210 "http://rndsquared.com/" "Mozilla/5.0 (Macintosh; Intel Mac OS X 10_13_5) AppleWebKit/605.1.15 (KHTML, like Gecko) Version/11.1.1 Safari/605.1.15"
73.222.97.22 - - [16/Jul/2018:09:31:57 -0700] "GET /css/styles.css HTTP/1.1" 200 1975 "http://rndsquared.com/" "Mozilla/5.0 (Macintosh; Intel Mac OS X 10_13_5) AppleWebKit/605.1.15 (KHTML, like Gecko) Version/11.1.1 Safari/605.1.15"
73.222.97.22 - - [16/Jul/2018:09:31:57 -0700] "GET /js/modernizr.js HTTP/1.1" 200 5933 "http://rndsquared.com/" "Mozilla/5.0 (Macintosh; Intel Mac OS X 10_13_5) AppleWebKit/605.1.15 (KHTML, like Gecko) Version/11.1.1 Safari/605.1.15"
73.222.97.22 - - [16/Jul/2018:09:31:57 -0700] "GET /img/mixman/thumbs/1.jpg HTTP/1.1" 200 35516 "http://rndsquared.com/" "Mozilla/5.0 (Macintosh; Intel Mac OS X 10_13_5) AppleWebKit/605.1.15 (KHTML, like Gecko) Version/11.1.1 Safari/605.1.15"
73.222.97.22 - - [16/Jul/2018:09:31:58 -0700] "GET /js/scripts.js HTTP/1.1" 200 1227 "http://rndsquared.com/" "Mozilla/5.0 (Macintosh; Intel Mac OS X 10_13_5) AppleWebKit/605.1.15 (KHTML, like Gecko) Version/11.1.1 Safari/605.1.15"
73.222.97.22 - - [16/Jul/2018:09:31:58 -0700] "GET /img/wu-wei/thumbs/1.jpg HTTP/1.1" 200 35144 "http://rndsquared.com/" "Mozilla/5.0 (Macintosh; Intel Mac OS X 10_13_5) AppleWebKit/605.1.15 (KHTML, like Gecko) Version/11.1.1 Safari/605.1.15"
73.222.97.22 - - [16/Jul/2018:09:31:58 -0700] "GET /img/oncekids-fujimini/thumbs/1.jpg HTTP/1.1" 200 36349 "http://rndsquared.com/" "Mozilla/5.0 (Macintosh; Intel Mac OS X 10_13_5) AppleWebKit/605.1.15 (KHTML, like Gecko) Version/11.1.1 Safari/605.1.15"
73.222.97.22 - - [16/Jul/2018:09:31:58 -0700] "GET /img/bs4w/thumbs/3.jpg HTTP/1.1" 200 21431 "http://rndsquared.com/" "Mozilla/5.0 (Macintosh; Intel Mac OS X 10_13_5) AppleWebKit/605.1.15 (KHTML, like Gecko) Version/11.1.1 Safari/605.1.15"
73.222.97.22 - - [16/Jul/2018:09:31:58 -0700] "GET /img/sfnoir/thumbs/2.jpg HTTP/1.1" 200 23061 "http://rndsquared.com/" "Mozilla/5.0 (Macintosh; Intel Mac OS X 10_13_5) AppleWebKit/605.1.15 (KHTML, like Gecko) Version/11.1.1 Safari/605.1.15"
73.222.97.22 - - [16/Jul/2018:09:31:58 -0700] "GET /img/njn/thumbs/1.jpg HTTP/1.1" 200 24676 "http://rndsquared.com/" "Mozilla/5.0 (Macintosh; Intel Mac OS X 10_13_5) AppleWebKit/605.1.15 (KHTML, like Gecko) Version/11.1.1 Safari/605.1.15"
73.222.97.22 - - [16/Jul/2018:09:31:59 -0700] "GET /img/autumn/thumbs/1.jpg HTTP/1.1" 200 24768 "http://rndsquared.com/" "Mozilla/5.0 (Macintosh; Intel Mac OS X 10_13_5) AppleWebKit/605.1.15 (KHTML, like Gecko) Version/11.1.1 Safari/605.1.15"
73.222.97.22 - - [16/Jul/2018:09:32:00 -0700] "GET /img/mixman/thumbs/3.jpg HTTP/1.1" 200 32138 "http://rndsquared.com/" "Mozilla/5.0 (Macintosh; Intel Mac OS X 10_13_5) AppleWebKit/605.1.15 (KHTML, like Gecko) Version/11.1.1 Safari/605.1.15"
73.222.97.22 - - [16/Jul/2018:09:32:00 -0700] "GET /img/mixman/thumbs/2.jpg HTTP/1.1" 200 24519 "http://rndsquared.com/" "Mozilla/5.0 (Macintosh; Intel Mac OS X 10_13_5) AppleWebKit/605.1.15 (KHTML, like Gecko) Version/11.1.1 Safari/605.1.15"
73.222.97.22 - - [16/Jul/2018:09:32:00 -0700] "GET /img/mixman/thumbs/4.jpg HTTP/1.1" 200 35783 "http://rndsquared.com/" "Mozilla/5.0 (Macintosh; Intel Mac OS X 10_13_5) AppleWebKit/605.1.15 (KHTML, like Gecko) Version/11.1.1 Safari/605.1.15"
73.222.97.22 - - [16/Jul/2018:09:32:00 -0700] "GET /img/mixman/thumbs/5.jpg HTTP/1.1" 200 23498 "http://rndsquared.com/" "Mozilla/5.0 (Macintosh; Intel Mac OS X 10_13_5) AppleWebKit/605.1.15 (KHTML, like Gecko) Version/11.1.1 Safari/605.1.15"
73.222.97.22 - - [16/Jul/2018:09:32:00 -0700] "GET /img/mixman/thumbs/6.jpg HTTP/1.1" 200 29592 "http://rndsquared.com/" "Mozilla/5.0 (Macintosh; Intel Mac OS X 10_13_5) AppleWebKit/605.1.15 (KHTML, like Gecko) Version/11.1.1 Safari/605.1.15"
73.222.97.22 - - [16/Jul/2018:09:32:00 -0700] "GET /img/mixman/thumbs/9.jpg HTTP/1.1" 200 34012 "http://rndsquared.com/" "Mozilla/5.0 (Macintosh; Intel Mac OS X 10_13_5) AppleWebKit/605.1.15 (KHTML, like Gecko) Version/11.1.1 Safari/605.1.15"
73.222.97.22 - - [16/Jul/2018:09:32:00 -0700] "GET /img/mixman/thumbs/7.jpg HTTP/1.1" 200 29010 "http://rndsquared.com/" "Mozilla/5.0 (Macintosh; Intel Mac OS X 10_13_5) AppleWebKit/605.1.15 (KHTML, like Gecko) Version/11.1.1 Safari/605.1.15"
73.222.97.22 - - [16/Jul/2018:09:32:00 -0700] "GET /img/mixman/thumbs/10.jpg HTTP/1.1" 200 31032 "http://rndsquared.com/" "Mozilla/5.0 (Macintosh; Intel Mac OS X 10_13_5) AppleWebKit/605.1.15 (KHTML, like Gecko) Version/11.1.1 Safari/605.1.15"
73.222.97.22 - - [16/Jul/2018:09:32:00 -0700] "GET /img/mixman/thumbs/13.jpg HTTP/1.1" 200 28845 "http://rndsquared.com/" "Mozilla/5.0 (Macintosh; Intel Mac OS X 10_13_5) AppleWebKit/605.1.15 (KHTML, like Gecko) Version/11.1.1 Safari/605.1.15"
73.222.97.22 - - [16/Jul/2018:09:32:00 -0700] "GET /img/mixman/thumbs/11.jpg HTTP/1.1" 200 32588 "http://rndsquared.com/" "Mozilla/5.0 (Macintosh; Intel Mac OS X 10_13_5) AppleWebKit/605.1.15 (KHTML, like Gecko) Version/11.1.1 Safari/605.1.15"
73.222.97.22 - - [16/Jul/2018:09:32:00 -0700] "GET /img/mixman/thumbs/15.jpg HTTP/1.1" 200 31677 "http://rndsquared.com/" "Mozilla/5.0 (Macintosh; Intel Mac OS X 10_13_5) AppleWebKit/605.1.15 (KHTML, like Gecko) Version/11.1.1 Safari/605.1.15"
73.222.97.22 - - [16/Jul/2018:09:32:00 -0700] "GET /img/mixman/thumbs/16.jpg HTTP/1.1" 200 36852 "http://rndsquared.com/" "Mozilla/5.0 (Macintosh; Intel Mac OS X 10_13_5) AppleWebKit/605.1.15 (KHTML, like Gecko) Version/11.1.1 Safari/605.1.15"
73.222.97.22 - - [16/Jul/2018:09:32:00 -0700] "GET /img/mixman/thumbs/17.jpg HTTP/1.1" 200 16331 "http://rndsquared.com/" "Mozilla/5.0 (Macintosh; Intel Mac OS X 10_13_5) AppleWebKit/605.1.15 (KHTML, like Gecko) Version/11.1.1 Safari/605.1.15"
73.222.97.22 - - [16/Jul/2018:09:32:00 -0700] "GET /img/mixman/thumbs/18.jpg HTTP/1.1" 200 20196 "http://rndsquared.com/" "Mozilla/5.0 (Macintosh; Intel Mac OS X 10_13_5) AppleWebKit/605.1.15 (KHTML, like Gecko) Version/11.1.1 Safari/605.1.15"
73.222.97.22 - - [16/Jul/2018:09:32:00 -0700] "GET /img/mixman/thumbs/19.jpg HTTP/1.1" 200 22007 "http://rndsquared.com/" "Mozilla/5.0 (Macintosh; Intel Mac OS X 10_13_5) AppleWebKit/605.1.15 (KHTML, like Gecko) Version/11.1.1 Safari/605.1.15"
73.222.97.22 - - [16/Jul/2018:09:32:00 -0700] "GET /img/urban-cowgirl/thumbs/4.jpg HTTP/1.1" 200 27112 "http://rndsquared.com/" "Mozilla/5.0 (Macintosh; Intel Mac OS X 10_13_5) AppleWebKit/605.1.15 (KHTML, like Gecko) Version/11.1.1 Safari/605.1.15"
73.222.97.22 - - [16/Jul/2018:09:32:00 -0700] "GET /img/urban-cowgirl/thumbs/3.jpg HTTP/1.1" 200 25487 "http://rndsquared.com/" "Mozilla/5.0 (Macintosh; Intel Mac OS X 10_13_5) AppleWebKit/605.1.15 (KHTML, like Gecko) Version/11.1.1 Safari/605.1.15"
73.222.97.22 - - [16/Jul/2018:09:32:00 -0700] "GET /img/urban-cowgirl/thumbs/2.jpg HTTP/1.1" 200 24103 "http://rndsquared.com/" "Mozilla/5.0 (Macintosh; Intel Mac OS X 10_13_5) AppleWebKit/605.1.15 (KHTML, like Gecko) Version/11.1.1 Safari/605.1.15"
73.222.97.22 - - [16/Jul/2018:09:32:00 -0700] "GET /img/oncekids-fujimini/thumbs/2.jpg HTTP/1.1" 200 36054 "http://rndsquared.com/" "Mozilla/5.0 (Macintosh; Intel Mac OS X 10_13_5) AppleWebKit/605.1.15 (KHTML, like Gecko) Version/11.1.1 Safari/605.1.15"
73.222.97.22 - - [16/Jul/2018:09:32:00 -0700] "GET /img/urban-cowgirl/thumbs/5.jpg HTTP/1.1" 200 26913 "http://rndsquared.com/" "Mozilla/5.0 (Macintosh; Intel Mac OS X 10_13_5) AppleWebKit/605.1.15 (KHTML, like Gecko) Version/11.1.1 Safari/605.1.15"
73.222.97.22 - - [16/Jul/2018:09:32:00 -0700] "GET /img/oncekids-fujimini/thumbs/3.jpg HTTP/1.1" 200 39586 "http://rndsquared.com/" "Mozilla/5.0 (Macintosh; Intel Mac OS X 10_13_5) AppleWebKit/605.1.15 (KHTML, like Gecko) Version/11.1.1 Safari/605.1.15"
73.222.97.22 - - [16/Jul/2018:09:32:00 -0700] "GET /img/oncekids-fujimini/thumbs/4.jpg HTTP/1.1" 200 39689 "http://rndsquared.com/" "Mozilla/5.0 (Macintosh; Intel Mac OS X 10_13_5) AppleWebKit/605.1.15 (KHTML, like Gecko) Version/11.1.1 Safari/605.1.15"
73.222.97.22 - - [16/Jul/2018:09:32:00 -0700] "GET /img/oncekids-fujimini/thumbs/5.jpg HTTP/1.1" 200 26202 "http://rndsquared.com/" "Mozilla/5.0 (Macintosh; Intel Mac OS X 10_13_5) AppleWebKit/605.1.15 (KHTML, like Gecko) Version/11.1.1 Safari/605.1.15"
73.222.97.22 - - [16/Jul/2018:09:32:00 -0700] "GET /img/oncekids-fujimini/thumbs/6.jpg HTTP/1.1" 200 27603 "http://rndsquared.com/" "Mozilla/5.0 (Macintosh; Intel Mac OS X 10_13_5) AppleWebKit/605.1.15 (KHTML, like Gecko) Version/11.1.1 Safari/605.1.15"
73.222.97.22 - - [16/Jul/2018:09:32:00 -0700] "GET /img/oncekids-fujimini/thumbs/7.jpg HTTP/1.1" 200 39450 "http://rndsquared.com/" "Mozilla/5.0 (Macintosh; Intel Mac OS X 10_13_5) AppleWebKit/605.1.15 (KHTML, like Gecko) Version/11.1.1 Safari/605.1.15"
