216.18.204.153 - - [07/Jul/2020:10:50:53 -0700] "GET /img/njn/3.jpg HTTP/1.1" 200 157605 "-" "Mozilla/5.0 (Windows NT 6.1; rv:60.0) Gecko/20100101 Firefox/60.0"
216.18.204.153 - - [07/Jul/2020:10:50:54 -0700] "GET /img/njn/4.jpg HTTP/1.1" 200 151484 "-" "Mozilla/5.0 (Windows NT 6.1; rv:60.0) Gecko/20100101 Firefox/60.0"
216.18.204.153 - - [07/Jul/2020:10:50:55 -0700] "GET /img/njn/5.jpg HTTP/1.1" 200 117364 "-" "Mozilla/5.0 (Windows NT 6.1; rv:60.0) Gecko/20100101 Firefox/60.0"
216.18.204.153 - - [07/Jul/2020:10:50:56 -0700] "GET /img/njn/6.jpg HTTP/1.1" 200 125438 "-" "Mozilla/5.0 (Windows NT 6.1; rv:60.0) Gecko/20100101 Firefox/60.0"
216.18.204.153 - - [07/Jul/2020:10:50:57 -0700] "GET /img/njn/7.jpg HTTP/1.1" 200 116420 "-" "Mozilla/5.0 (Windows NT 6.1; rv:60.0) Gecko/20100101 Firefox/60.0"
216.18.204.153 - - [07/Jul/2020:10:50:58 -0700] "GET /img/njn/8.jpg HTTP/1.1" 200 124240 "-" "Mozilla/5.0 (Windows NT 6.1; rv:60.0) Gecko/20100101 Firefox/60.0"
216.18.204.153 - - [07/Jul/2020:10:50:59 -0700] "GET /img/bs4w/1.jpg HTTP/1.1" 200 61424 "-" "Mozilla/5.0 (Windows NT 6.1; rv:60.0) Gecko/20100101 Firefox/60.0"
216.18.204.153 - - [07/Jul/2020:10:51:00 -0700] "GET /img/bs4w/2.jpg HTTP/1.1" 200 116129 "-" "Mozilla/5.0 (Windows NT 6.1; rv:60.0) Gecko/20100101 Firefox/60.0"
34.74.147.43 - - [07/Jul/2020:11:13:47 -0700] "GET /robots.txt HTTP/1.0" 301 235 "-" "ZoominfoBot (zoominfobot at zoominfo dot com)"
34.74.147.43 - - [07/Jul/2020:11:13:47 -0700] "GET / HTTP/1.1" 200 17429 "-" "ZoominfoBot (zoominfobot at zoominfo dot com)"
34.74.147.43 - - [07/Jul/2020:11:13:48 -0700] "GET / HTTP/1.0" 301 235 "-" "ZoominfoBot (zoominfobot at zoominfo dot com)"
157.55.39.30 - - [07/Jul/2020:11:14:10 -0700] "GET /robots.txt HTTP/1.1" 301 245 "-" "Mozilla/5.0 (compatible; bingbot/2.0; +http://www.bing.com/bingbot.htm)"
157.55.39.30 - - [07/Jul/2020:11:14:11 -0700] "GET /robots.txt HTTP/1.1" 404 208 "-" "Mozilla/5.0 (compatible; bingbot/2.0; +http://www.bing.com/bingbot.htm)"
157.55.39.30 - - [07/Jul/2020:11:14:11 -0700] "GET /robots.txt HTTP/1.1" 301 245 "-" "Mozilla/5.0 (compatible; bingbot/2.0; +http://www.bing.com/bingbot.htm)"
157.55.39.30 - - [07/Jul/2020:11:14:12 -0700] "GET /robots.txt HTTP/1.1" 404 208 "-" "Mozilla/5.0 (compatible; bingbot/2.0; +http://www.bing.com/bingbot.htm)"
157.55.39.80 - - [07/Jul/2020:11:14:57 -0700] "GET / HTTP/1.1" 301 235 "-" "Mozilla/5.0 (compatible; bingbot/2.0; +http://www.bing.com/bingbot.htm)"
34.74.147.43 - - [07/Jul/2020:11:15:04 -0700] "GET /robots.txt HTTP/1.0" 301 235 "-" "ZoominfoBot (zoominfobot at zoominfo dot com)"
34.74.147.43 - - [07/Jul/2020:11:15:04 -0700] "GET / HTTP/1.1" 200 17429 "-" "ZoominfoBot (zoominfobot at zoominfo dot com)"
34.74.147.43 - - [07/Jul/2020:11:15:04 -0700] "GET / HTTP/1.0" 301 235 "-" "ZoominfoBot (zoominfobot at zoominfo dot com)"
34.74.147.43 - - [07/Jul/2020:11:15:05 -0700] "GET /robots.txt HTTP/1.0" 404 208 "-" "ZoominfoBot (zoominfobot at zoominfo dot com)"
34.74.147.43 - - [07/Jul/2020:11:15:05 -0700] "GET / HTTP/1.0" 200 17429 "-" "ZoominfoBot (zoominfobot at zoominfo dot com)"
216.244.66.197 - - [07/Jul/2020:11:54:01 -0700] "GET /img/bs4w/4.jpg HTTP/1.1" 301 249 "-" "Mozilla/5.0 (compatible; DotBot/1.1; http://www.opensiteexplorer.org/dotbot, help@moz.com)"
216.244.66.197 - - [07/Jul/2020:11:54:05 -0700] "GET /img/wu-wei/6.jpg HTTP/1.1" 301 251 "-" "Mozilla/5.0 (compatible; DotBot/1.1; http://www.opensiteexplorer.org/dotbot, help@moz.com)"
216.244.66.197 - - [07/Jul/2020:11:54:57 -0700] "GET /img/urban-cowgirl/4.jpg HTTP/1.1" 301 258 "-" "Mozilla/5.0 (compatible; DotBot/1.1; http://www.opensiteexplorer.org/dotbot, help@moz.com)"
114.119.166.104 - - [07/Jul/2020:11:59:06 -0700] "GET /robots.txt HTTP/1.1" 301 245 "-" "(compatible;PetalBot;+https://aspiegel.com/petalbot)"
114.119.166.104 - - [07/Jul/2020:11:59:07 -0700] "GET /robots.txt HTTP/1.1" 404 208 "-" "(compatible;PetalBot;+https://aspiegel.com/petalbot)"
216.244.66.197 - - [07/Jul/2020:12:31:14 -0700] "GET /robots.txt HTTP/1.1" 301 235 "-" "Mozilla/5.0 (compatible; DotBot/1.1; http://www.opensiteexplorer.org/dotbot, help@moz.com)"
216.244.66.197 - - [07/Jul/2020:12:31:14 -0700] "GET / HTTP/1.1" 200 79394 "-" "Mozilla/5.0 (compatible; DotBot/1.1; http://www.opensiteexplorer.org/dotbot, help@moz.com)"
216.244.66.197 - - [07/Jul/2020:12:41:49 -0700] "GET /img/praxis/praxisHS.png HTTP/1.1" 200 878433 "-" "Mozilla/5.0 (compatible; DotBot/1.1; http://www.opensiteexplorer.org/dotbot, help@moz.com)"
159.203.77.108 - - [07/Jul/2020:13:20:21 -0700] "GET / HTTP/1.1" 301 235 "-" "Mozilla/5.0 (X11; Datanyze; Linux x86_64) AppleWebKit/537.36 (KHTML, like Gecko) Chrome/65.0.3325.181 Safari/537.36"
159.203.77.108 - - [07/Jul/2020:13:20:22 -0700] "GET / HTTP/1.1" 200 17429 "-" "Mozilla/5.0 (X11; Datanyze; Linux x86_64) AppleWebKit/537.36 (KHTML, like Gecko) Chrome/65.0.3325.181 Safari/537.36"
159.203.77.108 - - [07/Jul/2020:13:20:23 -0700] "GET /js/modernizr.js HTTP/1.1" 200 5933 "https://www.rndsquared.com/" "Mozilla/5.0 (X11; Datanyze; Linux x86_64) AppleWebKit/537.36 (KHTML, like Gecko) Chrome/65.0.3325.181 Safari/537.36"
159.203.77.108 - - [07/Jul/2020:13:20:24 -0700] "GET /js/lightbox.js HTTP/1.1" 200 4210 "https://www.rndsquared.com/" "Mozilla/5.0 (X11; Datanyze; Linux x86_64) AppleWebKit/537.36 (KHTML, like Gecko) Chrome/65.0.3325.181 Safari/537.36"
159.203.77.108 - - [07/Jul/2020:13:20:24 -0700] "GET /js/scripts.js HTTP/1.1" 200 1227 "https://www.rndsquared.com/" "Mozilla/5.0 (X11; Datanyze; Linux x86_64) AppleWebKit/537.36 (KHTML, like Gecko) Chrome/65.0.3325.181 Safari/537.36"
178.159.37.88 - - [07/Jul/2020:13:20:30 -0700] "GET / HTTP/1.0" 301 235 "http://rndsquared.com/" "Mozilla/5.0 (Windows NT 10.0; Win64; x64) AppleWebKit/537.36 (KHTML, like Gecko) Chrome/67.0.3396.87 Safari/537.36"
178.159.37.88 - - [07/Jul/2020:13:20:31 -0700] "GET / HTTP/1.0" 200 79394 "https://www.rndsquared.com/" "Mozilla/5.0 (Windows NT 10.0; Win64; x64) AppleWebKit/537.36 (KHTML, like Gecko) Chrome/67.0.3396.87 Safari/537.36"
178.159.37.88 - - [07/Jul/2020:13:20:33 -0700] "GET /img/urban-cowgirl/1.jpg HTTP/1.0" 200 94626 "https://www.rndsquared.com/img/urban-cowgirl/1.jpg" "Mozilla/5.0 (Windows NT 10.0; Win64; x64) AppleWebKit/537.36 (KHTML, like Gecko) Chrome/67.0.3396.87 Safari/537.36"
171.244.1.84 - - [07/Jul/2020:13:33:18 -0700] "GET / HTTP/1.0" 301 235 "http://rndsquared.com/" "Mozilla/5.0 (Windows NT 6.1) AppleWebKit/537.36 (KHTML, like Gecko) Chrome/67.0.3396.87 Safari/537.36"
216.244.66.197 - - [07/Jul/2020:13:53:14 -0700] "GET /img/autumn/4.jpg HTTP/1.1" 200 166546 "-" "Mozilla/5.0 (compatible; DotBot/1.1; http://www.opensiteexplorer.org/dotbot, help@moz.com)"
216.244.66.197 - - [07/Jul/2020:13:53:19 -0700] "GET /img/bs4w/6.jpg HTTP/1.1" 200 42274 "-" "Mozilla/5.0 (compatible; DotBot/1.1; http://www.opensiteexplorer.org/dotbot, help@moz.com)"
216.244.66.197 - - [07/Jul/2020:14:42:51 -0700] "GET /img/sfnoir/2.jpg HTTP/1.1" 200 81708 "-" "Mozilla/5.0 (compatible; DotBot/1.1; http://www.opensiteexplorer.org/dotbot, help@moz.com)"
114.119.165.66 - - [07/Jul/2020:15:12:04 -0700] "GET /robots.txt HTTP/1.1" 301 235 "-" "(compatible;PetalBot;+https://aspiegel.com/petalbot)"
114.119.165.66 - - [07/Jul/2020:15:12:05 -0700] "GET / HTTP/1.1" 200 17429 "-" "(compatible;PetalBot;+https://aspiegel.com/petalbot)"
66.249.73.198 - - [07/Jul/2020:16:20:39 -0700] "GET /robots.txt HTTP/1.1" 301 235 "-" "Mozilla/5.0 (compatible; Googlebot/2.1; +http://www.google.com/bot.html)"
66.249.73.192 - - [07/Jul/2020:16:20:39 -0700] "GET / HTTP/1.1" 200 17429 "-" "Mozilla/5.0 (compatible; Googlebot/2.1; +http://www.google.com/bot.html)"
66.249.73.202 - - [07/Jul/2020:16:20:39 -0700] "GET / HTTP/1.1" 301 235 "-" "Mozilla/5.0 (compatible; Googlebot/2.1; +http://www.google.com/bot.html)"
66.249.73.192 - - [07/Jul/2020:16:20:39 -0700] "GET /robots.txt HTTP/1.1" 404 208 "-" "Mozilla/5.0 (compatible; Googlebot/2.1; +http://www.google.com/bot.html)"
66.249.73.192 - - [07/Jul/2020:16:20:40 -0700] "GET / HTTP/1.1" 200 17429 "-" "Mozilla/5.0 (compatible; Googlebot/2.1; +http://www.google.com/bot.html)"
216.244.66.197 - - [07/Jul/2020:16:41:41 -0700] "GET /img/sfnoir/3.jpg HTTP/1.1" 200 74528 "-" "Mozilla/5.0 (compatible; DotBot/1.1; http://www.opensiteexplorer.org/dotbot, help@moz.com)"
66.249.73.194 - - [07/Jul/2020:17:17:37 -0700] "GET /js/lightbox.js HTTP/1.1" 200 4210 "https://www.rndsquared.com/" "Mozilla/5.0 AppleWebKit/537.36 (KHTML, like Gecko; compatible; Googlebot/2.1; +http://www.google.com/bot.html) Chrome/83.0.4103.119 Safari/537.36"
216.244.66.197 - - [07/Jul/2020:17:30:57 -0700] "GET /img/urban-cowgirl/5.jpg HTTP/1.1" 200 114905 "-" "Mozilla/5.0 (compatible; DotBot/1.1; http://www.opensiteexplorer.org/dotbot, help@moz.com)"
157.55.39.30 - - [07/Jul/2020:17:37:24 -0700] "GET /robots.txt HTTP/1.1" 404 208 "-" "Mozilla/5.0 (compatible; bingbot/2.0; +http://www.bing.com/bingbot.htm)"
157.55.39.30 - - [07/Jul/2020:17:37:24 -0700] "GET /robots.txt HTTP/1.1" 404 208 "-" "Mozilla/5.0 (compatible; bingbot/2.0; +http://www.bing.com/bingbot.htm)"
157.55.39.80 - - [07/Jul/2020:17:38:32 -0700] "GET /img/mixman/3.jpg HTTP/1.1" 200 114734 "-" "Mozilla/5.0 (compatible; bingbot/2.0; +http://www.bing.com/bingbot.htm)"
39.101.150.29 - - [07/Jul/2020:17:42:24 -0700] "GET /css/album.css HTTP/1.1" 301 235 "-" "Mozilla/5.0 (Windows NT 10.0; WOW64; rv:48.0) Gecko/20100101 Firefox/48.0"
39.101.150.29 - - [07/Jul/2020:17:42:25 -0700] "GET / HTTP/1.1" 200 17429 "-" "Mozilla/5.0 (Windows NT 10.0; WOW64; rv:48.0) Gecko/20100101 Firefox/48.0"
216.244.66.197 - - [07/Jul/2020:18:16:52 -0700] "GET /img/wu-wei/7.jpg HTTP/1.1" 200 293352 "-" "Mozilla/5.0 (compatible; DotBot/1.1; http://www.opensiteexplorer.org/dotbot, help@moz.com)"
77.88.5.126 - - [07/Jul/2020:19:11:07 -0700] "GET /robots.txt HTTP/1.1" 301 235 "-" "Mozilla/5.0 (compatible; YandexBot/3.0; +http://yandex.com/bots)"
77.88.5.231 - - [07/Jul/2020:19:11:08 -0700] "GET / HTTP/1.1" 200 79394 "-" "Mozilla/5.0 (compatible; YandexBot/3.0; +http://yandex.com/bots)"
77.88.5.126 - - [07/Jul/2020:19:11:11 -0700] "GET /favicon.ico HTTP/1.1" 301 235 "-" "Mozilla/5.0 (compatible; YandexBot/3.0; +http://yandex.com/bots)"
77.88.5.173 - - [07/Jul/2020:19:11:13 -0700] "GET /robots.txt HTTP/1.1" 404 208 "-" "Mozilla/5.0 (compatible; YandexBot/3.0; +http://yandex.com/bots)"
77.88.5.139 - - [07/Jul/2020:19:11:17 -0700] "GET / HTTP/1.1" 200 17429 "-" "Mozilla/5.0 (compatible; YandexBot/3.0; +http://yandex.com/bots)"
216.18.204.153 - - [07/Jul/2020:19:14:22 -0700] "GET /img/bs4w/3.jpg HTTP/1.1" 200 74030 "-" "Mozilla/5.0 (Windows NT 6.1; rv:60.0) Gecko/20100101 Firefox/60.0"
216.18.204.153 - - [07/Jul/2020:19:14:23 -0700] "GET /img/bs4w/4.jpg HTTP/1.1" 200 93892 "-" "Mozilla/5.0 (Windows NT 6.1; rv:60.0) Gecko/20100101 Firefox/60.0"
216.18.204.153 - - [07/Jul/2020:19:14:24 -0700] "GET /img/bs4w/5.jpg HTTP/1.1" 200 42135 "-" "Mozilla/5.0 (Windows NT 6.1; rv:60.0) Gecko/20100101 Firefox/60.0"
216.18.204.153 - - [07/Jul/2020:19:14:25 -0700] "GET /img/bs4w/6.jpg HTTP/1.1" 200 42274 "-" "Mozilla/5.0 (Windows NT 6.1; rv:60.0) Gecko/20100101 Firefox/60.0"
216.18.204.153 - - [07/Jul/2020:19:14:26 -0700] "GET /img/bs4w/7.jpg HTTP/1.1" 200 80775 "-" "Mozilla/5.0 (Windows NT 6.1; rv:60.0) Gecko/20100101 Firefox/60.0"
216.18.204.153 - - [07/Jul/2020:19:14:27 -0700] "GET /img/bs4w/8.jpg HTTP/1.1" 200 67708 "-" "Mozilla/5.0 (Windows NT 6.1; rv:60.0) Gecko/20100101 Firefox/60.0"
216.18.204.153 - - [07/Jul/2020:19:14:29 -0700] "GET /img/autumn/1.jpg HTTP/1.1" 200 290161 "-" "Mozilla/5.0 (Windows NT 6.1; rv:60.0) Gecko/20100101 Firefox/60.0"
216.18.204.153 - - [07/Jul/2020:19:14:30 -0700] "GET /img/autumn/2.jpg HTTP/1.1" 200 292159 "-" "Mozilla/5.0 (Windows NT 6.1; rv:60.0) Gecko/20100101 Firefox/60.0"
216.18.204.153 - - [07/Jul/2020:19:14:31 -0700] "GET /img/autumn/3.jpg HTTP/1.1" 200 506599 "-" "Mozilla/5.0 (Windows NT 6.1; rv:60.0) Gecko/20100101 Firefox/60.0"
216.18.204.153 - - [07/Jul/2020:19:14:32 -0700] "GET /img/autumn/4.jpg HTTP/1.1" 200 166546 "-" "Mozilla/5.0 (Windows NT 6.1; rv:60.0) Gecko/20100101 Firefox/60.0"
44.228.130.147 - - [07/Jul/2020:19:16:24 -0700] "GET / HTTP/1.1" 301 235 "-" "Mozilla/5.0 (X11; Linux x86_64) AppleWebKit/537.36 (KHTML, like Gecko) Chrome/83.0.4103.97 Safari/537.36"
44.228.130.147 - - [07/Jul/2020:19:16:28 -0700] "GET / HTTP/1.1" 200 17429 "-" "Mozilla/5.0 (X11; Linux x86_64) AppleWebKit/537.36 (KHTML, like Gecko) Chrome/83.0.4103.97 Safari/537.36"
216.244.66.197 - - [07/Jul/2020:19:29:09 -0700] "GET /img/autumn/7.jpg HTTP/1.1" 200 236722 "-" "Mozilla/5.0 (compatible; DotBot/1.1; http://www.opensiteexplorer.org/dotbot, help@moz.com)"
216.244.66.197 - - [07/Jul/2020:19:29:16 -0700] "GET /img/njn/4.jpg HTTP/1.1" 200 151484 "-" "Mozilla/5.0 (compatible; DotBot/1.1; http://www.opensiteexplorer.org/dotbot, help@moz.com)"
157.55.39.30 - - [07/Jul/2020:19:40:42 -0700] "GET /robots.txt HTTP/1.1" 301 245 "-" "Mozilla/5.0 (compatible; bingbot/2.0; +http://www.bing.com/bingbot.htm)"
157.55.39.30 - - [07/Jul/2020:19:40:42 -0700] "GET /robots.txt HTTP/1.1" 404 208 "-" "Mozilla/5.0 (compatible; bingbot/2.0; +http://www.bing.com/bingbot.htm)"
157.55.39.30 - - [07/Jul/2020:19:40:42 -0700] "GET /robots.txt HTTP/1.1" 301 245 "-" "Mozilla/5.0 (compatible; bingbot/2.0; +http://www.bing.com/bingbot.htm)"
157.55.39.30 - - [07/Jul/2020:19:40:42 -0700] "GET /robots.txt HTTP/1.1" 404 208 "-" "Mozilla/5.0 (compatible; bingbot/2.0; +http://www.bing.com/bingbot.htm)"
157.55.39.80 - - [07/Jul/2020:19:41:04 -0700] "GET / HTTP/1.1" 301 235 "-" "Mozilla/5.0 (compatible; bingbot/2.0; +http://www.bing.com/bingbot.htm)"
86.106.90.105 - - [07/Jul/2020:19:48:18 -0700] "GET / HTTP/1.1" 301 235 "-" "Mozilla/5.0 (X11; Linux i686 on x86_64; rv:50.0) Gecko/20100101 Firefox/50.0"
86.106.90.105 - - [07/Jul/2020:19:48:18 -0700] "GET / HTTP/1.1" 200 17429 "-" "Mozilla/5.0 (X11; Linux i686 on x86_64; rv:50.0) Gecko/20100101 Firefox/50.0"
86.106.90.105 - - [07/Jul/2020:19:48:19 -0700] "GET / HTTP/1.1" 301 235 "http://rndsquared.com" "Mozilla/5.0 (X11; Linux i686 on x86_64; rv:50.0) Gecko/20100101 Firefox/50.0"
86.106.90.105 - - [07/Jul/2020:19:48:19 -0700] "GET / HTTP/1.1" 200 17429 "-" "Mozilla/5.0 (X11; Linux i686 on x86_64; rv:50.0) Gecko/20100101 Firefox/50.0"
86.106.90.105 - - [07/Jul/2020:19:48:22 -0700] "GET /?name=Wallace+Brittain&email=info%40rndsquared.com&weJHlkUY=info%40rndsquared.com&message=Hi+there%0D%0A%0D%0ABody+Revolution+-+Medico+Postura%E2%84%A2+Body+Posture+Corrector%0D%0AImprove+Your+Posture+INSTANTLY%21%0D%0AGet+it+while+it%27s+still+50%25+OFF%21++FREE+Worldwide+Shipping%21%0D%0A%0D%0AGet+yours+here:+medicopostura.online%0D%0A%0D%0AThe+Best%2C%0D%0A%0D%0A+-+rndsquared.com&submit= HTTP/1.1" 200 17429 "https://www.rndsquared.com/" "Mozilla/5.0 (X11; Linux i686 on x86_64; rv:50.0) Gecko/20100101 Firefox/50.0"
40.69.155.91 - - [07/Jul/2020:20:02:56 -0700] "GET / HTTP/1.1" 301 235 "-" "Mozilla/5.0 (Windows NT 10.0; Win64; x64) AppleWebKit/537.36 (KHTML, like Gecko) Chrome/80.0.3987.149 Safari/537.36"
40.69.155.91 - - [07/Jul/2020:20:03:06 -0700] "GET / HTTP/1.1" 200 79394 "-" "Mozilla/5.0 (Windows NT 10.0; Win64; x64) AppleWebKit/537.36 (KHTML, like Gecko) Chrome/80.0.3987.149 Safari/537.36"
40.69.155.91 - - [07/Jul/2020:20:03:06 -0700] "GET //wp-includes/wlwmanifest.xml HTTP/1.1" 404 225 "-" "Mozilla/5.0 (Windows NT 10.0; Win64; x64) AppleWebKit/537.36 (KHTML, like Gecko) Chrome/80.0.3987.149 Safari/537.36"
40.69.155.91 - - [07/Jul/2020:20:03:06 -0700] "GET //xmlrpc.php?rsd HTTP/1.1" 404 208 "-" "Mozilla/5.0 (Windows NT 10.0; Win64; x64) AppleWebKit/537.36 (KHTML, like Gecko) Chrome/80.0.3987.149 Safari/537.36"
40.69.155.91 - - [07/Jul/2020:20:03:06 -0700] "GET / HTTP/1.1" 200 79394 "-" "Mozilla/5.0 (Windows NT 10.0; Win64; x64) AppleWebKit/537.36 (KHTML, like Gecko) Chrome/80.0.3987.149 Safari/537.36"
40.69.155.91 - - [07/Jul/2020:20:03:06 -0700] "GET //blog/wp-includes/wlwmanifest.xml HTTP/1.1" 404 230 "-" "Mozilla/5.0 (Windows NT 10.0; Win64; x64) AppleWebKit/537.36 (KHTML, like Gecko) Chrome/80.0.3987.149 Safari/537.36"
40.69.155.91 - - [07/Jul/2020:20:03:06 -0700] "GET //web/wp-includes/wlwmanifest.xml HTTP/1.1" 404 229 "-" "Mozilla/5.0 (Windows NT 10.0; Win64; x64) AppleWebKit/537.36 (KHTML, like Gecko) Chrome/80.0.3987.149 Safari/537.36"
40.69.155.91 - - [07/Jul/2020:20:03:07 -0700] "GET //wordpress/wp-includes/wlwmanifest.xml HTTP/1.1" 404 235 "-" "Mozilla/5.0 (Windows NT 10.0; Win64; x64) AppleWebKit/537.36 (KHTML, like Gecko) Chrome/80.0.3987.149 Safari/537.36"
40.69.155.91 - - [07/Jul/2020:20:03:07 -0700] "GET //website/wp-includes/wlwmanifest.xml HTTP/1.1" 404 233 "-" "Mozilla/5.0 (Windows NT 10.0; Win64; x64) AppleWebKit/537.36 (KHTML, like Gecko) Chrome/80.0.3987.149 Safari/537.36"
40.69.155.91 - - [07/Jul/2020:20:03:07 -0700] "GET //wp/wp-includes/wlwmanifest.xml HTTP/1.1" 404 228 "-" "Mozilla/5.0 (Windows NT 10.0; Win64; x64) AppleWebKit/537.36 (KHTML, like Gecko) Chrome/80.0.3987.149 Safari/537.36"
40.69.155.91 - - [07/Jul/2020:20:03:07 -0700] "GET //news/wp-includes/wlwmanifest.xml HTTP/1.1" 404 230 "-" "Mozilla/5.0 (Windows NT 10.0; Win64; x64) AppleWebKit/537.36 (KHTML, like Gecko) Chrome/80.0.3987.149 Safari/537.36"
40.69.155.91 - - [07/Jul/2020:20:03:07 -0700] "GET //2018/wp-includes/wlwmanifest.xml HTTP/1.1" 404 230 "-" "Mozilla/5.0 (Windows NT 10.0; Win64; x64) AppleWebKit/537.36 (KHTML, like Gecko) Chrome/80.0.3987.149 Safari/537.36"
40.69.155.91 - - [07/Jul/2020:20:03:07 -0700] "GET //2019/wp-includes/wlwmanifest.xml HTTP/1.1" 404 230 "-" "Mozilla/5.0 (Windows NT 10.0; Win64; x64) AppleWebKit/537.36 (KHTML, like Gecko) Chrome/80.0.3987.149 Safari/537.36"
40.69.155.91 - - [07/Jul/2020:20:03:07 -0700] "GET //shop/wp-includes/wlwmanifest.xml HTTP/1.1" 404 230 "-" "Mozilla/5.0 (Windows NT 10.0; Win64; x64) AppleWebKit/537.36 (KHTML, like Gecko) Chrome/80.0.3987.149 Safari/537.36"
40.69.155.91 - - [07/Jul/2020:20:03:07 -0700] "GET //wp1/wp-includes/wlwmanifest.xml HTTP/1.1" 404 229 "-" "Mozilla/5.0 (Windows NT 10.0; Win64; x64) AppleWebKit/537.36 (KHTML, like Gecko) Chrome/80.0.3987.149 Safari/537.36"
40.69.155.91 - - [07/Jul/2020:20:03:07 -0700] "GET //test/wp-includes/wlwmanifest.xml HTTP/1.1" 404 230 "-" "Mozilla/5.0 (Windows NT 10.0; Win64; x64) AppleWebKit/537.36 (KHTML, like Gecko) Chrome/80.0.3987.149 Safari/537.36"
40.69.155.91 - - [07/Jul/2020:20:03:07 -0700] "GET //media/wp-includes/wlwmanifest.xml HTTP/1.1" 404 231 "-" "Mozilla/5.0 (Windows NT 10.0; Win64; x64) AppleWebKit/537.36 (KHTML, like Gecko) Chrome/80.0.3987.149 Safari/537.36"
40.69.155.91 - - [07/Jul/2020:20:03:07 -0700] "GET //wp2/wp-includes/wlwmanifest.xml HTTP/1.1" 404 229 "-" "Mozilla/5.0 (Windows NT 10.0; Win64; x64) AppleWebKit/537.36 (KHTML, like Gecko) Chrome/80.0.3987.149 Safari/537.36"
40.69.155.91 - - [07/Jul/2020:20:03:07 -0700] "GET //site/wp-includes/wlwmanifest.xml HTTP/1.1" 404 230 "-" "Mozilla/5.0 (Windows NT 10.0; Win64; x64) AppleWebKit/537.36 (KHTML, like Gecko) Chrome/80.0.3987.149 Safari/537.36"
40.69.155.91 - - [07/Jul/2020:20:03:07 -0700] "GET //cms/wp-includes/wlwmanifest.xml HTTP/1.1" 404 229 "-" "Mozilla/5.0 (Windows NT 10.0; Win64; x64) AppleWebKit/537.36 (KHTML, like Gecko) Chrome/80.0.3987.149 Safari/537.36"
40.69.155.91 - - [07/Jul/2020:20:03:07 -0700] "GET //sito/wp-includes/wlwmanifest.xml HTTP/1.1" 404 230 "-" "Mozilla/5.0 (Windows NT 10.0; Win64; x64) AppleWebKit/537.36 (KHTML, like Gecko) Chrome/80.0.3987.149 Safari/537.36"
5.140.233.250 - - [07/Jul/2020:20:11:57 -0700] "GET / HTTP/1.0" 301 235 "http://rndsquared.com/" "Mozilla/5.0 (Windows NT 6.1) AppleWebKit/537.36 (KHTML, like Gecko) Chrome/67.0.3396.99 Safari/537.36 Kinza/4.8.2"
5.140.233.250 - - [07/Jul/2020:20:11:59 -0700] "GET / HTTP/1.0" 200 79394 "https://www.rndsquared.com/" "Mozilla/5.0 (Windows NT 6.1) AppleWebKit/537.36 (KHTML, like Gecko) Chrome/67.0.3396.99 Safari/537.36 Kinza/4.8.2"
5.140.233.250 - - [07/Jul/2020:20:12:02 -0700] "POST / HTTP/1.0" 200 79394 "https://www.rndsquared.com/" "Mozilla/5.0 (Windows NT 6.1) AppleWebKit/537.36 (KHTML, like Gecko) Chrome/67.0.3396.99 Safari/537.36 Kinza/4.8.2"
5.140.233.250 - - [07/Jul/2020:20:12:03 -0700] "GET / HTTP/1.0" 301 235 "http://rndsquared.com/" "Mozilla/5.0 (Windows NT 6.1) AppleWebKit/537.36 (KHTML, like Gecko) Chrome/67.0.3396.99 Safari/537.36 Kinza/4.8.2"
5.140.233.250 - - [07/Jul/2020:20:12:04 -0700] "GET / HTTP/1.0" 301 235 "http://rndsquared.com/" "Mozilla/5.0 (Windows NT 6.1) AppleWebKit/537.36 (KHTML, like Gecko) Chrome/67.0.3396.99 Safari/537.36 Kinza/4.8.2"
5.140.233.250 - - [07/Jul/2020:20:12:10 -0700] "GET /img/sfnoir/1.jpg HTTP/1.0" 301 235 "http://www.rndsquared.com/img/sfnoir/1.jpg" "Mozilla/5.0 (Windows NT 6.1) AppleWebKit/537.36 (KHTML, like Gecko) Chrome/67.0.3396.99 Safari/537.36 Kinza/4.8.2"
5.140.233.250 - - [07/Jul/2020:20:12:12 -0700] "GET / HTTP/1.0" 200 79394 "https://www.rndsquared.com/" "Mozilla/5.0 (Windows NT 6.1) AppleWebKit/537.36 (KHTML, like Gecko) Chrome/67.0.3396.99 Safari/537.36 Kinza/4.8.2"
5.140.233.250 - - [07/Jul/2020:20:12:13 -0700] "POST / HTTP/1.0" 200 79394 "https://www.rndsquared.com/" "Mozilla/5.0 (Windows NT 6.1) AppleWebKit/537.36 (KHTML, like Gecko) Chrome/67.0.3396.99 Safari/537.36 Kinza/4.8.2"
216.244.66.197 - - [07/Jul/2020:21:02:08 -0700] "GET /img/oncekids-fujimini/3.jpg HTTP/1.1" 200 143020 "-" "Mozilla/5.0 (compatible; DotBot/1.1; http://www.opensiteexplorer.org/dotbot, help@moz.com)"
216.244.66.197 - - [07/Jul/2020:21:02:14 -0700] "GET /img/wu-wei/9.jpg HTTP/1.1" 200 398953 "-" "Mozilla/5.0 (compatible; DotBot/1.1; http://www.opensiteexplorer.org/dotbot, help@moz.com)"
216.244.66.197 - - [07/Jul/2020:21:45:47 -0700] "GET /img/mixman/7.jpg HTTP/1.1" 200 107323 "-" "Mozilla/5.0 (compatible; DotBot/1.1; http://www.opensiteexplorer.org/dotbot, help@moz.com)"
145.255.21.196 - - [07/Jul/2020:21:51:27 -0700] "GET / HTTP/1.0" 301 235 "http://rndsquared.com/" "Mozilla/5.0 (Windows NT 6.1; WOW64) AppleWebKit/537.36 (KHTML, like Gecko) Chrome/67.0.3396.87 Safari/537.36 OPR/54.0.2952.64 (Edition Yx)"
145.255.21.196 - - [07/Jul/2020:21:51:28 -0700] "GET / HTTP/1.0" 200 79394 "https://www.rndsquared.com/" "Mozilla/5.0 (Windows NT 6.1; WOW64) AppleWebKit/537.36 (KHTML, like Gecko) Chrome/67.0.3396.87 Safari/537.36 OPR/54.0.2952.64 (Edition Yx)"
145.255.21.196 - - [07/Jul/2020:21:51:29 -0700] "GET /img/sfnoir/1.jpg HTTP/1.0" 200 77798 "https://www.rndsquared.com/img/sfnoir/1.jpg" "Mozilla/5.0 (Windows NT 6.1; WOW64) AppleWebKit/537.36 (KHTML, like Gecko) Chrome/67.0.3396.87 Safari/537.36 OPR/54.0.2952.64 (Edition Yx)"
145.255.21.196 - - [07/Jul/2020:21:51:30 -0700] "GET /img/sfnoir/4.jpg HTTP/1.0" 200 126425 "https://www.rndsquared.com/img/sfnoir/4.jpg" "Mozilla/5.0 (Windows NT 6.1; WOW64) AppleWebKit/537.36 (KHTML, like Gecko) Chrome/67.0.3396.87 Safari/537.36 OPR/54.0.2952.64 (Edition Yx)"
216.244.66.197 - - [07/Jul/2020:23:44:56 -0700] "GET /img/autumn/6.jpg HTTP/1.1" 200 149484 "-" "Mozilla/5.0 (compatible; DotBot/1.1; http://www.opensiteexplorer.org/dotbot, help@moz.com)"
216.244.66.197 - - [07/Jul/2020:23:45:03 -0700] "GET /img/bs4w/8.jpg HTTP/1.1" 200 67708 "-" "Mozilla/5.0 (compatible; DotBot/1.1; http://www.opensiteexplorer.org/dotbot, help@moz.com)"
216.244.66.197 - - [07/Jul/2020:23:45:07 -0700] "GET /img/oncekids-fujimini/1.jpg HTTP/1.1" 200 109257 "-" "Mozilla/5.0 (compatible; DotBot/1.1; http://www.opensiteexplorer.org/dotbot, help@moz.com)"
192.99.36.177 - - [08/Jul/2020:00:00:08 -0700] "GET /wp-login.php HTTP/1.1" 301 247 "-" "Mozilla/5.0 (Windows NT 10.0; WOW64) AppleWebKit/537.36 (KHTML, like Gecko) Chrome/46.0.2490.80 Safari/537.36"
192.99.36.177 - - [08/Jul/2020:00:00:49 -0700] "GET /wp-login.php HTTP/1.1" 404 210 "-" "Mozilla/5.0 (Windows NT 10.0; WOW64) AppleWebKit/537.36 (KHTML, like Gecko) Chrome/46.0.2490.80 Safari/537.36"
192.99.36.177 - - [08/Jul/2020:00:01:45 -0700] "GET /robots.txt HTTP/1.1" 301 245 "-" "Mozilla/5.0 (Windows NT 10.0; WOW64) AppleWebKit/537.36 (KHTML, like Gecko) Chrome/46.0.2490.80 Safari/537.36"
192.99.36.177 - - [08/Jul/2020:00:02:31 -0700] "GET /robots.txt HTTP/1.1" 404 208 "-" "Mozilla/5.0 (Windows NT 10.0; WOW64) AppleWebKit/537.36 (KHTML, like Gecko) Chrome/46.0.2490.80 Safari/537.36"
66.249.73.220 - - [08/Jul/2020:00:55:08 -0700] "GET /robots.txt HTTP/1.1" 301 235 "-" "Mozilla/5.0 (compatible; Googlebot/2.1; +http://www.google.com/bot.html)"
66.249.73.221 - - [08/Jul/2020:00:55:08 -0700] "GET / HTTP/1.1" 301 235 "-" "Mozilla/5.0 (compatible; Googlebot/2.1; +http://www.google.com/bot.html)"
66.249.73.196 - - [08/Jul/2020:00:55:09 -0700] "GET / HTTP/1.1" 200 17429 "-" "Mozilla/5.0 (compatible; Googlebot/2.1; +http://www.google.com/bot.html)"
66.249.73.221 - - [08/Jul/2020:01:21:26 -0700] "GET /img/mixman/thumbs/19.jpg HTTP/1.1" 301 235 "-" "Googlebot-Image/1.0"
66.249.73.192 - - [08/Jul/2020:01:21:27 -0700] "GET / HTTP/1.1" 200 17429 "-" "Googlebot-Image/1.0"
66.249.73.221 - - [08/Jul/2020:01:41:30 -0700] "GET /img/njn/thumbs/2.jpg HTTP/1.1" 301 235 "-" "Googlebot-Image/1.0"
66.249.73.221 - - [08/Jul/2020:02:31:30 -0700] "GET /img/bs4w/thumbs/2.jpg HTTP/1.1" 301 235 "-" "Googlebot-Image/1.0"
144.76.137.254 - - [08/Jul/2020:02:42:53 -0700] "GET /robots.txt HTTP/1.1" 301 235 "-" "Mozilla/5.0 (compatible; MJ12bot/v1.4.8; http://mj12bot.com/)"
144.76.137.254 - - [08/Jul/2020:02:42:55 -0700] "GET / HTTP/1.1" 200 79394 "-" "Mozilla/5.0 (compatible; MJ12bot/v1.4.8; http://mj12bot.com/)"
144.76.137.254 - - [08/Jul/2020:02:42:58 -0700] "GET / HTTP/1.1" 301 235 "-" "Mozilla/5.0 (compatible; MJ12bot/v1.4.8; http://mj12bot.com/)"
144.76.137.254 - - [08/Jul/2020:02:42:59 -0700] "GET / HTTP/1.1" 200 17429 "-" "Mozilla/5.0 (compatible; MJ12bot/v1.4.8; http://mj12bot.com/)"
54.36.148.108 - - [08/Jul/2020:03:04:06 -0700] "GET /robots.txt HTTP/1.1" 301 235 "-" "Mozilla/5.0 (compatible; AhrefsBot/6.1; +http://ahrefs.com/robot/)"
54.36.148.108 - - [08/Jul/2020:03:04:07 -0700] "GET / HTTP/1.1" 200 17429 "-" "Mozilla/5.0 (compatible; AhrefsBot/6.1; +http://ahrefs.com/robot/)"
66.249.73.192 - - [08/Jul/2020:03:04:08 -0700] "GET / HTTP/1.1" 200 17429 "-" "Mozilla/5.0 (Linux; Android 6.0.1; Nexus 5X Build/MMB29P) AppleWebKit/537.36 (KHTML, like Gecko) Chrome/80.0.3987.92 Mobile Safari/537.36 (compatible; Googlebot/2.1; +http://www.google.com/bot.html)"
77.75.79.62 - - [08/Jul/2020:03:36:50 -0700] "GET /robots.txt HTTP/1.1" 301 235 "-" "Mozilla/5.0 (compatible; SeznamBot/3.2; +http://napoveda.seznam.cz/en/seznambot-intro/)"
77.75.79.62 - - [08/Jul/2020:03:37:00 -0700] "GET /img/oncekids-fujimini/8.jpg HTTP/1.1" 301 235 "-" "Mozilla/5.0 (compatible; SeznamBot/3.2; +http://napoveda.seznam.cz/en/seznambot-intro/)"
66.249.73.222 - - [08/Jul/2020:03:50:35 -0700] "GET / HTTP/1.1" 301 235 "-" "Mozilla/5.0 (Linux; Android 6.0.1; Nexus 5X Build/MMB29P) AppleWebKit/537.36 (KHTML, like Gecko) Chrome/80.0.3987.92 Mobile Safari/537.36 (compatible; Googlebot/2.1; +http://www.google.com/bot.html)"
216.244.66.197 - - [08/Jul/2020:03:59:18 -0700] "GET /img/njn/1.jpg HTTP/1.1" 200 88793 "-" "Mozilla/5.0 (compatible; DotBot/1.1; http://www.opensiteexplorer.org/dotbot, help@moz.com)"
216.244.66.197 - - [08/Jul/2020:03:59:23 -0700] "GET /img/praxis/praxisoutside.png HTTP/1.1" 200 638123 "-" "Mozilla/5.0 (compatible; DotBot/1.1; http://www.opensiteexplorer.org/dotbot, help@moz.com)"
107.161.84.85 - - [08/Jul/2020:04:44:37 -0700] "GET / HTTP/1.0" 301 235 "-" "Mozilla/5.0 (X11; Linux i686 on x86_64; rv:50.0) Gecko/20100101 Firefox/50.0"
216.244.66.197 - - [08/Jul/2020:04:45:03 -0700] "GET /img/wu-wei/1.jpg HTTP/1.1" 200 323401 "-" "Mozilla/5.0 (compatible; DotBot/1.1; http://www.opensiteexplorer.org/dotbot, help@moz.com)"
216.244.66.197 - - [08/Jul/2020:04:45:10 -0700] "GET /img/wu-wei/3.jpg HTTP/1.1" 200 173337 "-" "Mozilla/5.0 (compatible; DotBot/1.1; http://www.opensiteexplorer.org/dotbot, help@moz.com)"
66.249.73.222 - - [08/Jul/2020:05:11:30 -0700] "GET /img/oncekids-fujimini/thumbs/4.jpg HTTP/1.1" 301 235 "-" "Googlebot-Image/1.0"
66.249.73.194 - - [08/Jul/2020:05:11:31 -0700] "GET /robots.txt HTTP/1.1" 404 208 "-" "Mozilla/5.0 (compatible; Googlebot/2.1; +http://www.google.com/bot.html)"
162.243.167.137 - - [08/Jul/2020:05:16:12 -0700] "HEAD / HTTP/1.1" 301 - "google.com" "Mozilla"
192.36.52.37 - - [08/Jul/2020:05:32:29 -0700] "GET /robots.txt HTTP/1.1" 301 235 "-" "Go-http-client/1.1"
192.71.3.26 - - [08/Jul/2020:05:32:30 -0700] "GET / HTTP/1.1" 200 17429 "http://rndsquared.com/robots.txt" "Go-http-client/1.1"
192.36.53.165 - - [08/Jul/2020:05:32:30 -0700] "GET /humans.txt HTTP/1.1" 301 235 "-" "Go-http-client/1.1"
192.71.3.26 - - [08/Jul/2020:05:32:31 -0700] "GET / HTTP/1.1" 200 17429 "http://rndsquared.com/humans.txt" "Go-http-client/1.1"
192.71.44.44 - - [08/Jul/2020:05:32:31 -0700] "GET /ads.txt HTTP/1.1" 301 235 "-" "Go-http-client/1.1"
192.71.30.89 - - [08/Jul/2020:05:32:32 -0700] "GET / HTTP/1.1" 200 17429 "http://rndsquared.com/ads.txt" "Go-http-client/1.1"
192.71.44.44 - - [08/Jul/2020:05:32:33 -0700] "GET / HTTP/1.1" 301 235 "-" "Go-http-client/1.1"
192.36.52.37 - - [08/Jul/2020:05:32:34 -0700] "GET / HTTP/1.1" 200 17429 "http://rndsquared.com/" "Go-http-client/1.1"
46.172.223.105 - - [08/Jul/2020:05:46:13 -0700] "GET / HTTP/1.1" 301 235 "https://meteocast.net/" "Mozilla/5.0 (Windows NT 6.1; Win64; x64; rv:60.0) Gecko/20100101 Firefox/60.0"
46.172.223.105 - - [08/Jul/2020:05:46:15 -0700] "GET / HTTP/1.1" 200 17429 "https://meteocast.net/" "Mozilla/5.0 (Windows NT 6.1; Win64; x64; rv:60.0) Gecko/20100101 Firefox/60.0"
66.249.73.222 - - [08/Jul/2020:06:01:29 -0700] "GET /img/wu-wei/thumbs/4.jpg HTTP/1.1" 301 235 "-" "Googlebot-Image/1.0"
66.249.73.221 - - [08/Jul/2020:06:11:27 -0700] "GET /img/wu-wei/thumbs/6.jpg HTTP/1.1" 301 235 "-" "Googlebot-Image/1.0"
114.119.167.140 - - [08/Jul/2020:06:12:31 -0700] "GET /robots.txt HTTP/1.1" 404 208 "-" "(compatible;PetalBot;+https://aspiegel.com/petalbot)"
66.249.73.221 - - [08/Jul/2020:06:31:26 -0700] "GET /img/sfnoir/thumbs/7.jpg HTTP/1.1" 301 235 "-" "Googlebot-Image/1.0"
93.158.161.25 - - [08/Jul/2020:06:49:11 -0700] "GET /robots.txt HTTP/1.1" 301 235 "-" "Mozilla/5.0 (compatible; YandexBot/3.0; +http://yandex.com/bots)"
77.88.5.186 - - [08/Jul/2020:06:49:12 -0700] "GET / HTTP/1.1" 200 79394 "-" "Mozilla/5.0 (compatible; YandexBot/3.0; +http://yandex.com/bots)"
77.88.5.126 - - [08/Jul/2020:06:49:15 -0700] "GET /favicon.ico HTTP/1.1" 301 235 "-" "Mozilla/5.0 (compatible; YandexBot/3.0; +http://yandex.com/bots)"
77.88.5.126 - - [08/Jul/2020:06:49:16 -0700] "GET /robots.txt HTTP/1.1" 404 208 "-" "Mozilla/5.0 (compatible; YandexBot/3.0; +http://yandex.com/bots)"
77.88.5.126 - - [08/Jul/2020:06:49:19 -0700] "GET / HTTP/1.1" 200 17429 "-" "Mozilla/5.0 (compatible; YandexBot/3.0; +http://yandex.com/bots)"
66.249.73.222 - - [08/Jul/2020:07:11:36 -0700] "GET /img/praxis/praxisHS.png HTTP/1.1" 301 235 "-" "Googlebot-Image/1.0"
77.75.77.17 - - [08/Jul/2020:07:12:14 -0700] "GET /img/oncekids-fujimini/1.jpg HTTP/1.1" 304 - "-" "Mozilla/5.0 (compatible; SeznamBot/3.2; +http://napoveda.seznam.cz/en/seznambot-intro/)"
114.119.165.56 - - [08/Jul/2020:07:27:41 -0700] "GET /robots.txt HTTP/1.1" 301 245 "-" "(compatible;PetalBot;+https://aspiegel.com/petalbot)"
114.119.165.56 - - [08/Jul/2020:07:27:42 -0700] "GET /robots.txt HTTP/1.1" 404 208 "-" "(compatible;PetalBot;+https://aspiegel.com/petalbot)"
94.103.95.137 - - [08/Jul/2020:07:54:09 -0700] "GET / HTTP/1.0" 301 235 "-" "Mozilla/5.0 (Windows NT 6.3; Win64; x64) AppleWebKit/537.36 (KHTML, like Gecko) Chrome/75.0.3770.100 Safari/537.36"
94.103.95.137 - - [08/Jul/2020:07:54:10 -0700] "GET / HTTP/1.0" 200 79394 "-" "Mozilla/5.0 (Windows NT 6.3; Win64; x64) AppleWebKit/537.36 (KHTML, like Gecko) Chrome/75.0.3770.100 Safari/537.36"
173.236.152.135 - - [08/Jul/2020:08:01:58 -0700] "GET /wp-login.php HTTP/1.1" 301 235 "-" "Mozilla/5.0 (X11; Ubuntu; Linux x86_64; rv:62.0) Gecko/20100101 Firefox/62.0"
173.236.152.135 - - [08/Jul/2020:08:01:58 -0700] "GET / HTTP/1.1" 200 17429 "http://www.rndsquared.com/wp-login.php" "Mozilla/5.0 (X11; Ubuntu; Linux x86_64; rv:62.0) Gecko/20100101 Firefox/62.0"
66.249.73.194 - - [08/Jul/2020:08:17:40 -0700] "GET / HTTP/1.1" 200 17429 "-" "Mozilla/5.0 (compatible; Googlebot/2.1; +http://www.google.com/bot.html)"
157.55.39.80 - - [08/Jul/2020:09:28:46 -0700] "GET / HTTP/1.1" 301 235 "-" "Mozilla/5.0 (compatible; bingbot/2.0; +http://www.bing.com/bingbot.htm)"
114.119.162.32 - - [08/Jul/2020:09:54:39 -0700] "GET /robots.txt HTTP/1.1" 301 235 "-" "(compatible;PetalBot;+https://aspiegel.com/petalbot)"
114.119.162.32 - - [08/Jul/2020:09:54:40 -0700] "GET / HTTP/1.1" 200 17429 "-" "(compatible;PetalBot;+https://aspiegel.com/petalbot)"
216.244.66.197 - - [08/Jul/2020:10:31:58 -0700] "GET /img/bs4w/3.jpg HTTP/1.1" 200 74030 "-" "Mozilla/5.0 (compatible; DotBot/1.1; http://www.opensiteexplorer.org/dotbot, help@moz.com)"
157.55.39.17 - - [08/Jul/2020:11:23:23 -0700] "GET /robots.txt HTTP/1.1" 301 235 "-" "Mozilla/5.0 (compatible; bingbot/2.0; +http://www.bing.com/bingbot.htm)"
157.55.39.17 - - [08/Jul/2020:11:23:23 -0700] "GET / HTTP/1.1" 200 17429 "-" "Mozilla/5.0 (compatible; bingbot/2.0; +http://www.bing.com/bingbot.htm)"
77.75.76.170 - - [08/Jul/2020:11:39:43 -0700] "GET /robots.txt HTTP/1.1" 404 208 "-" "Mozilla/5.0 (compatible; SeznamBot/3.2; +http://napoveda.seznam.cz/en/seznambot-intro/)"
77.75.76.170 - - [08/Jul/2020:11:39:54 -0700] "GET /img/luminous/luminousMulti.png HTTP/1.1" 304 - "-" "Mozilla/5.0 (compatible; SeznamBot/3.2; +http://napoveda.seznam.cz/en/seznambot-intro/)"
175.44.42.174 - - [08/Jul/2020:11:48:40 -0700] "GET / HTTP/1.1" 301 235 "http://www.swrh.net/blog/26564535/tips-to-get-organic-traffic-to-your-website/" "Mozilla/5.0 (Windows NT 10.0; Win64; x64) AppleWebKit/537.36 (KHTML, like Gecko) Chrome/83.0.4103.106 Safari/537.36"
175.44.42.174 - - [08/Jul/2020:11:48:41 -0700] "GET / HTTP/1.1" 200 17429 "http://www.swrh.net/blog/26564535/tips-to-get-organic-traffic-to-your-website/" "Mozilla/5.0 (Windows NT 10.0; Win64; x64) AppleWebKit/537.36 (KHTML, like Gecko) Chrome/83.0.4103.106 Safari/537.36"
88.147.152.85 - - [08/Jul/2020:11:54:06 -0700] "GET / HTTP/1.0" 301 235 "http://rndsquared.com/" "Mozilla/5.0 (Windows NT 6.1; Win64; x64) AppleWebKit/537.36 (KHTML, like Gecko) Chrome/67.0.3396.87 Safari/537.36 OPR/54.0.2952.64"
88.147.152.85 - - [08/Jul/2020:11:54:07 -0700] "GET / HTTP/1.0" 200 79394 "https://www.rndsquared.com/" "Mozilla/5.0 (Windows NT 6.1; Win64; x64) AppleWebKit/537.36 (KHTML, like Gecko) Chrome/67.0.3396.87 Safari/537.36 OPR/54.0.2952.64"
88.147.152.85 - - [08/Jul/2020:11:54:09 -0700] "POST / HTTP/1.0" 200 79394 "https://www.rndsquared.com/" "Mozilla/5.0 (Windows NT 6.1; Win64; x64) AppleWebKit/537.36 (KHTML, like Gecko) Chrome/67.0.3396.87 Safari/537.36 OPR/54.0.2952.64"
88.147.152.85 - - [08/Jul/2020:11:54:10 -0700] "GET / HTTP/1.0" 301 235 "http://rndsquared.com/" "Mozilla/5.0 (Windows NT 6.1; Win64; x64) AppleWebKit/537.36 (KHTML, like Gecko) Chrome/67.0.3396.87 Safari/537.36 OPR/54.0.2952.64"
88.147.152.85 - - [08/Jul/2020:11:54:11 -0700] "GET / HTTP/1.0" 301 235 "http://rndsquared.com/" "Mozilla/5.0 (Windows NT 6.1; Win64; x64) AppleWebKit/537.36 (KHTML, like Gecko) Chrome/67.0.3396.87 Safari/537.36 OPR/54.0.2952.64"
88.147.152.85 - - [08/Jul/2020:11:54:12 -0700] "GET / HTTP/1.0" 301 235 "http://rndsquared.com/" "Mozilla/5.0 (Windows NT 6.1; Win64; x64) AppleWebKit/537.36 (KHTML, like Gecko) Chrome/67.0.3396.87 Safari/537.36 OPR/54.0.2952.64"
88.147.152.85 - - [08/Jul/2020:11:54:12 -0700] "GET /img/sfnoir/1.jpg HTTP/1.0" 301 235 "http://www.rndsquared.com/img/sfnoir/1.jpg" "Mozilla/5.0 (Windows NT 6.1; Win64; x64) AppleWebKit/537.36 (KHTML, like Gecko) Chrome/67.0.3396.87 Safari/537.36 OPR/54.0.2952.64"
88.147.152.85 - - [08/Jul/2020:11:54:13 -0700] "GET / HTTP/1.0" 200 79394 "https://www.rndsquared.com/" "Mozilla/5.0 (Windows NT 6.1; Win64; x64) AppleWebKit/537.36 (KHTML, like Gecko) Chrome/67.0.3396.87 Safari/537.36 OPR/54.0.2952.64"
88.147.152.85 - - [08/Jul/2020:11:54:15 -0700] "POST / HTTP/1.0" 200 79394 "https://www.rndsquared.com/" "Mozilla/5.0 (Windows NT 6.1; Win64; x64) AppleWebKit/537.36 (KHTML, like Gecko) Chrome/67.0.3396.87 Safari/537.36 OPR/54.0.2952.64"
5.188.210.18 - - [08/Jul/2020:12:09:26 -0700] "GET / HTTP/1.0" 301 235 "http://rndsquared.com/" "Mozilla/5.0 (Windows NT 6.1; Win64; x64) AppleWebKit/537.36 (KHTML, like Gecko) Chrome/68.0.3440.106 Safari/537.36"
5.188.210.18 - - [08/Jul/2020:12:09:27 -0700] "GET / HTTP/1.0" 200 79394 "https://www.rndsquared.com/" "Mozilla/5.0 (Windows NT 6.1; Win64; x64) AppleWebKit/537.36 (KHTML, like Gecko) Chrome/68.0.3440.106 Safari/537.36"
5.188.210.18 - - [08/Jul/2020:12:09:29 -0700] "GET /img/sfnoir/1.jpg HTTP/1.0" 200 77798 "https://www.rndsquared.com/img/sfnoir/1.jpg" "Mozilla/5.0 (Windows NT 6.1; Win64; x64) AppleWebKit/537.36 (KHTML, like Gecko) Chrome/68.0.3440.106 Safari/537.36"
5.188.210.18 - - [08/Jul/2020:12:09:30 -0700] "GET /img/sfnoir/4.jpg HTTP/1.0" 200 126425 "https://www.rndsquared.com/img/sfnoir/4.jpg" "Mozilla/5.0 (Windows NT 6.1; Win64; x64) AppleWebKit/537.36 (KHTML, like Gecko) Chrome/68.0.3440.106 Safari/537.36"
35.243.196.77 - - [08/Jul/2020:13:15:08 -0700] "GET /robots.txt HTTP/1.0" 301 235 "-" "ZoominfoBot (zoominfobot at zoominfo dot com)"
35.243.196.77 - - [08/Jul/2020:13:15:09 -0700] "GET / HTTP/1.1" 200 17429 "-" "ZoominfoBot (zoominfobot at zoominfo dot com)"
35.243.196.77 - - [08/Jul/2020:13:15:09 -0700] "GET / HTTP/1.0" 301 235 "-" "ZoominfoBot (zoominfobot at zoominfo dot com)"
35.243.196.77 - - [08/Jul/2020:13:16:29 -0700] "GET /robots.txt HTTP/1.0" 301 235 "-" "ZoominfoBot (zoominfobot at zoominfo dot com)"
35.243.196.77 - - [08/Jul/2020:13:16:29 -0700] "GET / HTTP/1.1" 200 17429 "-" "ZoominfoBot (zoominfobot at zoominfo dot com)"
35.243.196.77 - - [08/Jul/2020:13:16:30 -0700] "GET / HTTP/1.0" 301 235 "-" "ZoominfoBot (zoominfobot at zoominfo dot com)"
35.243.196.77 - - [08/Jul/2020:13:16:30 -0700] "GET /robots.txt HTTP/1.0" 404 208 "-" "ZoominfoBot (zoominfobot at zoominfo dot com)"
35.243.196.77 - - [08/Jul/2020:13:16:30 -0700] "GET / HTTP/1.0" 200 17429 "-" "ZoominfoBot (zoominfobot at zoominfo dot com)"
185.136.159.30 - - [08/Jul/2020:13:37:12 -0700] "GET / HTTP/1.0" 301 235 "http://rndsquared.com/" "Mozilla/5.0 (Windows NT 6.1; Win64; x64) AppleWebKit/537.36 (KHTML, like Gecko) Chrome/67.0.3396.99 Safari/537.36"
185.136.159.30 - - [08/Jul/2020:13:37:12 -0700] "GET / HTTP/1.0" 200 79394 "https://www.rndsquared.com/" "Mozilla/5.0 (Windows NT 6.1; Win64; x64) AppleWebKit/537.36 (KHTML, like Gecko) Chrome/67.0.3396.99 Safari/537.36"
185.136.159.30 - - [08/Jul/2020:13:37:13 -0700] "GET /img/sfnoir/1.jpg HTTP/1.0" 200 77798 "https://www.rndsquared.com/img/sfnoir/1.jpg" "Mozilla/5.0 (Windows NT 6.1; Win64; x64) AppleWebKit/537.36 (KHTML, like Gecko) Chrome/67.0.3396.99 Safari/537.36"
185.136.159.30 - - [08/Jul/2020:13:37:14 -0700] "GET /img/sfnoir/4.jpg HTTP/1.0" 200 126425 "https://www.rndsquared.com/img/sfnoir/4.jpg" "Mozilla/5.0 (Windows NT 6.1; Win64; x64) AppleWebKit/537.36 (KHTML, like Gecko) Chrome/67.0.3396.99 Safari/537.36"
216.244.66.197 - - [08/Jul/2020:14:01:02 -0700] "GET /robots.txt HTTP/1.1" 301 235 "-" "Mozilla/5.0 (compatible; DotBot/1.1; http://www.opensiteexplorer.org/dotbot, help@moz.com)"
216.244.66.197 - - [08/Jul/2020:14:01:02 -0700] "GET / HTTP/1.1" 200 79394 "-" "Mozilla/5.0 (compatible; DotBot/1.1; http://www.opensiteexplorer.org/dotbot, help@moz.com)"
216.244.66.197 - - [08/Jul/2020:14:07:10 -0700] "GET /img/sfnoir/6.jpg HTTP/1.1" 200 112789 "-" "Mozilla/5.0 (compatible; DotBot/1.1; http://www.opensiteexplorer.org/dotbot, help@moz.com)"
35.196.136.45 - - [08/Jul/2020:14:18:31 -0700] "GET /robots.txt HTTP/1.0" 301 235 "-" "ZoominfoBot (zoominfobot at zoominfo dot com)"
35.196.136.45 - - [08/Jul/2020:14:18:31 -0700] "GET / HTTP/1.1" 200 17429 "-" "ZoominfoBot (zoominfobot at zoominfo dot com)"
35.196.136.45 - - [08/Jul/2020:14:18:32 -0700] "GET / HTTP/1.0" 301 235 "-" "ZoominfoBot (zoominfobot at zoominfo dot com)"
35.196.136.45 - - [08/Jul/2020:14:19:36 -0700] "GET /robots.txt HTTP/1.0" 301 235 "-" "ZoominfoBot (zoominfobot at zoominfo dot com)"
35.196.136.45 - - [08/Jul/2020:14:19:36 -0700] "GET / HTTP/1.1" 200 17429 "-" "ZoominfoBot (zoominfobot at zoominfo dot com)"
35.196.136.45 - - [08/Jul/2020:14:19:36 -0700] "GET / HTTP/1.0" 301 235 "-" "ZoominfoBot (zoominfobot at zoominfo dot com)"
35.196.136.45 - - [08/Jul/2020:14:19:36 -0700] "GET /robots.txt HTTP/1.0" 404 208 "-" "ZoominfoBot (zoominfobot at zoominfo dot com)"
35.196.136.45 - - [08/Jul/2020:14:19:37 -0700] "GET / HTTP/1.0" 200 17429 "-" "ZoominfoBot (zoominfobot at zoominfo dot com)"
188.114.35.41 - - [08/Jul/2020:15:14:55 -0700] "GET / HTTP/1.0" 301 235 "http://rndsquared.com/" "Mozilla/5.0 (Windows NT 6.1; Win64; x64) AppleWebKit/537.36 (KHTML, like Gecko) Chrome/67.0.3396.87 Safari/537.36 OPR/54.0.2952.51"
216.244.66.197 - - [08/Jul/2020:15:20:48 -0700] "GET /img/oncekids-fujimini/7.jpg HTTP/1.1" 200 153636 "-" "Mozilla/5.0 (compatible; DotBot/1.1; http://www.opensiteexplorer.org/dotbot, help@moz.com)"
82.223.83.130 - - [08/Jul/2020:16:04:13 -0700] "GET / HTTP/1.0" 301 235 "http://rndsquared.com/" "Mozilla/5.0 (Windows NT 6.3; Win64; x64) AppleWebKit/537.36 (KHTML, like Gecko) Chrome/65.0.3325.146 Safari/537.36"
82.223.83.130 - - [08/Jul/2020:16:04:14 -0700] "GET / HTTP/1.0" 200 79394 "https://www.rndsquared.com/" "Mozilla/5.0 (Windows NT 6.3; Win64; x64) AppleWebKit/537.36 (KHTML, like Gecko) Chrome/65.0.3325.146 Safari/537.36"
82.223.83.130 - - [08/Jul/2020:16:04:16 -0700] "POST / HTTP/1.0" 200 79394 "https://www.rndsquared.com/" "Mozilla/5.0 (Windows NT 6.3; Win64; x64) AppleWebKit/537.36 (KHTML, like Gecko) Chrome/65.0.3325.146 Safari/537.36"
216.244.66.197 - - [08/Jul/2020:16:09:16 -0700] "GET /img/autumn/2.jpg HTTP/1.1" 200 292159 "-" "Mozilla/5.0 (compatible; DotBot/1.1; http://www.opensiteexplorer.org/dotbot, help@moz.com)"
216.244.66.197 - - [08/Jul/2020:16:09:24 -0700] "GET /img/autumn/8.jpg HTTP/1.1" 200 100218 "-" "Mozilla/5.0 (compatible; DotBot/1.1; http://www.opensiteexplorer.org/dotbot, help@moz.com)"
216.244.66.197 - - [08/Jul/2020:16:09:27 -0700] "GET /img/mixman/6.jpg HTTP/1.1" 200 105501 "-" "Mozilla/5.0 (compatible; DotBot/1.1; http://www.opensiteexplorer.org/dotbot, help@moz.com)"
17.58.99.208 - - [08/Jul/2020:16:45:28 -0700] "GET /robots.txt HTTP/1.1" 301 235 "-" "Mozilla/5.0 (Macintosh; Intel Mac OS X 10_15_5) AppleWebKit/605.1.15 (KHTML, like Gecko) Version/13.1.1 Safari/605.1.15 (Applebot/0.1; +http://www.apple.com/go/applebot)"
17.58.97.223 - - [08/Jul/2020:16:45:28 -0700] "GET / HTTP/1.1" 200 17429 "-" "Mozilla/5.0 (Macintosh; Intel Mac OS X 10_15_5) AppleWebKit/605.1.15 (KHTML, like Gecko) Version/13.1.1 Safari/605.1.15 (Applebot/0.1; +http://www.apple.com/go/applebot)"
17.58.100.215 - - [08/Jul/2020:16:45:29 -0700] "GET /img/logo.png HTTP/1.1" 301 235 "-" "Mozilla/5.0 (Macintosh; Intel Mac OS X 10_15_5) AppleWebKit/605.1.15 (KHTML, like Gecko) Version/13.1.1 Safari/605.1.15 (Applebot/0.1; +http://www.apple.com/go/applebot)"
17.58.100.215 - - [08/Jul/2020:16:45:29 -0700] "GET /img/logo.png HTTP/1.1" 301 235 "-" "Mozilla/5.0 (Macintosh; Intel Mac OS X 10_15_5) AppleWebKit/605.1.15 (KHTML, like Gecko) Version/13.1.1 Safari/605.1.15 (Applebot/0.1; +http://www.apple.com/go/applebot)"
17.58.100.215 - - [08/Jul/2020:16:45:29 -0700] "GET /img/logo.png HTTP/1.1" 301 235 "-" "Mozilla/5.0 (Macintosh; Intel Mac OS X 10_15_5) AppleWebKit/605.1.15 (KHTML, like Gecko) Version/13.1.1 Safari/605.1.15 (Applebot/0.1; +http://www.apple.com/go/applebot)"
17.58.97.223 - - [08/Jul/2020:16:45:29 -0700] "GET /robots.txt HTTP/1.1" 404 208 "-" "Mozilla/5.0 (Macintosh; Intel Mac OS X 10_15_5) AppleWebKit/605.1.15 (KHTML, like Gecko) Version/13.1.1 Safari/605.1.15 (Applebot/0.1; +http://www.apple.com/go/applebot)"
17.58.100.216 - - [08/Jul/2020:16:45:29 -0700] "GET / HTTP/1.1" 200 17429 "-" "Mozilla/5.0 (Macintosh; Intel Mac OS X 10_15_5) AppleWebKit/605.1.15 (KHTML, like Gecko) Version/13.1.1 Safari/605.1.15 (Applebot/0.1; +http://www.apple.com/go/applebot)"
17.58.100.226 - - [08/Jul/2020:16:45:29 -0700] "GET / HTTP/1.1" 200 17429 "-" "Mozilla/5.0 (Macintosh; Intel Mac OS X 10_15_5) AppleWebKit/605.1.15 (KHTML, like Gecko) Version/13.1.1 Safari/605.1.15 (Applebot/0.1; +http://www.apple.com/go/applebot)"
17.58.100.225 - - [08/Jul/2020:16:45:29 -0700] "GET / HTTP/1.1" 200 17429 "-" "Mozilla/5.0 (Macintosh; Intel Mac OS X 10_15_5) AppleWebKit/605.1.15 (KHTML, like Gecko) Version/13.1.1 Safari/605.1.15 (Applebot/0.1; +http://www.apple.com/go/applebot)"
66.249.73.220 - - [08/Jul/2020:17:07:50 -0700] "GET /robots.txt HTTP/1.1" 301 235 "-" "Mozilla/5.0 (compatible; Googlebot/2.1; +http://www.google.com/bot.html)"
66.249.73.221 - - [08/Jul/2020:17:07:50 -0700] "GET /img/njn/thumbs/6.jpg HTTP/1.1" 301 235 "-" "Googlebot-Image/1.0"
66.249.73.192 - - [08/Jul/2020:17:07:51 -0700] "GET / HTTP/1.1" 200 17429 "-" "Googlebot-Image/1.0"
216.18.204.153 - - [08/Jul/2020:17:45:49 -0700] "GET /img/autumn/5.jpg HTTP/1.1" 200 180877 "-" "Mozilla/5.0 (Windows NT 6.1; rv:60.0) Gecko/20100101 Firefox/60.0"
216.18.204.153 - - [08/Jul/2020:17:45:50 -0700] "GET /img/autumn/6.jpg HTTP/1.1" 200 149484 "-" "Mozilla/5.0 (Windows NT 6.1; rv:60.0) Gecko/20100101 Firefox/60.0"
216.18.204.153 - - [08/Jul/2020:17:45:51 -0700] "GET /img/autumn/7.jpg HTTP/1.1" 200 236722 "-" "Mozilla/5.0 (Windows NT 6.1; rv:60.0) Gecko/20100101 Firefox/60.0"
216.18.204.153 - - [08/Jul/2020:17:45:52 -0700] "GET /img/autumn/8.jpg HTTP/1.1" 200 100218 "-" "Mozilla/5.0 (Windows NT 6.1; rv:60.0) Gecko/20100101 Firefox/60.0"
216.18.204.153 - - [08/Jul/2020:17:45:54 -0700] "GET /img/mixman/1.jpg HTTP/1.1" 200 146374 "-" "Mozilla/5.0 (Windows NT 6.1; rv:60.0) Gecko/20100101 Firefox/60.0"
216.18.204.153 - - [08/Jul/2020:17:45:55 -0700] "GET /img/mixman/2.jpg HTTP/1.1" 200 80932 "-" "Mozilla/5.0 (Windows NT 6.1; rv:60.0) Gecko/20100101 Firefox/60.0"
216.18.204.153 - - [08/Jul/2020:17:45:56 -0700] "GET /img/mixman/3.jpg HTTP/1.1" 200 114734 "-" "Mozilla/5.0 (Windows NT 6.1; rv:60.0) Gecko/20100101 Firefox/60.0"
216.18.204.153 - - [08/Jul/2020:17:45:57 -0700] "GET /img/mixman/4.jpg HTTP/1.1" 200 135099 "-" "Mozilla/5.0 (Windows NT 6.1; rv:60.0) Gecko/20100101 Firefox/60.0"
216.18.204.153 - - [08/Jul/2020:17:45:58 -0700] "GET /img/mixman/5.jpg HTTP/1.1" 200 86490 "-" "Mozilla/5.0 (Windows NT 6.1; rv:60.0) Gecko/20100101 Firefox/60.0"
216.18.204.153 - - [08/Jul/2020:17:45:59 -0700] "GET /img/mixman/6.jpg HTTP/1.1" 200 105501 "-" "Mozilla/5.0 (Windows NT 6.1; rv:60.0) Gecko/20100101 Firefox/60.0"
66.249.73.192 - - [08/Jul/2020:17:55:48 -0700] "GET /robots.txt HTTP/1.1" 404 208 "-" "Mozilla/5.0 (compatible; Googlebot/2.1; +http://www.google.com/bot.html)"
91.77.198.11 - - [08/Jul/2020:18:12:21 -0700] "GET / HTTP/1.0" 301 235 "http://rndsquared.com/" "Mozilla/5.0 (Windows NT 6.1; WOW64) AppleWebKit/537.36 (KHTML, like Gecko) Chrome/67.0.3396.87 Safari/537.36 OPR/54.0.2952.64 (Edition Yx)"
91.77.198.11 - - [08/Jul/2020:18:12:22 -0700] "GET / HTTP/1.0" 200 79394 "https://www.rndsquared.com/" "Mozilla/5.0 (Windows NT 6.1; WOW64) AppleWebKit/537.36 (KHTML, like Gecko) Chrome/67.0.3396.87 Safari/537.36 OPR/54.0.2952.64 (Edition Yx)"
91.77.198.11 - - [08/Jul/2020:18:12:23 -0700] "POST / HTTP/1.0" 200 79394 "https://www.rndsquared.com/" "Mozilla/5.0 (Windows NT 6.1; WOW64) AppleWebKit/537.36 (KHTML, like Gecko) Chrome/67.0.3396.87 Safari/537.36 OPR/54.0.2952.64 (Edition Yx)"
94.228.207.1 - - [08/Jul/2020:18:48:03 -0700] "GET / HTTP/1.0" 301 235 "http://rndsquared.com/" "Mozilla/5.0 (Windows NT 5.1) AppleWebKit/537.36 (KHTML, like Gecko) Chrome/49.0.2623.112 Safari/537.36"
94.228.207.1 - - [08/Jul/2020:18:48:04 -0700] "GET / HTTP/1.0" 200 79394 "https://www.rndsquared.com/" "Mozilla/5.0 (Windows NT 5.1) AppleWebKit/537.36 (KHTML, like Gecko) Chrome/49.0.2623.112 Safari/537.36"
94.228.207.1 - - [08/Jul/2020:18:48:05 -0700] "POST / HTTP/1.0" 200 79394 "https://www.rndsquared.com/" "Mozilla/5.0 (Windows NT 5.1) AppleWebKit/537.36 (KHTML, like Gecko) Chrome/49.0.2623.112 Safari/537.36"
51.75.56.41 - - [08/Jul/2020:18:56:22 -0700] "GET / HTTP/1.0" 301 235 "http://rndsquared.com/" "Mozilla/5.0 (Windows NT 6.1) AppleWebKit/537.36 (KHTML, like Gecko) Chrome/66.0.3359.181 Safari/537.36"
51.75.56.41 - - [08/Jul/2020:18:56:23 -0700] "GET / HTTP/1.0" 200 79394 "https://www.rndsquared.com/" "Mozilla/5.0 (Windows NT 6.1) AppleWebKit/537.36 (KHTML, like Gecko) Chrome/66.0.3359.181 Safari/537.36"
51.75.56.41 - - [08/Jul/2020:18:56:24 -0700] "POST / HTTP/1.0" 200 79394 "https://www.rndsquared.com/" "Mozilla/5.0 (Windows NT 6.1) AppleWebKit/537.36 (KHTML, like Gecko) Chrome/66.0.3359.181 Safari/537.36"
207.46.13.65 - - [08/Jul/2020:19:29:34 -0700] "GET / HTTP/1.1" 301 235 "-" "Mozilla/5.0 (compatible; bingbot/2.0; +http://www.bing.com/bingbot.htm)"
77.88.5.126 - - [08/Jul/2020:19:36:09 -0700] "GET /robots.txt HTTP/1.1" 301 235 "-" "Mozilla/5.0 (compatible; YandexBot/3.0; +http://yandex.com/bots)"
77.88.5.126 - - [08/Jul/2020:19:36:10 -0700] "GET / HTTP/1.1" 200 79394 "-" "Mozilla/5.0 (compatible; YandexBot/3.0; +http://yandex.com/bots)"
77.88.5.126 - - [08/Jul/2020:19:36:13 -0700] "GET /favicon.ico HTTP/1.1" 301 235 "-" "Mozilla/5.0 (compatible; YandexBot/3.0; +http://yandex.com/bots)"
77.88.5.126 - - [08/Jul/2020:19:36:13 -0700] "GET /robots.txt HTTP/1.1" 404 208 "-" "Mozilla/5.0 (compatible; YandexBot/3.0; +http://yandex.com/bots)"
77.88.5.126 - - [08/Jul/2020:19:36:17 -0700] "GET / HTTP/1.1" 200 17429 "-" "Mozilla/5.0 (compatible; YandexBot/3.0; +http://yandex.com/bots)"
44.229.11.250 - - [08/Jul/2020:20:17:43 -0700] "GET / HTTP/1.1" 301 235 "-" "Mozilla/5.0 (X11; Linux x86_64) AppleWebKit/537.36 (KHTML, like Gecko) Chrome/83.0.4103.97 Safari/537.36"
