73.71.74.9 - - [18/Jul/2018:09:19:33 -0700] "GET / HTTP/1.1" 200 15893 "-" "Mozilla/5.0 (Macintosh; Intel Mac OS X 10_12_5) AppleWebKit/603.2.4 (KHTML, like Gecko)"
73.71.74.9 - - [18/Jul/2018:09:19:33 -0700] "GET /apple-touch-icon-precomposed.png HTTP/1.1" 404 230 "-" "Safari/12603.2.4 CFNetwork/811.5.4 Darwin/16.6.0 (x86_64)"
73.71.74.9 - - [18/Jul/2018:09:19:33 -0700] "GET /apple-touch-icon.png HTTP/1.1" 404 218 "-" "Safari/12603.2.4 CFNetwork/811.5.4 Darwin/16.6.0 (x86_64)"
73.71.74.9 - - [18/Jul/2018:09:19:33 -0700] "GET /favicon.ico HTTP/1.1" 404 209 "-" "Safari/12603.2.4 CFNetwork/811.5.4 Darwin/16.6.0 (x86_64)"
73.71.74.9 - - [18/Jul/2018:09:19:33 -0700] "GET /apple-touch-icon-precomposed.png HTTP/1.1" 404 230 "-" "Safari/12603.2.4 CFNetwork/811.5.4 Darwin/16.6.0 (x86_64)"
73.71.74.9 - - [18/Jul/2018:09:19:33 -0700] "GET /apple-touch-icon.png HTTP/1.1" 404 218 "-" "Safari/12603.2.4 CFNetwork/811.5.4 Darwin/16.6.0 (x86_64)"
73.71.74.9 - - [18/Jul/2018:09:19:33 -0700] "GET /favicon.ico HTTP/1.1" 404 209 "-" "Safari/12603.2.4 CFNetwork/811.5.4 Darwin/16.6.0 (x86_64)"
73.71.74.9 - - [18/Jul/2018:09:19:33 -0700] "GET / HTTP/1.1" 200 15893 "-" "Mozilla/5.0 (iPhone; CPU iPhone OS 10_0 like Mac OS X) AppleWebKit/602.1.38 (KHTML, like Gecko) Version/10.0 Mobile/14A300 Safari/602.1"
73.71.74.9 - - [18/Jul/2018:09:19:33 -0700] "GET /apple-touch-icon-precomposed.png HTTP/1.1" 404 230 "-" "Safari/12603.2.4 CFNetwork/811.5.4 Darwin/16.6.0 (x86_64)"
73.71.74.9 - - [18/Jul/2018:09:19:33 -0700] "GET /apple-touch-icon.png HTTP/1.1" 404 218 "-" "Safari/12603.2.4 CFNetwork/811.5.4 Darwin/16.6.0 (x86_64)"
73.71.74.9 - - [18/Jul/2018:09:19:33 -0700] "GET /favicon.ico HTTP/1.1" 404 209 "-" "Safari/12603.2.4 CFNetwork/811.5.4 Darwin/16.6.0 (x86_64)"
73.71.74.9 - - [18/Jul/2018:09:19:33 -0700] "GET /apple-touch-icon-precomposed.png HTTP/1.1" 404 230 "-" "Safari/12603.2.4 CFNetwork/811.5.4 Darwin/16.6.0 (x86_64)"
73.71.74.9 - - [18/Jul/2018:09:19:33 -0700] "GET /apple-touch-icon.png HTTP/1.1" 404 218 "-" "Safari/12603.2.4 CFNetwork/811.5.4 Darwin/16.6.0 (x86_64)"
73.71.74.9 - - [18/Jul/2018:09:19:33 -0700] "GET /favicon.ico HTTP/1.1" 404 209 "-" "Safari/12603.2.4 CFNetwork/811.5.4 Darwin/16.6.0 (x86_64)"
66.249.70.12 - - [18/Jul/2018:12:39:57 -0700] "GET /robots.txt HTTP/1.1" 404 208 "-" "Mozilla/5.0 (compatible; Googlebot/2.1; +http://www.google.com/bot.html)"
66.249.70.14 - - [18/Jul/2018:12:39:57 -0700] "GET /favicon.ico HTTP/1.1" 404 209 "-" "Googlebot-Image/1.0"
95.163.255.103 - - [18/Jul/2018:12:58:05 -0700] "GET /robots.txt HTTP/1.1" 404 208 "-" "Mozilla/5.0 (compatible; Linux x86_64; Mail.RU_Bot/2.0; +http://go.mail.ru/help/robots)"
95.163.255.104 - - [18/Jul/2018:12:58:27 -0700] "GET /img/sfnoir/thumbs/2.jpg HTTP/1.1" 200 23061 "-" "Mozilla/5.0 (compatible; Linux x86_64; Mail.RU_Bot/2.0; +http://go.mail.ru/help/robots)"
93.158.161.62 - - [18/Jul/2018:13:06:21 -0700] "GET /robots.txt HTTP/1.1" 404 208 "-" "Mozilla/5.0 (compatible; YandexBot/3.0; +http://yandex.com/bots)"
77.88.47.14 - - [18/Jul/2018:13:06:21 -0700] "GET /robots.txt HTTP/1.1" 404 208 "-" "Mozilla/5.0 (compatible; YandexBot/3.0; +http://yandex.com/bots)"
93.158.161.62 - - [18/Jul/2018:13:06:25 -0700] "GET / HTTP/1.1" 200 15893 "-" "Mozilla/5.0 (compatible; YandexBot/3.0; +http://yandex.com/bots)"
77.88.47.14 - - [18/Jul/2018:13:06:25 -0700] "GET / HTTP/1.1" 200 15893 "-" "Mozilla/5.0 (compatible; YandexBot/3.0; +http://yandex.com/bots)"
54.36.149.16 - - [18/Jul/2018:13:21:42 -0700] "GET /img/mixman/11.jpg HTTP/1.1" 200 114722 "-" "Mozilla/5.0 (compatible; AhrefsBot/5.2; +http://ahrefs.com/robot/)"
54.36.148.89 - - [18/Jul/2018:13:29:46 -0700] "GET /img/mixman/18.jpg HTTP/1.1" 200 75474 "-" "Mozilla/5.0 (compatible; AhrefsBot/5.2; +http://ahrefs.com/robot/)"
46.118.159.228 - - [18/Jul/2018:13:33:10 -0700] "GET / HTTP/1.1" 200 72658 "https://impotentik.com/" "Mozilla/4.0 (compatible; MSIE 6.0; Windows NT 5.1; en) Opera 9.0"
46.118.159.228 - - [18/Jul/2018:13:33:14 -0700] "GET / HTTP/1.1" 200 72658 "https://impotentik.com/" "Mozilla/4.0 (compatible; MSIE 6.0; Windows NT 5.1; en) Opera 9.0"
66.249.70.14 - - [18/Jul/2018:14:29:30 -0700] "GET / HTTP/1.1" 200 15893 "-" "Mozilla/5.0 (Linux; Android 6.0.1; Nexus 5X Build/MMB29P) AppleWebKit/537.36 (KHTML, like Gecko) Chrome/41.0.2272.96 Mobile Safari/537.36 (compatible; Googlebot/2.1; +http://www.google.com/bot.html)"
73.231.164.56 - - [18/Jul/2018:15:33:31 -0700] "GET /favicon.ico HTTP/1.1" 404 209 "-" "Mozilla/5.0 (iPad; CPU OS 11_4 like Mac OS X) AppleWebKit/605.1.15 (KHTML, like Gecko) FxiOS/12.1b10941 Mobile/15F79 Safari/605.1.15"
73.231.164.56 - - [18/Jul/2018:15:36:54 -0700] "GET /favicon.ico HTTP/1.1" 404 209 "-" "Mozilla/5.0 (iPad; CPU OS 11_4 like Mac OS X) AppleWebKit/605.1.15 (KHTML, like Gecko) FxiOS/12.1b10941 Mobile/15F79 Safari/605.1.15"
66.249.70.12 - - [18/Jul/2018:15:38:04 -0700] "GET /img/bs4w/thumbs/1.jpg HTTP/1.1" 304 - "-" "Googlebot-Image/1.0"
54.36.148.204 - - [18/Jul/2018:15:40:40 -0700] "GET /img/bs4w/1.jpg HTTP/1.1" 200 61424 "-" "Mozilla/5.0 (compatible; AhrefsBot/5.2; +http://ahrefs.com/robot/)"
66.249.70.14 - - [18/Jul/2018:16:03:17 -0700] "GET /img/njn/thumbs/5.jpg HTTP/1.1" 304 - "-" "Googlebot-Image/1.0"
66.249.70.12 - - [18/Jul/2018:16:18:11 -0700] "GET /img/autumn/thumbs/7.jpg HTTP/1.1" 304 - "-" "Googlebot-Image/1.0"
66.249.70.14 - - [18/Jul/2018:16:59:21 -0700] "GET /img/wu-wei/thumbs/10.jpg HTTP/1.1" 304 - "-" "Googlebot-Image/1.0"
46.229.168.81 - - [18/Jul/2018:17:11:55 -0700] "GET /robots.txt HTTP/1.1" 404 208 "-" "Mozilla/5.0 (compatible; SemrushBot/2~bl; +http://www.semrush.com/bot.html)"
46.229.168.74 - - [18/Jul/2018:17:12:03 -0700] "GET / HTTP/1.1" 200 15893 "-" "Mozilla/5.0 (compatible; SemrushBot/2~bl; +http://www.semrush.com/bot.html)"
46.185.74.243 - - [18/Jul/2018:17:15:06 -0700] "GET / HTTP/1.1" 200 72658 "http://xn----ctbigni3aj4h.xn--p1ai/" "Mozilla/4.0 (compatible; MSIE 6.0; Windows XP)"
46.185.74.243 - - [18/Jul/2018:17:15:07 -0700] "GET / HTTP/1.1" 200 72658 "http://xn----ctbigni3aj4h.xn--p1ai/" "Mozilla/4.0 (compatible; MSIE 6.0; Windows XP)"
46.185.74.243 - - [18/Jul/2018:17:15:08 -0700] "GET / HTTP/1.1" 200 72658 "http://xn----ctbigni3aj4h.xn--p1ai/" "Mozilla/4.0 (compatible; MSIE 6.0; Windows XP)"
66.249.70.10 - - [18/Jul/2018:17:19:11 -0700] "GET /img/mixman/thumbs/4.jpg HTTP/1.1" 304 - "-" "Googlebot-Image/1.0"
66.249.70.14 - - [18/Jul/2018:17:49:49 -0700] "GET /img/mixman/1.jpg HTTP/1.1" 304 - "-" "Googlebot-Image/1.0"
66.249.70.12 - - [18/Jul/2018:18:10:14 -0700] "GET /img/urban-cowgirl/1.jpg HTTP/1.1" 304 - "-" "Googlebot-Image/1.0"
66.249.70.14 - - [18/Jul/2018:18:41:03 -0700] "GET /img/bs4w/thumbs/8.jpg HTTP/1.1" 304 - "-" "Googlebot-Image/1.0"
66.249.70.14 - - [18/Jul/2018:18:44:29 -0700] "GET / HTTP/1.1" 200 15893 "-" "Mozilla/5.0 (Linux; Android 6.0.1; Nexus 5X Build/MMB29P) AppleWebKit/537.36 (KHTML, like Gecko) Chrome/41.0.2272.96 Mobile Safari/537.36 (compatible; Googlebot/2.1; +http://www.google.com/bot.html)"
66.249.70.12 - - [18/Jul/2018:19:01:31 -0700] "GET /img/sfnoir/thumbs/6.jpg HTTP/1.1" 304 - "-" "Googlebot-Image/1.0"
178.137.85.122 - - [18/Jul/2018:19:04:23 -0700] "GET / HTTP/1.1" 200 72658 "http://viagra-soft.ru/" "Mozilla/4.0 (compatible; MSIE 7.0b; Windows NT 6.0 ; .NET CLR 2.0.50215; SL Commerce Client v1.0; Tablet PC 2.0"
178.137.85.122 - - [18/Jul/2018:19:04:24 -0700] "GET / HTTP/1.1" 200 72658 "http://viagra-soft.ru/" "Mozilla/4.0 (compatible; MSIE 7.0b; Windows NT 6.0 ; .NET CLR 2.0.50215; SL Commerce Client v1.0; Tablet PC 2.0"
178.159.37.70 - - [18/Jul/2018:19:04:28 -0700] "GET / HTTP/1.1" 200 72658 "http://03e.info/" "Mozilla/4.76 [en] (Windows NT 5.0; U)"
178.137.85.122 - - [18/Jul/2018:19:04:28 -0700] "GET / HTTP/1.1" 200 72658 "http://viagra-soft.ru/" "Mozilla/4.0 (compatible; MSIE 7.0b; Windows NT 6.0 ; .NET CLR 2.0.50215; SL Commerce Client v1.0; Tablet PC 2.0"
178.159.37.70 - - [18/Jul/2018:19:04:29 -0700] "GET / HTTP/1.1" 200 72658 "http://03e.info/" "Mozilla/4.76 [en] (Windows NT 5.0; U)"
178.159.37.70 - - [18/Jul/2018:19:04:29 -0700] "GET / HTTP/1.1" 200 72658 "http://03e.info/" "Mozilla/4.76 [en] (Windows NT 5.0; U)"
178.159.37.70 - - [18/Jul/2018:19:06:10 -0700] "GET / HTTP/1.1" 200 72658 "http://lerporn.info/" "Opera/9.00 (Windows NT 5.1; U; ru)"
178.159.37.70 - - [18/Jul/2018:19:06:10 -0700] "GET / HTTP/1.1" 200 72658 "http://lerporn.info/" "Opera/9.00 (Windows NT 5.1; U; ru)"
178.159.37.70 - - [18/Jul/2018:19:06:11 -0700] "GET / HTTP/1.1" 200 72658 "http://lerporn.info/" "Opera/9.00 (Windows NT 5.1; U; ru)"
66.249.70.14 - - [18/Jul/2018:19:08:07 -0700] "GET /img/mixman/thumbs/6.jpg HTTP/1.1" 304 - "-" "Googlebot-Image/1.0"
180.76.15.153 - - [18/Jul/2018:19:41:29 -0700] "GET / HTTP/1.1" 200 15893 "-" "Mozilla/5.0 (compatible; Baiduspider/2.0; +http://www.baidu.com/search/spider.html)"
66.249.70.10 - - [18/Jul/2018:19:54:02 -0700] "GET /img/mixman/10.jpg HTTP/1.1" 304 - "-" "Googlebot-Image/1.0"
66.249.70.10 - - [18/Jul/2018:19:54:03 -0700] "GET /img/mixman/10.jpg HTTP/1.1" 304 - "-" "Googlebot-Image/1.0"
66.249.70.10 - - [18/Jul/2018:19:59:00 -0700] "GET /img/bs4w/thumbs/5.jpg HTTP/1.1" 304 - "-" "Googlebot-Image/1.0"
123.125.71.88 - - [18/Jul/2018:20:10:20 -0700] "GET / HTTP/1.1" 200 15893 "-" "Mozilla/5.0 (compatible; Baiduspider/2.0; +http://www.baidu.com/search/spider.html)"
54.36.150.81 - - [18/Jul/2018:20:46:24 -0700] "GET /robots.txt HTTP/1.1" 404 208 "-" "Mozilla/5.0 (compatible; AhrefsBot/5.2; +http://ahrefs.com/robot/)"
54.36.149.60 - - [18/Jul/2018:20:46:24 -0700] "GET /img/mixman/7.jpg HTTP/1.1" 200 107323 "-" "Mozilla/5.0 (compatible; AhrefsBot/5.2; +http://ahrefs.com/robot/)"
134.119.187.211 - - [18/Jul/2018:20:58:41 -0700] "GET / HTTP/1.1" 200 15893 "http://www.rndsquared.com" "Mozilla/5.0 (Windows NT 6.1; WOW64) AppleWebKit/537.36 (KHTML, like Gecko) Chrome/52.0.2743.116 Safari/537.36"
66.249.70.14 - - [18/Jul/2018:21:20:29 -0700] "GET /img/urban-cowgirl/thumbs/6.jpg HTTP/1.1" 304 - "-" "Googlebot-Image/1.0"
178.137.85.122 - - [18/Jul/2018:21:44:03 -0700] "GET / HTTP/1.1" 200 72658 "https://moinozhki.com/" "Mozilla/4.0 (compatible; MSIE 6.0; Windows NT 5.1; FREE; .NET CLR 1.1.4322)"
178.137.85.122 - - [18/Jul/2018:21:44:07 -0700] "GET / HTTP/1.1" 200 72658 "https://moinozhki.com/" "Mozilla/4.0 (compatible; MSIE 6.0; Windows NT 5.1; FREE; .NET CLR 1.1.4322)"
178.137.85.122 - - [18/Jul/2018:21:44:08 -0700] "GET / HTTP/1.1" 200 72658 "https://moinozhki.com/" "Mozilla/4.0 (compatible; MSIE 6.0; Windows NT 5.1; FREE; .NET CLR 1.1.4322)"
73.231.164.56 - - [18/Jul/2018:22:05:55 -0700] "GET /favicon.ico HTTP/1.1" 404 209 "-" "Mozilla/5.0 (iPad; CPU OS 11_4 like Mac OS X) AppleWebKit/605.1.15 (KHTML, like Gecko) FxiOS/12.1b10941 Mobile/15F79 Safari/605.1.15"
199.58.86.206 - - [18/Jul/2018:23:17:26 -0700] "GET /robots.txt HTTP/1.1" 404 208 "-" "Mozilla/5.0 (compatible; MJ12bot/v1.4.8; http://mj12bot.com/)"
199.58.86.206 - - [18/Jul/2018:23:17:31 -0700] "GET / HTTP/1.1" 200 72658 "-" "Mozilla/5.0 (compatible; MJ12bot/v1.4.8; http://mj12bot.com/)"
66.249.70.14 - - [18/Jul/2018:23:23:00 -0700] "GET /img/mixman/thumbs/15.jpg HTTP/1.1" 304 - "-" "Googlebot-Image/1.0"
46.118.155.165 - - [18/Jul/2018:23:23:16 -0700] "GET / HTTP/1.1" 200 72658 "-" "Mozilla/5.0 (Windows NT 10.0; Win64; x64) AppleWebKit/537.36 (KHTML, like Gecko) Chrome/63.0.3239.132 Safari/537.36"
46.118.155.165 - - [18/Jul/2018:23:23:17 -0700] "GET /wp-includes/wlwmanifest.xml HTTP/1.1" 404 225 "-" "Mozilla/5.0 (Windows NT 10.0; Win64; x64) AppleWebKit/537.36 (KHTML, like Gecko) Chrome/63.0.3239.132 Safari/537.36"
46.118.155.165 - - [18/Jul/2018:23:23:27 -0700] "GET /xmlrpc.php?rsd HTTP/1.1" 404 208 "-" "Mozilla/5.0 (Windows NT 10.0; Win64; x64) AppleWebKit/537.36 (KHTML, like Gecko) Chrome/63.0.3239.132 Safari/537.36"
46.118.155.165 - - [18/Jul/2018:23:23:38 -0700] "GET /blog/wp-includes/wlwmanifest.xml HTTP/1.1" 404 230 "-" "Mozilla/5.0 (Windows NT 10.0; Win64; x64) AppleWebKit/537.36 (KHTML, like Gecko) Chrome/63.0.3239.132 Safari/537.36"
46.118.155.165 - - [18/Jul/2018:23:23:48 -0700] "GET /wordpress/wp-includes/wlwmanifest.xml HTTP/1.1" 404 235 "-" "Mozilla/5.0 (Windows NT 10.0; Win64; x64) AppleWebKit/537.36 (KHTML, like Gecko) Chrome/63.0.3239.132 Safari/537.36"
46.118.155.165 - - [18/Jul/2018:23:24:01 -0700] "GET /wp/wp-includes/wlwmanifest.xml HTTP/1.1" 404 228 "-" "Mozilla/5.0 (Windows NT 10.0; Win64; x64) AppleWebKit/537.36 (KHTML, like Gecko) Chrome/63.0.3239.132 Safari/537.36"
46.118.155.165 - - [18/Jul/2018:23:24:11 -0700] "GET /site/wp-includes/wlwmanifest.xml HTTP/1.1" 404 230 "-" "Mozilla/5.0 (Windows NT 10.0; Win64; x64) AppleWebKit/537.36 (KHTML, like Gecko) Chrome/63.0.3239.132 Safari/537.36"
46.118.155.165 - - [18/Jul/2018:23:24:22 -0700] "GET /cms/wp-includes/wlwmanifest.xml HTTP/1.1" 404 229 "-" "Mozilla/5.0 (Windows NT 10.0; Win64; x64) AppleWebKit/537.36 (KHTML, like Gecko) Chrome/63.0.3239.132 Safari/537.36"
46.118.159.228 - - [18/Jul/2018:23:35:35 -0700] "GET / HTTP/1.1" 200 72658 "http://metallosajding.ru/" "Opera/7.60 (Windows NT 5.2; U)  [en] (IBM EVV/3.0/EAK01AG9/LE)"
46.118.159.228 - - [18/Jul/2018:23:35:37 -0700] "GET / HTTP/1.1" 200 72658 "http://metallosajding.ru/" "Opera/7.60 (Windows NT 5.2; U)  [en] (IBM EVV/3.0/EAK01AG9/LE)"
66.249.70.10 - - [18/Jul/2018:23:58:43 -0700] "GET /img/mixman/17.jpg HTTP/1.1" 304 - "-" "Googlebot-Image/1.0"
66.249.70.10 - - [19/Jul/2018:00:08:49 -0700] "GET /img/oncekids-fujimini/thumbs/1.jpg HTTP/1.1" 200 36349 "-" "Googlebot-Image/1.0"
66.249.70.10 - - [19/Jul/2018:00:23:50 -0700] "GET /img/autumn/thumbs/3.jpg HTTP/1.1" 200 40589 "-" "Googlebot-Image/1.0"
66.249.70.14 - - [19/Jul/2018:00:23:51 -0700] "GET /img/autumn/thumbs/3.jpg HTTP/1.1" 200 40589 "-" "Googlebot-Image/1.0"
73.231.164.56 - - [19/Jul/2018:00:37:26 -0700] "GET /favicon.ico HTTP/1.1" 404 209 "-" "Mozilla/5.0 (iPad; CPU OS 11_4 like Mac OS X) AppleWebKit/605.1.15 (KHTML, like Gecko) FxiOS/12.1b10941 Mobile/15F79 Safari/605.1.15"
77.88.47.14 - - [19/Jul/2018:00:53:30 -0700] "GET /robots.txt HTTP/1.1" 404 208 "-" "Mozilla/5.0 (compatible; YandexBot/3.0; +http://yandex.com/bots)"
77.88.47.14 - - [19/Jul/2018:00:53:31 -0700] "GET /robots.txt HTTP/1.1" 404 208 "-" "Mozilla/5.0 (compatible; YandexBot/3.0; +http://yandex.com/bots)"
93.158.161.62 - - [19/Jul/2018:00:53:34 -0700] "GET / HTTP/1.1" 200 15893 "-" "Mozilla/5.0 (compatible; YandexBot/3.0; +http://yandex.com/bots)"
93.158.161.62 - - [19/Jul/2018:00:53:35 -0700] "GET / HTTP/1.1" 200 15893 "-" "Mozilla/5.0 (compatible; YandexBot/3.0; +http://yandex.com/bots)"
66.249.70.10 - - [19/Jul/2018:01:09:51 -0700] "GET /robots.txt HTTP/1.1" 404 208 "-" "Mozilla/5.0 (compatible; Googlebot/2.1; +http://www.google.com/bot.html)"
66.249.70.14 - - [19/Jul/2018:01:09:51 -0700] "GET /img/wu-wei/thumbs/3.jpg HTTP/1.1" 200 22711 "-" "Googlebot-Image/1.0"
66.249.70.12 - - [19/Jul/2018:01:30:00 -0700] "GET /img/urban-cowgirl/3.jpg HTTP/1.1" 304 - "-" "Googlebot-Image/1.0"
46.119.124.149 - - [19/Jul/2018:01:44:48 -0700] "GET / HTTP/1.1" 200 72658 "https://balkanfarma.org/" "Mozilla/4.0 (compatible; MSIE 6.0; Windows NT 5.1; SV1)"
46.119.124.149 - - [19/Jul/2018:01:44:50 -0700] "GET / HTTP/1.1" 200 72658 "https://balkanfarma.org/" "Mozilla/4.0 (compatible; MSIE 6.0; Windows NT 5.1; SV1)"
46.119.124.149 - - [19/Jul/2018:01:44:51 -0700] "GET / HTTP/1.1" 200 72658 "https://balkanfarma.org/" "Mozilla/4.0 (compatible; MSIE 6.0; Windows NT 5.1; SV1)"
207.46.13.128 - - [19/Jul/2018:01:57:20 -0700] "GET / HTTP/1.1" 200 15893 "-" "Mozilla/5.0 (compatible; bingbot/2.0; +http://www.bing.com/bingbot.htm)"
37.115.185.48 - - [19/Jul/2018:02:22:46 -0700] "GET / HTTP/1.1" 200 72658 "http://purchasepillsnorx.com/" "Mozilla/4.0 (compatible; MSIE 6.0; Windows NT 5.0; .NET CLR 1.0.3705; .NET CLR 1.1.4322)"
37.115.185.48 - - [19/Jul/2018:02:22:48 -0700] "GET / HTTP/1.1" 200 72658 "http://purchasepillsnorx.com/" "Mozilla/4.0 (compatible; MSIE 6.0; Windows NT 5.0; .NET CLR 1.0.3705; .NET CLR 1.1.4322)"
46.119.124.149 - - [19/Jul/2018:02:45:23 -0700] "GET / HTTP/1.1" 200 72658 "https://xn----8sbarihbihxpxqgaf0g1e.xn--80adxhks/" "Mozilla/4.0 (compatible; MSIE 6.0; Windows NT 5.1; SV1; Crazy Browser 2.0.0 Beta 1; .NET CLR 1.0.3705; .NET CLR 1.1.4322)"
66.249.70.14 - - [19/Jul/2018:03:07:13 -0700] "GET /img/mixman/9.jpg HTTP/1.1" 304 - "-" "Googlebot-Image/1.0"
66.249.70.14 - - [19/Jul/2018:03:37:50 -0700] "GET /img/urban-cowgirl/6.jpg HTTP/1.1" 304 - "-" "Googlebot-Image/1.0"
66.249.70.10 - - [19/Jul/2018:03:53:18 -0700] "GET /img/autumn/thumbs/1.jpg HTTP/1.1" 304 - "-" "Googlebot-Image/1.0"
66.249.70.10 - - [19/Jul/2018:04:49:04 -0700] "GET /img/oncekids-fujimini/thumbs/4.jpg HTTP/1.1" 304 - "-" "Googlebot-Image/1.0"
37.115.185.48 - - [19/Jul/2018:05:14:32 -0700] "GET / HTTP/1.1" 200 72658 "https://russian-postindex.ru/" "Mozilla/6.0 (compatible; MSIE 7.0a1; Windows NT 5.2; SV1)"
37.115.185.48 - - [19/Jul/2018:05:14:35 -0700] "GET / HTTP/1.1" 200 72658 "https://russian-postindex.ru/" "Mozilla/6.0 (compatible; MSIE 7.0a1; Windows NT 5.2; SV1)"
66.249.70.10 - - [19/Jul/2018:05:14:47 -0700] "GET /img/autumn/thumbs/5.jpg HTTP/1.1" 304 - "-" "Googlebot-Image/1.0"
66.249.70.14 - - [19/Jul/2018:05:35:14 -0700] "GET /img/mixman/thumbs/3.jpg HTTP/1.1" 304 - "-" "Googlebot-Image/1.0"
66.249.70.12 - - [19/Jul/2018:05:40:08 -0700] "GET /img/mixman/thumbs/13.jpg HTTP/1.1" 304 - "-" "Googlebot-Image/1.0"
52.53.201.78 - - [19/Jul/2018:06:12:53 -0700] "GET / HTTP/1.1" 200 15893 "-" "Mozilla/5.0 (Macintosh; Intel Mac OS X 10_12_6) AppleWebKit/537.36 (KHTML, like Gecko) Chrome/61.0.3163.100 Safari/537.36"
66.249.70.12 - - [19/Jul/2018:06:31:00 -0700] "GET /img/urban-cowgirl/4.jpg HTTP/1.1" 304 - "-" "Googlebot-Image/1.0"
66.249.70.14 - - [19/Jul/2018:06:46:21 -0700] "GET /img/bs4w/thumbs/3.jpg HTTP/1.1" 304 - "-" "Googlebot-Image/1.0"
66.249.70.12 - - [19/Jul/2018:07:16:58 -0700] "GET /img/wu-wei/thumbs/6.jpg HTTP/1.1" 304 - "-" "Googlebot-Image/1.0"
54.36.148.92 - - [19/Jul/2018:07:19:59 -0700] "GET /img/sfnoir/3.jpg HTTP/1.1" 200 74528 "-" "Mozilla/5.0 (compatible; AhrefsBot/5.2; +http://ahrefs.com/robot/)"
66.249.70.12 - - [19/Jul/2018:07:27:17 -0700] "GET /favicon.ico HTTP/1.1" 404 209 "-" "Googlebot-Image/1.0"
216.244.66.197 - - [19/Jul/2018:08:18:37 -0700] "GET /robots.txt HTTP/1.1" 404 208 "-" "Mozilla/5.0 (compatible; DotBot/1.1; http://www.opensiteexplorer.org/dotbot, help@moz.com)"
216.244.66.197 - - [19/Jul/2018:08:25:22 -0700] "GET /img/urban-cowgirl/5.jpg HTTP/1.1" 200 114905 "-" "Mozilla/5.0 (compatible; DotBot/1.1; http://www.opensiteexplorer.org/dotbot, help@moz.com)"
77.75.76.165 - - [19/Jul/2018:08:55:41 -0700] "GET /robots.txt HTTP/1.1" 404 208 "-" "Mozilla/5.0 (compatible; SeznamBot/3.2; +http://napoveda.seznam.cz/en/seznambot-intro/)"
77.75.76.165 - - [19/Jul/2018:08:55:45 -0700] "GET /img/mixman/11.jpg HTTP/1.1" 200 114722 "-" "Mozilla/5.0 (compatible; SeznamBot/3.2; +http://napoveda.seznam.cz/en/seznambot-intro/)"
178.137.85.122 - - [19/Jul/2018:10:44:09 -0700] "GET / HTTP/1.1" 200 72658 "http://computer-remont.ru/" "Opera/9.0 (Windows NT 5.1; U; en)"
178.137.85.122 - - [19/Jul/2018:10:44:14 -0700] "GET / HTTP/1.1" 200 72658 "http://computer-remont.ru/" "Opera/9.0 (Windows NT 5.1; U; en)"
51.15.53.83 - - [19/Jul/2018:10:53:18 -0700] "GET / HTTP/1.1" 200 15893 "-" "Mozilla/5.0 (Windows NT 10.0; Win64; x64) AppleWebKit/537.36 (KHTML, like Gecko) Chrome/67.0.3396.99 Safari/537.36"
54.36.148.54 - - [19/Jul/2018:11:30:09 -0700] "GET /img/njn/8.jpg HTTP/1.1" 200 124240 "-" "Mozilla/5.0 (compatible; AhrefsBot/5.2; +http://ahrefs.com/robot/)"
73.231.164.56 - - [19/Jul/2018:12:18:35 -0700] "GET /favicon.ico HTTP/1.1" 404 209 "-" "Mozilla/5.0 (iPad; CPU OS 11_4 like Mac OS X) AppleWebKit/605.1.15 (KHTML, like Gecko) FxiOS/12.1b10941 Mobile/15F79 Safari/605.1.15"
95.163.255.107 - - [19/Jul/2018:12:31:08 -0700] "GET /robots.txt HTTP/1.1" 404 208 "-" "Mozilla/5.0 (compatible; Linux x86_64; Mail.RU_Bot/2.0; +http://go.mail.ru/help/robots)"
95.163.255.118 - - [19/Jul/2018:12:31:17 -0700] "GET /img/sfnoir/thumbs/2.jpg HTTP/1.1" 200 23061 "-" "Mozilla/5.0 (compatible; Linux x86_64; Mail.RU_Bot/2.0; +http://go.mail.ru/help/robots)"
46.118.159.228 - - [19/Jul/2018:12:35:46 -0700] "GET / HTTP/1.1" 200 72658 "https://bpro1.top/" "Mozilla/4.0 (compatible; MSIE 6.0; Windows XP)"
46.118.159.228 - - [19/Jul/2018:12:35:48 -0700] "GET / HTTP/1.1" 200 72658 "https://bpro1.top/" "Mozilla/4.0 (compatible; MSIE 6.0; Windows XP)"
38.145.92.92 - - [19/Jul/2018:12:42:41 -0700] "GET / HTTP/1.1" 200 15893 "-" "Mozilla/5.0 (Macintosh; Intel Mac OS X 10_12_5) AppleWebKit/537.36 (KHTML, like Gecko) Chrome/58.0.3029.110 Safari/537.36"
93.158.161.62 - - [19/Jul/2018:12:50:19 -0700] "GET /robots.txt HTTP/1.1" 404 208 "-" "Mozilla/5.0 (compatible; YandexBot/3.0; +http://yandex.com/bots)"
84.201.133.78 - - [19/Jul/2018:12:50:20 -0700] "GET /robots.txt HTTP/1.1" 404 208 "-" "Mozilla/5.0 (compatible; YandexBot/3.0; +http://yandex.com/bots)"
93.158.161.62 - - [19/Jul/2018:12:50:23 -0700] "GET / HTTP/1.1" 200 15893 "-" "Mozilla/5.0 (compatible; YandexBot/3.0; +http://yandex.com/bots)"
93.158.161.62 - - [19/Jul/2018:12:50:23 -0700] "GET / HTTP/1.1" 200 15893 "-" "Mozilla/5.0 (compatible; YandexBot/3.0; +http://yandex.com/bots)"
46.118.159.228 - - [19/Jul/2018:13:16:37 -0700] "GET / HTTP/1.1" 200 72658 "https://ask-yug.com/" "Mozilla/4.0 (compatible; MSIE 6.0; Windows NT 5.1; SV1; FunWebProducts; .NET CLR 1.1.4322; PeoplePal 6.2)"
46.118.159.228 - - [19/Jul/2018:13:16:40 -0700] "GET / HTTP/1.1" 200 72658 "https://ask-yug.com/" "Mozilla/4.0 (compatible; MSIE 6.0; Windows NT 5.1; SV1; FunWebProducts; .NET CLR 1.1.4322; PeoplePal 6.2)"
73.231.164.56 - - [19/Jul/2018:13:17:01 -0700] "GET /favicon.ico HTTP/1.1" 404 209 "-" "Mozilla/5.0 (iPad; CPU OS 11_4 like Mac OS X) AppleWebKit/605.1.15 (KHTML, like Gecko) FxiOS/12.1b10941 Mobile/15F79 Safari/605.1.15"
172.56.44.189 - - [19/Jul/2018:14:08:09 -0700] "GET /img/autumn/thumbs/2.jpg HTTP/1.1" 200 45196 "https://www.google.com/" "Mozilla/5.0 (iPhone; CPU iPhone OS 11_4 like Mac OS X) AppleWebKit/605.1.15 (KHTML, like Gecko) Version/11.0 Mobile/15E148 Safari/604.1"
73.231.164.56 - - [19/Jul/2018:14:22:29 -0700] "GET /favicon.ico HTTP/1.1" 404 209 "-" "Mozilla/5.0 (iPad; CPU OS 11_4 like Mac OS X) AppleWebKit/605.1.15 (KHTML, like Gecko) FxiOS/12.1b10941 Mobile/15F79 Safari/605.1.15"
180.76.15.11 - - [19/Jul/2018:14:26:10 -0700] "GET /css/bootstrap.min.css HTTP/1.1" 200 11249 "-" "Mozilla/5.0 (compatible; Baiduspider/2.0; +http://www.baidu.com/search/spider.html)"
77.75.79.95 - - [19/Jul/2018:14:53:04 -0700] "GET /robots.txt HTTP/1.1" 404 208 "-" "Mozilla/5.0 (compatible; SeznamBot/3.2; +http://napoveda.seznam.cz/en/seznambot-intro/)"
77.75.79.95 - - [19/Jul/2018:14:53:50 -0700] "GET /img/urban-cowgirl/2.jpg HTTP/1.1" 304 - "-" "Mozilla/5.0 (compatible; SeznamBot/3.2; +http://napoveda.seznam.cz/en/seznambot-intro/)"
73.231.164.56 - - [19/Jul/2018:15:05:30 -0700] "GET /favicon.ico HTTP/1.1" 404 209 "-" "Mozilla/5.0 (iPad; CPU OS 11_4 like Mac OS X) AppleWebKit/605.1.15 (KHTML, like Gecko) FxiOS/12.1b10941 Mobile/15F79 Safari/605.1.15"
207.46.13.128 - - [19/Jul/2018:15:11:41 -0700] "GET / HTTP/1.1" 200 15893 "-" "Mozilla/5.0 (compatible; bingbot/2.0; +http://www.bing.com/bingbot.htm)"
73.231.164.56 - - [19/Jul/2018:15:17:38 -0700] "GET /favicon.ico HTTP/1.1" 404 209 "-" "Mozilla/5.0 (iPad; CPU OS 11_4 like Mac OS X) AppleWebKit/605.1.15 (KHTML, like Gecko) FxiOS/12.1b10941 Mobile/15F79 Safari/605.1.15"
73.231.164.56 - - [19/Jul/2018:15:29:52 -0700] "GET /favicon.ico HTTP/1.1" 404 209 "-" "Mozilla/5.0 (iPad; CPU OS 11_4 like Mac OS X) AppleWebKit/605.1.15 (KHTML, like Gecko) FxiOS/12.1b10941 Mobile/15F79 Safari/605.1.15"
144.217.5.52 - - [19/Jul/2018:15:54:36 -0700] "GET /robots.txt HTTP/1.1" 404 208 "-" "Mozilla/5.0 (compatible; ExtLinksBot/1.5; +https://extlinks.com/Bot.html)"
144.217.5.52 - - [19/Jul/2018:15:54:45 -0700] "GET / HTTP/1.1" 200 15893 "-" "Mozilla/5.0 (compatible; ExtLinksBot/1.5; +https://extlinks.com/Bot.html)"
73.231.164.56 - - [19/Jul/2018:16:10:01 -0700] "GET /favicon.ico HTTP/1.1" 404 209 "-" "Mozilla/5.0 (iPad; CPU OS 11_4 like Mac OS X) AppleWebKit/605.1.15 (KHTML, like Gecko) FxiOS/12.1b10941 Mobile/15F79 Safari/605.1.15"
46.118.112.85 - - [19/Jul/2018:16:37:43 -0700] "GET / HTTP/1.1" 200 72658 "-" "Mozilla/5.0 (Windows NT 10.0; Win64; x64) AppleWebKit/537.36 (KHTML, like Gecko) Chrome/63.0.3239.132 Safari/537.36"
46.118.112.85 - - [19/Jul/2018:16:37:44 -0700] "POST /connectors/system/phpthumb.php HTTP/1.1" 404 228 "-" "Mozilla/5.0 (Windows NT 10.0; Win64; x64) AppleWebKit/537.36 (KHTML, like Gecko) Chrome/63.0.3239.132 Safari/537.36"
46.118.112.85 - - [19/Jul/2018:16:37:44 -0700] "GET /dbs.php HTTP/1.1" 404 205 "-" "Mozilla/5.0 (Windows NT 10.0; Win64; x64) AppleWebKit/537.36 (KHTML, like Gecko) Chrome/63.0.3239.132 Safari/537.36"
46.185.74.243 - - [19/Jul/2018:18:24:34 -0700] "GET / HTTP/1.1" 200 72658 "http://xn-----6kcamwewcd9bayelq.xn--p1ai/" "Mozilla/4.0 (compatible; MSIE 6.0; Windows XP)"
46.185.74.243 - - [19/Jul/2018:18:24:35 -0700] "GET / HTTP/1.1" 200 72658 "http://xn-----6kcamwewcd9bayelq.xn--p1ai/" "Mozilla/4.0 (compatible; MSIE 6.0; Windows XP)"
46.185.74.243 - - [19/Jul/2018:18:24:36 -0700] "GET / HTTP/1.1" 200 72658 "http://xn-----6kcamwewcd9bayelq.xn--p1ai/" "Mozilla/4.0 (compatible; MSIE 6.0; Windows XP)"
46.119.124.149 - - [19/Jul/2018:18:26:14 -0700] "GET / HTTP/1.1" 200 72658 "http://medicineseasybuy.com/" "Mozilla/3.0 (x86 [en] Windows NT 5.1; Sun)"
73.231.164.56 - - [19/Jul/2018:19:30:46 -0700] "GET /favicon.ico HTTP/1.1" 404 209 "-" "Mozilla/5.0 (iPad; CPU OS 11_4 like Mac OS X) AppleWebKit/605.1.15 (KHTML, like Gecko) FxiOS/12.1b10941 Mobile/15F79 Safari/605.1.15"
180.76.15.23 - - [19/Jul/2018:20:14:30 -0700] "GET /js/lightbox.js HTTP/1.1" 200 4210 "-" "Mozilla/5.0 (compatible; Baiduspider/2.0; +http://www.baidu.com/search/spider.html)"
66.249.70.12 - - [19/Jul/2018:20:48:10 -0700] "GET /robots.txt HTTP/1.1" 404 208 "-" "Mozilla/5.0 (compatible; Googlebot/2.1; +http://www.google.com/bot.html)"
66.249.70.10 - - [19/Jul/2018:20:48:10 -0700] "GET /img/oncekids-fujimini/thumbs/3.jpg HTTP/1.1" 304 - "-" "Googlebot-Image/1.0"
178.137.85.122 - - [19/Jul/2018:21:32:48 -0700] "GET / HTTP/1.1" 200 72658 "https://www.souvenirua.com/uk/" "Mozilla/4.0 (compatible; MSIE 6.0; Windows NT 5.1) Opera 7.54 [en]"
178.137.85.122 - - [19/Jul/2018:21:32:49 -0700] "GET / HTTP/1.1" 200 72658 "https://www.souvenirua.com/uk/" "Mozilla/4.0 (compatible; MSIE 6.0; Windows NT 5.1) Opera 7.54 [en]"
178.137.85.122 - - [19/Jul/2018:21:32:52 -0700] "GET / HTTP/1.1" 200 72658 "https://www.souvenirua.com/uk/" "Mozilla/4.0 (compatible; MSIE 6.0; Windows NT 5.1) Opera 7.54 [en]"
51.15.146.39 - - [19/Jul/2018:21:48:40 -0700] "GET / HTTP/1.1" 200 72658 "-" "Mozilla/5.0 (Windows NT 10.0; Win64; x64) AppleWebKit/537.36 (KHTML, like Gecko) Chrome/63.0.3239.132 Safari/537.36"
51.15.146.39 - - [19/Jul/2018:21:48:41 -0700] "POST /connectors/system/phpthumb.php HTTP/1.1" 404 228 "-" "Mozilla/5.0 (Windows NT 10.0; Win64; x64) AppleWebKit/537.36 (KHTML, like Gecko) Chrome/63.0.3239.132 Safari/537.36"
51.15.146.39 - - [19/Jul/2018:21:48:41 -0700] "GET /dbs.php HTTP/1.1" 404 205 "-" "Mozilla/5.0 (Windows NT 10.0; Win64; x64) AppleWebKit/537.36 (KHTML, like Gecko) Chrome/63.0.3239.132 Safari/537.36"
93.158.161.62 - - [19/Jul/2018:22:14:20 -0700] "GET /robots.txt HTTP/1.1" 404 208 "-" "Mozilla/5.0 (compatible; YandexBot/3.0; +http://yandex.com/bots)"
77.88.47.14 - - [19/Jul/2018:22:14:20 -0700] "GET /robots.txt HTTP/1.1" 404 208 "-" "Mozilla/5.0 (compatible; YandexBot/3.0; +http://yandex.com/bots)"
93.158.161.62 - - [19/Jul/2018:22:14:24 -0700] "GET / HTTP/1.1" 200 15893 "-" "Mozilla/5.0 (compatible; YandexBot/3.0; +http://yandex.com/bots)"
77.88.47.14 - - [19/Jul/2018:22:14:24 -0700] "GET / HTTP/1.1" 200 15893 "-" "Mozilla/5.0 (compatible; YandexBot/3.0; +http://yandex.com/bots)"
46.118.159.228 - - [19/Jul/2018:22:28:13 -0700] "GET / HTTP/1.1" 200 72658 "https://impotentik.com/" "Mozilla/4.0 (compatible; MSIE 6.0; AOL 9.0; Windows NT 5.1)"
46.118.159.228 - - [19/Jul/2018:22:28:15 -0700] "GET / HTTP/1.1" 200 72658 "https://impotentik.com/" "Mozilla/4.0 (compatible; MSIE 6.0; AOL 9.0; Windows NT 5.1)"
46.229.168.65 - - [19/Jul/2018:23:28:01 -0700] "GET /robots.txt HTTP/1.1" 404 208 "-" "Mozilla/5.0 (compatible; SemrushBot/2~bl; +http://www.semrush.com/bot.html)"
46.229.168.74 - - [19/Jul/2018:23:28:09 -0700] "GET / HTTP/1.1" 200 15893 "-" "Mozilla/5.0 (compatible; SemrushBot/2~bl; +http://www.semrush.com/bot.html)"
37.115.185.48 - - [20/Jul/2018:01:35:54 -0700] "GET / HTTP/1.1" 200 72658 "http://xn-----7kcaaxchbbmgncr7chzy0k0hk.xn--p1ai/" "Mozilla/3.0 (x86 [en] Windows NT 5.1; Sun)"
162.210.196.97 - - [20/Jul/2018:01:44:35 -0700] "GET /robots.txt HTTP/1.1" 404 208 "-" "Mozilla/5.0 (compatible; MJ12bot/v1.4.8; http://mj12bot.com/)"
162.210.196.97 - - [20/Jul/2018:01:44:36 -0700] "GET / HTTP/1.1" 200 72658 "-" "Mozilla/5.0 (compatible; MJ12bot/v1.4.8; http://mj12bot.com/)"
216.244.66.197 - - [20/Jul/2018:01:47:51 -0700] "GET /robots.txt HTTP/1.1" 404 208 "-" "Mozilla/5.0 (compatible; DotBot/1.1; http://www.opensiteexplorer.org/dotbot, help@moz.com)"
216.244.66.197 - - [20/Jul/2018:01:54:49 -0700] "GET /img/njn/4.jpg HTTP/1.1" 200 151484 "-" "Mozilla/5.0 (compatible; DotBot/1.1; http://www.opensiteexplorer.org/dotbot, help@moz.com)"
216.244.66.197 - - [20/Jul/2018:01:54:52 -0700] "GET /img/urban-cowgirl/2.jpg HTTP/1.1" 200 104975 "-" "Mozilla/5.0 (compatible; DotBot/1.1; http://www.opensiteexplorer.org/dotbot, help@moz.com)"
216.244.66.197 - - [20/Jul/2018:02:14:20 -0700] "GET /robots.txt HTTP/1.1" 404 208 "-" "Mozilla/5.0 (compatible; DotBot/1.1; http://www.opensiteexplorer.org/dotbot, help@moz.com)"
216.244.66.197 - - [20/Jul/2018:02:21:31 -0700] "GET /img/autumn/4.jpg HTTP/1.1" 200 166546 "-" "Mozilla/5.0 (compatible; DotBot/1.1; http://www.opensiteexplorer.org/dotbot, help@moz.com)"
216.244.66.197 - - [20/Jul/2018:02:21:34 -0700] "GET /img/bs4w/8.jpg HTTP/1.1" 200 67708 "-" "Mozilla/5.0 (compatible; DotBot/1.1; http://www.opensiteexplorer.org/dotbot, help@moz.com)"
216.244.66.197 - - [20/Jul/2018:02:39:23 -0700] "GET /robots.txt HTTP/1.1" 404 208 "-" "Mozilla/5.0 (compatible; DotBot/1.1; http://www.opensiteexplorer.org/dotbot, help@moz.com)"
216.244.66.197 - - [20/Jul/2018:02:46:38 -0700] "GET /img/oncekids-fujimini/3.jpg HTTP/1.1" 200 143020 "-" "Mozilla/5.0 (compatible; DotBot/1.1; http://www.opensiteexplorer.org/dotbot, help@moz.com)"
138.197.111.106 - - [20/Jul/2018:03:14:39 -0700] "GET / HTTP/1.1" 200 15893 "-" "Mozilla/5.0 (X11; Datanyze; Linux x86_64) AppleWebKit/537.36 (KHTML, like Gecko) Chrome/65.0.3325.181 Safari/537.36"
138.197.111.106 - - [20/Jul/2018:03:14:39 -0700] "GET /js/modernizr.js HTTP/1.1" 200 5933 "http://rndsquared.com/" "Mozilla/5.0 (X11; Datanyze; Linux x86_64) AppleWebKit/537.36 (KHTML, like Gecko) Chrome/65.0.3325.181 Safari/537.36"
138.197.111.106 - - [20/Jul/2018:03:14:39 -0700] "GET /js/lightbox.js HTTP/1.1" 200 4210 "http://rndsquared.com/" "Mozilla/5.0 (X11; Datanyze; Linux x86_64) AppleWebKit/537.36 (KHTML, like Gecko) Chrome/65.0.3325.181 Safari/537.36"
138.197.111.106 - - [20/Jul/2018:03:14:40 -0700] "GET /js/scripts.js HTTP/1.1" 200 1227 "http://rndsquared.com/" "Mozilla/5.0 (X11; Datanyze; Linux x86_64) AppleWebKit/537.36 (KHTML, like Gecko) Chrome/65.0.3325.181 Safari/537.36"
112.79.138.243 - - [20/Jul/2018:03:59:24 -0700] "GET /img/mixman/5.jpg HTTP/1.1" 200 86490 "https://www.google.co.in/" "Mozilla/5.0 (Windows NT 6.1; Win64; x64) AppleWebKit/537.36 (KHTML, like Gecko) Chrome/67.0.3396.99 Safari/537.36"
77.75.77.119 - - [20/Jul/2018:04:04:42 -0700] "GET /robots.txt HTTP/1.1" 404 208 "-" "Mozilla/5.0 (compatible; SeznamBot/3.2; +http://napoveda.seznam.cz/en/seznambot-intro/)"
77.75.77.119 - - [20/Jul/2018:04:04:44 -0700] "GET /img/urban-cowgirl/6.jpg HTTP/1.1" 304 - "-" "Mozilla/5.0 (compatible; SeznamBot/3.2; +http://napoveda.seznam.cz/en/seznambot-intro/)"
46.229.168.68 - - [20/Jul/2018:04:07:20 -0700] "GET /robots.txt HTTP/1.1" 404 208 "-" "Mozilla/5.0 (compatible; SemrushBot/2~bl; +http://www.semrush.com/bot.html)"
46.229.168.66 - - [20/Jul/2018:04:07:28 -0700] "GET / HTTP/1.1" 200 15893 "-" "Mozilla/5.0 (compatible; SemrushBot/2~bl; +http://www.semrush.com/bot.html)"
66.249.70.10 - - [20/Jul/2018:04:41:58 -0700] "GET / HTTP/1.1" 200 15893 "-" "Mozilla/5.0 (compatible; Googlebot/2.1; +http://www.google.com/bot.html)"
180.76.15.11 - - [20/Jul/2018:05:14:11 -0700] "GET / HTTP/1.1" 200 15893 "-" "Mozilla/5.0 (compatible; Baiduspider/2.0; +http://www.baidu.com/search/spider.html)"
77.75.78.172 - - [20/Jul/2018:06:42:27 -0700] "GET /robots.txt HTTP/1.1" 404 208 "-" "Mozilla/5.0 (compatible; SeznamBot/3.2; +http://napoveda.seznam.cz/en/seznambot-intro/)"
77.75.78.172 - - [20/Jul/2018:06:42:32 -0700] "GET /img/sfnoir/thumbs/1.jpg HTTP/1.1" 304 - "-" "Mozilla/5.0 (compatible; SeznamBot/3.2; +http://napoveda.seznam.cz/en/seznambot-intro/)"
54.36.150.81 - - [20/Jul/2018:07:40:41 -0700] "GET /robots.txt HTTP/1.1" 404 208 "-" "Mozilla/5.0 (compatible; AhrefsBot/5.2; +http://ahrefs.com/robot/)"
54.36.148.28 - - [20/Jul/2018:07:40:43 -0700] "GET /img/urban-cowgirl/2.jpg HTTP/1.1" 200 104975 "-" "Mozilla/5.0 (compatible; AhrefsBot/5.2; +http://ahrefs.com/robot/)"
77.75.78.162 - - [20/Jul/2018:08:00:27 -0700] "GET /robots.txt HTTP/1.1" 404 208 "-" "Mozilla/5.0 (compatible; SeznamBot/3.2; +http://napoveda.seznam.cz/en/seznambot-intro/)"
77.75.78.162 - - [20/Jul/2018:08:00:29 -0700] "GET /img/urban-cowgirl/thumbs/3.jpg HTTP/1.1" 304 - "-" "Mozilla/5.0 (compatible; SeznamBot/3.2; +http://napoveda.seznam.cz/en/seznambot-intro/)"
178.159.37.70 - - [20/Jul/2018:08:09:54 -0700] "GET / HTTP/1.1" 200 72658 "http://03e.info/" "Mozilla/4.76 [en] (Windows NT 5.0; U)"
178.159.37.70 - - [20/Jul/2018:08:09:55 -0700] "GET / HTTP/1.1" 200 72658 "http://03e.info/" "Mozilla/4.76 [en] (Windows NT 5.0; U)"
178.159.37.70 - - [20/Jul/2018:08:09:55 -0700] "GET / HTTP/1.1" 200 72658 "http://03e.info/" "Mozilla/4.76 [en] (Windows NT 5.0; U)"
178.159.37.70 - - [20/Jul/2018:08:11:06 -0700] "GET / HTTP/1.1" 200 72658 "http://lerporn.info/" "Opera/9.00 (Windows NT 5.1; U; ru)"
178.159.37.70 - - [20/Jul/2018:08:11:07 -0700] "GET / HTTP/1.1" 200 72658 "http://lerporn.info/" "Opera/9.00 (Windows NT 5.1; U; ru)"
178.159.37.70 - - [20/Jul/2018:08:11:07 -0700] "GET / HTTP/1.1" 200 72658 "http://lerporn.info/" "Opera/9.00 (Windows NT 5.1; U; ru)"
66.249.70.14 - - [20/Jul/2018:08:11:14 -0700] "GET /img/mixman/18.jpg HTTP/1.1" 200 75474 "-" "Googlebot-Image/1.0"
77.75.76.165 - - [20/Jul/2018:08:57:35 -0700] "GET /robots.txt HTTP/1.1" 404 208 "-" "Mozilla/5.0 (compatible; SeznamBot/3.2; +http://napoveda.seznam.cz/en/seznambot-intro/)"
77.75.76.165 - - [20/Jul/2018:08:57:37 -0700] "GET /img/bs4w/thumbs/3.jpg HTTP/1.1" 304 - "-" "Mozilla/5.0 (compatible; SeznamBot/3.2; +http://napoveda.seznam.cz/en/seznambot-intro/)"
46.185.74.243 - - [20/Jul/2018:09:27:01 -0700] "GET / HTTP/1.1" 200 72658 "https://bpro1.top/" "Opera/9.00 (Windows NT 4.0; U; en)"
46.185.74.243 - - [20/Jul/2018:09:27:02 -0700] "GET / HTTP/1.1" 200 72658 "https://bpro1.top/" "Opera/9.00 (Windows NT 4.0; U; en)"
46.185.74.243 - - [20/Jul/2018:09:27:03 -0700] "GET / HTTP/1.1" 200 72658 "https://bpro1.top/" "Opera/9.00 (Windows NT 4.0; U; en)"
46.119.124.149 - - [20/Jul/2018:10:15:49 -0700] "GET / HTTP/1.1" 200 72658 "http://xn----8sblgmbj1a1bk8l.xn----161-4vemb6cjl7anbaea3afninj.xn--p1ai/" "Mozilla/4.61 [en] (X11; U; ) - BrowseX (2.0.0 Windows)"
46.118.159.228 - - [20/Jul/2018:10:17:30 -0700] "GET / HTTP/1.1" 200 72658 "http://metallosajding.ru/" "Mozilla/4.0 (compatible; MSIE 6.0; Windows NT 5.1; SV1; .NET CLR 1.1.4322)"
46.119.124.149 - - [20/Jul/2018:10:36:47 -0700] "GET / HTTP/1.1" 200 72658 "https://supermama.top/" "Mozilla/4.0 (compatible; MSIE 6.0; AOL 9.0; Windows NT 5.1)"
46.119.124.149 - - [20/Jul/2018:10:36:49 -0700] "GET / HTTP/1.1" 200 72658 "https://supermama.top/" "Mozilla/4.0 (compatible; MSIE 6.0; AOL 9.0; Windows NT 5.1)"
46.119.124.149 - - [20/Jul/2018:10:36:50 -0700] "GET / HTTP/1.1" 200 72658 "https://supermama.top/" "Mozilla/4.0 (compatible; MSIE 6.0; AOL 9.0; Windows NT 5.1)"
122.228.10.51 - - [20/Jul/2018:10:50:09 -0700] "GET / HTTP/1.1" 200 72658 "-" "Mozilla/5.0 (Macintosh; Intel Mac OS X 10.11; rv:47.0) Gecko/20100101 Firefox/47.0"
46.229.168.70 - - [20/Jul/2018:11:41:58 -0700] "GET /robots.txt HTTP/1.1" 404 208 "-" "Mozilla/5.0 (compatible; SemrushBot/2~bl; +http://www.semrush.com/bot.html)"
46.229.168.66 - - [20/Jul/2018:11:42:05 -0700] "GET / HTTP/1.1" 200 15893 "-" "Mozilla/5.0 (compatible; SemrushBot/2~bl; +http://www.semrush.com/bot.html)"
66.249.70.12 - - [20/Jul/2018:12:04:21 -0700] "GET /robots.txt HTTP/1.1" 404 208 "-" "Mozilla/5.0 (compatible; Googlebot/2.1; +http://www.google.com/bot.html)"
66.249.70.14 - - [20/Jul/2018:12:04:21 -0700] "GET / HTTP/1.1" 200 15893 "-" "Mozilla/5.0 (Linux; Android 6.0.1; Nexus 5X Build/MMB29P) AppleWebKit/537.36 (KHTML, like Gecko) Chrome/41.0.2272.96 Mobile Safari/537.36 (compatible; Googlebot/2.1; +http://www.google.com/bot.html)"
93.158.161.62 - - [20/Jul/2018:12:44:19 -0700] "GET /robots.txt HTTP/1.1" 404 208 "-" "Mozilla/5.0 (compatible; YandexBot/3.0; +http://yandex.com/bots)"
77.88.47.14 - - [20/Jul/2018:12:44:19 -0700] "GET /robots.txt HTTP/1.1" 404 208 "-" "Mozilla/5.0 (compatible; YandexBot/3.0; +http://yandex.com/bots)"
93.158.161.62 - - [20/Jul/2018:12:44:22 -0700] "GET / HTTP/1.1" 200 15893 "-" "Mozilla/5.0 (compatible; YandexBot/3.0; +http://yandex.com/bots)"
77.88.47.14 - - [20/Jul/2018:12:44:23 -0700] "GET / HTTP/1.1" 200 15893 "-" "Mozilla/5.0 (compatible; YandexBot/3.0; +http://yandex.com/bots)"
73.231.164.56 - - [20/Jul/2018:12:54:01 -0700] "GET /favicon.ico HTTP/1.1" 404 209 "-" "Mozilla/5.0 (iPad; CPU OS 11_4 like Mac OS X) AppleWebKit/605.1.15 (KHTML, like Gecko) FxiOS/12.1b10941 Mobile/15F79 Safari/605.1.15"
73.231.164.56 - - [20/Jul/2018:13:00:30 -0700] "GET /favicon.ico HTTP/1.1" 404 209 "-" "Mozilla/5.0 (iPad; CPU OS 11_4 like Mac OS X) AppleWebKit/605.1.15 (KHTML, like Gecko) FxiOS/12.1b10941 Mobile/15F79 Safari/605.1.15"
73.231.164.56 - - [20/Jul/2018:13:50:36 -0700] "GET /favicon.ico HTTP/1.1" 404 209 "-" "Mozilla/5.0 (iPad; CPU OS 11_4 like Mac OS X) AppleWebKit/605.1.15 (KHTML, like Gecko) FxiOS/12.1b10941 Mobile/15F79 Safari/605.1.15"
73.71.74.9 - - [20/Jul/2018:14:46:41 -0700] "GET / HTTP/1.1" 200 15893 "-" "Mozilla/5.0 (Macintosh; Intel Mac OS X 10_12_5) AppleWebKit/603.2.4 (KHTML, like Gecko)"
73.71.74.9 - - [20/Jul/2018:14:46:41 -0700] "GET /apple-touch-icon-precomposed.png HTTP/1.1" 404 230 "-" "Safari/12603.2.4 CFNetwork/811.5.4 Darwin/16.6.0 (x86_64)"
73.71.74.9 - - [20/Jul/2018:14:46:41 -0700] "GET /apple-touch-icon.png HTTP/1.1" 404 218 "-" "Safari/12603.2.4 CFNetwork/811.5.4 Darwin/16.6.0 (x86_64)"
73.71.74.9 - - [20/Jul/2018:14:46:41 -0700] "GET /favicon.ico HTTP/1.1" 404 209 "-" "Safari/12603.2.4 CFNetwork/811.5.4 Darwin/16.6.0 (x86_64)"
73.71.74.9 - - [20/Jul/2018:14:46:41 -0700] "GET /apple-touch-icon-precomposed.png HTTP/1.1" 404 230 "-" "Safari/12603.2.4 CFNetwork/811.5.4 Darwin/16.6.0 (x86_64)"
73.71.74.9 - - [20/Jul/2018:14:46:41 -0700] "GET /apple-touch-icon.png HTTP/1.1" 404 218 "-" "Safari/12603.2.4 CFNetwork/811.5.4 Darwin/16.6.0 (x86_64)"
73.71.74.9 - - [20/Jul/2018:14:46:41 -0700] "GET /favicon.ico HTTP/1.1" 404 209 "-" "Safari/12603.2.4 CFNetwork/811.5.4 Darwin/16.6.0 (x86_64)"
73.71.74.9 - - [20/Jul/2018:14:46:41 -0700] "GET / HTTP/1.1" 200 15893 "-" "Mozilla/5.0 (iPhone; CPU iPhone OS 10_0 like Mac OS X) AppleWebKit/602.1.38 (KHTML, like Gecko) Version/10.0 Mobile/14A300 Safari/602.1"
73.71.74.9 - - [20/Jul/2018:14:46:41 -0700] "GET /apple-touch-icon-precomposed.png HTTP/1.1" 404 230 "-" "Safari/12603.2.4 CFNetwork/811.5.4 Darwin/16.6.0 (x86_64)"
73.71.74.9 - - [20/Jul/2018:14:46:41 -0700] "GET /apple-touch-icon.png HTTP/1.1" 404 218 "-" "Safari/12603.2.4 CFNetwork/811.5.4 Darwin/16.6.0 (x86_64)"
73.71.74.9 - - [20/Jul/2018:14:46:41 -0700] "GET /favicon.ico HTTP/1.1" 404 209 "-" "Safari/12603.2.4 CFNetwork/811.5.4 Darwin/16.6.0 (x86_64)"
73.71.74.9 - - [20/Jul/2018:14:46:41 -0700] "GET /apple-touch-icon-precomposed.png HTTP/1.1" 404 230 "-" "Safari/12603.2.4 CFNetwork/811.5.4 Darwin/16.6.0 (x86_64)"
73.71.74.9 - - [20/Jul/2018:14:46:42 -0700] "GET /apple-touch-icon.png HTTP/1.1" 404 218 "-" "Safari/12603.2.4 CFNetwork/811.5.4 Darwin/16.6.0 (x86_64)"
73.71.74.9 - - [20/Jul/2018:14:46:42 -0700] "GET /favicon.ico HTTP/1.1" 404 209 "-" "Safari/12603.2.4 CFNetwork/811.5.4 Darwin/16.6.0 (x86_64)"
180.76.15.161 - - [20/Jul/2018:14:55:26 -0700] "GET /robots.txt HTTP/1.1" 404 208 "-" "Mozilla/5.0 (Windows NT 5.1; rv:6.0.2) Gecko/20100101 Firefox/6.0.2"
180.76.15.11 - - [20/Jul/2018:14:55:26 -0700] "GET /robots.txt HTTP/1.1" 404 208 "-" "Mozilla/5.0 (Windows NT 5.1; rv:6.0.2) Gecko/20100101 Firefox/6.0.2"
180.76.15.24 - - [20/Jul/2018:14:55:53 -0700] "GET /js/modernizr.js HTTP/1.1" 200 5933 "-" "Mozilla/5.0 (compatible; Baiduspider/2.0; +http://www.baidu.com/search/spider.html)"
37.115.185.48 - - [20/Jul/2018:15:04:42 -0700] "GET / HTTP/1.1" 200 72658 "https://russian-translator.com/" "Mozilla/4.0 (compatible; MSIE 6.0; Windows NT 5.0; Avant Browser [avantbrowser.com]; Hotbar 4.4.5.0)"
54.36.148.227 - - [20/Jul/2018:15:08:55 -0700] "GET /img/wu-wei/9.jpg HTTP/1.1" 200 398953 "-" "Mozilla/5.0 (compatible; AhrefsBot/5.2; +http://ahrefs.com/robot/)"
46.119.124.149 - - [20/Jul/2018:15:32:50 -0700] "GET / HTTP/1.1" 200 72658 "http://lerporn.info/" "Mozilla/4.0 (compatible; MSIE 6.0; Windows NT 5.1; TheFreeDictionary.com; .NET CLR 1.1.4322; .NET CLR 1.0.3705; .NET CLR 2.0.50727)"
46.119.124.149 - - [20/Jul/2018:15:32:52 -0700] "GET / HTTP/1.1" 200 72658 "http://lerporn.info/" "Mozilla/4.0 (compatible; MSIE 6.0; Windows NT 5.1; TheFreeDictionary.com; .NET CLR 1.1.4322; .NET CLR 1.0.3705; .NET CLR 2.0.50727)"
46.119.124.149 - - [20/Jul/2018:15:32:54 -0700] "GET / HTTP/1.1" 200 72658 "http://lerporn.info/" "Mozilla/4.0 (compatible; MSIE 6.0; Windows NT 5.1; TheFreeDictionary.com; .NET CLR 1.1.4322; .NET CLR 1.0.3705; .NET CLR 2.0.50727)"
73.231.164.56 - - [20/Jul/2018:15:39:04 -0700] "GET /favicon.ico HTTP/1.1" 404 209 "-" "Mozilla/5.0 (iPad; CPU OS 11_4 like Mac OS X) AppleWebKit/605.1.15 (KHTML, like Gecko) FxiOS/12.1b10941 Mobile/15F79 Safari/605.1.15"
95.163.255.116 - - [20/Jul/2018:15:46:43 -0700] "GET /robots.txt HTTP/1.1" 404 208 "-" "Mozilla/5.0 (compatible; Linux x86_64; Mail.RU_Bot/2.0; +http://go.mail.ru/help/robots)"
95.163.255.119 - - [20/Jul/2018:15:46:44 -0700] "GET /img/sfnoir/thumbs/2.jpg HTTP/1.1" 200 23061 "-" "Mozilla/5.0 (compatible; Linux x86_64; Mail.RU_Bot/2.0; +http://go.mail.ru/help/robots)"
66.249.70.10 - - [20/Jul/2018:15:48:30 -0700] "GET / HTTP/1.1" 200 15893 "-" "Mozilla/5.0 (Linux; Android 6.0.1; Nexus 5X Build/MMB29P) AppleWebKit/537.36 (KHTML, like Gecko) Chrome/41.0.2272.96 Mobile Safari/537.36 (compatible; Googlebot/2.1; +http://www.google.com/bot.html)"
73.231.164.56 - - [20/Jul/2018:17:17:37 -0700] "GET /favicon.ico HTTP/1.1" 404 209 "-" "Mozilla/5.0 (iPad; CPU OS 11_4 like Mac OS X) AppleWebKit/605.1.15 (KHTML, like Gecko) FxiOS/12.1b10941 Mobile/15F79 Safari/605.1.15"
194.187.170.146 - - [20/Jul/2018:18:11:47 -0700] "GET /robots.txt HTTP/1.1" 404 208 "-" "Mozilla/5.0 (compatible; Qwantify/2.4w; +https://www.qwant.com/)/2.4w"
194.187.170.146 - - [20/Jul/2018:18:11:47 -0700] "GET / HTTP/1.1" 200 15893 "-" "Mozilla/5.0 (compatible; Qwantify/2.4w; +https://www.qwant.com/)/2.4w"
73.231.164.56 - - [20/Jul/2018:18:45:37 -0700] "GET /favicon.ico HTTP/1.1" 404 209 "-" "Mozilla/5.0 (iPad; CPU OS 11_4 like Mac OS X) AppleWebKit/605.1.15 (KHTML, like Gecko) FxiOS/12.1b10941 Mobile/15F79 Safari/605.1.15"
99.85.121.169 - - [20/Jul/2018:19:19:57 -0700] "GET /img/autumn/thumbs/2.jpg HTTP/1.1" 200 45196 "https://www.google.com/" "Mozilla/5.0 (Windows NT 10.0; Win64; x64) AppleWebKit/537.36 (KHTML, like Gecko) Chrome/67.0.3396.99 Safari/537.36"
54.36.148.41 - - [20/Jul/2018:19:46:02 -0700] "GET /img/mixman/2.jpg HTTP/1.1" 200 80932 "-" "Mozilla/5.0 (compatible; AhrefsBot/5.2; +http://ahrefs.com/robot/)"
73.231.164.56 - - [20/Jul/2018:19:53:36 -0700] "GET /favicon.ico HTTP/1.1" 404 209 "-" "Mozilla/5.0 (iPad; CPU OS 11_4 like Mac OS X) AppleWebKit/605.1.15 (KHTML, like Gecko) FxiOS/12.1b10941 Mobile/15F79 Safari/605.1.15"
37.115.185.48 - - [20/Jul/2018:19:58:23 -0700] "GET / HTTP/1.1" 200 72658 "http://ukrainian-poetry.com/" "Mozilla/3.0 (x86 [en] Windows NT 5.1; Sun)"
37.115.185.48 - - [20/Jul/2018:19:58:24 -0700] "GET / HTTP/1.1" 200 72658 "http://ukrainian-poetry.com/" "Mozilla/3.0 (x86 [en] Windows NT 5.1; Sun)"
166.137.8.115 - - [20/Jul/2018:21:20:37 -0700] "GET /img/autumn/thumbs/1.jpg HTTP/1.1" 200 24768 "https://www.google.com/" "Mozilla/5.0 (iPhone; CPU iPhone OS 11_4 like Mac OS X) AppleWebKit/605.1.15 (KHTML, like Gecko) Version/11.0 Mobile/15E148 Safari/604.1"
180.76.15.137 - - [20/Jul/2018:21:21:08 -0700] "GET / HTTP/1.1" 200 15893 "-" "Mozilla/5.0 (compatible; Baiduspider/2.0; +http://www.baidu.com/search/spider.html)"
216.244.66.197 - - [20/Jul/2018:22:40:56 -0700] "GET /robots.txt HTTP/1.1" 404 208 "-" "Mozilla/5.0 (compatible; DotBot/1.1; http://www.opensiteexplorer.org/dotbot, help@moz.com)"
216.244.66.197 - - [20/Jul/2018:22:48:55 -0700] "GET /img/wu-wei/8.jpg HTTP/1.1" 200 457546 "-" "Mozilla/5.0 (compatible; DotBot/1.1; http://www.opensiteexplorer.org/dotbot, help@moz.com)"
51.15.146.39 - - [20/Jul/2018:23:50:29 -0700] "GET / HTTP/1.1" 200 72658 "-" "Mozilla/5.0 (Windows NT 10.0; Win64; x64) AppleWebKit/537.36 (KHTML, like Gecko) Chrome/63.0.3239.132 Safari/537.36"
51.15.146.39 - - [20/Jul/2018:23:50:29 -0700] "POST /connectors/system/phpthumb.php HTTP/1.1" 404 228 "-" "Mozilla/5.0 (Windows NT 10.0; Win64; x64) AppleWebKit/537.36 (KHTML, like Gecko) Chrome/63.0.3239.132 Safari/537.36"
51.15.146.39 - - [20/Jul/2018:23:50:29 -0700] "GET /dbs.php HTTP/1.1" 404 205 "-" "Mozilla/5.0 (Windows NT 10.0; Win64; x64) AppleWebKit/537.36 (KHTML, like Gecko) Chrome/63.0.3239.132 Safari/537.36"
93.158.161.62 - - [21/Jul/2018:00:20:56 -0700] "GET /robots.txt HTTP/1.1" 404 208 "-" "Mozilla/5.0 (compatible; YandexBot/3.0; +http://yandex.com/bots)"
77.88.47.14 - - [21/Jul/2018:00:20:56 -0700] "GET /robots.txt HTTP/1.1" 404 208 "-" "Mozilla/5.0 (compatible; YandexBot/3.0; +http://yandex.com/bots)"
73.231.164.56 - - [21/Jul/2018:00:20:57 -0700] "GET /favicon.ico HTTP/1.1" 404 209 "-" "Mozilla/5.0 (iPad; CPU OS 11_4 like Mac OS X) AppleWebKit/605.1.15 (KHTML, like Gecko) FxiOS/12.1b10941 Mobile/15F79 Safari/605.1.15"
93.158.161.62 - - [21/Jul/2018:00:20:59 -0700] "GET / HTTP/1.1" 200 15893 "-" "Mozilla/5.0 (compatible; YandexBot/3.0; +http://yandex.com/bots)"
77.88.47.14 - - [21/Jul/2018:00:21:00 -0700] "GET / HTTP/1.1" 200 15893 "-" "Mozilla/5.0 (compatible; YandexBot/3.0; +http://yandex.com/bots)"
138.197.7.56 - - [21/Jul/2018:01:17:35 -0700] "GET / HTTP/1.1" 200 15893 "http://rndsquared.com" "Mozilla/5.0 (X11; Datanyze; Linux x86_64) AppleWebKit/537.36 (KHTML, like Gecko) Chrome/65.0.3325.181 Safari/537.36"
138.197.7.56 - - [21/Jul/2018:01:17:36 -0700] "GET /css/bootstrap.min.css HTTP/1.1" 200 63993 "-" "Mozilla/5.0 (X11; Datanyze; Linux x86_64) AppleWebKit/537.36 (KHTML, like Gecko) Chrome/65.0.3325.181 Safari/537.36"
138.197.7.56 - - [21/Jul/2018:01:17:36 -0700] "GET /js/scripts.js HTTP/1.1" 200 3179 "-" "Mozilla/5.0 (X11; Datanyze; Linux x86_64) AppleWebKit/537.36 (KHTML, like Gecko) Chrome/65.0.3325.181 Safari/537.36"
138.197.7.56 - - [21/Jul/2018:01:17:36 -0700] "GET /js/lightbox.js HTTP/1.1" 200 15366 "-" "Mozilla/5.0 (X11; Datanyze; Linux x86_64) AppleWebKit/537.36 (KHTML, like Gecko) Chrome/65.0.3325.181 Safari/537.36"
138.197.7.56 - - [21/Jul/2018:01:17:36 -0700] "GET /css/lightbox.css HTTP/1.1" 200 3874 "-" "Mozilla/5.0 (X11; Datanyze; Linux x86_64) AppleWebKit/537.36 (KHTML, like Gecko) Chrome/65.0.3325.181 Safari/537.36"
138.197.7.56 - - [21/Jul/2018:01:17:39 -0700] "GET /css/styles.css HTTP/1.1" 200 7906 "-" "Mozilla/5.0 (X11; Datanyze; Linux x86_64) AppleWebKit/537.36 (KHTML, like Gecko) Chrome/65.0.3325.181 Safari/537.36"
138.197.7.56 - - [21/Jul/2018:01:17:39 -0700] "GET /js/modernizr.js HTTP/1.1" 200 14521 "-" "Mozilla/5.0 (X11; Datanyze; Linux x86_64) AppleWebKit/537.36 (KHTML, like Gecko) Chrome/65.0.3325.181 Safari/537.36"
138.197.7.56 - - [21/Jul/2018:01:17:51 -0700] "GET /robots.txt HTTP/1.1" 404 208 "-" "Mozilla/5.0 (Windows NT 6.1; WOW64; rv:29.0) Gecko/20100101 Firefox/29.0"
178.137.85.122 - - [21/Jul/2018:01:45:33 -0700] "GET / HTTP/1.1" 200 72658 "https://dawlenie.com/" "Opera/7.11 (Windows NT 5.1; U) [en]"
178.137.85.122 - - [21/Jul/2018:01:45:34 -0700] "GET / HTTP/1.1" 200 72658 "https://dawlenie.com/" "Opera/7.11 (Windows NT 5.1; U) [en]"
178.137.85.122 - - [21/Jul/2018:01:45:35 -0700] "GET / HTTP/1.1" 200 72658 "https://dawlenie.com/" "Opera/7.11 (Windows NT 5.1; U) [en]"
178.137.85.122 - - [21/Jul/2018:01:45:39 -0700] "GET / HTTP/1.1" 200 72658 "https://dawlenie.com/" "Opera/7.11 (Windows NT 5.1; U) [en]"
178.137.85.122 - - [21/Jul/2018:02:02:25 -0700] "GET / HTTP/1.1" 200 72658 "http://viagra-soft.ru/" "Mozilla/4.0 (compatible; MSIE 5.5; Windows 95)"
178.137.85.122 - - [21/Jul/2018:02:02:27 -0700] "GET / HTTP/1.1" 200 72658 "http://viagra-soft.ru/" "Mozilla/4.0 (compatible; MSIE 5.5; Windows 95)"
178.137.85.122 - - [21/Jul/2018:02:02:29 -0700] "GET / HTTP/1.1" 200 72658 "http://viagra-soft.ru/" "Mozilla/4.0 (compatible; MSIE 5.5; Windows 95)"
178.137.85.122 - - [21/Jul/2018:02:02:30 -0700] "GET / HTTP/1.1" 200 72658 "http://viagra-soft.ru/" "Mozilla/4.0 (compatible; MSIE 5.5; Windows 95)"
