73.235.3.83 - - [01/Nov/2017:00:05:05 -0700] "GET / HTTP/1.1" 301 235 "-" "Mozilla/5.0 (Macintosh; Intel Mac OS X 10_11_6) AppleWebKit/601.7.8 (KHTML, like Gecko) Version/9.1.2 Safari/601.7.7"
109.236.80.127 - - [01/Nov/2017:00:45:06 -0700] "GET / HTTP/1.1" 301 235 "-" "Mozilla/5.0 (compatible; IDBot/1.1; +http://www.id-search.xyz/bot.html)"
216.244.66.202 - - [01/Nov/2017:01:05:54 -0700] "GET /robots.txt HTTP/1.1" 301 245 "-" "Mozilla/5.0 (compatible; DotBot/1.1; http://www.opensiteexplorer.org/dotbot, help@moz.com)"
216.244.66.233 - - [01/Nov/2017:02:12:05 -0700] "GET /robots.txt HTTP/1.1" 301 245 "-" "Mozilla/5.0 (compatible; DotBot/1.1; http://www.opensiteexplorer.org/dotbot, help@moz.com)"
216.244.66.233 - - [01/Nov/2017:02:21:43 -0700] "GET /img/wu-wei/1.jpg HTTP/1.1" 301 251 "-" "Mozilla/5.0 (compatible; DotBot/1.1; http://www.opensiteexplorer.org/dotbot, help@moz.com)"
216.244.66.233 - - [01/Nov/2017:03:18:51 -0700] "GET /robots.txt HTTP/1.1" 301 245 "-" "Mozilla/5.0 (compatible; DotBot/1.1; http://www.opensiteexplorer.org/dotbot, help@moz.com)"
216.244.66.233 - - [01/Nov/2017:03:29:29 -0700] "GET /img/bs4w/7.jpg HTTP/1.1" 301 249 "-" "Mozilla/5.0 (compatible; DotBot/1.1; http://www.opensiteexplorer.org/dotbot, help@moz.com)"
216.244.66.233 - - [01/Nov/2017:04:35:13 -0700] "GET /robots.txt HTTP/1.1" 301 245 "-" "Mozilla/5.0 (compatible; DotBot/1.1; http://www.opensiteexplorer.org/dotbot, help@moz.com)"
216.244.66.233 - - [01/Nov/2017:04:48:01 -0700] "GET /img/oncekids-fujimini/5.jpg HTTP/1.1" 301 262 "-" "Mozilla/5.0 (compatible; DotBot/1.1; http://www.opensiteexplorer.org/dotbot, help@moz.com)"
216.244.66.233 - - [01/Nov/2017:05:01:41 -0700] "GET /robots.txt HTTP/1.1" 301 245 "-" "Mozilla/5.0 (compatible; DotBot/1.1; http://www.opensiteexplorer.org/dotbot, help@moz.com)"
216.244.66.233 - - [01/Nov/2017:05:10:16 -0700] "GET /img/bs4w/3.jpg HTTP/1.1" 301 249 "-" "Mozilla/5.0 (compatible; DotBot/1.1; http://www.opensiteexplorer.org/dotbot, help@moz.com)"
216.244.66.233 - - [01/Nov/2017:05:32:59 -0700] "GET /robots.txt HTTP/1.1" 301 245 "-" "Mozilla/5.0 (compatible; DotBot/1.1; http://www.opensiteexplorer.org/dotbot, help@moz.com)"
216.244.66.233 - - [01/Nov/2017:05:44:53 -0700] "GET /img/sfnoir/9.jpg HTTP/1.1" 301 251 "-" "Mozilla/5.0 (compatible; DotBot/1.1; http://www.opensiteexplorer.org/dotbot, help@moz.com)"
216.244.66.233 - - [01/Nov/2017:06:40:31 -0700] "GET /robots.txt HTTP/1.1" 301 245 "-" "Mozilla/5.0 (compatible; DotBot/1.1; http://www.opensiteexplorer.org/dotbot, help@moz.com)"
216.244.66.233 - - [01/Nov/2017:06:49:50 -0700] "GET /img/sfnoir/6.jpg HTTP/1.1" 301 251 "-" "Mozilla/5.0 (compatible; DotBot/1.1; http://www.opensiteexplorer.org/dotbot, help@moz.com)"
142.54.187.51 - - [01/Nov/2017:07:06:38 -0700] "GET /wp-login.php HTTP/1.1" 301 247 "-" "Mozilla/5.0 (Windows NT 10.0; WOW64) AppleWebKit/537.36 (KHTML, like Gecko) Chrome/46.0.2490.80 Safari/537.36"
142.54.187.51 - - [01/Nov/2017:07:07:09 -0700] "GET /robots.txt HTTP/1.1" 301 245 "-" "Mozilla/5.0 (Windows NT 10.0; WOW64) AppleWebKit/537.36 (KHTML, like Gecko) Chrome/46.0.2490.80 Safari/537.36"
216.244.66.233 - - [01/Nov/2017:07:37:06 -0700] "GET /robots.txt HTTP/1.1" 301 245 "-" "Mozilla/5.0 (compatible; DotBot/1.1; http://www.opensiteexplorer.org/dotbot, help@moz.com)"
216.244.66.233 - - [01/Nov/2017:07:48:21 -0700] "GET /img/autumn/2.jpg HTTP/1.1" 301 251 "-" "Mozilla/5.0 (compatible; DotBot/1.1; http://www.opensiteexplorer.org/dotbot, help@moz.com)"
217.182.93.250 - - [01/Nov/2017:08:40:44 -0700] "GET /robots.txt HTTP/1.1" 301 245 "-" "Go-http-client/1.1"
217.182.93.250 - - [01/Nov/2017:08:40:52 -0700] "GET / HTTP/1.1" 301 235 "-" "Go-http-client/1.1"
157.55.39.60 - - [01/Nov/2017:10:06:30 -0700] "GET / HTTP/1.1" 301 235 "-" "Mozilla/5.0 (compatible; bingbot/2.0; +http://www.bing.com/bingbot.htm)"
216.244.66.233 - - [01/Nov/2017:10:09:18 -0700] "GET /robots.txt HTTP/1.1" 301 245 "-" "Mozilla/5.0 (compatible; DotBot/1.1; http://www.opensiteexplorer.org/dotbot, help@moz.com)"
216.244.66.233 - - [01/Nov/2017:10:20:37 -0700] "GET /img/oncekids-fujimini/2.jpg HTTP/1.1" 301 262 "-" "Mozilla/5.0 (compatible; DotBot/1.1; http://www.opensiteexplorer.org/dotbot, help@moz.com)"
180.76.15.136 - - [01/Nov/2017:10:21:42 -0700] "GET / HTTP/1.1" 301 235 "-" "Mozilla/5.0 (compatible; Baiduspider/2.0; +http://www.baidu.com/search/spider.html)"
185.170.42.18 - - [01/Nov/2017:10:56:29 -0700] "GET /utility/convert/index.php HTTP/1.1" 301 260 "-" "Mozilla/5.0 (Windows NT 10.0; Win64; x64) AppleWebKit/537.36 (KHTML, like Gecko) Chrome/56.0.2924.87 Safari/537.36"
216.244.66.233 - - [01/Nov/2017:11:02:18 -0700] "GET /robots.txt HTTP/1.1" 301 245 "-" "Mozilla/5.0 (compatible; DotBot/1.1; http://www.opensiteexplorer.org/dotbot, help@moz.com)"
216.244.66.233 - - [01/Nov/2017:11:13:17 -0700] "GET /img/mixman/2.jpg HTTP/1.1" 301 251 "-" "Mozilla/5.0 (compatible; DotBot/1.1; http://www.opensiteexplorer.org/dotbot, help@moz.com)"
216.244.66.233 - - [01/Nov/2017:11:34:00 -0700] "GET /robots.txt HTTP/1.1" 301 245 "-" "Mozilla/5.0 (compatible; DotBot/1.1; http://www.opensiteexplorer.org/dotbot, help@moz.com)"
216.244.66.233 - - [01/Nov/2017:11:46:15 -0700] "GET /img/oncekids-fujimini/8.jpg HTTP/1.1" 301 262 "-" "Mozilla/5.0 (compatible; DotBot/1.1; http://www.opensiteexplorer.org/dotbot, help@moz.com)"
216.244.66.233 - - [01/Nov/2017:12:25:20 -0700] "GET /robots.txt HTTP/1.1" 301 245 "-" "Mozilla/5.0 (compatible; DotBot/1.1; http://www.opensiteexplorer.org/dotbot, help@moz.com)"
216.244.66.233 - - [01/Nov/2017:12:41:16 -0700] "GET /img/mixman/15.jpg HTTP/1.1" 301 252 "-" "Mozilla/5.0 (compatible; DotBot/1.1; http://www.opensiteexplorer.org/dotbot, help@moz.com)"
216.244.66.233 - - [01/Nov/2017:12:41:19 -0700] "GET /img/sfnoir/8.jpg HTTP/1.1" 301 251 "-" "Mozilla/5.0 (compatible; DotBot/1.1; http://www.opensiteexplorer.org/dotbot, help@moz.com)"
216.244.66.233 - - [01/Nov/2017:12:49:52 -0700] "GET /robots.txt HTTP/1.1" 301 245 "-" "Mozilla/5.0 (compatible; DotBot/1.1; http://www.opensiteexplorer.org/dotbot, help@moz.com)"
216.244.66.233 - - [01/Nov/2017:13:05:09 -0700] "GET /img/mixman/10.jpg HTTP/1.1" 301 252 "-" "Mozilla/5.0 (compatible; DotBot/1.1; http://www.opensiteexplorer.org/dotbot, help@moz.com)"
216.244.66.233 - - [01/Nov/2017:13:05:14 -0700] "GET /img/wu-wei/8.jpg HTTP/1.1" 301 251 "-" "Mozilla/5.0 (compatible; DotBot/1.1; http://www.opensiteexplorer.org/dotbot, help@moz.com)"
167.114.219.41 - - [01/Nov/2017:14:25:04 -0700] "GET /robots.txt HTTP/1.1" 301 245 "-" "Mozilla/5.0 (compatible; SiteExplorer/1.1b; +http://siteexplorer.info/Backlink-Checker-Spider/)"
164.132.161.85 - - [01/Nov/2017:15:04:55 -0700] "GET /img/urban-cowgirl/4.jpg HTTP/1.1" 301 258 "-" "Mozilla/5.0 (compatible; AhrefsBot/5.2; +http://ahrefs.com/robot/)"
77.88.47.19 - - [01/Nov/2017:15:49:07 -0700] "GET /robots.txt HTTP/1.1" 301 245 "-" "Mozilla/5.0 (compatible; YandexBot/3.0; +http://yandex.com/bots)"
5.255.250.42 - - [01/Nov/2017:15:49:07 -0700] "GET /robots.txt HTTP/1.1" 301 245 "-" "Mozilla/5.0 (compatible; YandexBot/3.0; +http://yandex.com/bots)"
5.255.250.42 - - [01/Nov/2017:15:49:11 -0700] "GET / HTTP/1.1" 301 235 "-" "Mozilla/5.0 (compatible; YandexBot/3.0; +http://yandex.com/bots)"
77.88.47.19 - - [01/Nov/2017:15:49:11 -0700] "GET / HTTP/1.1" 301 235 "-" "Mozilla/5.0 (compatible; YandexBot/3.0; +http://yandex.com/bots)"
51.255.65.44 - - [01/Nov/2017:15:52:30 -0700] "GET / HTTP/1.1" 301 235 "-" "Mozilla/5.0 (compatible; AhrefsBot/5.2; +http://ahrefs.com/robot/)"
109.169.29.30 - - [01/Nov/2017:16:38:59 -0700] "GET /robots.txt HTTP/1.1" 301 245 "-" "Mozilla/5.0 (compatible; aiHitBot/2.9; +https://www.aihitdata.com/about)"
109.169.29.30 - - [01/Nov/2017:16:39:02 -0700] "GET / HTTP/1.1" 301 235 "-" "Mozilla/5.0 (compatible; aiHitBot/2.9; +https://www.aihitdata.com/about)"
216.244.66.233 - - [01/Nov/2017:18:31:41 -0700] "GET /robots.txt HTTP/1.1" 301 245 "-" "Mozilla/5.0 (compatible; DotBot/1.1; http://www.opensiteexplorer.org/dotbot, help@moz.com)"
46.229.164.102 - - [01/Nov/2017:18:35:59 -0700] "GET /robots.txt HTTP/1.1" 301 245 "-" "Mozilla/5.0 (compatible; SemrushBot/1.2~bl; +http://www.semrush.com/bot.html)"
216.244.66.233 - - [01/Nov/2017:18:48:59 -0700] "GET /img/wu-wei/10.jpg HTTP/1.1" 301 252 "-" "Mozilla/5.0 (compatible; DotBot/1.1; http://www.opensiteexplorer.org/dotbot, help@moz.com)"
180.76.15.7 - - [01/Nov/2017:18:51:58 -0700] "GET / HTTP/1.1" 301 235 "-" "Mozilla/5.0 (compatible; Baiduspider/2.0; +http://www.baidu.com/search/spider.html)"
46.229.164.102 - - [01/Nov/2017:19:48:56 -0700] "GET /robots.txt HTTP/1.1" 301 245 "-" "Mozilla/5.0 (compatible; SemrushBot/1.2~bl; +http://www.semrush.com/bot.html)"
151.80.31.151 - - [01/Nov/2017:21:32:49 -0700] "GET /robots.txt HTTP/1.1" 301 245 "-" "Mozilla/5.0 (compatible; AhrefsBot/5.2; +http://ahrefs.com/robot/)"
151.80.31.150 - - [01/Nov/2017:21:32:50 -0700] "GET / HTTP/1.1" 301 235 "-" "Mozilla/5.0 (compatible; AhrefsBot/5.2; +http://ahrefs.com/robot/)"
157.55.39.60 - - [01/Nov/2017:21:58:51 -0700] "GET / HTTP/1.1" 301 235 "-" "Mozilla/5.0 (compatible; bingbot/2.0; +http://www.bing.com/bingbot.htm)"
216.244.66.233 - - [01/Nov/2017:21:59:32 -0700] "GET /robots.txt HTTP/1.1" 301 245 "-" "Mozilla/5.0 (compatible; DotBot/1.1; http://www.opensiteexplorer.org/dotbot, help@moz.com)"
216.244.66.233 - - [01/Nov/2017:22:09:53 -0700] "GET /img/mixman/1.jpg HTTP/1.1" 301 251 "-" "Mozilla/5.0 (compatible; DotBot/1.1; http://www.opensiteexplorer.org/dotbot, help@moz.com)"
216.244.66.233 - - [01/Nov/2017:23:54:17 -0700] "GET /robots.txt HTTP/1.1" 301 245 "-" "Mozilla/5.0 (compatible; DotBot/1.1; http://www.opensiteexplorer.org/dotbot, help@moz.com)"
216.244.66.233 - - [02/Nov/2017:00:04:28 -0700] "GET /img/mixman/5.jpg HTTP/1.1" 301 251 "-" "Mozilla/5.0 (compatible; DotBot/1.1; http://www.opensiteexplorer.org/dotbot, help@moz.com)"
185.170.42.18 - - [02/Nov/2017:01:08:20 -0700] "GET /utility/convert/index.php HTTP/1.1" 301 260 "-" "Mozilla/5.0 (Windows NT 10.0; Win64; x64) AppleWebKit/537.36 (KHTML, like Gecko) Chrome/56.0.2924.87 Safari/537.36"
146.185.223.26 - - [02/Nov/2017:06:54:30 -0700] "GET / HTTP/1.0" 301 235 "http://rndsquared.com/" "Mozilla/5.0 (Windows NT 6.1; Win64; x64) AppleWebKit/537.36 (KHTML, like Gecko) Chrome/57.0.2987.133 Safari/537.36 OPR/44.0.2510.1449"
164.132.161.55 - - [02/Nov/2017:08:58:01 -0700] "GET /img/urban-cowgirl/3.jpg HTTP/1.1" 301 258 "-" "Mozilla/5.0 (compatible; AhrefsBot/5.2; +http://ahrefs.com/robot/)"
216.244.66.233 - - [02/Nov/2017:08:58:15 -0700] "GET /robots.txt HTTP/1.1" 301 245 "-" "Mozilla/5.0 (compatible; DotBot/1.1; http://www.opensiteexplorer.org/dotbot, help@moz.com)"
216.244.66.233 - - [02/Nov/2017:09:07:47 -0700] "GET /img/urban-cowgirl/2.jpg HTTP/1.1" 301 258 "-" "Mozilla/5.0 (compatible; DotBot/1.1; http://www.opensiteexplorer.org/dotbot, help@moz.com)"
216.244.66.233 - - [02/Nov/2017:12:27:33 -0700] "GET /robots.txt HTTP/1.1" 301 245 "-" "Mozilla/5.0 (compatible; DotBot/1.1; http://www.opensiteexplorer.org/dotbot, help@moz.com)"
216.244.66.233 - - [02/Nov/2017:12:36:57 -0700] "GET /img/autumn/4.jpg HTTP/1.1" 301 251 "-" "Mozilla/5.0 (compatible; DotBot/1.1; http://www.opensiteexplorer.org/dotbot, help@moz.com)"
216.244.66.233 - - [02/Nov/2017:12:37:00 -0700] "GET /img/bs4w/6.jpg HTTP/1.1" 301 249 "-" "Mozilla/5.0 (compatible; DotBot/1.1; http://www.opensiteexplorer.org/dotbot, help@moz.com)"
163.172.4.153 - - [02/Nov/2017:13:12:06 -0700] "GET / HTTP/1.1" 301 235 "http://rndsquared.com/" "Mozilla/5.0 (Macintosh; Intel Mac OS X 10_11_6) AppleWebKit/537.36 (KHTML, like Gecko) Chrome/58.0.3029.110 Safari/537.36"
180.76.15.152 - - [02/Nov/2017:14:04:29 -0700] "GET /robots.txt HTTP/1.1" 301 245 "-" "Mozilla/5.0 (Windows NT 5.1; rv:6.0.2) Gecko/20100101 Firefox/6.0.2"
180.76.15.26 - - [02/Nov/2017:14:04:30 -0700] "GET /robots.txt HTTP/1.1" 301 245 "-" "Mozilla/5.0 (Windows NT 5.1; rv:6.0.2) Gecko/20100101 Firefox/6.0.2"
195.242.80.92 - - [02/Nov/2017:15:03:24 -0700] "GET /?author=1 HTTP/1.1" 301 244 "http://ya.ru/?q=http%3A%2F%2Frndsquared.com%2F%3Fauthor%3D1" "Mozilla/5.0 (Windows; U; Windows NT 6.1; en-US) AppleWebKit/534.13 (KHTML, like Gecko) Chrome/9.0.597.107 Safari/534.13 BuiltWith/1.2"
185.154.22.50 - - [02/Nov/2017:15:35:23 -0700] "GET /utility/convert/index.php HTTP/1.1" 301 260 "-" "Mozilla/5.0 (Windows NT 10.0; Win64; x64) AppleWebKit/537.36 (KHTML, like Gecko) Chrome/56.0.2924.87 Safari/537.36"
157.55.39.20 - - [02/Nov/2017:16:09:40 -0700] "GET /robots.txt HTTP/1.1" 301 245 "-" "Mozilla/5.0 (compatible; bingbot/2.0; +http://www.bing.com/bingbot.htm)"
157.55.39.60 - - [02/Nov/2017:16:09:42 -0700] "GET / HTTP/1.1" 301 235 "-" "Mozilla/5.0 (compatible; bingbot/2.0; +http://www.bing.com/bingbot.htm)"
216.244.66.233 - - [02/Nov/2017:16:37:15 -0700] "GET /robots.txt HTTP/1.1" 301 245 "-" "Mozilla/5.0 (compatible; DotBot/1.1; http://www.opensiteexplorer.org/dotbot, help@moz.com)"
216.244.66.233 - - [02/Nov/2017:16:45:23 -0700] "GET /img/autumn/6.jpg HTTP/1.1" 301 251 "-" "Mozilla/5.0 (compatible; DotBot/1.1; http://www.opensiteexplorer.org/dotbot, help@moz.com)"
216.244.66.233 - - [02/Nov/2017:16:45:25 -0700] "GET /img/bs4w/8.jpg HTTP/1.1" 301 249 "-" "Mozilla/5.0 (compatible; DotBot/1.1; http://www.opensiteexplorer.org/dotbot, help@moz.com)"
216.244.66.233 - - [02/Nov/2017:16:45:28 -0700] "GET /img/oncekids-fujimini/1.jpg HTTP/1.1" 301 262 "-" "Mozilla/5.0 (compatible; DotBot/1.1; http://www.opensiteexplorer.org/dotbot, help@moz.com)"
216.244.66.233 - - [02/Nov/2017:19:05:24 -0700] "GET /robots.txt HTTP/1.1" 301 245 "-" "Mozilla/5.0 (compatible; DotBot/1.1; http://www.opensiteexplorer.org/dotbot, help@moz.com)"
216.244.66.233 - - [02/Nov/2017:19:13:23 -0700] "GET /img/wu-wei/1.jpg HTTP/1.1" 301 251 "-" "Mozilla/5.0 (compatible; DotBot/1.1; http://www.opensiteexplorer.org/dotbot, help@moz.com)"
180.76.15.17 - - [02/Nov/2017:19:17:46 -0700] "GET / HTTP/1.1" 301 235 "-" "Mozilla/5.0 (compatible; Baiduspider/2.0; +http://www.baidu.com/search/spider.html)"
167.114.219.41 - - [02/Nov/2017:19:30:56 -0700] "GET /robots.txt HTTP/1.1" 301 245 "-" "Mozilla/5.0 (compatible; SiteExplorer/1.1b; +http://siteexplorer.info/Backlink-Checker-Spider/)"
217.182.132.70 - - [02/Nov/2017:20:01:49 -0700] "GET /img/autumn/8.jpg HTTP/1.1" 301 251 "-" "Mozilla/5.0 (compatible; AhrefsBot/5.2; +http://ahrefs.com/robot/)"
216.244.66.233 - - [02/Nov/2017:20:14:10 -0700] "GET /robots.txt HTTP/1.1" 301 245 "-" "Mozilla/5.0 (compatible; DotBot/1.1; http://www.opensiteexplorer.org/dotbot, help@moz.com)"
216.244.66.233 - - [02/Nov/2017:20:22:52 -0700] "GET /img/bs4w/7.jpg HTTP/1.1" 301 249 "-" "Mozilla/5.0 (compatible; DotBot/1.1; http://www.opensiteexplorer.org/dotbot, help@moz.com)"
180.76.15.163 - - [02/Nov/2017:21:27:23 -0700] "GET / HTTP/1.1" 301 235 "-" "Mozilla/5.0 (compatible; Baiduspider/2.0; +http://www.baidu.com/search/spider.html)"
216.244.66.233 - - [02/Nov/2017:21:29:52 -0700] "GET /robots.txt HTTP/1.1" 301 245 "-" "Mozilla/5.0 (compatible; DotBot/1.1; http://www.opensiteexplorer.org/dotbot, help@moz.com)"
216.244.66.233 - - [02/Nov/2017:21:39:45 -0700] "GET /img/oncekids-fujimini/5.jpg HTTP/1.1" 301 262 "-" "Mozilla/5.0 (compatible; DotBot/1.1; http://www.opensiteexplorer.org/dotbot, help@moz.com)"
216.244.66.233 - - [02/Nov/2017:21:52:35 -0700] "GET /robots.txt HTTP/1.1" 301 245 "-" "Mozilla/5.0 (compatible; DotBot/1.1; http://www.opensiteexplorer.org/dotbot, help@moz.com)"
216.244.66.233 - - [02/Nov/2017:21:59:49 -0700] "GET /img/bs4w/3.jpg HTTP/1.1" 301 249 "-" "Mozilla/5.0 (compatible; DotBot/1.1; http://www.opensiteexplorer.org/dotbot, help@moz.com)"
216.244.66.233 - - [02/Nov/2017:22:14:08 -0700] "GET /robots.txt HTTP/1.1" 301 245 "-" "Mozilla/5.0 (compatible; DotBot/1.1; http://www.opensiteexplorer.org/dotbot, help@moz.com)"
216.244.66.233 - - [02/Nov/2017:22:21:54 -0700] "GET /img/sfnoir/9.jpg HTTP/1.1" 301 251 "-" "Mozilla/5.0 (compatible; DotBot/1.1; http://www.opensiteexplorer.org/dotbot, help@moz.com)"
216.244.66.233 - - [02/Nov/2017:23:32:19 -0700] "GET /robots.txt HTTP/1.1" 301 245 "-" "Mozilla/5.0 (compatible; DotBot/1.1; http://www.opensiteexplorer.org/dotbot, help@moz.com)"
91.200.12.95 - - [02/Nov/2017:23:34:58 -0700] "GET /wp-login.php HTTP/1.1" 301 247 "-" "Mozilla/5.0 (compatible; MSIE 9.0; Windows NT 6.1; Trident/5.0)"
91.200.12.95 - - [02/Nov/2017:23:34:58 -0700] "GET //wp-login.php HTTP/1.1" 301 247 "-" "Mozilla/5.0 (compatible; MSIE 9.0; Windows NT 6.1; Trident/5.0)"
216.244.66.233 - - [02/Nov/2017:23:40:09 -0700] "GET /img/sfnoir/6.jpg HTTP/1.1" 301 251 "-" "Mozilla/5.0 (compatible; DotBot/1.1; http://www.opensiteexplorer.org/dotbot, help@moz.com)"
216.244.66.202 - - [03/Nov/2017:00:19:52 -0700] "GET /robots.txt HTTP/1.1" 301 245 "-" "Mozilla/5.0 (compatible; DotBot/1.1; http://www.opensiteexplorer.org/dotbot, help@moz.com)"
216.244.66.233 - - [03/Nov/2017:00:23:39 -0700] "GET /robots.txt HTTP/1.1" 301 245 "-" "Mozilla/5.0 (compatible; DotBot/1.1; http://www.opensiteexplorer.org/dotbot, help@moz.com)"
216.244.66.233 - - [03/Nov/2017:00:36:28 -0700] "GET /img/autumn/2.jpg HTTP/1.1" 301 251 "-" "Mozilla/5.0 (compatible; DotBot/1.1; http://www.opensiteexplorer.org/dotbot, help@moz.com)"
216.244.66.202 - - [03/Nov/2017:00:39:20 -0700] "GET / HTTP/1.1" 301 235 "-" "Mozilla/5.0 (compatible; DotBot/1.1; http://www.opensiteexplorer.org/dotbot, help@moz.com)"
5.196.87.42 - - [03/Nov/2017:02:47:42 -0700] "GET /robots.txt HTTP/1.1" 301 245 "-" "Mozilla/5.0 (compatible; AhrefsBot/5.2; +http://ahrefs.com/robot/)"
217.182.132.94 - - [03/Nov/2017:02:47:44 -0700] "GET /img/autumn/7.jpg HTTP/1.1" 301 251 "-" "Mozilla/5.0 (compatible; AhrefsBot/5.2; +http://ahrefs.com/robot/)"
216.244.66.233 - - [03/Nov/2017:02:49:44 -0700] "GET /robots.txt HTTP/1.1" 301 245 "-" "Mozilla/5.0 (compatible; DotBot/1.1; http://www.opensiteexplorer.org/dotbot, help@moz.com)"
216.244.66.233 - - [03/Nov/2017:03:00:23 -0700] "GET /img/oncekids-fujimini/2.jpg HTTP/1.1" 301 262 "-" "Mozilla/5.0 (compatible; DotBot/1.1; http://www.opensiteexplorer.org/dotbot, help@moz.com)"
216.244.66.233 - - [03/Nov/2017:03:36:58 -0700] "GET /robots.txt HTTP/1.1" 301 245 "-" "Mozilla/5.0 (compatible; DotBot/1.1; http://www.opensiteexplorer.org/dotbot, help@moz.com)"
216.244.66.233 - - [03/Nov/2017:03:44:55 -0700] "GET /img/mixman/2.jpg HTTP/1.1" 301 251 "-" "Mozilla/5.0 (compatible; DotBot/1.1; http://www.opensiteexplorer.org/dotbot, help@moz.com)"
5.188.11.165 - - [03/Nov/2017:03:50:53 -0700] "GET /utility/convert/index.php HTTP/1.1" 301 260 "-" "Mozilla/5.0 (Windows NT 10.0; Win64; x64) AppleWebKit/537.36 (KHTML, like Gecko) Chrome/56.0.2924.87 Safari/537.36"
216.244.66.233 - - [03/Nov/2017:03:58:37 -0700] "GET /robots.txt HTTP/1.1" 301 245 "-" "Mozilla/5.0 (compatible; DotBot/1.1; http://www.opensiteexplorer.org/dotbot, help@moz.com)"
157.55.39.60 - - [03/Nov/2017:04:00:09 -0700] "GET / HTTP/1.1" 301 235 "-" "Mozilla/5.0 (compatible; bingbot/2.0; +http://www.bing.com/bingbot.htm)"
216.244.66.233 - - [03/Nov/2017:04:07:48 -0700] "GET /img/oncekids-fujimini/8.jpg HTTP/1.1" 301 262 "-" "Mozilla/5.0 (compatible; DotBot/1.1; http://www.opensiteexplorer.org/dotbot, help@moz.com)"
138.201.53.36 - - [03/Nov/2017:04:30:46 -0700] "GET /robots.txt HTTP/1.1" 301 245 "-" "Quick-Crawler (+https://www.scrapinghub.com/)"
216.244.66.233 - - [03/Nov/2017:04:48:56 -0700] "GET /robots.txt HTTP/1.1" 301 245 "-" "Mozilla/5.0 (compatible; DotBot/1.1; http://www.opensiteexplorer.org/dotbot, help@moz.com)"
216.244.66.233 - - [03/Nov/2017:04:58:57 -0700] "GET /img/mixman/15.jpg HTTP/1.1" 301 252 "-" "Mozilla/5.0 (compatible; DotBot/1.1; http://www.opensiteexplorer.org/dotbot, help@moz.com)"
216.244.66.233 - - [03/Nov/2017:04:59:00 -0700] "GET /img/sfnoir/8.jpg HTTP/1.1" 301 251 "-" "Mozilla/5.0 (compatible; DotBot/1.1; http://www.opensiteexplorer.org/dotbot, help@moz.com)"
216.244.66.233 - - [03/Nov/2017:05:14:25 -0700] "GET /robots.txt HTTP/1.1" 301 245 "-" "Mozilla/5.0 (compatible; DotBot/1.1; http://www.opensiteexplorer.org/dotbot, help@moz.com)"
216.244.66.233 - - [03/Nov/2017:05:26:07 -0700] "GET /img/mixman/10.jpg HTTP/1.1" 301 252 "-" "Mozilla/5.0 (compatible; DotBot/1.1; http://www.opensiteexplorer.org/dotbot, help@moz.com)"
216.244.66.233 - - [03/Nov/2017:05:26:10 -0700] "GET /img/wu-wei/8.jpg HTTP/1.1" 301 251 "-" "Mozilla/5.0 (compatible; DotBot/1.1; http://www.opensiteexplorer.org/dotbot, help@moz.com)"
216.244.66.233 - - [03/Nov/2017:08:18:31 -0700] "GET /robots.txt HTTP/1.1" 301 245 "-" "Mozilla/5.0 (compatible; DotBot/1.1; http://www.opensiteexplorer.org/dotbot, help@moz.com)"
216.244.66.233 - - [03/Nov/2017:08:28:21 -0700] "GET /img/oncekids-fujimini/6.jpg HTTP/1.1" 301 262 "-" "Mozilla/5.0 (compatible; DotBot/1.1; http://www.opensiteexplorer.org/dotbot, help@moz.com)"
216.244.66.233 - - [03/Nov/2017:14:05:16 -0700] "GET /robots.txt HTTP/1.1" 301 245 "-" "Mozilla/5.0 (compatible; DotBot/1.1; http://www.opensiteexplorer.org/dotbot, help@moz.com)"
216.244.66.233 - - [03/Nov/2017:16:10:24 -0700] "GET /robots.txt HTTP/1.1" 301 245 "-" "Mozilla/5.0 (compatible; DotBot/1.1; http://www.opensiteexplorer.org/dotbot, help@moz.com)"
216.244.66.233 - - [03/Nov/2017:16:25:21 -0700] "GET /img/mixman/5.jpg HTTP/1.1" 301 251 "-" "Mozilla/5.0 (compatible; DotBot/1.1; http://www.opensiteexplorer.org/dotbot, help@moz.com)"
157.55.39.60 - - [03/Nov/2017:17:36:16 -0700] "GET / HTTP/1.1" 301 235 "-" "Mozilla/5.0 (compatible; bingbot/2.0; +http://www.bing.com/bingbot.htm)"
216.218.222.12 - - [03/Nov/2017:18:14:49 -0700] "GET /utility/convert/index.php HTTP/1.1" 301 260 "-" "Mozilla/5.0 (Windows NT 10.0; Win64; x64) AppleWebKit/537.36 (KHTML, like Gecko) Chrome/56.0.2924.87 Safari/537.36"
23.237.4.26 - - [03/Nov/2017:19:46:59 -0700] "GET / HTTP/1.1" 301 235 "-" "Mozilla/5.0 (compatible; AlphaBot/3.2; +http://alphaseobot.com/bot.html)"
216.244.66.233 - - [04/Nov/2017:01:14:30 -0700] "GET /robots.txt HTTP/1.1" 301 245 "-" "Mozilla/5.0 (compatible; DotBot/1.1; http://www.opensiteexplorer.org/dotbot, help@moz.com)"
216.244.66.233 - - [04/Nov/2017:01:22:34 -0700] "GET /img/urban-cowgirl/2.jpg HTTP/1.1" 301 258 "-" "Mozilla/5.0 (compatible; DotBot/1.1; http://www.opensiteexplorer.org/dotbot, help@moz.com)"
54.245.155.190 - - [04/Nov/2017:04:27:36 -0700] "GET / HTTP/1.1" 301 235 "-" "Mozilla/5.0 (Macintosh; Intel Mac OS X 10_10_3) AppleWebKit/537.36 (KHTML, like Gecko) Chrome/44.0.2403.89 Safari/537.36"
216.244.66.233 - - [04/Nov/2017:04:46:05 -0700] "GET /robots.txt HTTP/1.1" 301 245 "-" "Mozilla/5.0 (compatible; DotBot/1.1; http://www.opensiteexplorer.org/dotbot, help@moz.com)"
216.244.66.233 - - [04/Nov/2017:04:52:27 -0700] "GET /img/autumn/4.jpg HTTP/1.1" 301 251 "-" "Mozilla/5.0 (compatible; DotBot/1.1; http://www.opensiteexplorer.org/dotbot, help@moz.com)"
216.244.66.233 - - [04/Nov/2017:04:52:30 -0700] "GET /img/bs4w/6.jpg HTTP/1.1" 301 249 "-" "Mozilla/5.0 (compatible; DotBot/1.1; http://www.opensiteexplorer.org/dotbot, help@moz.com)"
188.214.104.146 - - [04/Nov/2017:07:10:14 -0700] "GET /utility/convert/index.php HTTP/1.1" 301 260 "-" "Mozilla/5.0 (Windows NT 10.0; Win64; x64) AppleWebKit/537.36 (KHTML, like Gecko) Chrome/56.0.2924.87 Safari/537.36"
164.132.162.155 - - [04/Nov/2017:07:29:24 -0700] "GET /img/oncekids-fujimini/2.jpg HTTP/1.1" 301 262 "-" "Mozilla/5.0 (compatible; AhrefsBot/5.2; +http://ahrefs.com/robot/)"
216.244.66.233 - - [04/Nov/2017:09:02:53 -0700] "GET /robots.txt HTTP/1.1" 301 245 "-" "Mozilla/5.0 (compatible; DotBot/1.1; http://www.opensiteexplorer.org/dotbot, help@moz.com)"
216.244.66.233 - - [04/Nov/2017:09:10:35 -0700] "GET /img/autumn/6.jpg HTTP/1.1" 301 251 "-" "Mozilla/5.0 (compatible; DotBot/1.1; http://www.opensiteexplorer.org/dotbot, help@moz.com)"
216.244.66.233 - - [04/Nov/2017:09:10:37 -0700] "GET /img/bs4w/8.jpg HTTP/1.1" 301 249 "-" "Mozilla/5.0 (compatible; DotBot/1.1; http://www.opensiteexplorer.org/dotbot, help@moz.com)"
216.244.66.233 - - [04/Nov/2017:09:10:39 -0700] "GET /img/oncekids-fujimini/1.jpg HTTP/1.1" 301 262 "-" "Mozilla/5.0 (compatible; DotBot/1.1; http://www.opensiteexplorer.org/dotbot, help@moz.com)"
216.244.66.233 - - [04/Nov/2017:11:16:24 -0700] "GET /robots.txt HTTP/1.1" 301 245 "-" "Mozilla/5.0 (compatible; DotBot/1.1; http://www.opensiteexplorer.org/dotbot, help@moz.com)"
216.244.66.233 - - [04/Nov/2017:11:27:10 -0700] "GET /img/wu-wei/1.jpg HTTP/1.1" 301 251 "-" "Mozilla/5.0 (compatible; DotBot/1.1; http://www.opensiteexplorer.org/dotbot, help@moz.com)"
216.244.66.233 - - [04/Nov/2017:12:26:51 -0700] "GET /robots.txt HTTP/1.1" 301 245 "-" "Mozilla/5.0 (compatible; DotBot/1.1; http://www.opensiteexplorer.org/dotbot, help@moz.com)"
216.244.66.233 - - [04/Nov/2017:12:34:25 -0700] "GET /img/bs4w/7.jpg HTTP/1.1" 301 249 "-" "Mozilla/5.0 (compatible; DotBot/1.1; http://www.opensiteexplorer.org/dotbot, help@moz.com)"
216.244.66.233 - - [04/Nov/2017:13:38:26 -0700] "GET /robots.txt HTTP/1.1" 301 245 "-" "Mozilla/5.0 (compatible; DotBot/1.1; http://www.opensiteexplorer.org/dotbot, help@moz.com)"
216.244.66.233 - - [04/Nov/2017:13:45:44 -0700] "GET /img/oncekids-fujimini/5.jpg HTTP/1.1" 301 262 "-" "Mozilla/5.0 (compatible; DotBot/1.1; http://www.opensiteexplorer.org/dotbot, help@moz.com)"
216.244.66.233 - - [04/Nov/2017:14:00:21 -0700] "GET /robots.txt HTTP/1.1" 301 245 "-" "Mozilla/5.0 (compatible; DotBot/1.1; http://www.opensiteexplorer.org/dotbot, help@moz.com)"
216.244.66.233 - - [04/Nov/2017:14:07:12 -0700] "GET /img/bs4w/3.jpg HTTP/1.1" 301 249 "-" "Mozilla/5.0 (compatible; DotBot/1.1; http://www.opensiteexplorer.org/dotbot, help@moz.com)"
216.244.66.233 - - [04/Nov/2017:14:21:28 -0700] "GET /robots.txt HTTP/1.1" 301 245 "-" "Mozilla/5.0 (compatible; DotBot/1.1; http://www.opensiteexplorer.org/dotbot, help@moz.com)"
192.99.1.183 - - [04/Nov/2017:14:24:50 -0700] "GET / HTTP/1.1" 301 235 "http://www.phpdevops.com" "Mozilla/5.0 (Macintosh; Intel Mac OS X 10_12_6) AppleWebKit/537.36 (KHTML, like Gecko) Chrome/61.0.3163.100 Safari/537.36"
216.244.66.233 - - [04/Nov/2017:14:29:00 -0700] "GET /img/sfnoir/9.jpg HTTP/1.1" 301 251 "-" "Mozilla/5.0 (compatible; DotBot/1.1; http://www.opensiteexplorer.org/dotbot, help@moz.com)"
216.244.66.233 - - [04/Nov/2017:15:35:53 -0700] "GET /robots.txt HTTP/1.1" 301 245 "-" "Mozilla/5.0 (compatible; DotBot/1.1; http://www.opensiteexplorer.org/dotbot, help@moz.com)"
216.244.66.233 - - [04/Nov/2017:15:42:45 -0700] "GET /img/sfnoir/6.jpg HTTP/1.1" 301 251 "-" "Mozilla/5.0 (compatible; DotBot/1.1; http://www.opensiteexplorer.org/dotbot, help@moz.com)"
157.55.39.60 - - [04/Nov/2017:16:05:59 -0700] "GET / HTTP/1.1" 301 235 "-" "Mozilla/5.0 (compatible; bingbot/2.0; +http://www.bing.com/bingbot.htm)"
167.114.219.41 - - [04/Nov/2017:16:20:16 -0700] "GET /robots.txt HTTP/1.1" 301 245 "-" "Mozilla/5.0 (compatible; SiteExplorer/1.1b; +http://siteexplorer.info/Backlink-Checker-Spider/)"
216.244.66.233 - - [04/Nov/2017:16:24:17 -0700] "GET /robots.txt HTTP/1.1" 301 245 "-" "Mozilla/5.0 (compatible; DotBot/1.1; http://www.opensiteexplorer.org/dotbot, help@moz.com)"
216.244.66.233 - - [04/Nov/2017:16:34:25 -0700] "GET /img/autumn/2.jpg HTTP/1.1" 301 251 "-" "Mozilla/5.0 (compatible; DotBot/1.1; http://www.opensiteexplorer.org/dotbot, help@moz.com)"
185.213.211.193 - - [04/Nov/2017:17:51:17 -0700] "GET / HTTP/1.1" 301 235 "-" "Mozilla/5.0 (Windows NT 6.0; WOW64) AppleWebKit/535.7 (KHTML, like Gecko) Chrome/16.0.912.75 Safari/535.7"
78.109.23.1 - - [04/Nov/2017:18:44:19 -0700] "GET /utility/convert/index.php HTTP/1.1" 301 260 "-" "Mozilla/5.0 (Windows NT 10.0; Win64; x64) AppleWebKit/537.36 (KHTML, like Gecko) Chrome/56.0.2924.87 Safari/537.36"
216.244.66.233 - - [04/Nov/2017:18:47:56 -0700] "GET /robots.txt HTTP/1.1" 301 245 "-" "Mozilla/5.0 (compatible; DotBot/1.1; http://www.opensiteexplorer.org/dotbot, help@moz.com)"
216.244.66.233 - - [04/Nov/2017:18:57:24 -0700] "GET /img/oncekids-fujimini/2.jpg HTTP/1.1" 301 262 "-" "Mozilla/5.0 (compatible; DotBot/1.1; http://www.opensiteexplorer.org/dotbot, help@moz.com)"
216.244.66.233 - - [04/Nov/2017:19:38:31 -0700] "GET /robots.txt HTTP/1.1" 301 245 "-" "Mozilla/5.0 (compatible; DotBot/1.1; http://www.opensiteexplorer.org/dotbot, help@moz.com)"
216.244.66.233 - - [04/Nov/2017:19:46:35 -0700] "GET /img/mixman/2.jpg HTTP/1.1" 301 251 "-" "Mozilla/5.0 (compatible; DotBot/1.1; http://www.opensiteexplorer.org/dotbot, help@moz.com)"
216.244.66.233 - - [04/Nov/2017:20:01:08 -0700] "GET /robots.txt HTTP/1.1" 301 245 "-" "Mozilla/5.0 (compatible; DotBot/1.1; http://www.opensiteexplorer.org/dotbot, help@moz.com)"
216.244.66.233 - - [04/Nov/2017:20:11:27 -0700] "GET /img/oncekids-fujimini/8.jpg HTTP/1.1" 301 262 "-" "Mozilla/5.0 (compatible; DotBot/1.1; http://www.opensiteexplorer.org/dotbot, help@moz.com)"
5.255.250.42 - - [04/Nov/2017:20:43:18 -0700] "GET /robots.txt HTTP/1.1" 301 245 "-" "Mozilla/5.0 (compatible; YandexBot/3.0; +http://yandex.com/bots)"
77.88.47.19 - - [04/Nov/2017:20:43:18 -0700] "GET /robots.txt HTTP/1.1" 301 245 "-" "Mozilla/5.0 (compatible; YandexBot/3.0; +http://yandex.com/bots)"
5.255.250.42 - - [04/Nov/2017:20:43:22 -0700] "GET / HTTP/1.1" 301 235 "-" "Mozilla/5.0 (compatible; YandexBot/3.0; +http://yandex.com/bots)"
5.255.250.42 - - [04/Nov/2017:20:43:22 -0700] "GET / HTTP/1.1" 301 235 "-" "Mozilla/5.0 (compatible; YandexBot/3.0; +http://yandex.com/bots)"
216.244.66.233 - - [04/Nov/2017:20:52:36 -0700] "GET /robots.txt HTTP/1.1" 301 245 "-" "Mozilla/5.0 (compatible; DotBot/1.1; http://www.opensiteexplorer.org/dotbot, help@moz.com)"
216.244.66.233 - - [04/Nov/2017:20:59:49 -0700] "GET /img/mixman/15.jpg HTTP/1.1" 301 252 "-" "Mozilla/5.0 (compatible; DotBot/1.1; http://www.opensiteexplorer.org/dotbot, help@moz.com)"
216.244.66.233 - - [04/Nov/2017:20:59:51 -0700] "GET /img/sfnoir/8.jpg HTTP/1.1" 301 251 "-" "Mozilla/5.0 (compatible; DotBot/1.1; http://www.opensiteexplorer.org/dotbot, help@moz.com)"
51.255.65.72 - - [04/Nov/2017:21:06:15 -0700] "GET /img/njn/7.jpg HTTP/1.1" 301 248 "-" "Mozilla/5.0 (compatible; AhrefsBot/5.2; +http://ahrefs.com/robot/)"
216.244.66.233 - - [04/Nov/2017:21:14:00 -0700] "GET /robots.txt HTTP/1.1" 301 245 "-" "Mozilla/5.0 (compatible; DotBot/1.1; http://www.opensiteexplorer.org/dotbot, help@moz.com)"
216.244.66.233 - - [04/Nov/2017:21:21:16 -0700] "GET /img/mixman/10.jpg HTTP/1.1" 301 252 "-" "Mozilla/5.0 (compatible; DotBot/1.1; http://www.opensiteexplorer.org/dotbot, help@moz.com)"
216.244.66.233 - - [04/Nov/2017:21:21:19 -0700] "GET /img/wu-wei/8.jpg HTTP/1.1" 301 251 "-" "Mozilla/5.0 (compatible; DotBot/1.1; http://www.opensiteexplorer.org/dotbot, help@moz.com)"
216.244.66.233 - - [05/Nov/2017:00:03:36 -0700] "GET /robots.txt HTTP/1.1" 301 245 "-" "Mozilla/5.0 (compatible; DotBot/1.1; http://www.opensiteexplorer.org/dotbot, help@moz.com)"
216.244.66.233 - - [05/Nov/2017:00:16:46 -0700] "GET /img/oncekids-fujimini/6.jpg HTTP/1.1" 301 262 "-" "Mozilla/5.0 (compatible; DotBot/1.1; http://www.opensiteexplorer.org/dotbot, help@moz.com)"
216.244.66.233 - - [05/Nov/2017:01:30:36 -0800] "GET /robots.txt HTTP/1.1" 301 245 "-" "Mozilla/5.0 (compatible; DotBot/1.1; http://www.opensiteexplorer.org/dotbot, help@moz.com)"
216.244.66.233 - - [05/Nov/2017:01:40:25 -0800] "GET /img/wu-wei/10.jpg HTTP/1.1" 301 252 "-" "Mozilla/5.0 (compatible; DotBot/1.1; http://www.opensiteexplorer.org/dotbot, help@moz.com)"
136.243.145.134 - - [05/Nov/2017:01:52:04 -0800] "GET / HTTP/1.1" 301 235 "-" "Mozilla/5.0 (Windows; U; MSIE 9.0; Windows NT 9.0; en-US)"
157.55.39.20 - - [05/Nov/2017:03:47:53 -0800] "GET /robots.txt HTTP/1.1" 301 245 "-" "Mozilla/5.0 (compatible; bingbot/2.0; +http://www.bing.com/bingbot.htm)"
40.77.167.64 - - [05/Nov/2017:03:47:55 -0800] "GET / HTTP/1.1" 301 235 "-" "Mozilla/5.0 (compatible; bingbot/2.0; +http://www.bing.com/bingbot.htm)"
5.196.87.42 - - [05/Nov/2017:04:18:17 -0800] "GET /robots.txt HTTP/1.1" 301 245 "-" "Mozilla/5.0 (compatible; AhrefsBot/5.2; +http://ahrefs.com/robot/)"
217.182.132.95 - - [05/Nov/2017:04:18:19 -0800] "GET /img/mixman/3.jpg HTTP/1.1" 301 251 "-" "Mozilla/5.0 (compatible; AhrefsBot/5.2; +http://ahrefs.com/robot/)"
216.244.66.233 - - [05/Nov/2017:04:43:26 -0800] "GET /robots.txt HTTP/1.1" 301 245 "-" "Mozilla/5.0 (compatible; DotBot/1.1; http://www.opensiteexplorer.org/dotbot, help@moz.com)"
216.244.66.233 - - [05/Nov/2017:04:54:08 -0800] "GET /img/mixman/1.jpg HTTP/1.1" 301 251 "-" "Mozilla/5.0 (compatible; DotBot/1.1; http://www.opensiteexplorer.org/dotbot, help@moz.com)"
216.244.66.233 - - [05/Nov/2017:06:40:39 -0800] "GET /robots.txt HTTP/1.1" 301 245 "-" "Mozilla/5.0 (compatible; DotBot/1.1; http://www.opensiteexplorer.org/dotbot, help@moz.com)"
216.244.66.233 - - [05/Nov/2017:06:51:21 -0800] "GET /img/mixman/5.jpg HTTP/1.1" 301 251 "-" "Mozilla/5.0 (compatible; DotBot/1.1; http://www.opensiteexplorer.org/dotbot, help@moz.com)"
95.211.230.94 - - [05/Nov/2017:07:04:28 -0800] "GET /utility/convert/index.php HTTP/1.1" 301 260 "-" "Mozilla/5.0 (Windows NT 10.0; Win64; x64) AppleWebKit/537.36 (KHTML, like Gecko) Chrome/56.0.2924.87 Safari/537.36"
46.229.164.101 - - [05/Nov/2017:08:18:58 -0800] "GET /robots.txt HTTP/1.1" 301 245 "-" "Mozilla/5.0 (compatible; SemrushBot/1.2~bl; +http://www.semrush.com/bot.html)"
66.249.70.29 - - [05/Nov/2017:11:45:33 -0800] "GET /robots.txt HTTP/1.1" 301 245 "-" "Mozilla/5.0 (compatible; Googlebot/2.1; +http://www.google.com/bot.html)"
66.249.70.27 - - [05/Nov/2017:11:45:33 -0800] "GET / HTTP/1.1" 301 235 "-" "Mozilla/5.0 (compatible; Googlebot/2.1; +http://www.google.com/bot.html)"
180.76.15.160 - - [05/Nov/2017:13:38:29 -0800] "GET / HTTP/1.1" 301 235 "-" "Mozilla/5.0 (compatible; Baiduspider/2.0; +http://www.baidu.com/search/spider.html)"
66.249.70.5 - - [05/Nov/2017:13:47:48 -0800] "GET /robots.txt HTTP/1.1" 301 245 "-" "Mozilla/5.0 (compatible; Googlebot/2.1; +http://www.google.com/bot.html)"
66.249.70.7 - - [05/Nov/2017:13:47:49 -0800] "GET / HTTP/1.1" 301 235 "-" "Mozilla/5.0 (compatible; Googlebot/2.1; +http://www.google.com/bot.html)"
66.249.70.29 - - [05/Nov/2017:14:13:04 -0800] "GET / HTTP/1.1" 301 235 "-" "Mozilla/5.0 (Linux; Android 6.0.1; Nexus 5X Build/MMB29P) AppleWebKit/537.36 (KHTML, like Gecko) Chrome/41.0.2272.96 Mobile Safari/537.36 (compatible; Googlebot/2.1; +http://www.google.com/bot.html)"
216.244.66.233 - - [05/Nov/2017:15:55:34 -0800] "GET /robots.txt HTTP/1.1" 301 245 "-" "Mozilla/5.0 (compatible; DotBot/1.1; http://www.opensiteexplorer.org/dotbot, help@moz.com)"
216.244.66.233 - - [05/Nov/2017:16:08:36 -0800] "GET /img/urban-cowgirl/2.jpg HTTP/1.1" 301 258 "-" "Mozilla/5.0 (compatible; DotBot/1.1; http://www.opensiteexplorer.org/dotbot, help@moz.com)"
173.208.153.50 - - [05/Nov/2017:16:34:04 -0800] "GET /wp-login.php HTTP/1.1" 301 247 "http://rndsquared.com/wp-login.php" "Mozilla/4.0 (compatible; MSIE 9.0; Windows NT 6.1; 125LA; .NET CLR 2.0.50727; .NET CLR 3.0.04506.648; .NET CLR 3.5.21022)"
173.208.153.50 - - [05/Nov/2017:16:34:04 -0800] "GET /wp-login.php HTTP/1.1" 301 247 "http://rndsquared.com/wp-login.php" "Mozilla/4.0 (compatible; MSIE 9.0; Windows NT 6.1; 125LA; .NET CLR 2.0.50727; .NET CLR 3.0.04506.648; .NET CLR 3.5.21022)"
157.55.39.253 - - [05/Nov/2017:17:48:06 -0800] "GET / HTTP/1.1" 301 235 "-" "Mozilla/5.0 (compatible; bingbot/2.0; +http://www.bing.com/bingbot.htm)"
66.249.70.25 - - [05/Nov/2017:18:49:12 -0800] "GET / HTTP/1.1" 301 235 "-" "Mozilla/5.0 (compatible; Googlebot/2.1; +http://www.google.com/bot.html)"
66.249.70.25 - - [05/Nov/2017:19:14:43 -0800] "GET / HTTP/1.1" 301 235 "-" "Mozilla/5.0 (Linux; Android 6.0.1; Nexus 5X Build/MMB29P) AppleWebKit/537.36 (KHTML, like Gecko) Chrome/41.0.2272.96 Mobile Safari/537.36 (compatible; Googlebot/2.1; +http://www.google.com/bot.html)"
216.244.66.233 - - [05/Nov/2017:19:34:11 -0800] "GET /robots.txt HTTP/1.1" 301 245 "-" "Mozilla/5.0 (compatible; DotBot/1.1; http://www.opensiteexplorer.org/dotbot, help@moz.com)"
216.244.66.233 - - [05/Nov/2017:19:40:58 -0800] "GET /img/autumn/4.jpg HTTP/1.1" 301 251 "-" "Mozilla/5.0 (compatible; DotBot/1.1; http://www.opensiteexplorer.org/dotbot, help@moz.com)"
216.244.66.233 - - [05/Nov/2017:19:41:02 -0800] "GET /img/bs4w/6.jpg HTTP/1.1" 301 249 "-" "Mozilla/5.0 (compatible; DotBot/1.1; http://www.opensiteexplorer.org/dotbot, help@moz.com)"
66.249.70.29 - - [05/Nov/2017:20:25:50 -0800] "GET / HTTP/1.1" 301 235 "-" "Mozilla/5.0 (Linux; Android 6.0.1; Nexus 5X Build/MMB29P) AppleWebKit/537.36 (KHTML, like Gecko) Chrome/41.0.2272.96 Mobile Safari/537.36 (compatible; Googlebot/2.1; +http://www.google.com/bot.html)"
66.249.70.27 - - [05/Nov/2017:20:56:12 -0800] "GET / HTTP/1.1" 301 235 "-" "Mozilla/5.0 (compatible; Googlebot/2.1; +http://www.google.com/bot.html)"
51.15.8.100 - - [05/Nov/2017:21:07:45 -0800] "GET /utility/convert/index.php HTTP/1.1" 301 260 "-" "Mozilla/5.0 (Windows NT 10.0; Win64; x64) AppleWebKit/537.36 (KHTML, like Gecko) Chrome/56.0.2924.87 Safari/537.36"
66.249.70.29 - - [05/Nov/2017:21:36:31 -0800] "GET / HTTP/1.1" 301 235 "-" "Mozilla/5.0 (Linux; Android 6.0.1; Nexus 5X Build/MMB29P) AppleWebKit/537.36 (KHTML, like Gecko) Chrome/41.0.2272.96 Mobile Safari/537.36 (compatible; Googlebot/2.1; +http://www.google.com/bot.html)"
51.255.65.43 - - [05/Nov/2017:21:55:01 -0800] "GET /img/autumn/3.jpg HTTP/1.1" 301 251 "-" "Mozilla/5.0 (compatible; AhrefsBot/5.2; +http://ahrefs.com/robot/)"
46.229.164.101 - - [05/Nov/2017:21:59:27 -0800] "GET /robots.txt HTTP/1.1" 301 245 "-" "Mozilla/5.0 (compatible; SemrushBot/1.2~bl; +http://www.semrush.com/bot.html)"
66.249.70.25 - - [05/Nov/2017:22:52:52 -0800] "GET / HTTP/1.1" 301 235 "-" "Mozilla/5.0 (compatible; Googlebot/2.1; +http://www.google.com/bot.html)"
51.255.65.24 - - [05/Nov/2017:22:54:48 -0800] "GET /img/sfnoir/6.jpg HTTP/1.1" 301 251 "-" "Mozilla/5.0 (compatible; AhrefsBot/5.2; +http://ahrefs.com/robot/)"
61.135.217.98 - - [05/Nov/2017:23:20:27 -0800] "GET /robots.txt HTTP/1.0" 301 245 "-" "Mozilla/5.0 AppleWebKit/537.36 (KHTML, like Gecko) Chrome/55.0.2883.95 Safari/537.36/Nutch-1.13"
61.135.217.98 - - [05/Nov/2017:23:20:28 -0800] "GET / HTTP/1.0" 301 235 "-" "Mozilla/5.0 AppleWebKit/537.36 (KHTML, like Gecko) Chrome/55.0.2883.95 Safari/537.36/Nutch-1.13"
216.244.66.233 - - [05/Nov/2017:23:37:38 -0800] "GET /robots.txt HTTP/1.1" 301 245 "-" "Mozilla/5.0 (compatible; DotBot/1.1; http://www.opensiteexplorer.org/dotbot, help@moz.com)"
66.249.70.27 - - [05/Nov/2017:23:39:00 -0800] "GET / HTTP/1.1" 301 235 "-" "Mozilla/5.0 (Linux; Android 6.0.1; Nexus 5X Build/MMB29P) AppleWebKit/537.36 (KHTML, like Gecko) Chrome/41.0.2272.96 Mobile Safari/537.36 (compatible; Googlebot/2.1; +http://www.google.com/bot.html)"
216.244.66.233 - - [05/Nov/2017:23:44:09 -0800] "GET /img/autumn/6.jpg HTTP/1.1" 301 251 "-" "Mozilla/5.0 (compatible; DotBot/1.1; http://www.opensiteexplorer.org/dotbot, help@moz.com)"
216.244.66.233 - - [05/Nov/2017:23:44:12 -0800] "GET /img/bs4w/8.jpg HTTP/1.1" 301 249 "-" "Mozilla/5.0 (compatible; DotBot/1.1; http://www.opensiteexplorer.org/dotbot, help@moz.com)"
216.244.66.233 - - [05/Nov/2017:23:44:15 -0800] "GET /img/oncekids-fujimini/1.jpg HTTP/1.1" 301 262 "-" "Mozilla/5.0 (compatible; DotBot/1.1; http://www.opensiteexplorer.org/dotbot, help@moz.com)"
62.210.75.104 - - [06/Nov/2017:00:39:41 -0800] "GET / HTTP/1.1" 301 235 "-" "Mozilla/5.0 (Macintosh; Intel Mac OS X 10_12_4) AppleWebKit/537.36 (KHTML, like Gecko) Chrome/57.0.2987.133 Safari/537.36"
66.249.70.25 - - [06/Nov/2017:00:55:25 -0800] "GET /robots.txt HTTP/1.1" 301 245 "-" "Mozilla/5.0 (compatible; Googlebot/2.1; +http://www.google.com/bot.html)"
66.249.70.29 - - [06/Nov/2017:00:55:26 -0800] "GET / HTTP/1.1" 301 235 "-" "Mozilla/5.0 (compatible; Googlebot/2.1; +http://www.google.com/bot.html)"
178.255.80.147 - - [06/Nov/2017:00:59:33 -0800] "HEAD / HTTP/1.1" 301 - "-" "-"
66.249.70.29 - - [06/Nov/2017:00:59:58 -0800] "GET / HTTP/1.1" 301 235 "-" "Mozilla/5.0 (Linux; Android 6.0.1; Nexus 5X Build/MMB29P) AppleWebKit/537.36 (KHTML, like Gecko) Chrome/41.0.2272.96 Mobile Safari/537.36 (compatible; Googlebot/2.1; +http://www.google.com/bot.html)"
216.244.66.233 - - [06/Nov/2017:02:10:12 -0800] "GET /robots.txt HTTP/1.1" 301 245 "-" "Mozilla/5.0 (compatible; DotBot/1.1; http://www.opensiteexplorer.org/dotbot, help@moz.com)"
216.244.66.233 - - [06/Nov/2017:02:17:52 -0800] "GET /img/wu-wei/1.jpg HTTP/1.1" 301 251 "-" "Mozilla/5.0 (compatible; DotBot/1.1; http://www.opensiteexplorer.org/dotbot, help@moz.com)"
216.244.66.233 - - [06/Nov/2017:03:14:01 -0800] "GET /robots.txt HTTP/1.1" 301 245 "-" "Mozilla/5.0 (compatible; DotBot/1.1; http://www.opensiteexplorer.org/dotbot, help@moz.com)"
216.244.66.233 - - [06/Nov/2017:03:21:28 -0800] "GET /img/bs4w/7.jpg HTTP/1.1" 301 249 "-" "Mozilla/5.0 (compatible; DotBot/1.1; http://www.opensiteexplorer.org/dotbot, help@moz.com)"
66.249.70.27 - - [06/Nov/2017:03:52:21 -0800] "GET / HTTP/1.1" 301 235 "-" "Mozilla/5.0 (compatible; Googlebot/2.1; +http://www.google.com/bot.html)"
216.244.66.233 - - [06/Nov/2017:04:50:56 -0800] "GET /robots.txt HTTP/1.1" 301 245 "-" "Mozilla/5.0 (compatible; DotBot/1.1; http://www.opensiteexplorer.org/dotbot, help@moz.com)"
164.132.161.18 - - [06/Nov/2017:04:52:25 -0800] "GET /img/sfnoir/9.jpg HTTP/1.1" 301 251 "-" "Mozilla/5.0 (compatible; AhrefsBot/5.2; +http://ahrefs.com/robot/)"
216.244.66.233 - - [06/Nov/2017:04:59:45 -0800] "GET /img/bs4w/3.jpg HTTP/1.1" 301 249 "-" "Mozilla/5.0 (compatible; DotBot/1.1; http://www.opensiteexplorer.org/dotbot, help@moz.com)"
216.244.66.233 - - [06/Nov/2017:05:13:23 -0800] "GET /robots.txt HTTP/1.1" 301 245 "-" "Mozilla/5.0 (compatible; DotBot/1.1; http://www.opensiteexplorer.org/dotbot, help@moz.com)"
175.139.97.61 - - [06/Nov/2017:05:19:31 -0800] "GET /wp-login.php HTTP/1.1" 301 247 "-" "Mozilla/5.0 (Windows NT 6.1; WOW64; rv:40.0) Gecko/20100101 Firefox/40.1"
175.139.97.61 - - [06/Nov/2017:05:19:38 -0800] "GET /wp-login.php HTTP/1.1" 301 247 "-" "Mozilla/5.0 (Windows NT 6.1; WOW64; rv:40.0) Gecko/20100101 Firefox/40.1"
175.139.97.61 - - [06/Nov/2017:05:19:44 -0800] "GET / HTTP/1.1" 301 235 "-" "Mozilla/5.0 (Windows NT 6.1; WOW64; rv:40.0) Gecko/20100101 Firefox/40.1"
216.244.66.233 - - [06/Nov/2017:05:24:08 -0800] "GET /img/sfnoir/9.jpg HTTP/1.1" 301 251 "-" "Mozilla/5.0 (compatible; DotBot/1.1; http://www.opensiteexplorer.org/dotbot, help@moz.com)"
216.244.66.233 - - [06/Nov/2017:06:28:51 -0800] "GET /robots.txt HTTP/1.1" 301 245 "-" "Mozilla/5.0 (compatible; DotBot/1.1; http://www.opensiteexplorer.org/dotbot, help@moz.com)"
178.255.80.147 - - [06/Nov/2017:06:37:24 -0800] "HEAD / HTTP/1.1" 301 - "-" "-"
216.244.66.233 - - [06/Nov/2017:06:39:55 -0800] "GET /img/sfnoir/6.jpg HTTP/1.1" 301 251 "-" "Mozilla/5.0 (compatible; DotBot/1.1; http://www.opensiteexplorer.org/dotbot, help@moz.com)"
216.244.66.233 - - [06/Nov/2017:07:21:34 -0800] "GET /robots.txt HTTP/1.1" 301 245 "-" "Mozilla/5.0 (compatible; DotBot/1.1; http://www.opensiteexplorer.org/dotbot, help@moz.com)"
216.244.66.233 - - [06/Nov/2017:07:30:54 -0800] "GET /img/autumn/2.jpg HTTP/1.1" 301 251 "-" "Mozilla/5.0 (compatible; DotBot/1.1; http://www.opensiteexplorer.org/dotbot, help@moz.com)"
216.244.66.233 - - [06/Nov/2017:09:48:57 -0800] "GET /robots.txt HTTP/1.1" 301 245 "-" "Mozilla/5.0 (compatible; DotBot/1.1; http://www.opensiteexplorer.org/dotbot, help@moz.com)"
216.244.66.233 - - [06/Nov/2017:09:55:50 -0800] "GET /img/oncekids-fujimini/2.jpg HTTP/1.1" 301 262 "-" "Mozilla/5.0 (compatible; DotBot/1.1; http://www.opensiteexplorer.org/dotbot, help@moz.com)"
216.244.66.233 - - [06/Nov/2017:10:40:23 -0800] "GET /robots.txt HTTP/1.1" 301 245 "-" "Mozilla/5.0 (compatible; DotBot/1.1; http://www.opensiteexplorer.org/dotbot, help@moz.com)"
216.244.66.233 - - [06/Nov/2017:10:48:10 -0800] "GET /img/mixman/2.jpg HTTP/1.1" 301 251 "-" "Mozilla/5.0 (compatible; DotBot/1.1; http://www.opensiteexplorer.org/dotbot, help@moz.com)"
157.55.39.253 - - [06/Nov/2017:10:55:07 -0800] "GET / HTTP/1.1" 301 235 "-" "Mozilla/5.0 (compatible; bingbot/2.0; +http://www.bing.com/bingbot.htm)"
216.244.66.233 - - [06/Nov/2017:11:06:05 -0800] "GET /robots.txt HTTP/1.1" 301 245 "-" "Mozilla/5.0 (compatible; DotBot/1.1; http://www.opensiteexplorer.org/dotbot, help@moz.com)"
216.244.66.233 - - [06/Nov/2017:11:14:48 -0800] "GET /img/oncekids-fujimini/8.jpg HTTP/1.1" 301 262 "-" "Mozilla/5.0 (compatible; DotBot/1.1; http://www.opensiteexplorer.org/dotbot, help@moz.com)"
77.88.47.25 - - [06/Nov/2017:11:19:35 -0800] "GET /robots.txt HTTP/1.1" 301 245 "-" "Mozilla/5.0 (compatible; YandexBot/3.0; +http://yandex.com/bots)"
5.255.250.42 - - [06/Nov/2017:11:19:35 -0800] "GET /robots.txt HTTP/1.1" 301 245 "-" "Mozilla/5.0 (compatible; YandexBot/3.0; +http://yandex.com/bots)"
5.255.250.42 - - [06/Nov/2017:11:19:39 -0800] "GET / HTTP/1.1" 301 235 "-" "Mozilla/5.0 (compatible; YandexBot/3.0; +http://yandex.com/bots)"
77.88.47.19 - - [06/Nov/2017:11:19:39 -0800] "GET / HTTP/1.1" 301 235 "-" "Mozilla/5.0 (compatible; YandexBot/3.0; +http://yandex.com/bots)"
51.255.71.128 - - [06/Nov/2017:11:30:04 -0800] "GET /img/mixman/11.jpg HTTP/1.1" 301 252 "-" "Mozilla/5.0 (compatible; AhrefsBot/5.2; +http://ahrefs.com/robot/)"
216.244.66.233 - - [06/Nov/2017:11:57:25 -0800] "GET /robots.txt HTTP/1.1" 301 245 "-" "Mozilla/5.0 (compatible; DotBot/1.1; http://www.opensiteexplorer.org/dotbot, help@moz.com)"
128.31.0.13 - - [06/Nov/2017:11:58:07 -0800] "GET /utility/convert/index.php HTTP/1.1" 301 260 "-" "Mozilla/5.0 (Windows NT 10.0; Win64; x64) AppleWebKit/537.36 (KHTML, like Gecko) Chrome/56.0.2924.87 Safari/537.36"
216.244.66.233 - - [06/Nov/2017:12:03:30 -0800] "GET /img/mixman/15.jpg HTTP/1.1" 301 252 "-" "Mozilla/5.0 (compatible; DotBot/1.1; http://www.opensiteexplorer.org/dotbot, help@moz.com)"
216.244.66.233 - - [06/Nov/2017:12:03:33 -0800] "GET /img/sfnoir/8.jpg HTTP/1.1" 301 251 "-" "Mozilla/5.0 (compatible; DotBot/1.1; http://www.opensiteexplorer.org/dotbot, help@moz.com)"
216.244.66.233 - - [06/Nov/2017:12:20:03 -0800] "GET /robots.txt HTTP/1.1" 301 245 "-" "Mozilla/5.0 (compatible; DotBot/1.1; http://www.opensiteexplorer.org/dotbot, help@moz.com)"
216.244.66.233 - - [06/Nov/2017:12:25:58 -0800] "GET /img/mixman/10.jpg HTTP/1.1" 301 252 "-" "Mozilla/5.0 (compatible; DotBot/1.1; http://www.opensiteexplorer.org/dotbot, help@moz.com)"
216.244.66.233 - - [06/Nov/2017:12:26:01 -0800] "GET /img/wu-wei/8.jpg HTTP/1.1" 301 251 "-" "Mozilla/5.0 (compatible; DotBot/1.1; http://www.opensiteexplorer.org/dotbot, help@moz.com)"
216.244.66.233 - - [06/Nov/2017:14:51:11 -0800] "GET /robots.txt HTTP/1.1" 301 245 "-" "Mozilla/5.0 (compatible; DotBot/1.1; http://www.opensiteexplorer.org/dotbot, help@moz.com)"
216.244.66.233 - - [06/Nov/2017:15:01:25 -0800] "GET /img/oncekids-fujimini/6.jpg HTTP/1.1" 301 262 "-" "Mozilla/5.0 (compatible; DotBot/1.1; http://www.opensiteexplorer.org/dotbot, help@moz.com)"
216.244.66.233 - - [06/Nov/2017:17:16:52 -0800] "GET /robots.txt HTTP/1.1" 301 245 "-" "Mozilla/5.0 (compatible; DotBot/1.1; http://www.opensiteexplorer.org/dotbot, help@moz.com)"
216.244.66.233 - - [06/Nov/2017:17:25:20 -0800] "GET /img/wu-wei/10.jpg HTTP/1.1" 301 252 "-" "Mozilla/5.0 (compatible; DotBot/1.1; http://www.opensiteexplorer.org/dotbot, help@moz.com)"
158.46.202.72 - - [06/Nov/2017:18:08:29 -0800] "GET / HTTP/1.1" 301 235 "-" "Mozilla/5.0 (Macintosh; Intel Mac OS X 10_12_5) AppleWebKit/537.36 (KHTML, like Gecko) Chrome/58.0.3029.110 Safari/537.36"
216.244.66.233 - - [06/Nov/2017:20:29:38 -0800] "GET /robots.txt HTTP/1.1" 301 245 "-" "Mozilla/5.0 (compatible; DotBot/1.1; http://www.opensiteexplorer.org/dotbot, help@moz.com)"
180.76.15.27 - - [06/Nov/2017:20:34:15 -0800] "GET /js/modernizr.js HTTP/1.1" 301 250 "-" "Mozilla/5.0 (compatible; Baiduspider/2.0; +http://www.baidu.com/search/spider.html)"
216.244.66.233 - - [06/Nov/2017:20:39:38 -0800] "GET /img/mixman/1.jpg HTTP/1.1" 301 251 "-" "Mozilla/5.0 (compatible; DotBot/1.1; http://www.opensiteexplorer.org/dotbot, help@moz.com)"
216.244.66.233 - - [06/Nov/2017:22:29:10 -0800] "GET /robots.txt HTTP/1.1" 301 245 "-" "Mozilla/5.0 (compatible; DotBot/1.1; http://www.opensiteexplorer.org/dotbot, help@moz.com)"
216.244.66.233 - - [06/Nov/2017:22:36:19 -0800] "GET /img/mixman/5.jpg HTTP/1.1" 301 251 "-" "Mozilla/5.0 (compatible; DotBot/1.1; http://www.opensiteexplorer.org/dotbot, help@moz.com)"
157.55.39.253 - - [06/Nov/2017:22:56:20 -0800] "GET / HTTP/1.1" 301 235 "-" "Mozilla/5.0 (compatible; bingbot/2.0; +http://www.bing.com/bingbot.htm)"
165.227.105.146 - - [06/Nov/2017:23:18:45 -0800] "GET / HTTP/1.1" 301 235 "-" "Mozilla/4.0 (compatible; MSIE 6.0; Windows NT)"
216.244.66.202 - - [07/Nov/2017:01:17:38 -0800] "GET /robots.txt HTTP/1.1" 301 245 "-" "Mozilla/5.0 (compatible; DotBot/1.1; http://www.opensiteexplorer.org/dotbot, help@moz.com)"
185.100.87.207 - - [07/Nov/2017:01:25:58 -0800] "GET /utility/convert/index.php HTTP/1.1" 301 260 "-" "Mozilla/5.0 (Windows NT 10.0; Win64; x64) AppleWebKit/537.36 (KHTML, like Gecko) Chrome/56.0.2924.87 Safari/537.36"
216.244.66.202 - - [07/Nov/2017:01:32:44 -0800] "GET / HTTP/1.1" 301 235 "-" "Mozilla/5.0 (compatible; DotBot/1.1; http://www.opensiteexplorer.org/dotbot, help@moz.com)"
5.255.250.42 - - [07/Nov/2017:04:36:15 -0800] "GET /robots.txt HTTP/1.1" 301 245 "-" "Mozilla/5.0 (compatible; YandexBot/3.0; +http://yandex.com/bots)"
5.255.250.42 - - [07/Nov/2017:04:36:19 -0800] "GET / HTTP/1.1" 301 235 "-" "Mozilla/5.0 (compatible; YandexBot/3.0; +http://yandex.com/bots)"
194.187.170.145 - - [07/Nov/2017:05:44:30 -0800] "GET /robots.txt HTTP/1.0" 301 245 "-" "Mozilla/5.0 (compatible; Qwantify/2.4w; +https://www.qwant.com/)/2.4w"
194.187.170.145 - - [07/Nov/2017:05:44:32 -0800] "GET / HTTP/1.0" 301 235 "-" "Mozilla/5.0 (compatible; Qwantify/2.4w; +https://www.qwant.com/)/2.4w"
