107.172.64.211 - - [06/Apr/2019:17:22:25 -0700] "GET /img/autumn/4.jpg HTTP/1.0" 200 166546 "http://rndsquared.com" "Mozilla/5.0 (Windows NT 10.0; Win64; x64) AppleWebKit/537.36 (KHTML, like Gecko) Chrome/69.0.3497.100 Safari/537.36"
107.172.64.211 - - [06/Apr/2019:17:22:26 -0700] "GET /img/autumn/3.jpg HTTP/1.0" 200 506599 "http://rndsquared.com" "Mozilla/5.0 (Windows NT 10.0; Win64; x64) AppleWebKit/537.36 (KHTML, like Gecko) Chrome/69.0.3497.100 Safari/537.36"
107.172.64.211 - - [06/Apr/2019:17:22:27 -0700] "GET /img/autumn/2.jpg HTTP/1.0" 200 292159 "http://rndsquared.com" "Mozilla/5.0 (Windows NT 10.0; Win64; x64) AppleWebKit/537.36 (KHTML, like Gecko) Chrome/69.0.3497.100 Safari/537.36"
107.172.64.211 - - [06/Apr/2019:17:22:28 -0700] "GET /img/autumn/1.jpg HTTP/1.0" 200 290161 "http://rndsquared.com" "Mozilla/5.0 (Windows NT 10.0; Win64; x64) AppleWebKit/537.36 (KHTML, like Gecko) Chrome/69.0.3497.100 Safari/537.36"
107.172.64.211 - - [06/Apr/2019:17:22:29 -0700] "GET /img/njn/8.jpg HTTP/1.0" 200 124240 "http://rndsquared.com" "Mozilla/5.0 (Windows NT 10.0; Win64; x64) AppleWebKit/537.36 (KHTML, like Gecko) Chrome/69.0.3497.100 Safari/537.36"
107.172.64.211 - - [06/Apr/2019:17:22:30 -0700] "GET /img/njn/7.jpg HTTP/1.0" 200 116420 "http://rndsquared.com" "Mozilla/5.0 (Windows NT 10.0; Win64; x64) AppleWebKit/537.36 (KHTML, like Gecko) Chrome/69.0.3497.100 Safari/537.36"
107.172.64.211 - - [06/Apr/2019:17:22:30 -0700] "GET /img/njn/6.jpg HTTP/1.0" 200 125438 "http://rndsquared.com" "Mozilla/5.0 (Windows NT 10.0; Win64; x64) AppleWebKit/537.36 (KHTML, like Gecko) Chrome/69.0.3497.100 Safari/537.36"
107.172.64.211 - - [06/Apr/2019:17:22:31 -0700] "GET /img/njn/5.jpg HTTP/1.0" 200 117364 "http://rndsquared.com" "Mozilla/5.0 (Windows NT 10.0; Win64; x64) AppleWebKit/537.36 (KHTML, like Gecko) Chrome/69.0.3497.100 Safari/537.36"
107.172.64.211 - - [06/Apr/2019:17:22:32 -0700] "GET /img/njn/4.jpg HTTP/1.0" 200 151484 "http://rndsquared.com" "Mozilla/5.0 (Windows NT 10.0; Win64; x64) AppleWebKit/537.36 (KHTML, like Gecko) Chrome/69.0.3497.100 Safari/537.36"
107.172.64.211 - - [06/Apr/2019:17:22:32 -0700] "GET /img/njn/3.jpg HTTP/1.0" 200 157605 "http://rndsquared.com" "Mozilla/5.0 (Windows NT 10.0; Win64; x64) AppleWebKit/537.36 (KHTML, like Gecko) Chrome/69.0.3497.100 Safari/537.36"
107.172.64.211 - - [06/Apr/2019:17:22:33 -0700] "GET /img/njn/2.jpg HTTP/1.0" 200 103550 "http://rndsquared.com" "Mozilla/5.0 (Windows NT 10.0; Win64; x64) AppleWebKit/537.36 (KHTML, like Gecko) Chrome/69.0.3497.100 Safari/537.36"
107.172.64.211 - - [06/Apr/2019:17:22:34 -0700] "GET /img/njn/1.jpg HTTP/1.0" 200 88793 "http://rndsquared.com" "Mozilla/5.0 (Windows NT 10.0; Win64; x64) AppleWebKit/537.36 (KHTML, like Gecko) Chrome/69.0.3497.100 Safari/537.36"
107.172.64.211 - - [06/Apr/2019:17:22:34 -0700] "GET /img/sfnoir/9.jpg HTTP/1.0" 200 64784 "http://rndsquared.com" "Mozilla/5.0 (Windows NT 10.0; Win64; x64) AppleWebKit/537.36 (KHTML, like Gecko) Chrome/69.0.3497.100 Safari/537.36"
107.172.64.211 - - [06/Apr/2019:17:22:35 -0700] "GET /img/sfnoir/8.jpg HTTP/1.0" 200 89091 "http://rndsquared.com" "Mozilla/5.0 (Windows NT 10.0; Win64; x64) AppleWebKit/537.36 (KHTML, like Gecko) Chrome/69.0.3497.100 Safari/537.36"
107.172.64.211 - - [06/Apr/2019:17:22:36 -0700] "GET /img/sfnoir/7.jpg HTTP/1.0" 200 122937 "http://rndsquared.com" "Mozilla/5.0 (Windows NT 10.0; Win64; x64) AppleWebKit/537.36 (KHTML, like Gecko) Chrome/69.0.3497.100 Safari/537.36"
107.172.64.211 - - [06/Apr/2019:17:22:36 -0700] "GET /img/sfnoir/6.jpg HTTP/1.0" 200 112789 "http://rndsquared.com" "Mozilla/5.0 (Windows NT 10.0; Win64; x64) AppleWebKit/537.36 (KHTML, like Gecko) Chrome/69.0.3497.100 Safari/537.36"
107.172.64.211 - - [06/Apr/2019:17:22:37 -0700] "GET /img/sfnoir/5.jpg HTTP/1.0" 200 67390 "http://rndsquared.com" "Mozilla/5.0 (Windows NT 10.0; Win64; x64) AppleWebKit/537.36 (KHTML, like Gecko) Chrome/69.0.3497.100 Safari/537.36"
107.172.64.211 - - [06/Apr/2019:17:22:37 -0700] "GET /img/sfnoir/4.jpg HTTP/1.0" 200 126425 "http://rndsquared.com" "Mozilla/5.0 (Windows NT 10.0; Win64; x64) AppleWebKit/537.36 (KHTML, like Gecko) Chrome/69.0.3497.100 Safari/537.36"
107.172.64.211 - - [06/Apr/2019:17:22:38 -0700] "GET /img/sfnoir/3.jpg HTTP/1.0" 200 74528 "http://rndsquared.com" "Mozilla/5.0 (Windows NT 10.0; Win64; x64) AppleWebKit/537.36 (KHTML, like Gecko) Chrome/69.0.3497.100 Safari/537.36"
107.172.64.211 - - [06/Apr/2019:17:22:39 -0700] "GET /img/sfnoir/2.jpg HTTP/1.0" 200 81708 "http://rndsquared.com" "Mozilla/5.0 (Windows NT 10.0; Win64; x64) AppleWebKit/537.36 (KHTML, like Gecko) Chrome/69.0.3497.100 Safari/537.36"
107.172.64.211 - - [06/Apr/2019:17:22:39 -0700] "GET /img/sfnoir/1.jpg HTTP/1.0" 200 77798 "http://rndsquared.com" "Mozilla/5.0 (Windows NT 10.0; Win64; x64) AppleWebKit/537.36 (KHTML, like Gecko) Chrome/69.0.3497.100 Safari/537.36"
107.172.64.211 - - [06/Apr/2019:17:22:40 -0700] "GET /img/bs4w/8.jpg HTTP/1.0" 200 67708 "http://rndsquared.com" "Mozilla/5.0 (Windows NT 10.0; Win64; x64) AppleWebKit/537.36 (KHTML, like Gecko) Chrome/69.0.3497.100 Safari/537.36"
107.172.64.211 - - [06/Apr/2019:17:22:40 -0700] "GET /img/bs4w/6.jpg HTTP/1.0" 200 42274 "http://rndsquared.com" "Mozilla/5.0 (Windows NT 10.0; Win64; x64) AppleWebKit/537.36 (KHTML, like Gecko) Chrome/69.0.3497.100 Safari/537.36"
107.172.64.211 - - [06/Apr/2019:17:22:41 -0700] "GET /img/bs4w/7.jpg HTTP/1.0" 200 80775 "http://rndsquared.com" "Mozilla/5.0 (Windows NT 10.0; Win64; x64) AppleWebKit/537.36 (KHTML, like Gecko) Chrome/69.0.3497.100 Safari/537.36"
107.172.64.211 - - [06/Apr/2019:17:22:42 -0700] "GET /img/bs4w/5.jpg HTTP/1.0" 200 42135 "http://rndsquared.com" "Mozilla/5.0 (Windows NT 10.0; Win64; x64) AppleWebKit/537.36 (KHTML, like Gecko) Chrome/69.0.3497.100 Safari/537.36"
107.172.64.211 - - [06/Apr/2019:17:22:42 -0700] "GET /img/bs4w/4.jpg HTTP/1.0" 200 93892 "http://rndsquared.com" "Mozilla/5.0 (Windows NT 10.0; Win64; x64) AppleWebKit/537.36 (KHTML, like Gecko) Chrome/69.0.3497.100 Safari/537.36"
107.172.64.211 - - [06/Apr/2019:17:22:43 -0700] "GET /img/bs4w/3.jpg HTTP/1.0" 200 74030 "http://rndsquared.com" "Mozilla/5.0 (Windows NT 10.0; Win64; x64) AppleWebKit/537.36 (KHTML, like Gecko) Chrome/69.0.3497.100 Safari/537.36"
107.172.64.211 - - [06/Apr/2019:17:22:44 -0700] "GET /img/bs4w/2.jpg HTTP/1.0" 200 116129 "http://rndsquared.com" "Mozilla/5.0 (Windows NT 10.0; Win64; x64) AppleWebKit/537.36 (KHTML, like Gecko) Chrome/69.0.3497.100 Safari/537.36"
107.172.64.211 - - [06/Apr/2019:17:22:44 -0700] "GET /img/bs4w/1.jpg HTTP/1.0" 200 61424 "http://rndsquared.com" "Mozilla/5.0 (Windows NT 10.0; Win64; x64) AppleWebKit/537.36 (KHTML, like Gecko) Chrome/69.0.3497.100 Safari/537.36"
107.172.64.211 - - [06/Apr/2019:17:22:45 -0700] "GET /img/luminous/luminousVideo.png HTTP/1.0" 200 952978 "http://rndsquared.com" "Mozilla/5.0 (Windows NT 10.0; Win64; x64) AppleWebKit/537.36 (KHTML, like Gecko) Chrome/69.0.3497.100 Safari/537.36"
107.172.64.211 - - [06/Apr/2019:17:22:48 -0700] "GET /img/luminous/luminousOcto.png HTTP/1.0" 200 1186596 "http://rndsquared.com" "Mozilla/5.0 (Windows NT 10.0; Win64; x64) AppleWebKit/537.36 (KHTML, like Gecko) Chrome/69.0.3497.100 Safari/537.36"
107.172.64.211 - - [06/Apr/2019:17:22:50 -0700] "GET /img/luminous/luminousMulti.png HTTP/1.0" 200 1292693 "http://rndsquared.com" "Mozilla/5.0 (Windows NT 10.0; Win64; x64) AppleWebKit/537.36 (KHTML, like Gecko) Chrome/69.0.3497.100 Safari/537.36"
107.172.64.211 - - [06/Apr/2019:17:22:53 -0700] "GET /img/luminous/luminousHome.png HTTP/1.0" 200 3449282 "http://rndsquared.com" "Mozilla/5.0 (Windows NT 10.0; Win64; x64) AppleWebKit/537.36 (KHTML, like Gecko) Chrome/69.0.3497.100 Safari/537.36"
107.172.64.211 - - [06/Apr/2019:17:22:57 -0700] "GET /img/wu-wei/10.jpg HTTP/1.0" 200 165194 "http://rndsquared.com" "Mozilla/5.0 (Windows NT 10.0; Win64; x64) AppleWebKit/537.36 (KHTML, like Gecko) Chrome/69.0.3497.100 Safari/537.36"
107.172.64.211 - - [06/Apr/2019:17:22:58 -0700] "GET /img/wu-wei/9.jpg HTTP/1.0" 200 398953 "http://rndsquared.com" "Mozilla/5.0 (Windows NT 10.0; Win64; x64) AppleWebKit/537.36 (KHTML, like Gecko) Chrome/69.0.3497.100 Safari/537.36"
107.172.64.211 - - [06/Apr/2019:17:22:59 -0700] "GET /img/wu-wei/8.jpg HTTP/1.0" 200 457546 "http://rndsquared.com" "Mozilla/5.0 (Windows NT 10.0; Win64; x64) AppleWebKit/537.36 (KHTML, like Gecko) Chrome/69.0.3497.100 Safari/537.36"
107.172.64.211 - - [06/Apr/2019:17:22:59 -0700] "GET /img/wu-wei/7.jpg HTTP/1.0" 200 293352 "http://rndsquared.com" "Mozilla/5.0 (Windows NT 10.0; Win64; x64) AppleWebKit/537.36 (KHTML, like Gecko) Chrome/69.0.3497.100 Safari/537.36"
107.172.64.211 - - [06/Apr/2019:17:23:00 -0700] "GET /img/wu-wei/6.jpg HTTP/1.0" 200 180106 "http://rndsquared.com" "Mozilla/5.0 (Windows NT 10.0; Win64; x64) AppleWebKit/537.36 (KHTML, like Gecko) Chrome/69.0.3497.100 Safari/537.36"
107.172.64.211 - - [06/Apr/2019:17:23:01 -0700] "GET /img/wu-wei/5.jpg HTTP/1.0" 200 220470 "http://rndsquared.com" "Mozilla/5.0 (Windows NT 10.0; Win64; x64) AppleWebKit/537.36 (KHTML, like Gecko) Chrome/69.0.3497.100 Safari/537.36"
107.172.64.211 - - [06/Apr/2019:17:23:02 -0700] "GET /img/wu-wei/4.jpg HTTP/1.0" 200 279891 "http://rndsquared.com" "Mozilla/5.0 (Windows NT 10.0; Win64; x64) AppleWebKit/537.36 (KHTML, like Gecko) Chrome/69.0.3497.100 Safari/537.36"
107.172.64.211 - - [06/Apr/2019:17:23:03 -0700] "GET /img/wu-wei/3.jpg HTTP/1.0" 200 173337 "http://rndsquared.com" "Mozilla/5.0 (Windows NT 10.0; Win64; x64) AppleWebKit/537.36 (KHTML, like Gecko) Chrome/69.0.3497.100 Safari/537.36"
107.172.64.211 - - [06/Apr/2019:17:23:04 -0700] "GET /img/wu-wei/2.jpg HTTP/1.0" 200 183246 "http://rndsquared.com" "Mozilla/5.0 (Windows NT 10.0; Win64; x64) AppleWebKit/537.36 (KHTML, like Gecko) Chrome/69.0.3497.100 Safari/537.36"
107.172.64.211 - - [06/Apr/2019:17:23:06 -0700] "GET /img/wu-wei/1.jpg HTTP/1.0" 200 323401 "http://rndsquared.com" "Mozilla/5.0 (Windows NT 10.0; Win64; x64) AppleWebKit/537.36 (KHTML, like Gecko) Chrome/69.0.3497.100 Safari/537.36"
107.172.64.211 - - [06/Apr/2019:17:23:07 -0700] "GET /img/oncekids-fujimini/8.jpg HTTP/1.0" 200 78635 "http://rndsquared.com" "Mozilla/5.0 (Windows NT 10.0; Win64; x64) AppleWebKit/537.36 (KHTML, like Gecko) Chrome/69.0.3497.100 Safari/537.36"
107.172.64.211 - - [06/Apr/2019:17:23:08 -0700] "GET /img/oncekids-fujimini/7.jpg HTTP/1.0" 200 153636 "http://rndsquared.com" "Mozilla/5.0 (Windows NT 10.0; Win64; x64) AppleWebKit/537.36 (KHTML, like Gecko) Chrome/69.0.3497.100 Safari/537.36"
107.172.64.211 - - [06/Apr/2019:17:23:09 -0700] "GET /img/oncekids-fujimini/6.jpg HTTP/1.0" 200 118631 "http://rndsquared.com" "Mozilla/5.0 (Windows NT 10.0; Win64; x64) AppleWebKit/537.36 (KHTML, like Gecko) Chrome/69.0.3497.100 Safari/537.36"
107.172.64.211 - - [06/Apr/2019:17:23:09 -0700] "GET /img/oncekids-fujimini/5.jpg HTTP/1.0" 200 76459 "http://rndsquared.com" "Mozilla/5.0 (Windows NT 10.0; Win64; x64) AppleWebKit/537.36 (KHTML, like Gecko) Chrome/69.0.3497.100 Safari/537.36"
107.172.64.211 - - [06/Apr/2019:17:23:10 -0700] "GET /img/oncekids-fujimini/4.jpg HTTP/1.0" 200 111945 "http://rndsquared.com" "Mozilla/5.0 (Windows NT 10.0; Win64; x64) AppleWebKit/537.36 (KHTML, like Gecko) Chrome/69.0.3497.100 Safari/537.36"
107.172.64.211 - - [06/Apr/2019:17:23:10 -0700] "GET /img/oncekids-fujimini/3.jpg HTTP/1.0" 200 143020 "http://rndsquared.com" "Mozilla/5.0 (Windows NT 10.0; Win64; x64) AppleWebKit/537.36 (KHTML, like Gecko) Chrome/69.0.3497.100 Safari/537.36"
107.172.64.211 - - [06/Apr/2019:17:23:11 -0700] "GET /img/oncekids-fujimini/2.jpg HTTP/1.0" 200 99983 "http://rndsquared.com" "Mozilla/5.0 (Windows NT 10.0; Win64; x64) AppleWebKit/537.36 (KHTML, like Gecko) Chrome/69.0.3497.100 Safari/537.36"
107.172.64.211 - - [06/Apr/2019:17:23:12 -0700] "GET /img/oncekids-fujimini/1.jpg HTTP/1.0" 200 109257 "http://rndsquared.com" "Mozilla/5.0 (Windows NT 10.0; Win64; x64) AppleWebKit/537.36 (KHTML, like Gecko) Chrome/69.0.3497.100 Safari/537.36"
107.172.64.211 - - [06/Apr/2019:17:23:13 -0700] "GET /img/urban-cowgirl/6.jpg HTTP/1.0" 200 56465 "http://rndsquared.com" "Mozilla/5.0 (Windows NT 10.0; Win64; x64) AppleWebKit/537.36 (KHTML, like Gecko) Chrome/69.0.3497.100 Safari/537.36"
107.172.64.211 - - [06/Apr/2019:17:23:13 -0700] "GET /img/urban-cowgirl/5.jpg HTTP/1.0" 200 114905 "http://rndsquared.com" "Mozilla/5.0 (Windows NT 10.0; Win64; x64) AppleWebKit/537.36 (KHTML, like Gecko) Chrome/69.0.3497.100 Safari/537.36"
107.172.64.211 - - [06/Apr/2019:17:23:14 -0700] "GET /img/urban-cowgirl/4.jpg HTTP/1.0" 200 103819 "http://rndsquared.com" "Mozilla/5.0 (Windows NT 10.0; Win64; x64) AppleWebKit/537.36 (KHTML, like Gecko) Chrome/69.0.3497.100 Safari/537.36"
107.172.64.211 - - [06/Apr/2019:17:23:14 -0700] "GET /img/urban-cowgirl/3.jpg HTTP/1.0" 200 80583 "http://rndsquared.com" "Mozilla/5.0 (Windows NT 10.0; Win64; x64) AppleWebKit/537.36 (KHTML, like Gecko) Chrome/69.0.3497.100 Safari/537.36"
107.172.64.211 - - [06/Apr/2019:17:23:15 -0700] "GET /img/urban-cowgirl/2.jpg HTTP/1.0" 200 104975 "http://rndsquared.com" "Mozilla/5.0 (Windows NT 10.0; Win64; x64) AppleWebKit/537.36 (KHTML, like Gecko) Chrome/69.0.3497.100 Safari/537.36"
107.172.64.211 - - [06/Apr/2019:17:23:16 -0700] "GET /img/urban-cowgirl/1.jpg HTTP/1.0" 200 94626 "http://rndsquared.com" "Mozilla/5.0 (Windows NT 10.0; Win64; x64) AppleWebKit/537.36 (KHTML, like Gecko) Chrome/69.0.3497.100 Safari/537.36"
107.172.64.211 - - [06/Apr/2019:17:23:16 -0700] "GET /img/mixman/19.jpg HTTP/1.0" 200 81276 "http://rndsquared.com" "Mozilla/5.0 (Windows NT 10.0; Win64; x64) AppleWebKit/537.36 (KHTML, like Gecko) Chrome/69.0.3497.100 Safari/537.36"
107.172.64.211 - - [06/Apr/2019:17:23:17 -0700] "GET /img/mixman/18.jpg HTTP/1.0" 200 75474 "http://rndsquared.com" "Mozilla/5.0 (Windows NT 10.0; Win64; x64) AppleWebKit/537.36 (KHTML, like Gecko) Chrome/69.0.3497.100 Safari/537.36"
107.172.64.211 - - [06/Apr/2019:17:23:17 -0700] "GET /img/mixman/17.jpg HTTP/1.0" 200 60460 "http://rndsquared.com" "Mozilla/5.0 (Windows NT 10.0; Win64; x64) AppleWebKit/537.36 (KHTML, like Gecko) Chrome/69.0.3497.100 Safari/537.36"
107.172.64.211 - - [06/Apr/2019:17:23:18 -0700] "GET /img/mixman/16.jpg HTTP/1.0" 200 113328 "http://rndsquared.com" "Mozilla/5.0 (Windows NT 10.0; Win64; x64) AppleWebKit/537.36 (KHTML, like Gecko) Chrome/69.0.3497.100 Safari/537.36"
107.172.64.211 - - [06/Apr/2019:17:23:19 -0700] "GET /img/mixman/15.jpg HTTP/1.0" 200 115845 "http://rndsquared.com" "Mozilla/5.0 (Windows NT 10.0; Win64; x64) AppleWebKit/537.36 (KHTML, like Gecko) Chrome/69.0.3497.100 Safari/537.36"
107.172.64.211 - - [06/Apr/2019:17:23:19 -0700] "GET /img/mixman/14.jpg HTTP/1.0" 200 132076 "http://rndsquared.com" "Mozilla/5.0 (Windows NT 10.0; Win64; x64) AppleWebKit/537.36 (KHTML, like Gecko) Chrome/69.0.3497.100 Safari/537.36"
107.172.64.211 - - [06/Apr/2019:17:23:20 -0700] "GET /img/mixman/13.jpg HTTP/1.0" 200 106423 "http://rndsquared.com" "Mozilla/5.0 (Windows NT 10.0; Win64; x64) AppleWebKit/537.36 (KHTML, like Gecko) Chrome/69.0.3497.100 Safari/537.36"
107.172.64.211 - - [06/Apr/2019:17:23:21 -0700] "GET /img/mixman/12.jpg HTTP/1.0" 200 112736 "http://rndsquared.com" "Mozilla/5.0 (Windows NT 10.0; Win64; x64) AppleWebKit/537.36 (KHTML, like Gecko) Chrome/69.0.3497.100 Safari/537.36"
107.172.64.211 - - [06/Apr/2019:17:23:21 -0700] "GET /img/mixman/11.jpg HTTP/1.0" 200 114722 "http://rndsquared.com" "Mozilla/5.0 (Windows NT 10.0; Win64; x64) AppleWebKit/537.36 (KHTML, like Gecko) Chrome/69.0.3497.100 Safari/537.36"
107.172.64.211 - - [06/Apr/2019:17:23:22 -0700] "GET /img/mixman/10.jpg HTTP/1.0" 200 114974 "http://rndsquared.com" "Mozilla/5.0 (Windows NT 10.0; Win64; x64) AppleWebKit/537.36 (KHTML, like Gecko) Chrome/69.0.3497.100 Safari/537.36"
107.172.64.211 - - [06/Apr/2019:17:23:23 -0700] "GET /img/mixman/9.jpg HTTP/1.0" 200 141085 "http://rndsquared.com" "Mozilla/5.0 (Windows NT 10.0; Win64; x64) AppleWebKit/537.36 (KHTML, like Gecko) Chrome/69.0.3497.100 Safari/537.36"
107.172.64.211 - - [06/Apr/2019:17:23:23 -0700] "GET /img/mixman/8.jpg HTTP/1.0" 200 120259 "http://rndsquared.com" "Mozilla/5.0 (Windows NT 10.0; Win64; x64) AppleWebKit/537.36 (KHTML, like Gecko) Chrome/69.0.3497.100 Safari/537.36"
107.172.64.211 - - [06/Apr/2019:17:23:24 -0700] "GET /img/mixman/7.jpg HTTP/1.0" 200 107323 "http://rndsquared.com" "Mozilla/5.0 (Windows NT 10.0; Win64; x64) AppleWebKit/537.36 (KHTML, like Gecko) Chrome/69.0.3497.100 Safari/537.36"
107.172.64.211 - - [06/Apr/2019:17:23:24 -0700] "GET /img/mixman/6.jpg HTTP/1.0" 200 105501 "http://rndsquared.com" "Mozilla/5.0 (Windows NT 10.0; Win64; x64) AppleWebKit/537.36 (KHTML, like Gecko) Chrome/69.0.3497.100 Safari/537.36"
107.172.64.211 - - [06/Apr/2019:17:23:25 -0700] "GET /img/mixman/5.jpg HTTP/1.0" 200 86490 "http://rndsquared.com" "Mozilla/5.0 (Windows NT 10.0; Win64; x64) AppleWebKit/537.36 (KHTML, like Gecko) Chrome/69.0.3497.100 Safari/537.36"
107.172.64.211 - - [06/Apr/2019:17:23:26 -0700] "GET /img/mixman/4.jpg HTTP/1.0" 200 135099 "http://rndsquared.com" "Mozilla/5.0 (Windows NT 10.0; Win64; x64) AppleWebKit/537.36 (KHTML, like Gecko) Chrome/69.0.3497.100 Safari/537.36"
107.172.64.211 - - [06/Apr/2019:17:23:26 -0700] "GET /img/mixman/3.jpg HTTP/1.0" 200 114734 "http://rndsquared.com" "Mozilla/5.0 (Windows NT 10.0; Win64; x64) AppleWebKit/537.36 (KHTML, like Gecko) Chrome/69.0.3497.100 Safari/537.36"
107.172.64.211 - - [06/Apr/2019:17:23:27 -0700] "GET /img/mixman/2.jpg HTTP/1.0" 200 80932 "http://rndsquared.com" "Mozilla/5.0 (Windows NT 10.0; Win64; x64) AppleWebKit/537.36 (KHTML, like Gecko) Chrome/69.0.3497.100 Safari/537.36"
107.172.64.211 - - [06/Apr/2019:17:23:27 -0700] "GET /img/mixman/1.jpg HTTP/1.0" 200 146374 "http://rndsquared.com" "Mozilla/5.0 (Windows NT 10.0; Win64; x64) AppleWebKit/537.36 (KHTML, like Gecko) Chrome/69.0.3497.100 Safari/537.36"
107.172.64.211 - - [06/Apr/2019:17:23:28 -0700] "GET / HTTP/1.0" 200 17429 "http://rndsquared.com" "Mozilla/5.0 (Windows NT 10.0; Win64; x64) AppleWebKit/537.36 (KHTML, like Gecko) Chrome/69.0.3497.100 Safari/537.36"
107.172.64.211 - - [06/Apr/2019:17:23:29 -0700] "GET /?name=Katherine+Brown&email=analyzung%40yahoo.com&weJHlkUY=analyzung%40yahoo.com&message=After+landing+on+your+homepage%2C+I+must+say+its+a+pretty+stunning+site.++%3A%29+%0D%0A%0D%0AHave+you+ever+found+it+challenging+to+obtain+a+lot+of+people+to+your+site%3F++%0D%0A%0D%0ADiscover+how+we+can+send+you+guaranteed+visitors+that+are+interested+in+your+niche.++%0D%0A%0D%0Ahttps%3A%2F%2Fbestsitetraffic.icu%2Fup%3F%3Drndsquared.com%0D%0A%0D%0AIf+you+check+out+the+trial+we+would+love+to+hear+what+you+think.++%0D%0A%0D%0AKatherine%0D%0ATraffic+Speacilist%0D%0AChoice+Traffic%0D%0A%0D%0A%0D%0A%0D%0A%0D%0A%0D%0A361+Southwest+Dr+ste+%23731+Jonesboro%2C+AR+72401%0D%0A%0D%0AIf+this+message+isn%27t+right+for+you%2C+you+can+avoid+future+messages+here%3A++https%3A%2F%2Fbestsitetraffic.icu%2Funsubscribe.php%3Fsite%3Drndsquared.com%0D%0A%0D%0A%0D%0A%0D%0A&submit= HTTP/1.0" 200 17429 "http://rndsquared.com" "Mozilla/5.0 (Windows NT 10.0; Win64; x64) AppleWebKit/537.36 (KHTML, like Gecko) Chrome/69.0.3497.100 Safari/537.36"
216.244.66.197 - - [06/Apr/2019:17:40:27 -0700] "GET /img/urban-cowgirl/4.jpg HTTP/1.1" 200 103819 "-" "Mozilla/5.0 (compatible; DotBot/1.1; http://www.opensiteexplorer.org/dotbot, help@moz.com)"
199.249.230.66 - - [06/Apr/2019:18:20:15 -0700] "GET / HTTP/1.1" 200 17429 "-" "Mozilla/5.0 (Windows NT 10.0; WOW64; Trident/7.0; rv:11.0) like Gecko"
199.249.230.66 - - [06/Apr/2019:18:20:15 -0700] "GET /?name=5ca9505e8984f&email=shellird3%40gmail.com&weJHlkUY=shellird3%40gmail.com&message=& HTTP/1.1" 200 17429 "http://rndsquared.com/" "Mozilla/5.0 (Windows NT 10.0; WOW64; Trident/7.0; rv:11.0) like Gecko"
66.249.69.198 - - [06/Apr/2019:18:36:02 -0700] "GET /img/mixman/6.jpg HTTP/1.1" 304 - "-" "Googlebot-Image/1.0"
216.244.66.197 - - [06/Apr/2019:18:51:54 -0700] "GET /robots.txt HTTP/1.1" 404 208 "-" "Mozilla/5.0 (compatible; DotBot/1.1; http://www.opensiteexplorer.org/dotbot, help@moz.com)"
216.244.66.197 - - [06/Apr/2019:19:34:52 -0700] "GET /img/luminous/luminousOcto.png HTTP/1.1" 200 1186596 "-" "Mozilla/5.0 (compatible; DotBot/1.1; http://www.opensiteexplorer.org/dotbot, help@moz.com)"
157.55.39.146 - - [06/Apr/2019:19:36:24 -0700] "GET / HTTP/1.1" 200 17429 "-" "Mozilla/5.0 (compatible; bingbot/2.0; +http://www.bing.com/bingbot.htm)"
66.249.69.192 - - [06/Apr/2019:19:46:03 -0700] "GET /img/urban-cowgirl/thumbs/6.jpg HTTP/1.1" 304 - "-" "Googlebot-Image/1.0"
66.249.69.195 - - [06/Apr/2019:19:46:04 -0700] "GET /img/mixman/thumbs/16.jpg HTTP/1.1" 304 - "-" "Googlebot-Image/1.0"
66.249.69.195 - - [06/Apr/2019:19:56:13 -0700] "GET /img/mixman/9.jpg HTTP/1.1" 304 - "-" "Googlebot-Image/1.0"
66.249.69.198 - - [06/Apr/2019:19:56:16 -0700] "GET /img/sfnoir/thumbs/6.jpg HTTP/1.1" 304 - "-" "Googlebot-Image/1.0"
66.249.69.195 - - [06/Apr/2019:19:59:06 -0700] "GET /img/mixman/thumbs/5.jpg HTTP/1.1" 304 - "-" "Googlebot-Image/1.0"
185.220.101.54 - - [06/Apr/2019:20:02:29 -0700] "GET / HTTP/1.1" 200 17429 "-" "Mozilla/5.0 (X11; Linux x86_64; rv:45.0) Gecko/20100101 Thunderbird/45.3.0"
185.220.101.54 - - [06/Apr/2019:20:02:31 -0700] "GET /?name=5ca9684f8817b&email=caligirlkel%40aol.com&weJHlkUY=caligirlkel%40aol.com&message=& HTTP/1.1" 200 17429 "http://rndsquared.com/" "Mozilla/5.0 (X11; Linux x86_64; rv:45.0) Gecko/20100101 Thunderbird/45.3.0"
66.249.69.195 - - [06/Apr/2019:20:06:25 -0700] "GET /img/wu-wei/thumbs/5.jpg HTTP/1.1" 304 - "-" "Googlebot-Image/1.0"
66.249.69.195 - - [06/Apr/2019:20:06:26 -0700] "GET /img/wu-wei/thumbs/3.jpg HTTP/1.1" 304 - "-" "Googlebot-Image/1.0"
66.249.69.192 - - [06/Apr/2019:20:16:41 -0700] "GET /img/oncekids-fujimini/thumbs/1.jpg HTTP/1.1" 304 - "-" "Googlebot-Image/1.0"
66.249.69.192 - - [06/Apr/2019:20:16:42 -0700] "GET /img/wu-wei/thumbs/8.jpg HTTP/1.1" 304 - "-" "Googlebot-Image/1.0"
52.53.201.78 - - [06/Apr/2019:20:19:04 -0700] "GET / HTTP/1.1" 200 17429 "-" "Mozilla/5.0 (Macintosh; Intel Mac OS X 10_12_6) AppleWebKit/537.36 (KHTML, like Gecko) Chrome/61.0.3163.100 Safari/537.36"
66.249.69.192 - - [06/Apr/2019:20:19:33 -0700] "GET /img/njn/thumbs/2.jpg HTTP/1.1" 304 - "-" "Googlebot-Image/1.0"
66.249.69.198 - - [06/Apr/2019:20:26:53 -0700] "GET /img/bs4w/thumbs/7.jpg HTTP/1.1" 304 - "-" "Googlebot-Image/1.0"
66.249.69.192 - - [06/Apr/2019:20:26:54 -0700] "GET /img/mixman/1.jpg HTTP/1.1" 304 - "-" "Googlebot-Image/1.0"
66.102.6.3 - - [06/Apr/2019:20:39:04 -0700] "GET /img/autumn/thumbs/1.jpg HTTP/1.1" 200 24768 "https://www.google.com.mx/" "Mozilla/5.0 (Linux; Android 8.1.0; Moto Z3 Play) AppleWebKit/537.36 (KHTML, like Gecko) Chrome/73.0.3683.75 Mobile Safari/537.36"
172.15.83.171 - - [06/Apr/2019:20:53:19 -0700] "GET /img/autumn/thumbs/1.jpg HTTP/1.1" 200 24768 "https://www.google.com/" "Mozilla/5.0 (Linux; Android 8.0.0; SM-N950U) AppleWebKit/537.36 (KHTML, like Gecko) Chrome/73.0.3683.90 Mobile Safari/537.36"
66.249.69.192 - - [06/Apr/2019:21:37:26 -0700] "GET /img/mixman/4.jpg HTTP/1.1" 304 - "-" "Googlebot-Image/1.0"
66.249.69.198 - - [06/Apr/2019:21:37:27 -0700] "GET /img/wu-wei/thumbs/9.jpg HTTP/1.1" 304 - "-" "Googlebot-Image/1.0"
193.106.30.98 - - [06/Apr/2019:21:39:28 -0700] "POST /wp-conde.php HTTP/1.1" 404 210 "-" "Mozilla/5.0 (Windows NT 6.1; rv:34.0) Gecko/20100101 Firefox/34.0"
66.249.69.195 - - [06/Apr/2019:21:47:33 -0700] "GET /img/urban-cowgirl/thumbs/4.jpg HTTP/1.1" 304 - "-" "Googlebot-Image/1.0"
66.249.69.195 - - [06/Apr/2019:21:47:36 -0700] "GET /img/wu-wei/thumbs/2.jpg HTTP/1.1" 304 - "-" "Googlebot-Image/1.0"
66.249.69.198 - - [06/Apr/2019:21:50:23 -0700] "GET /img/oncekids-fujimini/thumbs/7.jpg HTTP/1.1" 304 - "-" "Googlebot-Image/1.0"
66.249.69.195 - - [06/Apr/2019:21:58:01 -0700] "GET /img/urban-cowgirl/thumbs/5.jpg HTTP/1.1" 304 - "-" "Googlebot-Image/1.0"
66.249.69.195 - - [06/Apr/2019:21:58:03 -0700] "GET /img/bs4w/thumbs/6.jpg HTTP/1.1" 304 - "-" "Googlebot-Image/1.0"
66.249.69.195 - - [06/Apr/2019:22:00:47 -0700] "GET /img/njn/thumbs/3.jpg HTTP/1.1" 304 - "-" "Googlebot-Image/1.0"
66.249.69.195 - - [06/Apr/2019:22:00:47 -0700] "GET /robots.txt HTTP/1.1" 404 208 "-" "Mozilla/5.0 (compatible; Googlebot/2.1; +http://www.google.com/bot.html)"
66.249.69.195 - - [06/Apr/2019:22:08:06 -0700] "GET /img/mixman/10.jpg HTTP/1.1" 304 - "-" "Googlebot-Image/1.0"
66.249.69.195 - - [06/Apr/2019:22:08:36 -0700] "GET /img/mixman/16.jpg HTTP/1.1" 304 - "-" "Googlebot-Image/1.0"
66.249.69.195 - - [06/Apr/2019:22:10:55 -0700] "GET /img/autumn/thumbs/8.jpg HTTP/1.1" 304 - "-" "Googlebot-Image/1.0"
193.106.30.98 - - [06/Apr/2019:22:14:15 -0700] "POST /wp-conde.php HTTP/1.1" 404 210 "-" "Mozilla/5.0 (Windows NT 6.1; rv:34.0) Gecko/20100101 Firefox/34.0"
66.249.69.195 - - [06/Apr/2019:22:18:26 -0700] "GET /img/urban-cowgirl/3.jpg HTTP/1.1" 304 - "-" "Googlebot-Image/1.0"
66.249.69.192 - - [06/Apr/2019:22:23:20 -0700] "GET /img/autumn/thumbs/2.jpg HTTP/1.1" 304 - "-" "Googlebot-Image/1.0"
66.249.69.192 - - [06/Apr/2019:22:28:03 -0700] "GET /img/mixman/17.jpg HTTP/1.1" 304 - "-" "Googlebot-Image/1.0"
66.249.69.195 - - [06/Apr/2019:22:28:04 -0700] "GET /img/mixman/7.jpg HTTP/1.1" 304 - "-" "Googlebot-Image/1.0"
34.219.0.102 - - [06/Apr/2019:22:29:02 -0700] "GET / HTTP/1.1" 200 17429 "-" "Go-http-client/1.1"
66.249.69.192 - - [06/Apr/2019:22:38:22 -0700] "GET /img/mixman/thumbs/7.jpg HTTP/1.1" 304 - "-" "Googlebot-Image/1.0"
66.249.69.198 - - [06/Apr/2019:22:38:23 -0700] "GET /img/mixman/19.jpg HTTP/1.1" 304 - "-" "Googlebot-Image/1.0"
66.249.69.195 - - [06/Apr/2019:22:41:12 -0700] "GET /img/mixman/thumbs/3.jpg HTTP/1.1" 304 - "-" "Googlebot-Image/1.0"
37.187.129.166 - - [06/Apr/2019:22:47:39 -0700] "GET / HTTP/1.1" 200 17429 "-" "Mozilla/5.0 (Windows NT 10.0; WOW64; rv:59.0) Gecko/20100101 Firefox/59.0"
109.70.100.22 - - [06/Apr/2019:22:47:41 -0700] "GET /?name=5ca98f054fc82&email=duckshark599%40gmail.com&weJHlkUY=duckshark599%40gmail.com&message=& HTTP/1.1" 200 17429 "http://rndsquared.com/" "Mozilla/5.0 (Windows NT 10.0; WOW64; rv:59.0) Gecko/20100101 Firefox/59.0"
66.249.69.198 - - [06/Apr/2019:22:48:40 -0700] "GET /img/oncekids-fujimini/thumbs/4.jpg HTTP/1.1" 304 - "-" "Googlebot-Image/1.0"
66.249.69.195 - - [06/Apr/2019:22:48:41 -0700] "GET /img/urban-cowgirl/thumbs/2.jpg HTTP/1.1" 304 - "-" "Googlebot-Image/1.0"
66.249.69.198 - - [06/Apr/2019:22:55:43 -0700] "GET /tnntkphs.html HTTP/1.1" 404 211 "-" "Mozilla/5.0 (compatible; Googlebot/2.1; +http://www.google.com/bot.html)"
66.249.69.198 - - [06/Apr/2019:22:59:17 -0700] "GET /img/autumn/thumbs/3.jpg HTTP/1.1" 304 - "-" "Googlebot-Image/1.0"
66.249.69.195 - - [06/Apr/2019:22:59:18 -0700] "GET /img/bs4w/thumbs/2.jpg HTTP/1.1" 304 - "-" "Googlebot-Image/1.0"
66.249.69.192 - - [06/Apr/2019:23:08:58 -0700] "GET /img/autumn/thumbs/6.jpg HTTP/1.1" 304 - "-" "Googlebot-Image/1.0"
66.249.69.198 - - [06/Apr/2019:23:08:59 -0700] "GET /img/bs4w/thumbs/3.jpg HTTP/1.1" 304 - "-" "Googlebot-Image/1.0"
73.231.164.56 - - [06/Apr/2019:23:10:49 -0700] "GET /favicon.ico HTTP/1.1" 404 209 "-" "Mozilla/5.0 (iPad; CPU OS 12_2 like Mac OS X) AppleWebKit/605.1.15 (KHTML, like Gecko) FxiOS/15.1b14275 Mobile/15E148 Safari/605.1.15"
107.128.114.209 - - [06/Apr/2019:23:14:48 -0700] "GET /img/autumn/thumbs/1.jpg HTTP/1.1" 200 24768 "https://www.google.com/" "Mozilla/5.0 (iPhone; CPU iPhone OS 12_1_4 like Mac OS X) AppleWebKit/605.1.15 (KHTML, like Gecko) Version/12.0 Mobile/15E148 Safari/604.1"
66.249.69.198 - - [06/Apr/2019:23:19:01 -0700] "GET /img/bs4w/thumbs/5.jpg HTTP/1.1" 304 - "-" "Googlebot-Image/1.0"
66.249.69.198 - - [06/Apr/2019:23:19:02 -0700] "GET /img/mixman/3.jpg HTTP/1.1" 304 - "-" "Googlebot-Image/1.0"
66.249.69.192 - - [06/Apr/2019:23:21:53 -0700] "GET /img/mixman/thumbs/13.jpg HTTP/1.1" 304 - "-" "Googlebot-Image/1.0"
66.249.69.198 - - [06/Apr/2019:23:29:01 -0700] "GET /img/sfnoir/thumbs/3.jpg HTTP/1.1" 304 - "-" "Googlebot-Image/1.0"
66.249.69.195 - - [06/Apr/2019:23:29:06 -0700] "GET /img/njn/thumbs/5.jpg HTTP/1.1" 304 - "-" "Googlebot-Image/1.0"
66.249.69.195 - - [06/Apr/2019:23:38:54 -0700] "GET /img/sfnoir/thumbs/2.jpg HTTP/1.1" 304 - "-" "Googlebot-Image/1.0"
66.249.69.192 - - [06/Apr/2019:23:38:55 -0700] "GET /img/urban-cowgirl/thumbs/1.jpg HTTP/1.1" 304 - "-" "Googlebot-Image/1.0"
180.76.15.148 - - [06/Apr/2019:23:39:47 -0700] "GET /css/bootstrap.min.css HTTP/1.1" 200 11249 "-" "Mozilla/5.0 (compatible; Baiduspider/2.0; +http://www.baidu.com/search/spider.html)"
180.76.15.138 - - [07/Apr/2019:00:01:12 -0700] "GET /css/bootstrap.min.css HTTP/1.1" 200 11249 "-" "Mozilla/5.0 (compatible; Baiduspider/2.0; +http://www.baidu.com/search/spider.html)"
66.249.69.192 - - [07/Apr/2019:00:31:51 -0700] "GET / HTTP/1.1" 200 17429 "-" "Mozilla/5.0 (compatible; Googlebot/2.1; +http://www.google.com/bot.html)"
66.249.69.192 - - [07/Apr/2019:00:31:57 -0700] "GET /favicon.ico HTTP/1.1" 404 209 "-" "Googlebot-Image/1.0"
64.62.252.174 - - [07/Apr/2019:01:06:52 -0700] "GET /robots.txt HTTP/1.1" 404 208 "-" "The Knowledge AI"
64.62.252.174 - - [07/Apr/2019:01:06:52 -0700] "GET / HTTP/1.1" 200 17429 "-" "The Knowledge AI"
94.156.189.46 - - [07/Apr/2019:03:06:29 -0700] "GET / HTTP/1.1" 200 17429 "-" "-"
66.249.69.192 - - [07/Apr/2019:04:59:53 -0700] "GET /img/sfnoir/thumbs/6.jpg HTTP/1.1" 304 - "-" "Googlebot-Image/1.0"
66.249.69.198 - - [07/Apr/2019:05:02:36 -0700] "GET /img/wu-wei/thumbs/3.jpg HTTP/1.1" 304 - "-" "Googlebot-Image/1.0"
66.249.69.195 - - [07/Apr/2019:05:13:19 -0700] "GET / HTTP/1.1" 200 17429 "-" "Mozilla/5.0 (Linux; Android 6.0.1; Nexus 5X Build/MMB29P) AppleWebKit/537.36 (KHTML, like Gecko) Chrome/41.0.2272.96 Mobile Safari/537.36 (compatible; Googlebot/2.1; +http://www.google.com/bot.html)"
66.249.75.32 - - [07/Apr/2019:05:13:24 -0700] "GET /robots.txt HTTP/1.1" 404 208 "-" "Mozilla/5.0 (compatible; Googlebot/2.1; +http://www.google.com/bot.html)"
66.249.75.32 - - [07/Apr/2019:05:13:24 -0700] "GET /js/modernizr.js HTTP/1.1" 200 5933 "http://rndsquared.com/" "Mozilla/5.0 (Linux; Android 6.0.1; Nexus 5X Build/MMB29P) AppleWebKit/537.36 (KHTML, like Gecko) Chrome/41.0.2272.96 Mobile Safari/537.36 (compatible; Googlebot/2.1; +http://www.google.com/bot.html)"
66.249.69.195 - - [07/Apr/2019:05:13:34 -0700] "GET /js/lightbox.js HTTP/1.1" 200 4210 "http://rndsquared.com/" "Mozilla/5.0 (Linux; Android 6.0.1; Nexus 5X Build/MMB29P) AppleWebKit/537.36 (KHTML, like Gecko) Chrome/41.0.2272.96 Mobile Safari/537.36 (compatible; Googlebot/2.1; +http://www.google.com/bot.html)"
66.249.69.195 - - [07/Apr/2019:06:20:04 -0700] "GET /img/mixman/1.jpg HTTP/1.1" 304 - "-" "Googlebot-Image/1.0"
66.249.69.195 - - [07/Apr/2019:06:20:05 -0700] "GET /img/njn/thumbs/2.jpg HTTP/1.1" 304 - "-" "Googlebot-Image/1.0"
54.36.148.12 - - [07/Apr/2019:06:24:53 -0700] "GET /img/oncekids-fujimini/1.jpg HTTP/1.1" 200 109257 "-" "Mozilla/5.0 (compatible; AhrefsBot/6.1; +http://ahrefs.com/robot/)"
66.249.69.198 - - [07/Apr/2019:06:30:24 -0700] "GET /img/bs4w/thumbs/7.jpg HTTP/1.1" 304 - "-" "Googlebot-Image/1.0"
207.46.13.9 - - [07/Apr/2019:06:54:50 -0700] "GET / HTTP/1.1" 200 17429 "-" "Mozilla/5.0 (compatible; bingbot/2.0; +http://www.bing.com/bingbot.htm)"
64.62.252.162 - - [07/Apr/2019:06:58:13 -0700] "GET /robots.txt HTTP/1.1" 404 208 "-" "The Knowledge AI"
64.62.252.162 - - [07/Apr/2019:06:58:13 -0700] "GET / HTTP/1.1" 200 17429 "-" "The Knowledge AI"
66.249.69.195 - - [07/Apr/2019:07:10:31 -0700] "GET /img/urban-cowgirl/thumbs/4.jpg HTTP/1.1" 304 - "-" "Googlebot-Image/1.0"
66.249.69.195 - - [07/Apr/2019:07:10:33 -0700] "GET /img/wu-wei/thumbs/9.jpg HTTP/1.1" 304 - "-" "Googlebot-Image/1.0"
66.249.75.38 - - [07/Apr/2019:07:55:54 -0700] "GET / HTTP/1.1" 200 17429 "-" "Mozilla/5.0 (compatible; Googlebot/2.1; +http://www.google.com/bot.html)"
199.249.230.86 - - [07/Apr/2019:08:03:15 -0700] "GET / HTTP/1.1" 200 17429 "-" "Mozilla/5.0 (Windows NT 6.1; Win64; x64) AppleWebKit/537.36 (KHTML, like Gecko) Chrome/42.0.2311.135 Safari/537.36 Edge/12.10240"
199.249.230.86 - - [07/Apr/2019:08:03:16 -0700] "GET /?name=5caa1142c98c7&email=wassell.karen%40gmail.com&weJHlkUY=wassell.karen%40gmail.com&message=& HTTP/1.1" 200 17429 "http://rndsquared.com/" "Mozilla/5.0 (Windows NT 6.1; Win64; x64) AppleWebKit/537.36 (KHTML, like Gecko) Chrome/42.0.2311.135 Safari/537.36 Edge/12.10240"
216.244.66.197 - - [07/Apr/2019:08:27:46 -0700] "GET /robots.txt HTTP/1.1" 404 208 "-" "Mozilla/5.0 (compatible; DotBot/1.1; http://www.opensiteexplorer.org/dotbot, help@moz.com)"
198.98.50.201 - - [07/Apr/2019:08:40:06 -0700] "GET / HTTP/1.1" 200 17429 "-" "Mozilla/5.0 (Windows NT 5.1; Win64; x64) AppleWebKit/537.36 (KHTML, like Gecko) Chrome/52.0.2743.116 Safari/537.36 Edge/15.15063"
198.98.50.201 - - [07/Apr/2019:08:40:07 -0700] "GET /?name=5caa19e31243a&email=cfreyguy%40yahoo.com&weJHlkUY=cfreyguy%40yahoo.com&message=& HTTP/1.1" 200 17429 "http://rndsquared.com/" "Mozilla/5.0 (Windows NT 5.1; Win64; x64) AppleWebKit/537.36 (KHTML, like Gecko) Chrome/52.0.2743.116 Safari/537.36 Edge/15.15063"
185.130.184.208 - - [07/Apr/2019:08:59:30 -0700] "GET / HTTP/1.0" 200 79394 "http://rndsquared.com/" "Mozilla/5.0 (Windows NT 6.1; Win64; x64) AppleWebKit/537.36 (KHTML, like Gecko) Chrome/67.0.3396.87 Safari/537.36 OPR/54.0.2952.64"
185.130.184.208 - - [07/Apr/2019:08:59:31 -0700] "POST / HTTP/1.0" 200 79394 "http://rndsquared.com/" "Mozilla/5.0 (Windows NT 6.1; Win64; x64) AppleWebKit/537.36 (KHTML, like Gecko) Chrome/67.0.3396.87 Safari/537.36 OPR/54.0.2952.64"
216.244.66.197 - - [07/Apr/2019:09:07:23 -0700] "GET /img/luminous/luminousVideo.png HTTP/1.1" 200 952978 "-" "Mozilla/5.0 (compatible; DotBot/1.1; http://www.opensiteexplorer.org/dotbot, help@moz.com)"
35.231.84.26 - - [07/Apr/2019:10:15:30 -0700] "GET /robots.txt HTTP/1.0" 404 208 "-" "ZoominfoBot (zoominfobot at zoominfo dot com)"
35.231.84.26 - - [07/Apr/2019:10:15:30 -0700] "GET / HTTP/1.0" 200 17429 "-" "ZoominfoBot (zoominfobot at zoominfo dot com)"
35.231.84.26 - - [07/Apr/2019:10:16:56 -0700] "GET /robots.txt HTTP/1.0" 404 208 "-" "ZoominfoBot (zoominfobot at zoominfo dot com)"
35.231.84.26 - - [07/Apr/2019:10:16:57 -0700] "GET / HTTP/1.0" 200 17429 "-" "ZoominfoBot (zoominfobot at zoominfo dot com)"
198.37.112.5 - - [07/Apr/2019:11:07:12 -0700] "GET / HTTP/1.1" 200 17429 "-" "Mozilla/5.0 (Macintosh; Intel Mac OS X 10.8; rv:45.0) Gecko/20100101 Firefox/45.0"
198.37.112.5 - - [07/Apr/2019:11:07:13 -0700] "GET /robots.txt HTTP/1.1" 404 208 "-" "Mozilla/5.0 (X11; Ubuntu; Linux i686 on x86_64) AppleWebKit/537.36 (KHTML, like Gecko) Chrome/56.0.2978.49 Safari/537.36"
198.37.112.5 - - [07/Apr/2019:11:07:13 -0700] "GET / HTTP/1.1" 200 17429 "-" "Mozilla/5.0 (Windows NT 6.3; Win64; x64) AppleWebKit/537.36 (KHTML, like Gecko) Chrome/56.0.2984.47 Safari/537.36"
198.37.112.5 - - [07/Apr/2019:11:07:15 -0700] "GET /robots.txt HTTP/1.1" 404 208 "-" "Mozilla/5.0 (X11; Ubuntu; Linux i686; rv:45.0) Gecko/20100101 Firefox/45.0"
73.231.164.56 - - [07/Apr/2019:12:00:22 -0700] "GET /favicon.ico HTTP/1.1" 404 209 "-" "Mozilla/5.0 (iPad; CPU OS 12_2 like Mac OS X) AppleWebKit/605.1.15 (KHTML, like Gecko) FxiOS/15.1b14275 Mobile/15E148 Safari/605.1.15"
192.42.116.23 - - [07/Apr/2019:13:35:56 -0700] "GET / HTTP/1.1" 200 17429 "-" "Mozilla/5.0 (Macintosh; Intel Mac OS X 10_12_3) AppleWebKit/602.4.8 (KHTML, like Gecko) Version/10.0.3 Safari/602.4.8"
192.42.116.23 - - [07/Apr/2019:13:35:57 -0700] "GET /?name=5caa5f39105a5&email=ktmosby%40yahoo.com&weJHlkUY=ktmosby%40yahoo.com&message=& HTTP/1.1" 200 17429 "http://rndsquared.com/" "Mozilla/5.0 (Macintosh; Intel Mac OS X 10_12_3) AppleWebKit/602.4.8 (KHTML, like Gecko) Version/10.0.3 Safari/602.4.8"
73.231.164.56 - - [07/Apr/2019:14:47:27 -0700] "GET /favicon.ico HTTP/1.1" 404 209 "-" "Mozilla/5.0 (iPad; CPU OS 12_2 like Mac OS X) AppleWebKit/605.1.15 (KHTML, like Gecko) FxiOS/15.1b14275 Mobile/15E148 Safari/605.1.15"
82.151.193.198 - - [07/Apr/2019:15:35:24 -0700] "GET / HTTP/1.1" 200 17429 "-" "Mozilla/5.0 (Windows NT 10.0; Win64; x64; rv:57.0) Gecko/20100101 Firefox/57.0"
82.151.193.198 - - [07/Apr/2019:15:35:25 -0700] "GET /?name=5caa7b39d39ec&email=bestbuy33%40aol.com&weJHlkUY=bestbuy33%40aol.com&message=& HTTP/1.1" 200 17429 "http://rndsquared.com/" "Mozilla/5.0 (Windows NT 10.0; Win64; x64; rv:57.0) Gecko/20100101 Firefox/57.0"
109.70.100.18 - - [07/Apr/2019:15:54:10 -0700] "GET / HTTP/1.1" 200 17429 "-" "Mozilla/5.0 (Windows NT 6.1; Win64; x64) AppleWebKit/537.36 (KHTML, like Gecko) Chrome/66.0.3359.117 Safari/537.36"
109.70.100.18 - - [07/Apr/2019:15:54:11 -0700] "GET /?name=5caa7f9f82921&email=tbrown3793%40aol.com&weJHlkUY=tbrown3793%40aol.com&message=& HTTP/1.1" 200 17429 "http://rndsquared.com/" "Mozilla/5.0 (Windows NT 6.1; Win64; x64) AppleWebKit/537.36 (KHTML, like Gecko) Chrome/66.0.3359.117 Safari/537.36"
180.76.15.21 - - [07/Apr/2019:16:57:06 -0700] "GET / HTTP/1.1" 200 17429 "-" "Mozilla/5.0 (compatible; Baiduspider/2.0; +http://www.baidu.com/search/spider.html)"
95.216.145.1 - - [07/Apr/2019:17:34:53 -0700] "GET / HTTP/1.1" 200 17429 "-" "Mozilla/5.0 (Macintosh; Intel Mac OS X 10_11_5) AppleWebKit/601.6.17 (KHTML, like Gecko) Version/9.1.1 Safari/601.6.17"
95.216.145.1 - - [07/Apr/2019:17:34:54 -0700] "GET /?name=5caa973f51721&email=qaljd123%40gmail.com&weJHlkUY=qaljd123%40gmail.com&message=& HTTP/1.1" 200 17429 "http://rndsquared.com/" "Mozilla/5.0 (Macintosh; Intel Mac OS X 10_11_5) AppleWebKit/601.6.17 (KHTML, like Gecko) Version/9.1.1 Safari/601.6.17"
185.172.110.74 - - [07/Apr/2019:17:53:40 -0700] "HEAD /.env HTTP/1.1" 404 - "-" "Mozilla/5.0 (X11; Linux x86_64; rv:62.0) Gecko/20100101 Firefox/62.0"
185.172.110.74 - - [07/Apr/2019:17:53:46 -0700] "HEAD /.git/config HTTP/1.1" 404 - "-" "Mozilla/5.0 (X11; Linux x86_64; rv:62.0) Gecko/20100101 Firefox/62.0"
180.76.15.34 - - [07/Apr/2019:18:55:44 -0700] "GET /js/scripts.js HTTP/1.1" 200 1227 "-" "Mozilla/5.0 (compatible; Baiduspider/2.0; +http://www.baidu.com/search/spider.html)"
185.234.218.101 - - [07/Apr/2019:18:59:02 -0700] "GET /wp-login.php HTTP/1.1" 404 210 "http://rndsquared.com/wp-login.php" "Mozilla/4.0 (compatible; MSIE 9.0; Windows NT 6.1; 125LA; .NET CLR 2.0.50727; .NET CLR 3.0.04506.648; .NET CLR 3.5.21022)"
185.234.218.101 - - [07/Apr/2019:18:59:02 -0700] "GET /wp-login.php HTTP/1.1" 404 210 "http://rndsquared.com/wp-login.php" "Mozilla/4.0 (compatible; MSIE 9.0; Windows NT 6.1; 125LA; .NET CLR 2.0.50727; .NET CLR 3.0.04506.648; .NET CLR 3.5.21022)"
54.39.148.234 - - [07/Apr/2019:19:08:56 -0700] "GET / HTTP/1.1" 200 17429 "-" "Mozilla/5.0 (Windows NT 10.0; WOW64) AppleWebKit/537.36 (KHTML, like Gecko) Chrome/52.0.2743.116 Safari/537.36"
54.39.148.234 - - [07/Apr/2019:19:08:57 -0700] "GET /?name=5caaad4d5542b&email=truiz805%40gmail.com&weJHlkUY=truiz805%40gmail.com&message=& HTTP/1.1" 200 17429 "http://rndsquared.com/" "Mozilla/5.0 (Windows NT 10.0; WOW64) AppleWebKit/537.36 (KHTML, like Gecko) Chrome/52.0.2743.116 Safari/537.36"
66.249.69.198 - - [07/Apr/2019:19:11:51 -0700] "GET /robots.txt HTTP/1.1" 404 208 "-" "Mozilla/5.0 (compatible; Googlebot/2.1; +http://www.google.com/bot.html)"
66.249.69.192 - - [07/Apr/2019:19:11:51 -0700] "GET / HTTP/1.1" 200 17429 "-" "Mozilla/5.0 (Linux; Android 6.0.1; Nexus 5X Build/MMB29P) AppleWebKit/537.36 (KHTML, like Gecko) Chrome/41.0.2272.96 Mobile Safari/537.36 (compatible; Googlebot/2.1; +http://www.google.com/bot.html)"
66.249.69.192 - - [07/Apr/2019:19:11:53 -0700] "GET /css/bootstrap.min.css HTTP/1.1" 200 11249 "http://rndsquared.com/" "Mozilla/5.0 (Linux; Android 6.0.1; Nexus 5X Build/MMB29P) AppleWebKit/537.36 (KHTML, like Gecko) Chrome/41.0.2272.96 Mobile Safari/537.36 (compatible; Googlebot/2.1; +http://www.google.com/bot.html)"
66.249.75.38 - - [07/Apr/2019:19:11:53 -0700] "GET /robots.txt HTTP/1.1" 404 208 "-" "Mozilla/5.0 (compatible; Googlebot/2.1; +http://www.google.com/bot.html)"
66.249.75.35 - - [07/Apr/2019:19:11:54 -0700] "GET /js/modernizr.js HTTP/1.1" 200 5933 "http://rndsquared.com/" "Mozilla/5.0 (Linux; Android 6.0.1; Nexus 5X Build/MMB29P) AppleWebKit/537.36 (KHTML, like Gecko) Chrome/41.0.2272.96 Mobile Safari/537.36 (compatible; Googlebot/2.1; +http://www.google.com/bot.html)"
66.249.69.198 - - [07/Apr/2019:19:11:54 -0700] "GET /js/lightbox.js HTTP/1.1" 200 4210 "http://rndsquared.com/" "Mozilla/5.0 (Linux; Android 6.0.1; Nexus 5X Build/MMB29P) AppleWebKit/537.36 (KHTML, like Gecko) Chrome/41.0.2272.96 Mobile Safari/537.36 (compatible; Googlebot/2.1; +http://www.google.com/bot.html)"
66.249.69.195 - - [07/Apr/2019:19:11:58 -0700] "GET /favicon.ico HTTP/1.1" 404 209 "-" "Googlebot-Image/1.0"
185.220.102.4 - - [07/Apr/2019:19:13:22 -0700] "GET / HTTP/1.1" 200 17429 "-" "Mozilla/5.0 (Windows NT 6.1) AppleWebKit/537.36 (KHTML, like Gecko) Chrome/41.0.2272.104 Safari/537.36"
185.220.102.4 - - [07/Apr/2019:19:13:23 -0700] "GET /?name=5caaae5802e67&email=ryo.s.0818%40gmail.com&weJHlkUY=ryo.s.0818%40gmail.com&message=& HTTP/1.1" 200 17429 "http://rndsquared.com/" "Mozilla/5.0 (Windows NT 6.1) AppleWebKit/537.36 (KHTML, like Gecko) Chrome/41.0.2272.104 Safari/537.36"
54.36.149.28 - - [07/Apr/2019:20:48:49 -0700] "GET /robots.txt HTTP/1.1" 404 208 "-" "Mozilla/5.0 (compatible; AhrefsBot/6.1; +http://ahrefs.com/robot/)"
73.231.164.56 - - [07/Apr/2019:21:28:37 -0700] "GET /favicon.ico HTTP/1.1" 404 209 "-" "Mozilla/5.0 (iPad; CPU OS 12_2 like Mac OS X) AppleWebKit/605.1.15 (KHTML, like Gecko) FxiOS/15.1b14275 Mobile/15E148 Safari/605.1.15"
178.175.148.227 - - [07/Apr/2019:21:38:56 -0700] "GET / HTTP/1.1" 200 17429 "-" "Mozilla/5.0 (Windows NT 6.1; WOW64; rv:41.0) Gecko/20100101 Firefox/41.0"
178.175.148.227 - - [07/Apr/2019:21:38:57 -0700] "GET /?name=5caad077c0c0e&email=brenda0878%40gmail.com&weJHlkUY=brenda0878%40gmail.com&message=& HTTP/1.1" 200 17429 "http://rndsquared.com/" "Mozilla/5.0 (Windows NT 6.1; WOW64; rv:41.0) Gecko/20100101 Firefox/41.0"
77.75.79.11 - - [07/Apr/2019:21:46:09 -0700] "GET /robots.txt HTTP/1.1" 404 208 "-" "Mozilla/5.0 (compatible; SeznamBot/3.2; +http://napoveda.seznam.cz/en/seznambot-intro/)"
77.75.79.11 - - [07/Apr/2019:21:46:11 -0700] "GET /img/mixman/thumbs/18.jpg HTTP/1.1" 304 - "-" "Mozilla/5.0 (compatible; SeznamBot/3.2; +http://napoveda.seznam.cz/en/seznambot-intro/)"
77.75.79.11 - - [07/Apr/2019:21:46:12 -0700] "GET /img/sfnoir/thumbs/6.jpg HTTP/1.1" 200 31401 "-" "Mozilla/5.0 (compatible; SeznamBot/3.2; +http://napoveda.seznam.cz/en/seznambot-intro/)"
77.75.79.11 - - [07/Apr/2019:21:46:13 -0700] "GET /img/wu-wei/6.jpg HTTP/1.1" 304 - "-" "Mozilla/5.0 (compatible; SeznamBot/3.2; +http://napoveda.seznam.cz/en/seznambot-intro/)"
82.102.18.144 - - [07/Apr/2019:22:42:43 -0700] "GET / HTTP/1.0" 200 79394 "http://rndsquared.com/" "Mozilla/5.0 (Windows NT 6.3; Win64; x64) AppleWebKit/537.36 (KHTML, like Gecko) Chrome/65.0.3325.146 Safari/537.36"
82.102.18.48 - - [07/Apr/2019:22:42:43 -0700] "GET / HTTP/1.0" 200 79394 "http://rndsquared.com/" "Mozilla/5.0 (Windows NT 6.3; Win64; x64) AppleWebKit/537.36 (KHTML, like Gecko) Chrome/68.0.3440.84 Safari/537.36"
82.102.18.144 - - [07/Apr/2019:22:42:44 -0700] "POST / HTTP/1.0" 200 79394 "http://rndsquared.com/" "Mozilla/5.0 (Windows NT 6.3; Win64; x64) AppleWebKit/537.36 (KHTML, like Gecko) Chrome/65.0.3325.146 Safari/537.36"
82.102.18.48 - - [07/Apr/2019:22:42:44 -0700] "POST / HTTP/1.0" 200 79394 "http://rndsquared.com/" "Mozilla/5.0 (Windows NT 6.3; Win64; x64) AppleWebKit/537.36 (KHTML, like Gecko) Chrome/68.0.3440.84 Safari/537.36"
40.77.167.176 - - [07/Apr/2019:22:45:01 -0700] "GET / HTTP/1.1" 200 17429 "-" "Mozilla/5.0 (compatible; bingbot/2.0; +http://www.bing.com/bingbot.htm)"
185.189.113.46 - - [07/Apr/2019:23:38:53 -0700] "GET / HTTP/1.0" 200 79394 "http://rndsquared.com/" "Mozilla/5.0 (Windows NT 6.1; Win64; x64) AppleWebKit/537.36 (KHTML, like Gecko) Chrome/67.0.3396.87 Safari/537.36"
185.189.113.46 - - [07/Apr/2019:23:38:54 -0700] "POST / HTTP/1.0" 200 79394 "http://rndsquared.com/" "Mozilla/5.0 (Windows NT 6.1; Win64; x64) AppleWebKit/537.36 (KHTML, like Gecko) Chrome/67.0.3396.87 Safari/537.36"
109.70.100.23 - - [08/Apr/2019:01:02:27 -0700] "GET / HTTP/1.1" 200 17429 "-" "Mozilla/5.0 (Macintosh; Intel Mac OS X 10_13_6) AppleWebKit/605.1.15 (KHTML, like Gecko) Version/11.1.2 Safari/605.1.15"
109.70.100.23 - - [08/Apr/2019:01:02:29 -0700] "GET /?name=5cab0022971df&email=kia71184%40gmail.com&weJHlkUY=kia71184%40gmail.com&message=& HTTP/1.1" 200 17429 "http://rndsquared.com/" "Mozilla/5.0 (Macintosh; Intel Mac OS X 10_13_6) AppleWebKit/605.1.15 (KHTML, like Gecko) Version/11.1.2 Safari/605.1.15"
193.106.30.98 - - [08/Apr/2019:01:35:48 -0700] "POST /wp-ajax-hook.php HTTP/1.1" 404 214 "-" "Mozilla/5.0 (Windows NT 6.1; rv:34.0) Gecko/20100101 Firefox/34.0"
77.75.78.160 - - [08/Apr/2019:01:42:06 -0700] "GET /robots.txt HTTP/1.1" 404 208 "-" "Mozilla/5.0 (compatible; SeznamBot/3.2; +http://napoveda.seznam.cz/en/seznambot-intro/)"
77.75.78.160 - - [08/Apr/2019:01:42:08 -0700] "GET /img/praxis/praxisHS.png HTTP/1.1" 304 - "-" "Mozilla/5.0 (compatible; SeznamBot/3.2; +http://napoveda.seznam.cz/en/seznambot-intro/)"
193.106.30.98 - - [08/Apr/2019:02:06:08 -0700] "POST /wp-ajax-hook.php HTTP/1.1" 404 214 "-" "Mozilla/5.0 (Windows NT 6.1; rv:34.0) Gecko/20100101 Firefox/34.0"
93.158.161.62 - - [08/Apr/2019:02:24:38 -0700] "GET /robots.txt HTTP/1.1" 404 208 "-" "Mozilla/5.0 (compatible; YandexBot/3.0; +http://yandex.com/bots)"
93.158.161.62 - - [08/Apr/2019:02:24:42 -0700] "GET / HTTP/1.1" 200 17429 "-" "Mozilla/5.0 (compatible; YandexBot/3.0; +http://yandex.com/bots)"
188.165.118.89 - - [08/Apr/2019:02:36:57 -0700] "GET / HTTP/1.1" 200 79394 "-" "Mozilla/5.0 (Windows NT 10.0; Win64; x64) AppleWebKit/537.36 (KHTML, like Gecko) Chrome/63.0.3239.132 Safari/537.36"
188.165.118.89 - - [08/Apr/2019:02:36:58 -0700] "GET /wp-includes/wlwmanifest.xml HTTP/1.1" 404 225 "-" "Mozilla/5.0 (Windows NT 10.0; Win64; x64) AppleWebKit/537.36 (KHTML, like Gecko) Chrome/63.0.3239.132 Safari/537.36"
109.70.100.22 - - [08/Apr/2019:02:37:17 -0700] "GET / HTTP/1.1" 200 17429 "-" "Mozilla/5.0 (Windows NT 10.0; Win64; x64) AppleWebKit/537.36 (KHTML, like Gecko) Chrome/58.0.3029.110 Safari/537.36"
109.70.100.22 - - [08/Apr/2019:02:37:18 -0700] "GET /?name=5cab165c15ec6&email=fwlzone%40gmail.com&weJHlkUY=fwlzone%40gmail.com&message=& HTTP/1.1" 200 17429 "http://rndsquared.com/" "Mozilla/5.0 (Windows NT 10.0; Win64; x64) AppleWebKit/537.36 (KHTML, like Gecko) Chrome/58.0.3029.110 Safari/537.36"
188.165.118.89 - - [08/Apr/2019:02:37:09 -0700] "GET /xmlrpc.php?rsd HTTP/1.1" 404 208 "-" "Mozilla/5.0 (Windows NT 10.0; Win64; x64) AppleWebKit/537.36 (KHTML, like Gecko) Chrome/63.0.3239.132 Safari/537.36"
188.165.118.89 - - [08/Apr/2019:02:37:19 -0700] "GET / HTTP/1.1" 200 79394 "-" "Mozilla/5.0 (Windows NT 10.0; Win64; x64) AppleWebKit/537.36 (KHTML, like Gecko) Chrome/63.0.3239.132 Safari/537.36"
188.165.118.89 - - [08/Apr/2019:02:37:20 -0700] "GET /blog/wp-includes/wlwmanifest.xml HTTP/1.1" 404 230 "-" "Mozilla/5.0 (Windows NT 10.0; Win64; x64) AppleWebKit/537.36 (KHTML, like Gecko) Chrome/63.0.3239.132 Safari/537.36"
188.165.118.89 - - [08/Apr/2019:02:37:31 -0700] "GET /web/wp-includes/wlwmanifest.xml HTTP/1.1" 404 229 "-" "Mozilla/5.0 (Windows NT 10.0; Win64; x64) AppleWebKit/537.36 (KHTML, like Gecko) Chrome/63.0.3239.132 Safari/537.36"
188.165.118.89 - - [08/Apr/2019:02:37:42 -0700] "GET /wordpress/wp-includes/wlwmanifest.xml HTTP/1.1" 404 235 "-" "Mozilla/5.0 (Windows NT 10.0; Win64; x64) AppleWebKit/537.36 (KHTML, like Gecko) Chrome/63.0.3239.132 Safari/537.36"
188.165.118.89 - - [08/Apr/2019:02:37:52 -0700] "GET /website/wp-includes/wlwmanifest.xml HTTP/1.1" 404 233 "-" "Mozilla/5.0 (Windows NT 10.0; Win64; x64) AppleWebKit/537.36 (KHTML, like Gecko) Chrome/63.0.3239.132 Safari/537.36"
188.165.118.89 - - [08/Apr/2019:02:38:03 -0700] "GET /wp/wp-includes/wlwmanifest.xml HTTP/1.1" 404 228 "-" "Mozilla/5.0 (Windows NT 10.0; Win64; x64) AppleWebKit/537.36 (KHTML, like Gecko) Chrome/63.0.3239.132 Safari/537.36"
188.165.118.89 - - [08/Apr/2019:02:38:14 -0700] "GET /news/wp-includes/wlwmanifest.xml HTTP/1.1" 404 230 "-" "Mozilla/5.0 (Windows NT 10.0; Win64; x64) AppleWebKit/537.36 (KHTML, like Gecko) Chrome/63.0.3239.132 Safari/537.36"
188.165.118.89 - - [08/Apr/2019:02:38:24 -0700] "GET /2015/wp-includes/wlwmanifest.xml HTTP/1.1" 404 230 "-" "Mozilla/5.0 (Windows NT 10.0; Win64; x64) AppleWebKit/537.36 (KHTML, like Gecko) Chrome/63.0.3239.132 Safari/537.36"
188.165.118.89 - - [08/Apr/2019:02:38:35 -0700] "GET /2016/wp-includes/wlwmanifest.xml HTTP/1.1" 404 230 "-" "Mozilla/5.0 (Windows NT 10.0; Win64; x64) AppleWebKit/537.36 (KHTML, like Gecko) Chrome/63.0.3239.132 Safari/537.36"
188.165.118.89 - - [08/Apr/2019:02:38:45 -0700] "GET /2018/wp-includes/wlwmanifest.xml HTTP/1.1" 404 230 "-" "Mozilla/5.0 (Windows NT 10.0; Win64; x64) AppleWebKit/537.36 (KHTML, like Gecko) Chrome/63.0.3239.132 Safari/537.36"
188.165.118.89 - - [08/Apr/2019:02:38:56 -0700] "GET /shop/wp-includes/wlwmanifest.xml HTTP/1.1" 404 230 "-" "Mozilla/5.0 (Windows NT 10.0; Win64; x64) AppleWebKit/537.36 (KHTML, like Gecko) Chrome/63.0.3239.132 Safari/537.36"
188.165.118.89 - - [08/Apr/2019:02:39:07 -0700] "GET /wp1/wp-includes/wlwmanifest.xml HTTP/1.1" 404 229 "-" "Mozilla/5.0 (Windows NT 10.0; Win64; x64) AppleWebKit/537.36 (KHTML, like Gecko) Chrome/63.0.3239.132 Safari/537.36"
188.165.118.89 - - [08/Apr/2019:02:39:18 -0700] "GET /test/wp-includes/wlwmanifest.xml HTTP/1.1" 404 230 "-" "Mozilla/5.0 (Windows NT 10.0; Win64; x64) AppleWebKit/537.36 (KHTML, like Gecko) Chrome/63.0.3239.132 Safari/537.36"
188.165.118.89 - - [08/Apr/2019:02:39:28 -0700] "GET /media/wp-includes/wlwmanifest.xml HTTP/1.1" 404 231 "-" "Mozilla/5.0 (Windows NT 10.0; Win64; x64) AppleWebKit/537.36 (KHTML, like Gecko) Chrome/63.0.3239.132 Safari/537.36"
