46.118.157.206 - - [06/Oct/2018:09:39:48 -0700] "GET / HTTP/1.1" 200 72658 "https://xn--e1aaajzchnkg.ru.com/" "Mozilla/4.0 (compatible; MSIE 5.5; Windows NT 5.0; .NET CLR 1.1.4322)"
178.137.166.158 - - [06/Oct/2018:10:33:52 -0700] "GET / HTTP/1.1" 200 72658 "http://vanrise.com.ua/" "Mozilla/4.0 (compatible; MSIE 6.0; Windows NT 5.1; SV1)"
178.137.166.158 - - [06/Oct/2018:10:33:53 -0700] "GET / HTTP/1.1" 200 72658 "http://vanrise.com.ua/" "Mozilla/4.0 (compatible; MSIE 6.0; Windows NT 5.1; SV1)"
178.137.166.158 - - [06/Oct/2018:10:33:54 -0700] "GET / HTTP/1.1" 200 72658 "http://vanrise.com.ua/" "Mozilla/4.0 (compatible; MSIE 6.0; Windows NT 5.1; SV1)"
112.5.243.227 - - [06/Oct/2018:12:26:11 -0700] "GET / HTTP/1.1" 200 15893 "https://www.blogstar.fun/top-five-techniques-to-get-quick-visitors-to-site-and-make-money-quickly/41337721/" "Mozilla/5.0 (iPhone; CPU iPhone OS 11_0 like Mac OS X) AppleWebKit/604.1.38 (KHTML, like Gecko) Version/11.0 Mobile/15A372 Safari/604.1"
193.106.30.98 - - [06/Oct/2018:13:32:06 -0700] "GET /payload.php HTTP/1.1" 404 209 "-" "Mozilla/5.0 (Windows NT 6.1; rv:34.0) Gecko/20100101 Firefox/34.0"
180.76.15.26 - - [06/Oct/2018:15:22:42 -0700] "GET / HTTP/1.1" 200 15893 "-" "Mozilla/5.0 (compatible; Baiduspider/2.0; +http://www.baidu.com/search/spider.html)"
46.118.120.156 - - [06/Oct/2018:16:12:29 -0700] "GET / HTTP/1.1" 200 72658 "https://elonm.ru/" "Opera/9.00 (Windows NT 5.1; U; en)"
46.118.120.156 - - [06/Oct/2018:16:12:29 -0700] "GET / HTTP/1.1" 200 72658 "https://elonm.ru/" "Opera/9.00 (Windows NT 5.1; U; en)"
46.118.120.156 - - [06/Oct/2018:16:12:31 -0700] "GET / HTTP/1.1" 200 72658 "https://elonm.ru/" "Opera/9.00 (Windows NT 5.1; U; en)"
46.118.157.206 - - [06/Oct/2018:17:42:40 -0700] "GET / HTTP/1.1" 200 72658 "https://vykup-avto-krasnodar.ru/" "Mozilla/2.0 (compatible; MSIE 3.02; Windows CE; 240x320)"
46.118.157.206 - - [06/Oct/2018:17:42:41 -0700] "GET / HTTP/1.1" 200 72658 "https://vykup-avto-krasnodar.ru/" "Mozilla/2.0 (compatible; MSIE 3.02; Windows CE; 240x320)"
47.88.15.195 - - [06/Oct/2018:18:08:10 -0700] "GET / HTTP/1.1" 200 15893 "-" "Mozilla/5.0 (Macintosh; Intel Mac OS X 10_11_1) AppleWebKit/537.36 (KHTML, like Gecko) Chrome/69.0.3497.100 Safari/537.36"
47.88.15.195 - - [06/Oct/2018:18:08:10 -0700] "GET / HTTP/1.1" 200 15893 "-" "Mozilla/5.0 (Macintosh; Intel Mac OS X 10_11_1) AppleWebKit/537.36 (KHTML, like Gecko) Chrome/69.0.3497.100 Safari/537.36"
106.12.110.247 - - [06/Oct/2018:18:09:45 -0700] "GET /status?full HTTP/1.1" 404 204 "-" "Mozilla/5.0 (Windows NT 10.0; Win64; x64; rv:57.0) Gecko/20100101 Firefox/57.0"
106.12.110.247 - - [06/Oct/2018:18:09:46 -0700] "GET /phpMyAdmin/scripts/setup.php HTTP/1.1" 404 226 "-" "Mozilla/5.0 (Windows NT 10.0; Win64; x64; rv:57.0) Gecko/20100101 Firefox/57.0"
106.12.110.247 - - [06/Oct/2018:18:09:49 -0700] "GET /phpmyadmin/scripts/setup.php HTTP/1.1" 404 226 "-" "Mozilla/5.0 (Windows NT 10.0; Win64; x64; rv:57.0) Gecko/20100101 Firefox/57.0"
106.12.110.247 - - [06/Oct/2018:18:09:50 -0700] "GET /_phpMyAdmin/scripts/setup.php HTTP/1.1" 404 227 "-" "Mozilla/5.0 (Windows NT 10.0; Win64; x64; rv:57.0) Gecko/20100101 Firefox/57.0"
106.12.110.247 - - [06/Oct/2018:18:09:51 -0700] "GET /admin/scripts/setup.php HTTP/1.1" 404 221 "-" "Mozilla/5.0 (Windows NT 10.0; Win64; x64; rv:57.0) Gecko/20100101 Firefox/57.0"
106.12.110.247 - - [06/Oct/2018:18:09:51 -0700] "GET /scripts/setup.php HTTP/1.1" 404 215 "-" "Mozilla/5.0 (Windows NT 10.0; Win64; x64; rv:57.0) Gecko/20100101 Firefox/57.0"
106.12.110.247 - - [06/Oct/2018:18:09:53 -0700] "GET /pma/scripts/setup.php HTTP/1.1" 404 219 "-" "Mozilla/5.0 (Windows NT 10.0; Win64; x64; rv:57.0) Gecko/20100101 Firefox/57.0"
73.231.164.56 - - [06/Oct/2018:21:28:01 -0700] "GET /favicon.ico HTTP/1.1" 404 209 "-" "Mozilla/5.0 (iPad; CPU OS 12_0 like Mac OS X) AppleWebKit/605.1.15 (KHTML, like Gecko) FxiOS/13.2b11866 Mobile/16A366 Safari/605.1.15"
73.231.164.56 - - [06/Oct/2018:21:28:01 -0700] "GET /favicon.ico HTTP/1.1" 404 209 "-" "Mozilla/5.0 (iPad; CPU OS 12_0 like Mac OS X) AppleWebKit/605.1.15 (KHTML, like Gecko) FxiOS/13.2b11866 Mobile/16A366 Safari/605.1.15"
165.227.210.122 - - [06/Oct/2018:21:47:17 -0700] "GET / HTTP/1.1" 200 15893 "-" "Mozilla/5.0 (X11; Datanyze; Linux x86_64) AppleWebKit/537.36 (KHTML, like Gecko) Chrome/65.0.3325.181 Safari/537.36"
165.227.210.122 - - [06/Oct/2018:21:47:17 -0700] "GET /js/modernizr.js HTTP/1.1" 200 5933 "http://rndsquared.com/" "Mozilla/5.0 (X11; Datanyze; Linux x86_64) AppleWebKit/537.36 (KHTML, like Gecko) Chrome/65.0.3325.181 Safari/537.36"
165.227.210.122 - - [06/Oct/2018:21:47:17 -0700] "GET /js/scripts.js HTTP/1.1" 200 1227 "http://rndsquared.com/" "Mozilla/5.0 (X11; Datanyze; Linux x86_64) AppleWebKit/537.36 (KHTML, like Gecko) Chrome/65.0.3325.181 Safari/537.36"
165.227.210.122 - - [06/Oct/2018:21:47:17 -0700] "GET /js/lightbox.js HTTP/1.1" 200 4210 "http://rndsquared.com/" "Mozilla/5.0 (X11; Datanyze; Linux x86_64) AppleWebKit/537.36 (KHTML, like Gecko) Chrome/65.0.3325.181 Safari/537.36"
165.227.210.122 - - [06/Oct/2018:21:47:48 -0700] "GET /robots.txt HTTP/1.1" 404 208 "-" "Mozilla/5.0 (Windows NT 6.1; WOW64) AppleWebKit/537.36 (KHTML, like Gecko) Chrome/34.0.1847.137 Safari/537.36"
191.96.249.150 - - [06/Oct/2018:21:57:31 -0700] "GET /admin/index.php HTTP/1.1" 404 213 "https://www.google.com/search?ei=S1GRW9OAMeamrgTHiruIDw&q=site%3Arndsquared.com&oq=site%3Arndsquared.com&gs_l=psy-ab.3...7334.7334.0.7447.1.1.0.0.0.0.67.67.1.1.0....0...1c.1.64.psy-ab..0.0.0....0.hBwTwbhN8pg" "Mozilla/5.0 (Windows NT 10.0; Win64; x64) AppleWebKit/537.36 (KHTML, like Gecko) Chrome/64.0.3282.167 Safari/537.36"
180.76.15.146 - - [07/Oct/2018:01:12:20 -0700] "GET /robots.txt HTTP/1.1" 404 208 "-" "Mozilla/5.0 (Windows NT 5.1; rv:6.0.2) Gecko/20100101 Firefox/6.0.2"
180.76.15.22 - - [07/Oct/2018:01:12:20 -0700] "GET /robots.txt HTTP/1.1" 404 208 "-" "Mozilla/5.0 (Windows NT 5.1; rv:6.0.2) Gecko/20100101 Firefox/6.0.2"
180.76.15.28 - - [07/Oct/2018:01:15:07 -0700] "GET / HTTP/1.1" 200 15893 "-" "Mozilla/5.0 (compatible; Baiduspider/2.0; +http://www.baidu.com/search/spider.html)"
180.76.15.163 - - [07/Oct/2018:01:48:27 -0700] "GET /css/styles.css HTTP/1.1" 200 1975 "-" "Mozilla/5.0 (compatible; Baiduspider/2.0; +http://www.baidu.com/search/spider.html)"
66.249.65.66 - - [07/Oct/2018:02:30:21 -0700] "GET /robots.txt HTTP/1.1" 404 208 "-" "Mozilla/5.0 (compatible; Googlebot/2.1; +http://www.google.com/bot.html)"
66.249.65.64 - - [07/Oct/2018:02:30:21 -0700] "GET /img/sfnoir/thumbs/9.jpg HTTP/1.1" 304 - "-" "Googlebot-Image/1.0"
199.58.86.209 - - [07/Oct/2018:02:38:26 -0700] "GET /robots.txt HTTP/1.1" 404 208 "-" "Mozilla/5.0 (compatible; MJ12bot/v1.4.8; http://mj12bot.com/)"
199.58.86.209 - - [07/Oct/2018:02:38:28 -0700] "GET / HTTP/1.1" 200 72658 "-" "Mozilla/5.0 (compatible; MJ12bot/v1.4.8; http://mj12bot.com/)"
46.118.119.215 - - [07/Oct/2018:03:43:58 -0700] "GET / HTTP/1.1" 200 72658 "https://detskiezabolevaniya.com/" "Mozilla/4.0 (compatible; MSIE 6.0; Windows NT 5.1; .NET CLR 1.0.3705)"
46.118.119.215 - - [07/Oct/2018:03:43:59 -0700] "GET / HTTP/1.1" 200 72658 "https://detskiezabolevaniya.com/" "Mozilla/4.0 (compatible; MSIE 6.0; Windows NT 5.1; .NET CLR 1.0.3705)"
18.185.109.209 - - [07/Oct/2018:04:37:34 -0700] "GET / HTTP/1.1" 200 15893 "-" "Mozilla/5.0 (Windows NT 6.2; WOW64; Trident/7.0; rv:11.0) like Gecko"
178.137.166.158 - - [07/Oct/2018:05:37:24 -0700] "GET / HTTP/1.1" 200 72658 "http://xn--d1abj0abs9d.in.ua/" "Mozilla/4.0 (compatible; MSIE 6.0; Windows NT 5.0; APC; .NET CLR 1.0.3705; .NET CLR 1.1.4322; .NET CLR 2.0.50215; InfoPath.1)"
178.137.166.158 - - [07/Oct/2018:05:37:25 -0700] "GET / HTTP/1.1" 200 72658 "http://xn--d1abj0abs9d.in.ua/" "Mozilla/4.0 (compatible; MSIE 6.0; Windows NT 5.0; APC; .NET CLR 1.0.3705; .NET CLR 1.1.4322; .NET CLR 2.0.50215; InfoPath.1)"
47.96.149.171 - - [07/Oct/2018:06:30:07 -0700] "GET /status?full HTTP/1.1" 404 204 "-" "Mozilla/5.0 (Windows NT 10.0; Win64; x64; rv:57.0) Gecko/20100101 Firefox/57.0"
47.96.149.171 - - [07/Oct/2018:06:30:09 -0700] "GET /phpMyAdmin/scripts/setup.php HTTP/1.1" 404 226 "-" "Mozilla/5.0 (Windows NT 10.0; Win64; x64; rv:57.0) Gecko/20100101 Firefox/57.0"
47.96.149.171 - - [07/Oct/2018:06:30:09 -0700] "GET /phpmyadmin/scripts/setup.php HTTP/1.1" 404 226 "-" "Mozilla/5.0 (Windows NT 10.0; Win64; x64; rv:57.0) Gecko/20100101 Firefox/57.0"
47.96.149.171 - - [07/Oct/2018:06:30:10 -0700] "GET /_phpMyAdmin/scripts/setup.php HTTP/1.1" 404 227 "-" "Mozilla/5.0 (Windows NT 10.0; Win64; x64; rv:57.0) Gecko/20100101 Firefox/57.0"
47.96.149.171 - - [07/Oct/2018:06:30:10 -0700] "GET /admin/scripts/setup.php HTTP/1.1" 404 221 "-" "Mozilla/5.0 (Windows NT 10.0; Win64; x64; rv:57.0) Gecko/20100101 Firefox/57.0"
47.96.149.171 - - [07/Oct/2018:06:30:12 -0700] "GET /scripts/setup.php HTTP/1.1" 404 215 "-" "Mozilla/5.0 (Windows NT 10.0; Win64; x64; rv:57.0) Gecko/20100101 Firefox/57.0"
47.96.149.171 - - [07/Oct/2018:06:30:12 -0700] "GET /pma/scripts/setup.php HTTP/1.1" 404 219 "-" "Mozilla/5.0 (Windows NT 10.0; Win64; x64; rv:57.0) Gecko/20100101 Firefox/57.0"
52.53.201.78 - - [07/Oct/2018:06:39:43 -0700] "GET / HTTP/1.1" 200 15893 "-" "Mozilla/5.0 (Macintosh; Intel Mac OS X 10_12_6) AppleWebKit/537.36 (KHTML, like Gecko) Chrome/61.0.3163.100 Safari/537.36"
193.106.30.98 - - [07/Oct/2018:06:45:34 -0700] "GET /modules/mod_feed/tmpl/mod_feed.php?ms-load=yjk5hg HTTP/1.1" 404 232 "-" "Mozilla/5.0 (Windows NT 6.1; rv:34.0) Gecko/20100101 Firefox/34.0"
73.231.164.56 - - [07/Oct/2018:08:03:31 -0700] "GET /favicon.ico HTTP/1.1" 404 209 "-" "Mozilla/5.0 (iPad; CPU OS 12_0 like Mac OS X) AppleWebKit/605.1.15 (KHTML, like Gecko) FxiOS/13.2b11866 Mobile/16A366 Safari/605.1.15"
180.76.15.156 - - [07/Oct/2018:09:06:53 -0700] "GET /css/styles.css HTTP/1.1" 200 1975 "-" "Mozilla/5.0 (compatible; Baiduspider/2.0; +http://www.baidu.com/search/spider.html)"
73.231.164.56 - - [07/Oct/2018:09:37:51 -0700] "GET /favicon.ico HTTP/1.1" 404 209 "-" "Mozilla/5.0 (iPad; CPU OS 12_0 like Mac OS X) AppleWebKit/605.1.15 (KHTML, like Gecko) FxiOS/13.2b11866 Mobile/16A366 Safari/605.1.15"
46.229.168.140 - - [07/Oct/2018:09:43:00 -0700] "GET /robots.txt HTTP/1.1" 404 208 "-" "Mozilla/5.0 (compatible; SemrushBot/2~bl; +http://www.semrush.com/bot.html)"
46.229.168.145 - - [07/Oct/2018:09:43:01 -0700] "GET / HTTP/1.1" 200 15893 "-" "Mozilla/5.0 (compatible; SemrushBot/2~bl; +http://www.semrush.com/bot.html)"
73.231.164.56 - - [07/Oct/2018:10:10:07 -0700] "GET /favicon.ico HTTP/1.1" 404 209 "-" "Mozilla/5.0 (iPad; CPU OS 12_0 like Mac OS X) AppleWebKit/605.1.15 (KHTML, like Gecko) FxiOS/13.2b11866 Mobile/16A366 Safari/605.1.15"
73.231.164.56 - - [07/Oct/2018:10:10:07 -0700] "GET /favicon.ico HTTP/1.1" 404 209 "-" "Mozilla/5.0 (iPad; CPU OS 12_0 like Mac OS X) AppleWebKit/605.1.15 (KHTML, like Gecko) FxiOS/13.2b11866 Mobile/16A366 Safari/605.1.15"
46.118.157.206 - - [07/Oct/2018:10:34:20 -0700] "GET / HTTP/1.1" 200 72658 "https://komp-pomosch.ru/" "Mozilla/4.0 (compatible; MSIE 6.0; Windows NT 5.1; SV1; Media Center PC"
46.118.119.215 - - [07/Oct/2018:10:42:15 -0700] "GET / HTTP/1.1" 200 72658 "https://elonm.ru/" "Mozilla/4.0 (compatible; MSIE 6.0; Windows NT 5.2; Win64; AMD64)"
46.118.119.215 - - [07/Oct/2018:10:42:16 -0700] "GET / HTTP/1.1" 200 72658 "https://elonm.ru/" "Mozilla/4.0 (compatible; MSIE 6.0; Windows NT 5.2; Win64; AMD64)"
46.118.119.215 - - [07/Oct/2018:10:42:18 -0700] "GET / HTTP/1.1" 200 72658 "https://elonm.ru/" "Mozilla/4.0 (compatible; MSIE 6.0; Windows NT 5.2; Win64; AMD64)"
82.254.105.145 - - [07/Oct/2018:10:56:27 -0700] "GET /img/autumn/thumbs/1.jpg HTTP/1.1" 200 24768 "https://www.google.com/" "Mozilla/5.0 (Macintosh; Intel Mac OS X 10_9_5) AppleWebKit/601.7.8 (KHTML, like Gecko) Version/9.1.3 Safari/537.86.7"
73.71.74.9 - - [07/Oct/2018:11:56:27 -0700] "GET / HTTP/1.1" 200 15893 "-" "Mozilla/5.0 (Macintosh; Intel Mac OS X 10_12_5) AppleWebKit/603.2.4 (KHTML, like Gecko)"
73.71.74.9 - - [07/Oct/2018:11:56:27 -0700] "GET /apple-touch-icon-precomposed.png HTTP/1.1" 404 230 "-" "Safari/12603.2.4 CFNetwork/811.5.4 Darwin/16.6.0 (x86_64)"
73.71.74.9 - - [07/Oct/2018:11:56:27 -0700] "GET /apple-touch-icon.png HTTP/1.1" 404 218 "-" "Safari/12603.2.4 CFNetwork/811.5.4 Darwin/16.6.0 (x86_64)"
73.71.74.9 - - [07/Oct/2018:11:56:27 -0700] "GET /favicon.ico HTTP/1.1" 404 209 "-" "Safari/12603.2.4 CFNetwork/811.5.4 Darwin/16.6.0 (x86_64)"
73.71.74.9 - - [07/Oct/2018:11:56:27 -0700] "GET /apple-touch-icon-precomposed.png HTTP/1.1" 404 230 "-" "Safari/12603.2.4 CFNetwork/811.5.4 Darwin/16.6.0 (x86_64)"
73.71.74.9 - - [07/Oct/2018:11:56:27 -0700] "GET /apple-touch-icon.png HTTP/1.1" 404 218 "-" "Safari/12603.2.4 CFNetwork/811.5.4 Darwin/16.6.0 (x86_64)"
73.71.74.9 - - [07/Oct/2018:11:56:27 -0700] "GET /favicon.ico HTTP/1.1" 404 209 "-" "Safari/12603.2.4 CFNetwork/811.5.4 Darwin/16.6.0 (x86_64)"
73.71.74.9 - - [07/Oct/2018:11:56:27 -0700] "GET / HTTP/1.1" 200 15893 "-" "Mozilla/5.0 (iPhone; CPU iPhone OS 10_0 like Mac OS X) AppleWebKit/602.1.38 (KHTML, like Gecko) Version/10.0 Mobile/14A300 Safari/602.1"
73.71.74.9 - - [07/Oct/2018:11:56:27 -0700] "GET /apple-touch-icon-precomposed.png HTTP/1.1" 404 230 "-" "Safari/12603.2.4 CFNetwork/811.5.4 Darwin/16.6.0 (x86_64)"
73.71.74.9 - - [07/Oct/2018:11:56:27 -0700] "GET /apple-touch-icon.png HTTP/1.1" 404 218 "-" "Safari/12603.2.4 CFNetwork/811.5.4 Darwin/16.6.0 (x86_64)"
73.71.74.9 - - [07/Oct/2018:11:56:28 -0700] "GET /favicon.ico HTTP/1.1" 404 209 "-" "Safari/12603.2.4 CFNetwork/811.5.4 Darwin/16.6.0 (x86_64)"
73.71.74.9 - - [07/Oct/2018:11:56:28 -0700] "GET /apple-touch-icon-precomposed.png HTTP/1.1" 404 230 "-" "Safari/12603.2.4 CFNetwork/811.5.4 Darwin/16.6.0 (x86_64)"
73.71.74.9 - - [07/Oct/2018:11:56:28 -0700] "GET /apple-touch-icon.png HTTP/1.1" 404 218 "-" "Safari/12603.2.4 CFNetwork/811.5.4 Darwin/16.6.0 (x86_64)"
73.71.74.9 - - [07/Oct/2018:11:56:28 -0700] "GET /favicon.ico HTTP/1.1" 404 209 "-" "Safari/12603.2.4 CFNetwork/811.5.4 Darwin/16.6.0 (x86_64)"
64.246.165.180 - - [07/Oct/2018:12:12:06 -0700] "GET /robots.txt HTTP/1.0" 404 208 "-" "Mozilla/5.0 (Macintosh; Intel Mac OS X 10.10; rv:59.0) Gecko/20100101 Firefox/59.0"
64.246.165.180 - - [07/Oct/2018:12:12:06 -0700] "GET / HTTP/1.1" 200 15893 "-" "Mozilla/5.0 (Macintosh; Intel Mac OS X 10.10; rv:59.0) Gecko/20100101 Firefox/59.0"
73.231.164.56 - - [07/Oct/2018:12:21:30 -0700] "GET /favicon.ico HTTP/1.1" 404 209 "-" "Mozilla/5.0 (iPad; CPU OS 12_0 like Mac OS X) AppleWebKit/605.1.15 (KHTML, like Gecko) FxiOS/13.2b11866 Mobile/16A366 Safari/605.1.15"
178.137.166.158 - - [07/Oct/2018:12:27:15 -0700] "GET / HTTP/1.1" 200 72658 "http://vector.peskostryi.ru/" "Mozilla/4.0 (compatible; MSIE 5.5; Windows NT 5.0)"
73.71.74.9 - - [07/Oct/2018:13:09:21 -0700] "GET / HTTP/1.1" 200 15893 "-" "Mozilla/5.0 (Macintosh; Intel Mac OS X 10_12_5) AppleWebKit/603.2.4 (KHTML, like Gecko)"
73.71.74.9 - - [07/Oct/2018:13:09:22 -0700] "GET /apple-touch-icon-precomposed.png HTTP/1.1" 404 230 "-" "Safari/12603.2.4 CFNetwork/811.5.4 Darwin/16.6.0 (x86_64)"
73.71.74.9 - - [07/Oct/2018:13:09:22 -0700] "GET /apple-touch-icon.png HTTP/1.1" 404 218 "-" "Safari/12603.2.4 CFNetwork/811.5.4 Darwin/16.6.0 (x86_64)"
73.71.74.9 - - [07/Oct/2018:13:09:22 -0700] "GET /favicon.ico HTTP/1.1" 404 209 "-" "Safari/12603.2.4 CFNetwork/811.5.4 Darwin/16.6.0 (x86_64)"
73.71.74.9 - - [07/Oct/2018:13:09:22 -0700] "GET /apple-touch-icon-precomposed.png HTTP/1.1" 404 230 "-" "Safari/12603.2.4 CFNetwork/811.5.4 Darwin/16.6.0 (x86_64)"
73.71.74.9 - - [07/Oct/2018:13:09:22 -0700] "GET /apple-touch-icon.png HTTP/1.1" 404 218 "-" "Safari/12603.2.4 CFNetwork/811.5.4 Darwin/16.6.0 (x86_64)"
73.71.74.9 - - [07/Oct/2018:13:09:22 -0700] "GET /favicon.ico HTTP/1.1" 404 209 "-" "Safari/12603.2.4 CFNetwork/811.5.4 Darwin/16.6.0 (x86_64)"
73.71.74.9 - - [07/Oct/2018:13:09:22 -0700] "GET / HTTP/1.1" 200 15893 "-" "Mozilla/5.0 (iPhone; CPU iPhone OS 10_0 like Mac OS X) AppleWebKit/602.1.38 (KHTML, like Gecko) Version/10.0 Mobile/14A300 Safari/602.1"
73.71.74.9 - - [07/Oct/2018:13:09:22 -0700] "GET /apple-touch-icon-precomposed.png HTTP/1.1" 404 230 "-" "Safari/12603.2.4 CFNetwork/811.5.4 Darwin/16.6.0 (x86_64)"
73.71.74.9 - - [07/Oct/2018:13:09:22 -0700] "GET /apple-touch-icon.png HTTP/1.1" 404 218 "-" "Safari/12603.2.4 CFNetwork/811.5.4 Darwin/16.6.0 (x86_64)"
73.71.74.9 - - [07/Oct/2018:13:09:22 -0700] "GET /favicon.ico HTTP/1.1" 404 209 "-" "Safari/12603.2.4 CFNetwork/811.5.4 Darwin/16.6.0 (x86_64)"
73.71.74.9 - - [07/Oct/2018:13:09:22 -0700] "GET /apple-touch-icon-precomposed.png HTTP/1.1" 404 230 "-" "Safari/12603.2.4 CFNetwork/811.5.4 Darwin/16.6.0 (x86_64)"
73.71.74.9 - - [07/Oct/2018:13:09:22 -0700] "GET /apple-touch-icon.png HTTP/1.1" 404 218 "-" "Safari/12603.2.4 CFNetwork/811.5.4 Darwin/16.6.0 (x86_64)"
73.71.74.9 - - [07/Oct/2018:13:09:22 -0700] "GET /favicon.ico HTTP/1.1" 404 209 "-" "Safari/12603.2.4 CFNetwork/811.5.4 Darwin/16.6.0 (x86_64)"
73.231.164.56 - - [07/Oct/2018:14:05:54 -0700] "GET /favicon.ico HTTP/1.1" 404 209 "-" "Mozilla/5.0 (iPad; CPU OS 12_0 like Mac OS X) AppleWebKit/605.1.15 (KHTML, like Gecko) FxiOS/13.2b11866 Mobile/16A366 Safari/605.1.15"
178.137.166.158 - - [07/Oct/2018:15:51:53 -0700] "GET / HTTP/1.1" 200 72658 "http://komputers-best.ru/" "Mozilla/4.0 (compatible; MSIE 6.0; Windows NT 5.1; SV1; Media Center PC"
178.137.166.158 - - [07/Oct/2018:15:51:55 -0700] "GET / HTTP/1.1" 200 72658 "http://komputers-best.ru/" "Mozilla/4.0 (compatible; MSIE 6.0; Windows NT 5.1; SV1; Media Center PC"
178.137.166.158 - - [07/Oct/2018:15:51:56 -0700] "GET / HTTP/1.1" 200 72658 "http://komputers-best.ru/" "Mozilla/4.0 (compatible; MSIE 6.0; Windows NT 5.1; SV1; Media Center PC"
73.71.74.9 - - [07/Oct/2018:18:50:02 -0700] "GET / HTTP/1.1" 200 15893 "-" "Mozilla/5.0 (Macintosh; Intel Mac OS X 10_12_5) AppleWebKit/603.2.4 (KHTML, like Gecko)"
73.71.74.9 - - [07/Oct/2018:18:50:02 -0700] "GET /apple-touch-icon-precomposed.png HTTP/1.1" 404 230 "-" "Safari/12603.2.4 CFNetwork/811.5.4 Darwin/16.6.0 (x86_64)"
73.71.74.9 - - [07/Oct/2018:18:50:02 -0700] "GET /apple-touch-icon.png HTTP/1.1" 404 218 "-" "Safari/12603.2.4 CFNetwork/811.5.4 Darwin/16.6.0 (x86_64)"
73.71.74.9 - - [07/Oct/2018:18:50:02 -0700] "GET /favicon.ico HTTP/1.1" 404 209 "-" "Safari/12603.2.4 CFNetwork/811.5.4 Darwin/16.6.0 (x86_64)"
73.71.74.9 - - [07/Oct/2018:18:50:03 -0700] "GET /apple-touch-icon-precomposed.png HTTP/1.1" 404 230 "-" "Safari/12603.2.4 CFNetwork/811.5.4 Darwin/16.6.0 (x86_64)"
73.71.74.9 - - [07/Oct/2018:18:50:03 -0700] "GET /apple-touch-icon.png HTTP/1.1" 404 218 "-" "Safari/12603.2.4 CFNetwork/811.5.4 Darwin/16.6.0 (x86_64)"
73.71.74.9 - - [07/Oct/2018:18:50:03 -0700] "GET /favicon.ico HTTP/1.1" 404 209 "-" "Safari/12603.2.4 CFNetwork/811.5.4 Darwin/16.6.0 (x86_64)"
73.71.74.9 - - [07/Oct/2018:18:50:03 -0700] "GET / HTTP/1.1" 200 15893 "-" "Mozilla/5.0 (iPhone; CPU iPhone OS 10_0 like Mac OS X) AppleWebKit/602.1.38 (KHTML, like Gecko) Version/10.0 Mobile/14A300 Safari/602.1"
73.71.74.9 - - [07/Oct/2018:18:50:03 -0700] "GET /apple-touch-icon-precomposed.png HTTP/1.1" 404 230 "-" "Safari/12603.2.4 CFNetwork/811.5.4 Darwin/16.6.0 (x86_64)"
73.71.74.9 - - [07/Oct/2018:18:50:03 -0700] "GET /apple-touch-icon.png HTTP/1.1" 404 218 "-" "Safari/12603.2.4 CFNetwork/811.5.4 Darwin/16.6.0 (x86_64)"
73.71.74.9 - - [07/Oct/2018:18:50:03 -0700] "GET /favicon.ico HTTP/1.1" 404 209 "-" "Safari/12603.2.4 CFNetwork/811.5.4 Darwin/16.6.0 (x86_64)"
73.71.74.9 - - [07/Oct/2018:18:50:03 -0700] "GET /apple-touch-icon-precomposed.png HTTP/1.1" 404 230 "-" "Safari/12603.2.4 CFNetwork/811.5.4 Darwin/16.6.0 (x86_64)"
73.71.74.9 - - [07/Oct/2018:18:50:03 -0700] "GET /apple-touch-icon.png HTTP/1.1" 404 218 "-" "Safari/12603.2.4 CFNetwork/811.5.4 Darwin/16.6.0 (x86_64)"
73.71.74.9 - - [07/Oct/2018:18:50:03 -0700] "GET /favicon.ico HTTP/1.1" 404 209 "-" "Safari/12603.2.4 CFNetwork/811.5.4 Darwin/16.6.0 (x86_64)"
46.229.168.138 - - [07/Oct/2018:19:02:05 -0700] "GET /robots.txt HTTP/1.1" 404 208 "-" "Mozilla/5.0 (compatible; SemrushBot/2~bl; +http://www.semrush.com/bot.html)"
46.229.168.147 - - [07/Oct/2018:19:02:06 -0700] "GET / HTTP/1.1" 200 15893 "-" "Mozilla/5.0 (compatible; SemrushBot/2~bl; +http://www.semrush.com/bot.html)"
142.134.109.10 - - [07/Oct/2018:19:21:22 -0700] "GET /img/autumn/thumbs/2.jpg HTTP/1.1" 200 45196 "https://www.google.ca/" "Mozilla/5.0 (iPhone; CPU iPhone OS 12_0 like Mac OS X) AppleWebKit/605.1.15 (KHTML, like Gecko) Version/12.0 Mobile/15E148 Safari/604.1"
123.207.39.209 - - [07/Oct/2018:19:34:23 -0700] "GET /status?full HTTP/1.1" 404 204 "-" "Mozilla/5.0 (Windows NT 10.0; Win64; x64; rv:57.0) Gecko/20100101 Firefox/57.0"
123.207.39.209 - - [07/Oct/2018:19:34:23 -0700] "GET /phpMyAdmin/scripts/setup.php HTTP/1.1" 404 226 "-" "Mozilla/5.0 (Windows NT 10.0; Win64; x64; rv:57.0) Gecko/20100101 Firefox/57.0"
123.207.39.209 - - [07/Oct/2018:19:34:23 -0700] "GET /phpmyadmin/scripts/setup.php HTTP/1.1" 404 226 "-" "Mozilla/5.0 (Windows NT 10.0; Win64; x64; rv:57.0) Gecko/20100101 Firefox/57.0"
123.207.39.209 - - [07/Oct/2018:19:34:24 -0700] "GET /_phpMyAdmin/scripts/setup.php HTTP/1.1" 404 227 "-" "Mozilla/5.0 (Windows NT 10.0; Win64; x64; rv:57.0) Gecko/20100101 Firefox/57.0"
123.207.39.209 - - [07/Oct/2018:19:34:24 -0700] "GET /admin/scripts/setup.php HTTP/1.1" 404 221 "-" "Mozilla/5.0 (Windows NT 10.0; Win64; x64; rv:57.0) Gecko/20100101 Firefox/57.0"
123.207.39.209 - - [07/Oct/2018:19:34:24 -0700] "GET /scripts/setup.php HTTP/1.1" 404 215 "-" "Mozilla/5.0 (Windows NT 10.0; Win64; x64; rv:57.0) Gecko/20100101 Firefox/57.0"
123.207.39.209 - - [07/Oct/2018:19:34:25 -0700] "GET /pma/scripts/setup.php HTTP/1.1" 404 219 "-" "Mozilla/5.0 (Windows NT 10.0; Win64; x64; rv:57.0) Gecko/20100101 Firefox/57.0"
66.249.75.202 - - [07/Oct/2018:21:39:12 -0700] "GET /robots.txt HTTP/1.1" 404 208 "-" "Mozilla/5.0 (compatible; Googlebot/2.1; +http://www.google.com/bot.html)"
66.249.75.206 - - [07/Oct/2018:21:39:12 -0700] "GET / HTTP/1.1" 200 15893 "-" "Mozilla/5.0 (Linux; Android 6.0.1; Nexus 5X Build/MMB29P) AppleWebKit/537.36 (KHTML, like Gecko) Chrome/41.0.2272.96 Mobile Safari/537.36 (compatible; Googlebot/2.1; +http://www.google.com/bot.html)"
66.249.75.204 - - [07/Oct/2018:21:39:15 -0700] "GET /js/scripts.js HTTP/1.1" 200 1227 "http://rndsquared.com/" "Mozilla/5.0 (Linux; Android 6.0.1; Nexus 5X Build/MMB29P) AppleWebKit/537.36 (KHTML, like Gecko) Chrome/41.0.2272.96 Mobile Safari/537.36 (compatible; Googlebot/2.1; +http://www.google.com/bot.html)"
180.76.15.32 - - [07/Oct/2018:23:12:39 -0700] "GET / HTTP/1.1" 200 15893 "-" "Mozilla/5.0 (compatible; Baiduspider/2.0; +http://www.baidu.com/search/spider.html)"
50.67.156.53 - - [07/Oct/2018:23:25:17 -0700] "GET /img/autumn/thumbs/2.jpg HTTP/1.1" 200 45196 "https://www.google.com/" "Mozilla/5.0 (iPhone; CPU iPhone OS 12_0 like Mac OS X) AppleWebKit/605.1.15 (KHTML, like Gecko) Version/12.0 Mobile/15E148 Safari/604.1"
180.76.15.13 - - [07/Oct/2018:23:45:59 -0700] "GET /css/bootstrap.min.css HTTP/1.1" 200 11249 "-" "Mozilla/5.0 (compatible; Baiduspider/2.0; +http://www.baidu.com/search/spider.html)"
193.106.30.98 - - [08/Oct/2018:00:16:42 -0700] "GET /wp-load.php HTTP/1.1" 404 209 "-" "Mozilla/5.0 (Windows NT 6.1; rv:34.0) Gecko/20100101 Firefox/34.0"
73.71.74.9 - - [08/Oct/2018:00:17:44 -0700] "GET / HTTP/1.1" 200 15893 "-" "Mozilla/5.0 (Macintosh; Intel Mac OS X 10_12_5) AppleWebKit/603.2.4 (KHTML, like Gecko)"
73.71.74.9 - - [08/Oct/2018:00:17:44 -0700] "GET /apple-touch-icon-precomposed.png HTTP/1.1" 404 230 "-" "Safari/12603.2.4 CFNetwork/811.5.4 Darwin/16.6.0 (x86_64)"
73.71.74.9 - - [08/Oct/2018:00:17:44 -0700] "GET /apple-touch-icon.png HTTP/1.1" 404 218 "-" "Safari/12603.2.4 CFNetwork/811.5.4 Darwin/16.6.0 (x86_64)"
73.71.74.9 - - [08/Oct/2018:00:17:44 -0700] "GET /favicon.ico HTTP/1.1" 404 209 "-" "Safari/12603.2.4 CFNetwork/811.5.4 Darwin/16.6.0 (x86_64)"
73.71.74.9 - - [08/Oct/2018:00:17:44 -0700] "GET /apple-touch-icon-precomposed.png HTTP/1.1" 404 230 "-" "Safari/12603.2.4 CFNetwork/811.5.4 Darwin/16.6.0 (x86_64)"
73.71.74.9 - - [08/Oct/2018:00:17:44 -0700] "GET /apple-touch-icon.png HTTP/1.1" 404 218 "-" "Safari/12603.2.4 CFNetwork/811.5.4 Darwin/16.6.0 (x86_64)"
73.71.74.9 - - [08/Oct/2018:00:17:45 -0700] "GET /favicon.ico HTTP/1.1" 404 209 "-" "Safari/12603.2.4 CFNetwork/811.5.4 Darwin/16.6.0 (x86_64)"
73.71.74.9 - - [08/Oct/2018:00:17:45 -0700] "GET / HTTP/1.1" 200 15893 "-" "Mozilla/5.0 (iPhone; CPU iPhone OS 10_0 like Mac OS X) AppleWebKit/602.1.38 (KHTML, like Gecko) Version/10.0 Mobile/14A300 Safari/602.1"
73.71.74.9 - - [08/Oct/2018:00:17:45 -0700] "GET /apple-touch-icon-precomposed.png HTTP/1.1" 404 230 "-" "Safari/12603.2.4 CFNetwork/811.5.4 Darwin/16.6.0 (x86_64)"
73.71.74.9 - - [08/Oct/2018:00:17:45 -0700] "GET /apple-touch-icon.png HTTP/1.1" 404 218 "-" "Safari/12603.2.4 CFNetwork/811.5.4 Darwin/16.6.0 (x86_64)"
73.71.74.9 - - [08/Oct/2018:00:17:45 -0700] "GET /favicon.ico HTTP/1.1" 404 209 "-" "Safari/12603.2.4 CFNetwork/811.5.4 Darwin/16.6.0 (x86_64)"
73.71.74.9 - - [08/Oct/2018:00:17:45 -0700] "GET /apple-touch-icon-precomposed.png HTTP/1.1" 404 230 "-" "Safari/12603.2.4 CFNetwork/811.5.4 Darwin/16.6.0 (x86_64)"
73.71.74.9 - - [08/Oct/2018:00:17:45 -0700] "GET /apple-touch-icon.png HTTP/1.1" 404 218 "-" "Safari/12603.2.4 CFNetwork/811.5.4 Darwin/16.6.0 (x86_64)"
73.71.74.9 - - [08/Oct/2018:00:17:45 -0700] "GET /favicon.ico HTTP/1.1" 404 209 "-" "Safari/12603.2.4 CFNetwork/811.5.4 Darwin/16.6.0 (x86_64)"
162.210.196.98 - - [08/Oct/2018:01:54:54 -0700] "GET /robots.txt HTTP/1.1" 404 208 "-" "Mozilla/5.0 (compatible; MJ12bot/v1.4.8; http://mj12bot.com/)"
162.210.196.98 - - [08/Oct/2018:01:54:56 -0700] "GET / HTTP/1.1" 200 72658 "-" "Mozilla/5.0 (compatible; MJ12bot/v1.4.8; http://mj12bot.com/)"
46.118.119.215 - - [08/Oct/2018:03:12:07 -0700] "GET / HTTP/1.1" 200 72658 "http://hit-kino.ru/" "Mozilla/4.0 (compatible; MSIE 6.0; Windows NT 5.1; SV1; Crazy Browser 2.0.0 Beta 1; .NET CLR 1.0.3705; .NET CLR 1.1.4322)"
46.118.119.215 - - [08/Oct/2018:03:12:09 -0700] "GET / HTTP/1.1" 200 72658 "http://hit-kino.ru/" "Mozilla/4.0 (compatible; MSIE 6.0; Windows NT 5.1; SV1; Crazy Browser 2.0.0 Beta 1; .NET CLR 1.0.3705; .NET CLR 1.1.4322)"
46.118.119.215 - - [08/Oct/2018:03:12:10 -0700] "GET / HTTP/1.1" 200 72658 "http://hit-kino.ru/" "Mozilla/4.0 (compatible; MSIE 6.0; Windows NT 5.1; SV1; Crazy Browser 2.0.0 Beta 1; .NET CLR 1.0.3705; .NET CLR 1.1.4322)"
77.75.76.169 - - [08/Oct/2018:06:22:34 -0700] "GET /robots.txt HTTP/1.1" 404 208 "-" "Mozilla/5.0 (compatible; SeznamBot/3.2; +http://napoveda.seznam.cz/en/seznambot-intro/)"
77.75.76.169 - - [08/Oct/2018:06:22:41 -0700] "GET /img/wu-wei/thumbs/1.jpg HTTP/1.1" 304 - "-" "Mozilla/5.0 (compatible; SeznamBot/3.2; +http://napoveda.seznam.cz/en/seznambot-intro/)"
77.75.76.169 - - [08/Oct/2018:06:22:45 -0700] "GET /img/njn/thumbs/8.jpg HTTP/1.1" 304 - "-" "Mozilla/5.0 (compatible; SeznamBot/3.2; +http://napoveda.seznam.cz/en/seznambot-intro/)"
66.249.75.204 - - [08/Oct/2018:07:05:23 -0700] "GET / HTTP/1.1" 200 15893 "-" "Mozilla/5.0 (Linux; Android 6.0.1; Nexus 5X Build/MMB29P) AppleWebKit/537.36 (KHTML, like Gecko) Chrome/41.0.2272.96 Mobile Safari/537.36 (compatible; Googlebot/2.1; +http://www.google.com/bot.html)"
66.249.75.204 - - [08/Oct/2018:07:05:26 -0700] "GET /css/lightbox.css HTTP/1.1" 200 1003 "http://rndsquared.com/" "Mozilla/5.0 (Linux; Android 6.0.1; Nexus 5X Build/MMB29P) AppleWebKit/537.36 (KHTML, like Gecko) Chrome/41.0.2272.96 Mobile Safari/537.36 (compatible; Googlebot/2.1; +http://www.google.com/bot.html)"
37.187.26.42 - - [08/Oct/2018:07:19:50 -0700] "GET / HTTP/1.1" 200 72658 "-" "Mozilla/5.0 (compatible; Googlebot/2.1; +http://www.google.com/bot.html)"
86.110.118.172 - - [08/Oct/2018:07:43:43 -0700] "GET /wp-login.php HTTP/1.1" 404 210 "-" "Mozilla/5.0 (compatible; MSIE 9.0; Windows NT 6.1; Trident/5.0)"
86.110.118.172 - - [08/Oct/2018:07:43:43 -0700] "GET //wp-login.php HTTP/1.1" 404 210 "-" "Mozilla/5.0 (compatible; MSIE 9.0; Windows NT 6.1; Trident/5.0)"
77.75.79.101 - - [08/Oct/2018:08:06:42 -0700] "GET /robots.txt HTTP/1.1" 404 208 "-" "Mozilla/5.0 (compatible; SeznamBot/3.2; +http://napoveda.seznam.cz/en/seznambot-intro/)"
77.75.79.101 - - [08/Oct/2018:08:06:46 -0700] "GET /img/njn/7.jpg HTTP/1.1" 304 - "-" "Mozilla/5.0 (compatible; SeznamBot/3.2; +http://napoveda.seznam.cz/en/seznambot-intro/)"
66.249.75.206 - - [08/Oct/2018:08:25:23 -0700] "GET / HTTP/1.1" 200 15893 "-" "Mozilla/5.0 (compatible; Googlebot/2.1; +http://www.google.com/bot.html)"
178.137.166.158 - - [08/Oct/2018:08:32:56 -0700] "GET / HTTP/1.1" 200 72658 "http://vanrise.com.ua/" "Mozilla/4.0 (compatible; MSIE 6.0; Windows NT 5.1; Maxthon; .NET CLR 1.1.4322)"
209.17.96.194 - - [08/Oct/2018:09:55:34 -0700] "GET / HTTP/1.1" 200 72658 "-" "Mozilla/5.0 (compatible; Nimbostratus-Bot/v1.3.2; http://cloudsystemnetworks.com)"
46.118.119.215 - - [08/Oct/2018:09:57:28 -0700] "GET / HTTP/1.1" 200 72658 "https://www.baikaleminer.com/" "Opera/9.00 (Windows NT 5.1; U; ru)"
77.75.76.160 - - [08/Oct/2018:10:14:23 -0700] "GET /robots.txt HTTP/1.1" 404 208 "-" "Mozilla/5.0 (compatible; SeznamBot/3.2; +http://napoveda.seznam.cz/en/seznambot-intro/)"
77.75.76.160 - - [08/Oct/2018:10:14:25 -0700] "GET /img/mixman/13.jpg HTTP/1.1" 304 - "-" "Mozilla/5.0 (compatible; SeznamBot/3.2; +http://napoveda.seznam.cz/en/seznambot-intro/)"
46.118.157.206 - - [08/Oct/2018:10:22:47 -0700] "GET / HTTP/1.1" 200 72658 "https://buy-meds24.com/" "Mozilla/4.0 (compatible; MSIE 6.0; America Online Browser 1.1; rev1.2; Windows NT 5.1; SV1; .NET CLR 1.1.4322)"
46.118.157.206 - - [08/Oct/2018:10:22:49 -0700] "GET / HTTP/1.1" 200 72658 "https://buy-meds24.com/" "Mozilla/4.0 (compatible; MSIE 6.0; America Online Browser 1.1; rev1.2; Windows NT 5.1; SV1; .NET CLR 1.1.4322)"
165.82.219.131 - - [08/Oct/2018:10:26:37 -0700] "GET /img/autumn/thumbs/2.jpg HTTP/1.1" 200 45196 "https://www.google.com/" "Mozilla/5.0 (Macintosh; Intel Mac OS X 10_12_6) AppleWebKit/537.36 (KHTML, like Gecko) Chrome/69.0.3497.100 Safari/537.36"
68.83.8.89 - - [08/Oct/2018:10:59:43 -0700] "GET /img/autumn/thumbs/2.jpg HTTP/1.1" 200 45196 "https://www.google.com/" "Mozilla/5.0 (iPhone; CPU iPhone OS 12_0 like Mac OS X) AppleWebKit/605.1.15 (KHTML, like Gecko) Version/12.0 Mobile/15E148 Safari/604.1"
66.249.75.212 - - [08/Oct/2018:12:13:49 -0700] "GET /robots.txt HTTP/1.1" 404 208 "-" "Mozilla/5.0 (compatible; Googlebot/2.1; +http://www.google.com/bot.html)"
66.249.75.208 - - [08/Oct/2018:12:13:49 -0700] "GET / HTTP/1.1" 200 15893 "-" "Mozilla/5.0 (compatible; Googlebot/2.1; +http://www.google.com/bot.html)"
66.249.75.210 - - [08/Oct/2018:12:13:53 -0700] "GET /js/lightbox.js HTTP/1.1" 200 4210 "http://www.rndsquared.com/" "Mozilla/5.0 AppleWebKit/537.36 (KHTML, like Gecko; compatible; Googlebot/2.1; +http://www.google.com/bot.html) Safari/537.36"
66.249.75.208 - - [08/Oct/2018:12:13:54 -0700] "GET /js/modernizr.js HTTP/1.1" 200 5933 "http://www.rndsquared.com/" "Mozilla/5.0 AppleWebKit/537.36 (KHTML, like Gecko; compatible; Googlebot/2.1; +http://www.google.com/bot.html) Safari/537.36"
66.249.75.208 - - [08/Oct/2018:12:13:54 -0700] "GET /css/lightbox.css HTTP/1.1" 200 1003 "http://www.rndsquared.com/" "Mozilla/5.0 AppleWebKit/537.36 (KHTML, like Gecko; compatible; Googlebot/2.1; +http://www.google.com/bot.html) Safari/537.36"
66.249.75.208 - - [08/Oct/2018:12:13:55 -0700] "GET /css/bootstrap.min.css HTTP/1.1" 200 11249 "http://www.rndsquared.com/" "Mozilla/5.0 AppleWebKit/537.36 (KHTML, like Gecko; compatible; Googlebot/2.1; +http://www.google.com/bot.html) Safari/537.36"
66.249.75.210 - - [08/Oct/2018:12:13:55 -0700] "GET /css/styles.css HTTP/1.1" 200 1975 "http://www.rndsquared.com/" "Mozilla/5.0 AppleWebKit/537.36 (KHTML, like Gecko; compatible; Googlebot/2.1; +http://www.google.com/bot.html) Safari/537.36"
66.249.75.210 - - [08/Oct/2018:12:13:56 -0700] "GET /js/scripts.js HTTP/1.1" 200 1227 "http://www.rndsquared.com/" "Mozilla/5.0 AppleWebKit/537.36 (KHTML, like Gecko; compatible; Googlebot/2.1; +http://www.google.com/bot.html) Safari/537.36"
77.75.77.119 - - [08/Oct/2018:12:30:27 -0700] "GET /robots.txt HTTP/1.1" 404 208 "-" "Mozilla/5.0 (compatible; SeznamBot/3.2; +http://napoveda.seznam.cz/en/seznambot-intro/)"
77.75.77.119 - - [08/Oct/2018:12:30:29 -0700] "GET /img/wu-wei/4.jpg HTTP/1.1" 304 - "-" "Mozilla/5.0 (compatible; SeznamBot/3.2; +http://napoveda.seznam.cz/en/seznambot-intro/)"
170.244.136.22 - - [08/Oct/2018:12:32:08 -0700] "GET /wp-login.php HTTP/1.1" 404 210 "-" "Mozilla/5.0 (Windows NT 6.1; WOW64; rv:40.0) Gecko/20100101 Firefox/40.1"
170.244.136.22 - - [08/Oct/2018:12:32:09 -0700] "GET / HTTP/1.1" 200 72658 "-" "Mozilla/5.0 (Windows NT 6.1; WOW64; rv:40.0) Gecko/20100101 Firefox/40.1"
174.229.36.45 - - [08/Oct/2018:12:35:58 -0700] "GET /img/autumn/thumbs/2.jpg HTTP/1.1" 200 45196 "https://www.google.com/" "Mozilla/5.0 (iPhone; CPU iPhone OS 11_4_1 like Mac OS X) AppleWebKit/605.1.15 (KHTML, like Gecko) Version/11.0 Mobile/15E148 Safari/604.1"
107.72.162.83 - - [08/Oct/2018:13:04:19 -0700] "GET /img/autumn/thumbs/1.jpg HTTP/1.1" 200 24768 "https://www.google.com/" "Mozilla/5.0 (iPhone; CPU iPhone OS 12_0 like Mac OS X) AppleWebKit/605.1.15 (KHTML, like Gecko) Version/12.0 Mobile/15E148 Safari/604.1"
93.158.161.62 - - [08/Oct/2018:13:11:09 -0700] "GET /robots.txt HTTP/1.1" 404 208 "-" "Mozilla/5.0 (compatible; YandexBot/3.0; +http://yandex.com/bots)"
77.88.47.14 - - [08/Oct/2018:13:11:09 -0700] "GET /robots.txt HTTP/1.1" 404 208 "-" "Mozilla/5.0 (compatible; YandexBot/3.0; +http://yandex.com/bots)"
93.158.161.62 - - [08/Oct/2018:13:11:12 -0700] "GET / HTTP/1.1" 200 15893 "-" "Mozilla/5.0 (compatible; YandexBot/3.0; +http://yandex.com/bots)"
93.158.161.62 - - [08/Oct/2018:13:11:13 -0700] "GET / HTTP/1.1" 200 15893 "-" "Mozilla/5.0 (compatible; YandexBot/3.0; +http://yandex.com/bots)"
77.75.78.166 - - [08/Oct/2018:13:20:00 -0700] "GET /robots.txt HTTP/1.1" 404 208 "-" "Mozilla/5.0 (compatible; SeznamBot/3.2; +http://napoveda.seznam.cz/en/seznambot-intro/)"
77.75.78.166 - - [08/Oct/2018:13:20:08 -0700] "GET /img/urban-cowgirl/6.jpg HTTP/1.1" 304 - "-" "Mozilla/5.0 (compatible; SeznamBot/3.2; +http://napoveda.seznam.cz/en/seznambot-intro/)"
73.29.170.74 - - [08/Oct/2018:13:41:44 -0700] "GET /img/autumn/thumbs/2.jpg HTTP/1.1" 200 45196 "-" "Mozilla/5.0 (Linux; Android 7.0; SAMSUNG-SM-G890A Build/NRD90M; wv) AppleWebKit/537.36 (KHTML, like Gecko) Version/4.0 Chrome/69.0.3497.100 Mobile Safari/537.36 GSA/8.22.11.21.arm64"
77.75.76.166 - - [08/Oct/2018:15:34:41 -0700] "GET /robots.txt HTTP/1.1" 404 208 "-" "Mozilla/5.0 (compatible; SeznamBot/3.2; +http://napoveda.seznam.cz/en/seznambot-intro/)"
77.75.76.166 - - [08/Oct/2018:15:34:45 -0700] "GET /img/mixman/thumbs/7.jpg HTTP/1.1" 304 - "-" "Mozilla/5.0 (compatible; SeznamBot/3.2; +http://napoveda.seznam.cz/en/seznambot-intro/)"
66.249.75.204 - - [08/Oct/2018:16:01:58 -0700] "GET /robots.txt HTTP/1.1" 404 208 "-" "Mozilla/5.0 (compatible; Googlebot/2.1; +http://www.google.com/bot.html)"
66.249.75.206 - - [08/Oct/2018:16:01:59 -0700] "GET / HTTP/1.1" 200 15893 "-" "Mozilla/5.0 (Linux; Android 6.0.1; Nexus 5X Build/MMB29P) AppleWebKit/537.36 (KHTML, like Gecko) Chrome/41.0.2272.96 Mobile Safari/537.36 (compatible; Googlebot/2.1; +http://www.google.com/bot.html)"
68.62.44.108 - - [08/Oct/2018:16:57:04 -0700] "GET /img/autumn/thumbs/1.jpg HTTP/1.1" 200 24768 "https://www.google.com/" "Mozilla/5.0 (Macintosh; Intel Mac OS X 10_10_3) AppleWebKit/537.36 (KHTML, like Gecko) Chrome/69.0.3497.100 Safari/537.36"
180.76.15.138 - - [08/Oct/2018:17:05:59 -0700] "GET /robots.txt HTTP/1.1" 404 208 "-" "Mozilla/5.0 (Windows NT 5.1; rv:6.0.2) Gecko/20100101 Firefox/6.0.2"
180.76.15.32 - - [08/Oct/2018:17:05:59 -0700] "GET /robots.txt HTTP/1.1" 404 208 "-" "Mozilla/5.0 (Windows NT 5.1; rv:6.0.2) Gecko/20100101 Firefox/6.0.2"
180.76.15.18 - - [08/Oct/2018:17:08:08 -0700] "GET /js/lightbox.js HTTP/1.1" 200 4210 "-" "Mozilla/5.0 (compatible; Baiduspider/2.0; +http://www.baidu.com/search/spider.html)"
73.70.15.54 - - [08/Oct/2018:17:16:16 -0700] "GET /favicon.ico HTTP/1.1" 404 209 "http://rndsquared.com/" "Mozilla/5.0 (Windows NT 10.0; Win64; x64) AppleWebKit/537.36 (KHTML, like Gecko) Chrome/69.0.3497.100 Safari/537.36"
193.106.30.98 - - [08/Oct/2018:18:16:36 -0700] "GET /media/media.php?1=assert&2=die%28pi%28%29%2A42%29%3B HTTP/1.1" 404 213 "-" "Mozilla/5.0 (Windows NT 6.1; rv:34.0) Gecko/20100101 Firefox/34.0"
73.231.164.56 - - [08/Oct/2018:18:16:54 -0700] "GET /favicon.ico HTTP/1.1" 404 209 "-" "Mozilla/5.0 (iPad; CPU OS 12_0 like Mac OS X) AppleWebKit/605.1.15 (KHTML, like Gecko) FxiOS/13.2b11866 Mobile/16A366 Safari/605.1.15"
77.75.77.72 - - [08/Oct/2018:18:28:43 -0700] "GET /robots.txt HTTP/1.1" 404 208 "-" "Mozilla/5.0 (compatible; SeznamBot/3.2; +http://napoveda.seznam.cz/en/seznambot-intro/)"
77.75.77.72 - - [08/Oct/2018:18:28:45 -0700] "GET /img/sfnoir/thumbs/1.jpg HTTP/1.1" 304 - "-" "Mozilla/5.0 (compatible; SeznamBot/3.2; +http://napoveda.seznam.cz/en/seznambot-intro/)"
73.231.164.56 - - [08/Oct/2018:19:25:46 -0700] "GET /favicon.ico HTTP/1.1" 404 209 "-" "Mozilla/5.0 (iPad; CPU OS 12_0 like Mac OS X) AppleWebKit/605.1.15 (KHTML, like Gecko) FxiOS/13.2b11866 Mobile/16A366 Safari/605.1.15"
98.163.40.151 - - [08/Oct/2018:19:54:32 -0700] "GET /img/autumn/thumbs/7.jpg HTTP/1.1" 200 25117 "https://www.google.com/" "Mozilla/5.0 (iPhone; CPU iPhone OS 11_4_1 like Mac OS X) AppleWebKit/605.1.15 (KHTML, like Gecko) Version/11.0 Mobile/15E148 Safari/604.1"
73.231.164.56 - - [08/Oct/2018:20:16:15 -0700] "GET /favicon.ico HTTP/1.1" 404 209 "-" "Mozilla/5.0 (iPad; CPU OS 12_0 like Mac OS X) AppleWebKit/605.1.15 (KHTML, like Gecko) FxiOS/13.2b11866 Mobile/16A366 Safari/605.1.15"
77.75.77.109 - - [08/Oct/2018:20:51:18 -0700] "GET /robots.txt HTTP/1.1" 404 208 "-" "Mozilla/5.0 (compatible; SeznamBot/3.2; +http://napoveda.seznam.cz/en/seznambot-intro/)"
77.75.77.109 - - [08/Oct/2018:20:51:23 -0700] "GET /img/bs4w/thumbs/3.jpg HTTP/1.1" 304 - "-" "Mozilla/5.0 (compatible; SeznamBot/3.2; +http://napoveda.seznam.cz/en/seznambot-intro/)"
162.210.196.98 - - [08/Oct/2018:20:51:38 -0700] "GET /robots.txt HTTP/1.1" 404 208 "-" "Mozilla/5.0 (compatible; MJ12bot/v1.4.8; http://mj12bot.com/)"
162.210.196.98 - - [08/Oct/2018:20:51:40 -0700] "GET / HTTP/1.1" 200 72658 "-" "Mozilla/5.0 (compatible; MJ12bot/v1.4.8; http://mj12bot.com/)"
70.24.235.164 - - [08/Oct/2018:21:11:31 -0700] "GET /img/autumn/thumbs/1.jpg HTTP/1.1" 200 24768 "-" "Mozilla/5.0 (Linux; Android 7.1.1; Moto X Play Build/NPD26.48-24-1; wv) AppleWebKit/537.36 (KHTML, like Gecko) Version/4.0 Chrome/69.0.3497.100 Mobile Safari/537.36 GSA/8.23.9.21.arm"
73.231.164.56 - - [08/Oct/2018:21:12:54 -0700] "GET /favicon.ico HTTP/1.1" 404 209 "-" "Mozilla/5.0 (iPad; CPU OS 12_0 like Mac OS X) AppleWebKit/605.1.15 (KHTML, like Gecko) FxiOS/13.2b11866 Mobile/16A366 Safari/605.1.15"
77.75.78.165 - - [08/Oct/2018:21:40:36 -0700] "GET /robots.txt HTTP/1.1" 404 208 "-" "Mozilla/5.0 (compatible; SeznamBot/3.2; +http://napoveda.seznam.cz/en/seznambot-intro/)"
77.75.78.165 - - [08/Oct/2018:21:40:38 -0700] "GET /img/urban-cowgirl/thumbs/3.jpg HTTP/1.1" 304 - "-" "Mozilla/5.0 (compatible; SeznamBot/3.2; +http://napoveda.seznam.cz/en/seznambot-intro/)"
46.118.157.206 - - [08/Oct/2018:21:50:02 -0700] "GET / HTTP/1.1" 200 72658 "http://www.regionshop.biz/" "Mozilla/4.0 (compatible; MSIE 6.0; Windows NT 5.1; SV1; .NET CLR 1.1.4322) Babya Discoverer  8.0:"
46.118.157.206 - - [08/Oct/2018:21:50:05 -0700] "GET / HTTP/1.1" 200 72658 "http://www.regionshop.biz/" "Mozilla/4.0 (compatible; MSIE 6.0; Windows NT 5.1; SV1; .NET CLR 1.1.4322) Babya Discoverer  8.0:"
46.118.119.215 - - [08/Oct/2018:22:24:33 -0700] "GET / HTTP/1.1" 200 72658 "https://serdechnic.com/" "Mozilla/4.0 (compatible; MSIE 6.0; Windows NT 5.1; SV1; .NET CLR 1.0.3705; .NET CLR 1.1.4322; .NET CLR 2.0.40607)"
46.118.119.215 - - [08/Oct/2018:22:24:34 -0700] "GET / HTTP/1.1" 200 72658 "https://serdechnic.com/" "Mozilla/4.0 (compatible; MSIE 6.0; Windows NT 5.1; SV1; .NET CLR 1.0.3705; .NET CLR 1.1.4322; .NET CLR 2.0.40607)"
46.118.119.215 - - [08/Oct/2018:22:24:36 -0700] "GET / HTTP/1.1" 200 72658 "https://serdechnic.com/" "Mozilla/4.0 (compatible; MSIE 6.0; Windows NT 5.1; SV1; .NET CLR 1.0.3705; .NET CLR 1.1.4322; .NET CLR 2.0.40607)"
93.158.161.62 - - [08/Oct/2018:23:20:06 -0700] "GET /robots.txt HTTP/1.1" 404 208 "-" "Mozilla/5.0 (compatible; YandexBot/3.0; +http://yandex.com/bots)"
77.88.47.14 - - [08/Oct/2018:23:20:06 -0700] "GET /robots.txt HTTP/1.1" 404 208 "-" "Mozilla/5.0 (compatible; YandexBot/3.0; +http://yandex.com/bots)"
93.158.161.62 - - [08/Oct/2018:23:20:09 -0700] "GET / HTTP/1.1" 200 15893 "-" "Mozilla/5.0 (compatible; YandexBot/3.0; +http://yandex.com/bots)"
93.158.161.62 - - [08/Oct/2018:23:20:10 -0700] "GET / HTTP/1.1" 200 15893 "-" "Mozilla/5.0 (compatible; YandexBot/3.0; +http://yandex.com/bots)"
185.234.218.150 - - [08/Oct/2018:23:34:04 -0700] "GET / HTTP/1.0" 200 72658 "http://rndsquared.com/" "Mozilla/5.0 (Windows NT 6.3; Win64; x64) AppleWebKit/537.36 (KHTML, like Gecko) Chrome/66.0.3359.181 Safari/537.36"
185.234.218.150 - - [08/Oct/2018:23:34:05 -0700] "POST / HTTP/1.0" 200 72658 "http://rndsquared.com/" "Mozilla/5.0 (Windows NT 6.3; Win64; x64) AppleWebKit/537.36 (KHTML, like Gecko) Chrome/66.0.3359.181 Safari/537.36"
185.234.218.150 - - [08/Oct/2018:23:34:08 -0700] "GET / HTTP/1.0" 200 72658 "http://rndsquared.com/" "Mozilla/5.0 (Windows NT 6.3; Win64; x64) AppleWebKit/537.36 (KHTML, like Gecko) Chrome/66.0.3359.181 Safari/537.36"
185.234.218.150 - - [08/Oct/2018:23:34:14 -0700] "GET / HTTP/1.0" 200 72658 "http://rndsquared.com/" "Mozilla/5.0 (Windows NT 6.3; Win64; x64) AppleWebKit/537.36 (KHTML, like Gecko) Chrome/66.0.3359.181 Safari/537.36"
192.99.1.38 - - [08/Oct/2018:23:57:42 -0700] "GET /wp-login.php HTTP/1.1" 404 210 "-" "Mozilla/5.0 (Windows NT 10.0; WOW64) AppleWebKit/537.36 (KHTML, like Gecko) Chrome/46.0.2490.80 Safari/537.36"
192.99.1.38 - - [08/Oct/2018:23:57:51 -0700] "GET /robots.txt HTTP/1.1" 404 208 "-" "Mozilla/5.0 (Windows NT 10.0; WOW64) AppleWebKit/537.36 (KHTML, like Gecko) Chrome/46.0.2490.80 Safari/537.36"
77.75.79.72 - - [09/Oct/2018:00:07:40 -0700] "GET /robots.txt HTTP/1.1" 404 208 "-" "Mozilla/5.0 (compatible; SeznamBot/3.2; +http://napoveda.seznam.cz/en/seznambot-intro/)"
77.75.79.72 - - [09/Oct/2018:00:07:43 -0700] "GET /img/mixman/thumbs/13.jpg HTTP/1.1" 304 - "-" "Mozilla/5.0 (compatible; SeznamBot/3.2; +http://napoveda.seznam.cz/en/seznambot-intro/)"
104.199.62.254 - - [09/Oct/2018:00:21:08 -0700] "HEAD / HTTP/1.1" 200 - "-" "-"
104.199.62.254 - - [09/Oct/2018:00:21:08 -0700] "GET / HTTP/1.1" 200 72658 "-" "-"
180.76.15.142 - - [09/Oct/2018:01:21:24 -0700] "GET / HTTP/1.1" 200 15893 "-" "Mozilla/5.0 (compatible; Baiduspider/2.0; +http://www.baidu.com/search/spider.html)"
180.76.15.158 - - [09/Oct/2018:01:31:32 -0700] "GET / HTTP/1.1" 200 15893 "-" "Mozilla/5.0 (compatible; Baiduspider/2.0; +http://www.baidu.com/search/spider.html)"
66.249.75.206 - - [09/Oct/2018:01:47:27 -0700] "GET / HTTP/1.1" 200 15893 "-" "Mozilla/5.0 (Linux; Android 6.0.1; Nexus 5X Build/MMB29P) AppleWebKit/537.36 (KHTML, like Gecko) Chrome/41.0.2272.96 Mobile Safari/537.36 (compatible; Googlebot/2.1; +http://www.google.com/bot.html)"
178.255.215.78 - - [09/Oct/2018:01:59:19 -0700] "GET /robots.txt HTTP/1.1" 404 208 "-" "Mozilla/5.0 (compatible; Exabot/3.0; +http://www.exabot.com/go/robot)"
178.255.215.78 - - [09/Oct/2018:01:59:20 -0700] "GET / HTTP/1.1" 200 15893 "-" "Mozilla/5.0 (compatible; Exabot/3.0; +http://www.exabot.com/go/robot)"
178.137.166.158 - - [09/Oct/2018:02:28:11 -0700] "GET / HTTP/1.1" 200 72658 "http://pospektr.ru/" "Mozilla/4.0 (compatible; MSIE 6.0; Windows NT 5.1; SV1; .NET CLR 1.0.3705; .NET CLR 1.1.4322; .NET CLR 2.0.40607)"
178.137.166.158 - - [09/Oct/2018:02:28:15 -0700] "GET / HTTP/1.1" 200 72658 "http://pospektr.ru/" "Mozilla/4.0 (compatible; MSIE 6.0; Windows NT 5.1; SV1; .NET CLR 1.0.3705; .NET CLR 1.1.4322; .NET CLR 2.0.40607)"
46.229.168.139 - - [09/Oct/2018:04:04:43 -0700] "GET /robots.txt HTTP/1.1" 404 208 "-" "Mozilla/5.0 (compatible; SemrushBot/2~bl; +http://www.semrush.com/bot.html)"
46.229.168.149 - - [09/Oct/2018:04:04:44 -0700] "GET / HTTP/1.1" 200 15893 "-" "Mozilla/5.0 (compatible; SemrushBot/2~bl; +http://www.semrush.com/bot.html)"
185.209.22.195 - - [09/Oct/2018:04:58:17 -0700] "GET /database.sql HTTP/1.0" 404 210 "-" "Mozilla/4.0 (compatible; MSIE 6.0; Windows NT 5.1; Hotbar4.5.3.0)"
42.236.10.92 - - [09/Oct/2018:04:59:00 -0700] "GET / HTTP/1.1" 200 15893 "-" "Mozilla/5.0 (Linux; U; Android 5.0.2; zh-CN; Redmi Note 3 Build/LRX22G) AppleWebKit/537.36 (KHTML, like Gecko) Version/4.0 OPR/11.2.3.102637 Mobile Safari/537.36"
42.236.10.92 - - [09/Oct/2018:04:59:05 -0700] "GET /css/bootstrap.min.css HTTP/1.1" 200 11249 "http://rndsquared.com/" "Mozilla/5.0 (Windows NT 6.1; Win64; x64) AppleWebKit/537.36 (KHTML, like Gecko) Chrome/68.0.3427.1 Safari/537.36"
42.236.10.75 - - [09/Oct/2018:04:59:10 -0700] "GET /css/lightbox.css HTTP/1.1" 200 1003 "http://rndsquared.com/" "Mozilla/5.0 (Windows NT 6.1; Win64; x64) AppleWebKit/537.36 (KHTML, like Gecko) Chrome/68.0.3427.1 Safari/537.36"
42.236.10.84 - - [09/Oct/2018:04:59:10 -0700] "GET /js/modernizr.js HTTP/1.1" 200 5933 "http://rndsquared.com/" "Mozilla/5.0 (Windows NT 6.1; Win64; x64) AppleWebKit/537.36 (KHTML, like Gecko) Chrome/68.0.3427.1 Safari/537.36"
42.236.10.92 - - [09/Oct/2018:04:59:10 -0700] "GET /css/styles.css HTTP/1.1" 200 1975 "http://rndsquared.com/" "Mozilla/5.0 (Windows NT 6.1; Win64; x64) AppleWebKit/537.36 (KHTML, like Gecko) Chrome/68.0.3427.1 Safari/537.36"
42.236.10.78 - - [09/Oct/2018:04:59:10 -0700] "GET /img/urban-cowgirl/thumbs/1.jpg HTTP/1.1" 200 26624 "http://rndsquared.com/" "Mozilla/5.0 (Windows NT 6.1; Win64; x64) AppleWebKit/537.36 (KHTML, like Gecko) Chrome/68.0.3427.1 Safari/537.36"
42.236.10.84 - - [09/Oct/2018:04:59:10 -0700] "GET /img/mixman/thumbs/1.jpg HTTP/1.1" 200 35516 "http://rndsquared.com/" "Mozilla/5.0 (Windows NT 6.1; Win64; x64) AppleWebKit/537.36 (KHTML, like Gecko) Chrome/68.0.3427.1 Safari/537.36"
42.236.10.78 - - [09/Oct/2018:04:59:19 -0700] "GET /fonts/mn2-webfont.woff2 HTTP/1.1" 200 15004 "http://rndsquared.com/css/styles.css" "Mozilla/5.0 (Windows NT 6.1; Win64; x64) AppleWebKit/537.36 (KHTML, like Gecko) Chrome/68.0.3427.1 Safari/537.36"
159.65.185.87 - - [09/Oct/2018:07:26:49 -0700] "GET / HTTP/1.1" 200 15893 "-" "Mozilla/5.0 (X11; Datanyze; Linux x86_64) AppleWebKit/537.36 (KHTML, like Gecko) Chrome/65.0.3325.181 Safari/537.36"
159.65.185.87 - - [09/Oct/2018:07:26:49 -0700] "GET /js/modernizr.js HTTP/1.1" 200 5933 "http://rndsquared.com/" "Mozilla/5.0 (X11; Datanyze; Linux x86_64) AppleWebKit/537.36 (KHTML, like Gecko) Chrome/65.0.3325.181 Safari/537.36"
159.65.185.87 - - [09/Oct/2018:07:26:50 -0700] "GET /js/lightbox.js HTTP/1.1" 200 4210 "http://rndsquared.com/" "Mozilla/5.0 (X11; Datanyze; Linux x86_64) AppleWebKit/537.36 (KHTML, like Gecko) Chrome/65.0.3325.181 Safari/537.36"
159.65.185.87 - - [09/Oct/2018:07:26:50 -0700] "GET /js/scripts.js HTTP/1.1" 200 1227 "http://rndsquared.com/" "Mozilla/5.0 (X11; Datanyze; Linux x86_64) AppleWebKit/537.36 (KHTML, like Gecko) Chrome/65.0.3325.181 Safari/537.36"
73.231.164.56 - - [09/Oct/2018:08:26:10 -0700] "GET /favicon.ico HTTP/1.1" 404 209 "-" "Mozilla/5.0 (iPad; CPU OS 12_0 like Mac OS X) AppleWebKit/605.1.15 (KHTML, like Gecko) FxiOS/13.2b11866 Mobile/16A366 Safari/605.1.15"
204.48.77.85 - - [09/Oct/2018:08:38:08 -0700] "GET /img/autumn/thumbs/2.jpg HTTP/1.1" 200 45196 "-" "Mozilla/5.0 (Linux; Android 8.0.0; SM-A520W Build/R16NW; wv) AppleWebKit/537.36 (KHTML, like Gecko) Version/4.0 Chrome/68.0.3440.91 Mobile Safari/537.36 GSA/8.15.15.21.arm64"
73.231.164.56 - - [09/Oct/2018:08:53:35 -0700] "GET /favicon.ico HTTP/1.1" 404 209 "-" "Mozilla/5.0 (iPad; CPU OS 12_0 like Mac OS X) AppleWebKit/605.1.15 (KHTML, like Gecko) FxiOS/13.2b11866 Mobile/16A366 Safari/605.1.15"
180.76.15.12 - - [09/Oct/2018:09:26:41 -0700] "GET /css/bootstrap.min.css HTTP/1.1" 200 11249 "-" "Mozilla/5.0 (compatible; Baiduspider/2.0; +http://www.baidu.com/search/spider.html)"
73.231.164.56 - - [09/Oct/2018:09:46:44 -0700] "GET /favicon.ico HTTP/1.1" 404 209 "-" "Mozilla/5.0 (iPad; CPU OS 12_0 like Mac OS X) AppleWebKit/605.1.15 (KHTML, like Gecko) FxiOS/13.2b11866 Mobile/16A366 Safari/605.1.15"
73.231.164.56 - - [09/Oct/2018:09:46:44 -0700] "GET /favicon.ico HTTP/1.1" 404 209 "-" "Mozilla/5.0 (iPad; CPU OS 12_0 like Mac OS X) AppleWebKit/605.1.15 (KHTML, like Gecko) FxiOS/13.2b11866 Mobile/16A366 Safari/605.1.15"
178.137.93.108 - - [09/Oct/2018:10:00:07 -0700] "GET /license.php HTTP/1.1" 404 209 "http://rndsquared.com/license.php" "$ua.tools.random()"
178.137.93.108 - - [09/Oct/2018:10:00:07 -0700] "GET /license.php HTTP/1.1" 404 209 "http://rndsquared.com/license.php" "$ua.tools.random()"
178.137.93.108 - - [09/Oct/2018:10:00:08 -0700] "GET /license.php HTTP/1.1" 404 209 "http://rndsquared.com/license.php" "$ua.tools.random()"
178.137.93.108 - - [09/Oct/2018:10:00:08 -0700] "GET /license.php HTTP/1.1" 404 209 "http://rndsquared.com/license.php" "$ua.tools.random()"
178.137.93.108 - - [09/Oct/2018:10:00:09 -0700] "GET /license.php HTTP/1.1" 404 209 "http://rndsquared.com/license.php" "$ua.tools.random()"
72.169.80.130 - - [09/Oct/2018:10:05:35 -0700] "GET /img/autumn/thumbs/1.jpg HTTP/1.1" 200 24768 "https://www.google.com/" "Mozilla/5.0 (Windows NT 10.0; Win64; x64; rv:62.0) Gecko/20100101 Firefox/62.0"
37.115.189.131 - - [09/Oct/2018:10:10:51 -0700] "GET /css_.php HTTP/1.1" 404 206 "-" "Mozilla/5.0 (Windows NT 10.0; Win64; x64; rv:61.0) Gecko/20100101 Firefox/61.0"
