107.175.13.245 - - [07/Feb/2020:07:31:14 -0800] "GET /?name=Pasquale+Jenson&email=jenson.pasquale%40outlook.com&weJHlkUY=jenson.pasquale%40outlook.com&message=Hi+there%2C%0D%0AI+just+want+to+let+you+know+about+this+new%2C+mind+blowing+SAAS+that+will+help+you+reach+out+with+an+automated+personal+message+to+everyone+who+comments+on+your+Facebook+page.%0D%0ACheck+out+http%3A%2F%2Fsocialbuttler.online+if+you+want+to+turn+every+Facebook+comment+in+to+sale+%3A%29%0D%0A%0D%0ATo+your+success%0D%0APasquale+Jenson%0D%0A&submit= HTTP/1.0" 200 17429 "https://www.rndsquared.com" "Mozilla/5.0 (X11; Linux i686 on x86_64; rv:50.0) Gecko/20100101 Firefox/50.0"
210.54.39.50 - - [07/Feb/2020:07:34:24 -0800] "GET / HTTP/1.1" 200 79394 "-" "check_http/v2.2.1 (nagios-plugins 2.2.1)"
210.54.39.50 - - [07/Feb/2020:07:39:22 -0800] "GET / HTTP/1.1" 200 79394 "-" "check_http/v2.2.1 (nagios-plugins 2.2.1)"
210.54.39.50 - - [07/Feb/2020:07:44:24 -0800] "GET / HTTP/1.1" 200 79394 "-" "check_http/v2.2.1 (nagios-plugins 2.2.1)"
210.54.39.50 - - [07/Feb/2020:07:49:22 -0800] "GET / HTTP/1.1" 200 79394 "-" "check_http/v2.2.1 (nagios-plugins 2.2.1)"
210.54.39.50 - - [07/Feb/2020:07:54:24 -0800] "GET / HTTP/1.1" 200 79394 "-" "check_http/v2.2.1 (nagios-plugins 2.2.1)"
210.54.39.50 - - [07/Feb/2020:07:59:23 -0800] "GET / HTTP/1.1" 200 79394 "-" "check_http/v2.2.1 (nagios-plugins 2.2.1)"
210.54.39.50 - - [07/Feb/2020:08:04:24 -0800] "GET / HTTP/1.1" 200 79394 "-" "check_http/v2.2.1 (nagios-plugins 2.2.1)"
210.54.39.50 - - [07/Feb/2020:08:09:22 -0800] "GET / HTTP/1.1" 200 79394 "-" "check_http/v2.2.1 (nagios-plugins 2.2.1)"
157.55.39.31 - - [07/Feb/2020:08:12:35 -0800] "GET /robots.txt HTTP/1.1" 404 208 "-" "Mozilla/5.0 (compatible; bingbot/2.0; +http://www.bing.com/bingbot.htm)"
157.55.39.31 - - [07/Feb/2020:08:12:35 -0800] "GET /robots.txt HTTP/1.1" 404 208 "-" "Mozilla/5.0 (compatible; bingbot/2.0; +http://www.bing.com/bingbot.htm)"
210.54.39.50 - - [07/Feb/2020:08:14:24 -0800] "GET / HTTP/1.1" 200 79394 "-" "check_http/v2.2.1 (nagios-plugins 2.2.1)"
210.54.39.50 - - [07/Feb/2020:08:19:22 -0800] "GET / HTTP/1.1" 200 79394 "-" "check_http/v2.2.1 (nagios-plugins 2.2.1)"
210.54.39.50 - - [07/Feb/2020:08:24:24 -0800] "GET / HTTP/1.1" 200 79394 "-" "check_http/v2.2.1 (nagios-plugins 2.2.1)"
157.55.39.254 - - [07/Feb/2020:08:25:03 -0800] "GET /img/njn/6.jpg HTTP/1.1" 200 125438 "-" "Mozilla/5.0 (compatible; bingbot/2.0; +http://www.bing.com/bingbot.htm)"
210.54.39.50 - - [07/Feb/2020:08:29:22 -0800] "GET / HTTP/1.1" 200 79394 "-" "check_http/v2.2.1 (nagios-plugins 2.2.1)"
210.54.39.50 - - [07/Feb/2020:08:34:24 -0800] "GET / HTTP/1.1" 200 79394 "-" "check_http/v2.2.1 (nagios-plugins 2.2.1)"
210.54.39.50 - - [07/Feb/2020:08:39:22 -0800] "GET / HTTP/1.1" 200 79394 "-" "check_http/v2.2.1 (nagios-plugins 2.2.1)"
210.54.39.50 - - [07/Feb/2020:08:44:24 -0800] "GET / HTTP/1.1" 200 79394 "-" "check_http/v2.2.1 (nagios-plugins 2.2.1)"
207.46.13.32 - - [07/Feb/2020:08:47:30 -0800] "GET / HTTP/1.1" 200 17429 "-" "Mozilla/5.0 (compatible; bingbot/2.0; +http://www.bing.com/bingbot.htm)"
210.54.39.50 - - [07/Feb/2020:08:49:22 -0800] "GET / HTTP/1.1" 200 79394 "-" "check_http/v2.2.1 (nagios-plugins 2.2.1)"
210.54.39.50 - - [07/Feb/2020:08:54:24 -0800] "GET / HTTP/1.1" 200 79394 "-" "check_http/v2.2.1 (nagios-plugins 2.2.1)"
210.54.39.50 - - [07/Feb/2020:08:59:22 -0800] "GET / HTTP/1.1" 200 79394 "-" "check_http/v2.2.1 (nagios-plugins 2.2.1)"
210.54.39.50 - - [07/Feb/2020:09:04:24 -0800] "GET / HTTP/1.1" 200 79394 "-" "check_http/v2.2.1 (nagios-plugins 2.2.1)"
40.77.167.147 - - [07/Feb/2020:09:05:42 -0800] "GET /img/oncekids-fujimini/thumbs/6.jpg HTTP/1.1" 200 27603 "-" "Mozilla/5.0 (compatible; bingbot/2.0; +http://www.bing.com/bingbot.htm)"
210.54.39.50 - - [07/Feb/2020:09:09:22 -0800] "GET / HTTP/1.1" 200 79394 "-" "check_http/v2.2.1 (nagios-plugins 2.2.1)"
210.54.39.50 - - [07/Feb/2020:09:14:24 -0800] "GET / HTTP/1.1" 200 79394 "-" "check_http/v2.2.1 (nagios-plugins 2.2.1)"
210.54.39.50 - - [07/Feb/2020:09:19:22 -0800] "GET / HTTP/1.1" 200 79394 "-" "check_http/v2.2.1 (nagios-plugins 2.2.1)"
210.54.39.50 - - [07/Feb/2020:09:24:24 -0800] "GET / HTTP/1.1" 200 79394 "-" "check_http/v2.2.1 (nagios-plugins 2.2.1)"
210.54.39.50 - - [07/Feb/2020:09:29:22 -0800] "GET / HTTP/1.1" 200 79394 "-" "check_http/v2.2.1 (nagios-plugins 2.2.1)"
210.54.39.50 - - [07/Feb/2020:09:34:24 -0800] "GET / HTTP/1.1" 200 79394 "-" "check_http/v2.2.1 (nagios-plugins 2.2.1)"
210.54.39.50 - - [07/Feb/2020:09:39:22 -0800] "GET / HTTP/1.1" 200 79394 "-" "check_http/v2.2.1 (nagios-plugins 2.2.1)"
210.54.39.50 - - [07/Feb/2020:09:44:24 -0800] "GET / HTTP/1.1" 200 79394 "-" "check_http/v2.2.1 (nagios-plugins 2.2.1)"
210.54.39.50 - - [07/Feb/2020:09:49:22 -0800] "GET / HTTP/1.1" 200 79394 "-" "check_http/v2.2.1 (nagios-plugins 2.2.1)"
210.54.39.50 - - [07/Feb/2020:09:54:24 -0800] "GET / HTTP/1.1" 200 79394 "-" "check_http/v2.2.1 (nagios-plugins 2.2.1)"
210.54.39.50 - - [07/Feb/2020:09:59:22 -0800] "GET / HTTP/1.1" 200 79394 "-" "check_http/v2.2.1 (nagios-plugins 2.2.1)"
157.55.39.254 - - [07/Feb/2020:10:02:44 -0800] "GET /img/autumn/6.jpg HTTP/1.1" 200 149484 "-" "Mozilla/5.0 (compatible; bingbot/2.0; +http://www.bing.com/bingbot.htm)"
157.55.39.254 - - [07/Feb/2020:10:02:45 -0800] "GET /img/njn/6.jpg HTTP/1.1" 200 125438 "-" "Mozilla/5.0 (compatible; bingbot/2.0; +http://www.bing.com/bingbot.htm)"
157.55.39.254 - - [07/Feb/2020:10:02:46 -0800] "GET /img/njn/6.jpg HTTP/1.1" 200 125438 "-" "Mozilla/5.0 (compatible; bingbot/2.0; +http://www.bing.com/bingbot.htm)"
210.54.39.50 - - [07/Feb/2020:10:04:24 -0800] "GET / HTTP/1.1" 200 79394 "-" "check_http/v2.2.1 (nagios-plugins 2.2.1)"
210.54.39.50 - - [07/Feb/2020:10:09:22 -0800] "GET / HTTP/1.1" 200 79394 "-" "check_http/v2.2.1 (nagios-plugins 2.2.1)"
210.54.39.50 - - [07/Feb/2020:10:14:23 -0800] "GET / HTTP/1.1" 200 79394 "-" "check_http/v2.2.1 (nagios-plugins 2.2.1)"
210.54.39.50 - - [07/Feb/2020:10:19:21 -0800] "GET / HTTP/1.1" 200 79394 "-" "check_http/v2.2.1 (nagios-plugins 2.2.1)"
210.54.39.50 - - [07/Feb/2020:10:24:24 -0800] "GET / HTTP/1.1" 200 79394 "-" "check_http/v2.2.1 (nagios-plugins 2.2.1)"
210.54.39.50 - - [07/Feb/2020:10:29:22 -0800] "GET / HTTP/1.1" 200 79394 "-" "check_http/v2.2.1 (nagios-plugins 2.2.1)"
210.54.39.50 - - [07/Feb/2020:10:34:24 -0800] "GET / HTTP/1.1" 200 79394 "-" "check_http/v2.2.1 (nagios-plugins 2.2.1)"
210.54.39.50 - - [07/Feb/2020:10:39:22 -0800] "GET / HTTP/1.1" 200 79394 "-" "check_http/v2.2.1 (nagios-plugins 2.2.1)"
210.54.39.50 - - [07/Feb/2020:10:44:24 -0800] "GET / HTTP/1.1" 200 79394 "-" "check_http/v2.2.1 (nagios-plugins 2.2.1)"
210.54.39.50 - - [07/Feb/2020:10:49:21 -0800] "GET / HTTP/1.1" 200 79394 "-" "check_http/v2.2.1 (nagios-plugins 2.2.1)"
210.54.39.50 - - [07/Feb/2020:10:54:24 -0800] "GET / HTTP/1.1" 200 79394 "-" "check_http/v2.2.1 (nagios-plugins 2.2.1)"
210.54.39.50 - - [07/Feb/2020:10:59:22 -0800] "GET / HTTP/1.1" 200 79394 "-" "check_http/v2.2.1 (nagios-plugins 2.2.1)"
210.54.39.50 - - [07/Feb/2020:11:04:24 -0800] "GET / HTTP/1.1" 200 79394 "-" "check_http/v2.2.1 (nagios-plugins 2.2.1)"
157.55.39.254 - - [07/Feb/2020:11:08:57 -0800] "GET /img/autumn/6.jpg HTTP/1.1" 200 149484 "-" "Mozilla/5.0 (compatible; bingbot/2.0; +http://www.bing.com/bingbot.htm)"
210.54.39.50 - - [07/Feb/2020:11:09:22 -0800] "GET / HTTP/1.1" 200 79394 "-" "check_http/v2.2.1 (nagios-plugins 2.2.1)"
210.54.39.50 - - [07/Feb/2020:11:14:24 -0800] "GET / HTTP/1.1" 200 79394 "-" "check_http/v2.2.1 (nagios-plugins 2.2.1)"
210.54.39.50 - - [07/Feb/2020:11:19:22 -0800] "GET / HTTP/1.1" 200 79394 "-" "check_http/v2.2.1 (nagios-plugins 2.2.1)"
210.54.39.50 - - [07/Feb/2020:11:24:24 -0800] "GET / HTTP/1.1" 200 79394 "-" "check_http/v2.2.1 (nagios-plugins 2.2.1)"
210.54.39.50 - - [07/Feb/2020:11:29:22 -0800] "GET / HTTP/1.1" 200 79394 "-" "check_http/v2.2.1 (nagios-plugins 2.2.1)"
210.54.39.50 - - [07/Feb/2020:11:34:23 -0800] "GET / HTTP/1.1" 200 79394 "-" "check_http/v2.2.1 (nagios-plugins 2.2.1)"
210.54.39.50 - - [07/Feb/2020:11:39:21 -0800] "GET / HTTP/1.1" 200 79394 "-" "check_http/v2.2.1 (nagios-plugins 2.2.1)"
210.54.39.50 - - [07/Feb/2020:11:44:24 -0800] "GET / HTTP/1.1" 200 79394 "-" "check_http/v2.2.1 (nagios-plugins 2.2.1)"
210.54.39.50 - - [07/Feb/2020:11:49:22 -0800] "GET / HTTP/1.1" 200 79394 "-" "check_http/v2.2.1 (nagios-plugins 2.2.1)"
210.54.39.50 - - [07/Feb/2020:11:54:24 -0800] "GET / HTTP/1.1" 200 79394 "-" "check_http/v2.2.1 (nagios-plugins 2.2.1)"
157.55.39.31 - - [07/Feb/2020:11:58:08 -0800] "GET /robots.txt HTTP/1.1" 404 208 "-" "Mozilla/5.0 (compatible; bingbot/2.0; +http://www.bing.com/bingbot.htm)"
157.55.39.31 - - [07/Feb/2020:11:58:08 -0800] "GET /robots.txt HTTP/1.1" 404 208 "-" "Mozilla/5.0 (compatible; bingbot/2.0; +http://www.bing.com/bingbot.htm)"
157.55.39.254 - - [07/Feb/2020:11:58:16 -0800] "GET /img/oncekids-fujimini/thumbs/7.jpg HTTP/1.1" 200 39450 "-" "Mozilla/5.0 (compatible; bingbot/2.0; +http://www.bing.com/bingbot.htm)"
210.54.39.50 - - [07/Feb/2020:11:59:22 -0800] "GET / HTTP/1.1" 200 79394 "-" "check_http/v2.2.1 (nagios-plugins 2.2.1)"
210.54.39.50 - - [07/Feb/2020:12:04:23 -0800] "GET / HTTP/1.1" 200 79394 "-" "check_http/v2.2.1 (nagios-plugins 2.2.1)"
210.54.39.50 - - [07/Feb/2020:12:09:21 -0800] "GET / HTTP/1.1" 200 79394 "-" "check_http/v2.2.1 (nagios-plugins 2.2.1)"
210.54.39.50 - - [07/Feb/2020:12:14:24 -0800] "GET / HTTP/1.1" 200 79394 "-" "check_http/v2.2.1 (nagios-plugins 2.2.1)"
210.54.39.50 - - [07/Feb/2020:12:19:22 -0800] "GET / HTTP/1.1" 200 79394 "-" "check_http/v2.2.1 (nagios-plugins 2.2.1)"
210.54.39.50 - - [07/Feb/2020:12:24:23 -0800] "GET / HTTP/1.1" 200 79394 "-" "check_http/v2.2.1 (nagios-plugins 2.2.1)"
210.54.39.50 - - [07/Feb/2020:12:29:22 -0800] "GET / HTTP/1.1" 200 79394 "-" "check_http/v2.2.1 (nagios-plugins 2.2.1)"
54.36.148.42 - - [07/Feb/2020:12:32:15 -0800] "GET /robots.txt HTTP/1.1" 404 208 "-" "Mozilla/5.0 (compatible; AhrefsBot/6.1; +http://ahrefs.com/robot/)"
54.36.149.22 - - [07/Feb/2020:12:32:16 -0800] "GET /img/oncekids-fujimini/4.jpg HTTP/1.1" 200 111945 "-" "Mozilla/5.0 (compatible; AhrefsBot/6.1; +http://ahrefs.com/robot/)"
210.54.39.50 - - [07/Feb/2020:12:34:24 -0800] "GET / HTTP/1.1" 200 79394 "-" "check_http/v2.2.1 (nagios-plugins 2.2.1)"
210.54.39.50 - - [07/Feb/2020:12:39:21 -0800] "GET / HTTP/1.1" 200 79394 "-" "check_http/v2.2.1 (nagios-plugins 2.2.1)"
210.54.39.50 - - [07/Feb/2020:12:44:24 -0800] "GET / HTTP/1.1" 200 79394 "-" "check_http/v2.2.1 (nagios-plugins 2.2.1)"
210.54.39.50 - - [07/Feb/2020:12:49:22 -0800] "GET / HTTP/1.1" 200 79394 "-" "check_http/v2.2.1 (nagios-plugins 2.2.1)"
210.54.39.50 - - [07/Feb/2020:12:54:23 -0800] "GET / HTTP/1.1" 200 79394 "-" "check_http/v2.2.1 (nagios-plugins 2.2.1)"
40.77.167.82 - - [07/Feb/2020:12:56:17 -0800] "GET /img/oncekids-fujimini/thumbs/5.jpg HTTP/1.1" 200 26202 "-" "Mozilla/5.0 (compatible; bingbot/2.0; +http://www.bing.com/bingbot.htm)"
210.54.39.50 - - [07/Feb/2020:12:59:22 -0800] "GET / HTTP/1.1" 200 79394 "-" "check_http/v2.2.1 (nagios-plugins 2.2.1)"
40.77.167.82 - - [07/Feb/2020:12:59:27 -0800] "GET /img/sfnoir/9.jpg HTTP/1.1" 200 64784 "-" "Mozilla/5.0 (compatible; bingbot/2.0; +http://www.bing.com/bingbot.htm)"
210.54.39.50 - - [07/Feb/2020:13:04:24 -0800] "GET / HTTP/1.1" 200 79394 "-" "check_http/v2.2.1 (nagios-plugins 2.2.1)"
210.54.39.50 - - [07/Feb/2020:13:09:21 -0800] "GET / HTTP/1.1" 200 79394 "-" "check_http/v2.2.1 (nagios-plugins 2.2.1)"
210.54.39.50 - - [07/Feb/2020:13:14:24 -0800] "GET / HTTP/1.1" 200 79394 "-" "check_http/v2.2.1 (nagios-plugins 2.2.1)"
210.54.39.50 - - [07/Feb/2020:13:19:22 -0800] "GET / HTTP/1.1" 200 79394 "-" "check_http/v2.2.1 (nagios-plugins 2.2.1)"
210.54.39.50 - - [07/Feb/2020:13:24:23 -0800] "GET / HTTP/1.1" 200 79394 "-" "check_http/v2.2.1 (nagios-plugins 2.2.1)"
210.54.39.50 - - [07/Feb/2020:13:29:22 -0800] "GET / HTTP/1.1" 200 79394 "-" "check_http/v2.2.1 (nagios-plugins 2.2.1)"
210.54.39.50 - - [07/Feb/2020:13:34:24 -0800] "GET / HTTP/1.1" 200 79394 "-" "check_http/v2.2.1 (nagios-plugins 2.2.1)"
210.54.39.50 - - [07/Feb/2020:13:39:21 -0800] "GET / HTTP/1.1" 200 79394 "-" "check_http/v2.2.1 (nagios-plugins 2.2.1)"
210.54.39.50 - - [07/Feb/2020:13:44:23 -0800] "GET / HTTP/1.1" 200 79394 "-" "check_http/v2.2.1 (nagios-plugins 2.2.1)"
207.46.13.115 - - [07/Feb/2020:13:45:21 -0800] "GET /img/wu-wei/3.jpg HTTP/1.1" 200 173337 "-" "Mozilla/5.0 (compatible; bingbot/2.0; +http://www.bing.com/bingbot.htm)"
210.54.39.50 - - [07/Feb/2020:13:49:22 -0800] "GET / HTTP/1.1" 200 79394 "-" "check_http/v2.2.1 (nagios-plugins 2.2.1)"
210.54.39.50 - - [07/Feb/2020:13:54:23 -0800] "GET / HTTP/1.1" 200 79394 "-" "check_http/v2.2.1 (nagios-plugins 2.2.1)"
210.54.39.50 - - [07/Feb/2020:13:59:21 -0800] "GET / HTTP/1.1" 200 79394 "-" "check_http/v2.2.1 (nagios-plugins 2.2.1)"
157.55.39.208 - - [07/Feb/2020:14:00:35 -0800] "GET /img/oncekids-fujimini/thumbs/7.jpg HTTP/1.1" 200 39450 "-" "Mozilla/5.0 (compatible; bingbot/2.0; +http://www.bing.com/bingbot.htm)"
210.54.39.50 - - [07/Feb/2020:14:04:24 -0800] "GET / HTTP/1.1" 200 79394 "-" "check_http/v2.2.1 (nagios-plugins 2.2.1)"
210.54.39.50 - - [07/Feb/2020:14:09:22 -0800] "GET / HTTP/1.1" 200 79394 "-" "check_http/v2.2.1 (nagios-plugins 2.2.1)"
210.54.39.50 - - [07/Feb/2020:14:14:23 -0800] "GET / HTTP/1.1" 200 79394 "-" "check_http/v2.2.1 (nagios-plugins 2.2.1)"
210.54.39.50 - - [07/Feb/2020:14:19:21 -0800] "GET / HTTP/1.1" 200 79394 "-" "check_http/v2.2.1 (nagios-plugins 2.2.1)"
40.77.167.82 - - [07/Feb/2020:14:20:19 -0800] "GET /img/oncekids-fujimini/thumbs/5.jpg HTTP/1.1" 200 26202 "-" "Mozilla/5.0 (compatible; bingbot/2.0; +http://www.bing.com/bingbot.htm)"
210.54.39.50 - - [07/Feb/2020:14:24:23 -0800] "GET / HTTP/1.1" 200 79394 "-" "check_http/v2.2.1 (nagios-plugins 2.2.1)"
210.54.39.50 - - [07/Feb/2020:14:29:21 -0800] "GET / HTTP/1.1" 200 79394 "-" "check_http/v2.2.1 (nagios-plugins 2.2.1)"
210.54.39.50 - - [07/Feb/2020:14:34:24 -0800] "GET / HTTP/1.1" 200 79394 "-" "check_http/v2.2.1 (nagios-plugins 2.2.1)"
54.36.149.68 - - [07/Feb/2020:14:38:12 -0800] "GET /img/oncekids-fujimini/5.jpg HTTP/1.1" 200 76459 "-" "Mozilla/5.0 (compatible; AhrefsBot/6.1; +http://ahrefs.com/robot/)"
210.54.39.50 - - [07/Feb/2020:14:39:22 -0800] "GET / HTTP/1.1" 200 79394 "-" "check_http/v2.2.1 (nagios-plugins 2.2.1)"
40.77.167.82 - - [07/Feb/2020:14:41:36 -0800] "GET /img/oncekids-fujimini/thumbs/3.jpg HTTP/1.1" 200 39586 "-" "Mozilla/5.0 (compatible; bingbot/2.0; +http://www.bing.com/bingbot.htm)"
210.54.39.50 - - [07/Feb/2020:14:44:23 -0800] "GET / HTTP/1.1" 200 79394 "-" "check_http/v2.2.1 (nagios-plugins 2.2.1)"
210.54.39.50 - - [07/Feb/2020:14:49:21 -0800] "GET / HTTP/1.1" 200 79394 "-" "check_http/v2.2.1 (nagios-plugins 2.2.1)"
157.55.39.208 - - [07/Feb/2020:14:50:16 -0800] "GET /img/njn/6.jpg HTTP/1.1" 200 125438 "-" "Mozilla/5.0 (compatible; bingbot/2.0; +http://www.bing.com/bingbot.htm)"
210.54.39.50 - - [07/Feb/2020:14:54:23 -0800] "GET / HTTP/1.1" 200 79394 "-" "check_http/v2.2.1 (nagios-plugins 2.2.1)"
40.77.167.82 - - [07/Feb/2020:14:55:25 -0800] "GET /img/oncekids-fujimini/thumbs/3.jpg HTTP/1.1" 200 39586 "-" "Mozilla/5.0 (compatible; bingbot/2.0; +http://www.bing.com/bingbot.htm)"
40.77.167.82 - - [07/Feb/2020:14:56:08 -0800] "GET /img/sfnoir/9.jpg HTTP/1.1" 200 64784 "-" "Mozilla/5.0 (compatible; bingbot/2.0; +http://www.bing.com/bingbot.htm)"
54.36.150.18 - - [07/Feb/2020:14:56:52 -0800] "GET /img/bs4w/2.jpg HTTP/1.1" 200 116129 "-" "Mozilla/5.0 (compatible; AhrefsBot/6.1; +http://ahrefs.com/robot/)"
40.77.167.82 - - [07/Feb/2020:14:58:27 -0800] "GET /img/oncekids-fujimini/thumbs/5.jpg HTTP/1.1" 200 26202 "-" "Mozilla/5.0 (compatible; bingbot/2.0; +http://www.bing.com/bingbot.htm)"
210.54.39.50 - - [07/Feb/2020:14:59:21 -0800] "GET / HTTP/1.1" 200 79394 "-" "check_http/v2.2.1 (nagios-plugins 2.2.1)"
210.54.39.50 - - [07/Feb/2020:15:04:24 -0800] "GET / HTTP/1.1" 200 79394 "-" "check_http/v2.2.1 (nagios-plugins 2.2.1)"
210.54.39.50 - - [07/Feb/2020:15:09:21 -0800] "GET / HTTP/1.1" 200 79394 "-" "check_http/v2.2.1 (nagios-plugins 2.2.1)"
40.77.167.82 - - [07/Feb/2020:15:10:17 -0800] "GET /img/wu-wei/2.jpg HTTP/1.1" 200 183246 "-" "Mozilla/5.0 (compatible; bingbot/2.0; +http://www.bing.com/bingbot.htm)"
210.54.39.50 - - [07/Feb/2020:15:14:23 -0800] "GET / HTTP/1.1" 200 79394 "-" "check_http/v2.2.1 (nagios-plugins 2.2.1)"
210.54.39.50 - - [07/Feb/2020:15:19:21 -0800] "GET / HTTP/1.1" 200 79394 "-" "check_http/v2.2.1 (nagios-plugins 2.2.1)"
210.54.39.50 - - [07/Feb/2020:15:24:23 -0800] "GET / HTTP/1.1" 200 79394 "-" "check_http/v2.2.1 (nagios-plugins 2.2.1)"
210.54.39.50 - - [07/Feb/2020:15:29:22 -0800] "GET / HTTP/1.1" 200 79394 "-" "check_http/v2.2.1 (nagios-plugins 2.2.1)"
210.54.39.50 - - [07/Feb/2020:15:34:23 -0800] "GET / HTTP/1.1" 200 79394 "-" "check_http/v2.2.1 (nagios-plugins 2.2.1)"
40.77.167.82 - - [07/Feb/2020:15:37:59 -0800] "GET /img/mixman/7.jpg HTTP/1.1" 200 107323 "-" "Mozilla/5.0 (compatible; bingbot/2.0; +http://www.bing.com/bingbot.htm)"
210.54.39.50 - - [07/Feb/2020:15:39:21 -0800] "GET / HTTP/1.1" 200 79394 "-" "check_http/v2.2.1 (nagios-plugins 2.2.1)"
210.54.39.50 - - [07/Feb/2020:15:44:23 -0800] "GET / HTTP/1.1" 200 79394 "-" "check_http/v2.2.1 (nagios-plugins 2.2.1)"
210.54.39.50 - - [07/Feb/2020:15:49:21 -0800] "GET / HTTP/1.1" 200 79394 "-" "check_http/v2.2.1 (nagios-plugins 2.2.1)"
210.54.39.50 - - [07/Feb/2020:15:54:24 -0800] "GET / HTTP/1.1" 200 79394 "-" "check_http/v2.2.1 (nagios-plugins 2.2.1)"
210.54.39.50 - - [07/Feb/2020:15:59:21 -0800] "GET / HTTP/1.1" 200 79394 "-" "check_http/v2.2.1 (nagios-plugins 2.2.1)"
210.54.39.50 - - [07/Feb/2020:16:04:23 -0800] "GET / HTTP/1.1" 200 79394 "-" "check_http/v2.2.1 (nagios-plugins 2.2.1)"
210.54.39.50 - - [07/Feb/2020:16:09:21 -0800] "GET / HTTP/1.1" 200 79394 "-" "check_http/v2.2.1 (nagios-plugins 2.2.1)"
207.46.13.115 - - [07/Feb/2020:16:13:21 -0800] "GET /img/wu-wei/5.jpg HTTP/1.1" 200 220470 "-" "Mozilla/5.0 (compatible; bingbot/2.0; +http://www.bing.com/bingbot.htm)"
210.54.39.50 - - [07/Feb/2020:16:14:23 -0800] "GET / HTTP/1.1" 200 79394 "-" "check_http/v2.2.1 (nagios-plugins 2.2.1)"
207.46.13.115 - - [07/Feb/2020:16:17:41 -0800] "GET /img/njn/5.jpg HTTP/1.1" 200 117364 "-" "Mozilla/5.0 (compatible; bingbot/2.0; +http://www.bing.com/bingbot.htm)"
210.54.39.50 - - [07/Feb/2020:16:19:21 -0800] "GET / HTTP/1.1" 200 79394 "-" "check_http/v2.2.1 (nagios-plugins 2.2.1)"
40.77.167.82 - - [07/Feb/2020:16:20:25 -0800] "GET /img/wu-wei/4.jpg HTTP/1.1" 200 279891 "-" "Mozilla/5.0 (compatible; bingbot/2.0; +http://www.bing.com/bingbot.htm)"
210.54.39.50 - - [07/Feb/2020:16:24:23 -0800] "GET / HTTP/1.1" 200 79394 "-" "check_http/v2.2.1 (nagios-plugins 2.2.1)"
210.54.39.50 - - [07/Feb/2020:16:29:21 -0800] "GET / HTTP/1.1" 200 79394 "-" "check_http/v2.2.1 (nagios-plugins 2.2.1)"
95.163.255.232 - - [07/Feb/2020:16:33:42 -0800] "GET /robots.txt HTTP/1.0" 404 208 "-" "Mozilla/5.0 (compatible; Linux x86_64; Mail.RU_Bot/2.0; +http://go.mail.ru/help/robots)"
95.163.255.240 - - [07/Feb/2020:16:33:44 -0800] "GET /img/autumn/4.jpg HTTP/1.1" 304 - "-" "Mozilla/5.0 (compatible; Linux x86_64; Mail.RU_Bot/2.0; +http://go.mail.ru/help/robots)"
210.54.39.50 - - [07/Feb/2020:16:34:23 -0800] "GET / HTTP/1.1" 200 79394 "-" "check_http/v2.2.1 (nagios-plugins 2.2.1)"
210.54.39.50 - - [07/Feb/2020:16:39:21 -0800] "GET / HTTP/1.1" 200 79394 "-" "check_http/v2.2.1 (nagios-plugins 2.2.1)"
40.77.167.82 - - [07/Feb/2020:16:41:05 -0800] "GET /img/autumn/2.jpg HTTP/1.1" 200 292159 "-" "Mozilla/5.0 (compatible; bingbot/2.0; +http://www.bing.com/bingbot.htm)"
210.54.39.50 - - [07/Feb/2020:16:44:23 -0800] "GET / HTTP/1.1" 200 79394 "-" "check_http/v2.2.1 (nagios-plugins 2.2.1)"
54.36.150.111 - - [07/Feb/2020:16:45:13 -0800] "GET /img/njn/2.jpg HTTP/1.1" 200 103550 "-" "Mozilla/5.0 (compatible; AhrefsBot/6.1; +http://ahrefs.com/robot/)"
210.54.39.50 - - [07/Feb/2020:16:49:21 -0800] "GET / HTTP/1.1" 200 79394 "-" "check_http/v2.2.1 (nagios-plugins 2.2.1)"
210.54.39.50 - - [07/Feb/2020:16:54:23 -0800] "GET / HTTP/1.1" 200 79394 "-" "check_http/v2.2.1 (nagios-plugins 2.2.1)"
210.54.39.50 - - [07/Feb/2020:16:59:21 -0800] "GET / HTTP/1.1" 200 79394 "-" "check_http/v2.2.1 (nagios-plugins 2.2.1)"
207.46.13.115 - - [07/Feb/2020:17:02:05 -0800] "GET / HTTP/1.1" 200 17429 "-" "Mozilla/5.0 (compatible; bingbot/2.0; +http://www.bing.com/bingbot.htm)"
210.54.39.50 - - [07/Feb/2020:17:04:23 -0800] "GET / HTTP/1.1" 200 79394 "-" "check_http/v2.2.1 (nagios-plugins 2.2.1)"
210.54.39.50 - - [07/Feb/2020:17:09:21 -0800] "GET / HTTP/1.1" 200 79394 "-" "check_http/v2.2.1 (nagios-plugins 2.2.1)"
210.54.39.50 - - [07/Feb/2020:17:14:23 -0800] "GET / HTTP/1.1" 200 79394 "-" "check_http/v2.2.1 (nagios-plugins 2.2.1)"
40.77.167.82 - - [07/Feb/2020:17:17:29 -0800] "GET /img/autumn/2.jpg HTTP/1.1" 200 292159 "-" "Mozilla/5.0 (compatible; bingbot/2.0; +http://www.bing.com/bingbot.htm)"
210.54.39.50 - - [07/Feb/2020:17:19:21 -0800] "GET / HTTP/1.1" 200 79394 "-" "check_http/v2.2.1 (nagios-plugins 2.2.1)"
210.54.39.50 - - [07/Feb/2020:17:24:23 -0800] "GET / HTTP/1.1" 200 79394 "-" "check_http/v2.2.1 (nagios-plugins 2.2.1)"
210.54.39.50 - - [07/Feb/2020:17:29:21 -0800] "GET / HTTP/1.1" 200 79394 "-" "check_http/v2.2.1 (nagios-plugins 2.2.1)"
210.54.39.50 - - [07/Feb/2020:17:34:23 -0800] "GET / HTTP/1.1" 200 79394 "-" "check_http/v2.2.1 (nagios-plugins 2.2.1)"
209.17.96.146 - - [07/Feb/2020:17:34:36 -0800] "GET / HTTP/1.1" 200 79394 "-" "Mozilla/5.0 (compatible; Nimbostratus-Bot/v1.3.2; http://cloudsystemnetworks.com)"
210.54.39.50 - - [07/Feb/2020:17:39:21 -0800] "GET / HTTP/1.1" 200 79394 "-" "check_http/v2.2.1 (nagios-plugins 2.2.1)"
210.54.39.50 - - [07/Feb/2020:17:44:23 -0800] "GET / HTTP/1.1" 200 79394 "-" "check_http/v2.2.1 (nagios-plugins 2.2.1)"
40.77.167.82 - - [07/Feb/2020:17:47:18 -0800] "GET /img/autumn/2.jpg HTTP/1.1" 200 292159 "-" "Mozilla/5.0 (compatible; bingbot/2.0; +http://www.bing.com/bingbot.htm)"
210.54.39.50 - - [07/Feb/2020:17:49:20 -0800] "GET / HTTP/1.1" 200 79394 "-" "check_http/v2.2.1 (nagios-plugins 2.2.1)"
210.54.39.50 - - [07/Feb/2020:17:54:23 -0800] "GET / HTTP/1.1" 200 79394 "-" "check_http/v2.2.1 (nagios-plugins 2.2.1)"
210.54.39.50 - - [07/Feb/2020:17:59:21 -0800] "GET / HTTP/1.1" 200 79394 "-" "check_http/v2.2.1 (nagios-plugins 2.2.1)"
210.54.39.50 - - [07/Feb/2020:18:04:23 -0800] "GET / HTTP/1.1" 200 79394 "-" "check_http/v2.2.1 (nagios-plugins 2.2.1)"
40.77.167.82 - - [07/Feb/2020:18:08:30 -0800] "GET /img/wu-wei/4.jpg HTTP/1.1" 200 279891 "-" "Mozilla/5.0 (compatible; bingbot/2.0; +http://www.bing.com/bingbot.htm)"
210.54.39.50 - - [07/Feb/2020:18:09:21 -0800] "GET / HTTP/1.1" 200 79394 "-" "check_http/v2.2.1 (nagios-plugins 2.2.1)"
210.54.39.50 - - [07/Feb/2020:18:14:22 -0800] "GET / HTTP/1.1" 200 79394 "-" "check_http/v2.2.1 (nagios-plugins 2.2.1)"
210.54.39.50 - - [07/Feb/2020:18:19:20 -0800] "GET / HTTP/1.1" 200 79394 "-" "check_http/v2.2.1 (nagios-plugins 2.2.1)"
210.54.39.50 - - [07/Feb/2020:18:24:23 -0800] "GET / HTTP/1.1" 200 79394 "-" "check_http/v2.2.1 (nagios-plugins 2.2.1)"
210.54.39.50 - - [07/Feb/2020:18:29:21 -0800] "GET / HTTP/1.1" 200 79394 "-" "check_http/v2.2.1 (nagios-plugins 2.2.1)"
210.54.39.50 - - [07/Feb/2020:18:34:23 -0800] "GET / HTTP/1.1" 200 79394 "-" "check_http/v2.2.1 (nagios-plugins 2.2.1)"
210.54.39.50 - - [07/Feb/2020:18:39:21 -0800] "GET / HTTP/1.1" 200 79394 "-" "check_http/v2.2.1 (nagios-plugins 2.2.1)"
210.54.39.50 - - [07/Feb/2020:18:44:23 -0800] "GET / HTTP/1.1" 200 79394 "-" "check_http/v2.2.1 (nagios-plugins 2.2.1)"
210.54.39.50 - - [07/Feb/2020:18:49:21 -0800] "GET / HTTP/1.1" 200 79394 "-" "check_http/v2.2.1 (nagios-plugins 2.2.1)"
210.54.39.50 - - [07/Feb/2020:18:54:23 -0800] "GET / HTTP/1.1" 200 79394 "-" "check_http/v2.2.1 (nagios-plugins 2.2.1)"
210.54.39.50 - - [07/Feb/2020:18:59:21 -0800] "GET / HTTP/1.1" 200 79394 "-" "check_http/v2.2.1 (nagios-plugins 2.2.1)"
210.54.39.50 - - [07/Feb/2020:19:04:22 -0800] "GET / HTTP/1.1" 200 79394 "-" "check_http/v2.2.1 (nagios-plugins 2.2.1)"
210.54.39.50 - - [07/Feb/2020:19:09:20 -0800] "GET / HTTP/1.1" 200 79394 "-" "check_http/v2.2.1 (nagios-plugins 2.2.1)"
210.54.39.50 - - [07/Feb/2020:19:14:23 -0800] "GET / HTTP/1.1" 200 79394 "-" "check_http/v2.2.1 (nagios-plugins 2.2.1)"
210.54.39.50 - - [07/Feb/2020:19:19:21 -0800] "GET / HTTP/1.1" 200 79394 "-" "check_http/v2.2.1 (nagios-plugins 2.2.1)"
210.54.39.50 - - [07/Feb/2020:19:24:23 -0800] "GET / HTTP/1.1" 200 79394 "-" "check_http/v2.2.1 (nagios-plugins 2.2.1)"
157.55.39.208 - - [07/Feb/2020:19:27:20 -0800] "GET /img/njn/6.jpg HTTP/1.1" 200 125438 "-" "Mozilla/5.0 (compatible; bingbot/2.0; +http://www.bing.com/bingbot.htm)"
210.54.39.50 - - [07/Feb/2020:19:29:21 -0800] "GET / HTTP/1.1" 200 79394 "-" "check_http/v2.2.1 (nagios-plugins 2.2.1)"
210.54.39.50 - - [07/Feb/2020:19:34:22 -0800] "GET / HTTP/1.1" 200 79394 "-" "check_http/v2.2.1 (nagios-plugins 2.2.1)"
210.54.39.50 - - [07/Feb/2020:19:39:20 -0800] "GET / HTTP/1.1" 200 79394 "-" "check_http/v2.2.1 (nagios-plugins 2.2.1)"
210.54.39.50 - - [07/Feb/2020:19:44:23 -0800] "GET / HTTP/1.1" 200 79394 "-" "check_http/v2.2.1 (nagios-plugins 2.2.1)"
40.77.167.82 - - [07/Feb/2020:19:49:07 -0800] "GET /img/mixman/7.jpg HTTP/1.1" 200 107323 "-" "Mozilla/5.0 (compatible; bingbot/2.0; +http://www.bing.com/bingbot.htm)"
210.54.39.50 - - [07/Feb/2020:19:49:21 -0800] "GET / HTTP/1.1" 200 79394 "-" "check_http/v2.2.1 (nagios-plugins 2.2.1)"
5.255.250.132 - - [07/Feb/2020:19:52:57 -0800] "GET /robots.txt HTTP/1.1" 404 208 "-" "Mozilla/5.0 (compatible; YandexBot/3.0; +http://yandex.com/bots)"
5.255.250.132 - - [07/Feb/2020:19:53:00 -0800] "GET / HTTP/1.1" 200 17429 "-" "Mozilla/5.0 (compatible; YandexBot/3.0; +http://yandex.com/bots)"
210.54.39.50 - - [07/Feb/2020:19:54:23 -0800] "GET / HTTP/1.1" 200 79394 "-" "check_http/v2.2.1 (nagios-plugins 2.2.1)"
210.54.39.50 - - [07/Feb/2020:19:59:20 -0800] "GET / HTTP/1.1" 200 79394 "-" "check_http/v2.2.1 (nagios-plugins 2.2.1)"
210.54.39.50 - - [07/Feb/2020:20:04:22 -0800] "GET / HTTP/1.1" 200 79394 "-" "check_http/v2.2.1 (nagios-plugins 2.2.1)"
210.54.39.50 - - [07/Feb/2020:20:09:20 -0800] "GET / HTTP/1.1" 200 79394 "-" "check_http/v2.2.1 (nagios-plugins 2.2.1)"
40.77.167.82 - - [07/Feb/2020:20:11:28 -0800] "GET /img/autumn/2.jpg HTTP/1.1" 200 292159 "-" "Mozilla/5.0 (compatible; bingbot/2.0; +http://www.bing.com/bingbot.htm)"
40.77.167.82 - - [07/Feb/2020:20:13:51 -0800] "GET /img/sfnoir/9.jpg HTTP/1.1" 200 64784 "-" "Mozilla/5.0 (compatible; bingbot/2.0; +http://www.bing.com/bingbot.htm)"
210.54.39.50 - - [07/Feb/2020:20:14:23 -0800] "GET / HTTP/1.1" 200 79394 "-" "check_http/v2.2.1 (nagios-plugins 2.2.1)"
207.46.13.115 - - [07/Feb/2020:20:16:41 -0800] "GET /img/njn/5.jpg HTTP/1.1" 200 117364 "-" "Mozilla/5.0 (compatible; bingbot/2.0; +http://www.bing.com/bingbot.htm)"
40.77.167.82 - - [07/Feb/2020:20:17:43 -0800] "GET /img/oncekids-fujimini/thumbs/5.jpg HTTP/1.1" 200 26202 "-" "Mozilla/5.0 (compatible; bingbot/2.0; +http://www.bing.com/bingbot.htm)"
210.54.39.50 - - [07/Feb/2020:20:19:21 -0800] "GET / HTTP/1.1" 200 79394 "-" "check_http/v2.2.1 (nagios-plugins 2.2.1)"
210.54.39.50 - - [07/Feb/2020:20:24:22 -0800] "GET / HTTP/1.1" 200 79394 "-" "check_http/v2.2.1 (nagios-plugins 2.2.1)"
54.36.150.170 - - [07/Feb/2020:20:24:22 -0800] "GET /img/wu-wei/9.jpg HTTP/1.1" 200 398953 "-" "Mozilla/5.0 (compatible; AhrefsBot/6.1; +http://ahrefs.com/robot/)"
210.54.39.50 - - [07/Feb/2020:20:29:20 -0800] "GET / HTTP/1.1" 200 79394 "-" "check_http/v2.2.1 (nagios-plugins 2.2.1)"
210.54.39.50 - - [07/Feb/2020:20:34:22 -0800] "GET / HTTP/1.1" 200 79394 "-" "check_http/v2.2.1 (nagios-plugins 2.2.1)"
207.46.13.115 - - [07/Feb/2020:20:35:07 -0800] "GET /img/njn/5.jpg HTTP/1.1" 200 117364 "-" "Mozilla/5.0 (compatible; bingbot/2.0; +http://www.bing.com/bingbot.htm)"
54.36.149.100 - - [07/Feb/2020:20:37:05 -0800] "GET /img/autumn/2.jpg HTTP/1.1" 200 292159 "-" "Mozilla/5.0 (compatible; AhrefsBot/6.1; +http://ahrefs.com/robot/)"
210.54.39.50 - - [07/Feb/2020:20:39:20 -0800] "GET / HTTP/1.1" 200 79394 "-" "check_http/v2.2.1 (nagios-plugins 2.2.1)"
157.55.39.208 - - [07/Feb/2020:20:39:58 -0800] "GET /img/oncekids-fujimini/thumbs/7.jpg HTTP/1.1" 200 39450 "-" "Mozilla/5.0 (compatible; bingbot/2.0; +http://www.bing.com/bingbot.htm)"
40.77.167.82 - - [07/Feb/2020:20:42:05 -0800] "GET /img/oncekids-fujimini/thumbs/5.jpg HTTP/1.1" 200 26202 "-" "Mozilla/5.0 (compatible; bingbot/2.0; +http://www.bing.com/bingbot.htm)"
210.54.39.50 - - [07/Feb/2020:20:44:23 -0800] "GET / HTTP/1.1" 200 79394 "-" "check_http/v2.2.1 (nagios-plugins 2.2.1)"
210.54.39.50 - - [07/Feb/2020:20:49:21 -0800] "GET / HTTP/1.1" 200 79394 "-" "check_http/v2.2.1 (nagios-plugins 2.2.1)"
207.46.13.115 - - [07/Feb/2020:20:53:13 -0800] "GET /img/urban-cowgirl/6.jpg HTTP/1.1" 200 56465 "-" "Mozilla/5.0 (compatible; bingbot/2.0; +http://www.bing.com/bingbot.htm)"
210.54.39.50 - - [07/Feb/2020:20:54:22 -0800] "GET / HTTP/1.1" 200 79394 "-" "check_http/v2.2.1 (nagios-plugins 2.2.1)"
40.77.167.82 - - [07/Feb/2020:20:57:09 -0800] "GET /img/wu-wei/4.jpg HTTP/1.1" 200 279891 "-" "Mozilla/5.0 (compatible; bingbot/2.0; +http://www.bing.com/bingbot.htm)"
210.54.39.50 - - [07/Feb/2020:20:59:20 -0800] "GET / HTTP/1.1" 200 79394 "-" "check_http/v2.2.1 (nagios-plugins 2.2.1)"
210.54.39.50 - - [07/Feb/2020:21:04:23 -0800] "GET / HTTP/1.1" 200 79394 "-" "check_http/v2.2.1 (nagios-plugins 2.2.1)"
210.54.39.50 - - [07/Feb/2020:21:09:20 -0800] "GET / HTTP/1.1" 200 79394 "-" "check_http/v2.2.1 (nagios-plugins 2.2.1)"
40.77.167.82 - - [07/Feb/2020:21:14:13 -0800] "GET /img/oncekids-fujimini/thumbs/3.jpg HTTP/1.1" 200 39586 "-" "Mozilla/5.0 (compatible; bingbot/2.0; +http://www.bing.com/bingbot.htm)"
210.54.39.50 - - [07/Feb/2020:21:14:23 -0800] "GET / HTTP/1.1" 200 79394 "-" "check_http/v2.2.1 (nagios-plugins 2.2.1)"
210.54.39.50 - - [07/Feb/2020:21:19:21 -0800] "GET / HTTP/1.1" 200 79394 "-" "check_http/v2.2.1 (nagios-plugins 2.2.1)"
210.54.39.50 - - [07/Feb/2020:21:24:22 -0800] "GET / HTTP/1.1" 200 79394 "-" "check_http/v2.2.1 (nagios-plugins 2.2.1)"
210.54.39.50 - - [07/Feb/2020:21:29:20 -0800] "GET / HTTP/1.1" 200 79394 "-" "check_http/v2.2.1 (nagios-plugins 2.2.1)"
40.77.167.82 - - [07/Feb/2020:21:32:20 -0800] "GET /img/sfnoir/9.jpg HTTP/1.1" 200 64784 "-" "Mozilla/5.0 (compatible; bingbot/2.0; +http://www.bing.com/bingbot.htm)"
210.54.39.50 - - [07/Feb/2020:21:34:23 -0800] "GET / HTTP/1.1" 200 79394 "-" "check_http/v2.2.1 (nagios-plugins 2.2.1)"
40.77.167.82 - - [07/Feb/2020:21:38:10 -0800] "GET /img/autumn/2.jpg HTTP/1.1" 200 292159 "-" "Mozilla/5.0 (compatible; bingbot/2.0; +http://www.bing.com/bingbot.htm)"
210.54.39.50 - - [07/Feb/2020:21:39:21 -0800] "GET / HTTP/1.1" 200 79394 "-" "check_http/v2.2.1 (nagios-plugins 2.2.1)"
207.46.13.115 - - [07/Feb/2020:21:42:29 -0800] "GET /img/wu-wei/5.jpg HTTP/1.1" 200 220470 "-" "Mozilla/5.0 (compatible; bingbot/2.0; +http://www.bing.com/bingbot.htm)"
210.54.39.50 - - [07/Feb/2020:21:44:22 -0800] "GET / HTTP/1.1" 200 79394 "-" "check_http/v2.2.1 (nagios-plugins 2.2.1)"
40.77.167.82 - - [07/Feb/2020:21:46:19 -0800] "GET /img/autumn/2.jpg HTTP/1.1" 200 292159 "-" "Mozilla/5.0 (compatible; bingbot/2.0; +http://www.bing.com/bingbot.htm)"
40.77.167.82 - - [07/Feb/2020:21:47:24 -0800] "GET /img/mixman/7.jpg HTTP/1.1" 200 107323 "-" "Mozilla/5.0 (compatible; bingbot/2.0; +http://www.bing.com/bingbot.htm)"
210.54.39.50 - - [07/Feb/2020:21:49:20 -0800] "GET / HTTP/1.1" 200 79394 "-" "check_http/v2.2.1 (nagios-plugins 2.2.1)"
40.77.167.82 - - [07/Feb/2020:21:53:05 -0800] "GET /img/oncekids-fujimini/thumbs/5.jpg HTTP/1.1" 200 26202 "-" "Mozilla/5.0 (compatible; bingbot/2.0; +http://www.bing.com/bingbot.htm)"
210.54.39.50 - - [07/Feb/2020:21:54:22 -0800] "GET / HTTP/1.1" 200 79394 "-" "check_http/v2.2.1 (nagios-plugins 2.2.1)"
207.46.13.115 - - [07/Feb/2020:21:54:24 -0800] "GET /img/njn/5.jpg HTTP/1.1" 200 117364 "-" "Mozilla/5.0 (compatible; bingbot/2.0; +http://www.bing.com/bingbot.htm)"
210.54.39.50 - - [07/Feb/2020:21:59:20 -0800] "GET / HTTP/1.1" 200 79394 "-" "check_http/v2.2.1 (nagios-plugins 2.2.1)"
207.46.13.115 - - [07/Feb/2020:22:02:24 -0800] "GET /img/wu-wei/3.jpg HTTP/1.1" 200 173337 "-" "Mozilla/5.0 (compatible; bingbot/2.0; +http://www.bing.com/bingbot.htm)"
40.77.167.82 - - [07/Feb/2020:22:03:47 -0800] "GET /img/mixman/7.jpg HTTP/1.1" 200 107323 "-" "Mozilla/5.0 (compatible; bingbot/2.0; +http://www.bing.com/bingbot.htm)"
210.54.39.50 - - [07/Feb/2020:22:04:22 -0800] "GET / HTTP/1.1" 200 79394 "-" "check_http/v2.2.1 (nagios-plugins 2.2.1)"
40.77.167.82 - - [07/Feb/2020:22:08:16 -0800] "GET /img/sfnoir/9.jpg HTTP/1.1" 200 64784 "-" "Mozilla/5.0 (compatible; bingbot/2.0; +http://www.bing.com/bingbot.htm)"
210.54.39.50 - - [07/Feb/2020:22:09:20 -0800] "GET / HTTP/1.1" 200 79394 "-" "check_http/v2.2.1 (nagios-plugins 2.2.1)"
210.54.39.50 - - [07/Feb/2020:22:14:22 -0800] "GET / HTTP/1.1" 200 79394 "-" "check_http/v2.2.1 (nagios-plugins 2.2.1)"
54.36.148.158 - - [07/Feb/2020:22:17:29 -0800] "GET /img/njn/3.jpg HTTP/1.1" 200 157605 "-" "Mozilla/5.0 (compatible; AhrefsBot/6.1; +http://ahrefs.com/robot/)"
40.77.167.82 - - [07/Feb/2020:22:19:05 -0800] "GET /img/wu-wei/4.jpg HTTP/1.1" 200 279891 "-" "Mozilla/5.0 (compatible; bingbot/2.0; +http://www.bing.com/bingbot.htm)"
210.54.39.50 - - [07/Feb/2020:22:19:21 -0800] "GET / HTTP/1.1" 200 79394 "-" "check_http/v2.2.1 (nagios-plugins 2.2.1)"
210.54.39.50 - - [07/Feb/2020:22:24:23 -0800] "GET / HTTP/1.1" 200 79394 "-" "check_http/v2.2.1 (nagios-plugins 2.2.1)"
210.54.39.50 - - [07/Feb/2020:22:29:20 -0800] "GET / HTTP/1.1" 200 79394 "-" "check_http/v2.2.1 (nagios-plugins 2.2.1)"
210.54.39.50 - - [07/Feb/2020:22:34:22 -0800] "GET / HTTP/1.1" 200 79394 "-" "check_http/v2.2.1 (nagios-plugins 2.2.1)"
210.54.39.50 - - [07/Feb/2020:22:39:20 -0800] "GET / HTTP/1.1" 200 79394 "-" "check_http/v2.2.1 (nagios-plugins 2.2.1)"
40.77.167.82 - - [07/Feb/2020:22:42:05 -0800] "GET /img/wu-wei/4.jpg HTTP/1.1" 200 279891 "-" "Mozilla/5.0 (compatible; bingbot/2.0; +http://www.bing.com/bingbot.htm)"
210.54.39.50 - - [07/Feb/2020:22:44:22 -0800] "GET / HTTP/1.1" 200 79394 "-" "check_http/v2.2.1 (nagios-plugins 2.2.1)"
210.54.39.50 - - [07/Feb/2020:22:49:21 -0800] "GET / HTTP/1.1" 200 79394 "-" "check_http/v2.2.1 (nagios-plugins 2.2.1)"
210.54.39.50 - - [07/Feb/2020:22:54:22 -0800] "GET / HTTP/1.1" 200 79394 "-" "check_http/v2.2.1 (nagios-plugins 2.2.1)"
210.54.39.50 - - [07/Feb/2020:22:59:20 -0800] "GET / HTTP/1.1" 200 79394 "-" "check_http/v2.2.1 (nagios-plugins 2.2.1)"
77.75.77.101 - - [07/Feb/2020:23:02:45 -0800] "GET /robots.txt HTTP/1.1" 404 208 "-" "Mozilla/5.0 (compatible; SeznamBot/3.2; +http://napoveda.seznam.cz/en/seznambot-intro/)"
77.75.77.101 - - [07/Feb/2020:23:02:54 -0800] "GET /img/praxis/praxisoutside.png HTTP/1.1" 304 - "-" "Mozilla/5.0 (compatible; SeznamBot/3.2; +http://napoveda.seznam.cz/en/seznambot-intro/)"
210.54.39.50 - - [07/Feb/2020:23:04:22 -0800] "GET / HTTP/1.1" 200 79394 "-" "check_http/v2.2.1 (nagios-plugins 2.2.1)"
210.54.39.50 - - [07/Feb/2020:23:09:20 -0800] "GET / HTTP/1.1" 200 79394 "-" "check_http/v2.2.1 (nagios-plugins 2.2.1)"
210.54.39.50 - - [07/Feb/2020:23:14:22 -0800] "GET / HTTP/1.1" 200 79394 "-" "check_http/v2.2.1 (nagios-plugins 2.2.1)"
210.54.39.50 - - [07/Feb/2020:23:19:20 -0800] "GET / HTTP/1.1" 200 79394 "-" "check_http/v2.2.1 (nagios-plugins 2.2.1)"
210.54.39.50 - - [07/Feb/2020:23:24:22 -0800] "GET / HTTP/1.1" 200 79394 "-" "check_http/v2.2.1 (nagios-plugins 2.2.1)"
210.54.39.50 - - [07/Feb/2020:23:29:20 -0800] "GET / HTTP/1.1" 200 79394 "-" "check_http/v2.2.1 (nagios-plugins 2.2.1)"
210.54.39.50 - - [07/Feb/2020:23:34:22 -0800] "GET / HTTP/1.1" 200 79394 "-" "check_http/v2.2.1 (nagios-plugins 2.2.1)"
40.77.167.82 - - [07/Feb/2020:23:34:50 -0800] "GET /img/wu-wei/4.jpg HTTP/1.1" 200 279891 "-" "Mozilla/5.0 (compatible; bingbot/2.0; +http://www.bing.com/bingbot.htm)"
210.54.39.50 - - [07/Feb/2020:23:39:20 -0800] "GET / HTTP/1.1" 200 79394 "-" "check_http/v2.2.1 (nagios-plugins 2.2.1)"
40.77.167.82 - - [07/Feb/2020:23:40:37 -0800] "GET /img/mixman/7.jpg HTTP/1.1" 200 107323 "-" "Mozilla/5.0 (compatible; bingbot/2.0; +http://www.bing.com/bingbot.htm)"
207.46.13.115 - - [07/Feb/2020:23:40:56 -0800] "GET /img/wu-wei/3.jpg HTTP/1.1" 200 173337 "-" "Mozilla/5.0 (compatible; bingbot/2.0; +http://www.bing.com/bingbot.htm)"
210.54.39.50 - - [07/Feb/2020:23:44:23 -0800] "GET / HTTP/1.1" 200 79394 "-" "check_http/v2.2.1 (nagios-plugins 2.2.1)"
210.54.39.50 - - [07/Feb/2020:23:49:20 -0800] "GET / HTTP/1.1" 200 79394 "-" "check_http/v2.2.1 (nagios-plugins 2.2.1)"
40.77.167.82 - - [07/Feb/2020:23:52:30 -0800] "GET /img/mixman/7.jpg HTTP/1.1" 200 107323 "-" "Mozilla/5.0 (compatible; bingbot/2.0; +http://www.bing.com/bingbot.htm)"
210.54.39.50 - - [07/Feb/2020:23:54:22 -0800] "GET / HTTP/1.1" 200 79394 "-" "check_http/v2.2.1 (nagios-plugins 2.2.1)"
210.54.39.50 - - [07/Feb/2020:23:59:20 -0800] "GET / HTTP/1.1" 200 79394 "-" "check_http/v2.2.1 (nagios-plugins 2.2.1)"
40.77.167.82 - - [08/Feb/2020:00:03:12 -0800] "GET /img/sfnoir/9.jpg HTTP/1.1" 200 64784 "-" "Mozilla/5.0 (compatible; bingbot/2.0; +http://www.bing.com/bingbot.htm)"
210.54.39.50 - - [08/Feb/2020:00:04:22 -0800] "GET / HTTP/1.1" 200 79394 "-" "check_http/v2.2.1 (nagios-plugins 2.2.1)"
40.77.167.82 - - [08/Feb/2020:00:07:28 -0800] "GET /img/oncekids-fujimini/thumbs/5.jpg HTTP/1.1" 200 26202 "-" "Mozilla/5.0 (compatible; bingbot/2.0; +http://www.bing.com/bingbot.htm)"
210.54.39.50 - - [08/Feb/2020:00:09:20 -0800] "GET / HTTP/1.1" 200 79394 "-" "check_http/v2.2.1 (nagios-plugins 2.2.1)"
157.55.39.31 - - [08/Feb/2020:00:12:10 -0800] "GET /robots.txt HTTP/1.1" 404 208 "-" "Mozilla/5.0 (compatible; bingbot/2.0; +http://www.bing.com/bingbot.htm)"
157.55.39.31 - - [08/Feb/2020:00:12:10 -0800] "GET /robots.txt HTTP/1.1" 404 208 "-" "Mozilla/5.0 (compatible; bingbot/2.0; +http://www.bing.com/bingbot.htm)"
157.55.39.208 - - [08/Feb/2020:00:14:18 -0800] "GET /img/njn/6.jpg HTTP/1.1" 200 125438 "-" "Mozilla/5.0 (compatible; bingbot/2.0; +http://www.bing.com/bingbot.htm)"
210.54.39.50 - - [08/Feb/2020:00:14:22 -0800] "GET / HTTP/1.1" 200 79394 "-" "check_http/v2.2.1 (nagios-plugins 2.2.1)"
210.54.39.50 - - [08/Feb/2020:00:19:20 -0800] "GET / HTTP/1.1" 200 79394 "-" "check_http/v2.2.1 (nagios-plugins 2.2.1)"
210.54.39.50 - - [08/Feb/2020:00:24:22 -0800] "GET / HTTP/1.1" 200 79394 "-" "check_http/v2.2.1 (nagios-plugins 2.2.1)"
77.75.77.62 - - [08/Feb/2020:00:26:33 -0800] "GET /robots.txt HTTP/1.1" 404 208 "-" "Mozilla/5.0 (compatible; SeznamBot/3.2; +http://napoveda.seznam.cz/en/seznambot-intro/)"
77.75.77.62 - - [08/Feb/2020:00:26:40 -0800] "GET /img/sfnoir/8.jpg HTTP/1.1" 304 - "-" "Mozilla/5.0 (compatible; SeznamBot/3.2; +http://napoveda.seznam.cz/en/seznambot-intro/)"
77.75.77.62 - - [08/Feb/2020:00:26:49 -0800] "GET /img/bs4w/3.jpg HTTP/1.1" 304 - "-" "Mozilla/5.0 (compatible; SeznamBot/3.2; +http://napoveda.seznam.cz/en/seznambot-intro/)"
40.77.167.82 - - [08/Feb/2020:00:29:18 -0800] "GET /img/oncekids-fujimini/thumbs/5.jpg HTTP/1.1" 200 26202 "-" "Mozilla/5.0 (compatible; bingbot/2.0; +http://www.bing.com/bingbot.htm)"
210.54.39.50 - - [08/Feb/2020:00:29:20 -0800] "GET / HTTP/1.1" 200 79394 "-" "check_http/v2.2.1 (nagios-plugins 2.2.1)"
210.54.39.50 - - [08/Feb/2020:00:34:22 -0800] "GET / HTTP/1.1" 200 79394 "-" "check_http/v2.2.1 (nagios-plugins 2.2.1)"
210.54.39.50 - - [08/Feb/2020:00:39:20 -0800] "GET / HTTP/1.1" 200 79394 "-" "check_http/v2.2.1 (nagios-plugins 2.2.1)"
157.55.39.208 - - [08/Feb/2020:00:41:10 -0800] "GET /img/oncekids-fujimini/thumbs/7.jpg HTTP/1.1" 200 39450 "-" "Mozilla/5.0 (compatible; bingbot/2.0; +http://www.bing.com/bingbot.htm)"
210.54.39.50 - - [08/Feb/2020:00:44:22 -0800] "GET / HTTP/1.1" 200 79394 "-" "check_http/v2.2.1 (nagios-plugins 2.2.1)"
210.54.39.50 - - [08/Feb/2020:00:49:20 -0800] "GET / HTTP/1.1" 200 79394 "-" "check_http/v2.2.1 (nagios-plugins 2.2.1)"
210.54.39.50 - - [08/Feb/2020:00:54:22 -0800] "GET / HTTP/1.1" 200 79394 "-" "check_http/v2.2.1 (nagios-plugins 2.2.1)"
210.54.39.50 - - [08/Feb/2020:00:59:20 -0800] "GET / HTTP/1.1" 200 79394 "-" "check_http/v2.2.1 (nagios-plugins 2.2.1)"
210.54.39.50 - - [08/Feb/2020:01:04:22 -0800] "GET / HTTP/1.1" 200 79394 "-" "check_http/v2.2.1 (nagios-plugins 2.2.1)"
210.54.39.50 - - [08/Feb/2020:01:09:20 -0800] "GET / HTTP/1.1" 200 79394 "-" "check_http/v2.2.1 (nagios-plugins 2.2.1)"
210.54.39.50 - - [08/Feb/2020:01:14:22 -0800] "GET / HTTP/1.1" 200 79394 "-" "check_http/v2.2.1 (nagios-plugins 2.2.1)"
210.54.39.50 - - [08/Feb/2020:01:19:20 -0800] "GET / HTTP/1.1" 200 79394 "-" "check_http/v2.2.1 (nagios-plugins 2.2.1)"
210.54.39.50 - - [08/Feb/2020:01:24:22 -0800] "GET / HTTP/1.1" 200 79394 "-" "check_http/v2.2.1 (nagios-plugins 2.2.1)"
210.54.39.50 - - [08/Feb/2020:01:29:20 -0800] "GET / HTTP/1.1" 200 79394 "-" "check_http/v2.2.1 (nagios-plugins 2.2.1)"
210.54.39.50 - - [08/Feb/2020:01:34:22 -0800] "GET / HTTP/1.1" 200 79394 "-" "check_http/v2.2.1 (nagios-plugins 2.2.1)"
210.54.39.50 - - [08/Feb/2020:01:39:20 -0800] "GET / HTTP/1.1" 200 79394 "-" "check_http/v2.2.1 (nagios-plugins 2.2.1)"
207.46.13.52 - - [08/Feb/2020:01:40:28 -0800] "GET /img/autumn/2.jpg HTTP/1.1" 200 292159 "-" "Mozilla/5.0 (compatible; bingbot/2.0; +http://www.bing.com/bingbot.htm)"
210.54.39.50 - - [08/Feb/2020:01:44:22 -0800] "GET / HTTP/1.1" 200 79394 "-" "check_http/v2.2.1 (nagios-plugins 2.2.1)"
210.54.39.50 - - [08/Feb/2020:01:49:20 -0800] "GET / HTTP/1.1" 200 79394 "-" "check_http/v2.2.1 (nagios-plugins 2.2.1)"
210.54.39.50 - - [08/Feb/2020:01:54:22 -0800] "GET / HTTP/1.1" 200 79394 "-" "check_http/v2.2.1 (nagios-plugins 2.2.1)"
210.54.39.50 - - [08/Feb/2020:01:59:20 -0800] "GET / HTTP/1.1" 200 79394 "-" "check_http/v2.2.1 (nagios-plugins 2.2.1)"
210.54.39.50 - - [08/Feb/2020:02:04:22 -0800] "GET / HTTP/1.1" 200 79394 "-" "check_http/v2.2.1 (nagios-plugins 2.2.1)"
210.54.39.50 - - [08/Feb/2020:02:09:20 -0800] "GET / HTTP/1.1" 200 79394 "-" "check_http/v2.2.1 (nagios-plugins 2.2.1)"
210.54.39.50 - - [08/Feb/2020:02:14:22 -0800] "GET / HTTP/1.1" 200 79394 "-" "check_http/v2.2.1 (nagios-plugins 2.2.1)"
210.54.39.50 - - [08/Feb/2020:02:19:20 -0800] "GET / HTTP/1.1" 200 79394 "-" "check_http/v2.2.1 (nagios-plugins 2.2.1)"
210.54.39.50 - - [08/Feb/2020:02:24:21 -0800] "GET / HTTP/1.1" 200 79394 "-" "check_http/v2.2.1 (nagios-plugins 2.2.1)"
210.54.39.50 - - [08/Feb/2020:02:29:19 -0800] "GET / HTTP/1.1" 200 79394 "-" "check_http/v2.2.1 (nagios-plugins 2.2.1)"
207.46.13.52 - - [08/Feb/2020:02:34:08 -0800] "GET /img/mixman/7.jpg HTTP/1.1" 200 107323 "-" "Mozilla/5.0 (compatible; bingbot/2.0; +http://www.bing.com/bingbot.htm)"
210.54.39.50 - - [08/Feb/2020:02:34:22 -0800] "GET / HTTP/1.1" 200 79394 "-" "check_http/v2.2.1 (nagios-plugins 2.2.1)"
157.55.39.208 - - [08/Feb/2020:02:37:24 -0800] "GET /img/sfnoir/7.jpg HTTP/1.1" 200 122937 "-" "Mozilla/5.0 (compatible; bingbot/2.0; +http://www.bing.com/bingbot.htm)"
210.54.39.50 - - [08/Feb/2020:02:39:20 -0800] "GET / HTTP/1.1" 200 79394 "-" "check_http/v2.2.1 (nagios-plugins 2.2.1)"
207.46.13.115 - - [08/Feb/2020:02:41:48 -0800] "GET /img/wu-wei/3.jpg HTTP/1.1" 200 173337 "-" "Mozilla/5.0 (compatible; bingbot/2.0; +http://www.bing.com/bingbot.htm)"
210.54.39.50 - - [08/Feb/2020:02:44:22 -0800] "GET / HTTP/1.1" 200 79394 "-" "check_http/v2.2.1 (nagios-plugins 2.2.1)"
210.54.39.50 - - [08/Feb/2020:02:49:19 -0800] "GET / HTTP/1.1" 200 79394 "-" "check_http/v2.2.1 (nagios-plugins 2.2.1)"
157.55.39.208 - - [08/Feb/2020:02:50:40 -0800] "GET /img/sfnoir/7.jpg HTTP/1.1" 200 122937 "-" "Mozilla/5.0 (compatible; bingbot/2.0; +http://www.bing.com/bingbot.htm)"
210.54.39.50 - - [08/Feb/2020:02:54:22 -0800] "GET / HTTP/1.1" 200 79394 "-" "check_http/v2.2.1 (nagios-plugins 2.2.1)"
207.46.13.52 - - [08/Feb/2020:02:56:56 -0800] "GET /img/sfnoir/3.jpg HTTP/1.1" 200 74528 "-" "Mozilla/5.0 (compatible; bingbot/2.0; +http://www.bing.com/bingbot.htm)"
210.54.39.50 - - [08/Feb/2020:02:59:20 -0800] "GET / HTTP/1.1" 200 79394 "-" "check_http/v2.2.1 (nagios-plugins 2.2.1)"
77.75.78.169 - - [08/Feb/2020:03:00:47 -0800] "GET /robots.txt HTTP/1.1" 404 208 "-" "Mozilla/5.0 (compatible; SeznamBot/3.2; +http://napoveda.seznam.cz/en/seznambot-intro/)"
77.75.78.169 - - [08/Feb/2020:03:00:50 -0800] "GET /img/bs4w/4.jpg HTTP/1.1" 304 - "-" "Mozilla/5.0 (compatible; SeznamBot/3.2; +http://napoveda.seznam.cz/en/seznambot-intro/)"
157.55.39.208 - - [08/Feb/2020:03:01:39 -0800] "GET /img/sfnoir/7.jpg HTTP/1.1" 200 122937 "-" "Mozilla/5.0 (compatible; bingbot/2.0; +http://www.bing.com/bingbot.htm)"
207.46.13.52 - - [08/Feb/2020:03:03:58 -0800] "GET /img/autumn/2.jpg HTTP/1.1" 200 292159 "-" "Mozilla/5.0 (compatible; bingbot/2.0; +http://www.bing.com/bingbot.htm)"
210.54.39.50 - - [08/Feb/2020:03:04:22 -0800] "GET / HTTP/1.1" 200 79394 "-" "check_http/v2.2.1 (nagios-plugins 2.2.1)"
157.55.39.208 - - [08/Feb/2020:03:05:09 -0800] "GET /img/sfnoir/7.jpg HTTP/1.1" 200 122937 "-" "Mozilla/5.0 (compatible; bingbot/2.0; +http://www.bing.com/bingbot.htm)"
210.54.39.50 - - [08/Feb/2020:03:09:20 -0800] "GET / HTTP/1.1" 200 79394 "-" "check_http/v2.2.1 (nagios-plugins 2.2.1)"
157.55.39.208 - - [08/Feb/2020:03:11:02 -0800] "GET /img/sfnoir/7.jpg HTTP/1.1" 200 122937 "-" "Mozilla/5.0 (compatible; bingbot/2.0; +http://www.bing.com/bingbot.htm)"
207.46.13.115 - - [08/Feb/2020:03:11:06 -0800] "GET /img/njn/5.jpg HTTP/1.1" 200 117364 "-" "Mozilla/5.0 (compatible; bingbot/2.0; +http://www.bing.com/bingbot.htm)"
210.54.39.50 - - [08/Feb/2020:03:14:21 -0800] "GET / HTTP/1.1" 200 79394 "-" "check_http/v2.2.1 (nagios-plugins 2.2.1)"
207.46.13.52 - - [08/Feb/2020:03:17:04 -0800] "GET /img/mixman/7.jpg HTTP/1.1" 200 107323 "-" "Mozilla/5.0 (compatible; bingbot/2.0; +http://www.bing.com/bingbot.htm)"
210.54.39.50 - - [08/Feb/2020:03:19:19 -0800] "GET / HTTP/1.1" 200 79394 "-" "check_http/v2.2.1 (nagios-plugins 2.2.1)"
207.46.13.52 - - [08/Feb/2020:03:22:52 -0800] "GET /img/oncekids-fujimini/thumbs/5.jpg HTTP/1.1" 200 26202 "-" "Mozilla/5.0 (compatible; bingbot/2.0; +http://www.bing.com/bingbot.htm)"
210.54.39.50 - - [08/Feb/2020:03:24:22 -0800] "GET / HTTP/1.1" 200 79394 "-" "check_http/v2.2.1 (nagios-plugins 2.2.1)"
207.46.13.115 - - [08/Feb/2020:03:28:58 -0800] "GET /img/wu-wei/5.jpg HTTP/1.1" 200 220470 "-" "Mozilla/5.0 (compatible; bingbot/2.0; +http://www.bing.com/bingbot.htm)"
210.54.39.50 - - [08/Feb/2020:03:29:20 -0800] "GET / HTTP/1.1" 200 79394 "-" "check_http/v2.2.1 (nagios-plugins 2.2.1)"
210.54.39.50 - - [08/Feb/2020:03:34:21 -0800] "GET / HTTP/1.1" 200 79394 "-" "check_http/v2.2.1 (nagios-plugins 2.2.1)"
207.46.13.115 - - [08/Feb/2020:03:36:04 -0800] "GET /img/wu-wei/3.jpg HTTP/1.1" 200 173337 "-" "Mozilla/5.0 (compatible; bingbot/2.0; +http://www.bing.com/bingbot.htm)"
210.54.39.50 - - [08/Feb/2020:03:39:20 -0800] "GET / HTTP/1.1" 200 79394 "-" "check_http/v2.2.1 (nagios-plugins 2.2.1)"
210.54.39.50 - - [08/Feb/2020:03:44:22 -0800] "GET / HTTP/1.1" 200 79394 "-" "check_http/v2.2.1 (nagios-plugins 2.2.1)"
210.54.39.50 - - [08/Feb/2020:03:49:20 -0800] "GET / HTTP/1.1" 200 79394 "-" "check_http/v2.2.1 (nagios-plugins 2.2.1)"
210.54.39.50 - - [08/Feb/2020:03:54:21 -0800] "GET / HTTP/1.1" 200 79394 "-" "check_http/v2.2.1 (nagios-plugins 2.2.1)"
210.54.39.50 - - [08/Feb/2020:03:59:20 -0800] "GET / HTTP/1.1" 200 79394 "-" "check_http/v2.2.1 (nagios-plugins 2.2.1)"
157.55.39.208 - - [08/Feb/2020:03:59:21 -0800] "GET /img/njn/6.jpg HTTP/1.1" 200 125438 "-" "Mozilla/5.0 (compatible; bingbot/2.0; +http://www.bing.com/bingbot.htm)"
210.54.39.50 - - [08/Feb/2020:04:04:21 -0800] "GET / HTTP/1.1" 200 79394 "-" "check_http/v2.2.1 (nagios-plugins 2.2.1)"
210.54.39.50 - - [08/Feb/2020:04:09:19 -0800] "GET / HTTP/1.1" 200 79394 "-" "check_http/v2.2.1 (nagios-plugins 2.2.1)"
207.46.13.115 - - [08/Feb/2020:04:11:08 -0800] "GET /img/urban-cowgirl/6.jpg HTTP/1.1" 200 56465 "-" "Mozilla/5.0 (compatible; bingbot/2.0; +http://www.bing.com/bingbot.htm)"
207.46.13.115 - - [08/Feb/2020:04:11:09 -0800] "GET /img/njn/5.jpg HTTP/1.1" 200 117364 "-" "Mozilla/5.0 (compatible; bingbot/2.0; +http://www.bing.com/bingbot.htm)"
207.46.13.52 - - [08/Feb/2020:04:11:13 -0800] "GET /img/sfnoir/9.jpg HTTP/1.1" 200 64784 "-" "Mozilla/5.0 (compatible; bingbot/2.0; +http://www.bing.com/bingbot.htm)"
207.46.13.52 - - [08/Feb/2020:04:11:13 -0800] "GET /img/autumn/2.jpg HTTP/1.1" 200 292159 "-" "Mozilla/5.0 (compatible; bingbot/2.0; +http://www.bing.com/bingbot.htm)"
210.54.39.50 - - [08/Feb/2020:04:14:22 -0800] "GET / HTTP/1.1" 200 79394 "-" "check_http/v2.2.1 (nagios-plugins 2.2.1)"
210.54.39.50 - - [08/Feb/2020:04:19:20 -0800] "GET / HTTP/1.1" 200 79394 "-" "check_http/v2.2.1 (nagios-plugins 2.2.1)"
210.54.39.50 - - [08/Feb/2020:04:24:21 -0800] "GET / HTTP/1.1" 200 79394 "-" "check_http/v2.2.1 (nagios-plugins 2.2.1)"
210.54.39.50 - - [08/Feb/2020:04:29:19 -0800] "GET / HTTP/1.1" 200 79394 "-" "check_http/v2.2.1 (nagios-plugins 2.2.1)"
77.75.77.119 - - [08/Feb/2020:04:32:48 -0800] "GET /robots.txt HTTP/1.1" 404 208 "-" "Mozilla/5.0 (compatible; SeznamBot/3.2; +http://napoveda.seznam.cz/en/seznambot-intro/)"
77.75.77.119 - - [08/Feb/2020:04:32:51 -0800] "GET /img/njn/2.jpg HTTP/1.1" 304 - "-" "Mozilla/5.0 (compatible; SeznamBot/3.2; +http://napoveda.seznam.cz/en/seznambot-intro/)"
210.54.39.50 - - [08/Feb/2020:04:34:22 -0800] "GET / HTTP/1.1" 200 79394 "-" "check_http/v2.2.1 (nagios-plugins 2.2.1)"
207.46.13.52 - - [08/Feb/2020:04:38:22 -0800] "GET /img/oncekids-fujimini/thumbs/5.jpg HTTP/1.1" 200 26202 "-" "Mozilla/5.0 (compatible; bingbot/2.0; +http://www.bing.com/bingbot.htm)"
207.46.13.52 - - [08/Feb/2020:04:38:45 -0800] "GET /img/wu-wei/4.jpg HTTP/1.1" 200 279891 "-" "Mozilla/5.0 (compatible; bingbot/2.0; +http://www.bing.com/bingbot.htm)"
