181.28.159.141 - - [19/Jul/2017:19:24:15 -0700] "GET /img/sfnoir/thumbs/6.jpg HTTP/1.1" 200 31401 "https://www.rndsquared.com/" "Mozilla/5.0 (Windows NT 10.0; Win64; x64) AppleWebKit/537.36 (KHTML, like Gecko) Chrome/59.0.3071.115 Safari/537.36"
181.28.159.141 - - [19/Jul/2017:19:24:15 -0700] "GET /img/sfnoir/thumbs/7.jpg HTTP/1.1" 200 33692 "https://www.rndsquared.com/" "Mozilla/5.0 (Windows NT 10.0; Win64; x64) AppleWebKit/537.36 (KHTML, like Gecko) Chrome/59.0.3071.115 Safari/537.36"
181.28.159.141 - - [19/Jul/2017:19:24:15 -0700] "GET /img/sfnoir/thumbs/8.jpg HTTP/1.1" 200 32404 "https://www.rndsquared.com/" "Mozilla/5.0 (Windows NT 10.0; Win64; x64) AppleWebKit/537.36 (KHTML, like Gecko) Chrome/59.0.3071.115 Safari/537.36"
181.28.159.141 - - [19/Jul/2017:19:24:15 -0700] "GET /img/njn/thumbs/3.jpg HTTP/1.1" 200 33267 "https://www.rndsquared.com/" "Mozilla/5.0 (Windows NT 10.0; Win64; x64) AppleWebKit/537.36 (KHTML, like Gecko) Chrome/59.0.3071.115 Safari/537.36"
181.28.159.141 - - [19/Jul/2017:19:24:15 -0700] "GET /img/sfnoir/thumbs/9.jpg HTTP/1.1" 200 20844 "https://www.rndsquared.com/" "Mozilla/5.0 (Windows NT 10.0; Win64; x64) AppleWebKit/537.36 (KHTML, like Gecko) Chrome/59.0.3071.115 Safari/537.36"
181.28.159.141 - - [19/Jul/2017:19:24:15 -0700] "GET /img/njn/thumbs/2.jpg HTTP/1.1" 200 26672 "https://www.rndsquared.com/" "Mozilla/5.0 (Windows NT 10.0; Win64; x64) AppleWebKit/537.36 (KHTML, like Gecko) Chrome/59.0.3071.115 Safari/537.36"
181.28.159.141 - - [19/Jul/2017:19:24:16 -0700] "GET /img/njn/thumbs/4.jpg HTTP/1.1" 200 32206 "https://www.rndsquared.com/" "Mozilla/5.0 (Windows NT 10.0; Win64; x64) AppleWebKit/537.36 (KHTML, like Gecko) Chrome/59.0.3071.115 Safari/537.36"
181.28.159.141 - - [19/Jul/2017:19:24:16 -0700] "GET /img/njn/thumbs/5.jpg HTTP/1.1" 200 27963 "https://www.rndsquared.com/" "Mozilla/5.0 (Windows NT 10.0; Win64; x64) AppleWebKit/537.36 (KHTML, like Gecko) Chrome/59.0.3071.115 Safari/537.36"
181.28.159.141 - - [19/Jul/2017:19:24:16 -0700] "GET /img/njn/thumbs/6.jpg HTTP/1.1" 200 32048 "https://www.rndsquared.com/" "Mozilla/5.0 (Windows NT 10.0; Win64; x64) AppleWebKit/537.36 (KHTML, like Gecko) Chrome/59.0.3071.115 Safari/537.36"
181.28.159.141 - - [19/Jul/2017:19:24:16 -0700] "GET /img/njn/thumbs/7.jpg HTTP/1.1" 200 28520 "https://www.rndsquared.com/" "Mozilla/5.0 (Windows NT 10.0; Win64; x64) AppleWebKit/537.36 (KHTML, like Gecko) Chrome/59.0.3071.115 Safari/537.36"
181.28.159.141 - - [19/Jul/2017:19:24:16 -0700] "GET /img/njn/thumbs/8.jpg HTTP/1.1" 200 28396 "https://www.rndsquared.com/" "Mozilla/5.0 (Windows NT 10.0; Win64; x64) AppleWebKit/537.36 (KHTML, like Gecko) Chrome/59.0.3071.115 Safari/537.36"
181.28.159.141 - - [19/Jul/2017:19:24:16 -0700] "GET /img/autumn/thumbs/2.jpg HTTP/1.1" 200 45196 "https://www.rndsquared.com/" "Mozilla/5.0 (Windows NT 10.0; Win64; x64) AppleWebKit/537.36 (KHTML, like Gecko) Chrome/59.0.3071.115 Safari/537.36"
181.28.159.141 - - [19/Jul/2017:19:24:16 -0700] "GET /img/autumn/thumbs/3.jpg HTTP/1.1" 200 40589 "https://www.rndsquared.com/" "Mozilla/5.0 (Windows NT 10.0; Win64; x64) AppleWebKit/537.36 (KHTML, like Gecko) Chrome/59.0.3071.115 Safari/537.36"
181.28.159.141 - - [19/Jul/2017:19:24:17 -0700] "GET /img/autumn/thumbs/4.jpg HTTP/1.1" 200 20880 "https://www.rndsquared.com/" "Mozilla/5.0 (Windows NT 10.0; Win64; x64) AppleWebKit/537.36 (KHTML, like Gecko) Chrome/59.0.3071.115 Safari/537.36"
181.28.159.141 - - [19/Jul/2017:19:24:17 -0700] "GET /img/autumn/thumbs/5.jpg HTTP/1.1" 200 29246 "https://www.rndsquared.com/" "Mozilla/5.0 (Windows NT 10.0; Win64; x64) AppleWebKit/537.36 (KHTML, like Gecko) Chrome/59.0.3071.115 Safari/537.36"
181.28.159.141 - - [19/Jul/2017:19:24:17 -0700] "GET /img/autumn/thumbs/6.jpg HTTP/1.1" 200 30923 "https://www.rndsquared.com/" "Mozilla/5.0 (Windows NT 10.0; Win64; x64) AppleWebKit/537.36 (KHTML, like Gecko) Chrome/59.0.3071.115 Safari/537.36"
181.28.159.141 - - [19/Jul/2017:19:24:17 -0700] "GET /img/autumn/thumbs/7.jpg HTTP/1.1" 200 25117 "https://www.rndsquared.com/" "Mozilla/5.0 (Windows NT 10.0; Win64; x64) AppleWebKit/537.36 (KHTML, like Gecko) Chrome/59.0.3071.115 Safari/537.36"
181.28.159.141 - - [19/Jul/2017:19:24:17 -0700] "GET /img/autumn/thumbs/8.jpg HTTP/1.1" 200 20283 "https://www.rndsquared.com/" "Mozilla/5.0 (Windows NT 10.0; Win64; x64) AppleWebKit/537.36 (KHTML, like Gecko) Chrome/59.0.3071.115 Safari/537.36"
181.28.159.141 - - [19/Jul/2017:19:24:17 -0700] "GET /css/images/close.png HTTP/1.1" 200 280 "https://www.rndsquared.com/css/lightbox.css" "Mozilla/5.0 (Windows NT 10.0; Win64; x64) AppleWebKit/537.36 (KHTML, like Gecko) Chrome/59.0.3071.115 Safari/537.36"
181.28.159.141 - - [19/Jul/2017:19:24:18 -0700] "GET /css/images/loading.gif HTTP/1.1" 200 8476 "https://www.rndsquared.com/css/lightbox.css" "Mozilla/5.0 (Windows NT 10.0; Win64; x64) AppleWebKit/537.36 (KHTML, like Gecko) Chrome/59.0.3071.115 Safari/537.36"
181.28.159.141 - - [19/Jul/2017:19:24:18 -0700] "GET /css/images/prev.png HTTP/1.1" 200 1360 "https://www.rndsquared.com/css/lightbox.css" "Mozilla/5.0 (Windows NT 10.0; Win64; x64) AppleWebKit/537.36 (KHTML, like Gecko) Chrome/59.0.3071.115 Safari/537.36"
181.28.159.141 - - [19/Jul/2017:19:24:18 -0700] "GET /css/images/next.png HTTP/1.1" 200 1350 "https://www.rndsquared.com/css/lightbox.css" "Mozilla/5.0 (Windows NT 10.0; Win64; x64) AppleWebKit/537.36 (KHTML, like Gecko) Chrome/59.0.3071.115 Safari/537.36"
181.28.159.141 - - [19/Jul/2017:19:24:19 -0700] "GET /favicon.ico HTTP/1.1" 404 209 "https://www.rndsquared.com/" "Mozilla/5.0 (Windows NT 10.0; Win64; x64) AppleWebKit/537.36 (KHTML, like Gecko) Chrome/59.0.3071.115 Safari/537.36"
217.69.133.243 - - [19/Jul/2017:21:21:31 -0700] "GET /robots.txt HTTP/1.0" 404 208 "-" "Mozilla/5.0 (compatible; Linux x86_64; Mail.RU_Bot/2.0; +http://go.mail.ru/help/robots)"
217.69.133.190 - - [19/Jul/2017:21:21:32 -0700] "GET / HTTP/1.1" 200 15892 "-" "Mozilla/5.0 (compatible; Linux x86_64; Mail.RU_Bot/2.0; +http://go.mail.ru/help/robots)"
66.249.79.85 - - [19/Jul/2017:21:33:56 -0700] "GET /robots.txt HTTP/1.1" 404 208 "-" "Mozilla/5.0 (compatible; Googlebot/2.1; +http://www.google.com/bot.html)"
66.249.79.81 - - [19/Jul/2017:21:33:56 -0700] "GET /img/mixman/thumbs/13.jpg HTTP/1.1" 304 - "-" "Googlebot-Image/1.0"
162.210.196.130 - - [19/Jul/2017:23:04:18 -0700] "GET /robots.txt HTTP/1.1" 404 208 "-" "Mozilla/5.0 (compatible; MJ12bot/v1.4.8; http://mj12bot.com/)"
162.210.196.130 - - [19/Jul/2017:23:04:28 -0700] "GET / HTTP/1.1" 200 72657 "-" "Mozilla/5.0 (compatible; MJ12bot/v1.4.8; http://mj12bot.com/)"
141.8.143.215 - - [20/Jul/2017:00:50:25 -0700] "GET /robots.txt HTTP/1.1" 404 208 "-" "Mozilla/5.0 (compatible; YandexBot/3.0; +http://yandex.com/bots)"
141.8.143.215 - - [20/Jul/2017:00:50:29 -0700] "GET / HTTP/1.1" 200 15892 "-" "Mozilla/5.0 (compatible; YandexBot/3.0; +http://yandex.com/bots)"
199.58.164.136 - - [20/Jul/2017:00:53:22 -0700] "HEAD / HTTP/1.1" 200 - "http://www.rndsquared.com" "Mozilla/5.0 (compatible; Uptimebot/1.0; +http://www.uptime.com/uptimebot)"
157.55.39.32 - - [20/Jul/2017:01:01:56 -0700] "GET /robots.txt HTTP/1.1" 404 208 "-" "Mozilla/5.0 (compatible; bingbot/2.0; +http://www.bing.com/bingbot.htm)"
46.229.164.98 - - [20/Jul/2017:03:40:03 -0700] "GET /robots.txt HTTP/1.1" 404 208 "-" "Mozilla/5.0 (compatible; SemrushBot/1.2~bl; +http://www.semrush.com/bot.html)"
37.187.129.166 - - [20/Jul/2017:04:44:23 -0700] "GET / HTTP/1.1" 200 15892 "-" "Mozilla/5.0 (Windows NT 5.1; rv:7.0.1) Gecko/20100101 Firefox/7.0.1"
144.217.60.239 - - [20/Jul/2017:04:44:35 -0700] "GET / HTTP/1.1" 200 15892 "-" "Mozilla/5.0 (Windows NT 5.1; rv:7.0.1) Gecko/20100101 Firefox/7.0.1"
144.217.60.239 - - [20/Jul/2017:04:44:38 -0700] "GET /wp-login.php?action=register HTTP/1.1" 404 210 "-" "Mozilla/5.0 (Windows NT 5.1; rv:7.0.1) Gecko/20100101 Firefox/7.0.1"
144.217.60.239 - - [20/Jul/2017:04:44:40 -0700] "GET / HTTP/1.1" 200 15892 "-" "Mozilla/5.0 (Windows NT 5.1; rv:7.0.1) Gecko/20100101 Firefox/7.0.1"
144.217.60.239 - - [20/Jul/2017:04:44:43 -0700] "GET /index.php?option=com_user&task=register HTTP/1.1" 404 207 "-" "Mozilla/5.0 (Windows NT 5.1; rv:7.0.1) Gecko/20100101 Firefox/7.0.1"
62.210.105.116 - - [20/Jul/2017:04:44:47 -0700] "GET / HTTP/1.1" 200 15892 "-" "Mozilla/5.0 (Windows NT 5.1; rv:7.0.1) Gecko/20100101 Firefox/7.0.1"
217.69.133.243 - - [20/Jul/2017:05:14:43 -0700] "GET /robots.txt HTTP/1.0" 404 208 "-" "Mozilla/5.0 (compatible; Linux x86_64; Mail.RU_Bot/2.0; +http://go.mail.ru/help/robots)"
217.69.133.241 - - [20/Jul/2017:05:14:45 -0700] "GET /img/njn/5.jpg HTTP/1.1" 200 117364 "-" "Mozilla/5.0 (compatible; Linux x86_64; Mail.RU_Bot/2.0; +http://go.mail.ru/help/robots)"
180.76.15.135 - - [20/Jul/2017:05:53:00 -0700] "GET /css/bootstrap.min.css HTTP/1.1" 200 63993 "-" "Mozilla/5.0 (compatible; Baiduspider/2.0; +http://www.baidu.com/search/spider.html)"
180.76.15.145 - - [20/Jul/2017:06:21:21 -0700] "GET / HTTP/1.1" 304 - "-" "Mozilla/5.0 (compatible; Baiduspider/2.0; +http://www.baidu.com/search/spider.html)"
5.196.87.42 - - [20/Jul/2017:08:33:02 -0700] "GET /robots.txt HTTP/1.1" 404 208 "-" "Mozilla/5.0 (compatible; AhrefsBot/5.2; +http://ahrefs.com/robot/)"
92.255.99.128 - - [20/Jul/2017:11:17:28 -0700] "GET / HTTP/1.0" 200 72657 "-" "Mozilla/4.0 (compatible; MSIE 6.0; Windows NT 5.1; .NET CLR 1.1.4322)"
31.184.243.234 - - [20/Jul/2017:14:25:57 -0700] "GET / HTTP/1.0" 200 72657 "-" "Mozilla/4.0 (compatible; MSIE 6.0; Windows NT 5.1; .NET CLR 1.1.4322)"
46.229.164.100 - - [20/Jul/2017:16:53:38 -0700] "GET /robots.txt HTTP/1.1" 404 208 "-" "Mozilla/5.0 (compatible; SemrushBot/1.2~bl; +http://www.semrush.com/bot.html)"
34.202.162.228 - - [20/Jul/2017:18:27:34 -0700] "GET / HTTP/1.1" 200 15892 "-" "Mozilla/5.0 (Macintosh; Intel Mac OS X 10_12_5) AppleWebKit/537.36 (KHTML, like Gecko) Chrome/58.0.3029.110 Safari/537.36"
5.255.250.47 - - [20/Jul/2017:21:06:17 -0700] "GET /robots.txt HTTP/1.1" 404 208 "-" "Mozilla/5.0 (compatible; YandexBot/3.0; +http://yandex.com/bots)"
5.255.250.47 - - [20/Jul/2017:21:06:22 -0700] "GET /favicon.ico HTTP/1.1" 404 209 "-" "Mozilla/5.0 (compatible; YandexBot/3.0; +http://yandex.com/bots)"
180.76.15.139 - - [21/Jul/2017:00:28:53 -0700] "GET / HTTP/1.1" 200 72657 "-" "Mozilla/5.0 (compatible; Baiduspider/2.0; +http://www.baidu.com/search/spider.html)"
66.249.70.21 - - [21/Jul/2017:00:35:24 -0700] "GET /robots.txt HTTP/1.1" 404 208 "-" "Mozilla/5.0 (compatible; Googlebot/2.1; +http://www.google.com/bot.html)"
66.249.70.17 - - [21/Jul/2017:00:35:25 -0700] "GET / HTTP/1.1" 200 15892 "-" "Mozilla/5.0 (compatible; Googlebot/2.1; +http://www.google.com/bot.html)"
138.197.104.19 - - [21/Jul/2017:01:50:29 -0700] "GET / HTTP/1.1" 200 15892 "http://rndsquared.com/" "Mozilla/5.0 (Windows NT 6.1; rv:28.0) Gecko/20100101 Firefox/28.0"
138.197.104.19 - - [21/Jul/2017:01:50:32 -0700] "GET / HTTP/1.1" 301 235 "-" "-"
138.197.104.19 - - [21/Jul/2017:01:50:35 -0700] "GET /robots.txt HTTP/1.1" 404 208 "-" "Mozilla/5.0 (Windows NT 6.1; WOW64; rv:29.0) Gecko/20100101 Firefox/29.0"
138.197.104.19 - - [21/Jul/2017:01:50:56 -0700] "GET /css/bootstrap.min.css HTTP/1.1" 200 63993 "-" "Mozilla/5.0 (Windows NT 6.3; WOW64) AppleWebKit/537.36 (KHTML, like Gecko) Chrome/34.0.1847.131 Safari/537.36"
138.197.104.19 - - [21/Jul/2017:01:50:57 -0700] "GET /css/lightbox.css HTTP/1.1" 200 3874 "-" "Mozilla/5.0 (Windows NT 6.1; WOW64) AppleWebKit/537.36 (KHTML, like Gecko) Chrome/34.0.1847.137 Safari/537.36"
138.197.104.19 - - [21/Jul/2017:01:50:57 -0700] "GET /css/styles.css HTTP/1.1" 200 7906 "-" "Mozilla/5.0 (Macintosh; Intel Mac OS X 10_9_2) AppleWebKit/537.36 (KHTML, like Gecko) Chrome/34.0.1847.131 Safari/537.36"
138.197.104.19 - - [21/Jul/2017:01:50:57 -0700] "GET /js/modernizr.js HTTP/1.1" 200 14521 "-" "Mozilla/5.0 (compatible; MSIE 9.0; Windows NT 6.1; WOW64; Trident/5.0)"
138.197.104.19 - - [21/Jul/2017:01:50:58 -0700] "GET /js/lightbox.js HTTP/1.1" 200 15366 "-" "Mozilla/5.0 (Macintosh; Intel Mac OS X 10_9_2) AppleWebKit/537.36 (KHTML, like Gecko) Chrome/34.0.1847.131 Safari/537.36"
138.197.104.19 - - [21/Jul/2017:01:50:58 -0700] "GET /js/scripts.js HTTP/1.1" 200 3179 "-" "Mozilla/5.0 (Macintosh; Intel Mac OS X 10.9; rv:29.0) Gecko/20100101 Firefox/29.0"
31.184.243.234 - - [21/Jul/2017:02:31:43 -0700] "GET / HTTP/1.0" 200 72657 "-" "Mozilla/4.0 (compatible; MSIE 6.0; Windows NT 5.1; .NET CLR 1.1.4322)"
83.149.126.98 - - [21/Jul/2017:02:54:54 -0700] "GET /robots.txt HTTP/1.1" 404 208 "-" "Mozilla/5.0 (compatible; MJ12bot/v1.4.8; http://mj12bot.com/)"
83.149.126.98 - - [21/Jul/2017:02:55:01 -0700] "GET / HTTP/1.1" 200 72657 "-" "Mozilla/5.0 (compatible; MJ12bot/v1.4.8; http://mj12bot.com/)"
66.249.70.19 - - [21/Jul/2017:06:13:08 -0700] "GET /img/njn/2.jpg HTTP/1.1" 200 103550 "-" "Googlebot-Image/1.0"
66.249.70.19 - - [21/Jul/2017:06:19:56 -0700] "GET /img/njn/3.jpg HTTP/1.1" 200 157605 "-" "Googlebot-Image/1.0"
66.249.70.17 - - [21/Jul/2017:06:30:02 -0700] "GET /img/njn/8.jpg HTTP/1.1" 200 124240 "-" "Googlebot-Image/1.0"
66.249.70.21 - - [21/Jul/2017:06:50:37 -0700] "GET /img/njn/1.jpg HTTP/1.1" 200 88793 "-" "Googlebot-Image/1.0"
66.249.70.17 - - [21/Jul/2017:07:29:01 -0700] "GET /img/njn/5.jpg HTTP/1.1" 200 117364 "-" "Googlebot-Image/1.0"
66.249.70.21 - - [21/Jul/2017:07:39:12 -0700] "GET /img/njn/5.jpg HTTP/1.1" 200 117364 "-" "Googlebot-Image/1.0"
46.229.164.98 - - [21/Jul/2017:08:18:54 -0700] "GET /robots.txt HTTP/1.1" 404 208 "-" "Mozilla/5.0 (compatible; SemrushBot/1.2~bl; +http://www.semrush.com/bot.html)"
66.249.70.17 - - [21/Jul/2017:08:24:05 -0700] "GET /img/njn/4.jpg HTTP/1.1" 200 151484 "-" "Googlebot-Image/1.0"
66.249.70.19 - - [21/Jul/2017:08:29:17 -0700] "GET /img/njn/4.jpg HTTP/1.1" 200 151484 "-" "Googlebot-Image/1.0"
66.249.70.17 - - [21/Jul/2017:08:59:43 -0700] "GET /img/njn/6.jpg HTTP/1.1" 200 125438 "-" "Googlebot-Image/1.0"
46.229.164.100 - - [21/Jul/2017:09:12:37 -0700] "GET /robots.txt HTTP/1.1" 404 208 "-" "Mozilla/5.0 (compatible; SemrushBot/1.2~bl; +http://www.semrush.com/bot.html)"
138.197.96.197 - - [21/Jul/2017:09:59:31 -0700] "GET / HTTP/1.1" 200 15892 "-" "Mozilla/5.0 (Windows NT 6.1; WOW64; rv:21.0) Gecko/20100101 Firefox/21.0"
138.197.96.197 - - [21/Jul/2017:09:59:32 -0700] "GET /js/scripts.js HTTP/1.1" 200 1227 "https://www.rndsquared.com/" "Mozilla/5.0 (Windows NT 6.1; WOW64; rv:21.0) Gecko/20100101 Firefox/21.0"
138.197.96.197 - - [21/Jul/2017:09:59:32 -0700] "GET /js/lightbox.js HTTP/1.1" 200 4210 "https://www.rndsquared.com/" "Mozilla/5.0 (Windows NT 6.1; WOW64; rv:21.0) Gecko/20100101 Firefox/21.0"
138.197.96.197 - - [21/Jul/2017:09:59:32 -0700] "GET /js/modernizr.js HTTP/1.1" 200 5933 "https://www.rndsquared.com/" "Mozilla/5.0 (Windows NT 6.1; WOW64; rv:21.0) Gecko/20100101 Firefox/21.0"
66.249.70.21 - - [21/Jul/2017:10:15:23 -0700] "GET /img/bs4w/8.jpg HTTP/1.1" 200 67708 "-" "Googlebot-Image/1.0"
66.249.70.21 - - [21/Jul/2017:10:41:04 -0700] "GET /img/njn/7.jpg HTTP/1.1" 200 116420 "-" "Googlebot-Image/1.0"
66.249.73.201 - - [21/Jul/2017:11:10:20 -0700] "GET /img/bs4w/7.jpg HTTP/1.1" 200 80775 "-" "Googlebot-Image/1.0"
66.249.73.197 - - [21/Jul/2017:11:23:16 -0700] "GET /img/bs4w/7.jpg HTTP/1.1" 200 80775 "-" "Googlebot-Image/1.0"
66.249.73.197 - - [21/Jul/2017:11:24:56 -0700] "GET /img/bs4w/3.jpg HTTP/1.1" 200 74030 "-" "Googlebot-Image/1.0"
66.249.73.201 - - [21/Jul/2017:11:28:20 -0700] "GET /img/bs4w/3.jpg HTTP/1.1" 200 74030 "-" "Googlebot-Image/1.0"
66.249.73.199 - - [21/Jul/2017:11:29:29 -0700] "GET /img/bs4w/7.jpg HTTP/1.1" 200 80775 "-" "Googlebot-Image/1.0"
66.249.73.199 - - [21/Jul/2017:11:33:34 -0700] "GET /img/bs4w/7.jpg HTTP/1.1" 200 80775 "-" "Googlebot-Image/1.0"
66.249.73.201 - - [21/Jul/2017:11:36:46 -0700] "GET /img/bs4w/7.jpg HTTP/1.1" 200 80775 "-" "Googlebot-Image/1.0"
66.249.73.197 - - [21/Jul/2017:11:40:12 -0700] "GET /img/bs4w/1.jpg HTTP/1.1" 200 61424 "-" "Googlebot-Image/1.0"
66.249.73.201 - - [21/Jul/2017:11:43:26 -0700] "GET /img/bs4w/1.jpg HTTP/1.1" 200 61424 "-" "Googlebot-Image/1.0"
66.249.73.201 - - [21/Jul/2017:11:47:25 -0700] "GET /img/bs4w/1.jpg HTTP/1.1" 200 61424 "-" "Googlebot-Image/1.0"
66.249.73.197 - - [21/Jul/2017:11:51:34 -0700] "GET /img/bs4w/1.jpg HTTP/1.1" 200 61424 "-" "Googlebot-Image/1.0"
66.249.73.199 - - [21/Jul/2017:11:56:14 -0700] "GET /img/bs4w/1.jpg HTTP/1.1" 200 61424 "-" "Googlebot-Image/1.0"
66.249.73.197 - - [21/Jul/2017:12:03:09 -0700] "GET /img/bs4w/5.jpg HTTP/1.1" 200 42135 "-" "Googlebot-Image/1.0"
66.249.73.199 - - [21/Jul/2017:12:06:57 -0700] "GET /img/bs4w/1.jpg HTTP/1.1" 200 61424 "-" "Googlebot-Image/1.0"
66.249.73.199 - - [21/Jul/2017:12:14:28 -0700] "GET /img/bs4w/2.jpg HTTP/1.1" 200 116129 "-" "Googlebot-Image/1.0"
66.249.73.197 - - [21/Jul/2017:12:22:05 -0700] "GET /img/bs4w/1.jpg HTTP/1.1" 200 61424 "-" "Googlebot-Image/1.0"
66.249.73.197 - - [21/Jul/2017:12:24:23 -0700] "GET /img/bs4w/6.jpg HTTP/1.1" 200 42274 "-" "Googlebot-Image/1.0"
66.249.73.201 - - [21/Jul/2017:12:25:15 -0700] "GET /img/bs4w/2.jpg HTTP/1.1" 200 116129 "-" "Googlebot-Image/1.0"
66.249.73.197 - - [21/Jul/2017:12:38:27 -0700] "GET /robots.txt HTTP/1.1" 404 208 "-" "Mozilla/5.0 (compatible; Googlebot/2.1; +http://www.google.com/bot.html)"
66.249.73.197 - - [21/Jul/2017:12:38:27 -0700] "GET /img/bs4w/4.jpg HTTP/1.1" 200 93892 "-" "Googlebot-Image/1.0"
194.187.170.113 - - [21/Jul/2017:12:40:59 -0700] "GET /robots.txt HTTP/1.0" 404 208 "-" "Mozilla/5.0 (compatible; Qwantify/2.4w; +https://www.qwant.com/)/2.4w"
194.187.170.113 - - [21/Jul/2017:12:41:00 -0700] "GET / HTTP/1.0" 200 15892 "-" "Mozilla/5.0 (compatible; Qwantify/2.4w; +https://www.qwant.com/)/2.4w"
66.249.73.199 - - [21/Jul/2017:13:18:37 -0700] "GET /img/wu-wei/6.jpg HTTP/1.1" 200 180106 "-" "Googlebot-Image/1.0"
66.249.73.197 - - [21/Jul/2017:13:22:11 -0700] "GET /img/wu-wei/6.jpg HTTP/1.1" 200 180106 "-" "Googlebot-Image/1.0"
66.249.73.199 - - [21/Jul/2017:13:25:42 -0700] "GET /img/wu-wei/6.jpg HTTP/1.1" 200 180106 "-" "Googlebot-Image/1.0"
66.249.73.201 - - [21/Jul/2017:13:37:39 -0700] "GET /img/wu-wei/6.jpg HTTP/1.1" 200 180106 "-" "Googlebot-Image/1.0"
194.187.170.113 - - [21/Jul/2017:13:38:17 -0700] "GET /robots.txt HTTP/1.0" 404 208 "-" "Mozilla/5.0 (compatible; Qwantify/2.4w; +https://www.qwant.com/)/2.4w"
194.187.170.113 - - [21/Jul/2017:13:38:18 -0700] "GET / HTTP/1.0" 200 15892 "-" "Mozilla/5.0 (compatible; Qwantify/2.4w; +https://www.qwant.com/)/2.4w"
66.249.73.199 - - [21/Jul/2017:13:40:56 -0700] "GET /img/autumn/8.jpg HTTP/1.1" 200 100218 "-" "Googlebot-Image/1.0"
66.249.73.199 - - [21/Jul/2017:13:41:43 -0700] "GET /img/wu-wei/6.jpg HTTP/1.1" 200 180106 "-" "Googlebot-Image/1.0"
66.249.73.201 - - [21/Jul/2017:14:04:43 -0700] "GET /img/autumn/7.jpg HTTP/1.1" 200 236722 "-" "Googlebot-Image/1.0"
66.249.73.199 - - [21/Jul/2017:14:42:39 -0700] "GET /img/mixman/1.jpg HTTP/1.1" 200 146374 "-" "Googlebot-Image/1.0"
66.249.73.197 - - [21/Jul/2017:14:44:50 -0700] "GET /img/sfnoir/9.jpg HTTP/1.1" 200 64784 "-" "Googlebot-Image/1.0"
66.249.73.197 - - [21/Jul/2017:15:16:27 -0700] "GET /img/wu-wei/9.jpg HTTP/1.1" 200 398953 "-" "Googlebot-Image/1.0"
66.249.73.197 - - [21/Jul/2017:15:20:49 -0700] "GET /img/wu-wei/9.jpg HTTP/1.1" 200 398953 "-" "Googlebot-Image/1.0"
66.249.73.201 - - [21/Jul/2017:15:29:20 -0700] "GET /img/wu-wei/9.jpg HTTP/1.1" 200 398953 "-" "Googlebot-Image/1.0"
66.249.73.199 - - [21/Jul/2017:15:56:05 -0700] "GET /img/autumn/4.jpg HTTP/1.1" 200 166546 "-" "Googlebot-Image/1.0"
66.249.73.197 - - [21/Jul/2017:16:36:11 -0700] "GET /img/mixman/1.jpg HTTP/1.1" 200 146374 "-" "Googlebot-Image/1.0"
66.249.73.201 - - [21/Jul/2017:16:46:40 -0700] "GET /img/sfnoir/9.jpg HTTP/1.1" 200 64784 "-" "Googlebot-Image/1.0"
66.249.73.201 - - [21/Jul/2017:16:52:52 -0700] "GET /img/sfnoir/9.jpg HTTP/1.1" 200 64784 "-" "Googlebot-Image/1.0"
66.249.73.199 - - [21/Jul/2017:17:07:57 -0700] "GET /img/wu-wei/9.jpg HTTP/1.1" 200 398953 "-" "Googlebot-Image/1.0"
66.249.73.197 - - [21/Jul/2017:17:13:21 -0700] "GET /img/sfnoir/7.jpg HTTP/1.1" 200 122937 "-" "Googlebot-Image/1.0"
66.249.73.197 - - [21/Jul/2017:17:21:21 -0700] "GET /img/autumn/4.jpg HTTP/1.1" 200 166546 "-" "Googlebot-Image/1.0"
66.249.73.197 - - [21/Jul/2017:18:11:07 -0700] "GET /img/sfnoir/6.jpg HTTP/1.1" 200 112789 "-" "Googlebot-Image/1.0"
34.204.82.216 - - [21/Jul/2017:18:28:35 -0700] "GET / HTTP/1.1" 200 15892 "-" "Mozilla/5.0 (Macintosh; Intel Mac OS X 10_12_5) AppleWebKit/537.36 (KHTML, like Gecko) Chrome/58.0.3029.110 Safari/537.36"
66.249.73.197 - - [21/Jul/2017:18:48:09 -0700] "GET /img/mixman/9.jpg HTTP/1.1" 200 141085 "-" "Googlebot-Image/1.0"
66.249.73.201 - - [21/Jul/2017:18:56:06 -0700] "GET /img/mixman/9.jpg HTTP/1.1" 200 141085 "-" "Googlebot-Image/1.0"
66.249.73.201 - - [21/Jul/2017:19:12:37 -0700] "GET /img/mixman/2.jpg HTTP/1.1" 200 80932 "-" "Googlebot-Image/1.0"
66.249.73.199 - - [21/Jul/2017:19:16:25 -0700] "GET /img/mixman/2.jpg HTTP/1.1" 200 80932 "-" "Googlebot-Image/1.0"
66.249.73.201 - - [21/Jul/2017:19:20:17 -0700] "GET /img/mixman/2.jpg HTTP/1.1" 200 80932 "-" "Googlebot-Image/1.0"
66.249.73.199 - - [21/Jul/2017:19:20:49 -0700] "GET /img/mixman/7.jpg HTTP/1.1" 200 107323 "-" "Googlebot-Image/1.0"
66.249.73.199 - - [21/Jul/2017:19:23:57 -0700] "GET /img/mixman/2.jpg HTTP/1.1" 200 80932 "-" "Googlebot-Image/1.0"
66.249.73.197 - - [21/Jul/2017:19:24:43 -0700] "GET /img/mixman/7.jpg HTTP/1.1" 200 107323 "-" "Googlebot-Image/1.0"
66.249.73.197 - - [21/Jul/2017:19:32:51 -0700] "GET /img/mixman/7.jpg HTTP/1.1" 200 107323 "-" "Googlebot-Image/1.0"
168.1.128.61 - - [21/Jul/2017:19:33:08 -0700] "GET / HTTP/1.1" 301 235 "-" "-"
66.249.73.197 - - [21/Jul/2017:19:36:54 -0700] "GET /img/mixman/7.jpg HTTP/1.1" 200 107323 "-" "Googlebot-Image/1.0"
66.249.73.197 - - [21/Jul/2017:19:47:26 -0700] "GET /img/mixman/7.jpg HTTP/1.1" 200 107323 "-" "Googlebot-Image/1.0"
66.249.73.201 - - [21/Jul/2017:19:50:52 -0700] "GET /img/mixman/7.jpg HTTP/1.1" 200 107323 "-" "Googlebot-Image/1.0"
66.249.73.197 - - [21/Jul/2017:19:52:11 -0700] "GET /img/wu-wei/1.jpg HTTP/1.1" 200 323401 "-" "Googlebot-Image/1.0"
66.249.73.197 - - [21/Jul/2017:19:55:33 -0700] "GET /img/wu-wei/1.jpg HTTP/1.1" 200 323401 "-" "Googlebot-Image/1.0"
66.249.73.201 - - [21/Jul/2017:19:58:54 -0700] "GET /img/wu-wei/1.jpg HTTP/1.1" 200 323401 "-" "Googlebot-Image/1.0"
66.249.73.201 - - [21/Jul/2017:20:11:47 -0700] "GET /img/wu-wei/1.jpg HTTP/1.1" 200 323401 "-" "Googlebot-Image/1.0"
66.249.73.201 - - [21/Jul/2017:20:32:04 -0700] "GET /img/autumn/3.jpg HTTP/1.1" 200 506599 "-" "Googlebot-Image/1.0"
66.249.73.201 - - [21/Jul/2017:21:05:47 -0700] "GET /img/wu-wei/4.jpg HTTP/1.1" 200 279891 "-" "Googlebot-Image/1.0"
96.47.226.21 - - [21/Jul/2017:21:27:36 -0700] "HEAD / HTTP/1.1" 200 - "http://www.rndsquared.com" "Mozilla/5.0 (compatible; Uptimebot/1.0; +http://www.uptime.com/uptimebot)"
66.249.73.199 - - [21/Jul/2017:21:28:23 -0700] "GET /img/sfnoir/8.jpg HTTP/1.1" 200 89091 "-" "Googlebot-Image/1.0"
66.249.73.197 - - [21/Jul/2017:21:43:47 -0700] "GET /img/mixman/5.jpg HTTP/1.1" 200 86490 "-" "Googlebot-Image/1.0"
66.249.73.197 - - [21/Jul/2017:21:57:52 -0700] "GET /img/mixman/5.jpg HTTP/1.1" 200 86490 "-" "Googlebot-Image/1.0"
66.249.73.197 - - [21/Jul/2017:22:09:24 -0700] "GET /img/mixman/3.jpg HTTP/1.1" 200 114734 "-" "Googlebot-Image/1.0"
66.249.73.201 - - [21/Jul/2017:22:31:30 -0700] "GET /img/mixman/6.jpg HTTP/1.1" 200 105501 "-" "Googlebot-Image/1.0"
66.249.73.201 - - [21/Jul/2017:22:37:28 -0700] "GET /img/mixman/6.jpg HTTP/1.1" 200 105501 "-" "Googlebot-Image/1.0"
66.249.73.199 - - [21/Jul/2017:22:41:36 -0700] "GET /img/mixman/6.jpg HTTP/1.1" 200 105501 "-" "Googlebot-Image/1.0"
66.249.73.197 - - [21/Jul/2017:22:53:24 -0700] "GET /img/mixman/6.jpg HTTP/1.1" 200 105501 "-" "Googlebot-Image/1.0"
66.249.73.199 - - [21/Jul/2017:23:02:04 -0700] "GET /img/mixman/6.jpg HTTP/1.1" 200 105501 "-" "Googlebot-Image/1.0"
66.249.73.199 - - [21/Jul/2017:23:31:51 -0700] "GET /img/wu-wei/8.jpg HTTP/1.1" 200 457546 "-" "Googlebot-Image/1.0"
180.52.167.10 - - [21/Jul/2017:23:34:54 -0700] "GET /img/urban-cowgirl/5.jpg HTTP/1.1" 200 114905 "https://www.google.co.jp/blank.html" "Mozilla/5.0 (Windows NT 10.0; WOW64; Trident/7.0; MASPJS; rv:11.0) like Gecko"
66.249.73.197 - - [21/Jul/2017:23:35:45 -0700] "GET /img/wu-wei/8.jpg HTTP/1.1" 200 457546 "-" "Googlebot-Image/1.0"
66.249.73.197 - - [21/Jul/2017:23:39:53 -0700] "GET /img/wu-wei/8.jpg HTTP/1.1" 200 457546 "-" "Googlebot-Image/1.0"
66.249.73.197 - - [21/Jul/2017:23:44:05 -0700] "GET /img/wu-wei/8.jpg HTTP/1.1" 200 457546 "-" "Googlebot-Image/1.0"
66.249.73.201 - - [21/Jul/2017:23:45:08 -0700] "GET /img/wu-wei/2.jpg HTTP/1.1" 200 183246 "-" "Googlebot-Image/1.0"
66.249.73.197 - - [21/Jul/2017:23:48:13 -0700] "GET /img/wu-wei/8.jpg HTTP/1.1" 200 457546 "-" "Googlebot-Image/1.0"
180.76.15.144 - - [21/Jul/2017:23:48:38 -0700] "GET / HTTP/1.1" 200 72657 "-" "Mozilla/5.0 (compatible; Baiduspider/2.0; +http://www.baidu.com/search/spider.html)"
66.249.73.201 - - [21/Jul/2017:23:49:02 -0700] "GET /img/wu-wei/2.jpg HTTP/1.1" 200 183246 "-" "Googlebot-Image/1.0"
66.249.73.199 - - [22/Jul/2017:00:43:32 -0700] "GET /robots.txt HTTP/1.1" 404 208 "-" "Mozilla/5.0 (compatible; Googlebot/2.1; +http://www.google.com/bot.html)"
66.249.73.199 - - [22/Jul/2017:00:43:32 -0700] "GET /img/autumn/2.jpg HTTP/1.1" 200 292159 "-" "Googlebot-Image/1.0"
216.244.66.202 - - [22/Jul/2017:00:43:33 -0700] "GET /robots.txt HTTP/1.1" 404 208 "-" "Mozilla/5.0 (compatible; DotBot/1.1; http://www.opensiteexplorer.org/dotbot, help@moz.com)"
66.249.73.201 - - [22/Jul/2017:01:02:07 -0700] "GET /img/sfnoir/5.jpg HTTP/1.1" 200 67390 "-" "Googlebot-Image/1.0"
66.249.73.199 - - [22/Jul/2017:01:38:49 -0700] "GET /img/mixman/1.jpg HTTP/1.1" 200 146374 "-" "Googlebot-Image/1.0"
66.249.73.197 - - [22/Jul/2017:01:39:25 -0700] "GET /img/sfnoir/9.jpg HTTP/1.1" 200 64784 "-" "Googlebot-Image/1.0"
92.255.99.128 - - [22/Jul/2017:01:48:16 -0700] "GET / HTTP/1.0" 200 72657 "-" "Mozilla/4.0 (compatible; MSIE 6.0; Windows NT 5.1; .NET CLR 1.1.4322)"
141.8.144.136 - - [22/Jul/2017:01:58:09 -0700] "GET /robots.txt HTTP/1.1" 404 208 "-" "Mozilla/5.0 (compatible; YandexBot/3.0; +http://yandex.com/bots)"
141.8.144.95 - - [22/Jul/2017:01:58:13 -0700] "GET / HTTP/1.1" 200 15892 "-" "Mozilla/5.0 (compatible; YandexBot/3.0; +http://yandex.com/bots)"
66.249.73.201 - - [22/Jul/2017:02:17:58 -0700] "GET /img/wu-wei/3.jpg HTTP/1.1" 200 173337 "-" "Googlebot-Image/1.0"
66.249.73.197 - - [22/Jul/2017:02:33:22 -0700] "GET /img/autumn/5.jpg HTTP/1.1" 200 180877 "-" "Googlebot-Image/1.0"
66.249.73.199 - - [22/Jul/2017:02:56:41 -0700] "GET /img/sfnoir/2.jpg HTTP/1.1" 200 81708 "-" "Googlebot-Image/1.0"
66.249.73.199 - - [22/Jul/2017:03:00:01 -0700] "GET /img/sfnoir/2.jpg HTTP/1.1" 200 81708 "-" "Googlebot-Image/1.0"
66.249.73.199 - - [22/Jul/2017:03:05:07 -0700] "GET /img/wu-wei/5.jpg HTTP/1.1" 200 220470 "-" "Googlebot-Image/1.0"
66.249.73.197 - - [22/Jul/2017:03:06:53 -0700] "GET /img/sfnoir/2.jpg HTTP/1.1" 200 81708 "-" "Googlebot-Image/1.0"
66.249.73.199 - - [22/Jul/2017:03:32:46 -0700] "GET /img/sfnoir/1.jpg HTTP/1.1" 200 77798 "-" "Googlebot-Image/1.0"
66.249.73.201 - - [22/Jul/2017:03:49:31 -0700] "GET /img/mixman/4.jpg HTTP/1.1" 200 135099 "-" "Googlebot-Image/1.0"
66.249.73.199 - - [22/Jul/2017:04:00:51 -0700] "GET /img/mixman/4.jpg HTTP/1.1" 200 135099 "-" "Googlebot-Image/1.0"
66.249.73.199 - - [22/Jul/2017:04:04:50 -0700] "GET /img/mixman/4.jpg HTTP/1.1" 200 135099 "-" "Googlebot-Image/1.0"
66.249.73.197 - - [22/Jul/2017:04:05:43 -0700] "GET /img/sfnoir/3.jpg HTTP/1.1" 200 74528 "-" "Googlebot-Image/1.0"
66.249.73.199 - - [22/Jul/2017:04:08:11 -0700] "GET /img/mixman/4.jpg HTTP/1.1" 200 135099 "-" "Googlebot-Image/1.0"
66.249.73.201 - - [22/Jul/2017:04:09:14 -0700] "GET /img/sfnoir/3.jpg HTTP/1.1" 200 74528 "-" "Googlebot-Image/1.0"
66.249.73.199 - - [22/Jul/2017:04:17:05 -0700] "GET /img/sfnoir/3.jpg HTTP/1.1" 200 74528 "-" "Googlebot-Image/1.0"
66.249.73.199 - - [22/Jul/2017:05:01:37 -0700] "GET /img/autumn/6.jpg HTTP/1.1" 200 149484 "-" "Googlebot-Image/1.0"
66.249.73.197 - - [22/Jul/2017:05:27:04 -0700] "GET /img/wu-wei/7.jpg HTTP/1.1" 200 293352 "-" "Googlebot-Image/1.0"
66.249.73.199 - - [22/Jul/2017:05:30:19 -0700] "GET /img/wu-wei/7.jpg HTTP/1.1" 200 293352 "-" "Googlebot-Image/1.0"
66.249.73.199 - - [22/Jul/2017:05:33:42 -0700] "GET /img/wu-wei/7.jpg HTTP/1.1" 200 293352 "-" "Googlebot-Image/1.0"
66.249.73.201 - - [22/Jul/2017:05:55:34 -0700] "GET /img/autumn/1.jpg HTTP/1.1" 200 290161 "-" "Googlebot-Image/1.0"
66.249.73.199 - - [22/Jul/2017:06:00:34 -0700] "GET /img/autumn/1.jpg HTTP/1.1" 200 290161 "-" "Googlebot-Image/1.0"
66.249.73.197 - - [22/Jul/2017:06:22:26 -0700] "GET /img/mixman/16.jpg HTTP/1.1" 200 113328 "-" "Googlebot-Image/1.0"
62.212.73.211 - - [22/Jul/2017:07:06:47 -0700] "GET /robots.txt HTTP/1.1" 404 208 "-" "Mozilla/5.0 (compatible; MJ12bot/v1.4.8; http://mj12bot.com/)"
62.212.73.211 - - [22/Jul/2017:07:06:51 -0700] "GET / HTTP/1.1" 200 72657 "-" "Mozilla/5.0 (compatible; MJ12bot/v1.4.8; http://mj12bot.com/)"
66.249.73.201 - - [22/Jul/2017:07:32:44 -0700] "GET /img/mixman/15.jpg HTTP/1.1" 200 115845 "-" "Googlebot-Image/1.0"
66.249.73.197 - - [22/Jul/2017:07:49:06 -0700] "GET /img/wu-wei/10.jpg HTTP/1.1" 200 165194 "-" "Googlebot-Image/1.0"
66.249.73.197 - - [22/Jul/2017:07:53:10 -0700] "GET /img/wu-wei/10.jpg HTTP/1.1" 200 165194 "-" "Googlebot-Image/1.0"
66.249.73.201 - - [22/Jul/2017:08:03:38 -0700] "GET /img/mixman/13.jpg HTTP/1.1" 200 106423 "-" "Googlebot-Image/1.0"
66.249.73.197 - - [22/Jul/2017:08:25:10 -0700] "GET /img/mixman/19.jpg HTTP/1.1" 200 81276 "-" "Googlebot-Image/1.0"
66.249.73.199 - - [22/Jul/2017:08:25:46 -0700] "GET /img/wu-wei/10.jpg HTTP/1.1" 200 165194 "-" "Googlebot-Image/1.0"
66.249.73.201 - - [22/Jul/2017:08:30:47 -0700] "GET /img/wu-wei/10.jpg HTTP/1.1" 200 165194 "-" "Googlebot-Image/1.0"
66.249.73.197 - - [22/Jul/2017:08:43:27 -0700] "GET /img/wu-wei/10.jpg HTTP/1.1" 200 165194 "-" "Googlebot-Image/1.0"
66.249.73.197 - - [22/Jul/2017:09:37:20 -0700] "GET /img/mixman/17.jpg HTTP/1.1" 200 60460 "-" "Googlebot-Image/1.0"
66.249.73.201 - - [22/Jul/2017:09:41:18 -0700] "GET /img/mixman/17.jpg HTTP/1.1" 200 60460 "-" "Googlebot-Image/1.0"
66.249.73.201 - - [22/Jul/2017:09:52:52 -0700] "GET /img/mixman/10.jpg HTTP/1.1" 200 114974 "-" "Googlebot-Image/1.0"
66.249.73.201 - - [22/Jul/2017:10:04:44 -0700] "GET /img/mixman/10.jpg HTTP/1.1" 200 114974 "-" "Googlebot-Image/1.0"
66.249.73.201 - - [22/Jul/2017:10:05:09 -0700] "GET /img/mixman/18.jpg HTTP/1.1" 200 75474 "-" "Googlebot-Image/1.0"
66.249.73.197 - - [22/Jul/2017:10:19:11 -0700] "GET /img/mixman/10.jpg HTTP/1.1" 200 114974 "-" "Googlebot-Image/1.0"
66.249.73.201 - - [22/Jul/2017:10:23:03 -0700] "GET /img/mixman/10.jpg HTTP/1.1" 200 114974 "-" "Googlebot-Image/1.0"
66.249.73.199 - - [22/Jul/2017:10:23:42 -0700] "GET /img/mixman/11.jpg HTTP/1.1" 200 114722 "-" "Googlebot-Image/1.0"
66.249.73.199 - - [22/Jul/2017:10:27:01 -0700] "GET /img/mixman/11.jpg HTTP/1.1" 200 114722 "-" "Googlebot-Image/1.0"
5.196.87.42 - - [22/Jul/2017:10:32:20 -0700] "GET /robots.txt HTTP/1.1" 404 208 "-" "Mozilla/5.0 (compatible; AhrefsBot/5.2; +http://ahrefs.com/robot/)"
66.249.73.199 - - [22/Jul/2017:10:52:29 -0700] "GET /img/urban-cowgirl/5.jpg HTTP/1.1" 200 114905 "-" "Googlebot-Image/1.0"
79.137.79.167 - - [22/Jul/2017:11:16:25 -0700] "GET / HTTP/1.1" 200 15892 "-" "Mozilla/5.0 (Windows NT 5.1; rv:7.0.1) Gecko/20100101 Firefox/7.0.1"
79.137.79.167 - - [22/Jul/2017:11:16:28 -0700] "GET /?name=59739629812bc&email=montescv%40gmail.com&weJHlkUY=montescv%40gmail.com&message=& HTTP/1.1" 200 15892 "http://rndsquared.com/" "Mozilla/5.0 (Windows NT 5.1; rv:7.0.1) Gecko/20100101 Firefox/7.0.1"
66.249.73.199 - - [22/Jul/2017:11:18:13 -0700] "GET /img/urban-cowgirl/4.jpg HTTP/1.1" 200 103819 "-" "Googlebot-Image/1.0"
91.223.82.156 - - [22/Jul/2017:11:31:07 -0700] "GET / HTTP/1.1" 200 15892 "-" "Mozilla/5.0 (Windows NT 5.1; rv:7.0.1) Gecko/20100101 Firefox/7.0.1"
91.223.82.156 - - [22/Jul/2017:11:31:13 -0700] "GET /?name=597399ebcea83&email=jcpaylor%40gmail.com&weJHlkUY=jcpaylor%40gmail.com&message=& HTTP/1.1" 200 15892 "http://rndsquared.com/" "Mozilla/5.0 (Windows NT 5.1; rv:7.0.1) Gecko/20100101 Firefox/7.0.1"
66.249.79.85 - - [22/Jul/2017:11:57:46 -0700] "GET /img/urban-cowgirl/1.jpg HTTP/1.1" 200 94626 "-" "Googlebot-Image/1.0"
199.58.164.133 - - [22/Jul/2017:12:05:10 -0700] "HEAD / HTTP/1.1" 200 - "http://www.rndsquared.com" "Mozilla/5.0 (compatible; Uptimebot/1.0; +http://www.uptime.com/uptimebot)"
66.249.79.81 - - [22/Jul/2017:12:24:41 -0700] "GET /img/urban-cowgirl/3.jpg HTTP/1.1" 200 80583 "-" "Googlebot-Image/1.0"
157.55.39.8 - - [22/Jul/2017:12:33:38 -0700] "GET /robots.txt HTTP/1.1" 404 208 "-" "Mozilla/5.0 (compatible; bingbot/2.0; +http://www.bing.com/bingbot.htm)"
66.249.79.83 - - [22/Jul/2017:12:39:40 -0700] "GET /img/urban-cowgirl/6.jpg HTTP/1.1" 200 56465 "-" "Googlebot-Image/1.0"
66.249.79.81 - - [22/Jul/2017:12:43:12 -0700] "GET /img/urban-cowgirl/3.jpg HTTP/1.1" 200 80583 "-" "Googlebot-Image/1.0"
66.249.79.85 - - [22/Jul/2017:12:57:51 -0700] "GET /robots.txt HTTP/1.1" 404 208 "-" "Mozilla/5.0 (compatible; Googlebot/2.1; +http://www.google.com/bot.html)"
66.249.79.81 - - [22/Jul/2017:13:10:00 -0700] "GET /img/oncekids-fujimini/2.jpg HTTP/1.1" 200 99983 "-" "Googlebot-Image/1.0"
66.249.79.85 - - [22/Jul/2017:13:56:37 -0700] "GET /img/oncekids-fujimini/8.jpg HTTP/1.1" 200 78635 "-" "Googlebot-Image/1.0"
185.38.14.171 - - [22/Jul/2017:13:59:37 -0700] "GET / HTTP/1.1" 200 15892 "-" "Mozilla/5.0 (Windows NT 5.1; rv:7.0.1) Gecko/20100101 Firefox/7.0.1"
185.38.14.171 - - [22/Jul/2017:13:59:40 -0700] "GET /?name=5973bcb8dbdc4&email=jayjon1981%40gmail.com&weJHlkUY=jayjon1981%40gmail.com&message=& HTTP/1.1" 200 15892 "http://rndsquared.com/" "Mozilla/5.0 (Windows NT 5.1; rv:7.0.1) Gecko/20100101 Firefox/7.0.1"
66.249.79.85 - - [22/Jul/2017:14:24:03 -0700] "GET /img/oncekids-fujimini/5.jpg HTTP/1.1" 200 76459 "-" "Googlebot-Image/1.0"
66.249.79.83 - - [22/Jul/2017:14:33:24 -0700] "GET /img/oncekids-fujimini/1.jpg HTTP/1.1" 200 109257 "-" "Googlebot-Image/1.0"
66.249.79.85 - - [22/Jul/2017:14:58:13 -0700] "GET /img/oncekids-fujimini/7.jpg HTTP/1.1" 200 153636 "-" "Googlebot-Image/1.0"
66.249.79.83 - - [22/Jul/2017:15:14:34 -0700] "GET /img/oncekids-fujimini/4.jpg HTTP/1.1" 200 111945 "-" "Googlebot-Image/1.0"
66.249.79.81 - - [22/Jul/2017:15:38:19 -0700] "GET /img/oncekids-fujimini/6.jpg HTTP/1.1" 200 118631 "-" "Googlebot-Image/1.0"
66.249.79.81 - - [22/Jul/2017:15:57:18 -0700] "GET /img/oncekids-fujimini/3.jpg HTTP/1.1" 200 143020 "-" "Googlebot-Image/1.0"
96.47.226.22 - - [22/Jul/2017:16:28:23 -0700] "HEAD / HTTP/1.1" 200 - "http://www.rndsquared.com" "Mozilla/5.0 (compatible; Uptimebot/1.0; +http://www.uptime.com/uptimebot)"
54.167.148.45 - - [22/Jul/2017:18:28:13 -0700] "GET / HTTP/1.1" 200 15892 "-" "Mozilla/5.0 (Macintosh; Intel Mac OS X 10_12_5) AppleWebKit/537.36 (KHTML, like Gecko) Chrome/58.0.3029.110 Safari/537.36"
193.201.225.45 - - [22/Jul/2017:19:08:26 -0700] "GET / HTTP/1.1" 200 15892 "-" "Mozilla/5.0 (Windows NT 5.1; rv:7.0.1) Gecko/20100101 Firefox/7.0.1"
193.201.225.45 - - [22/Jul/2017:19:08:29 -0700] "GET /?name=59740519b8859&email=scotti0610%40yahoo.com&weJHlkUY=scotti0610%40yahoo.com&message=& HTTP/1.1" 200 15892 "http://rndsquared.com/" "Mozilla/5.0 (Windows NT 5.1; rv:7.0.1) Gecko/20100101 Firefox/7.0.1"
77.75.76.161 - - [22/Jul/2017:19:19:21 -0700] "GET /robots.txt HTTP/1.1" 404 208 "-" "Mozilla/5.0 (compatible; SeznamBot/3.2; +http://napoveda.seznam.cz/en/seznambot-intro/)"
77.75.76.161 - - [22/Jul/2017:19:19:24 -0700] "GET /img/bs4w/thumbs/4.jpg HTTP/1.1" 200 27608 "-" "Mozilla/5.0 (compatible; SeznamBot/3.2; +http://napoveda.seznam.cz/en/seznambot-intro/)"
216.218.222.11 - - [22/Jul/2017:20:55:30 -0700] "GET / HTTP/1.1" 200 15892 "-" "Mozilla/5.0 (Windows NT 5.1; rv:7.0.1) Gecko/20100101 Firefox/7.0.1"
216.218.222.11 - - [22/Jul/2017:20:55:33 -0700] "GET /?name=59741e39763b5&email=wrightc214%40yahoo.com&weJHlkUY=wrightc214%40yahoo.com&message=& HTTP/1.1" 200 15892 "http://rndsquared.com/" "Mozilla/5.0 (Windows NT 5.1; rv:7.0.1) Gecko/20100101 Firefox/7.0.1"
216.244.66.202 - - [22/Jul/2017:20:59:04 -0700] "GET /robots.txt HTTP/1.1" 404 208 "-" "Mozilla/5.0 (compatible; DotBot/1.1; http://www.opensiteexplorer.org/dotbot, help@moz.com)"
155.4.230.97 - - [22/Jul/2017:21:35:45 -0700] "GET / HTTP/1.1" 200 15892 "-" "Mozilla/5.0 (Windows NT 5.1; rv:7.0.1) Gecko/20100101 Firefox/7.0.1"
192.160.102.168 - - [22/Jul/2017:21:35:48 -0700] "GET /?name=597427a070d2c&email=sammydagonz%40yahoo.com&weJHlkUY=sammydagonz%40yahoo.com&message=& HTTP/1.1" 200 15892 "http://rndsquared.com/" "Mozilla/5.0 (Windows NT 5.1; rv:7.0.1) Gecko/20100101 Firefox/7.0.1"
77.75.76.165 - - [22/Jul/2017:21:52:52 -0700] "GET /robots.txt HTTP/1.1" 404 208 "-" "Mozilla/5.0 (compatible; SeznamBot/3.2; +http://napoveda.seznam.cz/en/seznambot-intro/)"
77.75.76.165 - - [22/Jul/2017:21:52:55 -0700] "GET /img/sfnoir/thumbs/1.jpg HTTP/1.1" 304 - "-" "Mozilla/5.0 (compatible; SeznamBot/3.2; +http://napoveda.seznam.cz/en/seznambot-intro/)"
163.172.4.153 - - [22/Jul/2017:23:39:12 -0700] "GET / HTTP/1.1" 200 15892 "https://www.rndsquared.com/" "Mozilla/5.0 (X11; Ubuntu; Linux x86_64; rv:52.0) Gecko/20100101 Firefox/52.0"
51.15.53.83 - - [22/Jul/2017:23:57:53 -0700] "GET / HTTP/1.1" 200 15892 "-" "Mozilla/5.0 (Windows NT 5.1; rv:7.0.1) Gecko/20100101 Firefox/7.0.1"
51.15.53.83 - - [22/Jul/2017:23:57:57 -0700] "GET /?name=597448f069f4d&email=theadamdebacle%40yahoo.com&weJHlkUY=theadamdebacle%40yahoo.com&message=& HTTP/1.1" 200 15892 "http://rndsquared.com/" "Mozilla/5.0 (Windows NT 5.1; rv:7.0.1) Gecko/20100101 Firefox/7.0.1"
77.75.77.95 - - [23/Jul/2017:00:03:39 -0700] "GET /robots.txt HTTP/1.1" 404 208 "-" "Mozilla/5.0 (compatible; SeznamBot/3.2; +http://napoveda.seznam.cz/en/seznambot-intro/)"
77.75.77.95 - - [23/Jul/2017:00:03:42 -0700] "GET /img/mixman/thumbs/6.jpg HTTP/1.1" 304 - "-" "Mozilla/5.0 (compatible; SeznamBot/3.2; +http://napoveda.seznam.cz/en/seznambot-intro/)"
46.17.41.24 - - [23/Jul/2017:00:32:24 -0700] "GET / HTTP/1.0" 200 72657 "-" "Mozilla/4.0 (compatible; MSIE 6.0; Windows NT 5.1; .NET CLR 1.1.4322)"
46.229.164.99 - - [23/Jul/2017:01:29:16 -0700] "GET /robots.txt HTTP/1.1" 404 208 "-" "Mozilla/5.0 (compatible; SemrushBot/1.2~bl; +http://www.semrush.com/bot.html)"
77.75.79.11 - - [23/Jul/2017:03:42:15 -0700] "GET /robots.txt HTTP/1.1" 404 208 "-" "Mozilla/5.0 (compatible; SeznamBot/3.2; +http://napoveda.seznam.cz/en/seznambot-intro/)"
77.75.79.11 - - [23/Jul/2017:03:42:19 -0700] "GET /img/sfnoir/thumbs/9.jpg HTTP/1.1" 304 - "-" "Mozilla/5.0 (compatible; SeznamBot/3.2; +http://napoveda.seznam.cz/en/seznambot-intro/)"
194.187.170.116 - - [23/Jul/2017:04:04:28 -0700] "GET /robots.txt HTTP/1.0" 404 208 "-" "Mozilla/5.0 (compatible; Qwantify/2.4w; +https://www.qwant.com/)/2.4w"
194.187.170.116 - - [23/Jul/2017:04:04:29 -0700] "GET / HTTP/1.0" 200 15892 "-" "Mozilla/5.0 (compatible; Qwantify/2.4w; +https://www.qwant.com/)/2.4w"
194.187.170.116 - - [23/Jul/2017:05:06:36 -0700] "GET /robots.txt HTTP/1.0" 404 208 "-" "Mozilla/5.0 (compatible; Qwantify/2.4w; +https://www.qwant.com/)/2.4w"
194.187.170.116 - - [23/Jul/2017:05:06:37 -0700] "GET / HTTP/1.0" 200 15892 "-" "Mozilla/5.0 (compatible; Qwantify/2.4w; +https://www.qwant.com/)/2.4w"
77.75.76.165 - - [23/Jul/2017:05:41:35 -0700] "GET /robots.txt HTTP/1.1" 404 208 "-" "Mozilla/5.0 (compatible; SeznamBot/3.2; +http://napoveda.seznam.cz/en/seznambot-intro/)"
77.75.76.165 - - [23/Jul/2017:05:41:38 -0700] "GET /img/urban-cowgirl/2.jpg HTTP/1.1" 304 - "-" "Mozilla/5.0 (compatible; SeznamBot/3.2; +http://napoveda.seznam.cz/en/seznambot-intro/)"
162.210.196.100 - - [23/Jul/2017:06:53:56 -0700] "GET /robots.txt HTTP/1.1" 404 208 "-" "Mozilla/5.0 (compatible; MJ12bot/v1.4.8; http://mj12bot.com/)"
162.210.196.100 - - [23/Jul/2017:06:54:14 -0700] "GET / HTTP/1.1" 200 72657 "-" "Mozilla/5.0 (compatible; MJ12bot/v1.4.8; http://mj12bot.com/)"
92.255.99.128 - - [23/Jul/2017:08:49:30 -0700] "GET / HTTP/1.0" 200 72657 "-" "Mozilla/4.0 (compatible; MSIE 6.0; Windows NT 5.1; .NET CLR 1.1.4322)"
198.240.87.243 - - [23/Jul/2017:09:05:33 -0700] "GET / HTTP/1.1" 200 72657 "-" "=Mozilla/5.0 (Windows; U; Windows NT 6.1; en-US) AppleWebKit/534.16 (KHTML, like Gecko) Chrome/10.0.648.204 Safari/534.16"
31.184.243.234 - - [23/Jul/2017:11:15:19 -0700] "GET / HTTP/1.0" 200 72657 "-" "Mozilla/4.0 (compatible; MSIE 6.0; Windows NT 5.1; .NET CLR 1.1.4322)"
31.184.243.234 - - [23/Jul/2017:11:15:27 -0700] "GET / HTTP/1.0" 200 72657 "-" "Mozilla/4.0 (compatible; MSIE 6.0; Windows NT 5.1; .NET CLR 1.1.4322)"
77.75.76.164 - - [23/Jul/2017:11:44:13 -0700] "GET /robots.txt HTTP/1.1" 404 208 "-" "Mozilla/5.0 (compatible; SeznamBot/3.2; +http://napoveda.seznam.cz/en/seznambot-intro/)"
77.75.76.164 - - [23/Jul/2017:11:44:16 -0700] "GET /img/sfnoir/thumbs/8.jpg HTTP/1.1" 304 - "-" "Mozilla/5.0 (compatible; SeznamBot/3.2; +http://napoveda.seznam.cz/en/seznambot-intro/)"
77.75.76.162 - - [23/Jul/2017:13:33:36 -0700] "GET /robots.txt HTTP/1.1" 404 208 "-" "Mozilla/5.0 (compatible; SeznamBot/3.2; +http://napoveda.seznam.cz/en/seznambot-intro/)"
77.75.76.162 - - [23/Jul/2017:13:33:39 -0700] "GET /img/oncekids-fujimini/6.jpg HTTP/1.1" 304 - "-" "Mozilla/5.0 (compatible; SeznamBot/3.2; +http://napoveda.seznam.cz/en/seznambot-intro/)"
46.229.164.99 - - [23/Jul/2017:14:13:35 -0700] "GET /robots.txt HTTP/1.1" 404 208 "-" "Mozilla/5.0 (compatible; SemrushBot/1.2~bl; +http://www.semrush.com/bot.html)"
46.229.164.99 - - [23/Jul/2017:16:15:32 -0700] "GET /robots.txt HTTP/1.1" 404 208 "-" "Mozilla/5.0 (compatible; SemrushBot/1.2~bl; +http://www.semrush.com/bot.html)"
77.75.79.72 - - [23/Jul/2017:17:41:31 -0700] "GET /robots.txt HTTP/1.1" 404 208 "-" "Mozilla/5.0 (compatible; SeznamBot/3.2; +http://napoveda.seznam.cz/en/seznambot-intro/)"
77.75.79.72 - - [23/Jul/2017:17:41:34 -0700] "GET /img/autumn/1.jpg HTTP/1.1" 304 - "-" "Mozilla/5.0 (compatible; SeznamBot/3.2; +http://napoveda.seznam.cz/en/seznambot-intro/)"
75.68.172.198 - - [23/Jul/2017:18:20:08 -0700] "GET /img/autumn/thumbs/1.jpg HTTP/1.1" 200 24768 "-" "Mozilla/5.0 (Linux; Android 7.0; SM-G920T Build/NRD90M; wv) AppleWebKit/537.36 (KHTML, like Gecko) Version/4.0 Chrome/59.0.3071.125 Mobile Safari/537.36 GSA/7.6.17.21.arm64"
75.68.172.198 - - [23/Jul/2017:18:23:35 -0700] "GET /img/autumn/thumbs/7.jpg HTTP/1.1" 200 25117 "-" "Mozilla/5.0 (Linux; Android 7.0; SM-G920T Build/NRD90M; wv) AppleWebKit/537.36 (KHTML, like Gecko) Version/4.0 Chrome/59.0.3071.125 Mobile Safari/537.36 GSA/7.6.17.21.arm64"
77.75.76.171 - - [23/Jul/2017:18:36:22 -0700] "GET /robots.txt HTTP/1.1" 404 208 "-" "Mozilla/5.0 (compatible; SeznamBot/3.2; +http://napoveda.seznam.cz/en/seznambot-intro/)"
77.75.76.171 - - [23/Jul/2017:18:36:25 -0700] "GET /img/oncekids-fujimini/1.jpg HTTP/1.1" 304 - "-" "Mozilla/5.0 (compatible; SeznamBot/3.2; +http://napoveda.seznam.cz/en/seznambot-intro/)"
74.115.214.156 - - [23/Jul/2017:21:57:13 -0700] "HEAD / HTTP/1.1" 200 - "http://www.rndsquared.com" "Mozilla/5.0 (compatible; Uptimebot/1.0; +http://www.uptime.com/uptimebot)"
46.229.164.99 - - [24/Jul/2017:00:20:59 -0700] "GET /robots.txt HTTP/1.1" 404 208 "-" "Mozilla/5.0 (compatible; SemrushBot/1.2~bl; +http://www.semrush.com/bot.html)"
141.8.144.39 - - [24/Jul/2017:01:51:23 -0700] "GET /robots.txt HTTP/1.1" 404 208 "-" "Mozilla/5.0 (compatible; YandexBot/3.0; +http://yandex.com/bots)"
141.8.144.95 - - [24/Jul/2017:01:51:27 -0700] "GET / HTTP/1.1" 200 15892 "-" "Mozilla/5.0 (compatible; YandexBot/3.0; +http://yandex.com/bots)"
176.10.104.240 - - [24/Jul/2017:03:01:34 -0700] "GET / HTTP/1.1" 200 15892 "-" "Mozilla/5.0 (Windows NT 5.1; rv:7.0.1) Gecko/20100101 Firefox/7.0.1"
62.141.39.47 - - [24/Jul/2017:03:01:37 -0700] "GET /?name=5975c57ec7b8a&email=ed.johnson%40digicom-systems.com&weJHlkUY=ed.johnson%40digicom-systems.com&message=& HTTP/1.1" 200 15892 "http://rndsquared.com/" "Mozilla/5.0 (Windows NT 5.1; rv:7.0.1) Gecko/20100101 Firefox/7.0.1"
194.187.170.138 - - [24/Jul/2017:04:10:05 -0700] "GET /robots.txt HTTP/1.0" 404 208 "-" "Mozilla/5.0 (compatible; Qwantify/2.4w; +https://www.qwant.com/)/2.4w"
194.187.170.138 - - [24/Jul/2017:04:10:06 -0700] "GET / HTTP/1.0" 200 15892 "-" "Mozilla/5.0 (compatible; Qwantify/2.4w; +https://www.qwant.com/)/2.4w"
52.3.240.91 - - [24/Jul/2017:04:15:45 -0700] "GET / HTTP/1.1" 200 15892 "-" "Mozilla/5.0 (Macintosh; Intel Mac OS X 10_12_5) AppleWebKit/537.36 (KHTML, like Gecko) Chrome/58.0.3029.110 Safari/537.36"
180.76.15.18 - - [24/Jul/2017:04:46:42 -0700] "GET /js/ HTTP/1.1" 200 3383 "-" "Mozilla/5.0 (compatible; Baiduspider/2.0; +http://www.baidu.com/search/spider.html)"
194.187.170.138 - - [24/Jul/2017:05:06:57 -0700] "GET /robots.txt HTTP/1.0" 404 208 "-" "Mozilla/5.0 (compatible; Qwantify/2.4w; +https://www.qwant.com/)/2.4w"
194.187.170.138 - - [24/Jul/2017:05:06:58 -0700] "GET / HTTP/1.0" 200 15892 "-" "Mozilla/5.0 (compatible; Qwantify/2.4w; +https://www.qwant.com/)/2.4w"
46.229.164.99 - - [24/Jul/2017:06:27:33 -0700] "GET /robots.txt HTTP/1.1" 404 208 "-" "Mozilla/5.0 (compatible; SemrushBot/1.2~bl; +http://www.semrush.com/bot.html)"
180.76.15.149 - - [24/Jul/2017:08:21:13 -0700] "GET / HTTP/1.1" 304 - "-" "Mozilla/5.0 (compatible; Baiduspider/2.0; +http://www.baidu.com/search/spider.html)"
46.229.164.99 - - [24/Jul/2017:09:19:19 -0700] "GET /robots.txt HTTP/1.1" 404 208 "-" "Mozilla/5.0 (compatible; SemrushBot/1.2~bl; +http://www.semrush.com/bot.html)"
185.38.14.171 - - [24/Jul/2017:09:28:22 -0700] "GET / HTTP/1.1" 200 15892 "-" "Mozilla/5.0 (Windows NT 5.1; rv:7.0.1) Gecko/20100101 Firefox/7.0.1"
163.172.142.15 - - [24/Jul/2017:09:28:26 -0700] "GET /?name=5976209b85aec&email=johnmichaelbrennan%40gmail.com&weJHlkUY=johnmichaelbrennan%40gmail.com&message=& HTTP/1.1" 200 15892 "http://rndsquared.com/" "Mozilla/5.0 (Windows NT 5.1; rv:7.0.1) Gecko/20100101 Firefox/7.0.1"
204.17.56.42 - - [24/Jul/2017:10:27:01 -0700] "GET / HTTP/1.1" 200 15892 "-" "Mozilla/5.0 (Windows NT 5.1; rv:7.0.1) Gecko/20100101 Firefox/7.0.1"
204.17.56.42 - - [24/Jul/2017:10:27:05 -0700] "GET /?name=59762de8d128e&email=ccampbell%40compugen.com&weJHlkUY=ccampbell%40compugen.com&message=& HTTP/1.1" 200 15892 "http://rndsquared.com/" "Mozilla/5.0 (Windows NT 5.1; rv:7.0.1) Gecko/20100101 Firefox/7.0.1"
180.76.15.145 - - [24/Jul/2017:10:55:05 -0700] "GET / HTTP/1.1" 200 72657 "-" "Mozilla/5.0 (compatible; Baiduspider/2.0; +http://www.baidu.com/search/spider.html)"
66.249.66.18 - - [24/Jul/2017:11:29:48 -0700] "GET /robots.txt HTTP/1.1" 404 208 "-" "Mozilla/5.0 (compatible; Googlebot/2.1; +http://www.google.com/bot.html)"
66.249.66.18 - - [24/Jul/2017:11:29:48 -0700] "GET /img/bs4w/thumbs/1.jpg HTTP/1.1" 304 - "-" "Googlebot-Image/1.0"
5.196.87.42 - - [24/Jul/2017:11:55:38 -0700] "GET /robots.txt HTTP/1.1" 404 208 "-" "Mozilla/5.0 (compatible; AhrefsBot/5.2; +http://ahrefs.com/robot/)"
66.249.66.20 - - [24/Jul/2017:12:09:11 -0700] "GET /img/sfnoir/thumbs/8.jpg HTTP/1.1" 304 - "-" "Googlebot-Image/1.0"
66.249.66.18 - - [24/Jul/2017:12:55:14 -0700] "GET /img/sfnoir/thumbs/6.jpg HTTP/1.1" 304 - "-" "Googlebot-Image/1.0"
66.249.66.16 - - [24/Jul/2017:13:01:22 -0700] "GET /css/bootstrap.min.css HTTP/1.1" 200 11249 "https://www.rndsquared.com/" "Mozilla/5.0 (compatible; Googlebot/2.1; +http://www.google.com/bot.html)"
66.249.66.16 - - [24/Jul/2017:13:01:23 -0700] "GET /css/lightbox.css HTTP/1.1" 200 1003 "https://www.rndsquared.com/" "Mozilla/5.0 (compatible; Googlebot/2.1; +http://www.google.com/bot.html)"
66.249.66.16 - - [24/Jul/2017:13:01:23 -0700] "GET /css/styles.css HTTP/1.1" 200 1975 "https://www.rndsquared.com/" "Mozilla/5.0 (compatible; Googlebot/2.1; +http://www.google.com/bot.html)"
66.249.66.18 - - [24/Jul/2017:13:09:50 -0700] "GET /robots.txt HTTP/1.1" 404 208 "-" "Mozilla/5.0 (compatible; Googlebot/2.1; +http://www.google.com/bot.html)"
66.249.66.18 - - [24/Jul/2017:13:09:51 -0700] "GET / HTTP/1.1" 200 15892 "-" "Mozilla/5.0 (compatible; Googlebot/2.1; +http://www.google.com/bot.html)"
66.249.66.16 - - [24/Jul/2017:13:13:21 -0700] "GET /img/sfnoir/9.jpg HTTP/1.1" 200 64784 "-" "Googlebot-Image/1.0"
173.208.139.226 - - [24/Jul/2017:13:13:26 -0700] "GET / HTTP/1.1" 200 72657 "http://rndsquared.com" "Mozilla/5.0 (Windows NT 6.1; WOW64; rv:53.0) Gecko/20100101 Firefox/53.0"
173.208.139.226 - - [24/Jul/2017:13:13:26 -0700] "GET /wp-admin HTTP/1.1" 404 206 "http://rndsquared.com" "Mozilla/5.0 (Windows NT 6.1; WOW64; rv:53.0) Gecko/20100101 Firefox/53.0"
173.208.139.226 - - [24/Jul/2017:13:13:27 -0700] "GET / HTTP/1.1" 200 72657 "http://rndsquared.com" "Mozilla/5.0 (Windows NT 6.1; WOW64; rv:53.0) Gecko/20100101 Firefox/53.0"
66.249.66.16 - - [24/Jul/2017:13:42:01 -0700] "GET /img/mixman/thumbs/1.jpg HTTP/1.1" 304 - "-" "Googlebot-Image/1.0"
94.242.246.24 - - [24/Jul/2017:14:14:22 -0700] "GET / HTTP/1.1" 200 15892 "-" "Mozilla/5.0 (Windows NT 5.1; rv:7.0.1) Gecko/20100101 Firefox/7.0.1"
94.242.246.24 - - [24/Jul/2017:14:14:25 -0700] "GET /?name=5976632e76306&email=msrouchard%40gmail.com&weJHlkUY=msrouchard%40gmail.com&message=& HTTP/1.1" 200 15892 "http://rndsquared.com/" "Mozilla/5.0 (Windows NT 5.1; rv:7.0.1) Gecko/20100101 Firefox/7.0.1"
192.42.116.16 - - [24/Jul/2017:14:15:27 -0700] "GET / HTTP/1.1" 200 15892 "-" "Mozilla/5.0 (Windows NT 5.1; rv:7.0.1) Gecko/20100101 Firefox/7.0.1"
192.42.116.16 - - [24/Jul/2017:14:15:30 -0700] "GET /?name=5976636f57259&email=raeshawnprince%40gmail.com&weJHlkUY=raeshawnprince%40gmail.com&message=& HTTP/1.1" 200 15892 "http://rndsquared.com/" "Mozilla/5.0 (Windows NT 5.1; rv:7.0.1) Gecko/20100101 Firefox/7.0.1"
66.249.66.20 - - [24/Jul/2017:14:17:37 -0700] "GET /robots.txt HTTP/1.1" 404 208 "-" "Mozilla/5.0 (compatible; Googlebot/2.1; +http://www.google.com/bot.html)"
