216.244.66.197 - - [01/Sep/2018:00:06:37 -0700] "GET /img/mixman/10.jpg HTTP/1.1" 200 114974 "-" "Mozilla/5.0 (compatible; DotBot/1.1; http://www.opensiteexplorer.org/dotbot, help@moz.com)"
216.244.66.197 - - [01/Sep/2018:00:06:39 -0700] "GET /img/wu-wei/8.jpg HTTP/1.1" 200 457546 "-" "Mozilla/5.0 (compatible; DotBot/1.1; http://www.opensiteexplorer.org/dotbot, help@moz.com)"
18.237.158.101 - - [01/Sep/2018:00:41:31 -0700] "GET / HTTP/1.1" 200 15893 "-" "Mozilla/5.0 (X11; Ubuntu; Linux x86_64) AppleWebKit/537.36 (KHTML, like Gecko) Chrome/60.0.3112.101 Safari/537.36"
46.229.168.72 - - [01/Sep/2018:01:42:28 -0700] "GET /robots.txt HTTP/1.1" 404 208 "-" "Mozilla/5.0 (compatible; SemrushBot/2~bl; +http://www.semrush.com/bot.html)"
46.229.168.66 - - [01/Sep/2018:01:42:29 -0700] "GET / HTTP/1.1" 200 15893 "-" "Mozilla/5.0 (compatible; SemrushBot/2~bl; +http://www.semrush.com/bot.html)"
35.162.176.31 - - [01/Sep/2018:02:11:44 -0700] "GET / HTTP/1.1" 200 15893 "-" "Mozilla/5.0 (Macintosh; Intel Mac OS X 10_10_3) AppleWebKit/537.36 (KHTML, like Gecko) Chrome/44.0.2403.89 Safari/537.36"
46.118.155.238 - - [01/Sep/2018:02:38:11 -0700] "GET /SOS-Admin-Help HTTP/1.1" 404 212 "http://fanoboi.com/flower-25.html" "Mozilla/4.0 (compatible; MSIE 4.01; Digital AlphaServer 1000A 4/233; Windows NT; Powered By 64-Bit Alpha Processor)"
162.210.196.100 - - [01/Sep/2018:02:40:14 -0700] "GET /robots.txt HTTP/1.1" 404 208 "-" "Mozilla/5.0 (compatible; MJ12bot/v1.4.8; http://mj12bot.com/)"
162.210.196.100 - - [01/Sep/2018:02:40:15 -0700] "GET / HTTP/1.1" 200 72658 "-" "Mozilla/5.0 (compatible; MJ12bot/v1.4.8; http://mj12bot.com/)"
5.102.173.71 - - [01/Sep/2018:03:07:47 -0700] "GET /robots.txt HTTP/1.1" 404 208 "-" "Mozilla/5.0 (compatible; MojeekBot/0.6; +https://www.mojeek.com/bot.html)"
5.102.173.71 - - [01/Sep/2018:03:07:47 -0700] "GET / HTTP/1.1" 200 15893 "-" "Mozilla/5.0 (compatible; MojeekBot/0.6; +https://www.mojeek.com/bot.html)"
216.244.66.197 - - [01/Sep/2018:05:22:55 -0700] "GET /robots.txt HTTP/1.1" 404 208 "-" "Mozilla/5.0 (compatible; DotBot/1.1; http://www.opensiteexplorer.org/dotbot, help@moz.com)"
216.244.66.197 - - [01/Sep/2018:05:44:06 -0700] "GET /img/oncekids-fujimini/6.jpg HTTP/1.1" 200 118631 "-" "Mozilla/5.0 (compatible; DotBot/1.1; http://www.opensiteexplorer.org/dotbot, help@moz.com)"
165.227.71.24 - - [01/Sep/2018:06:54:17 -0700] "HEAD / HTTP/1.1" 200 - "http://www.netcraft.com/survey/" "Mozilla/4.0 (compatible; Netcraft Web Server Survey)"
216.244.66.197 - - [01/Sep/2018:07:49:29 -0700] "GET /robots.txt HTTP/1.1" 404 208 "-" "Mozilla/5.0 (compatible; DotBot/1.1; http://www.opensiteexplorer.org/dotbot, help@moz.com)"
220.181.108.76 - - [01/Sep/2018:07:52:26 -0700] "GET / HTTP/1.1" 200 15893 "-" "Mozilla/5.0 (compatible; Baiduspider/2.0; +http://www.baidu.com/search/spider.html)"
216.244.66.197 - - [01/Sep/2018:08:07:46 -0700] "GET /img/autumn/5.jpg HTTP/1.1" 200 180877 "-" "Mozilla/5.0 (compatible; DotBot/1.1; http://www.opensiteexplorer.org/dotbot, help@moz.com)"
46.229.168.79 - - [01/Sep/2018:08:10:03 -0700] "GET /robots.txt HTTP/1.1" 404 208 "-" "Mozilla/5.0 (compatible; SemrushBot/2~bl; +http://www.semrush.com/bot.html)"
46.229.168.68 - - [01/Sep/2018:08:10:04 -0700] "GET / HTTP/1.1" 200 15893 "-" "Mozilla/5.0 (compatible; SemrushBot/2~bl; +http://www.semrush.com/bot.html)"
159.203.161.63 - - [01/Sep/2018:08:49:23 -0700] "HEAD / HTTP/1.1" 200 - "http://www.netcraft.com/survey/" "Mozilla/4.0 (compatible; Netcraft Web Server Survey)"
149.202.172.82 - - [01/Sep/2018:10:07:57 -0700] "GET /user/register/ HTTP/1.1" 404 212 "-" "Mozilla/5.0 (Windows; U; Windows NT 5.1; de; rv:1.9) Gecko/2008052906 Firefox/3.0"
149.202.172.82 - - [01/Sep/2018:10:07:59 -0700] "GET / HTTP/1.1" 200 72658 "-" "Mozilla/5.0 (Windows; U; Windows NT 5.1; de; rv:1.9) Gecko/2008052906 Firefox/3.0"
66.249.79.150 - - [01/Sep/2018:10:12:42 -0700] "GET /robots.txt HTTP/1.1" 404 208 "-" "Mozilla/5.0 (compatible; Googlebot/2.1; +http://www.google.com/bot.html)"
66.249.79.148 - - [01/Sep/2018:10:12:42 -0700] "GET / HTTP/1.1" 200 15893 "-" "Mozilla/5.0 (compatible; Googlebot/2.1; +http://www.google.com/bot.html)"
66.249.79.148 - - [01/Sep/2018:10:13:00 -0700] "GET /css/lightbox.css HTTP/1.1" 200 1003 "http://rndsquared.com/" "Mozilla/5.0 AppleWebKit/537.36 (KHTML, like Gecko; compatible; Googlebot/2.1; +http://www.google.com/bot.html) Safari/537.36"
66.249.79.150 - - [01/Sep/2018:10:13:00 -0700] "GET /css/bootstrap.min.css HTTP/1.1" 200 11249 "http://rndsquared.com/" "Mozilla/5.0 AppleWebKit/537.36 (KHTML, like Gecko; compatible; Googlebot/2.1; +http://www.google.com/bot.html) Safari/537.36"
66.249.79.150 - - [01/Sep/2018:10:13:01 -0700] "GET /css/styles.css HTTP/1.1" 200 1975 "http://rndsquared.com/" "Mozilla/5.0 AppleWebKit/537.36 (KHTML, like Gecko; compatible; Googlebot/2.1; +http://www.google.com/bot.html) Safari/537.36"
66.249.79.150 - - [01/Sep/2018:10:13:01 -0700] "GET /js/lightbox.js HTTP/1.1" 200 4210 "http://rndsquared.com/" "Mozilla/5.0 AppleWebKit/537.36 (KHTML, like Gecko; compatible; Googlebot/2.1; +http://www.google.com/bot.html) Safari/537.36"
46.229.168.66 - - [01/Sep/2018:10:32:16 -0700] "GET /robots.txt HTTP/1.1" 404 208 "-" "Mozilla/5.0 (compatible; SemrushBot/2~bl; +http://www.semrush.com/bot.html)"
46.229.168.75 - - [01/Sep/2018:10:32:16 -0700] "GET / HTTP/1.1" 200 15893 "-" "Mozilla/5.0 (compatible; SemrushBot/2~bl; +http://www.semrush.com/bot.html)"
94.250.254.57 - - [01/Sep/2018:12:30:19 -0700] "HEAD / HTTP/1.1" 200 - "-" "Mozilla/5.0 (Windows NT 5.1) AppleWebKit/537.36 (KHTML, like Gecko) Chrome/34.0.1847.116 Safari/537.36"
94.250.254.57 - - [01/Sep/2018:12:30:19 -0700] "HEAD /license.php HTTP/1.1" 404 - "-" "Mozilla/5.0 (Windows NT 5.1) AppleWebKit/537.36 (KHTML, like Gecko) Chrome/34.0.1847.116 Safari/537.36"
94.250.254.57 - - [01/Sep/2018:12:30:19 -0700] "GET /license.php HTTP/1.1" 404 209 "-" "Mozilla/5.0 (Windows NT 5.1) AppleWebKit/537.36 (KHTML, like Gecko) Chrome/34.0.1847.116 Safari/537.36"
157.55.39.27 - - [01/Sep/2018:14:09:03 -0700] "GET /robots.txt HTTP/1.1" 404 208 "-" "Mozilla/5.0 (compatible; bingbot/2.0; +http://www.bing.com/bingbot.htm)"
157.55.39.83 - - [01/Sep/2018:14:09:51 -0700] "GET / HTTP/1.1" 200 15893 "-" "Mozilla/5.0 (compatible; bingbot/2.0; +http://www.bing.com/bingbot.htm)"
216.244.66.197 - - [01/Sep/2018:14:50:07 -0700] "GET /robots.txt HTTP/1.1" 404 208 "-" "Mozilla/5.0 (compatible; DotBot/1.1; http://www.opensiteexplorer.org/dotbot, help@moz.com)"
216.244.66.197 - - [01/Sep/2018:15:08:25 -0700] "GET /img/mixman/16.jpg HTTP/1.1" 200 113328 "-" "Mozilla/5.0 (compatible; DotBot/1.1; http://www.opensiteexplorer.org/dotbot, help@moz.com)"
216.244.66.197 - - [01/Sep/2018:15:08:28 -0700] "GET /img/njn/3.jpg HTTP/1.1" 200 157605 "-" "Mozilla/5.0 (compatible; DotBot/1.1; http://www.opensiteexplorer.org/dotbot, help@moz.com)"
216.244.66.197 - - [01/Sep/2018:15:38:40 -0700] "GET /robots.txt HTTP/1.1" 404 208 "-" "Mozilla/5.0 (compatible; DotBot/1.1; http://www.opensiteexplorer.org/dotbot, help@moz.com)"
46.229.168.73 - - [01/Sep/2018:15:52:13 -0700] "GET /robots.txt HTTP/1.1" 404 208 "-" "Mozilla/5.0 (compatible; SemrushBot/2~bl; +http://www.semrush.com/bot.html)"
46.229.168.73 - - [01/Sep/2018:15:52:13 -0700] "GET / HTTP/1.1" 200 15893 "-" "Mozilla/5.0 (compatible; SemrushBot/2~bl; +http://www.semrush.com/bot.html)"
216.244.66.197 - - [01/Sep/2018:15:57:30 -0700] "GET /img/mixman/4.jpg HTTP/1.1" 200 135099 "-" "Mozilla/5.0 (compatible; DotBot/1.1; http://www.opensiteexplorer.org/dotbot, help@moz.com)"
216.244.66.197 - - [01/Sep/2018:15:57:34 -0700] "GET /img/wu-wei/2.jpg HTTP/1.1" 200 183246 "-" "Mozilla/5.0 (compatible; DotBot/1.1; http://www.opensiteexplorer.org/dotbot, help@moz.com)"
77.75.79.95 - - [01/Sep/2018:16:12:26 -0700] "GET /robots.txt HTTP/1.1" 404 208 "-" "Mozilla/5.0 (compatible; SeznamBot/3.2; +http://napoveda.seznam.cz/en/seznambot-intro/)"
77.75.79.95 - - [01/Sep/2018:16:12:30 -0700] "GET /img/mixman/5.jpg HTTP/1.1" 304 - "-" "Mozilla/5.0 (compatible; SeznamBot/3.2; +http://napoveda.seznam.cz/en/seznambot-intro/)"
216.244.66.197 - - [01/Sep/2018:16:28:33 -0700] "GET /robots.txt HTTP/1.1" 404 208 "-" "Mozilla/5.0 (compatible; DotBot/1.1; http://www.opensiteexplorer.org/dotbot, help@moz.com)"
216.244.66.197 - - [01/Sep/2018:16:51:45 -0700] "GET /img/mixman/1.jpg HTTP/1.1" 200 146374 "-" "Mozilla/5.0 (compatible; DotBot/1.1; http://www.opensiteexplorer.org/dotbot, help@moz.com)"
46.119.127.52 - - [01/Sep/2018:18:09:26 -0700] "GET /SOS-Admin-Help HTTP/1.1" 404 212 "https://yginekologa.com/" "Mozilla/4.0 (compatible; MSIE 5.5; Windows NT 5.0; .NET CLR 1.1.4322)"
77.75.76.171 - - [01/Sep/2018:18:11:39 -0700] "GET /robots.txt HTTP/1.1" 404 208 "-" "Mozilla/5.0 (compatible; SeznamBot/3.2; +http://napoveda.seznam.cz/en/seznambot-intro/)"
77.75.76.171 - - [01/Sep/2018:18:11:42 -0700] "GET /img/wu-wei/9.jpg HTTP/1.1" 304 - "-" "Mozilla/5.0 (compatible; SeznamBot/3.2; +http://napoveda.seznam.cz/en/seznambot-intro/)"
216.244.66.197 - - [01/Sep/2018:18:56:44 -0700] "GET /robots.txt HTTP/1.1" 404 208 "-" "Mozilla/5.0 (compatible; DotBot/1.1; http://www.opensiteexplorer.org/dotbot, help@moz.com)"
46.229.168.73 - - [01/Sep/2018:18:57:31 -0700] "GET /robots.txt HTTP/1.1" 404 208 "-" "Mozilla/5.0 (compatible; SemrushBot/2~bl; +http://www.semrush.com/bot.html)"
46.229.168.85 - - [01/Sep/2018:18:57:31 -0700] "GET / HTTP/1.1" 200 15893 "-" "Mozilla/5.0 (compatible; SemrushBot/2~bl; +http://www.semrush.com/bot.html)"
46.118.155.238 - - [01/Sep/2018:19:02:19 -0700] "GET /SOS-Admin-Help HTTP/1.1" 404 212 "http://purchasepillsnorx.com/" "Mozilla/4.0 (compatible; MSIE 6.0; Windows NT 5.1; SV1; .NET CLR 1.1.4322) NS8/0.9.6"
216.244.66.197 - - [01/Sep/2018:19:17:22 -0700] "GET /img/mixman/9.jpg HTTP/1.1" 200 141085 "-" "Mozilla/5.0 (compatible; DotBot/1.1; http://www.opensiteexplorer.org/dotbot, help@moz.com)"
216.244.66.197 - - [01/Sep/2018:19:17:25 -0700] "GET /img/oncekids-fujimini/4.jpg HTTP/1.1" 200 111945 "-" "Mozilla/5.0 (compatible; DotBot/1.1; http://www.opensiteexplorer.org/dotbot, help@moz.com)"
77.75.76.161 - - [01/Sep/2018:20:03:28 -0700] "GET /robots.txt HTTP/1.1" 404 208 "-" "Mozilla/5.0 (compatible; SeznamBot/3.2; +http://napoveda.seznam.cz/en/seznambot-intro/)"
77.75.76.161 - - [01/Sep/2018:20:03:30 -0700] "GET /img/mixman/10.jpg HTTP/1.1" 304 - "-" "Mozilla/5.0 (compatible; SeznamBot/3.2; +http://napoveda.seznam.cz/en/seznambot-intro/)"
73.162.55.182 - - [01/Sep/2018:20:18:26 -0700] "GET /img/logo.png HTTP/1.1" 200 13123 "-" "Mozilla/5.0 (Macintosh; Intel Mac OS X 10.13; rv:61.0) Gecko/20100101 Firefox/61.0"
216.244.66.197 - - [01/Sep/2018:20:35:36 -0700] "GET /robots.txt HTTP/1.1" 404 208 "-" "Mozilla/5.0 (compatible; DotBot/1.1; http://www.opensiteexplorer.org/dotbot, help@moz.com)"
216.244.66.197 - - [01/Sep/2018:20:59:50 -0700] "GET /img/mixman/5.jpg HTTP/1.1" 200 86490 "-" "Mozilla/5.0 (compatible; DotBot/1.1; http://www.opensiteexplorer.org/dotbot, help@moz.com)"
216.244.66.197 - - [01/Sep/2018:21:25:58 -0700] "GET /robots.txt HTTP/1.1" 404 208 "-" "Mozilla/5.0 (compatible; DotBot/1.1; http://www.opensiteexplorer.org/dotbot, help@moz.com)"
77.75.78.167 - - [01/Sep/2018:21:34:44 -0700] "GET /robots.txt HTTP/1.1" 404 208 "-" "Mozilla/5.0 (compatible; SeznamBot/3.2; +http://napoveda.seznam.cz/en/seznambot-intro/)"
77.75.78.167 - - [01/Sep/2018:21:34:49 -0700] "GET /img/urban-cowgirl/4.jpg HTTP/1.1" 304 - "-" "Mozilla/5.0 (compatible; SeznamBot/3.2; +http://napoveda.seznam.cz/en/seznambot-intro/)"
216.244.66.197 - - [01/Sep/2018:21:49:14 -0700] "GET /img/njn/7.jpg HTTP/1.1" 200 116420 "-" "Mozilla/5.0 (compatible; DotBot/1.1; http://www.opensiteexplorer.org/dotbot, help@moz.com)"
77.75.77.36 - - [01/Sep/2018:22:09:12 -0700] "GET /robots.txt HTTP/1.1" 404 208 "-" "Mozilla/5.0 (compatible; SeznamBot/3.2; +http://napoveda.seznam.cz/en/seznambot-intro/)"
77.75.77.36 - - [01/Sep/2018:22:09:17 -0700] "GET /img/sfnoir/6.jpg HTTP/1.1" 304 - "-" "Mozilla/5.0 (compatible; SeznamBot/3.2; +http://napoveda.seznam.cz/en/seznambot-intro/)"
216.244.66.197 - - [01/Sep/2018:22:15:59 -0700] "GET /robots.txt HTTP/1.1" 404 208 "-" "Mozilla/5.0 (compatible; DotBot/1.1; http://www.opensiteexplorer.org/dotbot, help@moz.com)"
216.244.66.197 - - [01/Sep/2018:22:38:37 -0700] "GET /img/bs4w/4.jpg HTTP/1.1" 200 93892 "-" "Mozilla/5.0 (compatible; DotBot/1.1; http://www.opensiteexplorer.org/dotbot, help@moz.com)"
77.75.77.109 - - [01/Sep/2018:23:48:19 -0700] "GET /robots.txt HTTP/1.1" 404 208 "-" "Mozilla/5.0 (compatible; SeznamBot/3.2; +http://napoveda.seznam.cz/en/seznambot-intro/)"
77.75.77.109 - - [01/Sep/2018:23:48:27 -0700] "GET /img/sfnoir/1.jpg HTTP/1.1" 304 - "-" "Mozilla/5.0 (compatible; SeznamBot/3.2; +http://napoveda.seznam.cz/en/seznambot-intro/)"
149.202.172.82 - - [02/Sep/2018:00:00:32 -0700] "GET /user/register/ HTTP/1.1" 404 212 "-" "Mozilla/5.0 (Windows; U; Windows NT 5.1; de; rv:1.9) Gecko/2008052906 Firefox/3.0"
149.202.172.82 - - [02/Sep/2018:00:00:32 -0700] "GET / HTTP/1.1" 200 72658 "-" "Mozilla/5.0 (Windows; U; Windows NT 5.1; de; rv:1.9) Gecko/2008052906 Firefox/3.0"
95.163.255.118 - - [02/Sep/2018:00:25:53 -0700] "GET /robots.txt HTTP/1.1" 404 208 "-" "Mozilla/5.0 (compatible; Linux x86_64; Mail.RU_Bot/2.0; +http://go.mail.ru/help/robots)"
95.163.255.118 - - [02/Sep/2018:00:25:54 -0700] "GET /img/mixman/15.jpg HTTP/1.1" 200 115845 "-" "Mozilla/5.0 (compatible; Linux x86_64; Mail.RU_Bot/2.0; +http://go.mail.ru/help/robots)"
216.244.66.197 - - [02/Sep/2018:00:45:20 -0700] "GET /robots.txt HTTP/1.1" 404 208 "-" "Mozilla/5.0 (compatible; DotBot/1.1; http://www.opensiteexplorer.org/dotbot, help@moz.com)"
216.244.66.197 - - [02/Sep/2018:01:06:52 -0700] "GET /img/autumn/3.jpg HTTP/1.1" 200 506599 "-" "Mozilla/5.0 (compatible; DotBot/1.1; http://www.opensiteexplorer.org/dotbot, help@moz.com)"
77.75.79.109 - - [02/Sep/2018:01:17:26 -0700] "GET /robots.txt HTTP/1.1" 404 208 "-" "Mozilla/5.0 (compatible; SeznamBot/3.2; +http://napoveda.seznam.cz/en/seznambot-intro/)"
77.75.79.109 - - [02/Sep/2018:01:17:28 -0700] "GET /img/njn/4.jpg HTTP/1.1" 304 - "-" "Mozilla/5.0 (compatible; SeznamBot/3.2; +http://napoveda.seznam.cz/en/seznambot-intro/)"
54.36.150.81 - - [02/Sep/2018:01:20:00 -0700] "GET /robots.txt HTTP/1.1" 404 208 "-" "Mozilla/5.0 (compatible; AhrefsBot/5.2; +http://ahrefs.com/robot/)"
54.36.149.82 - - [02/Sep/2018:01:20:01 -0700] "GET /img/bs4w/1.jpg HTTP/1.1" 200 61424 "-" "Mozilla/5.0 (compatible; AhrefsBot/5.2; +http://ahrefs.com/robot/)"
216.244.66.197 - - [02/Sep/2018:01:34:56 -0700] "GET /robots.txt HTTP/1.1" 404 208 "-" "Mozilla/5.0 (compatible; DotBot/1.1; http://www.opensiteexplorer.org/dotbot, help@moz.com)"
46.229.168.68 - - [02/Sep/2018:01:36:19 -0700] "GET /robots.txt HTTP/1.1" 404 208 "-" "Mozilla/5.0 (compatible; SemrushBot/2~bl; +http://www.semrush.com/bot.html)"
46.229.168.72 - - [02/Sep/2018:01:36:37 -0700] "GET / HTTP/1.1" 200 15893 "-" "Mozilla/5.0 (compatible; SemrushBot/2~bl; +http://www.semrush.com/bot.html)"
193.169.252.115 - - [02/Sep/2018:01:51:19 -0700] "GET /wp-login.php HTTP/1.1" 404 210 "http://rndsquared.com/wp-login.php" "Mozilla/4.0 (compatible; MSIE 9.0; Windows NT 6.1; 125LA; .NET CLR 2.0.50727; .NET CLR 3.0.04506.648; .NET CLR 3.5.21022)"
193.169.252.115 - - [02/Sep/2018:01:51:19 -0700] "GET /wp-login.php HTTP/1.1" 404 210 "http://rndsquared.com/wp-login.php" "Mozilla/4.0 (compatible; MSIE 9.0; Windows NT 6.1; 125LA; .NET CLR 2.0.50727; .NET CLR 3.0.04506.648; .NET CLR 3.5.21022)"
216.244.66.197 - - [02/Sep/2018:01:55:53 -0700] "GET /img/mixman/19.jpg HTTP/1.1" 200 81276 "-" "Mozilla/5.0 (compatible; DotBot/1.1; http://www.opensiteexplorer.org/dotbot, help@moz.com)"
216.244.66.197 - - [02/Sep/2018:01:55:56 -0700] "GET /img/sfnoir/1.jpg HTTP/1.1" 200 77798 "-" "Mozilla/5.0 (compatible; DotBot/1.1; http://www.opensiteexplorer.org/dotbot, help@moz.com)"
199.58.86.209 - - [02/Sep/2018:02:03:00 -0700] "GET /robots.txt HTTP/1.1" 404 208 "-" "Mozilla/5.0 (compatible; MJ12bot/v1.4.8; http://mj12bot.com/)"
199.58.86.209 - - [02/Sep/2018:02:03:01 -0700] "GET / HTTP/1.1" 200 72658 "-" "Mozilla/5.0 (compatible; MJ12bot/v1.4.8; http://mj12bot.com/)"
216.244.66.197 - - [02/Sep/2018:02:24:45 -0700] "GET /robots.txt HTTP/1.1" 404 208 "-" "Mozilla/5.0 (compatible; DotBot/1.1; http://www.opensiteexplorer.org/dotbot, help@moz.com)"
216.244.66.197 - - [02/Sep/2018:02:47:41 -0700] "GET /img/bs4w/2.jpg HTTP/1.1" 200 116129 "-" "Mozilla/5.0 (compatible; DotBot/1.1; http://www.opensiteexplorer.org/dotbot, help@moz.com)"
216.244.66.197 - - [02/Sep/2018:02:47:43 -0700] "GET /img/mixman/13.jpg HTTP/1.1" 200 106423 "-" "Mozilla/5.0 (compatible; DotBot/1.1; http://www.opensiteexplorer.org/dotbot, help@moz.com)"
216.244.66.197 - - [02/Sep/2018:02:47:45 -0700] "GET /img/wu-wei/4.jpg HTTP/1.1" 200 279891 "-" "Mozilla/5.0 (compatible; DotBot/1.1; http://www.opensiteexplorer.org/dotbot, help@moz.com)"
77.75.78.171 - - [02/Sep/2018:03:22:07 -0700] "GET /robots.txt HTTP/1.1" 404 208 "-" "Mozilla/5.0 (compatible; SeznamBot/3.2; +http://napoveda.seznam.cz/en/seznambot-intro/)"
77.75.78.171 - - [02/Sep/2018:03:22:11 -0700] "GET /img/autumn/7.jpg HTTP/1.1" 304 - "-" "Mozilla/5.0 (compatible; SeznamBot/3.2; +http://napoveda.seznam.cz/en/seznambot-intro/)"
77.75.78.171 - - [02/Sep/2018:03:22:15 -0700] "GET /img/njn/5.jpg HTTP/1.1" 304 - "-" "Mozilla/5.0 (compatible; SeznamBot/3.2; +http://napoveda.seznam.cz/en/seznambot-intro/)"
104.236.37.44 - - [02/Sep/2018:04:12:00 -0700] "GET / HTTP/1.1" 200 15893 "-" "Mozilla/5.0 (X11; Datanyze; Linux x86_64) AppleWebKit/537.36 (KHTML, like Gecko) Chrome/65.0.3325.181 Safari/537.36"
104.236.37.44 - - [02/Sep/2018:04:12:00 -0700] "GET /js/modernizr.js HTTP/1.1" 200 5933 "http://rndsquared.com/" "Mozilla/5.0 (X11; Datanyze; Linux x86_64) AppleWebKit/537.36 (KHTML, like Gecko) Chrome/65.0.3325.181 Safari/537.36"
104.236.37.44 - - [02/Sep/2018:04:12:02 -0700] "GET /js/lightbox.js HTTP/1.1" 200 4210 "http://rndsquared.com/" "Mozilla/5.0 (X11; Datanyze; Linux x86_64) AppleWebKit/537.36 (KHTML, like Gecko) Chrome/65.0.3325.181 Safari/537.36"
104.236.37.44 - - [02/Sep/2018:04:12:02 -0700] "GET /js/scripts.js HTTP/1.1" 200 1227 "http://rndsquared.com/" "Mozilla/5.0 (X11; Datanyze; Linux x86_64) AppleWebKit/537.36 (KHTML, like Gecko) Chrome/65.0.3325.181 Safari/537.36"
40.77.167.63 - - [02/Sep/2018:04:28:05 -0700] "GET / HTTP/1.1" 200 15893 "-" "Mozilla/5.0 (compatible; bingbot/2.0; +http://www.bing.com/bingbot.htm)"
216.244.66.197 - - [02/Sep/2018:05:46:52 -0700] "GET /robots.txt HTTP/1.1" 404 208 "-" "Mozilla/5.0 (compatible; DotBot/1.1; http://www.opensiteexplorer.org/dotbot, help@moz.com)"
216.244.66.197 - - [02/Sep/2018:06:08:02 -0700] "GET /img/njn/2.jpg HTTP/1.1" 200 103550 "-" "Mozilla/5.0 (compatible; DotBot/1.1; http://www.opensiteexplorer.org/dotbot, help@moz.com)"
46.119.127.52 - - [02/Sep/2018:06:18:37 -0700] "GET / HTTP/1.1" 200 72658 "https://bitmaein.com/shop" "Mozilla/4.0 (compatible; MSIE 6.0; Windows 98; Win 9x 4.90; Creative)"
46.119.127.52 - - [02/Sep/2018:06:18:40 -0700] "GET / HTTP/1.1" 200 72658 "https://bitmaein.com/shop" "Mozilla/4.0 (compatible; MSIE 6.0; Windows 98; Win 9x 4.90; Creative)"
216.244.66.197 - - [02/Sep/2018:06:36:29 -0700] "GET /robots.txt HTTP/1.1" 404 208 "-" "Mozilla/5.0 (compatible; DotBot/1.1; http://www.opensiteexplorer.org/dotbot, help@moz.com)"
216.244.66.197 - - [02/Sep/2018:06:55:45 -0700] "GET /img/bs4w/5.jpg HTTP/1.1" 200 42135 "-" "Mozilla/5.0 (compatible; DotBot/1.1; http://www.opensiteexplorer.org/dotbot, help@moz.com)"
149.202.172.82 - - [02/Sep/2018:07:16:44 -0700] "GET /user/register/ HTTP/1.1" 404 212 "-" "Mozilla/5.0 (Windows; U; Windows NT 5.1; de; rv:1.9) Gecko/2008052906 Firefox/3.0"
149.202.172.82 - - [02/Sep/2018:07:16:48 -0700] "GET / HTTP/1.1" 200 72658 "-" "Mozilla/5.0 (Windows; U; Windows NT 5.1; de; rv:1.9) Gecko/2008052906 Firefox/3.0"
77.75.77.72 - - [02/Sep/2018:08:49:42 -0700] "GET /robots.txt HTTP/1.1" 404 208 "-" "Mozilla/5.0 (compatible; SeznamBot/3.2; +http://napoveda.seznam.cz/en/seznambot-intro/)"
77.75.77.72 - - [02/Sep/2018:08:49:45 -0700] "GET /img/autumn/5.jpg HTTP/1.1" 304 - "-" "Mozilla/5.0 (compatible; SeznamBot/3.2; +http://napoveda.seznam.cz/en/seznambot-intro/)"
185.220.101.5 - - [02/Sep/2018:09:09:48 -0700] "GET / HTTP/1.1" 200 15893 "-" "Mozilla/5.0 (Windows NT 10.0; Win64; x64) AppleWebKit/537.36 (KHTML, like Gecko) Chrome/67.0.3396.99 Safari/537.36"
193.201.224.223 - - [02/Sep/2018:09:12:47 -0700] "GET / HTTP/1.1" 200 15893 "http://rndsquared.com/" "Mozilla/5.0 (Windows NT 5.2; WOW64; x64) AppleWebKit/532.99.42 (KHTML, like Gecko) Chrome/57.4.0118.5480 Safari/534.59 OPR/40.6.1831.6103"
52.53.201.78 - - [02/Sep/2018:09:17:25 -0700] "GET / HTTP/1.1" 200 15893 "-" "Mozilla/5.0 (Macintosh; Intel Mac OS X 10_12_6) AppleWebKit/537.36 (KHTML, like Gecko) Chrome/61.0.3163.100 Safari/537.36"
163.172.4.153 - - [02/Sep/2018:09:24:35 -0700] "GET / HTTP/1.1" 200 15893 "http://rndsquared.com/" "Mozilla/5.0 (X11; Linux x86_64) AppleWebKit/537.36 (KHTML, like Gecko) Chrome/58.0.3029.96 Safari/537.36"
46.119.127.125 - - [02/Sep/2018:09:42:12 -0700] "GET /SOS-Admin-Help HTTP/1.1" 404 212 "https://russian-translator.com/" "Mozilla/4.0 (compatible; MSIE 6.0; Windows 98; Win 9x 4.90; Creative)"
216.244.66.197 - - [02/Sep/2018:09:49:42 -0700] "GET /robots.txt HTTP/1.1" 404 208 "-" "Mozilla/5.0 (compatible; DotBot/1.1; http://www.opensiteexplorer.org/dotbot, help@moz.com)"
46.119.127.125 - - [02/Sep/2018:10:00:02 -0700] "GET /SOS-Admin-Help HTTP/1.1" 404 212 "https://buy-meds24.com/" "Mozilla/4.0 (compatible; MSIE 6.0; Windows NT 5.1) Netscape/8.0.4"
46.119.127.125 - - [02/Sep/2018:10:00:06 -0700] "GET /SOS-Admin-Help HTTP/1.1" 404 212 "https://buy-meds24.com/" "Mozilla/4.0 (compatible; MSIE 6.0; Windows NT 5.1) Netscape/8.0.4"
216.244.66.197 - - [02/Sep/2018:10:09:48 -0700] "GET /img/bs4w/1.jpg HTTP/1.1" 200 61424 "-" "Mozilla/5.0 (compatible; DotBot/1.1; http://www.opensiteexplorer.org/dotbot, help@moz.com)"
46.119.127.125 - - [02/Sep/2018:11:36:55 -0700] "GET /SOS-Admin-Help HTTP/1.1" 404 212 "https://gepatit-info.top/" "Mozilla/4.0 (compatible; MSIE 6.0; Windows NT 5.2; WOW64; SV1; .NET CLR 2.0.50727)"
46.119.127.125 - - [02/Sep/2018:13:13:18 -0700] "GET /SOS-Admin-Help HTTP/1.1" 404 212 "http://ruspoety.ru/" "Mozilla/4.0 (compatible; MSIE 6.0; Windows NT 5.1; SV1; .NET CLR 1.1.4322; XMPP Tiscali Communicator v.10.0.2; .NET CLR 2.0.50727)"
46.119.127.125 - - [02/Sep/2018:13:13:20 -0700] "GET /SOS-Admin-Help HTTP/1.1" 404 212 "http://ruspoety.ru/" "Mozilla/4.0 (compatible; MSIE 6.0; Windows NT 5.1; SV1; .NET CLR 1.1.4322; XMPP Tiscali Communicator v.10.0.2; .NET CLR 2.0.50727)"
94.250.254.57 - - [02/Sep/2018:13:42:12 -0700] "HEAD / HTTP/1.1" 200 - "-" "Mozilla/5.0 (Windows NT 5.1) AppleWebKit/537.36 (KHTML, like Gecko) Chrome/34.0.1847.116 Safari/537.36"
94.250.254.57 - - [02/Sep/2018:13:42:12 -0700] "HEAD /license.php HTTP/1.1" 404 - "-" "Mozilla/5.0 (Windows NT 5.1) AppleWebKit/537.36 (KHTML, like Gecko) Chrome/34.0.1847.116 Safari/537.36"
94.250.254.57 - - [02/Sep/2018:13:42:12 -0700] "GET /license.php HTTP/1.1" 404 209 "-" "Mozilla/5.0 (Windows NT 5.1) AppleWebKit/537.36 (KHTML, like Gecko) Chrome/34.0.1847.116 Safari/537.36"
104.244.78.207 - - [02/Sep/2018:14:13:09 -0700] "GET / HTTP/1.1" 200 15893 "-" "Mozilla/5.0 (Windows NT 10.0; Win64; x64) AppleWebKit/537.36 (KHTML, like Gecko) Chrome/67.0.3396.99 Safari/537.36"
46.165.228.102 - - [02/Sep/2018:16:53:28 -0700] "GET /index.php?-s HTTP/1.1" 404 207 "-" "Mozilla/5.0 (Windows NT 6.1; WOW64; rv:54.0) Gecko/20100101 Firefox/54.0"
69.136.242.165 - - [02/Sep/2018:17:47:59 -0700] "GET /img/autumn/thumbs/1.jpg HTTP/1.1" 200 24768 "https://www.google.com/" "Mozilla/5.0 (iPhone; CPU iPhone OS 11_4_1 like Mac OS X) AppleWebKit/605.1.15 (KHTML, like Gecko) Version/11.0 Mobile/15E148 Safari/604.1"
98.226.51.41 - - [02/Sep/2018:18:57:22 -0700] "GET /img/autumn/thumbs/7.jpg HTTP/1.1" 200 25117 "https://www.google.com/" "Mozilla/5.0 (Windows NT 10.0) AppleWebKit/537.36 (KHTML, like Gecko) Chrome/68.0.3440.106 Safari/537.36"
73.71.74.9 - - [02/Sep/2018:19:44:24 -0700] "GET / HTTP/1.1" 200 15893 "-" "Mozilla/5.0 (Macintosh; Intel Mac OS X 10_12_5) AppleWebKit/603.2.4 (KHTML, like Gecko)"
73.71.74.9 - - [02/Sep/2018:19:44:25 -0700] "GET /apple-touch-icon-precomposed.png HTTP/1.1" 404 230 "-" "Safari/12603.2.4 CFNetwork/811.5.4 Darwin/16.6.0 (x86_64)"
73.71.74.9 - - [02/Sep/2018:19:44:25 -0700] "GET /apple-touch-icon.png HTTP/1.1" 404 218 "-" "Safari/12603.2.4 CFNetwork/811.5.4 Darwin/16.6.0 (x86_64)"
73.71.74.9 - - [02/Sep/2018:19:44:25 -0700] "GET /favicon.ico HTTP/1.1" 404 209 "-" "Safari/12603.2.4 CFNetwork/811.5.4 Darwin/16.6.0 (x86_64)"
73.71.74.9 - - [02/Sep/2018:19:44:25 -0700] "GET /apple-touch-icon-precomposed.png HTTP/1.1" 404 230 "-" "Safari/12603.2.4 CFNetwork/811.5.4 Darwin/16.6.0 (x86_64)"
73.71.74.9 - - [02/Sep/2018:19:44:25 -0700] "GET /apple-touch-icon.png HTTP/1.1" 404 218 "-" "Safari/12603.2.4 CFNetwork/811.5.4 Darwin/16.6.0 (x86_64)"
73.71.74.9 - - [02/Sep/2018:19:44:25 -0700] "GET /favicon.ico HTTP/1.1" 404 209 "-" "Safari/12603.2.4 CFNetwork/811.5.4 Darwin/16.6.0 (x86_64)"
73.71.74.9 - - [02/Sep/2018:19:44:25 -0700] "GET / HTTP/1.1" 200 15893 "-" "Mozilla/5.0 (iPhone; CPU iPhone OS 10_0 like Mac OS X) AppleWebKit/602.1.38 (KHTML, like Gecko) Version/10.0 Mobile/14A300 Safari/602.1"
73.71.74.9 - - [02/Sep/2018:19:44:25 -0700] "GET /apple-touch-icon-precomposed.png HTTP/1.1" 404 230 "-" "Safari/12603.2.4 CFNetwork/811.5.4 Darwin/16.6.0 (x86_64)"
73.71.74.9 - - [02/Sep/2018:19:44:25 -0700] "GET /apple-touch-icon.png HTTP/1.1" 404 218 "-" "Safari/12603.2.4 CFNetwork/811.5.4 Darwin/16.6.0 (x86_64)"
73.71.74.9 - - [02/Sep/2018:19:44:25 -0700] "GET /favicon.ico HTTP/1.1" 404 209 "-" "Safari/12603.2.4 CFNetwork/811.5.4 Darwin/16.6.0 (x86_64)"
73.71.74.9 - - [02/Sep/2018:19:44:25 -0700] "GET /apple-touch-icon-precomposed.png HTTP/1.1" 404 230 "-" "Safari/12603.2.4 CFNetwork/811.5.4 Darwin/16.6.0 (x86_64)"
73.71.74.9 - - [02/Sep/2018:19:44:25 -0700] "GET /apple-touch-icon.png HTTP/1.1" 404 218 "-" "Safari/12603.2.4 CFNetwork/811.5.4 Darwin/16.6.0 (x86_64)"
73.71.74.9 - - [02/Sep/2018:19:44:25 -0700] "GET /favicon.ico HTTP/1.1" 404 209 "-" "Safari/12603.2.4 CFNetwork/811.5.4 Darwin/16.6.0 (x86_64)"
51.15.57.167 - - [02/Sep/2018:20:05:53 -0700] "GET / HTTP/1.1" 200 15893 "-" "Mozilla/5.0 (Windows NT 10.0; Win64; x64) AppleWebKit/537.36 (KHTML, like Gecko) Chrome/67.0.3396.99 Safari/537.36"
144.76.119.201 - - [02/Sep/2018:20:26:12 -0700] "GET /robots.txt HTTP/1.1" 404 208 "-" "Mozilla/5.0 (compatible; MJ12bot/v1.4.8; http://mj12bot.com/)"
144.76.119.201 - - [02/Sep/2018:20:26:16 -0700] "GET / HTTP/1.1" 200 72658 "-" "Mozilla/5.0 (compatible; MJ12bot/v1.4.8; http://mj12bot.com/)"
73.231.164.56 - - [02/Sep/2018:23:30:54 -0700] "GET /favicon.ico HTTP/1.1" 404 209 "-" "Mozilla/5.0 (iPad; CPU OS 11_4_1 like Mac OS X) AppleWebKit/605.1.15 (KHTML, like Gecko) FxiOS/13.2b11866 Mobile/15G77 Safari/605.1.15"
46.119.122.250 - - [03/Sep/2018:00:35:14 -0700] "GET /SOS-Admin-Help HTTP/1.1" 404 212 "http://lider82.ru/" "Mozilla/4.0 (compatible; MSIE 6.0; Windows NT 5.1; SV1; .NET CLR 1.1.4322; XMPP Tiscali Communicator v.10.0.2; .NET CLR 2.0.50727)"
199.58.86.209 - - [03/Sep/2018:00:42:53 -0700] "GET /robots.txt HTTP/1.1" 404 208 "-" "Mozilla/5.0 (compatible; MJ12bot/v1.4.8; http://mj12bot.com/)"
199.58.86.209 - - [03/Sep/2018:00:42:54 -0700] "GET / HTTP/1.1" 200 72658 "-" "Mozilla/5.0 (compatible; MJ12bot/v1.4.8; http://mj12bot.com/)"
46.119.122.250 - - [03/Sep/2018:00:54:35 -0700] "GET /SOS-Admin-Help HTTP/1.1" 404 212 "https://allergija.com/" "Mozilla/4.0 (compatible; MSIE 6.0; Windows NT 5.2; Win64; x64; SV1; .NET CLR 2.0.50727)"
46.119.122.250 - - [03/Sep/2018:00:54:37 -0700] "GET /SOS-Admin-Help HTTP/1.1" 404 212 "https://allergija.com/" "Mozilla/4.0 (compatible; MSIE 6.0; Windows NT 5.2; Win64; x64; SV1; .NET CLR 2.0.50727)"
45.55.58.225 - - [03/Sep/2018:01:27:05 -0700] "GET / HTTP/1.0" 200 72658 "-" "Mozilla/5.0 (compatible; NetcraftSurveyAgent/1.0; +info@netcraft.com)"
46.119.115.33 - - [03/Sep/2018:01:42:26 -0700] "GET / HTTP/1.1" 200 72658 "-" "Mozilla/5.0 (Windows NT 10.0; Win64; x64) AppleWebKit/537.36 (KHTML, like Gecko) Chrome/63.0.3239.132 Safari/537.36"
46.119.115.33 - - [03/Sep/2018:01:42:27 -0700] "POST /connectors/system/phpthumb.php HTTP/1.1" 404 228 "-" "Mozilla/5.0 (Windows NT 10.0; Win64; x64) AppleWebKit/537.36 (KHTML, like Gecko) Chrome/63.0.3239.132 Safari/537.36"
46.119.115.33 - - [03/Sep/2018:01:42:27 -0700] "GET /dbs.php HTTP/1.1" 404 205 "-" "Mozilla/5.0 (Windows NT 10.0; Win64; x64) AppleWebKit/537.36 (KHTML, like Gecko) Chrome/63.0.3239.132 Safari/537.36"
54.157.148.120 - - [03/Sep/2018:01:51:01 -0700] "GET / HTTP/1.1" 200 15893 "-" "Mozilla/5.0 (X11; Ubuntu; Linux x86_64) AppleWebKit/537.36 (KHTML, like Gecko) Chrome/60.0.3112.101 Safari/537.36"
54.36.150.81 - - [03/Sep/2018:04:55:17 -0700] "GET /robots.txt HTTP/1.1" 404 208 "-" "Mozilla/5.0 (compatible; AhrefsBot/5.2; +http://ahrefs.com/robot/)"
185.220.101.15 - - [03/Sep/2018:05:46:41 -0700] "GET / HTTP/1.0" 200 72658 "https://www.cjb.net/" "Mozilla/5.0 (Linux; Android 6.0.1; Nexus 5X Build/MMB29P) AppleWebKit/537.36 (KHTML, like Gecko) Chrome/41.0.2272.96 Mobile Safari/537.36"
46.118.155.238 - - [03/Sep/2018:06:12:44 -0700] "GET /SOS-Admin-Help HTTP/1.1" 404 212 "http://snabs.kz/" "Mozilla/4.0 (compatible; MSIE 6.0; Windows NT 5.1; SV1; .NET CLR 1.1.4322) Babya Discoverer  8.0:"
157.55.39.230 - - [03/Sep/2018:07:42:39 -0700] "GET / HTTP/1.1" 200 15893 "-" "Mozilla/5.0 (compatible; bingbot/2.0; +http://www.bing.com/bingbot.htm)"
95.0.171.248 - - [03/Sep/2018:08:49:00 -0700] "GET /img/mixman/11.jpg HTTP/1.1" 200 114722 "https://www.google.com.tr/" "Mozilla/5.0 (Macintosh; Intel Mac OS X 10_13_6) AppleWebKit/537.36 (KHTML, like Gecko) Chrome/68.0.3440.106 Safari/537.36"
95.0.171.248 - - [03/Sep/2018:08:49:01 -0700] "GET /img/mixman/11.jpg HTTP/1.1" 206 1 "https://www.google.com.tr/" "Mozilla/5.0 (Macintosh; Intel Mac OS X 10_13_6) AppleWebKit/537.36 (KHTML, like Gecko) Chrome/68.0.3440.106 Safari/537.36"
95.0.171.248 - - [03/Sep/2018:08:49:02 -0700] "GET /img/mixman/11.jpg HTTP/1.1" 206 100733 "https://www.google.com.tr/" "Mozilla/5.0 (Macintosh; Intel Mac OS X 10_13_6) AppleWebKit/537.36 (KHTML, like Gecko) Chrome/68.0.3440.106 Safari/537.36"
46.119.122.250 - - [03/Sep/2018:09:03:34 -0700] "GET /SOS-Admin-Help HTTP/1.1" 404 212 "https://yes-com.com/" "Mozilla/4.0 (compatible; MSIE 6.0; Windows NT 5.1; TheFreeDictionary.com; .NET CLR 1.1.4322; .NET CLR 1.0.3705; .NET CLR 2.0.50727)"
46.119.122.250 - - [03/Sep/2018:09:03:36 -0700] "GET /SOS-Admin-Help HTTP/1.1" 404 212 "https://yes-com.com/" "Mozilla/4.0 (compatible; MSIE 6.0; Windows NT 5.1; TheFreeDictionary.com; .NET CLR 1.1.4322; .NET CLR 1.0.3705; .NET CLR 2.0.50727)"
172.58.141.191 - - [03/Sep/2018:13:21:40 -0700] "GET /img/autumn/thumbs/1.jpg HTTP/1.1" 200 24768 "-" "com.google.GoogleMobile/55.0.0 iPhone/11.4.1 hw/iPhone8_2"
73.71.74.9 - - [03/Sep/2018:13:51:54 -0700] "GET / HTTP/1.1" 200 15893 "-" "Mozilla/5.0 (Macintosh; Intel Mac OS X 10_12_5) AppleWebKit/603.2.4 (KHTML, like Gecko)"
73.71.74.9 - - [03/Sep/2018:13:51:54 -0700] "GET /apple-touch-icon-precomposed.png HTTP/1.1" 404 230 "-" "Safari/12603.2.4 CFNetwork/811.5.4 Darwin/16.6.0 (x86_64)"
73.71.74.9 - - [03/Sep/2018:13:51:54 -0700] "GET /apple-touch-icon.png HTTP/1.1" 404 218 "-" "Safari/12603.2.4 CFNetwork/811.5.4 Darwin/16.6.0 (x86_64)"
73.71.74.9 - - [03/Sep/2018:13:51:54 -0700] "GET /favicon.ico HTTP/1.1" 404 209 "-" "Safari/12603.2.4 CFNetwork/811.5.4 Darwin/16.6.0 (x86_64)"
73.71.74.9 - - [03/Sep/2018:13:51:54 -0700] "GET /apple-touch-icon-precomposed.png HTTP/1.1" 404 230 "-" "Safari/12603.2.4 CFNetwork/811.5.4 Darwin/16.6.0 (x86_64)"
73.71.74.9 - - [03/Sep/2018:13:51:54 -0700] "GET /apple-touch-icon.png HTTP/1.1" 404 218 "-" "Safari/12603.2.4 CFNetwork/811.5.4 Darwin/16.6.0 (x86_64)"
73.71.74.9 - - [03/Sep/2018:13:51:54 -0700] "GET /favicon.ico HTTP/1.1" 404 209 "-" "Safari/12603.2.4 CFNetwork/811.5.4 Darwin/16.6.0 (x86_64)"
73.71.74.9 - - [03/Sep/2018:13:51:54 -0700] "GET / HTTP/1.1" 200 15893 "-" "Mozilla/5.0 (iPhone; CPU iPhone OS 10_0 like Mac OS X) AppleWebKit/602.1.38 (KHTML, like Gecko) Version/10.0 Mobile/14A300 Safari/602.1"
73.71.74.9 - - [03/Sep/2018:13:51:54 -0700] "GET /apple-touch-icon-precomposed.png HTTP/1.1" 404 230 "-" "Safari/12603.2.4 CFNetwork/811.5.4 Darwin/16.6.0 (x86_64)"
73.71.74.9 - - [03/Sep/2018:13:51:54 -0700] "GET /apple-touch-icon.png HTTP/1.1" 404 218 "-" "Safari/12603.2.4 CFNetwork/811.5.4 Darwin/16.6.0 (x86_64)"
73.71.74.9 - - [03/Sep/2018:13:51:54 -0700] "GET /favicon.ico HTTP/1.1" 404 209 "-" "Safari/12603.2.4 CFNetwork/811.5.4 Darwin/16.6.0 (x86_64)"
73.71.74.9 - - [03/Sep/2018:13:51:54 -0700] "GET /apple-touch-icon-precomposed.png HTTP/1.1" 404 230 "-" "Safari/12603.2.4 CFNetwork/811.5.4 Darwin/16.6.0 (x86_64)"
73.71.74.9 - - [03/Sep/2018:13:51:54 -0700] "GET /apple-touch-icon.png HTTP/1.1" 404 218 "-" "Safari/12603.2.4 CFNetwork/811.5.4 Darwin/16.6.0 (x86_64)"
73.71.74.9 - - [03/Sep/2018:13:51:54 -0700] "GET /favicon.ico HTTP/1.1" 404 209 "-" "Safari/12603.2.4 CFNetwork/811.5.4 Darwin/16.6.0 (x86_64)"
77.75.78.170 - - [03/Sep/2018:14:16:03 -0700] "GET /robots.txt HTTP/1.1" 404 208 "-" "Mozilla/5.0 (compatible; SeznamBot/3.2; +http://napoveda.seznam.cz/en/seznambot-intro/)"
77.75.78.170 - - [03/Sep/2018:14:16:05 -0700] "GET /img/oncekids-fujimini/thumbs/7.jpg HTTP/1.1" 304 - "-" "Mozilla/5.0 (compatible; SeznamBot/3.2; +http://napoveda.seznam.cz/en/seznambot-intro/)"
185.220.101.32 - - [03/Sep/2018:14:45:44 -0700] "GET / HTTP/1.1" 200 15893 "-" "Mozilla/5.0 (Windows NT 10.0; Win64; x64) AppleWebKit/537.36 (KHTML, like Gecko) Chrome/67.0.3396.99 Safari/537.36"
98.226.51.41 - - [03/Sep/2018:15:41:58 -0700] "GET /img/autumn/thumbs/7.jpg HTTP/1.1" 200 25117 "https://www.google.com/" "Mozilla/5.0 (Windows NT 10.0) AppleWebKit/537.36 (KHTML, like Gecko) Chrome/68.0.3440.106 Safari/537.36"
46.119.127.52 - - [03/Sep/2018:16:22:29 -0700] "GET / HTTP/1.1" 200 72658 "https://dverirespekt.ru/" "Mozilla/4.0 (compatible; MSIE 5.5; Windows 95; BCD2000)"
46.119.127.52 - - [03/Sep/2018:16:22:29 -0700] "GET / HTTP/1.1" 200 72658 "https://serdechnic.com/" "Mozilla/4.0 (compatible; MSIE 5.5; Windows NT 5.0; .NET CLR 1.1.4322)"
46.119.127.52 - - [03/Sep/2018:16:22:30 -0700] "GET / HTTP/1.1" 200 72658 "https://dverirespekt.ru/" "Mozilla/4.0 (compatible; MSIE 5.5; Windows 95; BCD2000)"
46.119.127.52 - - [03/Sep/2018:16:22:31 -0700] "GET / HTTP/1.1" 200 72658 "https://dverirespekt.ru/" "Mozilla/4.0 (compatible; MSIE 5.5; Windows 95; BCD2000)"
46.119.127.52 - - [03/Sep/2018:16:22:31 -0700] "GET / HTTP/1.1" 200 72658 "https://serdechnic.com/" "Mozilla/4.0 (compatible; MSIE 5.5; Windows NT 5.0; .NET CLR 1.1.4322)"
46.119.127.52 - - [03/Sep/2018:16:22:33 -0700] "GET / HTTP/1.1" 200 72658 "https://serdechnic.com/" "Mozilla/4.0 (compatible; MSIE 5.5; Windows NT 5.0; .NET CLR 1.1.4322)"
73.71.74.9 - - [03/Sep/2018:17:01:14 -0700] "GET / HTTP/1.1" 200 15893 "-" "Mozilla/5.0 (Macintosh; Intel Mac OS X 10_12_5) AppleWebKit/603.2.4 (KHTML, like Gecko)"
73.71.74.9 - - [03/Sep/2018:17:01:14 -0700] "GET /apple-touch-icon-precomposed.png HTTP/1.1" 404 230 "-" "Safari/12603.2.4 CFNetwork/811.5.4 Darwin/16.6.0 (x86_64)"
73.71.74.9 - - [03/Sep/2018:17:01:14 -0700] "GET /apple-touch-icon.png HTTP/1.1" 404 218 "-" "Safari/12603.2.4 CFNetwork/811.5.4 Darwin/16.6.0 (x86_64)"
73.71.74.9 - - [03/Sep/2018:17:01:14 -0700] "GET /favicon.ico HTTP/1.1" 404 209 "-" "Safari/12603.2.4 CFNetwork/811.5.4 Darwin/16.6.0 (x86_64)"
73.71.74.9 - - [03/Sep/2018:17:01:14 -0700] "GET /apple-touch-icon-precomposed.png HTTP/1.1" 404 230 "-" "Safari/12603.2.4 CFNetwork/811.5.4 Darwin/16.6.0 (x86_64)"
73.71.74.9 - - [03/Sep/2018:17:01:14 -0700] "GET /apple-touch-icon.png HTTP/1.1" 404 218 "-" "Safari/12603.2.4 CFNetwork/811.5.4 Darwin/16.6.0 (x86_64)"
73.71.74.9 - - [03/Sep/2018:17:01:15 -0700] "GET /favicon.ico HTTP/1.1" 404 209 "-" "Safari/12603.2.4 CFNetwork/811.5.4 Darwin/16.6.0 (x86_64)"
73.71.74.9 - - [03/Sep/2018:17:01:15 -0700] "GET / HTTP/1.1" 200 15893 "-" "Mozilla/5.0 (iPhone; CPU iPhone OS 10_0 like Mac OS X) AppleWebKit/602.1.38 (KHTML, like Gecko) Version/10.0 Mobile/14A300 Safari/602.1"
73.71.74.9 - - [03/Sep/2018:17:01:15 -0700] "GET /apple-touch-icon-precomposed.png HTTP/1.1" 404 230 "-" "Safari/12603.2.4 CFNetwork/811.5.4 Darwin/16.6.0 (x86_64)"
73.71.74.9 - - [03/Sep/2018:17:01:15 -0700] "GET /apple-touch-icon.png HTTP/1.1" 404 218 "-" "Safari/12603.2.4 CFNetwork/811.5.4 Darwin/16.6.0 (x86_64)"
73.71.74.9 - - [03/Sep/2018:17:01:15 -0700] "GET /favicon.ico HTTP/1.1" 404 209 "-" "Safari/12603.2.4 CFNetwork/811.5.4 Darwin/16.6.0 (x86_64)"
73.71.74.9 - - [03/Sep/2018:17:01:15 -0700] "GET /apple-touch-icon-precomposed.png HTTP/1.1" 404 230 "-" "Safari/12603.2.4 CFNetwork/811.5.4 Darwin/16.6.0 (x86_64)"
73.71.74.9 - - [03/Sep/2018:17:01:15 -0700] "GET /apple-touch-icon.png HTTP/1.1" 404 218 "-" "Safari/12603.2.4 CFNetwork/811.5.4 Darwin/16.6.0 (x86_64)"
73.71.74.9 - - [03/Sep/2018:17:01:15 -0700] "GET /favicon.ico HTTP/1.1" 404 209 "-" "Safari/12603.2.4 CFNetwork/811.5.4 Darwin/16.6.0 (x86_64)"
77.75.78.166 - - [03/Sep/2018:17:12:20 -0700] "GET /robots.txt HTTP/1.1" 404 208 "-" "Mozilla/5.0 (compatible; SeznamBot/3.2; +http://napoveda.seznam.cz/en/seznambot-intro/)"
77.75.78.166 - - [03/Sep/2018:17:12:24 -0700] "GET /img/njn/thumbs/4.jpg HTTP/1.1" 304 - "-" "Mozilla/5.0 (compatible; SeznamBot/3.2; +http://napoveda.seznam.cz/en/seznambot-intro/)"
73.231.164.56 - - [03/Sep/2018:17:23:27 -0700] "GET /favicon.ico HTTP/1.1" 404 209 "-" "Mozilla/5.0 (iPad; CPU OS 11_4_1 like Mac OS X) AppleWebKit/605.1.15 (KHTML, like Gecko) FxiOS/13.2b11866 Mobile/15G77 Safari/605.1.15"
77.75.77.11 - - [03/Sep/2018:18:21:17 -0700] "GET /robots.txt HTTP/1.1" 404 208 "-" "Mozilla/5.0 (compatible; SeznamBot/3.2; +http://napoveda.seznam.cz/en/seznambot-intro/)"
77.75.77.11 - - [03/Sep/2018:18:21:20 -0700] "GET /img/oncekids-fujimini/7.jpg HTTP/1.1" 304 - "-" "Mozilla/5.0 (compatible; SeznamBot/3.2; +http://napoveda.seznam.cz/en/seznambot-intro/)"
77.75.76.167 - - [03/Sep/2018:19:25:00 -0700] "GET /robots.txt HTTP/1.1" 404 208 "-" "Mozilla/5.0 (compatible; SeznamBot/3.2; +http://napoveda.seznam.cz/en/seznambot-intro/)"
77.75.76.167 - - [03/Sep/2018:19:25:05 -0700] "GET /img/bs4w/8.jpg HTTP/1.1" 304 - "-" "Mozilla/5.0 (compatible; SeznamBot/3.2; +http://napoveda.seznam.cz/en/seznambot-intro/)"
77.75.77.95 - - [03/Sep/2018:19:59:20 -0700] "GET /robots.txt HTTP/1.1" 404 208 "-" "Mozilla/5.0 (compatible; SeznamBot/3.2; +http://napoveda.seznam.cz/en/seznambot-intro/)"
77.75.77.95 - - [03/Sep/2018:19:59:24 -0700] "GET /img/mixman/thumbs/16.jpg HTTP/1.1" 304 - "-" "Mozilla/5.0 (compatible; SeznamBot/3.2; +http://napoveda.seznam.cz/en/seznambot-intro/)"
157.55.39.27 - - [03/Sep/2018:20:12:39 -0700] "GET /robots.txt HTTP/1.1" 404 208 "-" "Mozilla/5.0 (compatible; bingbot/2.0; +http://www.bing.com/bingbot.htm)"
40.77.167.207 - - [03/Sep/2018:20:12:44 -0700] "GET / HTTP/1.1" 200 15893 "-" "Mozilla/5.0 (compatible; bingbot/2.0; +http://www.bing.com/bingbot.htm)"
176.126.252.12 - - [03/Sep/2018:20:59:35 -0700] "GET / HTTP/1.1" 200 15893 "-" "Mozilla/5.0 (Windows NT 10.0; Win64; x64) AppleWebKit/537.36 (KHTML, like Gecko) Chrome/67.0.3396.99 Safari/537.36"
73.231.164.56 - - [03/Sep/2018:21:13:11 -0700] "GET /favicon.ico HTTP/1.1" 404 209 "-" "Mozilla/5.0 (iPad; CPU OS 11_4_1 like Mac OS X) AppleWebKit/605.1.15 (KHTML, like Gecko) FxiOS/13.2b11866 Mobile/15G77 Safari/605.1.15"
139.129.40.112 - - [03/Sep/2018:21:53:24 -0700] "GET /wp-login.php HTTP/1.1" 404 210 "-" "Apache-HttpClient/4.5.2 (Java/1.8.0_151)"
139.129.40.112 - - [03/Sep/2018:21:53:25 -0700] "GET /?author=1 HTTP/1.1" 200 15893 "-" "Apache-HttpClient/4.5.2 (Java/1.8.0_151)"
139.129.40.112 - - [03/Sep/2018:21:53:26 -0700] "GET /?author=2 HTTP/1.1" 200 15893 "-" "Apache-HttpClient/4.5.2 (Java/1.8.0_151)"
139.129.40.112 - - [03/Sep/2018:21:53:26 -0700] "GET /?author=3 HTTP/1.1" 200 15893 "-" "Apache-HttpClient/4.5.2 (Java/1.8.0_151)"
139.129.40.112 - - [03/Sep/2018:21:53:28 -0700] "GET /?author=4 HTTP/1.1" 200 15893 "-" "Apache-HttpClient/4.5.2 (Java/1.8.0_151)"
139.129.40.112 - - [03/Sep/2018:21:53:28 -0700] "GET /?author=5 HTTP/1.1" 200 15893 "-" "Apache-HttpClient/4.5.2 (Java/1.8.0_151)"
139.129.40.112 - - [03/Sep/2018:21:53:29 -0700] "GET /?author=6 HTTP/1.1" 200 15893 "-" "Apache-HttpClient/4.5.2 (Java/1.8.0_151)"
139.129.40.112 - - [03/Sep/2018:21:53:29 -0700] "GET /?author=7 HTTP/1.1" 200 15893 "-" "Apache-HttpClient/4.5.2 (Java/1.8.0_151)"
139.129.40.112 - - [03/Sep/2018:21:53:31 -0700] "GET /?author=8 HTTP/1.1" 200 15893 "-" "Apache-HttpClient/4.5.2 (Java/1.8.0_151)"
139.129.40.112 - - [03/Sep/2018:21:53:32 -0700] "GET /?author=9 HTTP/1.1" 200 15893 "-" "Apache-HttpClient/4.5.2 (Java/1.8.0_151)"
139.129.40.112 - - [03/Sep/2018:21:53:32 -0700] "GET /?author=10 HTTP/1.1" 200 15893 "-" "Apache-HttpClient/4.5.2 (Java/1.8.0_151)"
139.129.40.112 - - [03/Sep/2018:21:53:33 -0700] "GET /?author=11 HTTP/1.1" 200 15893 "-" "Apache-HttpClient/4.5.2 (Java/1.8.0_151)"
139.129.40.112 - - [03/Sep/2018:21:53:35 -0700] "GET /?author=12 HTTP/1.1" 200 15893 "-" "Apache-HttpClient/4.5.2 (Java/1.8.0_151)"
139.129.40.112 - - [03/Sep/2018:21:53:35 -0700] "GET /?author=13 HTTP/1.1" 200 15893 "-" "Apache-HttpClient/4.5.2 (Java/1.8.0_151)"
139.129.40.112 - - [03/Sep/2018:21:53:36 -0700] "GET /?author=14 HTTP/1.1" 200 15893 "-" "Apache-HttpClient/4.5.2 (Java/1.8.0_151)"
139.129.40.112 - - [03/Sep/2018:21:53:37 -0700] "GET /?author=15 HTTP/1.1" 200 15893 "-" "Apache-HttpClient/4.5.2 (Java/1.8.0_151)"
73.231.164.56 - - [03/Sep/2018:21:59:40 -0700] "GET /favicon.ico HTTP/1.1" 404 209 "-" "Mozilla/5.0 (iPad; CPU OS 11_4_1 like Mac OS X) AppleWebKit/605.1.15 (KHTML, like Gecko) FxiOS/13.2b11866 Mobile/15G77 Safari/605.1.15"
108.59.8.80 - - [03/Sep/2018:22:12:18 -0700] "GET /robots.txt HTTP/1.1" 404 208 "-" "Mozilla/5.0 (compatible; MJ12bot/v1.4.8; http://mj12bot.com/)"
108.59.8.80 - - [03/Sep/2018:22:12:24 -0700] "GET / HTTP/1.1" 200 72658 "-" "Mozilla/5.0 (compatible; MJ12bot/v1.4.8; http://mj12bot.com/)"
77.75.76.168 - - [03/Sep/2018:22:16:34 -0700] "GET /robots.txt HTTP/1.1" 404 208 "-" "Mozilla/5.0 (compatible; SeznamBot/3.2; +http://napoveda.seznam.cz/en/seznambot-intro/)"
77.75.76.168 - - [03/Sep/2018:22:16:36 -0700] "GET /img/oncekids-fujimini/1.jpg HTTP/1.1" 304 - "-" "Mozilla/5.0 (compatible; SeznamBot/3.2; +http://napoveda.seznam.cz/en/seznambot-intro/)"
95.181.218.153 - - [03/Sep/2018:22:44:37 -0700] "GET / HTTP/1.1" 200 15893 "http://rndsquared.com/" "Mozilla/4.0 (compatible; MSIE 6.0; Windows NT 5.1; SV1)"
77.75.76.161 - - [03/Sep/2018:22:55:57 -0700] "GET /robots.txt HTTP/1.1" 404 208 "-" "Mozilla/5.0 (compatible; SeznamBot/3.2; +http://napoveda.seznam.cz/en/seznambot-intro/)"
77.75.76.161 - - [03/Sep/2018:22:56:00 -0700] "GET /img/bs4w/5.jpg HTTP/1.1" 304 - "-" "Mozilla/5.0 (compatible; SeznamBot/3.2; +http://napoveda.seznam.cz/en/seznambot-intro/)"
180.76.15.22 - - [04/Sep/2018:01:05:06 -0700] "GET / HTTP/1.1" 200 15893 "-" "Mozilla/5.0 (compatible; Baiduspider/2.0; +http://www.baidu.com/search/spider.html)"
91.207.175.102 - - [04/Sep/2018:01:37:47 -0700] "GET / HTTP/1.0" 200 15893 "-" "Mozilla/5.0 (Windows NT 6.1; WOW64) AppleWebKit/537.36 (KHTML, like Gecko) Chrome/34.0.1847.131 Safari/537.36"
46.119.127.52 - - [04/Sep/2018:01:40:39 -0700] "GET / HTTP/1.1" 200 72658 "https://bitmaein.com/shop" "Mozilla/4.0 (compatible; MSIE 6.0; Update a; AOL 6.0; Windows 98)"
46.119.127.52 - - [04/Sep/2018:01:40:40 -0700] "GET / HTTP/1.1" 200 72658 "https://bitmaein.com/shop" "Mozilla/4.0 (compatible; MSIE 6.0; Update a; AOL 6.0; Windows 98)"
46.119.127.52 - - [04/Sep/2018:01:40:43 -0700] "GET / HTTP/1.1" 200 72658 "https://bitmaein.com/shop" "Mozilla/4.0 (compatible; MSIE 6.0; Update a; AOL 6.0; Windows 98)"
209.17.96.234 - - [04/Sep/2018:03:23:10 -0700] "GET / HTTP/1.1" 200 72658 "-" "Mozilla/5.0 (compatible; Nimbostratus-Bot/v1.3.2; http://cloudsystemnetworks.com)"
216.244.66.197 - - [04/Sep/2018:03:37:17 -0700] "GET /robots.txt HTTP/1.1" 404 208 "-" "Mozilla/5.0 (compatible; DotBot/1.1; http://www.opensiteexplorer.org/dotbot, help@moz.com)"
216.244.66.197 - - [04/Sep/2018:03:50:46 -0700] "GET /img/oncekids-fujimini/2.jpg HTTP/1.1" 200 99983 "-" "Mozilla/5.0 (compatible; DotBot/1.1; http://www.opensiteexplorer.org/dotbot, help@moz.com)"
46.229.168.79 - - [04/Sep/2018:04:48:55 -0700] "GET /robots.txt HTTP/1.1" 404 208 "-" "Mozilla/5.0 (compatible; SemrushBot/2~bl; +http://www.semrush.com/bot.html)"
46.229.168.73 - - [04/Sep/2018:04:48:56 -0700] "GET / HTTP/1.1" 200 15893 "-" "Mozilla/5.0 (compatible; SemrushBot/2~bl; +http://www.semrush.com/bot.html)"
93.158.161.62 - - [04/Sep/2018:05:13:04 -0700] "GET /robots.txt HTTP/1.1" 404 208 "-" "Mozilla/5.0 (compatible; YandexBot/3.0; +http://yandex.com/bots)"
5.255.250.172 - - [04/Sep/2018:05:13:04 -0700] "GET /robots.txt HTTP/1.1" 404 208 "-" "Mozilla/5.0 (compatible; YandexBot/3.0; +http://yandex.com/bots)"
77.88.47.14 - - [04/Sep/2018:05:13:08 -0700] "GET / HTTP/1.1" 200 15893 "-" "Mozilla/5.0 (compatible; YandexBot/3.0; +http://yandex.com/bots)"
5.255.250.172 - - [04/Sep/2018:05:13:08 -0700] "GET / HTTP/1.1" 200 15893 "-" "Mozilla/5.0 (compatible; YandexBot/3.0; +http://yandex.com/bots)"
180.76.15.155 - - [04/Sep/2018:06:17:56 -0700] "GET /css/styles.css HTTP/1.1" 200 1975 "-" "Mozilla/5.0 (compatible; Baiduspider/2.0; +http://www.baidu.com/search/spider.html)"
77.75.79.95 - - [04/Sep/2018:06:19:18 -0700] "GET /robots.txt HTTP/1.1" 404 208 "-" "Mozilla/5.0 (compatible; SeznamBot/3.2; +http://napoveda.seznam.cz/en/seznambot-intro/)"
77.75.79.95 - - [04/Sep/2018:06:19:19 -0700] "GET /img/bs4w/5.jpg HTTP/1.1" 304 - "-" "Mozilla/5.0 (compatible; SeznamBot/3.2; +http://napoveda.seznam.cz/en/seznambot-intro/)"
77.75.79.36 - - [04/Sep/2018:07:08:32 -0700] "GET /robots.txt HTTP/1.1" 404 208 "-" "Mozilla/5.0 (compatible; SeznamBot/3.2; +http://napoveda.seznam.cz/en/seznambot-intro/)"
77.75.79.36 - - [04/Sep/2018:07:08:34 -0700] "GET /img/sfnoir/8.jpg HTTP/1.1" 304 - "-" "Mozilla/5.0 (compatible; SeznamBot/3.2; +http://napoveda.seznam.cz/en/seznambot-intro/)"
73.231.164.56 - - [04/Sep/2018:09:03:21 -0700] "GET /favicon.ico HTTP/1.1" 404 209 "-" "Mozilla/5.0 (iPad; CPU OS 11_4_1 like Mac OS X) AppleWebKit/605.1.15 (KHTML, like Gecko) FxiOS/13.2b11866 Mobile/15G77 Safari/605.1.15"
73.231.164.56 - - [04/Sep/2018:09:41:51 -0700] "GET /favicon.ico HTTP/1.1" 404 209 "-" "Mozilla/5.0 (iPad; CPU OS 11_4_1 like Mac OS X) AppleWebKit/605.1.15 (KHTML, like Gecko) FxiOS/13.2b11866 Mobile/15G77 Safari/605.1.15"
73.231.164.56 - - [04/Sep/2018:09:56:43 -0700] "GET /favicon.ico HTTP/1.1" 404 209 "-" "Mozilla/5.0 (iPad; CPU OS 11_4_1 like Mac OS X) AppleWebKit/605.1.15 (KHTML, like Gecko) FxiOS/13.2b11866 Mobile/15G77 Safari/605.1.15"
77.75.78.166 - - [04/Sep/2018:10:34:01 -0700] "GET /robots.txt HTTP/1.1" 404 208 "-" "Mozilla/5.0 (compatible; SeznamBot/3.2; +http://napoveda.seznam.cz/en/seznambot-intro/)"
77.75.78.166 - - [04/Sep/2018:10:34:06 -0700] "GET /img/oncekids-fujimini/thumbs/2.jpg HTTP/1.1" 304 - "-" "Mozilla/5.0 (compatible; SeznamBot/3.2; +http://napoveda.seznam.cz/en/seznambot-intro/)"
144.168.163.10 - - [04/Sep/2018:11:14:50 -0700] "GET / HTTP/1.1" 200 72658 "-" "Mozilla/5.0 (Windows NT 6.1; WOW64) AppleWebKit/537.36 (KHTML, like Gecko) Chrome/34.0.1847.131 Safari/537.36"
144.168.163.10 - - [04/Sep/2018:11:14:51 -0700] "GET / HTTP/1.1" 200 72658 "-" "Mozilla/5.0 (Windows NT 6.1; WOW64) AppleWebKit/537.36 (KHTML, like Gecko) Chrome/34.0.1847.131 Safari/537.36"
73.231.164.56 - - [04/Sep/2018:11:15:32 -0700] "GET /favicon.ico HTTP/1.1" 404 209 "-" "Mozilla/5.0 (iPad; CPU OS 11_4_1 like Mac OS X) AppleWebKit/605.1.15 (KHTML, like Gecko) FxiOS/13.2b11866 Mobile/15G77 Safari/605.1.15"
73.231.164.56 - - [04/Sep/2018:11:15:32 -0700] "GET /favicon.ico HTTP/1.1" 404 209 "-" "Mozilla/5.0 (iPad; CPU OS 11_4_1 like Mac OS X) AppleWebKit/605.1.15 (KHTML, like Gecko) FxiOS/13.2b11866 Mobile/15G77 Safari/605.1.15"
73.71.74.9 - - [04/Sep/2018:11:19:15 -0700] "GET / HTTP/1.1" 200 15893 "-" "Mozilla/5.0 (Macintosh; Intel Mac OS X 10_12_5) AppleWebKit/603.2.4 (KHTML, like Gecko)"
73.71.74.9 - - [04/Sep/2018:11:19:15 -0700] "GET /apple-touch-icon-precomposed.png HTTP/1.1" 404 230 "-" "Safari/12603.2.4 CFNetwork/811.5.4 Darwin/16.6.0 (x86_64)"
73.71.74.9 - - [04/Sep/2018:11:19:15 -0700] "GET /apple-touch-icon.png HTTP/1.1" 404 218 "-" "Safari/12603.2.4 CFNetwork/811.5.4 Darwin/16.6.0 (x86_64)"
73.71.74.9 - - [04/Sep/2018:11:19:16 -0700] "GET /favicon.ico HTTP/1.1" 404 209 "-" "Safari/12603.2.4 CFNetwork/811.5.4 Darwin/16.6.0 (x86_64)"
73.71.74.9 - - [04/Sep/2018:11:19:16 -0700] "GET /apple-touch-icon-precomposed.png HTTP/1.1" 404 230 "-" "Safari/12603.2.4 CFNetwork/811.5.4 Darwin/16.6.0 (x86_64)"
73.71.74.9 - - [04/Sep/2018:11:19:16 -0700] "GET /apple-touch-icon.png HTTP/1.1" 404 218 "-" "Safari/12603.2.4 CFNetwork/811.5.4 Darwin/16.6.0 (x86_64)"
73.71.74.9 - - [04/Sep/2018:11:19:16 -0700] "GET /favicon.ico HTTP/1.1" 404 209 "-" "Safari/12603.2.4 CFNetwork/811.5.4 Darwin/16.6.0 (x86_64)"
73.71.74.9 - - [04/Sep/2018:11:19:16 -0700] "GET / HTTP/1.1" 200 15893 "-" "Mozilla/5.0 (iPhone; CPU iPhone OS 10_0 like Mac OS X) AppleWebKit/602.1.38 (KHTML, like Gecko) Version/10.0 Mobile/14A300 Safari/602.1"
73.71.74.9 - - [04/Sep/2018:11:19:16 -0700] "GET /apple-touch-icon-precomposed.png HTTP/1.1" 404 230 "-" "Safari/12603.2.4 CFNetwork/811.5.4 Darwin/16.6.0 (x86_64)"
73.71.74.9 - - [04/Sep/2018:11:19:16 -0700] "GET /apple-touch-icon.png HTTP/1.1" 404 218 "-" "Safari/12603.2.4 CFNetwork/811.5.4 Darwin/16.6.0 (x86_64)"
