210.54.39.50 - - [10/Dec/2019:05:17:25 -0800] "GET / HTTP/1.1" 200 79394 "-" "check_http/v2.2.1 (nagios-plugins 2.2.1)"
210.54.39.50 - - [10/Dec/2019:05:22:25 -0800] "GET / HTTP/1.1" 200 79394 "-" "check_http/v2.2.1 (nagios-plugins 2.2.1)"
210.54.39.50 - - [10/Dec/2019:05:27:25 -0800] "GET / HTTP/1.1" 200 79394 "-" "check_http/v2.2.1 (nagios-plugins 2.2.1)"
210.54.39.50 - - [10/Dec/2019:05:32:24 -0800] "GET / HTTP/1.1" 200 79394 "-" "check_http/v2.2.1 (nagios-plugins 2.2.1)"
210.54.39.50 - - [10/Dec/2019:05:37:24 -0800] "GET / HTTP/1.1" 200 79394 "-" "check_http/v2.2.1 (nagios-plugins 2.2.1)"
210.54.39.50 - - [10/Dec/2019:05:42:25 -0800] "GET / HTTP/1.1" 200 79394 "-" "check_http/v2.2.1 (nagios-plugins 2.2.1)"
54.36.150.76 - - [10/Dec/2019:05:46:15 -0800] "GET /img/urban-cowgirl/3.jpg HTTP/1.1" 200 80583 "-" "Mozilla/5.0 (compatible; AhrefsBot/6.1; +http://ahrefs.com/robot/)"
210.54.39.50 - - [10/Dec/2019:05:47:25 -0800] "GET / HTTP/1.1" 200 79394 "-" "check_http/v2.2.1 (nagios-plugins 2.2.1)"
210.54.39.50 - - [10/Dec/2019:05:52:25 -0800] "GET / HTTP/1.1" 200 79394 "-" "check_http/v2.2.1 (nagios-plugins 2.2.1)"
210.54.39.50 - - [10/Dec/2019:05:57:24 -0800] "GET / HTTP/1.1" 200 79394 "-" "check_http/v2.2.1 (nagios-plugins 2.2.1)"
210.54.39.50 - - [10/Dec/2019:06:02:25 -0800] "GET / HTTP/1.1" 200 79394 "-" "check_http/v2.2.1 (nagios-plugins 2.2.1)"
210.54.39.50 - - [10/Dec/2019:06:07:25 -0800] "GET / HTTP/1.1" 200 79394 "-" "check_http/v2.2.1 (nagios-plugins 2.2.1)"
210.54.39.50 - - [10/Dec/2019:06:12:25 -0800] "GET / HTTP/1.1" 200 79394 "-" "check_http/v2.2.1 (nagios-plugins 2.2.1)"
210.54.39.50 - - [10/Dec/2019:06:17:25 -0800] "GET / HTTP/1.1" 200 79394 "-" "check_http/v2.2.1 (nagios-plugins 2.2.1)"
210.54.39.50 - - [10/Dec/2019:06:22:24 -0800] "GET / HTTP/1.1" 200 79394 "-" "check_http/v2.2.1 (nagios-plugins 2.2.1)"
210.54.39.50 - - [10/Dec/2019:06:27:25 -0800] "GET / HTTP/1.1" 200 79394 "-" "check_http/v2.2.1 (nagios-plugins 2.2.1)"
157.55.39.14 - - [10/Dec/2019:06:32:10 -0800] "GET /robots.txt HTTP/1.1" 404 208 "-" "Mozilla/5.0 (compatible; bingbot/2.0; +http://www.bing.com/bingbot.htm)"
157.55.39.14 - - [10/Dec/2019:06:32:10 -0800] "GET /robots.txt HTTP/1.1" 404 208 "-" "Mozilla/5.0 (compatible; bingbot/2.0; +http://www.bing.com/bingbot.htm)"
40.77.167.135 - - [10/Dec/2019:06:32:19 -0800] "GET /img/urban-cowgirl/thumbs/5.jpg HTTP/1.1" 200 26913 "-" "Mozilla/5.0 (compatible; bingbot/2.0; +http://www.bing.com/bingbot.htm)"
210.54.39.50 - - [10/Dec/2019:06:32:25 -0800] "GET / HTTP/1.1" 200 79394 "-" "check_http/v2.2.1 (nagios-plugins 2.2.1)"
210.54.39.50 - - [10/Dec/2019:06:37:25 -0800] "GET / HTTP/1.1" 200 79394 "-" "check_http/v2.2.1 (nagios-plugins 2.2.1)"
210.54.39.50 - - [10/Dec/2019:06:42:24 -0800] "GET / HTTP/1.1" 200 79394 "-" "check_http/v2.2.1 (nagios-plugins 2.2.1)"
210.54.39.50 - - [10/Dec/2019:06:47:24 -0800] "GET / HTTP/1.1" 200 79394 "-" "check_http/v2.2.1 (nagios-plugins 2.2.1)"
40.77.167.135 - - [10/Dec/2019:06:47:28 -0800] "GET /img/oncekids-fujimini/thumbs/6.jpg HTTP/1.1" 200 27603 "-" "Mozilla/5.0 (compatible; bingbot/2.0; +http://www.bing.com/bingbot.htm)"
210.54.39.50 - - [10/Dec/2019:06:52:25 -0800] "GET / HTTP/1.1" 200 79394 "-" "check_http/v2.2.1 (nagios-plugins 2.2.1)"
207.46.13.164 - - [10/Dec/2019:06:57:04 -0800] "GET /img/autumn/3.jpg HTTP/1.1" 200 506599 "-" "Mozilla/5.0 (compatible; bingbot/2.0; +http://www.bing.com/bingbot.htm)"
157.55.39.122 - - [10/Dec/2019:06:57:08 -0800] "GET /img/mixman/thumbs/15.jpg HTTP/1.1" 200 31677 "-" "Mozilla/5.0 (compatible; bingbot/2.0; +http://www.bing.com/bingbot.htm)"
210.54.39.50 - - [10/Dec/2019:06:57:25 -0800] "GET / HTTP/1.1" 200 79394 "-" "check_http/v2.2.1 (nagios-plugins 2.2.1)"
210.54.39.50 - - [10/Dec/2019:07:02:25 -0800] "GET / HTTP/1.1" 200 79394 "-" "check_http/v2.2.1 (nagios-plugins 2.2.1)"
210.54.39.50 - - [10/Dec/2019:07:07:25 -0800] "GET / HTTP/1.1" 200 79394 "-" "check_http/v2.2.1 (nagios-plugins 2.2.1)"
210.54.39.50 - - [10/Dec/2019:07:12:24 -0800] "GET / HTTP/1.1" 200 79394 "-" "check_http/v2.2.1 (nagios-plugins 2.2.1)"
210.54.39.50 - - [10/Dec/2019:07:17:24 -0800] "GET / HTTP/1.1" 200 79394 "-" "check_http/v2.2.1 (nagios-plugins 2.2.1)"
207.46.13.164 - - [10/Dec/2019:07:20:08 -0800] "GET /img/urban-cowgirl/6.jpg HTTP/1.1" 200 56465 "-" "Mozilla/5.0 (compatible; bingbot/2.0; +http://www.bing.com/bingbot.htm)"
40.77.167.135 - - [10/Dec/2019:07:22:01 -0800] "GET /img/autumn/7.jpg HTTP/1.1" 200 236722 "-" "Mozilla/5.0 (compatible; bingbot/2.0; +http://www.bing.com/bingbot.htm)"
210.54.39.50 - - [10/Dec/2019:07:22:25 -0800] "GET / HTTP/1.1" 200 79394 "-" "check_http/v2.2.1 (nagios-plugins 2.2.1)"
210.54.39.50 - - [10/Dec/2019:07:27:25 -0800] "GET / HTTP/1.1" 200 79394 "-" "check_http/v2.2.1 (nagios-plugins 2.2.1)"
210.54.39.50 - - [10/Dec/2019:07:32:24 -0800] "GET / HTTP/1.1" 200 79394 "-" "check_http/v2.2.1 (nagios-plugins 2.2.1)"
210.54.39.50 - - [10/Dec/2019:07:37:24 -0800] "GET / HTTP/1.1" 200 79394 "-" "check_http/v2.2.1 (nagios-plugins 2.2.1)"
210.54.39.50 - - [10/Dec/2019:07:42:24 -0800] "GET / HTTP/1.1" 200 79394 "-" "check_http/v2.2.1 (nagios-plugins 2.2.1)"
210.54.39.50 - - [10/Dec/2019:07:47:24 -0800] "GET / HTTP/1.1" 200 79394 "-" "check_http/v2.2.1 (nagios-plugins 2.2.1)"
210.54.39.50 - - [10/Dec/2019:07:52:25 -0800] "GET / HTTP/1.1" 200 79394 "-" "check_http/v2.2.1 (nagios-plugins 2.2.1)"
210.54.39.50 - - [10/Dec/2019:07:57:25 -0800] "GET / HTTP/1.1" 200 79394 "-" "check_http/v2.2.1 (nagios-plugins 2.2.1)"
210.54.39.50 - - [10/Dec/2019:08:02:24 -0800] "GET / HTTP/1.1" 200 79394 "-" "check_http/v2.2.1 (nagios-plugins 2.2.1)"
210.54.39.50 - - [10/Dec/2019:08:07:24 -0800] "GET / HTTP/1.1" 200 79394 "-" "check_http/v2.2.1 (nagios-plugins 2.2.1)"
210.54.39.50 - - [10/Dec/2019:08:12:24 -0800] "GET / HTTP/1.1" 200 79394 "-" "check_http/v2.2.1 (nagios-plugins 2.2.1)"
210.54.39.50 - - [10/Dec/2019:08:17:24 -0800] "GET / HTTP/1.1" 200 79394 "-" "check_http/v2.2.1 (nagios-plugins 2.2.1)"
210.54.39.50 - - [10/Dec/2019:08:22:25 -0800] "GET / HTTP/1.1" 200 79394 "-" "check_http/v2.2.1 (nagios-plugins 2.2.1)"
210.54.39.50 - - [10/Dec/2019:08:27:25 -0800] "GET / HTTP/1.1" 200 79394 "-" "check_http/v2.2.1 (nagios-plugins 2.2.1)"
210.54.39.50 - - [10/Dec/2019:08:32:24 -0800] "GET / HTTP/1.1" 200 79394 "-" "check_http/v2.2.1 (nagios-plugins 2.2.1)"
210.54.39.50 - - [10/Dec/2019:08:37:24 -0800] "GET / HTTP/1.1" 200 79394 "-" "check_http/v2.2.1 (nagios-plugins 2.2.1)"
210.54.39.50 - - [10/Dec/2019:08:42:25 -0800] "GET / HTTP/1.1" 200 79394 "-" "check_http/v2.2.1 (nagios-plugins 2.2.1)"
210.54.39.50 - - [10/Dec/2019:08:47:24 -0800] "GET / HTTP/1.1" 200 79394 "-" "check_http/v2.2.1 (nagios-plugins 2.2.1)"
157.55.39.122 - - [10/Dec/2019:08:49:32 -0800] "GET /img/mixman/thumbs/7.jpg HTTP/1.1" 200 29010 "-" "Mozilla/5.0 (compatible; bingbot/2.0; +http://www.bing.com/bingbot.htm)"
210.54.39.50 - - [10/Dec/2019:08:52:24 -0800] "GET / HTTP/1.1" 200 79394 "-" "check_http/v2.2.1 (nagios-plugins 2.2.1)"
210.54.39.50 - - [10/Dec/2019:08:57:25 -0800] "GET / HTTP/1.1" 200 79394 "-" "check_http/v2.2.1 (nagios-plugins 2.2.1)"
210.54.39.50 - - [10/Dec/2019:09:02:24 -0800] "GET / HTTP/1.1" 200 79394 "-" "check_http/v2.2.1 (nagios-plugins 2.2.1)"
210.54.39.50 - - [10/Dec/2019:09:07:24 -0800] "GET / HTTP/1.1" 200 79394 "-" "check_http/v2.2.1 (nagios-plugins 2.2.1)"
210.54.39.50 - - [10/Dec/2019:09:12:25 -0800] "GET / HTTP/1.1" 200 79394 "-" "check_http/v2.2.1 (nagios-plugins 2.2.1)"
210.54.39.50 - - [10/Dec/2019:09:17:25 -0800] "GET / HTTP/1.1" 200 79394 "-" "check_http/v2.2.1 (nagios-plugins 2.2.1)"
210.54.39.50 - - [10/Dec/2019:09:22:24 -0800] "GET / HTTP/1.1" 200 79394 "-" "check_http/v2.2.1 (nagios-plugins 2.2.1)"
210.54.39.50 - - [10/Dec/2019:09:27:24 -0800] "GET / HTTP/1.1" 200 79394 "-" "check_http/v2.2.1 (nagios-plugins 2.2.1)"
210.54.39.50 - - [10/Dec/2019:09:32:25 -0800] "GET / HTTP/1.1" 200 79394 "-" "check_http/v2.2.1 (nagios-plugins 2.2.1)"
210.54.39.50 - - [10/Dec/2019:09:37:24 -0800] "GET / HTTP/1.1" 200 79394 "-" "check_http/v2.2.1 (nagios-plugins 2.2.1)"
210.54.39.50 - - [10/Dec/2019:09:42:24 -0800] "GET / HTTP/1.1" 200 79394 "-" "check_http/v2.2.1 (nagios-plugins 2.2.1)"
210.54.39.50 - - [10/Dec/2019:09:47:24 -0800] "GET / HTTP/1.1" 200 79394 "-" "check_http/v2.2.1 (nagios-plugins 2.2.1)"
210.54.39.50 - - [10/Dec/2019:09:52:24 -0800] "GET / HTTP/1.1" 200 79394 "-" "check_http/v2.2.1 (nagios-plugins 2.2.1)"
210.54.39.50 - - [10/Dec/2019:09:57:24 -0800] "GET / HTTP/1.1" 200 79394 "-" "check_http/v2.2.1 (nagios-plugins 2.2.1)"
157.55.39.244 - - [10/Dec/2019:10:01:47 -0800] "GET /img/mixman/9.jpg HTTP/1.1" 200 141085 "-" "Mozilla/5.0 (compatible; bingbot/2.0; +http://www.bing.com/bingbot.htm)"
210.54.39.50 - - [10/Dec/2019:10:02:25 -0800] "GET / HTTP/1.1" 200 79394 "-" "check_http/v2.2.1 (nagios-plugins 2.2.1)"
210.54.39.50 - - [10/Dec/2019:10:07:25 -0800] "GET / HTTP/1.1" 200 79394 "-" "check_http/v2.2.1 (nagios-plugins 2.2.1)"
210.54.39.50 - - [10/Dec/2019:10:12:24 -0800] "GET / HTTP/1.1" 200 79394 "-" "check_http/v2.2.1 (nagios-plugins 2.2.1)"
210.54.39.50 - - [10/Dec/2019:10:17:24 -0800] "GET / HTTP/1.1" 200 79394 "-" "check_http/v2.2.1 (nagios-plugins 2.2.1)"
157.55.39.122 - - [10/Dec/2019:10:21:50 -0800] "GET /img/njn/8.jpg HTTP/1.1" 200 124240 "-" "Mozilla/5.0 (compatible; bingbot/2.0; +http://www.bing.com/bingbot.htm)"
210.54.39.50 - - [10/Dec/2019:10:22:24 -0800] "GET / HTTP/1.1" 200 79394 "-" "check_http/v2.2.1 (nagios-plugins 2.2.1)"
157.55.39.244 - - [10/Dec/2019:10:23:29 -0800] "GET /img/mixman/thumbs/17.jpg HTTP/1.1" 200 16331 "-" "Mozilla/5.0 (compatible; bingbot/2.0; +http://www.bing.com/bingbot.htm)"
210.54.39.50 - - [10/Dec/2019:10:27:24 -0800] "GET / HTTP/1.1" 200 79394 "-" "check_http/v2.2.1 (nagios-plugins 2.2.1)"
210.54.39.50 - - [10/Dec/2019:10:32:24 -0800] "GET / HTTP/1.1" 200 79394 "-" "check_http/v2.2.1 (nagios-plugins 2.2.1)"
210.54.39.50 - - [10/Dec/2019:10:37:24 -0800] "GET / HTTP/1.1" 200 79394 "-" "check_http/v2.2.1 (nagios-plugins 2.2.1)"
210.54.39.50 - - [10/Dec/2019:10:42:24 -0800] "GET / HTTP/1.1" 200 79394 "-" "check_http/v2.2.1 (nagios-plugins 2.2.1)"
210.54.39.50 - - [10/Dec/2019:10:47:24 -0800] "GET / HTTP/1.1" 200 79394 "-" "check_http/v2.2.1 (nagios-plugins 2.2.1)"
210.54.39.50 - - [10/Dec/2019:10:52:24 -0800] "GET / HTTP/1.1" 200 79394 "-" "check_http/v2.2.1 (nagios-plugins 2.2.1)"
210.54.39.50 - - [10/Dec/2019:10:57:24 -0800] "GET / HTTP/1.1" 200 79394 "-" "check_http/v2.2.1 (nagios-plugins 2.2.1)"
210.54.39.50 - - [10/Dec/2019:11:02:24 -0800] "GET / HTTP/1.1" 200 79394 "-" "check_http/v2.2.1 (nagios-plugins 2.2.1)"
210.54.39.50 - - [10/Dec/2019:11:07:24 -0800] "GET / HTTP/1.1" 200 79394 "-" "check_http/v2.2.1 (nagios-plugins 2.2.1)"
210.54.39.50 - - [10/Dec/2019:11:12:24 -0800] "GET / HTTP/1.1" 200 79394 "-" "check_http/v2.2.1 (nagios-plugins 2.2.1)"
210.54.39.50 - - [10/Dec/2019:11:17:24 -0800] "GET / HTTP/1.1" 200 79394 "-" "check_http/v2.2.1 (nagios-plugins 2.2.1)"
210.54.39.50 - - [10/Dec/2019:11:22:24 -0800] "GET / HTTP/1.1" 200 79394 "-" "check_http/v2.2.1 (nagios-plugins 2.2.1)"
210.54.39.50 - - [10/Dec/2019:11:27:24 -0800] "GET / HTTP/1.1" 200 79394 "-" "check_http/v2.2.1 (nagios-plugins 2.2.1)"
210.54.39.50 - - [10/Dec/2019:11:32:24 -0800] "GET / HTTP/1.1" 200 79394 "-" "check_http/v2.2.1 (nagios-plugins 2.2.1)"
210.54.39.50 - - [10/Dec/2019:11:37:24 -0800] "GET / HTTP/1.1" 200 79394 "-" "check_http/v2.2.1 (nagios-plugins 2.2.1)"
157.55.39.122 - - [10/Dec/2019:11:38:47 -0800] "GET /img/njn/8.jpg HTTP/1.1" 200 124240 "-" "Mozilla/5.0 (compatible; bingbot/2.0; +http://www.bing.com/bingbot.htm)"
210.54.39.50 - - [10/Dec/2019:11:42:24 -0800] "GET / HTTP/1.1" 200 79394 "-" "check_http/v2.2.1 (nagios-plugins 2.2.1)"
77.75.78.168 - - [10/Dec/2019:11:44:55 -0800] "GET /robots.txt HTTP/1.1" 404 208 "-" "Mozilla/5.0 (compatible; SeznamBot/3.2; +http://napoveda.seznam.cz/en/seznambot-intro/)"
77.75.78.168 - - [10/Dec/2019:11:45:20 -0800] "GET /img/urban-cowgirl/4.jpg HTTP/1.1" 304 - "-" "Mozilla/5.0 (compatible; SeznamBot/3.2; +http://napoveda.seznam.cz/en/seznambot-intro/)"
77.75.78.168 - - [10/Dec/2019:11:45:30 -0800] "GET /img/mixman/15.jpg HTTP/1.1" 304 - "-" "Mozilla/5.0 (compatible; SeznamBot/3.2; +http://napoveda.seznam.cz/en/seznambot-intro/)"
157.55.39.122 - - [10/Dec/2019:11:46:55 -0800] "GET /img/wu-wei/2.jpg HTTP/1.1" 200 183246 "-" "Mozilla/5.0 (compatible; bingbot/2.0; +http://www.bing.com/bingbot.htm)"
210.54.39.50 - - [10/Dec/2019:11:47:24 -0800] "GET / HTTP/1.1" 200 79394 "-" "check_http/v2.2.1 (nagios-plugins 2.2.1)"
210.54.39.50 - - [10/Dec/2019:11:52:23 -0800] "GET / HTTP/1.1" 200 79394 "-" "check_http/v2.2.1 (nagios-plugins 2.2.1)"
157.55.39.122 - - [10/Dec/2019:11:54:02 -0800] "GET /img/mixman/1.jpg HTTP/1.1" 200 146374 "-" "Mozilla/5.0 (compatible; bingbot/2.0; +http://www.bing.com/bingbot.htm)"
210.54.39.50 - - [10/Dec/2019:11:57:24 -0800] "GET / HTTP/1.1" 200 79394 "-" "check_http/v2.2.1 (nagios-plugins 2.2.1)"
210.54.39.50 - - [10/Dec/2019:12:02:24 -0800] "GET / HTTP/1.1" 200 79394 "-" "check_http/v2.2.1 (nagios-plugins 2.2.1)"
210.54.39.50 - - [10/Dec/2019:12:07:24 -0800] "GET / HTTP/1.1" 200 79394 "-" "check_http/v2.2.1 (nagios-plugins 2.2.1)"
210.54.39.50 - - [10/Dec/2019:12:12:24 -0800] "GET / HTTP/1.1" 200 79394 "-" "check_http/v2.2.1 (nagios-plugins 2.2.1)"
157.55.39.244 - - [10/Dec/2019:12:12:41 -0800] "GET /img/mixman/thumbs/5.jpg HTTP/1.1" 200 23498 "-" "Mozilla/5.0 (compatible; bingbot/2.0; +http://www.bing.com/bingbot.htm)"
210.54.39.50 - - [10/Dec/2019:12:17:24 -0800] "GET / HTTP/1.1" 200 79394 "-" "check_http/v2.2.1 (nagios-plugins 2.2.1)"
157.55.39.244 - - [10/Dec/2019:12:22:15 -0800] "GET /img/mixman/thumbs/3.jpg HTTP/1.1" 200 32138 "-" "Mozilla/5.0 (compatible; bingbot/2.0; +http://www.bing.com/bingbot.htm)"
210.54.39.50 - - [10/Dec/2019:12:22:24 -0800] "GET / HTTP/1.1" 200 79394 "-" "check_http/v2.2.1 (nagios-plugins 2.2.1)"
210.54.39.50 - - [10/Dec/2019:12:27:24 -0800] "GET / HTTP/1.1" 200 79394 "-" "check_http/v2.2.1 (nagios-plugins 2.2.1)"
210.54.39.50 - - [10/Dec/2019:12:32:24 -0800] "GET / HTTP/1.1" 200 79394 "-" "check_http/v2.2.1 (nagios-plugins 2.2.1)"
157.55.39.244 - - [10/Dec/2019:12:37:10 -0800] "GET /img/mixman/thumbs/5.jpg HTTP/1.1" 200 23498 "-" "Mozilla/5.0 (compatible; bingbot/2.0; +http://www.bing.com/bingbot.htm)"
210.54.39.50 - - [10/Dec/2019:12:37:24 -0800] "GET / HTTP/1.1" 200 79394 "-" "check_http/v2.2.1 (nagios-plugins 2.2.1)"
210.54.39.50 - - [10/Dec/2019:12:42:24 -0800] "GET / HTTP/1.1" 200 79394 "-" "check_http/v2.2.1 (nagios-plugins 2.2.1)"
157.55.39.244 - - [10/Dec/2019:12:46:29 -0800] "GET /img/urban-cowgirl/3.jpg HTTP/1.1" 200 80583 "-" "Mozilla/5.0 (compatible; bingbot/2.0; +http://www.bing.com/bingbot.htm)"
210.54.39.50 - - [10/Dec/2019:12:47:24 -0800] "GET / HTTP/1.1" 200 79394 "-" "check_http/v2.2.1 (nagios-plugins 2.2.1)"
210.54.39.50 - - [10/Dec/2019:12:52:24 -0800] "GET / HTTP/1.1" 200 79394 "-" "check_http/v2.2.1 (nagios-plugins 2.2.1)"
210.54.39.50 - - [10/Dec/2019:12:57:24 -0800] "GET / HTTP/1.1" 200 79394 "-" "check_http/v2.2.1 (nagios-plugins 2.2.1)"
210.54.39.50 - - [10/Dec/2019:13:02:23 -0800] "GET / HTTP/1.1" 200 79394 "-" "check_http/v2.2.1 (nagios-plugins 2.2.1)"
210.54.39.50 - - [10/Dec/2019:13:07:24 -0800] "GET / HTTP/1.1" 200 79394 "-" "check_http/v2.2.1 (nagios-plugins 2.2.1)"
210.54.39.50 - - [10/Dec/2019:13:12:24 -0800] "GET / HTTP/1.1" 200 79394 "-" "check_http/v2.2.1 (nagios-plugins 2.2.1)"
77.75.76.168 - - [10/Dec/2019:13:16:17 -0800] "GET /robots.txt HTTP/1.1" 404 208 "-" "Mozilla/5.0 (compatible; SeznamBot/3.2; +http://napoveda.seznam.cz/en/seznambot-intro/)"
77.75.76.168 - - [10/Dec/2019:13:16:19 -0800] "GET /img/praxis/praxiscity.png HTTP/1.1" 304 - "-" "Mozilla/5.0 (compatible; SeznamBot/3.2; +http://napoveda.seznam.cz/en/seznambot-intro/)"
77.75.76.168 - - [10/Dec/2019:13:16:21 -0800] "GET /img/mixman/7.jpg HTTP/1.1" 304 - "-" "Mozilla/5.0 (compatible; SeznamBot/3.2; +http://napoveda.seznam.cz/en/seznambot-intro/)"
210.54.39.50 - - [10/Dec/2019:13:17:24 -0800] "GET / HTTP/1.1" 200 79394 "-" "check_http/v2.2.1 (nagios-plugins 2.2.1)"
54.36.148.111 - - [10/Dec/2019:13:19:25 -0800] "GET /robots.txt HTTP/1.1" 404 208 "-" "Mozilla/5.0 (compatible; AhrefsBot/6.1; +http://ahrefs.com/robot/)"
151.80.39.78 - - [10/Dec/2019:13:19:27 -0800] "GET / HTTP/1.1" 200 17429 "-" "Mozilla/5.0 (compatible; AhrefsBot/6.1; +http://ahrefs.com/robot/)"
210.54.39.50 - - [10/Dec/2019:13:22:24 -0800] "GET / HTTP/1.1" 200 79394 "-" "check_http/v2.2.1 (nagios-plugins 2.2.1)"
210.54.39.50 - - [10/Dec/2019:13:27:23 -0800] "GET / HTTP/1.1" 200 79394 "-" "check_http/v2.2.1 (nagios-plugins 2.2.1)"
157.55.39.190 - - [10/Dec/2019:13:31:20 -0800] "GET /img/bs4w/2.jpg HTTP/1.1" 200 116129 "-" "Mozilla/5.0 (compatible; bingbot/2.0; +http://www.bing.com/bingbot.htm)"
210.54.39.50 - - [10/Dec/2019:13:32:24 -0800] "GET / HTTP/1.1" 200 79394 "-" "check_http/v2.2.1 (nagios-plugins 2.2.1)"
210.54.39.50 - - [10/Dec/2019:13:37:24 -0800] "GET / HTTP/1.1" 200 79394 "-" "check_http/v2.2.1 (nagios-plugins 2.2.1)"
157.55.39.244 - - [10/Dec/2019:13:38:03 -0800] "GET /img/mixman/18.jpg HTTP/1.1" 200 75474 "-" "Mozilla/5.0 (compatible; bingbot/2.0; +http://www.bing.com/bingbot.htm)"
207.46.13.208 - - [10/Dec/2019:13:40:04 -0800] "GET /img/wu-wei/3.jpg HTTP/1.1" 200 173337 "-" "Mozilla/5.0 (compatible; bingbot/2.0; +http://www.bing.com/bingbot.htm)"
210.54.39.50 - - [10/Dec/2019:13:42:23 -0800] "GET / HTTP/1.1" 200 79394 "-" "check_http/v2.2.1 (nagios-plugins 2.2.1)"
210.54.39.50 - - [10/Dec/2019:13:47:23 -0800] "GET / HTTP/1.1" 200 79394 "-" "check_http/v2.2.1 (nagios-plugins 2.2.1)"
210.54.39.50 - - [10/Dec/2019:13:52:24 -0800] "GET / HTTP/1.1" 200 79394 "-" "check_http/v2.2.1 (nagios-plugins 2.2.1)"
210.54.39.50 - - [10/Dec/2019:13:57:24 -0800] "GET / HTTP/1.1" 200 79394 "-" "check_http/v2.2.1 (nagios-plugins 2.2.1)"
210.54.39.50 - - [10/Dec/2019:14:02:24 -0800] "GET / HTTP/1.1" 200 79394 "-" "check_http/v2.2.1 (nagios-plugins 2.2.1)"
210.54.39.50 - - [10/Dec/2019:14:07:23 -0800] "GET / HTTP/1.1" 200 79394 "-" "check_http/v2.2.1 (nagios-plugins 2.2.1)"
66.249.79.191 - - [10/Dec/2019:14:08:24 -0800] "GET /robots.txt HTTP/1.1" 404 208 "-" "Mozilla/5.0 (compatible; Googlebot/2.1; +http://www.google.com/bot.html)"
66.249.79.189 - - [10/Dec/2019:14:08:24 -0800] "GET / HTTP/1.1" 200 17429 "-" "Mozilla/5.0 (Linux; Android 6.0.1; Nexus 5X Build/MMB29P) AppleWebKit/537.36 (KHTML, like Gecko) Chrome/41.0.2272.96 Mobile Safari/537.36 (compatible; Googlebot/2.1; +http://www.google.com/bot.html)"
210.54.39.50 - - [10/Dec/2019:14:12:24 -0800] "GET / HTTP/1.1" 200 79394 "-" "check_http/v2.2.1 (nagios-plugins 2.2.1)"
210.54.39.50 - - [10/Dec/2019:14:17:23 -0800] "GET / HTTP/1.1" 200 79394 "-" "check_http/v2.2.1 (nagios-plugins 2.2.1)"
210.54.39.50 - - [10/Dec/2019:14:22:24 -0800] "GET / HTTP/1.1" 200 79394 "-" "check_http/v2.2.1 (nagios-plugins 2.2.1)"
210.54.39.50 - - [10/Dec/2019:14:27:24 -0800] "GET / HTTP/1.1" 200 79394 "-" "check_http/v2.2.1 (nagios-plugins 2.2.1)"
210.54.39.50 - - [10/Dec/2019:14:32:24 -0800] "GET / HTTP/1.1" 200 79394 "-" "check_http/v2.2.1 (nagios-plugins 2.2.1)"
207.46.13.65 - - [10/Dec/2019:14:35:35 -0800] "GET /img/oncekids-fujimini/4.jpg HTTP/1.1" 200 111945 "-" "Mozilla/5.0 (compatible; bingbot/2.0; +http://www.bing.com/bingbot.htm)"
210.54.39.50 - - [10/Dec/2019:14:37:23 -0800] "GET / HTTP/1.1" 200 79394 "-" "check_http/v2.2.1 (nagios-plugins 2.2.1)"
210.54.39.50 - - [10/Dec/2019:14:42:24 -0800] "GET / HTTP/1.1" 200 79394 "-" "check_http/v2.2.1 (nagios-plugins 2.2.1)"
207.46.13.208 - - [10/Dec/2019:14:46:52 -0800] "GET / HTTP/1.1" 200 17429 "-" "Mozilla/5.0 (compatible; bingbot/2.0; +http://www.bing.com/bingbot.htm)"
210.54.39.50 - - [10/Dec/2019:14:47:24 -0800] "GET / HTTP/1.1" 200 79394 "-" "check_http/v2.2.1 (nagios-plugins 2.2.1)"
210.54.39.50 - - [10/Dec/2019:14:52:23 -0800] "GET / HTTP/1.1" 200 79394 "-" "check_http/v2.2.1 (nagios-plugins 2.2.1)"
210.54.39.50 - - [10/Dec/2019:14:57:24 -0800] "GET / HTTP/1.1" 200 79394 "-" "check_http/v2.2.1 (nagios-plugins 2.2.1)"
210.54.39.50 - - [10/Dec/2019:15:02:24 -0800] "GET / HTTP/1.1" 200 79394 "-" "check_http/v2.2.1 (nagios-plugins 2.2.1)"
210.54.39.50 - - [10/Dec/2019:15:07:24 -0800] "GET / HTTP/1.1" 200 79394 "-" "check_http/v2.2.1 (nagios-plugins 2.2.1)"
210.54.39.50 - - [10/Dec/2019:15:12:24 -0800] "GET / HTTP/1.1" 200 79394 "-" "check_http/v2.2.1 (nagios-plugins 2.2.1)"
210.54.39.50 - - [10/Dec/2019:15:17:24 -0800] "GET / HTTP/1.1" 200 79394 "-" "check_http/v2.2.1 (nagios-plugins 2.2.1)"
210.54.39.50 - - [10/Dec/2019:15:22:23 -0800] "GET / HTTP/1.1" 200 79394 "-" "check_http/v2.2.1 (nagios-plugins 2.2.1)"
210.54.39.50 - - [10/Dec/2019:15:27:23 -0800] "GET / HTTP/1.1" 200 79394 "-" "check_http/v2.2.1 (nagios-plugins 2.2.1)"
210.54.39.50 - - [10/Dec/2019:15:32:24 -0800] "GET / HTTP/1.1" 200 79394 "-" "check_http/v2.2.1 (nagios-plugins 2.2.1)"
157.55.39.244 - - [10/Dec/2019:15:32:33 -0800] "GET /img/wu-wei/6.jpg HTTP/1.1" 200 180106 "-" "Mozilla/5.0 (compatible; bingbot/2.0; +http://www.bing.com/bingbot.htm)"
210.54.39.50 - - [10/Dec/2019:15:37:24 -0800] "GET / HTTP/1.1" 200 79394 "-" "check_http/v2.2.1 (nagios-plugins 2.2.1)"
210.54.39.50 - - [10/Dec/2019:15:42:23 -0800] "GET / HTTP/1.1" 200 79394 "-" "check_http/v2.2.1 (nagios-plugins 2.2.1)"
207.46.13.65 - - [10/Dec/2019:15:44:12 -0800] "GET /img/oncekids-fujimini/thumbs/3.jpg HTTP/1.1" 200 39586 "-" "Mozilla/5.0 (compatible; bingbot/2.0; +http://www.bing.com/bingbot.htm)"
210.54.39.50 - - [10/Dec/2019:15:47:23 -0800] "GET / HTTP/1.1" 200 79394 "-" "check_http/v2.2.1 (nagios-plugins 2.2.1)"
210.54.39.50 - - [10/Dec/2019:15:52:23 -0800] "GET / HTTP/1.1" 200 79394 "-" "check_http/v2.2.1 (nagios-plugins 2.2.1)"
210.54.39.50 - - [10/Dec/2019:15:57:24 -0800] "GET / HTTP/1.1" 200 79394 "-" "check_http/v2.2.1 (nagios-plugins 2.2.1)"
210.54.39.50 - - [10/Dec/2019:16:02:24 -0800] "GET / HTTP/1.1" 200 79394 "-" "check_http/v2.2.1 (nagios-plugins 2.2.1)"
210.54.39.50 - - [10/Dec/2019:16:07:23 -0800] "GET / HTTP/1.1" 200 79394 "-" "check_http/v2.2.1 (nagios-plugins 2.2.1)"
210.54.39.50 - - [10/Dec/2019:16:12:23 -0800] "GET / HTTP/1.1" 200 79394 "-" "check_http/v2.2.1 (nagios-plugins 2.2.1)"
54.36.150.149 - - [10/Dec/2019:16:14:04 -0800] "GET /img/sfnoir/7.jpg HTTP/1.1" 200 122937 "-" "Mozilla/5.0 (compatible; AhrefsBot/6.1; +http://ahrefs.com/robot/)"
210.54.39.50 - - [10/Dec/2019:16:17:24 -0800] "GET / HTTP/1.1" 200 79394 "-" "check_http/v2.2.1 (nagios-plugins 2.2.1)"
210.54.39.50 - - [10/Dec/2019:16:22:23 -0800] "GET / HTTP/1.1" 200 79394 "-" "check_http/v2.2.1 (nagios-plugins 2.2.1)"
210.54.39.50 - - [10/Dec/2019:16:27:23 -0800] "GET / HTTP/1.1" 200 79394 "-" "check_http/v2.2.1 (nagios-plugins 2.2.1)"
210.54.39.50 - - [10/Dec/2019:16:32:24 -0800] "GET / HTTP/1.1" 200 79394 "-" "check_http/v2.2.1 (nagios-plugins 2.2.1)"
210.54.39.50 - - [10/Dec/2019:16:37:24 -0800] "GET / HTTP/1.1" 200 79394 "-" "check_http/v2.2.1 (nagios-plugins 2.2.1)"
210.54.39.50 - - [10/Dec/2019:16:42:23 -0800] "GET / HTTP/1.1" 200 79394 "-" "check_http/v2.2.1 (nagios-plugins 2.2.1)"
40.77.167.5 - - [10/Dec/2019:16:45:34 -0800] "GET /img/oncekids-fujimini/6.jpg HTTP/1.1" 200 118631 "-" "Mozilla/5.0 (compatible; bingbot/2.0; +http://www.bing.com/bingbot.htm)"
40.77.167.69 - - [10/Dec/2019:16:46:47 -0800] "GET /img/wu-wei/2.jpg HTTP/1.1" 200 183246 "-" "Mozilla/5.0 (compatible; bingbot/2.0; +http://www.bing.com/bingbot.htm)"
210.54.39.50 - - [10/Dec/2019:16:47:23 -0800] "GET / HTTP/1.1" 200 79394 "-" "check_http/v2.2.1 (nagios-plugins 2.2.1)"
210.54.39.50 - - [10/Dec/2019:16:52:24 -0800] "GET / HTTP/1.1" 200 79394 "-" "check_http/v2.2.1 (nagios-plugins 2.2.1)"
210.54.39.50 - - [10/Dec/2019:16:57:23 -0800] "GET / HTTP/1.1" 200 79394 "-" "check_http/v2.2.1 (nagios-plugins 2.2.1)"
157.55.39.244 - - [10/Dec/2019:16:58:25 -0800] "GET /img/njn/6.jpg HTTP/1.1" 200 125438 "-" "Mozilla/5.0 (compatible; bingbot/2.0; +http://www.bing.com/bingbot.htm)"
157.55.39.244 - - [10/Dec/2019:16:58:26 -0800] "GET /img/mixman/thumbs/11.jpg HTTP/1.1" 200 32588 "-" "Mozilla/5.0 (compatible; bingbot/2.0; +http://www.bing.com/bingbot.htm)"
210.54.39.50 - - [10/Dec/2019:17:02:23 -0800] "GET / HTTP/1.1" 200 79394 "-" "check_http/v2.2.1 (nagios-plugins 2.2.1)"
210.54.39.50 - - [10/Dec/2019:17:07:23 -0800] "GET / HTTP/1.1" 200 79394 "-" "check_http/v2.2.1 (nagios-plugins 2.2.1)"
210.54.39.50 - - [10/Dec/2019:17:12:23 -0800] "GET / HTTP/1.1" 200 79394 "-" "check_http/v2.2.1 (nagios-plugins 2.2.1)"
210.54.39.50 - - [10/Dec/2019:17:17:23 -0800] "GET / HTTP/1.1" 200 79394 "-" "check_http/v2.2.1 (nagios-plugins 2.2.1)"
207.46.13.63 - - [10/Dec/2019:17:18:18 -0800] "GET /img/bs4w/7.jpg HTTP/1.1" 200 80775 "-" "Mozilla/5.0 (compatible; bingbot/2.0; +http://www.bing.com/bingbot.htm)"
40.77.167.69 - - [10/Dec/2019:17:19:37 -0800] "GET /img/mixman/thumbs/7.jpg HTTP/1.1" 200 29010 "-" "Mozilla/5.0 (compatible; bingbot/2.0; +http://www.bing.com/bingbot.htm)"
210.54.39.50 - - [10/Dec/2019:17:22:23 -0800] "GET / HTTP/1.1" 200 79394 "-" "check_http/v2.2.1 (nagios-plugins 2.2.1)"
210.54.39.50 - - [10/Dec/2019:17:27:23 -0800] "GET / HTTP/1.1" 200 79394 "-" "check_http/v2.2.1 (nagios-plugins 2.2.1)"
210.54.39.50 - - [10/Dec/2019:17:32:23 -0800] "GET / HTTP/1.1" 200 79394 "-" "check_http/v2.2.1 (nagios-plugins 2.2.1)"
210.54.39.50 - - [10/Dec/2019:17:37:23 -0800] "GET / HTTP/1.1" 200 79394 "-" "check_http/v2.2.1 (nagios-plugins 2.2.1)"
210.54.39.50 - - [10/Dec/2019:17:42:23 -0800] "GET / HTTP/1.1" 200 79394 "-" "check_http/v2.2.1 (nagios-plugins 2.2.1)"
210.54.39.50 - - [10/Dec/2019:17:47:23 -0800] "GET / HTTP/1.1" 200 79394 "-" "check_http/v2.2.1 (nagios-plugins 2.2.1)"
210.54.39.50 - - [10/Dec/2019:17:52:23 -0800] "GET / HTTP/1.1" 200 79394 "-" "check_http/v2.2.1 (nagios-plugins 2.2.1)"
210.54.39.50 - - [10/Dec/2019:17:57:23 -0800] "GET / HTTP/1.1" 200 79394 "-" "check_http/v2.2.1 (nagios-plugins 2.2.1)"
210.54.39.50 - - [10/Dec/2019:18:02:23 -0800] "GET / HTTP/1.1" 200 79394 "-" "check_http/v2.2.1 (nagios-plugins 2.2.1)"
210.54.39.50 - - [10/Dec/2019:18:07:23 -0800] "GET / HTTP/1.1" 200 79394 "-" "check_http/v2.2.1 (nagios-plugins 2.2.1)"
210.54.39.50 - - [10/Dec/2019:18:12:23 -0800] "GET / HTTP/1.1" 200 79394 "-" "check_http/v2.2.1 (nagios-plugins 2.2.1)"
207.46.13.63 - - [10/Dec/2019:18:15:31 -0800] "GET /img/autumn/4.jpg HTTP/1.1" 200 166546 "-" "Mozilla/5.0 (compatible; bingbot/2.0; +http://www.bing.com/bingbot.htm)"
210.54.39.50 - - [10/Dec/2019:18:17:23 -0800] "GET / HTTP/1.1" 200 79394 "-" "check_http/v2.2.1 (nagios-plugins 2.2.1)"
210.54.39.50 - - [10/Dec/2019:18:22:23 -0800] "GET / HTTP/1.1" 200 79394 "-" "check_http/v2.2.1 (nagios-plugins 2.2.1)"
157.55.39.190 - - [10/Dec/2019:18:23:09 -0800] "GET /img/autumn/7.jpg HTTP/1.1" 200 236722 "-" "Mozilla/5.0 (compatible; bingbot/2.0; +http://www.bing.com/bingbot.htm)"
210.54.39.50 - - [10/Dec/2019:18:27:23 -0800] "GET / HTTP/1.1" 200 79394 "-" "check_http/v2.2.1 (nagios-plugins 2.2.1)"
157.55.39.190 - - [10/Dec/2019:18:27:50 -0800] "GET /img/mixman/thumbs/4.jpg HTTP/1.1" 200 35783 "-" "Mozilla/5.0 (compatible; bingbot/2.0; +http://www.bing.com/bingbot.htm)"
157.55.39.190 - - [10/Dec/2019:18:27:51 -0800] "GET /img/oncekids-fujimini/1.jpg HTTP/1.1" 200 109257 "-" "Mozilla/5.0 (compatible; bingbot/2.0; +http://www.bing.com/bingbot.htm)"
77.75.77.17 - - [10/Dec/2019:18:29:28 -0800] "GET /robots.txt HTTP/1.1" 404 208 "-" "Mozilla/5.0 (compatible; SeznamBot/3.2; +http://napoveda.seznam.cz/en/seznambot-intro/)"
77.75.77.17 - - [10/Dec/2019:18:29:30 -0800] "GET /img/mixman/9.jpg HTTP/1.1" 304 - "-" "Mozilla/5.0 (compatible; SeznamBot/3.2; +http://napoveda.seznam.cz/en/seznambot-intro/)"
210.54.39.50 - - [10/Dec/2019:18:32:23 -0800] "GET / HTTP/1.1" 200 79394 "-" "check_http/v2.2.1 (nagios-plugins 2.2.1)"
210.54.39.50 - - [10/Dec/2019:18:37:23 -0800] "GET / HTTP/1.1" 200 79394 "-" "check_http/v2.2.1 (nagios-plugins 2.2.1)"
210.54.39.50 - - [10/Dec/2019:18:42:23 -0800] "GET / HTTP/1.1" 200 79394 "-" "check_http/v2.2.1 (nagios-plugins 2.2.1)"
210.54.39.50 - - [10/Dec/2019:18:47:23 -0800] "GET / HTTP/1.1" 200 79394 "-" "check_http/v2.2.1 (nagios-plugins 2.2.1)"
210.54.39.50 - - [10/Dec/2019:18:52:23 -0800] "GET / HTTP/1.1" 200 79394 "-" "check_http/v2.2.1 (nagios-plugins 2.2.1)"
210.54.39.50 - - [10/Dec/2019:18:57:23 -0800] "GET / HTTP/1.1" 200 79394 "-" "check_http/v2.2.1 (nagios-plugins 2.2.1)"
210.54.39.50 - - [10/Dec/2019:19:02:23 -0800] "GET / HTTP/1.1" 200 79394 "-" "check_http/v2.2.1 (nagios-plugins 2.2.1)"
210.54.39.50 - - [10/Dec/2019:19:07:23 -0800] "GET / HTTP/1.1" 200 79394 "-" "check_http/v2.2.1 (nagios-plugins 2.2.1)"
210.54.39.50 - - [10/Dec/2019:19:12:23 -0800] "GET / HTTP/1.1" 200 79394 "-" "check_http/v2.2.1 (nagios-plugins 2.2.1)"
210.54.39.50 - - [10/Dec/2019:19:17:23 -0800] "GET / HTTP/1.1" 200 79394 "-" "check_http/v2.2.1 (nagios-plugins 2.2.1)"
210.54.39.50 - - [10/Dec/2019:19:22:23 -0800] "GET / HTTP/1.1" 200 79394 "-" "check_http/v2.2.1 (nagios-plugins 2.2.1)"
210.54.39.50 - - [10/Dec/2019:19:27:23 -0800] "GET / HTTP/1.1" 200 79394 "-" "check_http/v2.2.1 (nagios-plugins 2.2.1)"
210.54.39.50 - - [10/Dec/2019:19:32:23 -0800] "GET / HTTP/1.1" 200 79394 "-" "check_http/v2.2.1 (nagios-plugins 2.2.1)"
210.54.39.50 - - [10/Dec/2019:19:37:23 -0800] "GET / HTTP/1.1" 200 79394 "-" "check_http/v2.2.1 (nagios-plugins 2.2.1)"
77.75.77.62 - - [10/Dec/2019:19:39:01 -0800] "GET /robots.txt HTTP/1.1" 404 208 "-" "Mozilla/5.0 (compatible; SeznamBot/3.2; +http://napoveda.seznam.cz/en/seznambot-intro/)"
77.75.77.62 - - [10/Dec/2019:19:39:04 -0800] "GET /img/mixman/16.jpg HTTP/1.1" 304 - "-" "Mozilla/5.0 (compatible; SeznamBot/3.2; +http://napoveda.seznam.cz/en/seznambot-intro/)"
210.54.39.50 - - [10/Dec/2019:19:42:23 -0800] "GET / HTTP/1.1" 200 79394 "-" "check_http/v2.2.1 (nagios-plugins 2.2.1)"
210.54.39.50 - - [10/Dec/2019:19:47:23 -0800] "GET / HTTP/1.1" 200 79394 "-" "check_http/v2.2.1 (nagios-plugins 2.2.1)"
210.54.39.50 - - [10/Dec/2019:19:52:23 -0800] "GET / HTTP/1.1" 200 79394 "-" "check_http/v2.2.1 (nagios-plugins 2.2.1)"
210.54.39.50 - - [10/Dec/2019:19:57:23 -0800] "GET / HTTP/1.1" 200 79394 "-" "check_http/v2.2.1 (nagios-plugins 2.2.1)"
210.54.39.50 - - [10/Dec/2019:20:02:23 -0800] "GET / HTTP/1.1" 200 79394 "-" "check_http/v2.2.1 (nagios-plugins 2.2.1)"
210.54.39.50 - - [10/Dec/2019:20:07:23 -0800] "GET / HTTP/1.1" 200 79394 "-" "check_http/v2.2.1 (nagios-plugins 2.2.1)"
210.54.39.50 - - [10/Dec/2019:20:12:23 -0800] "GET / HTTP/1.1" 200 79394 "-" "check_http/v2.2.1 (nagios-plugins 2.2.1)"
210.54.39.50 - - [10/Dec/2019:20:17:23 -0800] "GET / HTTP/1.1" 200 79394 "-" "check_http/v2.2.1 (nagios-plugins 2.2.1)"
210.54.39.50 - - [10/Dec/2019:20:22:22 -0800] "GET / HTTP/1.1" 200 79394 "-" "check_http/v2.2.1 (nagios-plugins 2.2.1)"
77.75.77.95 - - [10/Dec/2019:20:22:36 -0800] "GET /robots.txt HTTP/1.1" 404 208 "-" "Mozilla/5.0 (compatible; SeznamBot/3.2; +http://napoveda.seznam.cz/en/seznambot-intro/)"
77.75.77.95 - - [10/Dec/2019:20:22:39 -0800] "GET /img/urban-cowgirl/3.jpg HTTP/1.1" 304 - "-" "Mozilla/5.0 (compatible; SeznamBot/3.2; +http://napoveda.seznam.cz/en/seznambot-intro/)"
210.54.39.50 - - [10/Dec/2019:20:27:22 -0800] "GET / HTTP/1.1" 200 79394 "-" "check_http/v2.2.1 (nagios-plugins 2.2.1)"
210.54.39.50 - - [10/Dec/2019:20:32:23 -0800] "GET / HTTP/1.1" 200 79394 "-" "check_http/v2.2.1 (nagios-plugins 2.2.1)"
210.54.39.50 - - [10/Dec/2019:20:37:23 -0800] "GET / HTTP/1.1" 200 79394 "-" "check_http/v2.2.1 (nagios-plugins 2.2.1)"
210.54.39.50 - - [10/Dec/2019:20:42:23 -0800] "GET / HTTP/1.1" 200 79394 "-" "check_http/v2.2.1 (nagios-plugins 2.2.1)"
210.54.39.50 - - [10/Dec/2019:20:47:22 -0800] "GET / HTTP/1.1" 200 79394 "-" "check_http/v2.2.1 (nagios-plugins 2.2.1)"
209.17.97.18 - - [10/Dec/2019:20:49:55 -0800] "GET / HTTP/1.1" 200 79394 "-" "Mozilla/5.0 (compatible; Nimbostratus-Bot/v1.3.2; http://cloudsystemnetworks.com)"
210.54.39.50 - - [10/Dec/2019:20:52:23 -0800] "GET / HTTP/1.1" 200 79394 "-" "check_http/v2.2.1 (nagios-plugins 2.2.1)"
210.54.39.50 - - [10/Dec/2019:20:57:23 -0800] "GET / HTTP/1.1" 200 79394 "-" "check_http/v2.2.1 (nagios-plugins 2.2.1)"
210.54.39.50 - - [10/Dec/2019:21:02:22 -0800] "GET / HTTP/1.1" 200 79394 "-" "check_http/v2.2.1 (nagios-plugins 2.2.1)"
210.54.39.50 - - [10/Dec/2019:21:07:22 -0800] "GET / HTTP/1.1" 200 79394 "-" "check_http/v2.2.1 (nagios-plugins 2.2.1)"
210.54.39.50 - - [10/Dec/2019:21:12:23 -0800] "GET / HTTP/1.1" 200 79394 "-" "check_http/v2.2.1 (nagios-plugins 2.2.1)"
207.46.13.237 - - [10/Dec/2019:21:15:22 -0800] "GET /robots.txt HTTP/1.1" 404 208 "-" "Mozilla/5.0 (compatible; bingbot/2.0; +http://www.bing.com/bingbot.htm)"
207.46.13.237 - - [10/Dec/2019:21:15:22 -0800] "GET /robots.txt HTTP/1.1" 404 208 "-" "Mozilla/5.0 (compatible; bingbot/2.0; +http://www.bing.com/bingbot.htm)"
210.54.39.50 - - [10/Dec/2019:21:17:23 -0800] "GET / HTTP/1.1" 200 79394 "-" "check_http/v2.2.1 (nagios-plugins 2.2.1)"
210.54.39.50 - - [10/Dec/2019:21:22:23 -0800] "GET / HTTP/1.1" 200 79394 "-" "check_http/v2.2.1 (nagios-plugins 2.2.1)"
210.54.39.50 - - [10/Dec/2019:21:27:22 -0800] "GET / HTTP/1.1" 200 79394 "-" "check_http/v2.2.1 (nagios-plugins 2.2.1)"
210.54.39.50 - - [10/Dec/2019:21:32:23 -0800] "GET / HTTP/1.1" 200 79394 "-" "check_http/v2.2.1 (nagios-plugins 2.2.1)"
210.54.39.50 - - [10/Dec/2019:21:37:23 -0800] "GET / HTTP/1.1" 200 79394 "-" "check_http/v2.2.1 (nagios-plugins 2.2.1)"
207.46.13.208 - - [10/Dec/2019:21:40:08 -0800] "GET /img/urban-cowgirl/6.jpg HTTP/1.1" 200 56465 "-" "Mozilla/5.0 (compatible; bingbot/2.0; +http://www.bing.com/bingbot.htm)"
210.54.39.50 - - [10/Dec/2019:21:42:23 -0800] "GET / HTTP/1.1" 200 79394 "-" "check_http/v2.2.1 (nagios-plugins 2.2.1)"
210.54.39.50 - - [10/Dec/2019:21:47:22 -0800] "GET / HTTP/1.1" 200 79394 "-" "check_http/v2.2.1 (nagios-plugins 2.2.1)"
210.54.39.50 - - [10/Dec/2019:21:52:22 -0800] "GET / HTTP/1.1" 200 79394 "-" "check_http/v2.2.1 (nagios-plugins 2.2.1)"
209.17.96.178 - - [10/Dec/2019:21:55:20 -0800] "GET / HTTP/1.1" 200 79394 "-" "Mozilla/5.0 (compatible; Nimbostratus-Bot/v1.3.2; http://cloudsystemnetworks.com)"
210.54.39.50 - - [10/Dec/2019:21:57:23 -0800] "GET / HTTP/1.1" 200 79394 "-" "check_http/v2.2.1 (nagios-plugins 2.2.1)"
210.54.39.50 - - [10/Dec/2019:22:02:23 -0800] "GET / HTTP/1.1" 200 79394 "-" "check_http/v2.2.1 (nagios-plugins 2.2.1)"
210.54.39.50 - - [10/Dec/2019:22:07:22 -0800] "GET / HTTP/1.1" 200 79394 "-" "check_http/v2.2.1 (nagios-plugins 2.2.1)"
210.54.39.50 - - [10/Dec/2019:22:12:22 -0800] "GET / HTTP/1.1" 200 79394 "-" "check_http/v2.2.1 (nagios-plugins 2.2.1)"
40.77.167.73 - - [10/Dec/2019:22:16:01 -0800] "GET /img/oncekids-fujimini/3.jpg HTTP/1.1" 200 143020 "-" "Mozilla/5.0 (compatible; bingbot/2.0; +http://www.bing.com/bingbot.htm)"
210.54.39.50 - - [10/Dec/2019:22:17:22 -0800] "GET / HTTP/1.1" 200 79394 "-" "check_http/v2.2.1 (nagios-plugins 2.2.1)"
210.54.39.50 - - [10/Dec/2019:22:22:23 -0800] "GET / HTTP/1.1" 200 79394 "-" "check_http/v2.2.1 (nagios-plugins 2.2.1)"
207.46.13.63 - - [10/Dec/2019:22:24:58 -0800] "GET /img/mixman/thumbs/7.jpg HTTP/1.1" 200 29010 "-" "Mozilla/5.0 (compatible; bingbot/2.0; +http://www.bing.com/bingbot.htm)"
157.55.39.84 - - [10/Dec/2019:22:25:02 -0800] "GET /img/mixman/thumbs/11.jpg HTTP/1.1" 200 32588 "-" "Mozilla/5.0 (compatible; bingbot/2.0; +http://www.bing.com/bingbot.htm)"
210.54.39.50 - - [10/Dec/2019:22:27:23 -0800] "GET / HTTP/1.1" 200 79394 "-" "check_http/v2.2.1 (nagios-plugins 2.2.1)"
54.36.149.50 - - [10/Dec/2019:22:28:12 -0800] "GET /robots.txt HTTP/1.1" 404 208 "-" "Mozilla/5.0 (compatible; AhrefsBot/6.1; +http://ahrefs.com/robot/)"
54.36.149.71 - - [10/Dec/2019:22:28:14 -0800] "GET /img/mixman/2.jpg HTTP/1.1" 200 80932 "-" "Mozilla/5.0 (compatible; AhrefsBot/6.1; +http://ahrefs.com/robot/)"
157.55.39.244 - - [10/Dec/2019:22:31:45 -0800] "GET /img/mixman/thumbs/9.jpg HTTP/1.1" 200 34012 "-" "Mozilla/5.0 (compatible; bingbot/2.0; +http://www.bing.com/bingbot.htm)"
210.54.39.50 - - [10/Dec/2019:22:32:23 -0800] "GET / HTTP/1.1" 200 79394 "-" "check_http/v2.2.1 (nagios-plugins 2.2.1)"
40.77.167.86 - - [10/Dec/2019:22:34:19 -0800] "GET /img/bs4w/4.jpg HTTP/1.1" 200 93892 "-" "Mozilla/5.0 (compatible; bingbot/2.0; +http://www.bing.com/bingbot.htm)"
40.77.167.73 - - [10/Dec/2019:22:36:15 -0800] "GET /img/wu-wei/9.jpg HTTP/1.1" 200 398953 "-" "Mozilla/5.0 (compatible; bingbot/2.0; +http://www.bing.com/bingbot.htm)"
210.54.39.50 - - [10/Dec/2019:22:37:22 -0800] "GET / HTTP/1.1" 200 79394 "-" "check_http/v2.2.1 (nagios-plugins 2.2.1)"
210.54.39.50 - - [10/Dec/2019:22:42:22 -0800] "GET / HTTP/1.1" 200 79394 "-" "check_http/v2.2.1 (nagios-plugins 2.2.1)"
210.54.39.50 - - [10/Dec/2019:22:47:23 -0800] "GET / HTTP/1.1" 200 79394 "-" "check_http/v2.2.1 (nagios-plugins 2.2.1)"
210.54.39.50 - - [10/Dec/2019:22:52:23 -0800] "GET / HTTP/1.1" 200 79394 "-" "check_http/v2.2.1 (nagios-plugins 2.2.1)"
210.54.39.50 - - [10/Dec/2019:22:57:23 -0800] "GET / HTTP/1.1" 200 79394 "-" "check_http/v2.2.1 (nagios-plugins 2.2.1)"
210.54.39.50 - - [10/Dec/2019:23:02:22 -0800] "GET / HTTP/1.1" 200 79394 "-" "check_http/v2.2.1 (nagios-plugins 2.2.1)"
210.54.39.50 - - [10/Dec/2019:23:07:22 -0800] "GET / HTTP/1.1" 200 79394 "-" "check_http/v2.2.1 (nagios-plugins 2.2.1)"
210.54.39.50 - - [10/Dec/2019:23:12:23 -0800] "GET / HTTP/1.1" 200 79394 "-" "check_http/v2.2.1 (nagios-plugins 2.2.1)"
210.54.39.50 - - [10/Dec/2019:23:17:23 -0800] "GET / HTTP/1.1" 200 79394 "-" "check_http/v2.2.1 (nagios-plugins 2.2.1)"
210.54.39.50 - - [10/Dec/2019:23:22:23 -0800] "GET / HTTP/1.1" 200 79394 "-" "check_http/v2.2.1 (nagios-plugins 2.2.1)"
210.54.39.50 - - [10/Dec/2019:23:27:22 -0800] "GET / HTTP/1.1" 200 79394 "-" "check_http/v2.2.1 (nagios-plugins 2.2.1)"
210.54.39.50 - - [10/Dec/2019:23:32:22 -0800] "GET / HTTP/1.1" 200 79394 "-" "check_http/v2.2.1 (nagios-plugins 2.2.1)"
210.54.39.50 - - [10/Dec/2019:23:37:23 -0800] "GET / HTTP/1.1" 200 79394 "-" "check_http/v2.2.1 (nagios-plugins 2.2.1)"
210.54.39.50 - - [10/Dec/2019:23:42:23 -0800] "GET / HTTP/1.1" 200 79394 "-" "check_http/v2.2.1 (nagios-plugins 2.2.1)"
210.54.39.50 - - [10/Dec/2019:23:47:22 -0800] "GET / HTTP/1.1" 200 79394 "-" "check_http/v2.2.1 (nagios-plugins 2.2.1)"
210.54.39.50 - - [10/Dec/2019:23:52:22 -0800] "GET / HTTP/1.1" 200 79394 "-" "check_http/v2.2.1 (nagios-plugins 2.2.1)"
210.54.39.50 - - [10/Dec/2019:23:57:22 -0800] "GET / HTTP/1.1" 200 79394 "-" "check_http/v2.2.1 (nagios-plugins 2.2.1)"
66.249.79.191 - - [11/Dec/2019:00:02:21 -0800] "GET / HTTP/1.1" 200 17429 "-" "Mozilla/5.0 (Linux; Android 6.0.1; Nexus 5X Build/MMB29P) AppleWebKit/537.36 (KHTML, like Gecko) Chrome/41.0.2272.96 Mobile Safari/537.36 (compatible; Googlebot/2.1; +http://www.google.com/bot.html)"
210.54.39.50 - - [11/Dec/2019:00:02:22 -0800] "GET / HTTP/1.1" 200 79394 "-" "check_http/v2.2.1 (nagios-plugins 2.2.1)"
157.55.39.84 - - [11/Dec/2019:00:05:47 -0800] "GET /img/mixman/3.jpg HTTP/1.1" 200 114734 "-" "Mozilla/5.0 (compatible; bingbot/2.0; +http://www.bing.com/bingbot.htm)"
210.54.39.50 - - [11/Dec/2019:00:07:23 -0800] "GET / HTTP/1.1" 200 79394 "-" "check_http/v2.2.1 (nagios-plugins 2.2.1)"
210.54.39.50 - - [11/Dec/2019:00:12:23 -0800] "GET / HTTP/1.1" 200 79394 "-" "check_http/v2.2.1 (nagios-plugins 2.2.1)"
210.54.39.50 - - [11/Dec/2019:00:17:22 -0800] "GET / HTTP/1.1" 200 79394 "-" "check_http/v2.2.1 (nagios-plugins 2.2.1)"
210.54.39.50 - - [11/Dec/2019:00:22:22 -0800] "GET / HTTP/1.1" 200 79394 "-" "check_http/v2.2.1 (nagios-plugins 2.2.1)"
210.54.39.50 - - [11/Dec/2019:00:27:23 -0800] "GET / HTTP/1.1" 200 79394 "-" "check_http/v2.2.1 (nagios-plugins 2.2.1)"
210.54.39.50 - - [11/Dec/2019:00:32:23 -0800] "GET / HTTP/1.1" 200 79394 "-" "check_http/v2.2.1 (nagios-plugins 2.2.1)"
207.46.13.126 - - [11/Dec/2019:00:37:18 -0800] "GET /img/bs4w/7.jpg HTTP/1.1" 200 80775 "-" "Mozilla/5.0 (compatible; bingbot/2.0; +http://www.bing.com/bingbot.htm)"
210.54.39.50 - - [11/Dec/2019:00:37:22 -0800] "GET / HTTP/1.1" 200 79394 "-" "check_http/v2.2.1 (nagios-plugins 2.2.1)"
210.54.39.50 - - [11/Dec/2019:00:42:22 -0800] "GET / HTTP/1.1" 200 79394 "-" "check_http/v2.2.1 (nagios-plugins 2.2.1)"
207.46.13.126 - - [11/Dec/2019:00:45:56 -0800] "GET /img/mixman/thumbs/13.jpg HTTP/1.1" 200 28845 "-" "Mozilla/5.0 (compatible; bingbot/2.0; +http://www.bing.com/bingbot.htm)"
54.36.148.106 - - [11/Dec/2019:00:47:14 -0800] "GET /robots.txt HTTP/1.1" 404 208 "-" "Mozilla/5.0 (compatible; AhrefsBot/6.1; +http://ahrefs.com/robot/)"
151.80.39.78 - - [11/Dec/2019:00:47:20 -0800] "GET / HTTP/1.1" 200 17429 "-" "Mozilla/5.0 (compatible; AhrefsBot/6.1; +http://ahrefs.com/robot/)"
210.54.39.50 - - [11/Dec/2019:00:47:23 -0800] "GET / HTTP/1.1" 200 79394 "-" "check_http/v2.2.1 (nagios-plugins 2.2.1)"
210.54.39.50 - - [11/Dec/2019:00:52:22 -0800] "GET / HTTP/1.1" 200 79394 "-" "check_http/v2.2.1 (nagios-plugins 2.2.1)"
210.54.39.50 - - [11/Dec/2019:00:57:22 -0800] "GET / HTTP/1.1" 200 79394 "-" "check_http/v2.2.1 (nagios-plugins 2.2.1)"
210.54.39.50 - - [11/Dec/2019:01:02:22 -0800] "GET / HTTP/1.1" 200 79394 "-" "check_http/v2.2.1 (nagios-plugins 2.2.1)"
157.55.39.84 - - [11/Dec/2019:01:04:44 -0800] "GET /img/mixman/9.jpg HTTP/1.1" 200 141085 "-" "Mozilla/5.0 (compatible; bingbot/2.0; +http://www.bing.com/bingbot.htm)"
210.54.39.50 - - [11/Dec/2019:01:07:22 -0800] "GET / HTTP/1.1" 200 79394 "-" "check_http/v2.2.1 (nagios-plugins 2.2.1)"
40.77.167.86 - - [11/Dec/2019:01:08:14 -0800] "GET /img/urban-cowgirl/thumbs/3.jpg HTTP/1.1" 200 25487 "-" "Mozilla/5.0 (compatible; bingbot/2.0; +http://www.bing.com/bingbot.htm)"
210.54.39.50 - - [11/Dec/2019:01:12:22 -0800] "GET / HTTP/1.1" 200 79394 "-" "check_http/v2.2.1 (nagios-plugins 2.2.1)"
210.54.39.50 - - [11/Dec/2019:01:17:22 -0800] "GET / HTTP/1.1" 200 79394 "-" "check_http/v2.2.1 (nagios-plugins 2.2.1)"
207.46.13.126 - - [11/Dec/2019:01:19:34 -0800] "GET /img/bs4w/1.jpg HTTP/1.1" 200 61424 "-" "Mozilla/5.0 (compatible; bingbot/2.0; +http://www.bing.com/bingbot.htm)"
210.54.39.50 - - [11/Dec/2019:01:22:23 -0800] "GET / HTTP/1.1" 200 79394 "-" "check_http/v2.2.1 (nagios-plugins 2.2.1)"
210.54.39.50 - - [11/Dec/2019:01:27:22 -0800] "GET / HTTP/1.1" 200 79394 "-" "check_http/v2.2.1 (nagios-plugins 2.2.1)"
210.54.39.50 - - [11/Dec/2019:01:32:22 -0800] "GET / HTTP/1.1" 200 79394 "-" "check_http/v2.2.1 (nagios-plugins 2.2.1)"
210.54.39.50 - - [11/Dec/2019:01:37:23 -0800] "GET / HTTP/1.1" 200 79394 "-" "check_http/v2.2.1 (nagios-plugins 2.2.1)"
40.77.167.73 - - [11/Dec/2019:01:42:03 -0800] "GET /img/mixman/thumbs/18.jpg HTTP/1.1" 200 20196 "-" "Mozilla/5.0 (compatible; bingbot/2.0; +http://www.bing.com/bingbot.htm)"
210.54.39.50 - - [11/Dec/2019:01:42:22 -0800] "GET / HTTP/1.1" 200 79394 "-" "check_http/v2.2.1 (nagios-plugins 2.2.1)"
210.54.39.50 - - [11/Dec/2019:01:47:22 -0800] "GET / HTTP/1.1" 200 79394 "-" "check_http/v2.2.1 (nagios-plugins 2.2.1)"
207.46.13.126 - - [11/Dec/2019:01:51:56 -0800] "GET /img/sfnoir/3.jpg HTTP/1.1" 200 74528 "-" "Mozilla/5.0 (compatible; bingbot/2.0; +http://www.bing.com/bingbot.htm)"
210.54.39.50 - - [11/Dec/2019:01:52:22 -0800] "GET / HTTP/1.1" 200 79394 "-" "check_http/v2.2.1 (nagios-plugins 2.2.1)"
210.54.39.50 - - [11/Dec/2019:01:57:22 -0800] "GET / HTTP/1.1" 200 79394 "-" "check_http/v2.2.1 (nagios-plugins 2.2.1)"
210.54.39.50 - - [11/Dec/2019:02:02:22 -0800] "GET / HTTP/1.1" 200 79394 "-" "check_http/v2.2.1 (nagios-plugins 2.2.1)"
210.54.39.50 - - [11/Dec/2019:02:07:22 -0800] "GET / HTTP/1.1" 200 79394 "-" "check_http/v2.2.1 (nagios-plugins 2.2.1)"
40.77.167.86 - - [11/Dec/2019:02:09:41 -0800] "GET /img/sfnoir/6.jpg HTTP/1.1" 200 112789 "-" "Mozilla/5.0 (compatible; bingbot/2.0; +http://www.bing.com/bingbot.htm)"
210.54.39.50 - - [11/Dec/2019:02:12:22 -0800] "GET / HTTP/1.1" 200 79394 "-" "check_http/v2.2.1 (nagios-plugins 2.2.1)"
210.54.39.50 - - [11/Dec/2019:02:17:22 -0800] "GET / HTTP/1.1" 200 79394 "-" "check_http/v2.2.1 (nagios-plugins 2.2.1)"
210.54.39.50 - - [11/Dec/2019:02:22:22 -0800] "GET / HTTP/1.1" 200 79394 "-" "check_http/v2.2.1 (nagios-plugins 2.2.1)"
210.54.39.50 - - [11/Dec/2019:02:27:22 -0800] "GET / HTTP/1.1" 200 79394 "-" "check_http/v2.2.1 (nagios-plugins 2.2.1)"
210.54.39.50 - - [11/Dec/2019:02:32:22 -0800] "GET / HTTP/1.1" 200 79394 "-" "check_http/v2.2.1 (nagios-plugins 2.2.1)"
210.54.39.50 - - [11/Dec/2019:02:37:22 -0800] "GET / HTTP/1.1" 200 79394 "-" "check_http/v2.2.1 (nagios-plugins 2.2.1)"
157.55.39.84 - - [11/Dec/2019:02:40:37 -0800] "GET /img/mixman/thumbs/3.jpg HTTP/1.1" 200 32138 "-" "Mozilla/5.0 (compatible; bingbot/2.0; +http://www.bing.com/bingbot.htm)"
210.54.39.50 - - [11/Dec/2019:02:42:22 -0800] "GET / HTTP/1.1" 200 79394 "-" "check_http/v2.2.1 (nagios-plugins 2.2.1)"
40.77.167.86 - - [11/Dec/2019:02:43:40 -0800] "GET /img/bs4w/4.jpg HTTP/1.1" 200 93892 "-" "Mozilla/5.0 (compatible; bingbot/2.0; +http://www.bing.com/bingbot.htm)"
207.46.13.126 - - [11/Dec/2019:02:45:25 -0800] "GET /img/urban-cowgirl/thumbs/6.jpg HTTP/1.1" 200 14645 "-" "Mozilla/5.0 (compatible; bingbot/2.0; +http://www.bing.com/bingbot.htm)"
40.77.167.112 - - [11/Dec/2019:02:46:39 -0800] "GET /img/wu-wei/10.jpg HTTP/1.1" 200 165194 "-" "Mozilla/5.0 (compatible; bingbot/2.0; +http://www.bing.com/bingbot.htm)"
210.54.39.50 - - [11/Dec/2019:02:47:22 -0800] "GET / HTTP/1.1" 200 79394 "-" "check_http/v2.2.1 (nagios-plugins 2.2.1)"
40.77.167.86 - - [11/Dec/2019:02:50:42 -0800] "GET /img/mixman/19.jpg HTTP/1.1" 200 81276 "-" "Mozilla/5.0 (compatible; bingbot/2.0; +http://www.bing.com/bingbot.htm)"
210.54.39.50 - - [11/Dec/2019:02:52:22 -0800] "GET / HTTP/1.1" 200 79394 "-" "check_http/v2.2.1 (nagios-plugins 2.2.1)"
210.54.39.50 - - [11/Dec/2019:02:57:22 -0800] "GET / HTTP/1.1" 200 79394 "-" "check_http/v2.2.1 (nagios-plugins 2.2.1)"
40.77.167.86 - - [11/Dec/2019:02:57:33 -0800] "GET /img/wu-wei/1.jpg HTTP/1.1" 200 323401 "-" "Mozilla/5.0 (compatible; bingbot/2.0; +http://www.bing.com/bingbot.htm)"
157.55.39.84 - - [11/Dec/2019:02:57:53 -0800] "GET /img/bs4w/5.jpg HTTP/1.1" 200 42135 "-" "Mozilla/5.0 (compatible; bingbot/2.0; +http://www.bing.com/bingbot.htm)"
210.54.39.50 - - [11/Dec/2019:03:02:22 -0800] "GET / HTTP/1.1" 200 79394 "-" "check_http/v2.2.1 (nagios-plugins 2.2.1)"
40.77.167.86 - - [11/Dec/2019:03:04:46 -0800] "GET /img/wu-wei/1.jpg HTTP/1.1" 200 323401 "-" "Mozilla/5.0 (compatible; bingbot/2.0; +http://www.bing.com/bingbot.htm)"
210.54.39.50 - - [11/Dec/2019:03:07:22 -0800] "GET / HTTP/1.1" 200 79394 "-" "check_http/v2.2.1 (nagios-plugins 2.2.1)"
210.54.39.50 - - [11/Dec/2019:03:12:22 -0800] "GET / HTTP/1.1" 200 79394 "-" "check_http/v2.2.1 (nagios-plugins 2.2.1)"
40.77.167.112 - - [11/Dec/2019:03:14:40 -0800] "GET /img/mixman/thumbs/6.jpg HTTP/1.1" 200 29592 "-" "Mozilla/5.0 (compatible; bingbot/2.0; +http://www.bing.com/bingbot.htm)"
157.55.39.34 - - [11/Dec/2019:03:16:36 -0800] "GET /robots.txt HTTP/1.1" 404 208 "-" "Mozilla/5.0 (compatible; bingbot/2.0; +http://www.bing.com/bingbot.htm)"
157.55.39.34 - - [11/Dec/2019:03:16:36 -0800] "GET /robots.txt HTTP/1.1" 404 208 "-" "Mozilla/5.0 (compatible; bingbot/2.0; +http://www.bing.com/bingbot.htm)"
40.77.167.112 - - [11/Dec/2019:03:16:47 -0800] "GET / HTTP/1.1" 200 17429 "-" "Mozilla/5.0 (compatible; bingbot/2.0; +http://www.bing.com/bingbot.htm)"
210.54.39.50 - - [11/Dec/2019:03:17:22 -0800] "GET / HTTP/1.1" 200 79394 "-" "check_http/v2.2.1 (nagios-plugins 2.2.1)"
40.77.167.112 - - [11/Dec/2019:03:21:28 -0800] "GET /img/oncekids-fujimini/5.jpg HTTP/1.1" 200 76459 "-" "Mozilla/5.0 (compatible; bingbot/2.0; +http://www.bing.com/bingbot.htm)"
210.54.39.50 - - [11/Dec/2019:03:22:22 -0800] "GET / HTTP/1.1" 200 79394 "-" "check_http/v2.2.1 (nagios-plugins 2.2.1)"
210.54.39.50 - - [11/Dec/2019:03:27:22 -0800] "GET / HTTP/1.1" 200 79394 "-" "check_http/v2.2.1 (nagios-plugins 2.2.1)"
210.54.39.50 - - [11/Dec/2019:03:32:22 -0800] "GET / HTTP/1.1" 200 79394 "-" "check_http/v2.2.1 (nagios-plugins 2.2.1)"
40.77.167.112 - - [11/Dec/2019:03:33:32 -0800] "GET /img/wu-wei/9.jpg HTTP/1.1" 200 398953 "-" "Mozilla/5.0 (compatible; bingbot/2.0; +http://www.bing.com/bingbot.htm)"
210.54.39.50 - - [11/Dec/2019:03:37:22 -0800] "GET / HTTP/1.1" 200 79394 "-" "check_http/v2.2.1 (nagios-plugins 2.2.1)"
210.54.39.50 - - [11/Dec/2019:03:42:22 -0800] "GET / HTTP/1.1" 200 79394 "-" "check_http/v2.2.1 (nagios-plugins 2.2.1)"
210.54.39.50 - - [11/Dec/2019:03:47:22 -0800] "GET / HTTP/1.1" 200 79394 "-" "check_http/v2.2.1 (nagios-plugins 2.2.1)"
40.77.167.112 - - [11/Dec/2019:03:50:47 -0800] "GET /img/mixman/17.jpg HTTP/1.1" 200 60460 "-" "Mozilla/5.0 (compatible; bingbot/2.0; +http://www.bing.com/bingbot.htm)"
210.54.39.50 - - [11/Dec/2019:03:52:22 -0800] "GET / HTTP/1.1" 200 79394 "-" "check_http/v2.2.1 (nagios-plugins 2.2.1)"
210.54.39.50 - - [11/Dec/2019:03:57:22 -0800] "GET / HTTP/1.1" 200 79394 "-" "check_http/v2.2.1 (nagios-plugins 2.2.1)"
210.54.39.50 - - [11/Dec/2019:04:02:22 -0800] "GET / HTTP/1.1" 200 79394 "-" "check_http/v2.2.1 (nagios-plugins 2.2.1)"
210.54.39.50 - - [11/Dec/2019:04:07:22 -0800] "GET / HTTP/1.1" 200 79394 "-" "check_http/v2.2.1 (nagios-plugins 2.2.1)"
210.54.39.50 - - [11/Dec/2019:04:12:22 -0800] "GET / HTTP/1.1" 200 79394 "-" "check_http/v2.2.1 (nagios-plugins 2.2.1)"
210.54.39.50 - - [11/Dec/2019:04:17:22 -0800] "GET / HTTP/1.1" 200 79394 "-" "check_http/v2.2.1 (nagios-plugins 2.2.1)"
40.77.167.137 - - [11/Dec/2019:04:20:35 -0800] "GET /img/autumn/8.jpg HTTP/1.1" 200 100218 "-" "Mozilla/5.0 (compatible; bingbot/2.0; +http://www.bing.com/bingbot.htm)"
210.54.39.50 - - [11/Dec/2019:04:22:22 -0800] "GET / HTTP/1.1" 200 79394 "-" "check_http/v2.2.1 (nagios-plugins 2.2.1)"
210.54.39.50 - - [11/Dec/2019:04:27:21 -0800] "GET / HTTP/1.1" 200 79394 "-" "check_http/v2.2.1 (nagios-plugins 2.2.1)"
210.54.39.50 - - [11/Dec/2019:04:32:21 -0800] "GET / HTTP/1.1" 200 79394 "-" "check_http/v2.2.1 (nagios-plugins 2.2.1)"
