210.54.39.50 - - [09/Feb/2020:03:19:17 -0800] "GET / HTTP/1.1" 200 79394 "-" "check_http/v2.2.1 (nagios-plugins 2.2.1)"
210.54.39.50 - - [09/Feb/2020:03:24:18 -0800] "GET / HTTP/1.1" 200 79394 "-" "check_http/v2.2.1 (nagios-plugins 2.2.1)"
210.54.39.50 - - [09/Feb/2020:03:29:16 -0800] "GET / HTTP/1.1" 200 79394 "-" "check_http/v2.2.1 (nagios-plugins 2.2.1)"
210.54.39.50 - - [09/Feb/2020:03:34:19 -0800] "GET / HTTP/1.1" 200 79394 "-" "check_http/v2.2.1 (nagios-plugins 2.2.1)"
210.54.39.50 - - [09/Feb/2020:03:39:17 -0800] "GET / HTTP/1.1" 200 79394 "-" "check_http/v2.2.1 (nagios-plugins 2.2.1)"
40.77.167.99 - - [09/Feb/2020:03:40:54 -0800] "GET /img/oncekids-fujimini/2.jpg HTTP/1.1" 200 99983 "-" "msnbot/2.0b (+http://search.msn.com/msnbot.htm)"
210.54.39.50 - - [09/Feb/2020:03:44:18 -0800] "GET / HTTP/1.1" 200 79394 "-" "check_http/v2.2.1 (nagios-plugins 2.2.1)"
210.54.39.50 - - [09/Feb/2020:03:49:17 -0800] "GET / HTTP/1.1" 200 79394 "-" "check_http/v2.2.1 (nagios-plugins 2.2.1)"
210.54.39.50 - - [09/Feb/2020:03:54:19 -0800] "GET / HTTP/1.1" 200 79394 "-" "check_http/v2.2.1 (nagios-plugins 2.2.1)"
210.54.39.50 - - [09/Feb/2020:03:59:16 -0800] "GET / HTTP/1.1" 200 79394 "-" "check_http/v2.2.1 (nagios-plugins 2.2.1)"
210.54.39.50 - - [09/Feb/2020:04:04:18 -0800] "GET / HTTP/1.1" 200 79394 "-" "check_http/v2.2.1 (nagios-plugins 2.2.1)"
210.54.39.50 - - [09/Feb/2020:04:09:17 -0800] "GET / HTTP/1.1" 200 79394 "-" "check_http/v2.2.1 (nagios-plugins 2.2.1)"
210.54.39.50 - - [09/Feb/2020:04:14:18 -0800] "GET / HTTP/1.1" 200 79394 "-" "check_http/v2.2.1 (nagios-plugins 2.2.1)"
210.54.39.50 - - [09/Feb/2020:04:19:17 -0800] "GET / HTTP/1.1" 200 79394 "-" "check_http/v2.2.1 (nagios-plugins 2.2.1)"
210.54.39.50 - - [09/Feb/2020:04:24:19 -0800] "GET / HTTP/1.1" 200 79394 "-" "check_http/v2.2.1 (nagios-plugins 2.2.1)"
210.54.39.50 - - [09/Feb/2020:04:29:16 -0800] "GET / HTTP/1.1" 200 79394 "-" "check_http/v2.2.1 (nagios-plugins 2.2.1)"
210.54.39.50 - - [09/Feb/2020:04:34:18 -0800] "GET / HTTP/1.1" 200 79394 "-" "check_http/v2.2.1 (nagios-plugins 2.2.1)"
210.54.39.50 - - [09/Feb/2020:04:39:16 -0800] "GET / HTTP/1.1" 200 79394 "-" "check_http/v2.2.1 (nagios-plugins 2.2.1)"
210.54.39.50 - - [09/Feb/2020:04:44:19 -0800] "GET / HTTP/1.1" 200 79394 "-" "check_http/v2.2.1 (nagios-plugins 2.2.1)"
210.54.39.50 - - [09/Feb/2020:04:49:17 -0800] "GET / HTTP/1.1" 200 79394 "-" "check_http/v2.2.1 (nagios-plugins 2.2.1)"
210.54.39.50 - - [09/Feb/2020:04:54:18 -0800] "GET / HTTP/1.1" 200 79394 "-" "check_http/v2.2.1 (nagios-plugins 2.2.1)"
210.54.39.50 - - [09/Feb/2020:04:59:16 -0800] "GET / HTTP/1.1" 200 79394 "-" "check_http/v2.2.1 (nagios-plugins 2.2.1)"
210.54.39.50 - - [09/Feb/2020:05:04:18 -0800] "GET / HTTP/1.1" 200 79394 "-" "check_http/v2.2.1 (nagios-plugins 2.2.1)"
210.54.39.50 - - [09/Feb/2020:05:09:16 -0800] "GET / HTTP/1.1" 200 79394 "-" "check_http/v2.2.1 (nagios-plugins 2.2.1)"
210.54.39.50 - - [09/Feb/2020:05:14:19 -0800] "GET / HTTP/1.1" 200 79394 "-" "check_http/v2.2.1 (nagios-plugins 2.2.1)"
210.54.39.50 - - [09/Feb/2020:05:19:17 -0800] "GET / HTTP/1.1" 200 79394 "-" "check_http/v2.2.1 (nagios-plugins 2.2.1)"
210.54.39.50 - - [09/Feb/2020:05:24:18 -0800] "GET / HTTP/1.1" 200 79394 "-" "check_http/v2.2.1 (nagios-plugins 2.2.1)"
210.54.39.50 - - [09/Feb/2020:05:29:16 -0800] "GET / HTTP/1.1" 200 79394 "-" "check_http/v2.2.1 (nagios-plugins 2.2.1)"
210.54.39.50 - - [09/Feb/2020:05:34:18 -0800] "GET / HTTP/1.1" 200 79394 "-" "check_http/v2.2.1 (nagios-plugins 2.2.1)"
210.54.39.50 - - [09/Feb/2020:05:39:16 -0800] "GET / HTTP/1.1" 200 79394 "-" "check_http/v2.2.1 (nagios-plugins 2.2.1)"
210.54.39.50 - - [09/Feb/2020:05:44:18 -0800] "GET / HTTP/1.1" 200 79394 "-" "check_http/v2.2.1 (nagios-plugins 2.2.1)"
210.54.39.50 - - [09/Feb/2020:05:49:17 -0800] "GET / HTTP/1.1" 200 79394 "-" "check_http/v2.2.1 (nagios-plugins 2.2.1)"
210.54.39.50 - - [09/Feb/2020:05:54:18 -0800] "GET / HTTP/1.1" 200 79394 "-" "check_http/v2.2.1 (nagios-plugins 2.2.1)"
54.36.150.167 - - [09/Feb/2020:05:55:04 -0800] "GET /img/njn/7.jpg HTTP/1.1" 200 116420 "-" "Mozilla/5.0 (compatible; AhrefsBot/6.1; +http://ahrefs.com/robot/)"
210.54.39.50 - - [09/Feb/2020:05:59:16 -0800] "GET / HTTP/1.1" 200 79394 "-" "check_http/v2.2.1 (nagios-plugins 2.2.1)"
210.54.39.50 - - [09/Feb/2020:06:04:18 -0800] "GET / HTTP/1.1" 200 79394 "-" "check_http/v2.2.1 (nagios-plugins 2.2.1)"
210.54.39.50 - - [09/Feb/2020:06:09:16 -0800] "GET / HTTP/1.1" 200 79394 "-" "check_http/v2.2.1 (nagios-plugins 2.2.1)"
210.54.39.50 - - [09/Feb/2020:06:14:18 -0800] "GET / HTTP/1.1" 200 79394 "-" "check_http/v2.2.1 (nagios-plugins 2.2.1)"
210.54.39.50 - - [09/Feb/2020:06:19:17 -0800] "GET / HTTP/1.1" 200 79394 "-" "check_http/v2.2.1 (nagios-plugins 2.2.1)"
210.54.39.50 - - [09/Feb/2020:06:24:18 -0800] "GET / HTTP/1.1" 200 79394 "-" "check_http/v2.2.1 (nagios-plugins 2.2.1)"
95.163.255.240 - - [09/Feb/2020:06:25:28 -0800] "GET /robots.txt HTTP/1.0" 404 208 "-" "Mozilla/5.0 (compatible; Linux x86_64; Mail.RU_Bot/2.0; +http://go.mail.ru/help/robots)"
95.163.255.242 - - [09/Feb/2020:06:25:29 -0800] "GET / HTTP/1.1" 200 17429 "-" "Mozilla/5.0 (compatible; Linux x86_64; Mail.RU_Bot/2.0; +http://go.mail.ru/help/robots)"
210.54.39.50 - - [09/Feb/2020:06:29:16 -0800] "GET / HTTP/1.1" 200 79394 "-" "check_http/v2.2.1 (nagios-plugins 2.2.1)"
210.54.39.50 - - [09/Feb/2020:06:34:18 -0800] "GET / HTTP/1.1" 200 79394 "-" "check_http/v2.2.1 (nagios-plugins 2.2.1)"
210.54.39.50 - - [09/Feb/2020:06:39:16 -0800] "GET / HTTP/1.1" 200 79394 "-" "check_http/v2.2.1 (nagios-plugins 2.2.1)"
210.54.39.50 - - [09/Feb/2020:06:44:18 -0800] "GET / HTTP/1.1" 200 79394 "-" "check_http/v2.2.1 (nagios-plugins 2.2.1)"
210.54.39.50 - - [09/Feb/2020:06:49:16 -0800] "GET / HTTP/1.1" 200 79394 "-" "check_http/v2.2.1 (nagios-plugins 2.2.1)"
210.54.39.50 - - [09/Feb/2020:06:54:18 -0800] "GET / HTTP/1.1" 200 79394 "-" "check_http/v2.2.1 (nagios-plugins 2.2.1)"
210.54.39.50 - - [09/Feb/2020:06:59:16 -0800] "GET / HTTP/1.1" 200 79394 "-" "check_http/v2.2.1 (nagios-plugins 2.2.1)"
210.54.39.50 - - [09/Feb/2020:07:04:18 -0800] "GET / HTTP/1.1" 200 79394 "-" "check_http/v2.2.1 (nagios-plugins 2.2.1)"
210.54.39.50 - - [09/Feb/2020:07:09:16 -0800] "GET / HTTP/1.1" 200 79394 "-" "check_http/v2.2.1 (nagios-plugins 2.2.1)"
210.54.39.50 - - [09/Feb/2020:07:14:18 -0800] "GET / HTTP/1.1" 200 79394 "-" "check_http/v2.2.1 (nagios-plugins 2.2.1)"
210.54.39.50 - - [09/Feb/2020:07:19:16 -0800] "GET / HTTP/1.1" 200 79394 "-" "check_http/v2.2.1 (nagios-plugins 2.2.1)"
210.54.39.50 - - [09/Feb/2020:07:24:18 -0800] "GET / HTTP/1.1" 200 79394 "-" "check_http/v2.2.1 (nagios-plugins 2.2.1)"
210.54.39.50 - - [09/Feb/2020:07:29:16 -0800] "GET / HTTP/1.1" 200 79394 "-" "check_http/v2.2.1 (nagios-plugins 2.2.1)"
210.54.39.50 - - [09/Feb/2020:07:34:18 -0800] "GET / HTTP/1.1" 200 79394 "-" "check_http/v2.2.1 (nagios-plugins 2.2.1)"
210.54.39.50 - - [09/Feb/2020:07:39:16 -0800] "GET / HTTP/1.1" 200 79394 "-" "check_http/v2.2.1 (nagios-plugins 2.2.1)"
210.54.39.50 - - [09/Feb/2020:07:44:18 -0800] "GET / HTTP/1.1" 200 79394 "-" "check_http/v2.2.1 (nagios-plugins 2.2.1)"
210.54.39.50 - - [09/Feb/2020:07:49:16 -0800] "GET / HTTP/1.1" 200 79394 "-" "check_http/v2.2.1 (nagios-plugins 2.2.1)"
210.54.39.50 - - [09/Feb/2020:07:54:18 -0800] "GET / HTTP/1.1" 200 79394 "-" "check_http/v2.2.1 (nagios-plugins 2.2.1)"
210.54.39.50 - - [09/Feb/2020:07:59:16 -0800] "GET / HTTP/1.1" 200 79394 "-" "check_http/v2.2.1 (nagios-plugins 2.2.1)"
82.202.161.133 - - [09/Feb/2020:08:00:28 -0800] "GET / HTTP/1.1" 200 17429 "-" "Internet-structure-research-project-bot"
210.54.39.50 - - [09/Feb/2020:08:04:18 -0800] "GET / HTTP/1.1" 200 79394 "-" "check_http/v2.2.1 (nagios-plugins 2.2.1)"
210.54.39.50 - - [09/Feb/2020:08:09:15 -0800] "GET / HTTP/1.1" 200 79394 "-" "check_http/v2.2.1 (nagios-plugins 2.2.1)"
210.54.39.50 - - [09/Feb/2020:08:14:18 -0800] "GET / HTTP/1.1" 200 79394 "-" "check_http/v2.2.1 (nagios-plugins 2.2.1)"
210.54.39.50 - - [09/Feb/2020:08:19:16 -0800] "GET / HTTP/1.1" 200 79394 "-" "check_http/v2.2.1 (nagios-plugins 2.2.1)"
210.54.39.50 - - [09/Feb/2020:08:24:18 -0800] "GET / HTTP/1.1" 200 79394 "-" "check_http/v2.2.1 (nagios-plugins 2.2.1)"
210.54.39.50 - - [09/Feb/2020:08:29:16 -0800] "GET / HTTP/1.1" 200 79394 "-" "check_http/v2.2.1 (nagios-plugins 2.2.1)"
210.54.39.50 - - [09/Feb/2020:08:34:17 -0800] "GET / HTTP/1.1" 200 79394 "-" "check_http/v2.2.1 (nagios-plugins 2.2.1)"
210.54.39.50 - - [09/Feb/2020:08:39:15 -0800] "GET / HTTP/1.1" 200 79394 "-" "check_http/v2.2.1 (nagios-plugins 2.2.1)"
210.54.39.50 - - [09/Feb/2020:08:44:18 -0800] "GET / HTTP/1.1" 200 79394 "-" "check_http/v2.2.1 (nagios-plugins 2.2.1)"
210.54.39.50 - - [09/Feb/2020:08:49:16 -0800] "GET / HTTP/1.1" 200 79394 "-" "check_http/v2.2.1 (nagios-plugins 2.2.1)"
210.54.39.50 - - [09/Feb/2020:08:54:18 -0800] "GET / HTTP/1.1" 200 79394 "-" "check_http/v2.2.1 (nagios-plugins 2.2.1)"
210.54.39.50 - - [09/Feb/2020:08:59:16 -0800] "GET / HTTP/1.1" 200 79394 "-" "check_http/v2.2.1 (nagios-plugins 2.2.1)"
210.54.39.50 - - [09/Feb/2020:09:04:17 -0800] "GET / HTTP/1.1" 200 79394 "-" "check_http/v2.2.1 (nagios-plugins 2.2.1)"
210.54.39.50 - - [09/Feb/2020:09:09:15 -0800] "GET / HTTP/1.1" 200 79394 "-" "check_http/v2.2.1 (nagios-plugins 2.2.1)"
210.54.39.50 - - [09/Feb/2020:09:14:18 -0800] "GET / HTTP/1.1" 200 79394 "-" "check_http/v2.2.1 (nagios-plugins 2.2.1)"
210.54.39.50 - - [09/Feb/2020:09:19:16 -0800] "GET / HTTP/1.1" 200 79394 "-" "check_http/v2.2.1 (nagios-plugins 2.2.1)"
210.54.39.50 - - [09/Feb/2020:09:24:18 -0800] "GET / HTTP/1.1" 200 79394 "-" "check_http/v2.2.1 (nagios-plugins 2.2.1)"
210.54.39.50 - - [09/Feb/2020:09:29:16 -0800] "GET / HTTP/1.1" 200 79394 "-" "check_http/v2.2.1 (nagios-plugins 2.2.1)"
210.54.39.50 - - [09/Feb/2020:09:34:17 -0800] "GET / HTTP/1.1" 200 79394 "-" "check_http/v2.2.1 (nagios-plugins 2.2.1)"
210.54.39.50 - - [09/Feb/2020:09:39:16 -0800] "GET / HTTP/1.1" 200 79394 "-" "check_http/v2.2.1 (nagios-plugins 2.2.1)"
210.54.39.50 - - [09/Feb/2020:09:44:18 -0800] "GET / HTTP/1.1" 200 79394 "-" "check_http/v2.2.1 (nagios-plugins 2.2.1)"
210.54.39.50 - - [09/Feb/2020:09:49:16 -0800] "GET / HTTP/1.1" 200 79394 "-" "check_http/v2.2.1 (nagios-plugins 2.2.1)"
210.54.39.50 - - [09/Feb/2020:09:54:18 -0800] "GET / HTTP/1.1" 200 79394 "-" "check_http/v2.2.1 (nagios-plugins 2.2.1)"
210.54.39.50 - - [09/Feb/2020:09:59:15 -0800] "GET / HTTP/1.1" 200 79394 "-" "check_http/v2.2.1 (nagios-plugins 2.2.1)"
210.54.39.50 - - [09/Feb/2020:10:04:17 -0800] "GET / HTTP/1.1" 200 79394 "-" "check_http/v2.2.1 (nagios-plugins 2.2.1)"
210.54.39.50 - - [09/Feb/2020:10:09:16 -0800] "GET / HTTP/1.1" 200 79394 "-" "check_http/v2.2.1 (nagios-plugins 2.2.1)"
210.54.39.50 - - [09/Feb/2020:10:14:18 -0800] "GET / HTTP/1.1" 200 79394 "-" "check_http/v2.2.1 (nagios-plugins 2.2.1)"
210.54.39.50 - - [09/Feb/2020:10:19:16 -0800] "GET / HTTP/1.1" 200 79394 "-" "check_http/v2.2.1 (nagios-plugins 2.2.1)"
210.54.39.50 - - [09/Feb/2020:10:24:17 -0800] "GET / HTTP/1.1" 200 79394 "-" "check_http/v2.2.1 (nagios-plugins 2.2.1)"
210.54.39.50 - - [09/Feb/2020:10:29:15 -0800] "GET / HTTP/1.1" 200 79394 "-" "check_http/v2.2.1 (nagios-plugins 2.2.1)"
210.54.39.50 - - [09/Feb/2020:10:34:17 -0800] "GET / HTTP/1.1" 200 79394 "-" "check_http/v2.2.1 (nagios-plugins 2.2.1)"
54.36.148.245 - - [09/Feb/2020:10:38:02 -0800] "GET /robots.txt HTTP/1.1" 404 208 "-" "Mozilla/5.0 (compatible; AhrefsBot/6.1; +http://ahrefs.com/robot/)"
5.196.87.153 - - [09/Feb/2020:10:38:20 -0800] "GET / HTTP/1.1" 200 17429 "-" "Mozilla/5.0 (compatible; AhrefsBot/6.1; +http://ahrefs.com/robot/)"
210.54.39.50 - - [09/Feb/2020:10:39:16 -0800] "GET / HTTP/1.1" 200 79394 "-" "check_http/v2.2.1 (nagios-plugins 2.2.1)"
207.46.13.107 - - [09/Feb/2020:10:39:30 -0800] "GET /img/wu-wei/7.jpg HTTP/1.1" 200 293352 "-" "Mozilla/5.0 (compatible; bingbot/2.0; +http://www.bing.com/bingbot.htm)"
207.46.13.80 - - [09/Feb/2020:10:41:05 -0800] "GET /img/autumn/2.jpg HTTP/1.1" 200 292159 "-" "Mozilla/5.0 (compatible; bingbot/2.0; +http://www.bing.com/bingbot.htm)"
210.54.39.50 - - [09/Feb/2020:10:44:18 -0800] "GET / HTTP/1.1" 200 79394 "-" "check_http/v2.2.1 (nagios-plugins 2.2.1)"
210.54.39.50 - - [09/Feb/2020:10:49:16 -0800] "GET / HTTP/1.1" 200 79394 "-" "check_http/v2.2.1 (nagios-plugins 2.2.1)"
210.54.39.50 - - [09/Feb/2020:10:54:17 -0800] "GET / HTTP/1.1" 200 79394 "-" "check_http/v2.2.1 (nagios-plugins 2.2.1)"
207.46.13.107 - - [09/Feb/2020:10:57:59 -0800] "GET /img/wu-wei/7.jpg HTTP/1.1" 200 293352 "-" "Mozilla/5.0 (compatible; bingbot/2.0; +http://www.bing.com/bingbot.htm)"
210.54.39.50 - - [09/Feb/2020:10:59:15 -0800] "GET / HTTP/1.1" 200 79394 "-" "check_http/v2.2.1 (nagios-plugins 2.2.1)"
210.54.39.50 - - [09/Feb/2020:11:04:18 -0800] "GET / HTTP/1.1" 200 79394 "-" "check_http/v2.2.1 (nagios-plugins 2.2.1)"
210.54.39.50 - - [09/Feb/2020:11:09:16 -0800] "GET / HTTP/1.1" 200 79394 "-" "check_http/v2.2.1 (nagios-plugins 2.2.1)"
210.54.39.50 - - [09/Feb/2020:11:14:18 -0800] "GET / HTTP/1.1" 200 79394 "-" "check_http/v2.2.1 (nagios-plugins 2.2.1)"
157.55.39.205 - - [09/Feb/2020:11:16:08 -0800] "GET /img/oncekids-fujimini/thumbs/7.jpg HTTP/1.1" 200 39450 "-" "Mozilla/5.0 (compatible; bingbot/2.0; +http://www.bing.com/bingbot.htm)"
210.54.39.50 - - [09/Feb/2020:11:19:15 -0800] "GET / HTTP/1.1" 200 79394 "-" "check_http/v2.2.1 (nagios-plugins 2.2.1)"
210.54.39.50 - - [09/Feb/2020:11:24:17 -0800] "GET / HTTP/1.1" 200 79394 "-" "check_http/v2.2.1 (nagios-plugins 2.2.1)"
210.54.39.50 - - [09/Feb/2020:11:29:15 -0800] "GET / HTTP/1.1" 200 79394 "-" "check_http/v2.2.1 (nagios-plugins 2.2.1)"
207.46.13.107 - - [09/Feb/2020:11:30:15 -0800] "GET /img/wu-wei/7.jpg HTTP/1.1" 200 293352 "-" "Mozilla/5.0 (compatible; bingbot/2.0; +http://www.bing.com/bingbot.htm)"
207.46.13.80 - - [09/Feb/2020:11:31:34 -0800] "GET /img/oncekids-fujimini/thumbs/5.jpg HTTP/1.1" 200 26202 "-" "Mozilla/5.0 (compatible; bingbot/2.0; +http://www.bing.com/bingbot.htm)"
210.54.39.50 - - [09/Feb/2020:11:34:18 -0800] "GET / HTTP/1.1" 200 79394 "-" "check_http/v2.2.1 (nagios-plugins 2.2.1)"
210.54.39.50 - - [09/Feb/2020:11:39:16 -0800] "GET / HTTP/1.1" 200 79394 "-" "check_http/v2.2.1 (nagios-plugins 2.2.1)"
210.54.39.50 - - [09/Feb/2020:11:44:17 -0800] "GET / HTTP/1.1" 200 79394 "-" "check_http/v2.2.1 (nagios-plugins 2.2.1)"
210.54.39.50 - - [09/Feb/2020:11:49:15 -0800] "GET / HTTP/1.1" 200 79394 "-" "check_http/v2.2.1 (nagios-plugins 2.2.1)"
207.46.13.107 - - [09/Feb/2020:11:50:57 -0800] "GET /img/wu-wei/7.jpg HTTP/1.1" 200 293352 "-" "Mozilla/5.0 (compatible; bingbot/2.0; +http://www.bing.com/bingbot.htm)"
210.54.39.50 - - [09/Feb/2020:11:54:18 -0800] "GET / HTTP/1.1" 200 79394 "-" "check_http/v2.2.1 (nagios-plugins 2.2.1)"
210.54.39.50 - - [09/Feb/2020:11:59:15 -0800] "GET / HTTP/1.1" 200 79394 "-" "check_http/v2.2.1 (nagios-plugins 2.2.1)"
210.54.39.50 - - [09/Feb/2020:12:04:17 -0800] "GET / HTTP/1.1" 200 79394 "-" "check_http/v2.2.1 (nagios-plugins 2.2.1)"
210.54.39.50 - - [09/Feb/2020:12:09:16 -0800] "GET / HTTP/1.1" 200 79394 "-" "check_http/v2.2.1 (nagios-plugins 2.2.1)"
210.54.39.50 - - [09/Feb/2020:12:14:17 -0800] "GET / HTTP/1.1" 200 79394 "-" "check_http/v2.2.1 (nagios-plugins 2.2.1)"
207.46.13.80 - - [09/Feb/2020:12:15:18 -0800] "GET /img/autumn/2.jpg HTTP/1.1" 200 292159 "-" "Mozilla/5.0 (compatible; bingbot/2.0; +http://www.bing.com/bingbot.htm)"
210.54.39.50 - - [09/Feb/2020:12:19:15 -0800] "GET / HTTP/1.1" 200 79394 "-" "check_http/v2.2.1 (nagios-plugins 2.2.1)"
210.54.39.50 - - [09/Feb/2020:12:24:18 -0800] "GET / HTTP/1.1" 200 79394 "-" "check_http/v2.2.1 (nagios-plugins 2.2.1)"
210.54.39.50 - - [09/Feb/2020:12:29:15 -0800] "GET / HTTP/1.1" 200 79394 "-" "check_http/v2.2.1 (nagios-plugins 2.2.1)"
210.54.39.50 - - [09/Feb/2020:12:34:17 -0800] "GET / HTTP/1.1" 200 79394 "-" "check_http/v2.2.1 (nagios-plugins 2.2.1)"
210.54.39.50 - - [09/Feb/2020:12:39:16 -0800] "GET / HTTP/1.1" 200 79394 "-" "check_http/v2.2.1 (nagios-plugins 2.2.1)"
210.54.39.50 - - [09/Feb/2020:12:44:17 -0800] "GET / HTTP/1.1" 200 79394 "-" "check_http/v2.2.1 (nagios-plugins 2.2.1)"
210.54.39.50 - - [09/Feb/2020:12:49:15 -0800] "GET / HTTP/1.1" 200 79394 "-" "check_http/v2.2.1 (nagios-plugins 2.2.1)"
210.54.39.50 - - [09/Feb/2020:12:54:17 -0800] "GET / HTTP/1.1" 200 79394 "-" "check_http/v2.2.1 (nagios-plugins 2.2.1)"
210.54.39.50 - - [09/Feb/2020:12:59:16 -0800] "GET / HTTP/1.1" 200 79394 "-" "check_http/v2.2.1 (nagios-plugins 2.2.1)"
5.196.87.153 - - [09/Feb/2020:13:04:10 -0800] "GET / HTTP/1.1" 200 17429 "-" "Mozilla/5.0 (compatible; AhrefsBot/6.1; +http://ahrefs.com/robot/)"
210.54.39.50 - - [09/Feb/2020:13:04:17 -0800] "GET / HTTP/1.1" 200 79394 "-" "check_http/v2.2.1 (nagios-plugins 2.2.1)"
210.54.39.50 - - [09/Feb/2020:13:09:15 -0800] "GET / HTTP/1.1" 200 79394 "-" "check_http/v2.2.1 (nagios-plugins 2.2.1)"
210.54.39.50 - - [09/Feb/2020:13:14:17 -0800] "GET / HTTP/1.1" 200 79394 "-" "check_http/v2.2.1 (nagios-plugins 2.2.1)"
210.54.39.50 - - [09/Feb/2020:13:19:15 -0800] "GET / HTTP/1.1" 200 79394 "-" "check_http/v2.2.1 (nagios-plugins 2.2.1)"
210.54.39.50 - - [09/Feb/2020:13:24:17 -0800] "GET / HTTP/1.1" 200 79394 "-" "check_http/v2.2.1 (nagios-plugins 2.2.1)"
210.54.39.50 - - [09/Feb/2020:13:29:15 -0800] "GET / HTTP/1.1" 200 79394 "-" "check_http/v2.2.1 (nagios-plugins 2.2.1)"
210.54.39.50 - - [09/Feb/2020:13:34:17 -0800] "GET / HTTP/1.1" 200 79394 "-" "check_http/v2.2.1 (nagios-plugins 2.2.1)"
210.54.39.50 - - [09/Feb/2020:13:39:15 -0800] "GET / HTTP/1.1" 200 79394 "-" "check_http/v2.2.1 (nagios-plugins 2.2.1)"
210.54.39.50 - - [09/Feb/2020:13:44:18 -0800] "GET / HTTP/1.1" 200 79394 "-" "check_http/v2.2.1 (nagios-plugins 2.2.1)"
157.55.39.31 - - [09/Feb/2020:13:47:38 -0800] "GET /robots.txt HTTP/1.1" 404 208 "-" "Mozilla/5.0 (compatible; bingbot/2.0; +http://www.bing.com/bingbot.htm)"
157.55.39.31 - - [09/Feb/2020:13:47:38 -0800] "GET /robots.txt HTTP/1.1" 404 208 "-" "Mozilla/5.0 (compatible; bingbot/2.0; +http://www.bing.com/bingbot.htm)"
210.54.39.50 - - [09/Feb/2020:13:49:15 -0800] "GET / HTTP/1.1" 200 79394 "-" "check_http/v2.2.1 (nagios-plugins 2.2.1)"
210.54.39.50 - - [09/Feb/2020:13:54:17 -0800] "GET / HTTP/1.1" 200 79394 "-" "check_http/v2.2.1 (nagios-plugins 2.2.1)"
210.54.39.50 - - [09/Feb/2020:13:59:15 -0800] "GET / HTTP/1.1" 200 79394 "-" "check_http/v2.2.1 (nagios-plugins 2.2.1)"
210.54.39.50 - - [09/Feb/2020:14:04:17 -0800] "GET / HTTP/1.1" 200 79394 "-" "check_http/v2.2.1 (nagios-plugins 2.2.1)"
210.54.39.50 - - [09/Feb/2020:14:09:15 -0800] "GET / HTTP/1.1" 200 79394 "-" "check_http/v2.2.1 (nagios-plugins 2.2.1)"
210.54.39.50 - - [09/Feb/2020:14:14:18 -0800] "GET / HTTP/1.1" 200 79394 "-" "check_http/v2.2.1 (nagios-plugins 2.2.1)"
210.54.39.50 - - [09/Feb/2020:14:19:15 -0800] "GET / HTTP/1.1" 200 79394 "-" "check_http/v2.2.1 (nagios-plugins 2.2.1)"
210.54.39.50 - - [09/Feb/2020:14:24:17 -0800] "GET / HTTP/1.1" 200 79394 "-" "check_http/v2.2.1 (nagios-plugins 2.2.1)"
210.54.39.50 - - [09/Feb/2020:14:29:15 -0800] "GET / HTTP/1.1" 200 79394 "-" "check_http/v2.2.1 (nagios-plugins 2.2.1)"
210.54.39.50 - - [09/Feb/2020:14:34:17 -0800] "GET / HTTP/1.1" 200 79394 "-" "check_http/v2.2.1 (nagios-plugins 2.2.1)"
210.54.39.50 - - [09/Feb/2020:14:39:15 -0800] "GET / HTTP/1.1" 200 79394 "-" "check_http/v2.2.1 (nagios-plugins 2.2.1)"
210.54.39.50 - - [09/Feb/2020:14:44:17 -0800] "GET / HTTP/1.1" 200 79394 "-" "check_http/v2.2.1 (nagios-plugins 2.2.1)"
210.54.39.50 - - [09/Feb/2020:14:49:15 -0800] "GET / HTTP/1.1" 200 79394 "-" "check_http/v2.2.1 (nagios-plugins 2.2.1)"
210.54.39.50 - - [09/Feb/2020:14:54:17 -0800] "GET / HTTP/1.1" 200 79394 "-" "check_http/v2.2.1 (nagios-plugins 2.2.1)"
207.46.13.250 - - [09/Feb/2020:14:55:14 -0800] "GET /img/wu-wei/5.jpg HTTP/1.1" 200 220470 "-" "Mozilla/5.0 (compatible; bingbot/2.0; +http://www.bing.com/bingbot.htm)"
207.46.13.250 - - [09/Feb/2020:14:57:50 -0800] "GET /img/mixman/11.jpg HTTP/1.1" 200 114722 "-" "Mozilla/5.0 (compatible; bingbot/2.0; +http://www.bing.com/bingbot.htm)"
207.46.13.250 - - [09/Feb/2020:14:58:32 -0800] "GET /img/wu-wei/5.jpg HTTP/1.1" 200 220470 "-" "Mozilla/5.0 (compatible; bingbot/2.0; +http://www.bing.com/bingbot.htm)"
210.54.39.50 - - [09/Feb/2020:14:59:15 -0800] "GET / HTTP/1.1" 200 79394 "-" "check_http/v2.2.1 (nagios-plugins 2.2.1)"
210.54.39.50 - - [09/Feb/2020:15:04:18 -0800] "GET / HTTP/1.1" 200 79394 "-" "check_http/v2.2.1 (nagios-plugins 2.2.1)"
210.54.39.50 - - [09/Feb/2020:15:09:15 -0800] "GET / HTTP/1.1" 200 79394 "-" "check_http/v2.2.1 (nagios-plugins 2.2.1)"
207.46.13.250 - - [09/Feb/2020:15:13:25 -0800] "GET /img/mixman/11.jpg HTTP/1.1" 200 114722 "-" "Mozilla/5.0 (compatible; bingbot/2.0; +http://www.bing.com/bingbot.htm)"
210.54.39.50 - - [09/Feb/2020:15:14:17 -0800] "GET / HTTP/1.1" 200 79394 "-" "check_http/v2.2.1 (nagios-plugins 2.2.1)"
210.54.39.50 - - [09/Feb/2020:15:19:15 -0800] "GET / HTTP/1.1" 200 79394 "-" "check_http/v2.2.1 (nagios-plugins 2.2.1)"
210.54.39.50 - - [09/Feb/2020:15:24:17 -0800] "GET / HTTP/1.1" 200 79394 "-" "check_http/v2.2.1 (nagios-plugins 2.2.1)"
210.54.39.50 - - [09/Feb/2020:15:29:15 -0800] "GET / HTTP/1.1" 200 79394 "-" "check_http/v2.2.1 (nagios-plugins 2.2.1)"
210.54.39.50 - - [09/Feb/2020:15:34:17 -0800] "GET / HTTP/1.1" 200 79394 "-" "check_http/v2.2.1 (nagios-plugins 2.2.1)"
210.54.39.50 - - [09/Feb/2020:15:39:15 -0800] "GET / HTTP/1.1" 200 79394 "-" "check_http/v2.2.1 (nagios-plugins 2.2.1)"
210.54.39.50 - - [09/Feb/2020:15:44:17 -0800] "GET / HTTP/1.1" 200 79394 "-" "check_http/v2.2.1 (nagios-plugins 2.2.1)"
207.46.13.250 - - [09/Feb/2020:15:45:59 -0800] "GET /img/wu-wei/5.jpg HTTP/1.1" 200 220470 "-" "Mozilla/5.0 (compatible; bingbot/2.0; +http://www.bing.com/bingbot.htm)"
210.54.39.50 - - [09/Feb/2020:15:49:15 -0800] "GET / HTTP/1.1" 200 79394 "-" "check_http/v2.2.1 (nagios-plugins 2.2.1)"
40.77.167.119 - - [09/Feb/2020:15:50:27 -0800] "GET /img/autumn/2.jpg HTTP/1.1" 200 292159 "-" "Mozilla/5.0 (compatible; bingbot/2.0; +http://www.bing.com/bingbot.htm)"
210.54.39.50 - - [09/Feb/2020:15:54:17 -0800] "GET / HTTP/1.1" 200 79394 "-" "check_http/v2.2.1 (nagios-plugins 2.2.1)"
210.54.39.50 - - [09/Feb/2020:15:59:15 -0800] "GET / HTTP/1.1" 200 79394 "-" "check_http/v2.2.1 (nagios-plugins 2.2.1)"
210.54.39.50 - - [09/Feb/2020:16:04:17 -0800] "GET / HTTP/1.1" 200 79394 "-" "check_http/v2.2.1 (nagios-plugins 2.2.1)"
210.54.39.50 - - [09/Feb/2020:16:09:15 -0800] "GET / HTTP/1.1" 200 79394 "-" "check_http/v2.2.1 (nagios-plugins 2.2.1)"
207.46.13.250 - - [09/Feb/2020:16:13:02 -0800] "GET /img/wu-wei/5.jpg HTTP/1.1" 200 220470 "-" "Mozilla/5.0 (compatible; bingbot/2.0; +http://www.bing.com/bingbot.htm)"
210.54.39.50 - - [09/Feb/2020:16:14:17 -0800] "GET / HTTP/1.1" 200 79394 "-" "check_http/v2.2.1 (nagios-plugins 2.2.1)"
207.46.13.250 - - [09/Feb/2020:16:16:24 -0800] "GET /img/mixman/11.jpg HTTP/1.1" 200 114722 "-" "Mozilla/5.0 (compatible; bingbot/2.0; +http://www.bing.com/bingbot.htm)"
210.54.39.50 - - [09/Feb/2020:16:19:14 -0800] "GET / HTTP/1.1" 200 79394 "-" "check_http/v2.2.1 (nagios-plugins 2.2.1)"
210.54.39.50 - - [09/Feb/2020:16:24:16 -0800] "GET / HTTP/1.1" 200 79394 "-" "check_http/v2.2.1 (nagios-plugins 2.2.1)"
207.46.13.250 - - [09/Feb/2020:16:25:40 -0800] "GET /img/njn/5.jpg HTTP/1.1" 200 117364 "-" "Mozilla/5.0 (compatible; bingbot/2.0; +http://www.bing.com/bingbot.htm)"
210.54.39.50 - - [09/Feb/2020:16:29:15 -0800] "GET / HTTP/1.1" 200 79394 "-" "check_http/v2.2.1 (nagios-plugins 2.2.1)"
207.46.13.250 - - [09/Feb/2020:16:32:48 -0800] "GET /img/njn/5.jpg HTTP/1.1" 200 117364 "-" "Mozilla/5.0 (compatible; bingbot/2.0; +http://www.bing.com/bingbot.htm)"
210.54.39.50 - - [09/Feb/2020:16:34:17 -0800] "GET / HTTP/1.1" 200 79394 "-" "check_http/v2.2.1 (nagios-plugins 2.2.1)"
210.54.39.50 - - [09/Feb/2020:16:39:15 -0800] "GET / HTTP/1.1" 200 79394 "-" "check_http/v2.2.1 (nagios-plugins 2.2.1)"
210.54.39.50 - - [09/Feb/2020:16:44:17 -0800] "GET / HTTP/1.1" 200 79394 "-" "check_http/v2.2.1 (nagios-plugins 2.2.1)"
210.54.39.50 - - [09/Feb/2020:16:49:14 -0800] "GET / HTTP/1.1" 200 79394 "-" "check_http/v2.2.1 (nagios-plugins 2.2.1)"
210.54.39.50 - - [09/Feb/2020:16:54:16 -0800] "GET / HTTP/1.1" 200 79394 "-" "check_http/v2.2.1 (nagios-plugins 2.2.1)"
210.54.39.50 - - [09/Feb/2020:16:59:15 -0800] "GET / HTTP/1.1" 200 79394 "-" "check_http/v2.2.1 (nagios-plugins 2.2.1)"
210.54.39.50 - - [09/Feb/2020:17:04:17 -0800] "GET / HTTP/1.1" 200 79394 "-" "check_http/v2.2.1 (nagios-plugins 2.2.1)"
40.77.167.119 - - [09/Feb/2020:17:08:29 -0800] "GET /img/oncekids-fujimini/2.jpg HTTP/1.1" 200 99983 "-" "Mozilla/5.0 (compatible; bingbot/2.0; +http://www.bing.com/bingbot.htm)"
210.54.39.50 - - [09/Feb/2020:17:09:15 -0800] "GET / HTTP/1.1" 200 79394 "-" "check_http/v2.2.1 (nagios-plugins 2.2.1)"
210.54.39.50 - - [09/Feb/2020:17:14:17 -0800] "GET / HTTP/1.1" 200 79394 "-" "check_http/v2.2.1 (nagios-plugins 2.2.1)"
207.46.13.107 - - [09/Feb/2020:17:17:24 -0800] "GET /img/oncekids-fujimini/7.jpg HTTP/1.1" 200 153636 "-" "Mozilla/5.0 (compatible; bingbot/2.0; +http://www.bing.com/bingbot.htm)"
210.54.39.50 - - [09/Feb/2020:17:19:14 -0800] "GET / HTTP/1.1" 200 79394 "-" "check_http/v2.2.1 (nagios-plugins 2.2.1)"
210.54.39.50 - - [09/Feb/2020:17:24:16 -0800] "GET / HTTP/1.1" 200 79394 "-" "check_http/v2.2.1 (nagios-plugins 2.2.1)"
207.46.13.250 - - [09/Feb/2020:17:24:54 -0800] "GET /img/wu-wei/5.jpg HTTP/1.1" 200 220470 "-" "Mozilla/5.0 (compatible; bingbot/2.0; +http://www.bing.com/bingbot.htm)"
207.46.13.250 - - [09/Feb/2020:17:27:21 -0800] "GET /img/njn/5.jpg HTTP/1.1" 200 117364 "-" "Mozilla/5.0 (compatible; bingbot/2.0; +http://www.bing.com/bingbot.htm)"
210.54.39.50 - - [09/Feb/2020:17:29:15 -0800] "GET / HTTP/1.1" 200 79394 "-" "check_http/v2.2.1 (nagios-plugins 2.2.1)"
157.55.39.31 - - [09/Feb/2020:17:31:15 -0800] "GET /robots.txt HTTP/1.1" 404 208 "-" "Mozilla/5.0 (compatible; bingbot/2.0; +http://www.bing.com/bingbot.htm)"
157.55.39.31 - - [09/Feb/2020:17:31:15 -0800] "GET /robots.txt HTTP/1.1" 404 208 "-" "Mozilla/5.0 (compatible; bingbot/2.0; +http://www.bing.com/bingbot.htm)"
207.46.13.250 - - [09/Feb/2020:17:31:40 -0800] "GET / HTTP/1.1" 200 17429 "-" "Mozilla/5.0 (compatible; bingbot/2.0; +http://www.bing.com/bingbot.htm)"
210.54.39.50 - - [09/Feb/2020:17:34:17 -0800] "GET / HTTP/1.1" 200 79394 "-" "check_http/v2.2.1 (nagios-plugins 2.2.1)"
210.54.39.50 - - [09/Feb/2020:17:39:14 -0800] "GET / HTTP/1.1" 200 79394 "-" "check_http/v2.2.1 (nagios-plugins 2.2.1)"
210.54.39.50 - - [09/Feb/2020:17:44:16 -0800] "GET / HTTP/1.1" 200 79394 "-" "check_http/v2.2.1 (nagios-plugins 2.2.1)"
210.54.39.50 - - [09/Feb/2020:17:49:15 -0800] "GET / HTTP/1.1" 200 79394 "-" "check_http/v2.2.1 (nagios-plugins 2.2.1)"
210.54.39.50 - - [09/Feb/2020:17:54:16 -0800] "GET / HTTP/1.1" 200 79394 "-" "check_http/v2.2.1 (nagios-plugins 2.2.1)"
210.54.39.50 - - [09/Feb/2020:17:59:15 -0800] "GET / HTTP/1.1" 200 79394 "-" "check_http/v2.2.1 (nagios-plugins 2.2.1)"
66.249.70.61 - - [09/Feb/2020:18:01:28 -0800] "GET /robots.txt HTTP/1.1" 404 208 "-" "Mozilla/5.0 (compatible; Googlebot/2.1; +http://www.google.com/bot.html)"
66.249.70.57 - - [09/Feb/2020:18:01:28 -0800] "GET / HTTP/1.1" 200 17429 "-" "Mozilla/5.0 (Linux; Android 6.0.1; Nexus 5X Build/MMB29P) AppleWebKit/537.36 (KHTML, like Gecko) Chrome/41.0.2272.96 Mobile Safari/537.36 (compatible; Googlebot/2.1; +http://www.google.com/bot.html)"
66.249.70.57 - - [09/Feb/2020:18:01:31 -0800] "GET /js/scripts.js HTTP/1.1" 200 1227 "https://www.rndsquared.com/" "Mozilla/5.0 (Linux; Android 6.0.1; Nexus 5X Build/MMB29P) AppleWebKit/537.36 (KHTML, like Gecko) Chrome/79.0.3945.120 Mobile Safari/537.36 (compatible; Googlebot/2.1; +http://www.google.com/bot.html)"
66.249.70.61 - - [09/Feb/2020:18:01:31 -0800] "GET /css/lightbox.css HTTP/1.1" 200 1003 "https://www.rndsquared.com/" "Mozilla/5.0 (Linux; Android 6.0.1; Nexus 5X Build/MMB29P) AppleWebKit/537.36 (KHTML, like Gecko) Chrome/79.0.3945.120 Mobile Safari/537.36 (compatible; Googlebot/2.1; +http://www.google.com/bot.html)"
66.249.70.59 - - [09/Feb/2020:18:01:32 -0800] "GET /js/modernizr.js HTTP/1.1" 200 5933 "https://www.rndsquared.com/" "Mozilla/5.0 (Linux; Android 6.0.1; Nexus 5X Build/MMB29P) AppleWebKit/537.36 (KHTML, like Gecko) Chrome/79.0.3945.120 Mobile Safari/537.36 (compatible; Googlebot/2.1; +http://www.google.com/bot.html)"
210.54.39.50 - - [09/Feb/2020:18:04:17 -0800] "GET / HTTP/1.1" 200 79394 "-" "check_http/v2.2.1 (nagios-plugins 2.2.1)"
210.54.39.50 - - [09/Feb/2020:18:09:14 -0800] "GET / HTTP/1.1" 200 79394 "-" "check_http/v2.2.1 (nagios-plugins 2.2.1)"
210.54.39.50 - - [09/Feb/2020:18:14:16 -0800] "GET / HTTP/1.1" 200 79394 "-" "check_http/v2.2.1 (nagios-plugins 2.2.1)"
157.55.39.205 - - [09/Feb/2020:18:16:48 -0800] "GET /img/oncekids-fujimini/thumbs/7.jpg HTTP/1.1" 200 39450 "-" "Mozilla/5.0 (compatible; bingbot/2.0; +http://www.bing.com/bingbot.htm)"
210.54.39.50 - - [09/Feb/2020:18:19:15 -0800] "GET / HTTP/1.1" 200 79394 "-" "check_http/v2.2.1 (nagios-plugins 2.2.1)"
210.54.39.50 - - [09/Feb/2020:18:24:16 -0800] "GET / HTTP/1.1" 200 79394 "-" "check_http/v2.2.1 (nagios-plugins 2.2.1)"
210.54.39.50 - - [09/Feb/2020:18:29:15 -0800] "GET / HTTP/1.1" 200 79394 "-" "check_http/v2.2.1 (nagios-plugins 2.2.1)"
210.54.39.50 - - [09/Feb/2020:18:34:17 -0800] "GET / HTTP/1.1" 200 79394 "-" "check_http/v2.2.1 (nagios-plugins 2.2.1)"
210.54.39.50 - - [09/Feb/2020:18:39:14 -0800] "GET / HTTP/1.1" 200 79394 "-" "check_http/v2.2.1 (nagios-plugins 2.2.1)"
210.54.39.50 - - [09/Feb/2020:18:44:16 -0800] "GET / HTTP/1.1" 200 79394 "-" "check_http/v2.2.1 (nagios-plugins 2.2.1)"
210.54.39.50 - - [09/Feb/2020:18:49:15 -0800] "GET / HTTP/1.1" 200 79394 "-" "check_http/v2.2.1 (nagios-plugins 2.2.1)"
210.54.39.50 - - [09/Feb/2020:18:54:17 -0800] "GET / HTTP/1.1" 200 79394 "-" "check_http/v2.2.1 (nagios-plugins 2.2.1)"
138.197.13.157 - - [09/Feb/2020:18:54:20 -0800] "GET / HTTP/1.1" 200 79394 "-" "-"
210.54.39.50 - - [09/Feb/2020:18:59:15 -0800] "GET / HTTP/1.1" 200 79394 "-" "check_http/v2.2.1 (nagios-plugins 2.2.1)"
210.54.39.50 - - [09/Feb/2020:19:04:17 -0800] "GET / HTTP/1.1" 200 79394 "-" "check_http/v2.2.1 (nagios-plugins 2.2.1)"
210.54.39.50 - - [09/Feb/2020:19:09:14 -0800] "GET / HTTP/1.1" 200 79394 "-" "check_http/v2.2.1 (nagios-plugins 2.2.1)"
210.54.39.50 - - [09/Feb/2020:19:14:16 -0800] "GET / HTTP/1.1" 200 79394 "-" "check_http/v2.2.1 (nagios-plugins 2.2.1)"
210.54.39.50 - - [09/Feb/2020:19:19:14 -0800] "GET / HTTP/1.1" 200 79394 "-" "check_http/v2.2.1 (nagios-plugins 2.2.1)"
210.54.39.50 - - [09/Feb/2020:19:24:17 -0800] "GET / HTTP/1.1" 200 79394 "-" "check_http/v2.2.1 (nagios-plugins 2.2.1)"
210.54.39.50 - - [09/Feb/2020:19:29:15 -0800] "GET / HTTP/1.1" 200 79394 "-" "check_http/v2.2.1 (nagios-plugins 2.2.1)"
210.54.39.50 - - [09/Feb/2020:19:34:16 -0800] "GET / HTTP/1.1" 200 79394 "-" "check_http/v2.2.1 (nagios-plugins 2.2.1)"
210.54.39.50 - - [09/Feb/2020:19:39:14 -0800] "GET / HTTP/1.1" 200 79394 "-" "check_http/v2.2.1 (nagios-plugins 2.2.1)"
210.54.39.50 - - [09/Feb/2020:19:44:16 -0800] "GET / HTTP/1.1" 200 79394 "-" "check_http/v2.2.1 (nagios-plugins 2.2.1)"
210.54.39.50 - - [09/Feb/2020:19:49:15 -0800] "GET / HTTP/1.1" 200 79394 "-" "check_http/v2.2.1 (nagios-plugins 2.2.1)"
210.54.39.50 - - [09/Feb/2020:19:54:17 -0800] "GET / HTTP/1.1" 200 79394 "-" "check_http/v2.2.1 (nagios-plugins 2.2.1)"
210.54.39.50 - - [09/Feb/2020:19:59:14 -0800] "GET / HTTP/1.1" 200 79394 "-" "check_http/v2.2.1 (nagios-plugins 2.2.1)"
210.54.39.50 - - [09/Feb/2020:20:04:16 -0800] "GET / HTTP/1.1" 200 79394 "-" "check_http/v2.2.1 (nagios-plugins 2.2.1)"
157.55.39.31 - - [09/Feb/2020:20:04:28 -0800] "GET /robots.txt HTTP/1.1" 404 208 "-" "Mozilla/5.0 (compatible; bingbot/2.0; +http://www.bing.com/bingbot.htm)"
157.55.39.31 - - [09/Feb/2020:20:04:28 -0800] "GET /robots.txt HTTP/1.1" 404 208 "-" "Mozilla/5.0 (compatible; bingbot/2.0; +http://www.bing.com/bingbot.htm)"
207.46.13.250 - - [09/Feb/2020:20:05:51 -0800] "GET /img/wu-wei/5.jpg HTTP/1.1" 200 220470 "-" "Mozilla/5.0 (compatible; bingbot/2.0; +http://www.bing.com/bingbot.htm)"
210.54.39.50 - - [09/Feb/2020:20:09:14 -0800] "GET / HTTP/1.1" 200 79394 "-" "check_http/v2.2.1 (nagios-plugins 2.2.1)"
207.46.13.250 - - [09/Feb/2020:20:12:17 -0800] "GET /img/wu-wei/3.jpg HTTP/1.1" 200 173337 "-" "Mozilla/5.0 (compatible; bingbot/2.0; +http://www.bing.com/bingbot.htm)"
210.54.39.50 - - [09/Feb/2020:20:14:17 -0800] "GET / HTTP/1.1" 200 79394 "-" "check_http/v2.2.1 (nagios-plugins 2.2.1)"
207.46.13.250 - - [09/Feb/2020:20:17:07 -0800] "GET /img/wu-wei/3.jpg HTTP/1.1" 200 173337 "-" "Mozilla/5.0 (compatible; bingbot/2.0; +http://www.bing.com/bingbot.htm)"
210.54.39.50 - - [09/Feb/2020:20:19:15 -0800] "GET / HTTP/1.1" 200 79394 "-" "check_http/v2.2.1 (nagios-plugins 2.2.1)"
210.54.39.50 - - [09/Feb/2020:20:24:16 -0800] "GET / HTTP/1.1" 200 79394 "-" "check_http/v2.2.1 (nagios-plugins 2.2.1)"
210.54.39.50 - - [09/Feb/2020:20:29:14 -0800] "GET / HTTP/1.1" 200 79394 "-" "check_http/v2.2.1 (nagios-plugins 2.2.1)"
210.54.39.50 - - [09/Feb/2020:20:34:16 -0800] "GET / HTTP/1.1" 200 79394 "-" "check_http/v2.2.1 (nagios-plugins 2.2.1)"
210.54.39.50 - - [09/Feb/2020:20:39:14 -0800] "GET / HTTP/1.1" 200 79394 "-" "check_http/v2.2.1 (nagios-plugins 2.2.1)"
210.54.39.50 - - [09/Feb/2020:20:44:16 -0800] "GET / HTTP/1.1" 200 79394 "-" "check_http/v2.2.1 (nagios-plugins 2.2.1)"
210.54.39.50 - - [09/Feb/2020:20:49:14 -0800] "GET / HTTP/1.1" 200 79394 "-" "check_http/v2.2.1 (nagios-plugins 2.2.1)"
210.54.39.50 - - [09/Feb/2020:20:54:16 -0800] "GET / HTTP/1.1" 200 79394 "-" "check_http/v2.2.1 (nagios-plugins 2.2.1)"
210.54.39.50 - - [09/Feb/2020:20:59:14 -0800] "GET / HTTP/1.1" 200 79394 "-" "check_http/v2.2.1 (nagios-plugins 2.2.1)"
210.54.39.50 - - [09/Feb/2020:21:04:17 -0800] "GET / HTTP/1.1" 200 79394 "-" "check_http/v2.2.1 (nagios-plugins 2.2.1)"
210.54.39.50 - - [09/Feb/2020:21:09:15 -0800] "GET / HTTP/1.1" 200 79394 "-" "check_http/v2.2.1 (nagios-plugins 2.2.1)"
210.54.39.50 - - [09/Feb/2020:21:14:16 -0800] "GET / HTTP/1.1" 200 79394 "-" "check_http/v2.2.1 (nagios-plugins 2.2.1)"
210.54.39.50 - - [09/Feb/2020:21:19:14 -0800] "GET / HTTP/1.1" 200 79394 "-" "check_http/v2.2.1 (nagios-plugins 2.2.1)"
210.54.39.50 - - [09/Feb/2020:21:24:16 -0800] "GET / HTTP/1.1" 200 79394 "-" "check_http/v2.2.1 (nagios-plugins 2.2.1)"
210.54.39.50 - - [09/Feb/2020:21:29:14 -0800] "GET / HTTP/1.1" 200 79394 "-" "check_http/v2.2.1 (nagios-plugins 2.2.1)"
210.54.39.50 - - [09/Feb/2020:21:34:16 -0800] "GET / HTTP/1.1" 200 79394 "-" "check_http/v2.2.1 (nagios-plugins 2.2.1)"
210.54.39.50 - - [09/Feb/2020:21:39:14 -0800] "GET / HTTP/1.1" 200 79394 "-" "check_http/v2.2.1 (nagios-plugins 2.2.1)"
210.54.39.50 - - [09/Feb/2020:21:44:16 -0800] "GET / HTTP/1.1" 200 79394 "-" "check_http/v2.2.1 (nagios-plugins 2.2.1)"
210.54.39.50 - - [09/Feb/2020:21:49:14 -0800] "GET / HTTP/1.1" 200 79394 "-" "check_http/v2.2.1 (nagios-plugins 2.2.1)"
210.54.39.50 - - [09/Feb/2020:21:54:16 -0800] "GET / HTTP/1.1" 200 79394 "-" "check_http/v2.2.1 (nagios-plugins 2.2.1)"
210.54.39.50 - - [09/Feb/2020:21:59:15 -0800] "GET / HTTP/1.1" 200 79394 "-" "check_http/v2.2.1 (nagios-plugins 2.2.1)"
210.54.39.50 - - [09/Feb/2020:22:04:16 -0800] "GET / HTTP/1.1" 200 79394 "-" "check_http/v2.2.1 (nagios-plugins 2.2.1)"
210.54.39.50 - - [09/Feb/2020:22:09:14 -0800] "GET / HTTP/1.1" 200 79394 "-" "check_http/v2.2.1 (nagios-plugins 2.2.1)"
210.54.39.50 - - [09/Feb/2020:22:14:16 -0800] "GET / HTTP/1.1" 200 79394 "-" "check_http/v2.2.1 (nagios-plugins 2.2.1)"
210.54.39.50 - - [09/Feb/2020:22:19:14 -0800] "GET / HTTP/1.1" 200 79394 "-" "check_http/v2.2.1 (nagios-plugins 2.2.1)"
210.54.39.50 - - [09/Feb/2020:22:24:16 -0800] "GET / HTTP/1.1" 200 79394 "-" "check_http/v2.2.1 (nagios-plugins 2.2.1)"
210.54.39.50 - - [09/Feb/2020:22:29:14 -0800] "GET / HTTP/1.1" 200 79394 "-" "check_http/v2.2.1 (nagios-plugins 2.2.1)"
210.54.39.50 - - [09/Feb/2020:22:34:16 -0800] "GET / HTTP/1.1" 200 79394 "-" "check_http/v2.2.1 (nagios-plugins 2.2.1)"
210.54.39.50 - - [09/Feb/2020:22:39:14 -0800] "GET / HTTP/1.1" 200 79394 "-" "check_http/v2.2.1 (nagios-plugins 2.2.1)"
210.54.39.50 - - [09/Feb/2020:22:44:16 -0800] "GET / HTTP/1.1" 200 79394 "-" "check_http/v2.2.1 (nagios-plugins 2.2.1)"
210.54.39.50 - - [09/Feb/2020:22:49:14 -0800] "GET / HTTP/1.1" 200 79394 "-" "check_http/v2.2.1 (nagios-plugins 2.2.1)"
210.54.39.50 - - [09/Feb/2020:22:54:17 -0800] "GET / HTTP/1.1" 200 79394 "-" "check_http/v2.2.1 (nagios-plugins 2.2.1)"
210.54.39.50 - - [09/Feb/2020:22:59:14 -0800] "GET / HTTP/1.1" 200 79394 "-" "check_http/v2.2.1 (nagios-plugins 2.2.1)"
210.54.39.50 - - [09/Feb/2020:23:04:16 -0800] "GET / HTTP/1.1" 200 79394 "-" "check_http/v2.2.1 (nagios-plugins 2.2.1)"
207.46.13.107 - - [09/Feb/2020:23:08:05 -0800] "GET /img/wu-wei/7.jpg HTTP/1.1" 200 293352 "-" "Mozilla/5.0 (compatible; bingbot/2.0; +http://www.bing.com/bingbot.htm)"
210.54.39.50 - - [09/Feb/2020:23:09:14 -0800] "GET / HTTP/1.1" 200 79394 "-" "check_http/v2.2.1 (nagios-plugins 2.2.1)"
210.54.39.50 - - [09/Feb/2020:23:14:16 -0800] "GET / HTTP/1.1" 200 79394 "-" "check_http/v2.2.1 (nagios-plugins 2.2.1)"
210.54.39.50 - - [09/Feb/2020:23:19:14 -0800] "GET / HTTP/1.1" 200 79394 "-" "check_http/v2.2.1 (nagios-plugins 2.2.1)"
210.54.39.50 - - [09/Feb/2020:23:24:16 -0800] "GET / HTTP/1.1" 200 79394 "-" "check_http/v2.2.1 (nagios-plugins 2.2.1)"
210.54.39.50 - - [09/Feb/2020:23:29:14 -0800] "GET / HTTP/1.1" 200 79394 "-" "check_http/v2.2.1 (nagios-plugins 2.2.1)"
210.54.39.50 - - [09/Feb/2020:23:34:16 -0800] "GET / HTTP/1.1" 200 79394 "-" "check_http/v2.2.1 (nagios-plugins 2.2.1)"
210.54.39.50 - - [09/Feb/2020:23:39:13 -0800] "GET / HTTP/1.1" 200 79394 "-" "check_http/v2.2.1 (nagios-plugins 2.2.1)"
210.54.39.50 - - [09/Feb/2020:23:44:15 -0800] "GET / HTTP/1.1" 200 79394 "-" "check_http/v2.2.1 (nagios-plugins 2.2.1)"
210.54.39.50 - - [09/Feb/2020:23:49:14 -0800] "GET / HTTP/1.1" 200 79394 "-" "check_http/v2.2.1 (nagios-plugins 2.2.1)"
210.54.39.50 - - [09/Feb/2020:23:54:16 -0800] "GET / HTTP/1.1" 200 79394 "-" "check_http/v2.2.1 (nagios-plugins 2.2.1)"
210.54.39.50 - - [09/Feb/2020:23:59:14 -0800] "GET / HTTP/1.1" 200 79394 "-" "check_http/v2.2.1 (nagios-plugins 2.2.1)"
210.54.39.50 - - [10/Feb/2020:00:04:16 -0800] "GET / HTTP/1.1" 200 79394 "-" "check_http/v2.2.1 (nagios-plugins 2.2.1)"
210.54.39.50 - - [10/Feb/2020:00:09:14 -0800] "GET / HTTP/1.1" 200 79394 "-" "check_http/v2.2.1 (nagios-plugins 2.2.1)"
210.54.39.50 - - [10/Feb/2020:00:14:15 -0800] "GET / HTTP/1.1" 200 79394 "-" "check_http/v2.2.1 (nagios-plugins 2.2.1)"
40.77.167.119 - - [10/Feb/2020:00:15:13 -0800] "GET /img/autumn/2.jpg HTTP/1.1" 200 292159 "-" "Mozilla/5.0 (compatible; bingbot/2.0; +http://www.bing.com/bingbot.htm)"
210.54.39.50 - - [10/Feb/2020:00:19:14 -0800] "GET / HTTP/1.1" 200 79394 "-" "check_http/v2.2.1 (nagios-plugins 2.2.1)"
210.54.39.50 - - [10/Feb/2020:00:24:16 -0800] "GET / HTTP/1.1" 200 79394 "-" "check_http/v2.2.1 (nagios-plugins 2.2.1)"
210.54.39.50 - - [10/Feb/2020:00:29:14 -0800] "GET / HTTP/1.1" 200 79394 "-" "check_http/v2.2.1 (nagios-plugins 2.2.1)"
210.54.39.50 - - [10/Feb/2020:00:34:16 -0800] "GET / HTTP/1.1" 200 79394 "-" "check_http/v2.2.1 (nagios-plugins 2.2.1)"
210.54.39.50 - - [10/Feb/2020:00:39:14 -0800] "GET / HTTP/1.1" 200 79394 "-" "check_http/v2.2.1 (nagios-plugins 2.2.1)"
210.54.39.50 - - [10/Feb/2020:00:44:15 -0800] "GET / HTTP/1.1" 200 79394 "-" "check_http/v2.2.1 (nagios-plugins 2.2.1)"
210.54.39.50 - - [10/Feb/2020:00:49:14 -0800] "GET / HTTP/1.1" 200 79394 "-" "check_http/v2.2.1 (nagios-plugins 2.2.1)"
210.54.39.50 - - [10/Feb/2020:00:54:16 -0800] "GET / HTTP/1.1" 200 79394 "-" "check_http/v2.2.1 (nagios-plugins 2.2.1)"
210.54.39.50 - - [10/Feb/2020:00:59:13 -0800] "GET / HTTP/1.1" 200 79394 "-" "check_http/v2.2.1 (nagios-plugins 2.2.1)"
210.54.39.50 - - [10/Feb/2020:01:04:16 -0800] "GET / HTTP/1.1" 200 79394 "-" "check_http/v2.2.1 (nagios-plugins 2.2.1)"
210.54.39.50 - - [10/Feb/2020:01:09:14 -0800] "GET / HTTP/1.1" 200 79394 "-" "check_http/v2.2.1 (nagios-plugins 2.2.1)"
210.54.39.50 - - [10/Feb/2020:01:14:15 -0800] "GET / HTTP/1.1" 200 79394 "-" "check_http/v2.2.1 (nagios-plugins 2.2.1)"
210.54.39.50 - - [10/Feb/2020:01:19:14 -0800] "GET / HTTP/1.1" 200 79394 "-" "check_http/v2.2.1 (nagios-plugins 2.2.1)"
210.54.39.50 - - [10/Feb/2020:01:24:16 -0800] "GET / HTTP/1.1" 200 79394 "-" "check_http/v2.2.1 (nagios-plugins 2.2.1)"
210.54.39.50 - - [10/Feb/2020:01:29:13 -0800] "GET / HTTP/1.1" 200 79394 "-" "check_http/v2.2.1 (nagios-plugins 2.2.1)"
210.54.39.50 - - [10/Feb/2020:01:34:16 -0800] "GET / HTTP/1.1" 200 79394 "-" "check_http/v2.2.1 (nagios-plugins 2.2.1)"
207.46.13.250 - - [10/Feb/2020:01:37:12 -0800] "GET /img/wu-wei/3.jpg HTTP/1.1" 200 173337 "-" "Mozilla/5.0 (compatible; bingbot/2.0; +http://www.bing.com/bingbot.htm)"
210.54.39.50 - - [10/Feb/2020:01:39:14 -0800] "GET / HTTP/1.1" 200 79394 "-" "check_http/v2.2.1 (nagios-plugins 2.2.1)"
54.36.148.229 - - [10/Feb/2020:01:40:38 -0800] "GET /robots.txt HTTP/1.1" 404 208 "-" "Mozilla/5.0 (compatible; AhrefsBot/6.1; +http://ahrefs.com/robot/)"
54.36.150.92 - - [10/Feb/2020:01:40:39 -0800] "GET /img/autumn/5.jpg HTTP/1.1" 200 180877 "-" "Mozilla/5.0 (compatible; AhrefsBot/6.1; +http://ahrefs.com/robot/)"
210.54.39.50 - - [10/Feb/2020:01:44:15 -0800] "GET / HTTP/1.1" 200 79394 "-" "check_http/v2.2.1 (nagios-plugins 2.2.1)"
40.77.167.119 - - [10/Feb/2020:01:46:13 -0800] "GET /img/autumn/2.jpg HTTP/1.1" 200 292159 "-" "Mozilla/5.0 (compatible; bingbot/2.0; +http://www.bing.com/bingbot.htm)"
210.54.39.50 - - [10/Feb/2020:01:49:14 -0800] "GET / HTTP/1.1" 200 79394 "-" "check_http/v2.2.1 (nagios-plugins 2.2.1)"
210.54.39.50 - - [10/Feb/2020:01:54:16 -0800] "GET / HTTP/1.1" 200 79394 "-" "check_http/v2.2.1 (nagios-plugins 2.2.1)"
210.54.39.50 - - [10/Feb/2020:01:59:13 -0800] "GET / HTTP/1.1" 200 79394 "-" "check_http/v2.2.1 (nagios-plugins 2.2.1)"
210.54.39.50 - - [10/Feb/2020:02:04:15 -0800] "GET / HTTP/1.1" 200 79394 "-" "check_http/v2.2.1 (nagios-plugins 2.2.1)"
210.54.39.50 - - [10/Feb/2020:02:09:14 -0800] "GET / HTTP/1.1" 200 79394 "-" "check_http/v2.2.1 (nagios-plugins 2.2.1)"
210.54.39.50 - - [10/Feb/2020:02:14:15 -0800] "GET / HTTP/1.1" 200 79394 "-" "check_http/v2.2.1 (nagios-plugins 2.2.1)"
210.54.39.50 - - [10/Feb/2020:02:19:14 -0800] "GET / HTTP/1.1" 200 79394 "-" "check_http/v2.2.1 (nagios-plugins 2.2.1)"
210.54.39.50 - - [10/Feb/2020:02:24:16 -0800] "GET / HTTP/1.1" 200 79394 "-" "check_http/v2.2.1 (nagios-plugins 2.2.1)"
207.46.13.107 - - [10/Feb/2020:02:26:14 -0800] "GET /img/wu-wei/7.jpg HTTP/1.1" 200 293352 "-" "Mozilla/5.0 (compatible; bingbot/2.0; +http://www.bing.com/bingbot.htm)"
210.54.39.50 - - [10/Feb/2020:02:29:13 -0800] "GET / HTTP/1.1" 200 79394 "-" "check_http/v2.2.1 (nagios-plugins 2.2.1)"
210.54.39.50 - - [10/Feb/2020:02:34:15 -0800] "GET / HTTP/1.1" 200 79394 "-" "check_http/v2.2.1 (nagios-plugins 2.2.1)"
210.54.39.50 - - [10/Feb/2020:02:39:14 -0800] "GET / HTTP/1.1" 200 79394 "-" "check_http/v2.2.1 (nagios-plugins 2.2.1)"
210.54.39.50 - - [10/Feb/2020:02:44:16 -0800] "GET / HTTP/1.1" 200 79394 "-" "check_http/v2.2.1 (nagios-plugins 2.2.1)"
210.54.39.50 - - [10/Feb/2020:02:49:13 -0800] "GET / HTTP/1.1" 200 79394 "-" "check_http/v2.2.1 (nagios-plugins 2.2.1)"
210.54.39.50 - - [10/Feb/2020:02:54:16 -0800] "GET / HTTP/1.1" 200 79394 "-" "check_http/v2.2.1 (nagios-plugins 2.2.1)"
210.54.39.50 - - [10/Feb/2020:02:59:13 -0800] "GET / HTTP/1.1" 200 79394 "-" "check_http/v2.2.1 (nagios-plugins 2.2.1)"
210.54.39.50 - - [10/Feb/2020:03:04:15 -0800] "GET / HTTP/1.1" 200 79394 "-" "check_http/v2.2.1 (nagios-plugins 2.2.1)"
210.54.39.50 - - [10/Feb/2020:03:09:14 -0800] "GET / HTTP/1.1" 200 79394 "-" "check_http/v2.2.1 (nagios-plugins 2.2.1)"
210.54.39.50 - - [10/Feb/2020:03:14:16 -0800] "GET / HTTP/1.1" 200 79394 "-" "check_http/v2.2.1 (nagios-plugins 2.2.1)"
210.54.39.50 - - [10/Feb/2020:03:19:13 -0800] "GET / HTTP/1.1" 200 79394 "-" "check_http/v2.2.1 (nagios-plugins 2.2.1)"
210.54.39.50 - - [10/Feb/2020:03:24:15 -0800] "GET / HTTP/1.1" 200 79394 "-" "check_http/v2.2.1 (nagios-plugins 2.2.1)"
210.54.39.50 - - [10/Feb/2020:03:29:13 -0800] "GET / HTTP/1.1" 200 79394 "-" "check_http/v2.2.1 (nagios-plugins 2.2.1)"
210.54.39.50 - - [10/Feb/2020:03:34:15 -0800] "GET / HTTP/1.1" 200 79394 "-" "check_http/v2.2.1 (nagios-plugins 2.2.1)"
210.54.39.50 - - [10/Feb/2020:03:39:14 -0800] "GET / HTTP/1.1" 200 79394 "-" "check_http/v2.2.1 (nagios-plugins 2.2.1)"
210.54.39.50 - - [10/Feb/2020:03:44:16 -0800] "GET / HTTP/1.1" 200 79394 "-" "check_http/v2.2.1 (nagios-plugins 2.2.1)"
210.54.39.50 - - [10/Feb/2020:03:49:13 -0800] "GET / HTTP/1.1" 200 79394 "-" "check_http/v2.2.1 (nagios-plugins 2.2.1)"
210.54.39.50 - - [10/Feb/2020:03:54:15 -0800] "GET / HTTP/1.1" 200 79394 "-" "check_http/v2.2.1 (nagios-plugins 2.2.1)"
210.54.39.50 - - [10/Feb/2020:03:59:13 -0800] "GET / HTTP/1.1" 200 79394 "-" "check_http/v2.2.1 (nagios-plugins 2.2.1)"
210.54.39.50 - - [10/Feb/2020:04:04:15 -0800] "GET / HTTP/1.1" 200 79394 "-" "check_http/v2.2.1 (nagios-plugins 2.2.1)"
210.54.39.50 - - [10/Feb/2020:04:09:14 -0800] "GET / HTTP/1.1" 200 79394 "-" "check_http/v2.2.1 (nagios-plugins 2.2.1)"
40.77.167.119 - - [10/Feb/2020:04:13:06 -0800] "GET /img/autumn/2.jpg HTTP/1.1" 200 292159 "-" "Mozilla/5.0 (compatible; bingbot/2.0; +http://www.bing.com/bingbot.htm)"
210.54.39.50 - - [10/Feb/2020:04:14:15 -0800] "GET / HTTP/1.1" 200 79394 "-" "check_http/v2.2.1 (nagios-plugins 2.2.1)"
210.54.39.50 - - [10/Feb/2020:04:19:13 -0800] "GET / HTTP/1.1" 200 79394 "-" "check_http/v2.2.1 (nagios-plugins 2.2.1)"
210.54.39.50 - - [10/Feb/2020:04:24:15 -0800] "GET / HTTP/1.1" 200 79394 "-" "check_http/v2.2.1 (nagios-plugins 2.2.1)"
210.54.39.50 - - [10/Feb/2020:04:29:13 -0800] "GET / HTTP/1.1" 200 79394 "-" "check_http/v2.2.1 (nagios-plugins 2.2.1)"
210.54.39.50 - - [10/Feb/2020:04:34:15 -0800] "GET / HTTP/1.1" 200 79394 "-" "check_http/v2.2.1 (nagios-plugins 2.2.1)"
210.54.39.50 - - [10/Feb/2020:04:39:13 -0800] "GET / HTTP/1.1" 200 79394 "-" "check_http/v2.2.1 (nagios-plugins 2.2.1)"
210.54.39.50 - - [10/Feb/2020:04:44:15 -0800] "GET / HTTP/1.1" 200 79394 "-" "check_http/v2.2.1 (nagios-plugins 2.2.1)"
210.54.39.50 - - [10/Feb/2020:04:49:13 -0800] "GET / HTTP/1.1" 200 79394 "-" "check_http/v2.2.1 (nagios-plugins 2.2.1)"
210.54.39.50 - - [10/Feb/2020:04:54:15 -0800] "GET / HTTP/1.1" 200 79394 "-" "check_http/v2.2.1 (nagios-plugins 2.2.1)"
210.54.39.50 - - [10/Feb/2020:04:59:14 -0800] "GET / HTTP/1.1" 200 79394 "-" "check_http/v2.2.1 (nagios-plugins 2.2.1)"
210.54.39.50 - - [10/Feb/2020:05:04:16 -0800] "GET / HTTP/1.1" 200 79394 "-" "check_http/v2.2.1 (nagios-plugins 2.2.1)"
210.54.39.50 - - [10/Feb/2020:05:09:13 -0800] "GET / HTTP/1.1" 200 79394 "-" "check_http/v2.2.1 (nagios-plugins 2.2.1)"
210.54.39.50 - - [10/Feb/2020:05:14:15 -0800] "GET / HTTP/1.1" 200 79394 "-" "check_http/v2.2.1 (nagios-plugins 2.2.1)"
210.54.39.50 - - [10/Feb/2020:05:19:13 -0800] "GET / HTTP/1.1" 200 79394 "-" "check_http/v2.2.1 (nagios-plugins 2.2.1)"
210.54.39.50 - - [10/Feb/2020:05:24:15 -0800] "GET / HTTP/1.1" 200 79394 "-" "check_http/v2.2.1 (nagios-plugins 2.2.1)"
210.54.39.50 - - [10/Feb/2020:05:29:13 -0800] "GET / HTTP/1.1" 200 79394 "-" "check_http/v2.2.1 (nagios-plugins 2.2.1)"
210.54.39.50 - - [10/Feb/2020:05:34:15 -0800] "GET / HTTP/1.1" 200 79394 "-" "check_http/v2.2.1 (nagios-plugins 2.2.1)"
210.54.39.50 - - [10/Feb/2020:05:39:13 -0800] "GET / HTTP/1.1" 200 79394 "-" "check_http/v2.2.1 (nagios-plugins 2.2.1)"
210.54.39.50 - - [10/Feb/2020:05:44:15 -0800] "GET / HTTP/1.1" 200 79394 "-" "check_http/v2.2.1 (nagios-plugins 2.2.1)"
210.54.39.50 - - [10/Feb/2020:05:49:13 -0800] "GET / HTTP/1.1" 200 79394 "-" "check_http/v2.2.1 (nagios-plugins 2.2.1)"
210.54.39.50 - - [10/Feb/2020:05:54:15 -0800] "GET / HTTP/1.1" 200 79394 "-" "check_http/v2.2.1 (nagios-plugins 2.2.1)"
207.46.13.250 - - [10/Feb/2020:05:58:20 -0800] "GET /img/wu-wei/5.jpg HTTP/1.1" 200 220470 "-" "Mozilla/5.0 (compatible; bingbot/2.0; +http://www.bing.com/bingbot.htm)"
210.54.39.50 - - [10/Feb/2020:05:59:13 -0800] "GET / HTTP/1.1" 200 79394 "-" "check_http/v2.2.1 (nagios-plugins 2.2.1)"
210.54.39.50 - - [10/Feb/2020:06:04:15 -0800] "GET / HTTP/1.1" 200 79394 "-" "check_http/v2.2.1 (nagios-plugins 2.2.1)"
210.54.39.50 - - [10/Feb/2020:06:09:13 -0800] "GET / HTTP/1.1" 200 79394 "-" "check_http/v2.2.1 (nagios-plugins 2.2.1)"
210.54.39.50 - - [10/Feb/2020:06:14:15 -0800] "GET / HTTP/1.1" 200 79394 "-" "check_http/v2.2.1 (nagios-plugins 2.2.1)"
54.36.150.21 - - [10/Feb/2020:06:14:55 -0800] "GET /img/autumn/7.jpg HTTP/1.1" 200 236722 "-" "Mozilla/5.0 (compatible; AhrefsBot/6.1; +http://ahrefs.com/robot/)"
210.54.39.50 - - [10/Feb/2020:06:19:13 -0800] "GET / HTTP/1.1" 200 79394 "-" "check_http/v2.2.1 (nagios-plugins 2.2.1)"
210.54.39.50 - - [10/Feb/2020:06:24:15 -0800] "GET / HTTP/1.1" 200 79394 "-" "check_http/v2.2.1 (nagios-plugins 2.2.1)"
210.54.39.50 - - [10/Feb/2020:06:29:13 -0800] "GET / HTTP/1.1" 200 79394 "-" "check_http/v2.2.1 (nagios-plugins 2.2.1)"
210.54.39.50 - - [10/Feb/2020:06:34:15 -0800] "GET / HTTP/1.1" 200 79394 "-" "check_http/v2.2.1 (nagios-plugins 2.2.1)"
210.54.39.50 - - [10/Feb/2020:06:39:13 -0800] "GET / HTTP/1.1" 200 79394 "-" "check_http/v2.2.1 (nagios-plugins 2.2.1)"
77.75.78.166 - - [10/Feb/2020:06:40:09 -0800] "GET /robots.txt HTTP/1.1" 404 208 "-" "Mozilla/5.0 (compatible; SeznamBot/3.2; +http://napoveda.seznam.cz/en/seznambot-intro/)"
77.75.78.166 - - [10/Feb/2020:06:40:11 -0800] "GET /img/oncekids-fujimini/8.jpg HTTP/1.1" 304 - "-" "Mozilla/5.0 (compatible; SeznamBot/3.2; +http://napoveda.seznam.cz/en/seznambot-intro/)"
210.54.39.50 - - [10/Feb/2020:06:44:15 -0800] "GET / HTTP/1.1" 200 79394 "-" "check_http/v2.2.1 (nagios-plugins 2.2.1)"
