210.54.39.50 - - [08/Feb/2020:04:39:19 -0800] "GET / HTTP/1.1" 200 79394 "-" "check_http/v2.2.1 (nagios-plugins 2.2.1)"
210.54.39.50 - - [08/Feb/2020:04:44:21 -0800] "GET / HTTP/1.1" 200 79394 "-" "check_http/v2.2.1 (nagios-plugins 2.2.1)"
210.54.39.50 - - [08/Feb/2020:04:49:20 -0800] "GET / HTTP/1.1" 200 79394 "-" "check_http/v2.2.1 (nagios-plugins 2.2.1)"
157.55.39.161 - - [08/Feb/2020:04:51:09 -0800] "GET /img/oncekids-fujimini/7.jpg HTTP/1.1" 200 153636 "-" "Mozilla/5.0 (compatible; bingbot/2.0; +http://www.bing.com/bingbot.htm)"
210.54.39.50 - - [08/Feb/2020:04:54:22 -0800] "GET / HTTP/1.1" 200 79394 "-" "check_http/v2.2.1 (nagios-plugins 2.2.1)"
210.54.39.50 - - [08/Feb/2020:04:59:20 -0800] "GET / HTTP/1.1" 200 79394 "-" "check_http/v2.2.1 (nagios-plugins 2.2.1)"
210.54.39.50 - - [08/Feb/2020:05:04:21 -0800] "GET / HTTP/1.1" 200 79394 "-" "check_http/v2.2.1 (nagios-plugins 2.2.1)"
210.54.39.50 - - [08/Feb/2020:05:09:19 -0800] "GET / HTTP/1.1" 200 79394 "-" "check_http/v2.2.1 (nagios-plugins 2.2.1)"
210.54.39.50 - - [08/Feb/2020:05:14:22 -0800] "GET / HTTP/1.1" 200 79394 "-" "check_http/v2.2.1 (nagios-plugins 2.2.1)"
157.55.39.161 - - [08/Feb/2020:05:17:15 -0800] "GET /img/oncekids-fujimini/7.jpg HTTP/1.1" 200 153636 "-" "Mozilla/5.0 (compatible; bingbot/2.0; +http://www.bing.com/bingbot.htm)"
210.54.39.50 - - [08/Feb/2020:05:19:19 -0800] "GET / HTTP/1.1" 200 79394 "-" "check_http/v2.2.1 (nagios-plugins 2.2.1)"
157.55.39.161 - - [08/Feb/2020:05:22:02 -0800] "GET /img/njn/1.jpg HTTP/1.1" 200 88793 "-" "Mozilla/5.0 (compatible; bingbot/2.0; +http://www.bing.com/bingbot.htm)"
210.54.39.50 - - [08/Feb/2020:05:24:21 -0800] "GET / HTTP/1.1" 200 79394 "-" "check_http/v2.2.1 (nagios-plugins 2.2.1)"
210.54.39.50 - - [08/Feb/2020:05:29:20 -0800] "GET / HTTP/1.1" 200 79394 "-" "check_http/v2.2.1 (nagios-plugins 2.2.1)"
210.54.39.50 - - [08/Feb/2020:05:34:21 -0800] "GET / HTTP/1.1" 200 79394 "-" "check_http/v2.2.1 (nagios-plugins 2.2.1)"
210.54.39.50 - - [08/Feb/2020:05:39:19 -0800] "GET / HTTP/1.1" 200 79394 "-" "check_http/v2.2.1 (nagios-plugins 2.2.1)"
210.54.39.50 - - [08/Feb/2020:05:44:22 -0800] "GET / HTTP/1.1" 200 79394 "-" "check_http/v2.2.1 (nagios-plugins 2.2.1)"
210.54.39.50 - - [08/Feb/2020:05:49:20 -0800] "GET / HTTP/1.1" 200 79394 "-" "check_http/v2.2.1 (nagios-plugins 2.2.1)"
54.36.150.31 - - [08/Feb/2020:05:50:15 -0800] "GET /img/oncekids-fujimini/2.jpg HTTP/1.1" 200 99983 "-" "Mozilla/5.0 (compatible; AhrefsBot/6.1; +http://ahrefs.com/robot/)"
207.46.13.52 - - [08/Feb/2020:05:52:15 -0800] "GET /img/wu-wei/4.jpg HTTP/1.1" 200 279891 "-" "Mozilla/5.0 (compatible; bingbot/2.0; +http://www.bing.com/bingbot.htm)"
210.54.39.50 - - [08/Feb/2020:05:54:21 -0800] "GET / HTTP/1.1" 200 79394 "-" "check_http/v2.2.1 (nagios-plugins 2.2.1)"
210.54.39.50 - - [08/Feb/2020:05:59:19 -0800] "GET / HTTP/1.1" 200 79394 "-" "check_http/v2.2.1 (nagios-plugins 2.2.1)"
157.55.39.208 - - [08/Feb/2020:06:04:08 -0800] "GET /img/oncekids-fujimini/thumbs/7.jpg HTTP/1.1" 200 39450 "-" "Mozilla/5.0 (compatible; bingbot/2.0; +http://www.bing.com/bingbot.htm)"
210.54.39.50 - - [08/Feb/2020:06:04:22 -0800] "GET / HTTP/1.1" 200 79394 "-" "check_http/v2.2.1 (nagios-plugins 2.2.1)"
157.55.39.208 - - [08/Feb/2020:06:05:05 -0800] "GET /img/sfnoir/7.jpg HTTP/1.1" 200 122937 "-" "Mozilla/5.0 (compatible; bingbot/2.0; +http://www.bing.com/bingbot.htm)"
210.54.39.50 - - [08/Feb/2020:06:09:19 -0800] "GET / HTTP/1.1" 200 79394 "-" "check_http/v2.2.1 (nagios-plugins 2.2.1)"
210.54.39.50 - - [08/Feb/2020:06:14:21 -0800] "GET / HTTP/1.1" 200 79394 "-" "check_http/v2.2.1 (nagios-plugins 2.2.1)"
210.54.39.50 - - [08/Feb/2020:06:19:20 -0800] "GET / HTTP/1.1" 200 79394 "-" "check_http/v2.2.1 (nagios-plugins 2.2.1)"
210.54.39.50 - - [08/Feb/2020:06:24:21 -0800] "GET / HTTP/1.1" 200 79394 "-" "check_http/v2.2.1 (nagios-plugins 2.2.1)"
207.46.13.52 - - [08/Feb/2020:06:28:55 -0800] "GET /img/sfnoir/3.jpg HTTP/1.1" 200 74528 "-" "Mozilla/5.0 (compatible; bingbot/2.0; +http://www.bing.com/bingbot.htm)"
157.55.39.161 - - [08/Feb/2020:06:29:03 -0800] "GET /img/njn/1.jpg HTTP/1.1" 200 88793 "-" "Mozilla/5.0 (compatible; bingbot/2.0; +http://www.bing.com/bingbot.htm)"
210.54.39.50 - - [08/Feb/2020:06:29:19 -0800] "GET / HTTP/1.1" 200 79394 "-" "check_http/v2.2.1 (nagios-plugins 2.2.1)"
210.54.39.50 - - [08/Feb/2020:06:34:21 -0800] "GET / HTTP/1.1" 200 79394 "-" "check_http/v2.2.1 (nagios-plugins 2.2.1)"
210.54.39.50 - - [08/Feb/2020:06:39:20 -0800] "GET / HTTP/1.1" 200 79394 "-" "check_http/v2.2.1 (nagios-plugins 2.2.1)"
210.54.39.50 - - [08/Feb/2020:06:44:21 -0800] "GET / HTTP/1.1" 200 79394 "-" "check_http/v2.2.1 (nagios-plugins 2.2.1)"
157.55.39.208 - - [08/Feb/2020:06:44:48 -0800] "GET /img/njn/6.jpg HTTP/1.1" 200 125438 "-" "Mozilla/5.0 (compatible; bingbot/2.0; +http://www.bing.com/bingbot.htm)"
210.54.39.50 - - [08/Feb/2020:06:49:19 -0800] "GET / HTTP/1.1" 200 79394 "-" "check_http/v2.2.1 (nagios-plugins 2.2.1)"
210.54.39.50 - - [08/Feb/2020:06:54:22 -0800] "GET / HTTP/1.1" 200 79394 "-" "check_http/v2.2.1 (nagios-plugins 2.2.1)"
210.54.39.50 - - [08/Feb/2020:06:59:19 -0800] "GET / HTTP/1.1" 200 79394 "-" "check_http/v2.2.1 (nagios-plugins 2.2.1)"
157.55.39.161 - - [08/Feb/2020:06:59:39 -0800] "GET /img/oncekids-fujimini/7.jpg HTTP/1.1" 200 153636 "-" "Mozilla/5.0 (compatible; bingbot/2.0; +http://www.bing.com/bingbot.htm)"
207.46.13.52 - - [08/Feb/2020:07:04:15 -0800] "GET /img/autumn/2.jpg HTTP/1.1" 200 292159 "-" "Mozilla/5.0 (compatible; bingbot/2.0; +http://www.bing.com/bingbot.htm)"
210.54.39.50 - - [08/Feb/2020:07:04:21 -0800] "GET / HTTP/1.1" 200 79394 "-" "check_http/v2.2.1 (nagios-plugins 2.2.1)"
157.55.39.208 - - [08/Feb/2020:07:08:42 -0800] "GET /img/njn/6.jpg HTTP/1.1" 200 125438 "-" "Mozilla/5.0 (compatible; bingbot/2.0; +http://www.bing.com/bingbot.htm)"
210.54.39.50 - - [08/Feb/2020:07:09:20 -0800] "GET / HTTP/1.1" 200 79394 "-" "check_http/v2.2.1 (nagios-plugins 2.2.1)"
157.55.39.161 - - [08/Feb/2020:07:11:10 -0800] "GET /img/oncekids-fujimini/7.jpg HTTP/1.1" 200 153636 "-" "Mozilla/5.0 (compatible; bingbot/2.0; +http://www.bing.com/bingbot.htm)"
207.46.13.52 - - [08/Feb/2020:07:12:53 -0800] "GET /img/oncekids-fujimini/thumbs/5.jpg HTTP/1.1" 200 26202 "-" "Mozilla/5.0 (compatible; bingbot/2.0; +http://www.bing.com/bingbot.htm)"
207.46.13.52 - - [08/Feb/2020:07:14:17 -0800] "GET /img/autumn/2.jpg HTTP/1.1" 200 292159 "-" "Mozilla/5.0 (compatible; bingbot/2.0; +http://www.bing.com/bingbot.htm)"
210.54.39.50 - - [08/Feb/2020:07:14:22 -0800] "GET / HTTP/1.1" 200 79394 "-" "check_http/v2.2.1 (nagios-plugins 2.2.1)"
210.54.39.50 - - [08/Feb/2020:07:19:19 -0800] "GET / HTTP/1.1" 200 79394 "-" "check_http/v2.2.1 (nagios-plugins 2.2.1)"
210.54.39.50 - - [08/Feb/2020:07:24:21 -0800] "GET / HTTP/1.1" 200 79394 "-" "check_http/v2.2.1 (nagios-plugins 2.2.1)"
210.54.39.50 - - [08/Feb/2020:07:29:19 -0800] "GET / HTTP/1.1" 200 79394 "-" "check_http/v2.2.1 (nagios-plugins 2.2.1)"
157.55.39.161 - - [08/Feb/2020:07:31:59 -0800] "GET /img/mixman/thumbs/2.jpg HTTP/1.1" 200 24519 "-" "Mozilla/5.0 (compatible; bingbot/2.0; +http://www.bing.com/bingbot.htm)"
207.46.13.115 - - [08/Feb/2020:07:34:19 -0800] "GET / HTTP/1.1" 200 17429 "-" "Mozilla/5.0 (compatible; bingbot/2.0; +http://www.bing.com/bingbot.htm)"
210.54.39.50 - - [08/Feb/2020:07:34:21 -0800] "GET / HTTP/1.1" 200 79394 "-" "check_http/v2.2.1 (nagios-plugins 2.2.1)"
207.46.13.52 - - [08/Feb/2020:07:34:27 -0800] "GET /img/autumn/2.jpg HTTP/1.1" 200 292159 "-" "Mozilla/5.0 (compatible; bingbot/2.0; +http://www.bing.com/bingbot.htm)"
157.55.39.208 - - [08/Feb/2020:07:35:07 -0800] "GET /img/mixman/9.jpg HTTP/1.1" 200 141085 "-" "Mozilla/5.0 (compatible; bingbot/2.0; +http://www.bing.com/bingbot.htm)"
157.55.39.208 - - [08/Feb/2020:07:36:58 -0800] "GET /img/mixman/9.jpg HTTP/1.1" 200 141085 "-" "Mozilla/5.0 (compatible; bingbot/2.0; +http://www.bing.com/bingbot.htm)"
210.54.39.50 - - [08/Feb/2020:07:39:19 -0800] "GET / HTTP/1.1" 200 79394 "-" "check_http/v2.2.1 (nagios-plugins 2.2.1)"
207.46.13.52 - - [08/Feb/2020:07:42:11 -0800] "GET /img/mixman/7.jpg HTTP/1.1" 200 107323 "-" "Mozilla/5.0 (compatible; bingbot/2.0; +http://www.bing.com/bingbot.htm)"
210.54.39.50 - - [08/Feb/2020:07:44:21 -0800] "GET / HTTP/1.1" 200 79394 "-" "check_http/v2.2.1 (nagios-plugins 2.2.1)"
210.54.39.50 - - [08/Feb/2020:07:49:19 -0800] "GET / HTTP/1.1" 200 79394 "-" "check_http/v2.2.1 (nagios-plugins 2.2.1)"
77.75.78.162 - - [08/Feb/2020:07:49:32 -0800] "GET /robots.txt HTTP/1.1" 404 208 "-" "Mozilla/5.0 (compatible; SeznamBot/3.2; +http://napoveda.seznam.cz/en/seznambot-intro/)"
77.75.78.162 - - [08/Feb/2020:07:49:35 -0800] "GET /img/wu-wei/1.jpg HTTP/1.1" 304 - "-" "Mozilla/5.0 (compatible; SeznamBot/3.2; +http://napoveda.seznam.cz/en/seznambot-intro/)"
210.54.39.50 - - [08/Feb/2020:07:54:21 -0800] "GET / HTTP/1.1" 200 79394 "-" "check_http/v2.2.1 (nagios-plugins 2.2.1)"
157.55.39.208 - - [08/Feb/2020:07:57:14 -0800] "GET /img/autumn/6.jpg HTTP/1.1" 200 149484 "-" "Mozilla/5.0 (compatible; bingbot/2.0; +http://www.bing.com/bingbot.htm)"
157.55.39.208 - - [08/Feb/2020:07:57:14 -0800] "GET /img/mixman/9.jpg HTTP/1.1" 200 141085 "-" "Mozilla/5.0 (compatible; bingbot/2.0; +http://www.bing.com/bingbot.htm)"
210.54.39.50 - - [08/Feb/2020:07:59:19 -0800] "GET / HTTP/1.1" 200 79394 "-" "check_http/v2.2.1 (nagios-plugins 2.2.1)"
157.55.39.208 - - [08/Feb/2020:08:04:19 -0800] "GET /img/njn/6.jpg HTTP/1.1" 200 125438 "-" "Mozilla/5.0 (compatible; bingbot/2.0; +http://www.bing.com/bingbot.htm)"
210.54.39.50 - - [08/Feb/2020:08:04:21 -0800] "GET / HTTP/1.1" 200 79394 "-" "check_http/v2.2.1 (nagios-plugins 2.2.1)"
210.54.39.50 - - [08/Feb/2020:08:09:19 -0800] "GET / HTTP/1.1" 200 79394 "-" "check_http/v2.2.1 (nagios-plugins 2.2.1)"
210.54.39.50 - - [08/Feb/2020:08:14:21 -0800] "GET / HTTP/1.1" 200 79394 "-" "check_http/v2.2.1 (nagios-plugins 2.2.1)"
210.54.39.50 - - [08/Feb/2020:08:19:19 -0800] "GET / HTTP/1.1" 200 79394 "-" "check_http/v2.2.1 (nagios-plugins 2.2.1)"
157.55.39.208 - - [08/Feb/2020:08:19:31 -0800] "GET /img/autumn/6.jpg HTTP/1.1" 200 149484 "-" "Mozilla/5.0 (compatible; bingbot/2.0; +http://www.bing.com/bingbot.htm)"
210.54.39.50 - - [08/Feb/2020:08:24:21 -0800] "GET / HTTP/1.1" 200 79394 "-" "check_http/v2.2.1 (nagios-plugins 2.2.1)"
157.55.39.208 - - [08/Feb/2020:08:25:16 -0800] "GET /img/mixman/9.jpg HTTP/1.1" 200 141085 "-" "Mozilla/5.0 (compatible; bingbot/2.0; +http://www.bing.com/bingbot.htm)"
210.54.39.50 - - [08/Feb/2020:08:29:19 -0800] "GET / HTTP/1.1" 200 79394 "-" "check_http/v2.2.1 (nagios-plugins 2.2.1)"
207.46.13.52 - - [08/Feb/2020:08:31:44 -0800] "GET /img/oncekids-fujimini/thumbs/5.jpg HTTP/1.1" 200 26202 "-" "Mozilla/5.0 (compatible; bingbot/2.0; +http://www.bing.com/bingbot.htm)"
210.54.39.50 - - [08/Feb/2020:08:34:21 -0800] "GET / HTTP/1.1" 200 79394 "-" "check_http/v2.2.1 (nagios-plugins 2.2.1)"
210.54.39.50 - - [08/Feb/2020:08:39:19 -0800] "GET / HTTP/1.1" 200 79394 "-" "check_http/v2.2.1 (nagios-plugins 2.2.1)"
210.54.39.50 - - [08/Feb/2020:08:44:21 -0800] "GET / HTTP/1.1" 200 79394 "-" "check_http/v2.2.1 (nagios-plugins 2.2.1)"
210.54.39.50 - - [08/Feb/2020:08:49:19 -0800] "GET / HTTP/1.1" 200 79394 "-" "check_http/v2.2.1 (nagios-plugins 2.2.1)"
210.54.39.50 - - [08/Feb/2020:08:54:21 -0800] "GET / HTTP/1.1" 200 79394 "-" "check_http/v2.2.1 (nagios-plugins 2.2.1)"
210.54.39.50 - - [08/Feb/2020:08:59:19 -0800] "GET / HTTP/1.1" 200 79394 "-" "check_http/v2.2.1 (nagios-plugins 2.2.1)"
207.46.13.52 - - [08/Feb/2020:08:59:45 -0800] "GET /img/oncekids-fujimini/thumbs/5.jpg HTTP/1.1" 200 26202 "-" "Mozilla/5.0 (compatible; bingbot/2.0; +http://www.bing.com/bingbot.htm)"
210.54.39.50 - - [08/Feb/2020:09:04:20 -0800] "GET / HTTP/1.1" 200 79394 "-" "check_http/v2.2.1 (nagios-plugins 2.2.1)"
210.54.39.50 - - [08/Feb/2020:09:09:19 -0800] "GET / HTTP/1.1" 200 79394 "-" "check_http/v2.2.1 (nagios-plugins 2.2.1)"
207.46.13.115 - - [08/Feb/2020:09:12:07 -0800] "GET /img/urban-cowgirl/6.jpg HTTP/1.1" 200 56465 "-" "Mozilla/5.0 (compatible; bingbot/2.0; +http://www.bing.com/bingbot.htm)"
210.54.39.50 - - [08/Feb/2020:09:14:21 -0800] "GET / HTTP/1.1" 200 79394 "-" "check_http/v2.2.1 (nagios-plugins 2.2.1)"
207.46.13.52 - - [08/Feb/2020:09:17:17 -0800] "GET /img/oncekids-fujimini/thumbs/5.jpg HTTP/1.1" 200 26202 "-" "Mozilla/5.0 (compatible; bingbot/2.0; +http://www.bing.com/bingbot.htm)"
210.54.39.50 - - [08/Feb/2020:09:19:19 -0800] "GET / HTTP/1.1" 200 79394 "-" "check_http/v2.2.1 (nagios-plugins 2.2.1)"
210.54.39.50 - - [08/Feb/2020:09:24:22 -0800] "GET / HTTP/1.1" 200 79394 "-" "check_http/v2.2.1 (nagios-plugins 2.2.1)"
210.54.39.50 - - [08/Feb/2020:09:29:19 -0800] "GET / HTTP/1.1" 200 79394 "-" "check_http/v2.2.1 (nagios-plugins 2.2.1)"
207.46.13.115 - - [08/Feb/2020:09:31:11 -0800] "GET /img/urban-cowgirl/6.jpg HTTP/1.1" 200 56465 "-" "Mozilla/5.0 (compatible; bingbot/2.0; +http://www.bing.com/bingbot.htm)"
210.54.39.50 - - [08/Feb/2020:09:34:21 -0800] "GET / HTTP/1.1" 200 79394 "-" "check_http/v2.2.1 (nagios-plugins 2.2.1)"
210.54.39.50 - - [08/Feb/2020:09:39:19 -0800] "GET / HTTP/1.1" 200 79394 "-" "check_http/v2.2.1 (nagios-plugins 2.2.1)"
207.46.13.115 - - [08/Feb/2020:09:42:49 -0800] "GET /img/urban-cowgirl/6.jpg HTTP/1.1" 200 56465 "-" "Mozilla/5.0 (compatible; bingbot/2.0; +http://www.bing.com/bingbot.htm)"
210.54.39.50 - - [08/Feb/2020:09:44:20 -0800] "GET / HTTP/1.1" 200 79394 "-" "check_http/v2.2.1 (nagios-plugins 2.2.1)"
210.54.39.50 - - [08/Feb/2020:09:49:19 -0800] "GET / HTTP/1.1" 200 79394 "-" "check_http/v2.2.1 (nagios-plugins 2.2.1)"
210.54.39.50 - - [08/Feb/2020:09:54:21 -0800] "GET / HTTP/1.1" 200 79394 "-" "check_http/v2.2.1 (nagios-plugins 2.2.1)"
210.54.39.50 - - [08/Feb/2020:09:59:19 -0800] "GET / HTTP/1.1" 200 79394 "-" "check_http/v2.2.1 (nagios-plugins 2.2.1)"
157.55.39.161 - - [08/Feb/2020:10:00:22 -0800] "GET /img/oncekids-fujimini/7.jpg HTTP/1.1" 200 153636 "-" "Mozilla/5.0 (compatible; bingbot/2.0; +http://www.bing.com/bingbot.htm)"
207.46.13.52 - - [08/Feb/2020:10:03:19 -0800] "GET /img/oncekids-fujimini/thumbs/3.jpg HTTP/1.1" 200 39586 "-" "Mozilla/5.0 (compatible; bingbot/2.0; +http://www.bing.com/bingbot.htm)"
210.54.39.50 - - [08/Feb/2020:10:04:21 -0800] "GET / HTTP/1.1" 200 79394 "-" "check_http/v2.2.1 (nagios-plugins 2.2.1)"
210.54.39.50 - - [08/Feb/2020:10:09:19 -0800] "GET / HTTP/1.1" 200 79394 "-" "check_http/v2.2.1 (nagios-plugins 2.2.1)"
157.55.39.161 - - [08/Feb/2020:10:13:04 -0800] "GET /img/mixman/thumbs/2.jpg HTTP/1.1" 200 24519 "-" "Mozilla/5.0 (compatible; bingbot/2.0; +http://www.bing.com/bingbot.htm)"
210.54.39.50 - - [08/Feb/2020:10:14:21 -0800] "GET / HTTP/1.1" 200 79394 "-" "check_http/v2.2.1 (nagios-plugins 2.2.1)"
210.54.39.50 - - [08/Feb/2020:10:19:19 -0800] "GET / HTTP/1.1" 200 79394 "-" "check_http/v2.2.1 (nagios-plugins 2.2.1)"
210.54.39.50 - - [08/Feb/2020:10:24:21 -0800] "GET / HTTP/1.1" 200 79394 "-" "check_http/v2.2.1 (nagios-plugins 2.2.1)"
210.54.39.50 - - [08/Feb/2020:10:29:18 -0800] "GET / HTTP/1.1" 200 79394 "-" "check_http/v2.2.1 (nagios-plugins 2.2.1)"
210.54.39.50 - - [08/Feb/2020:10:34:20 -0800] "GET / HTTP/1.1" 200 79394 "-" "check_http/v2.2.1 (nagios-plugins 2.2.1)"
210.54.39.50 - - [08/Feb/2020:10:39:19 -0800] "GET / HTTP/1.1" 200 79394 "-" "check_http/v2.2.1 (nagios-plugins 2.2.1)"
210.54.39.50 - - [08/Feb/2020:10:44:21 -0800] "GET / HTTP/1.1" 200 79394 "-" "check_http/v2.2.1 (nagios-plugins 2.2.1)"
157.55.39.161 - - [08/Feb/2020:10:45:40 -0800] "GET /img/mixman/19.jpg HTTP/1.1" 200 81276 "-" "Mozilla/5.0 (compatible; bingbot/2.0; +http://www.bing.com/bingbot.htm)"
210.54.39.50 - - [08/Feb/2020:10:49:19 -0800] "GET / HTTP/1.1" 200 79394 "-" "check_http/v2.2.1 (nagios-plugins 2.2.1)"
210.54.39.50 - - [08/Feb/2020:10:54:21 -0800] "GET / HTTP/1.1" 200 79394 "-" "check_http/v2.2.1 (nagios-plugins 2.2.1)"
157.55.39.161 - - [08/Feb/2020:10:58:11 -0800] "GET /img/mixman/19.jpg HTTP/1.1" 200 81276 "-" "Mozilla/5.0 (compatible; bingbot/2.0; +http://www.bing.com/bingbot.htm)"
210.54.39.50 - - [08/Feb/2020:10:59:18 -0800] "GET / HTTP/1.1" 200 79394 "-" "check_http/v2.2.1 (nagios-plugins 2.2.1)"
210.54.39.50 - - [08/Feb/2020:11:04:21 -0800] "GET / HTTP/1.1" 200 79394 "-" "check_http/v2.2.1 (nagios-plugins 2.2.1)"
210.54.39.50 - - [08/Feb/2020:11:09:19 -0800] "GET / HTTP/1.1" 200 79394 "-" "check_http/v2.2.1 (nagios-plugins 2.2.1)"
210.54.39.50 - - [08/Feb/2020:11:14:21 -0800] "GET / HTTP/1.1" 200 79394 "-" "check_http/v2.2.1 (nagios-plugins 2.2.1)"
210.54.39.50 - - [08/Feb/2020:11:19:18 -0800] "GET / HTTP/1.1" 200 79394 "-" "check_http/v2.2.1 (nagios-plugins 2.2.1)"
210.54.39.50 - - [08/Feb/2020:11:24:20 -0800] "GET / HTTP/1.1" 200 79394 "-" "check_http/v2.2.1 (nagios-plugins 2.2.1)"
210.54.39.50 - - [08/Feb/2020:11:29:19 -0800] "GET / HTTP/1.1" 200 79394 "-" "check_http/v2.2.1 (nagios-plugins 2.2.1)"
210.54.39.50 - - [08/Feb/2020:11:34:21 -0800] "GET / HTTP/1.1" 200 79394 "-" "check_http/v2.2.1 (nagios-plugins 2.2.1)"
210.54.39.50 - - [08/Feb/2020:11:39:19 -0800] "GET / HTTP/1.1" 200 79394 "-" "check_http/v2.2.1 (nagios-plugins 2.2.1)"
210.54.39.50 - - [08/Feb/2020:11:44:21 -0800] "GET / HTTP/1.1" 200 79394 "-" "check_http/v2.2.1 (nagios-plugins 2.2.1)"
210.54.39.50 - - [08/Feb/2020:11:49:18 -0800] "GET / HTTP/1.1" 200 79394 "-" "check_http/v2.2.1 (nagios-plugins 2.2.1)"
210.54.39.50 - - [08/Feb/2020:11:54:20 -0800] "GET / HTTP/1.1" 200 79394 "-" "check_http/v2.2.1 (nagios-plugins 2.2.1)"
210.54.39.50 - - [08/Feb/2020:11:59:19 -0800] "GET / HTTP/1.1" 200 79394 "-" "check_http/v2.2.1 (nagios-plugins 2.2.1)"
210.54.39.50 - - [08/Feb/2020:12:04:21 -0800] "GET / HTTP/1.1" 200 79394 "-" "check_http/v2.2.1 (nagios-plugins 2.2.1)"
210.54.39.50 - - [08/Feb/2020:12:09:18 -0800] "GET / HTTP/1.1" 200 79394 "-" "check_http/v2.2.1 (nagios-plugins 2.2.1)"
54.36.148.147 - - [08/Feb/2020:12:12:27 -0800] "GET /img/oncekids-fujimini/8.jpg HTTP/1.1" 200 78635 "-" "Mozilla/5.0 (compatible; AhrefsBot/6.1; +http://ahrefs.com/robot/)"
210.54.39.50 - - [08/Feb/2020:12:14:20 -0800] "GET / HTTP/1.1" 200 79394 "-" "check_http/v2.2.1 (nagios-plugins 2.2.1)"
210.54.39.50 - - [08/Feb/2020:12:19:19 -0800] "GET / HTTP/1.1" 200 79394 "-" "check_http/v2.2.1 (nagios-plugins 2.2.1)"
157.55.39.31 - - [08/Feb/2020:12:22:55 -0800] "GET /robots.txt HTTP/1.1" 404 208 "-" "Mozilla/5.0 (compatible; bingbot/2.0; +http://www.bing.com/bingbot.htm)"
157.55.39.31 - - [08/Feb/2020:12:22:55 -0800] "GET /robots.txt HTTP/1.1" 404 208 "-" "Mozilla/5.0 (compatible; bingbot/2.0; +http://www.bing.com/bingbot.htm)"
210.54.39.50 - - [08/Feb/2020:12:24:21 -0800] "GET / HTTP/1.1" 200 79394 "-" "check_http/v2.2.1 (nagios-plugins 2.2.1)"
210.54.39.50 - - [08/Feb/2020:12:29:18 -0800] "GET / HTTP/1.1" 200 79394 "-" "check_http/v2.2.1 (nagios-plugins 2.2.1)"
210.54.39.50 - - [08/Feb/2020:12:34:20 -0800] "GET / HTTP/1.1" 200 79394 "-" "check_http/v2.2.1 (nagios-plugins 2.2.1)"
210.54.39.50 - - [08/Feb/2020:12:39:18 -0800] "GET / HTTP/1.1" 200 79394 "-" "check_http/v2.2.1 (nagios-plugins 2.2.1)"
210.54.39.50 - - [08/Feb/2020:12:44:21 -0800] "GET / HTTP/1.1" 200 79394 "-" "check_http/v2.2.1 (nagios-plugins 2.2.1)"
40.77.167.136 - - [08/Feb/2020:12:45:07 -0800] "GET /img/njn/6.jpg HTTP/1.1" 200 125438 "-" "Mozilla/5.0 (compatible; bingbot/2.0; +http://www.bing.com/bingbot.htm)"
210.54.39.50 - - [08/Feb/2020:12:49:19 -0800] "GET / HTTP/1.1" 200 79394 "-" "check_http/v2.2.1 (nagios-plugins 2.2.1)"
157.55.39.161 - - [08/Feb/2020:12:51:39 -0800] "GET /img/mixman/19.jpg HTTP/1.1" 200 81276 "-" "Mozilla/5.0 (compatible; bingbot/2.0; +http://www.bing.com/bingbot.htm)"
210.54.39.50 - - [08/Feb/2020:12:54:20 -0800] "GET / HTTP/1.1" 200 79394 "-" "check_http/v2.2.1 (nagios-plugins 2.2.1)"
210.54.39.50 - - [08/Feb/2020:12:59:18 -0800] "GET / HTTP/1.1" 200 79394 "-" "check_http/v2.2.1 (nagios-plugins 2.2.1)"
210.54.39.50 - - [08/Feb/2020:13:04:20 -0800] "GET / HTTP/1.1" 200 79394 "-" "check_http/v2.2.1 (nagios-plugins 2.2.1)"
40.77.167.136 - - [08/Feb/2020:13:08:47 -0800] "GET /img/njn/6.jpg HTTP/1.1" 200 125438 "-" "Mozilla/5.0 (compatible; bingbot/2.0; +http://www.bing.com/bingbot.htm)"
210.54.39.50 - - [08/Feb/2020:13:09:18 -0800] "GET / HTTP/1.1" 200 79394 "-" "check_http/v2.2.1 (nagios-plugins 2.2.1)"
40.77.167.136 - - [08/Feb/2020:13:10:52 -0800] "GET /img/sfnoir/7.jpg HTTP/1.1" 200 122937 "-" "Mozilla/5.0 (compatible; bingbot/2.0; +http://www.bing.com/bingbot.htm)"
210.54.39.50 - - [08/Feb/2020:13:14:21 -0800] "GET / HTTP/1.1" 200 79394 "-" "check_http/v2.2.1 (nagios-plugins 2.2.1)"
210.54.39.50 - - [08/Feb/2020:13:19:18 -0800] "GET / HTTP/1.1" 200 79394 "-" "check_http/v2.2.1 (nagios-plugins 2.2.1)"
77.75.78.167 - - [08/Feb/2020:13:21:24 -0800] "GET /robots.txt HTTP/1.1" 404 208 "-" "Mozilla/5.0 (compatible; SeznamBot/3.2; +http://napoveda.seznam.cz/en/seznambot-intro/)"
77.75.78.167 - - [08/Feb/2020:13:21:26 -0800] "GET /img/luminous/luminousVideo.png HTTP/1.1" 304 - "-" "Mozilla/5.0 (compatible; SeznamBot/3.2; +http://napoveda.seznam.cz/en/seznambot-intro/)"
157.55.39.31 - - [08/Feb/2020:13:22:52 -0800] "GET /robots.txt HTTP/1.1" 404 208 "-" "Mozilla/5.0 (compatible; bingbot/2.0; +http://www.bing.com/bingbot.htm)"
157.55.39.31 - - [08/Feb/2020:13:22:52 -0800] "GET /robots.txt HTTP/1.1" 404 208 "-" "Mozilla/5.0 (compatible; bingbot/2.0; +http://www.bing.com/bingbot.htm)"
210.54.39.50 - - [08/Feb/2020:13:24:20 -0800] "GET / HTTP/1.1" 200 79394 "-" "check_http/v2.2.1 (nagios-plugins 2.2.1)"
210.54.39.50 - - [08/Feb/2020:13:29:18 -0800] "GET / HTTP/1.1" 200 79394 "-" "check_http/v2.2.1 (nagios-plugins 2.2.1)"
210.54.39.50 - - [08/Feb/2020:13:34:21 -0800] "GET / HTTP/1.1" 200 79394 "-" "check_http/v2.2.1 (nagios-plugins 2.2.1)"
210.54.39.50 - - [08/Feb/2020:13:39:19 -0800] "GET / HTTP/1.1" 200 79394 "-" "check_http/v2.2.1 (nagios-plugins 2.2.1)"
210.54.39.50 - - [08/Feb/2020:13:44:20 -0800] "GET / HTTP/1.1" 200 79394 "-" "check_http/v2.2.1 (nagios-plugins 2.2.1)"
210.54.39.50 - - [08/Feb/2020:13:49:18 -0800] "GET / HTTP/1.1" 200 79394 "-" "check_http/v2.2.1 (nagios-plugins 2.2.1)"
210.54.39.50 - - [08/Feb/2020:13:54:20 -0800] "GET / HTTP/1.1" 200 79394 "-" "check_http/v2.2.1 (nagios-plugins 2.2.1)"
210.54.39.50 - - [08/Feb/2020:13:59:19 -0800] "GET / HTTP/1.1" 200 79394 "-" "check_http/v2.2.1 (nagios-plugins 2.2.1)"
210.54.39.50 - - [08/Feb/2020:14:04:21 -0800] "GET / HTTP/1.1" 200 79394 "-" "check_http/v2.2.1 (nagios-plugins 2.2.1)"
210.54.39.50 - - [08/Feb/2020:14:09:18 -0800] "GET / HTTP/1.1" 200 79394 "-" "check_http/v2.2.1 (nagios-plugins 2.2.1)"
210.54.39.50 - - [08/Feb/2020:14:14:20 -0800] "GET / HTTP/1.1" 200 79394 "-" "check_http/v2.2.1 (nagios-plugins 2.2.1)"
210.54.39.50 - - [08/Feb/2020:14:19:18 -0800] "GET / HTTP/1.1" 200 79394 "-" "check_http/v2.2.1 (nagios-plugins 2.2.1)"
210.54.39.50 - - [08/Feb/2020:14:24:20 -0800] "GET / HTTP/1.1" 200 79394 "-" "check_http/v2.2.1 (nagios-plugins 2.2.1)"
210.54.39.50 - - [08/Feb/2020:14:29:18 -0800] "GET / HTTP/1.1" 200 79394 "-" "check_http/v2.2.1 (nagios-plugins 2.2.1)"
40.77.167.136 - - [08/Feb/2020:14:30:46 -0800] "GET /img/mixman/9.jpg HTTP/1.1" 200 141085 "-" "Mozilla/5.0 (compatible; bingbot/2.0; +http://www.bing.com/bingbot.htm)"
210.54.39.50 - - [08/Feb/2020:14:34:21 -0800] "GET / HTTP/1.1" 200 79394 "-" "check_http/v2.2.1 (nagios-plugins 2.2.1)"
210.54.39.50 - - [08/Feb/2020:14:39:18 -0800] "GET / HTTP/1.1" 200 79394 "-" "check_http/v2.2.1 (nagios-plugins 2.2.1)"
210.54.39.50 - - [08/Feb/2020:14:44:20 -0800] "GET / HTTP/1.1" 200 79394 "-" "check_http/v2.2.1 (nagios-plugins 2.2.1)"
210.54.39.50 - - [08/Feb/2020:14:49:19 -0800] "GET / HTTP/1.1" 200 79394 "-" "check_http/v2.2.1 (nagios-plugins 2.2.1)"
54.36.148.197 - - [08/Feb/2020:14:50:17 -0800] "GET /robots.txt HTTP/1.1" 404 208 "-" "Mozilla/5.0 (compatible; AhrefsBot/6.1; +http://ahrefs.com/robot/)"
54.36.148.16 - - [08/Feb/2020:14:50:18 -0800] "GET /img/oncekids-fujimini/3.jpg HTTP/1.1" 200 143020 "-" "Mozilla/5.0 (compatible; AhrefsBot/6.1; +http://ahrefs.com/robot/)"
157.55.39.161 - - [08/Feb/2020:14:52:06 -0800] "GET /img/mixman/thumbs/2.jpg HTTP/1.1" 200 24519 "-" "Mozilla/5.0 (compatible; bingbot/2.0; +http://www.bing.com/bingbot.htm)"
210.54.39.50 - - [08/Feb/2020:14:54:21 -0800] "GET / HTTP/1.1" 200 79394 "-" "check_http/v2.2.1 (nagios-plugins 2.2.1)"
210.54.39.50 - - [08/Feb/2020:14:59:18 -0800] "GET / HTTP/1.1" 200 79394 "-" "check_http/v2.2.1 (nagios-plugins 2.2.1)"
210.54.39.50 - - [08/Feb/2020:15:04:20 -0800] "GET / HTTP/1.1" 200 79394 "-" "check_http/v2.2.1 (nagios-plugins 2.2.1)"
210.54.39.50 - - [08/Feb/2020:15:09:18 -0800] "GET / HTTP/1.1" 200 79394 "-" "check_http/v2.2.1 (nagios-plugins 2.2.1)"
210.54.39.50 - - [08/Feb/2020:15:14:20 -0800] "GET / HTTP/1.1" 200 79394 "-" "check_http/v2.2.1 (nagios-plugins 2.2.1)"
210.54.39.50 - - [08/Feb/2020:15:19:18 -0800] "GET / HTTP/1.1" 200 79394 "-" "check_http/v2.2.1 (nagios-plugins 2.2.1)"
210.54.39.50 - - [08/Feb/2020:15:24:20 -0800] "GET / HTTP/1.1" 200 79394 "-" "check_http/v2.2.1 (nagios-plugins 2.2.1)"
210.54.39.50 - - [08/Feb/2020:15:29:18 -0800] "GET / HTTP/1.1" 200 79394 "-" "check_http/v2.2.1 (nagios-plugins 2.2.1)"
210.54.39.50 - - [08/Feb/2020:15:34:20 -0800] "GET / HTTP/1.1" 200 79394 "-" "check_http/v2.2.1 (nagios-plugins 2.2.1)"
210.54.39.50 - - [08/Feb/2020:15:39:18 -0800] "GET / HTTP/1.1" 200 79394 "-" "check_http/v2.2.1 (nagios-plugins 2.2.1)"
210.54.39.50 - - [08/Feb/2020:15:44:20 -0800] "GET / HTTP/1.1" 200 79394 "-" "check_http/v2.2.1 (nagios-plugins 2.2.1)"
210.54.39.50 - - [08/Feb/2020:15:49:18 -0800] "GET / HTTP/1.1" 200 79394 "-" "check_http/v2.2.1 (nagios-plugins 2.2.1)"
210.54.39.50 - - [08/Feb/2020:15:54:20 -0800] "GET / HTTP/1.1" 200 79394 "-" "check_http/v2.2.1 (nagios-plugins 2.2.1)"
210.54.39.50 - - [08/Feb/2020:15:59:18 -0800] "GET / HTTP/1.1" 200 79394 "-" "check_http/v2.2.1 (nagios-plugins 2.2.1)"
210.54.39.50 - - [08/Feb/2020:16:04:20 -0800] "GET / HTTP/1.1" 200 79394 "-" "check_http/v2.2.1 (nagios-plugins 2.2.1)"
157.55.39.161 - - [08/Feb/2020:16:06:17 -0800] "GET /img/wu-wei/7.jpg HTTP/1.1" 200 293352 "-" "Mozilla/5.0 (compatible; bingbot/2.0; +http://www.bing.com/bingbot.htm)"
210.54.39.50 - - [08/Feb/2020:16:09:18 -0800] "GET / HTTP/1.1" 200 79394 "-" "check_http/v2.2.1 (nagios-plugins 2.2.1)"
210.54.39.50 - - [08/Feb/2020:16:14:20 -0800] "GET / HTTP/1.1" 200 79394 "-" "check_http/v2.2.1 (nagios-plugins 2.2.1)"
210.54.39.50 - - [08/Feb/2020:16:19:18 -0800] "GET / HTTP/1.1" 200 79394 "-" "check_http/v2.2.1 (nagios-plugins 2.2.1)"
54.36.148.13 - - [08/Feb/2020:16:21:58 -0800] "GET /robots.txt HTTP/1.1" 404 208 "-" "Mozilla/5.0 (compatible; AhrefsBot/6.1; +http://ahrefs.com/robot/)"
5.196.87.170 - - [08/Feb/2020:16:22:11 -0800] "GET / HTTP/1.1" 200 17429 "-" "Mozilla/5.0 (compatible; AhrefsBot/6.1; +http://ahrefs.com/robot/)"
210.54.39.50 - - [08/Feb/2020:16:24:20 -0800] "GET / HTTP/1.1" 200 79394 "-" "check_http/v2.2.1 (nagios-plugins 2.2.1)"
210.54.39.50 - - [08/Feb/2020:16:29:18 -0800] "GET / HTTP/1.1" 200 79394 "-" "check_http/v2.2.1 (nagios-plugins 2.2.1)"
207.46.13.115 - - [08/Feb/2020:16:32:32 -0800] "GET /img/wu-wei/5.jpg HTTP/1.1" 200 220470 "-" "Mozilla/5.0 (compatible; bingbot/2.0; +http://www.bing.com/bingbot.htm)"
210.54.39.50 - - [08/Feb/2020:16:34:20 -0800] "GET / HTTP/1.1" 200 79394 "-" "check_http/v2.2.1 (nagios-plugins 2.2.1)"
210.54.39.50 - - [08/Feb/2020:16:39:18 -0800] "GET / HTTP/1.1" 200 79394 "-" "check_http/v2.2.1 (nagios-plugins 2.2.1)"
210.54.39.50 - - [08/Feb/2020:16:44:20 -0800] "GET / HTTP/1.1" 200 79394 "-" "check_http/v2.2.1 (nagios-plugins 2.2.1)"
210.54.39.50 - - [08/Feb/2020:16:49:18 -0800] "GET / HTTP/1.1" 200 79394 "-" "check_http/v2.2.1 (nagios-plugins 2.2.1)"
207.46.13.115 - - [08/Feb/2020:16:54:14 -0800] "GET /img/wu-wei/5.jpg HTTP/1.1" 200 220470 "-" "Mozilla/5.0 (compatible; bingbot/2.0; +http://www.bing.com/bingbot.htm)"
210.54.39.50 - - [08/Feb/2020:16:54:19 -0800] "GET / HTTP/1.1" 200 79394 "-" "check_http/v2.2.1 (nagios-plugins 2.2.1)"
210.54.39.50 - - [08/Feb/2020:16:59:18 -0800] "GET / HTTP/1.1" 200 79394 "-" "check_http/v2.2.1 (nagios-plugins 2.2.1)"
207.46.13.115 - - [08/Feb/2020:16:59:31 -0800] "GET /img/wu-wei/5.jpg HTTP/1.1" 200 220470 "-" "Mozilla/5.0 (compatible; bingbot/2.0; +http://www.bing.com/bingbot.htm)"
210.54.39.50 - - [08/Feb/2020:17:04:20 -0800] "GET / HTTP/1.1" 200 79394 "-" "check_http/v2.2.1 (nagios-plugins 2.2.1)"
210.54.39.50 - - [08/Feb/2020:17:09:18 -0800] "GET / HTTP/1.1" 200 79394 "-" "check_http/v2.2.1 (nagios-plugins 2.2.1)"
210.54.39.50 - - [08/Feb/2020:17:14:20 -0800] "GET / HTTP/1.1" 200 79394 "-" "check_http/v2.2.1 (nagios-plugins 2.2.1)"
210.54.39.50 - - [08/Feb/2020:17:19:18 -0800] "GET / HTTP/1.1" 200 79394 "-" "check_http/v2.2.1 (nagios-plugins 2.2.1)"
210.54.39.50 - - [08/Feb/2020:17:24:20 -0800] "GET / HTTP/1.1" 200 79394 "-" "check_http/v2.2.1 (nagios-plugins 2.2.1)"
210.54.39.50 - - [08/Feb/2020:17:29:18 -0800] "GET / HTTP/1.1" 200 79394 "-" "check_http/v2.2.1 (nagios-plugins 2.2.1)"
210.54.39.50 - - [08/Feb/2020:17:34:20 -0800] "GET / HTTP/1.1" 200 79394 "-" "check_http/v2.2.1 (nagios-plugins 2.2.1)"
210.54.39.50 - - [08/Feb/2020:17:39:18 -0800] "GET / HTTP/1.1" 200 79394 "-" "check_http/v2.2.1 (nagios-plugins 2.2.1)"
210.54.39.50 - - [08/Feb/2020:17:44:19 -0800] "GET / HTTP/1.1" 200 79394 "-" "check_http/v2.2.1 (nagios-plugins 2.2.1)"
81.209.177.145 - - [08/Feb/2020:17:48:44 -0800] "GET /robots.txt HTTP/1.1" 404 208 "-" "netEstate NE Crawler (+http://www.website-datenbank.de/)"
210.54.39.50 - - [08/Feb/2020:17:49:18 -0800] "GET / HTTP/1.1" 200 79394 "-" "check_http/v2.2.1 (nagios-plugins 2.2.1)"
210.54.39.50 - - [08/Feb/2020:17:54:20 -0800] "GET / HTTP/1.1" 200 79394 "-" "check_http/v2.2.1 (nagios-plugins 2.2.1)"
210.54.39.50 - - [08/Feb/2020:17:59:17 -0800] "GET / HTTP/1.1" 200 79394 "-" "check_http/v2.2.1 (nagios-plugins 2.2.1)"
210.54.39.50 - - [08/Feb/2020:18:04:20 -0800] "GET / HTTP/1.1" 200 79394 "-" "check_http/v2.2.1 (nagios-plugins 2.2.1)"
210.54.39.50 - - [08/Feb/2020:18:09:18 -0800] "GET / HTTP/1.1" 200 79394 "-" "check_http/v2.2.1 (nagios-plugins 2.2.1)"
210.54.39.50 - - [08/Feb/2020:18:14:20 -0800] "GET / HTTP/1.1" 200 79394 "-" "check_http/v2.2.1 (nagios-plugins 2.2.1)"
210.54.39.50 - - [08/Feb/2020:18:19:18 -0800] "GET / HTTP/1.1" 200 79394 "-" "check_http/v2.2.1 (nagios-plugins 2.2.1)"
210.54.39.50 - - [08/Feb/2020:18:24:20 -0800] "GET / HTTP/1.1" 200 79394 "-" "check_http/v2.2.1 (nagios-plugins 2.2.1)"
210.54.39.50 - - [08/Feb/2020:18:29:18 -0800] "GET / HTTP/1.1" 200 79394 "-" "check_http/v2.2.1 (nagios-plugins 2.2.1)"
210.54.39.50 - - [08/Feb/2020:18:34:20 -0800] "GET / HTTP/1.1" 200 79394 "-" "check_http/v2.2.1 (nagios-plugins 2.2.1)"
210.54.39.50 - - [08/Feb/2020:18:39:18 -0800] "GET / HTTP/1.1" 200 79394 "-" "check_http/v2.2.1 (nagios-plugins 2.2.1)"
210.54.39.50 - - [08/Feb/2020:18:44:20 -0800] "GET / HTTP/1.1" 200 79394 "-" "check_http/v2.2.1 (nagios-plugins 2.2.1)"
210.54.39.50 - - [08/Feb/2020:18:49:17 -0800] "GET / HTTP/1.1" 200 79394 "-" "check_http/v2.2.1 (nagios-plugins 2.2.1)"
210.54.39.50 - - [08/Feb/2020:18:54:19 -0800] "GET / HTTP/1.1" 200 79394 "-" "check_http/v2.2.1 (nagios-plugins 2.2.1)"
210.54.39.50 - - [08/Feb/2020:18:59:18 -0800] "GET / HTTP/1.1" 200 79394 "-" "check_http/v2.2.1 (nagios-plugins 2.2.1)"
210.54.39.50 - - [08/Feb/2020:19:04:20 -0800] "GET / HTTP/1.1" 200 79394 "-" "check_http/v2.2.1 (nagios-plugins 2.2.1)"
210.54.39.50 - - [08/Feb/2020:19:09:17 -0800] "GET / HTTP/1.1" 200 79394 "-" "check_http/v2.2.1 (nagios-plugins 2.2.1)"
207.46.13.115 - - [08/Feb/2020:19:09:53 -0800] "GET /img/wu-wei/5.jpg HTTP/1.1" 200 220470 "-" "Mozilla/5.0 (compatible; bingbot/2.0; +http://www.bing.com/bingbot.htm)"
210.54.39.50 - - [08/Feb/2020:19:14:19 -0800] "GET / HTTP/1.1" 200 79394 "-" "check_http/v2.2.1 (nagios-plugins 2.2.1)"
210.54.39.50 - - [08/Feb/2020:19:19:18 -0800] "GET / HTTP/1.1" 200 79394 "-" "check_http/v2.2.1 (nagios-plugins 2.2.1)"
210.54.39.50 - - [08/Feb/2020:19:24:20 -0800] "GET / HTTP/1.1" 200 79394 "-" "check_http/v2.2.1 (nagios-plugins 2.2.1)"
207.46.13.115 - - [08/Feb/2020:19:24:58 -0800] "GET /img/wu-wei/5.jpg HTTP/1.1" 200 220470 "-" "Mozilla/5.0 (compatible; bingbot/2.0; +http://www.bing.com/bingbot.htm)"
210.54.39.50 - - [08/Feb/2020:19:29:17 -0800] "GET / HTTP/1.1" 200 79394 "-" "check_http/v2.2.1 (nagios-plugins 2.2.1)"
210.54.39.50 - - [08/Feb/2020:19:34:20 -0800] "GET / HTTP/1.1" 200 79394 "-" "check_http/v2.2.1 (nagios-plugins 2.2.1)"
210.54.39.50 - - [08/Feb/2020:19:39:18 -0800] "GET / HTTP/1.1" 200 79394 "-" "check_http/v2.2.1 (nagios-plugins 2.2.1)"
210.54.39.50 - - [08/Feb/2020:19:44:19 -0800] "GET / HTTP/1.1" 200 79394 "-" "check_http/v2.2.1 (nagios-plugins 2.2.1)"
210.54.39.50 - - [08/Feb/2020:19:49:18 -0800] "GET / HTTP/1.1" 200 79394 "-" "check_http/v2.2.1 (nagios-plugins 2.2.1)"
210.54.39.50 - - [08/Feb/2020:19:54:20 -0800] "GET / HTTP/1.1" 200 79394 "-" "check_http/v2.2.1 (nagios-plugins 2.2.1)"
210.54.39.50 - - [08/Feb/2020:19:59:17 -0800] "GET / HTTP/1.1" 200 79394 "-" "check_http/v2.2.1 (nagios-plugins 2.2.1)"
210.54.39.50 - - [08/Feb/2020:20:04:19 -0800] "GET / HTTP/1.1" 200 79394 "-" "check_http/v2.2.1 (nagios-plugins 2.2.1)"
207.46.13.115 - - [08/Feb/2020:20:04:38 -0800] "GET / HTTP/1.1" 200 17429 "-" "Mozilla/5.0 (compatible; bingbot/2.0; +http://www.bing.com/bingbot.htm)"
210.54.39.50 - - [08/Feb/2020:20:09:18 -0800] "GET / HTTP/1.1" 200 79394 "-" "check_http/v2.2.1 (nagios-plugins 2.2.1)"
210.54.39.50 - - [08/Feb/2020:20:14:20 -0800] "GET / HTTP/1.1" 200 79394 "-" "check_http/v2.2.1 (nagios-plugins 2.2.1)"
210.54.39.50 - - [08/Feb/2020:20:19:18 -0800] "GET / HTTP/1.1" 200 79394 "-" "check_http/v2.2.1 (nagios-plugins 2.2.1)"
210.54.39.50 - - [08/Feb/2020:20:24:19 -0800] "GET / HTTP/1.1" 200 79394 "-" "check_http/v2.2.1 (nagios-plugins 2.2.1)"
5.196.87.153 - - [08/Feb/2020:20:25:27 -0800] "GET / HTTP/1.1" 200 17429 "-" "Mozilla/5.0 (compatible; AhrefsBot/6.1; +http://ahrefs.com/robot/)"
157.55.39.161 - - [08/Feb/2020:20:28:43 -0800] "GET /img/oncekids-fujimini/7.jpg HTTP/1.1" 200 153636 "-" "Mozilla/5.0 (compatible; bingbot/2.0; +http://www.bing.com/bingbot.htm)"
210.54.39.50 - - [08/Feb/2020:20:29:17 -0800] "GET / HTTP/1.1" 200 79394 "-" "check_http/v2.2.1 (nagios-plugins 2.2.1)"
210.54.39.50 - - [08/Feb/2020:20:34:20 -0800] "GET / HTTP/1.1" 200 79394 "-" "check_http/v2.2.1 (nagios-plugins 2.2.1)"
207.46.13.80 - - [08/Feb/2020:20:35:41 -0800] "GET /img/oncekids-fujimini/2.jpg HTTP/1.1" 200 99983 "-" "Mozilla/5.0 (compatible; bingbot/2.0; +http://www.bing.com/bingbot.htm)"
210.54.39.50 - - [08/Feb/2020:20:39:18 -0800] "GET / HTTP/1.1" 200 79394 "-" "check_http/v2.2.1 (nagios-plugins 2.2.1)"
210.54.39.50 - - [08/Feb/2020:20:44:19 -0800] "GET / HTTP/1.1" 200 79394 "-" "check_http/v2.2.1 (nagios-plugins 2.2.1)"
210.54.39.50 - - [08/Feb/2020:20:49:17 -0800] "GET / HTTP/1.1" 200 79394 "-" "check_http/v2.2.1 (nagios-plugins 2.2.1)"
210.54.39.50 - - [08/Feb/2020:20:54:20 -0800] "GET / HTTP/1.1" 200 79394 "-" "check_http/v2.2.1 (nagios-plugins 2.2.1)"
207.46.13.80 - - [08/Feb/2020:20:56:54 -0800] "GET /img/sfnoir/9.jpg HTTP/1.1" 200 64784 "-" "Mozilla/5.0 (compatible; bingbot/2.0; +http://www.bing.com/bingbot.htm)"
210.54.39.50 - - [08/Feb/2020:20:59:18 -0800] "GET / HTTP/1.1" 200 79394 "-" "check_http/v2.2.1 (nagios-plugins 2.2.1)"
210.54.39.50 - - [08/Feb/2020:21:04:19 -0800] "GET / HTTP/1.1" 200 79394 "-" "check_http/v2.2.1 (nagios-plugins 2.2.1)"
210.54.39.50 - - [08/Feb/2020:21:09:17 -0800] "GET / HTTP/1.1" 200 79394 "-" "check_http/v2.2.1 (nagios-plugins 2.2.1)"
210.54.39.50 - - [08/Feb/2020:21:14:19 -0800] "GET / HTTP/1.1" 200 79394 "-" "check_http/v2.2.1 (nagios-plugins 2.2.1)"
210.54.39.50 - - [08/Feb/2020:21:19:17 -0800] "GET / HTTP/1.1" 200 79394 "-" "check_http/v2.2.1 (nagios-plugins 2.2.1)"
207.46.13.115 - - [08/Feb/2020:21:21:29 -0800] "GET /img/wu-wei/5.jpg HTTP/1.1" 200 220470 "-" "Mozilla/5.0 (compatible; bingbot/2.0; +http://www.bing.com/bingbot.htm)"
210.54.39.50 - - [08/Feb/2020:21:24:20 -0800] "GET / HTTP/1.1" 200 79394 "-" "check_http/v2.2.1 (nagios-plugins 2.2.1)"
210.54.39.50 - - [08/Feb/2020:21:29:18 -0800] "GET / HTTP/1.1" 200 79394 "-" "check_http/v2.2.1 (nagios-plugins 2.2.1)"
210.54.39.50 - - [08/Feb/2020:21:34:19 -0800] "GET / HTTP/1.1" 200 79394 "-" "check_http/v2.2.1 (nagios-plugins 2.2.1)"
210.54.39.50 - - [08/Feb/2020:21:39:17 -0800] "GET / HTTP/1.1" 200 79394 "-" "check_http/v2.2.1 (nagios-plugins 2.2.1)"
210.54.39.50 - - [08/Feb/2020:21:44:19 -0800] "GET / HTTP/1.1" 200 79394 "-" "check_http/v2.2.1 (nagios-plugins 2.2.1)"
210.54.39.50 - - [08/Feb/2020:21:49:18 -0800] "GET / HTTP/1.1" 200 79394 "-" "check_http/v2.2.1 (nagios-plugins 2.2.1)"
210.54.39.50 - - [08/Feb/2020:21:54:19 -0800] "GET / HTTP/1.1" 200 79394 "-" "check_http/v2.2.1 (nagios-plugins 2.2.1)"
210.54.39.50 - - [08/Feb/2020:21:59:17 -0800] "GET / HTTP/1.1" 200 79394 "-" "check_http/v2.2.1 (nagios-plugins 2.2.1)"
210.54.39.50 - - [08/Feb/2020:22:04:19 -0800] "GET / HTTP/1.1" 200 79394 "-" "check_http/v2.2.1 (nagios-plugins 2.2.1)"
207.46.13.107 - - [08/Feb/2020:22:06:39 -0800] "GET /img/oncekids-fujimini/7.jpg HTTP/1.1" 200 153636 "-" "Mozilla/5.0 (compatible; bingbot/2.0; +http://www.bing.com/bingbot.htm)"
210.54.39.50 - - [08/Feb/2020:22:09:17 -0800] "GET / HTTP/1.1" 200 79394 "-" "check_http/v2.2.1 (nagios-plugins 2.2.1)"
210.54.39.50 - - [08/Feb/2020:22:14:19 -0800] "GET / HTTP/1.1" 200 79394 "-" "check_http/v2.2.1 (nagios-plugins 2.2.1)"
210.54.39.50 - - [08/Feb/2020:22:19:17 -0800] "GET / HTTP/1.1" 200 79394 "-" "check_http/v2.2.1 (nagios-plugins 2.2.1)"
210.54.39.50 - - [08/Feb/2020:22:24:19 -0800] "GET / HTTP/1.1" 200 79394 "-" "check_http/v2.2.1 (nagios-plugins 2.2.1)"
210.54.39.50 - - [08/Feb/2020:22:29:17 -0800] "GET / HTTP/1.1" 200 79394 "-" "check_http/v2.2.1 (nagios-plugins 2.2.1)"
210.54.39.50 - - [08/Feb/2020:22:34:20 -0800] "GET / HTTP/1.1" 200 79394 "-" "check_http/v2.2.1 (nagios-plugins 2.2.1)"
210.54.39.50 - - [08/Feb/2020:22:39:18 -0800] "GET / HTTP/1.1" 200 79394 "-" "check_http/v2.2.1 (nagios-plugins 2.2.1)"
210.54.39.50 - - [08/Feb/2020:22:44:19 -0800] "GET / HTTP/1.1" 200 79394 "-" "check_http/v2.2.1 (nagios-plugins 2.2.1)"
210.54.39.50 - - [08/Feb/2020:22:49:17 -0800] "GET / HTTP/1.1" 200 79394 "-" "check_http/v2.2.1 (nagios-plugins 2.2.1)"
210.54.39.50 - - [08/Feb/2020:22:54:19 -0800] "GET / HTTP/1.1" 200 79394 "-" "check_http/v2.2.1 (nagios-plugins 2.2.1)"
210.54.39.50 - - [08/Feb/2020:22:59:17 -0800] "GET / HTTP/1.1" 200 79394 "-" "check_http/v2.2.1 (nagios-plugins 2.2.1)"
210.54.39.50 - - [08/Feb/2020:23:04:19 -0800] "GET / HTTP/1.1" 200 79394 "-" "check_http/v2.2.1 (nagios-plugins 2.2.1)"
210.54.39.50 - - [08/Feb/2020:23:09:17 -0800] "GET / HTTP/1.1" 200 79394 "-" "check_http/v2.2.1 (nagios-plugins 2.2.1)"
210.54.39.50 - - [08/Feb/2020:23:14:20 -0800] "GET / HTTP/1.1" 200 79394 "-" "check_http/v2.2.1 (nagios-plugins 2.2.1)"
210.54.39.50 - - [08/Feb/2020:23:19:17 -0800] "GET / HTTP/1.1" 200 79394 "-" "check_http/v2.2.1 (nagios-plugins 2.2.1)"
210.54.39.50 - - [08/Feb/2020:23:24:19 -0800] "GET / HTTP/1.1" 200 79394 "-" "check_http/v2.2.1 (nagios-plugins 2.2.1)"
210.54.39.50 - - [08/Feb/2020:23:29:17 -0800] "GET / HTTP/1.1" 200 79394 "-" "check_http/v2.2.1 (nagios-plugins 2.2.1)"
210.54.39.50 - - [08/Feb/2020:23:34:19 -0800] "GET / HTTP/1.1" 200 79394 "-" "check_http/v2.2.1 (nagios-plugins 2.2.1)"
207.46.13.107 - - [08/Feb/2020:23:35:08 -0800] "GET /img/mixman/thumbs/2.jpg HTTP/1.1" 200 24519 "-" "Mozilla/5.0 (compatible; bingbot/2.0; +http://www.bing.com/bingbot.htm)"
207.46.13.107 - - [08/Feb/2020:23:35:32 -0800] "GET /img/mixman/19.jpg HTTP/1.1" 200 81276 "-" "Mozilla/5.0 (compatible; bingbot/2.0; +http://www.bing.com/bingbot.htm)"
210.54.39.50 - - [08/Feb/2020:23:39:17 -0800] "GET / HTTP/1.1" 200 79394 "-" "check_http/v2.2.1 (nagios-plugins 2.2.1)"
207.46.13.107 - - [08/Feb/2020:23:44:05 -0800] "GET /img/oncekids-fujimini/7.jpg HTTP/1.1" 200 153636 "-" "Mozilla/5.0 (compatible; bingbot/2.0; +http://www.bing.com/bingbot.htm)"
210.54.39.50 - - [08/Feb/2020:23:44:19 -0800] "GET / HTTP/1.1" 200 79394 "-" "check_http/v2.2.1 (nagios-plugins 2.2.1)"
210.54.39.50 - - [08/Feb/2020:23:49:17 -0800] "GET / HTTP/1.1" 200 79394 "-" "check_http/v2.2.1 (nagios-plugins 2.2.1)"
210.54.39.50 - - [08/Feb/2020:23:54:19 -0800] "GET / HTTP/1.1" 200 79394 "-" "check_http/v2.2.1 (nagios-plugins 2.2.1)"
210.54.39.50 - - [08/Feb/2020:23:59:17 -0800] "GET / HTTP/1.1" 200 79394 "-" "check_http/v2.2.1 (nagios-plugins 2.2.1)"
207.46.13.107 - - [09/Feb/2020:00:03:34 -0800] "GET /img/mixman/19.jpg HTTP/1.1" 200 81276 "-" "Mozilla/5.0 (compatible; bingbot/2.0; +http://www.bing.com/bingbot.htm)"
210.54.39.50 - - [09/Feb/2020:00:04:19 -0800] "GET / HTTP/1.1" 200 79394 "-" "check_http/v2.2.1 (nagios-plugins 2.2.1)"
210.54.39.50 - - [09/Feb/2020:00:09:17 -0800] "GET / HTTP/1.1" 200 79394 "-" "check_http/v2.2.1 (nagios-plugins 2.2.1)"
210.54.39.50 - - [09/Feb/2020:00:14:19 -0800] "GET / HTTP/1.1" 200 79394 "-" "check_http/v2.2.1 (nagios-plugins 2.2.1)"
207.46.13.80 - - [09/Feb/2020:00:15:22 -0800] "GET /img/oncekids-fujimini/2.jpg HTTP/1.1" 200 99983 "-" "Mozilla/5.0 (compatible; bingbot/2.0; +http://www.bing.com/bingbot.htm)"
210.54.39.50 - - [09/Feb/2020:00:19:17 -0800] "GET / HTTP/1.1" 200 79394 "-" "check_http/v2.2.1 (nagios-plugins 2.2.1)"
210.54.39.50 - - [09/Feb/2020:00:24:19 -0800] "GET / HTTP/1.1" 200 79394 "-" "check_http/v2.2.1 (nagios-plugins 2.2.1)"
210.54.39.50 - - [09/Feb/2020:00:29:17 -0800] "GET / HTTP/1.1" 200 79394 "-" "check_http/v2.2.1 (nagios-plugins 2.2.1)"
207.46.13.80 - - [09/Feb/2020:00:31:19 -0800] "GET /img/oncekids-fujimini/2.jpg HTTP/1.1" 200 99983 "-" "Mozilla/5.0 (compatible; bingbot/2.0; +http://www.bing.com/bingbot.htm)"
210.54.39.50 - - [09/Feb/2020:00:34:18 -0800] "GET / HTTP/1.1" 200 79394 "-" "check_http/v2.2.1 (nagios-plugins 2.2.1)"
207.46.13.80 - - [09/Feb/2020:00:36:39 -0800] "GET /img/sfnoir/9.jpg HTTP/1.1" 200 64784 "-" "Mozilla/5.0 (compatible; bingbot/2.0; +http://www.bing.com/bingbot.htm)"
210.54.39.50 - - [09/Feb/2020:00:39:17 -0800] "GET / HTTP/1.1" 200 79394 "-" "check_http/v2.2.1 (nagios-plugins 2.2.1)"
207.46.13.107 - - [09/Feb/2020:00:39:43 -0800] "GET /img/mixman/19.jpg HTTP/1.1" 200 81276 "-" "Mozilla/5.0 (compatible; bingbot/2.0; +http://www.bing.com/bingbot.htm)"
210.54.39.50 - - [09/Feb/2020:00:44:19 -0800] "GET / HTTP/1.1" 200 79394 "-" "check_http/v2.2.1 (nagios-plugins 2.2.1)"
210.54.39.50 - - [09/Feb/2020:00:49:17 -0800] "GET / HTTP/1.1" 200 79394 "-" "check_http/v2.2.1 (nagios-plugins 2.2.1)"
40.77.167.8 - - [09/Feb/2020:00:54:00 -0800] "GET /img/njn/6.jpg HTTP/1.1" 200 125438 "-" "Mozilla/5.0 (compatible; bingbot/2.0; +http://www.bing.com/bingbot.htm)"
210.54.39.50 - - [09/Feb/2020:00:54:19 -0800] "GET / HTTP/1.1" 200 79394 "-" "check_http/v2.2.1 (nagios-plugins 2.2.1)"
210.54.39.50 - - [09/Feb/2020:00:59:17 -0800] "GET / HTTP/1.1" 200 79394 "-" "check_http/v2.2.1 (nagios-plugins 2.2.1)"
210.54.39.50 - - [09/Feb/2020:01:04:19 -0800] "GET / HTTP/1.1" 200 79394 "-" "check_http/v2.2.1 (nagios-plugins 2.2.1)"
207.46.13.80 - - [09/Feb/2020:01:06:06 -0800] "GET /img/oncekids-fujimini/2.jpg HTTP/1.1" 200 99983 "-" "Mozilla/5.0 (compatible; bingbot/2.0; +http://www.bing.com/bingbot.htm)"
207.46.13.80 - - [09/Feb/2020:01:08:00 -0800] "GET /img/oncekids-fujimini/thumbs/5.jpg HTTP/1.1" 200 26202 "-" "Mozilla/5.0 (compatible; bingbot/2.0; +http://www.bing.com/bingbot.htm)"
210.54.39.50 - - [09/Feb/2020:01:09:17 -0800] "GET / HTTP/1.1" 200 79394 "-" "check_http/v2.2.1 (nagios-plugins 2.2.1)"
207.46.13.107 - - [09/Feb/2020:01:09:59 -0800] "GET /img/mixman/19.jpg HTTP/1.1" 200 81276 "-" "Mozilla/5.0 (compatible; bingbot/2.0; +http://www.bing.com/bingbot.htm)"
210.54.39.50 - - [09/Feb/2020:01:14:19 -0800] "GET / HTTP/1.1" 200 79394 "-" "check_http/v2.2.1 (nagios-plugins 2.2.1)"
66.249.66.63 - - [09/Feb/2020:01:16:35 -0800] "GET /robots.txt HTTP/1.1" 404 208 "-" "Mozilla/5.0 (compatible; Googlebot/2.1; +http://www.google.com/bot.html)"
66.249.66.59 - - [09/Feb/2020:01:16:35 -0800] "GET / HTTP/1.1" 200 17429 "-" "Mozilla/5.0 (Linux; Android 6.0.1; Nexus 5X Build/MMB29P) AppleWebKit/537.36 (KHTML, like Gecko) Chrome/41.0.2272.96 Mobile Safari/537.36 (compatible; Googlebot/2.1; +http://www.google.com/bot.html)"
66.249.66.59 - - [09/Feb/2020:01:16:41 -0800] "GET /css/styles.css HTTP/1.1" 200 1975 "https://www.rndsquared.com/" "Mozilla/5.0 (Linux; Android 6.0.1; Nexus 5X Build/MMB29P) AppleWebKit/537.36 (KHTML, like Gecko) Chrome/79.0.3945.120 Mobile Safari/537.36 (compatible; Googlebot/2.1; +http://www.google.com/bot.html)"
66.249.66.61 - - [09/Feb/2020:01:16:42 -0800] "GET /css/lightbox.css HTTP/1.1" 200 1003 "https://www.rndsquared.com/" "Mozilla/5.0 (Linux; Android 6.0.1; Nexus 5X Build/MMB29P) AppleWebKit/537.36 (KHTML, like Gecko) Chrome/79.0.3945.120 Mobile Safari/537.36 (compatible; Googlebot/2.1; +http://www.google.com/bot.html)"
210.54.39.50 - - [09/Feb/2020:01:19:17 -0800] "GET / HTTP/1.1" 200 79394 "-" "check_http/v2.2.1 (nagios-plugins 2.2.1)"
207.46.13.80 - - [09/Feb/2020:01:20:49 -0800] "GET /img/oncekids-fujimini/2.jpg HTTP/1.1" 200 99983 "-" "Mozilla/5.0 (compatible; bingbot/2.0; +http://www.bing.com/bingbot.htm)"
207.46.13.80 - - [09/Feb/2020:01:22:19 -0800] "GET /img/oncekids-fujimini/thumbs/5.jpg HTTP/1.1" 200 26202 "-" "Mozilla/5.0 (compatible; bingbot/2.0; +http://www.bing.com/bingbot.htm)"
210.54.39.50 - - [09/Feb/2020:01:24:18 -0800] "GET / HTTP/1.1" 200 79394 "-" "check_http/v2.2.1 (nagios-plugins 2.2.1)"
210.54.39.50 - - [09/Feb/2020:01:29:16 -0800] "GET / HTTP/1.1" 200 79394 "-" "check_http/v2.2.1 (nagios-plugins 2.2.1)"
210.54.39.50 - - [09/Feb/2020:01:34:19 -0800] "GET / HTTP/1.1" 200 79394 "-" "check_http/v2.2.1 (nagios-plugins 2.2.1)"
210.54.39.50 - - [09/Feb/2020:01:39:17 -0800] "GET / HTTP/1.1" 200 79394 "-" "check_http/v2.2.1 (nagios-plugins 2.2.1)"
157.55.39.31 - - [09/Feb/2020:01:41:42 -0800] "GET /robots.txt HTTP/1.1" 404 208 "-" "Mozilla/5.0 (compatible; bingbot/2.0; +http://www.bing.com/bingbot.htm)"
157.55.39.31 - - [09/Feb/2020:01:41:42 -0800] "GET /robots.txt HTTP/1.1" 404 208 "-" "Mozilla/5.0 (compatible; bingbot/2.0; +http://www.bing.com/bingbot.htm)"
210.54.39.50 - - [09/Feb/2020:01:44:19 -0800] "GET / HTTP/1.1" 200 79394 "-" "check_http/v2.2.1 (nagios-plugins 2.2.1)"
207.46.13.107 - - [09/Feb/2020:01:46:05 -0800] "GET /img/oncekids-fujimini/thumbs/6.jpg HTTP/1.1" 200 27603 "-" "Mozilla/5.0 (compatible; bingbot/2.0; +http://www.bing.com/bingbot.htm)"
207.46.13.107 - - [09/Feb/2020:01:46:06 -0800] "GET /img/mixman/19.jpg HTTP/1.1" 200 81276 "-" "Mozilla/5.0 (compatible; bingbot/2.0; +http://www.bing.com/bingbot.htm)"
210.54.39.50 - - [09/Feb/2020:01:49:17 -0800] "GET / HTTP/1.1" 200 79394 "-" "check_http/v2.2.1 (nagios-plugins 2.2.1)"
157.55.39.205 - - [09/Feb/2020:01:51:19 -0800] "GET /img/oncekids-fujimini/thumbs/7.jpg HTTP/1.1" 200 39450 "-" "Mozilla/5.0 (compatible; bingbot/2.0; +http://www.bing.com/bingbot.htm)"
210.54.39.50 - - [09/Feb/2020:01:54:18 -0800] "GET / HTTP/1.1" 200 79394 "-" "check_http/v2.2.1 (nagios-plugins 2.2.1)"
210.54.39.50 - - [09/Feb/2020:01:59:16 -0800] "GET / HTTP/1.1" 200 79394 "-" "check_http/v2.2.1 (nagios-plugins 2.2.1)"
210.54.39.50 - - [09/Feb/2020:02:04:19 -0800] "GET / HTTP/1.1" 200 79394 "-" "check_http/v2.2.1 (nagios-plugins 2.2.1)"
210.54.39.50 - - [09/Feb/2020:02:09:17 -0800] "GET / HTTP/1.1" 200 79394 "-" "check_http/v2.2.1 (nagios-plugins 2.2.1)"
210.54.39.50 - - [09/Feb/2020:02:14:18 -0800] "GET / HTTP/1.1" 200 79394 "-" "check_http/v2.2.1 (nagios-plugins 2.2.1)"
207.46.13.107 - - [09/Feb/2020:02:15:39 -0800] "GET /img/njn/1.jpg HTTP/1.1" 200 88793 "-" "Mozilla/5.0 (compatible; bingbot/2.0; +http://www.bing.com/bingbot.htm)"
210.54.39.50 - - [09/Feb/2020:02:19:16 -0800] "GET / HTTP/1.1" 200 79394 "-" "check_http/v2.2.1 (nagios-plugins 2.2.1)"
207.46.13.80 - - [09/Feb/2020:02:19:46 -0800] "GET /img/oncekids-fujimini/2.jpg HTTP/1.1" 200 99983 "-" "Mozilla/5.0 (compatible; bingbot/2.0; +http://www.bing.com/bingbot.htm)"
207.46.13.80 - - [09/Feb/2020:02:21:59 -0800] "GET /img/oncekids-fujimini/thumbs/5.jpg HTTP/1.1" 200 26202 "-" "Mozilla/5.0 (compatible; bingbot/2.0; +http://www.bing.com/bingbot.htm)"
210.54.39.50 - - [09/Feb/2020:02:24:19 -0800] "GET / HTTP/1.1" 200 79394 "-" "check_http/v2.2.1 (nagios-plugins 2.2.1)"
207.46.13.107 - - [09/Feb/2020:02:25:59 -0800] "GET /img/mixman/19.jpg HTTP/1.1" 200 81276 "-" "Mozilla/5.0 (compatible; bingbot/2.0; +http://www.bing.com/bingbot.htm)"
210.54.39.50 - - [09/Feb/2020:02:29:17 -0800] "GET / HTTP/1.1" 200 79394 "-" "check_http/v2.2.1 (nagios-plugins 2.2.1)"
210.54.39.50 - - [09/Feb/2020:02:34:19 -0800] "GET / HTTP/1.1" 200 79394 "-" "check_http/v2.2.1 (nagios-plugins 2.2.1)"
210.54.39.50 - - [09/Feb/2020:02:39:16 -0800] "GET / HTTP/1.1" 200 79394 "-" "check_http/v2.2.1 (nagios-plugins 2.2.1)"
210.54.39.50 - - [09/Feb/2020:02:44:19 -0800] "GET / HTTP/1.1" 200 79394 "-" "check_http/v2.2.1 (nagios-plugins 2.2.1)"
207.46.13.80 - - [09/Feb/2020:02:46:02 -0800] "GET /img/sfnoir/3.jpg HTTP/1.1" 200 74528 "-" "Mozilla/5.0 (compatible; bingbot/2.0; +http://www.bing.com/bingbot.htm)"
210.54.39.50 - - [09/Feb/2020:02:49:16 -0800] "GET / HTTP/1.1" 200 79394 "-" "check_http/v2.2.1 (nagios-plugins 2.2.1)"
210.54.39.50 - - [09/Feb/2020:02:54:18 -0800] "GET / HTTP/1.1" 200 79394 "-" "check_http/v2.2.1 (nagios-plugins 2.2.1)"
210.54.39.50 - - [09/Feb/2020:02:59:17 -0800] "GET / HTTP/1.1" 200 79394 "-" "check_http/v2.2.1 (nagios-plugins 2.2.1)"
210.54.39.50 - - [09/Feb/2020:03:04:19 -0800] "GET / HTTP/1.1" 200 79394 "-" "check_http/v2.2.1 (nagios-plugins 2.2.1)"
210.54.39.50 - - [09/Feb/2020:03:09:16 -0800] "GET / HTTP/1.1" 200 79394 "-" "check_http/v2.2.1 (nagios-plugins 2.2.1)"
210.54.39.50 - - [09/Feb/2020:03:14:19 -0800] "GET / HTTP/1.1" 200 79394 "-" "check_http/v2.2.1 (nagios-plugins 2.2.1)"
