199.58.86.211 - - [01/Jul/2018:00:26:00 -0700] "GET /robots.txt HTTP/1.1" 404 208 "-" "Mozilla/5.0 (compatible; MJ12bot/v1.4.8; http://mj12bot.com/)"
199.58.86.211 - - [01/Jul/2018:00:26:01 -0700] "GET / HTTP/1.1" 200 72658 "-" "Mozilla/5.0 (compatible; MJ12bot/v1.4.8; http://mj12bot.com/)"
76.103.27.137 - - [01/Jul/2018:00:43:37 -0700] "GET /favicon.ico HTTP/1.1" 404 209 "-" "Mozilla/5.0 (iPad; CPU OS 11_4 like Mac OS X) AppleWebKit/605.1.15 (KHTML, like Gecko) FxiOS/12.1b10941 Mobile/15F79 Safari/605.1.15"
71.205.93.97 - - [01/Jul/2018:01:08:42 -0700] "GET /img/autumn/thumbs/2.jpg HTTP/1.1" 200 45196 "https://www.google.com/" "Mozilla/5.0 (iPad; CPU OS 11_4 like Mac OS X) AppleWebKit/605.1.15 (KHTML, like Gecko) Version/11.0 Mobile/15E148 Safari/604.1"
193.106.30.99 - - [01/Jul/2018:01:35:31 -0700] "GET /cache.php HTTP/1.1" 404 207 "-" "Mozilla/5.0 (Windows NT 6.1; rv:34.0) Gecko/20100101 Firefox/34.0"
176.8.89.165 - - [01/Jul/2018:01:59:40 -0700] "GET / HTTP/1.1" 200 72658 "http://porno-chaman.info/" "Mozilla/4.0 (compatible; MSIE 6.0; Windows NT 5.2; Win64; AMD64)"
176.8.89.165 - - [01/Jul/2018:01:59:44 -0700] "GET / HTTP/1.1" 200 72658 "http://porno-chaman.info/" "Mozilla/4.0 (compatible; MSIE 6.0; Windows NT 5.2; Win64; AMD64)"
77.75.79.101 - - [01/Jul/2018:02:30:05 -0700] "GET /robots.txt HTTP/1.1" 404 208 "-" "Mozilla/5.0 (compatible; SeznamBot/3.2; +http://napoveda.seznam.cz/en/seznambot-intro/)"
77.75.79.101 - - [01/Jul/2018:02:30:10 -0700] "GET /img/oncekids-fujimini/thumbs/8.jpg HTTP/1.1" 304 - "-" "Mozilla/5.0 (compatible; SeznamBot/3.2; +http://napoveda.seznam.cz/en/seznambot-intro/)"
176.74.94.198 - - [01/Jul/2018:02:46:06 -0700] "GET /img/autumn/thumbs/2.jpg HTTP/1.1" 200 45196 "https://www.google.ge/" "Mozilla/5.0 (Windows NT 6.1) AppleWebKit/537.36 (KHTML, like Gecko) Chrome/66.0.3359.139 Safari/537.36"
66.249.79.152 - - [01/Jul/2018:03:31:01 -0700] "GET /robots.txt HTTP/1.1" 404 208 "-" "Mozilla/5.0 (compatible; Googlebot/2.1; +http://www.google.com/bot.html)"
66.249.79.150 - - [01/Jul/2018:03:31:01 -0700] "GET / HTTP/1.1" 200 15893 "-" "Mozilla/5.0 (Linux; Android 6.0.1; Nexus 5X Build/MMB29P) AppleWebKit/537.36 (KHTML, like Gecko) Chrome/41.0.2272.96 Mobile Safari/537.36 (compatible; Googlebot/2.1; +http://www.google.com/bot.html)"
66.249.79.148 - - [01/Jul/2018:03:31:09 -0700] "GET /js/lightbox.js HTTP/1.1" 200 4210 "http://rndsquared.com/" "Mozilla/5.0 (Linux; Android 6.0.1; Nexus 5X Build/MMB29P) AppleWebKit/537.36 (KHTML, like Gecko) Chrome/41.0.2272.96 Mobile Safari/537.36 (compatible; Googlebot/2.1; +http://www.google.com/bot.html)"
77.75.79.72 - - [01/Jul/2018:04:20:59 -0700] "GET /robots.txt HTTP/1.1" 404 208 "-" "Mozilla/5.0 (compatible; SeznamBot/3.2; +http://napoveda.seznam.cz/en/seznambot-intro/)"
77.75.79.72 - - [01/Jul/2018:04:21:06 -0700] "GET /img/oncekids-fujimini/4.jpg HTTP/1.1" 304 - "-" "Mozilla/5.0 (compatible; SeznamBot/3.2; +http://napoveda.seznam.cz/en/seznambot-intro/)"
66.249.79.150 - - [01/Jul/2018:04:47:12 -0700] "GET / HTTP/1.1" 200 15893 "-" "Mozilla/5.0 (Linux; Android 6.0.1; Nexus 5X Build/MMB29P) AppleWebKit/537.36 (KHTML, like Gecko) Chrome/41.0.2272.96 Mobile Safari/537.36 (compatible; Googlebot/2.1; +http://www.google.com/bot.html)"
66.249.79.150 - - [01/Jul/2018:04:47:16 -0700] "GET /css/bootstrap.min.css HTTP/1.1" 200 11249 "http://rndsquared.com/" "Mozilla/5.0 (Linux; Android 6.0.1; Nexus 5X Build/MMB29P) AppleWebKit/537.36 (KHTML, like Gecko) Chrome/41.0.2272.96 Mobile Safari/537.36 (compatible; Googlebot/2.1; +http://www.google.com/bot.html)"
178.137.83.231 - - [01/Jul/2018:05:08:35 -0700] "GET / HTTP/1.1" 200 72658 "https://ask-yug.com/" "Mozilla/4.0 (compatible; MSIE 6.0; Windows NT 5.1; FREE; .NET CLR 1.1.4322)"
46.119.115.156 - - [01/Jul/2018:05:42:37 -0700] "GET / HTTP/1.1" 200 72658 "https://tattoo-stickers.ru/" "Mozilla/4.0 (compatible; MSIE 6.0; Windows NT 5.1; KKman2.0)"
46.119.115.156 - - [01/Jul/2018:05:42:40 -0700] "GET / HTTP/1.1" 200 72658 "https://tattoo-stickers.ru/" "Mozilla/4.0 (compatible; MSIE 6.0; Windows NT 5.1; KKman2.0)"
157.55.39.121 - - [01/Jul/2018:06:35:57 -0700] "GET / HTTP/1.1" 200 15893 "-" "Mozilla/5.0 (compatible; bingbot/2.0; +http://www.bing.com/bingbot.htm)"
66.249.79.148 - - [01/Jul/2018:07:35:06 -0700] "GET /js/lightbox.js HTTP/1.1" 200 4210 "http://rndsquared.com/" "Mozilla/5.0 (Linux; Android 6.0.1; Nexus 5X Build/MMB29P) AppleWebKit/537.36 (KHTML, like Gecko) Chrome/41.0.2272.96 Mobile Safari/537.36 (compatible; Googlebot/2.1; +http://www.google.com/bot.html)"
66.249.79.148 - - [01/Jul/2018:07:35:08 -0700] "GET /css/lightbox.css HTTP/1.1" 200 1003 "http://rndsquared.com/" "Mozilla/5.0 (Linux; Android 6.0.1; Nexus 5X Build/MMB29P) AppleWebKit/537.36 (KHTML, like Gecko) Chrome/41.0.2272.96 Mobile Safari/537.36 (compatible; Googlebot/2.1; +http://www.google.com/bot.html)"
66.249.79.148 - - [01/Jul/2018:07:35:12 -0700] "GET /favicon.ico HTTP/1.1" 404 209 "-" "Googlebot-Image/1.0"
46.119.121.187 - - [01/Jul/2018:08:01:44 -0700] "GET / HTTP/1.1" 200 72658 "https://ofermerah.com/" "Mozilla/4.0 (compatible; MSIE 6.0; MSIE 5.5; Windows NT 5.0) Opera 7.02 Bork-edition [en]"
46.119.121.187 - - [01/Jul/2018:08:06:12 -0700] "GET / HTTP/1.1" 200 72658 "https://sinhronperevod.ru/" "Mozilla/4.0 (compatible; MSIE 6.0; Windows NT 5.1; SV1; .NET CLR 1.1.4322)"
176.8.89.165 - - [01/Jul/2018:09:08:18 -0700] "GET / HTTP/1.1" 200 72658 "https://vzheludke.com/" "Mozilla/4.0 (compatible- MSIE 6.0- Windows NT 5.1- SV1- .NET CLR 1.1.4322"
176.8.89.165 - - [01/Jul/2018:09:08:21 -0700] "GET / HTTP/1.1" 200 72658 "https://vzheludke.com/" "Mozilla/4.0 (compatible- MSIE 6.0- Windows NT 5.1- SV1- .NET CLR 1.1.4322"
176.8.89.165 - - [01/Jul/2018:09:08:22 -0700] "GET / HTTP/1.1" 200 72658 "https://vzheludke.com/" "Mozilla/4.0 (compatible- MSIE 6.0- Windows NT 5.1- SV1- .NET CLR 1.1.4322"
81.100.203.238 - - [01/Jul/2018:09:33:37 -0700] "GET /img/autumn/thumbs/2.jpg HTTP/1.1" 200 45196 "https://www.google.com/" "Mozilla/5.0 (Macintosh; Intel Mac OS X 10_10_5) AppleWebKit/603.3.8 (KHTML, like Gecko) Version/10.1.2 Safari/603.3.8"
68.104.15.157 - - [01/Jul/2018:10:35:44 -0700] "GET /img/autumn/thumbs/1.jpg HTTP/1.1" 200 24768 "https://www.google.com/" "Mozilla/5.0 (iPhone; CPU iPhone OS 11_4 like Mac OS X) AppleWebKit/605.1.15 (KHTML, like Gecko) Version/11.0 Mobile/15E148 Safari/604.1"
76.103.27.137 - - [01/Jul/2018:11:12:33 -0700] "GET /favicon.ico HTTP/1.1" 404 209 "-" "Mozilla/5.0 (iPad; CPU OS 11_4 like Mac OS X) AppleWebKit/605.1.15 (KHTML, like Gecko) FxiOS/12.1b10941 Mobile/15F79 Safari/605.1.15"
180.76.15.21 - - [01/Jul/2018:11:55:22 -0700] "GET /js/ HTTP/1.1" 200 635 "-" "Mozilla/5.0 (compatible; Baiduspider/2.0; +http://www.baidu.com/search/spider.html)"
66.249.79.148 - - [01/Jul/2018:13:05:53 -0700] "GET / HTTP/1.1" 200 15893 "-" "Mozilla/5.0 (Linux; Android 6.0.1; Nexus 5X Build/MMB29P) AppleWebKit/537.36 (KHTML, like Gecko) Chrome/41.0.2272.96 Mobile Safari/537.36 (compatible; Googlebot/2.1; +http://www.google.com/bot.html)"
66.249.79.148 - - [01/Jul/2018:13:05:58 -0700] "GET /css/bootstrap.min.css HTTP/1.1" 200 11249 "http://rndsquared.com/" "Mozilla/5.0 (Linux; Android 6.0.1; Nexus 5X Build/MMB29P) AppleWebKit/537.36 (KHTML, like Gecko) Chrome/41.0.2272.96 Mobile Safari/537.36 (compatible; Googlebot/2.1; +http://www.google.com/bot.html)"
162.208.51.36 - - [01/Jul/2018:15:07:08 -0700] "GET / HTTP/1.1" 200 72658 "-" "Mozilla/5.0 (Windows NT 10.0; WOW64; rv:40.0) Gecko/20100101 Firefox/40.0"
162.208.51.36 - - [01/Jul/2018:15:07:09 -0700] "GET /img/sfnoir/thumbs/ HTTP/1.1" 200 2411 "-" "Mozilla/5.0 (Windows NT 10.0; WOW64; rv:40.0) Gecko/20100101 Firefox/40.0"
162.208.51.36 - - [01/Jul/2018:15:07:13 -0700] "GET /img/oncekids-fujimini/thumbs/ HTTP/1.1" 200 2254 "-" "Mozilla/5.0 (Windows NT 10.0; WOW64; rv:40.0) Gecko/20100101 Firefox/40.0"
162.208.51.36 - - [01/Jul/2018:15:07:25 -0700] "GET /img/bs4w/ HTTP/1.1" 200 2390 "-" "Mozilla/5.0 (Windows NT 10.0; WOW64; rv:40.0) Gecko/20100101 Firefox/40.0"
162.208.51.36 - - [01/Jul/2018:15:07:34 -0700] "GET /img/autumn/ HTTP/1.1" 200 2394 "-" "Mozilla/5.0 (Windows NT 10.0; WOW64; rv:40.0) Gecko/20100101 Firefox/40.0"
162.208.51.36 - - [01/Jul/2018:15:07:35 -0700] "GET /img/wu-wei/thumbs/ HTTP/1.1" 200 2603 "-" "Mozilla/5.0 (Windows NT 10.0; WOW64; rv:40.0) Gecko/20100101 Firefox/40.0"
162.208.51.36 - - [01/Jul/2018:15:07:42 -0700] "GET /img/urban-cowgirl/thumbs/ HTTP/1.1" 200 1862 "-" "Mozilla/5.0 (Windows NT 10.0; WOW64; rv:40.0) Gecko/20100101 Firefox/40.0"
162.208.51.36 - - [01/Jul/2018:15:07:47 -0700] "GET /img/mixman/thumbs/ HTTP/1.1" 200 4331 "-" "Mozilla/5.0 (Windows NT 10.0; WOW64; rv:40.0) Gecko/20100101 Firefox/40.0"
162.208.51.36 - - [01/Jul/2018:15:07:50 -0700] "GET /img/autumn/thumbs/ HTTP/1.1" 200 2221 "-" "Mozilla/5.0 (Windows NT 10.0; WOW64; rv:40.0) Gecko/20100101 Firefox/40.0"
162.208.51.36 - - [01/Jul/2018:15:07:53 -0700] "GET /img/oncekids-fujimini/ HTTP/1.1" 200 2416 "-" "Mozilla/5.0 (Windows NT 10.0; WOW64; rv:40.0) Gecko/20100101 Firefox/40.0"
162.208.51.36 - - [01/Jul/2018:15:07:56 -0700] "GET /img/mixman/ HTTP/1.1" 200 4504 "-" "Mozilla/5.0 (Windows NT 10.0; WOW64; rv:40.0) Gecko/20100101 Firefox/40.0"
162.208.51.36 - - [01/Jul/2018:15:08:04 -0700] "GET /img/wu-wei/ HTTP/1.1" 200 2776 "-" "Mozilla/5.0 (Windows NT 10.0; WOW64; rv:40.0) Gecko/20100101 Firefox/40.0"
162.208.51.36 - - [01/Jul/2018:15:08:08 -0700] "GET / HTTP/1.1" 200 72658 "-" "Mozilla/5.0 (Windows NT 10.0; WOW64; rv:40.0) Gecko/20100101 Firefox/40.0"
162.208.51.36 - - [01/Jul/2018:15:08:17 -0700] "GET /img/njn/ HTTP/1.1" 200 2388 "-" "Mozilla/5.0 (Windows NT 10.0; WOW64; rv:40.0) Gecko/20100101 Firefox/40.0"
162.208.51.36 - - [01/Jul/2018:15:08:25 -0700] "GET /img/sfnoir/ HTTP/1.1" 200 2584 "-" "Mozilla/5.0 (Windows NT 10.0; WOW64; rv:40.0) Gecko/20100101 Firefox/40.0"
162.208.51.36 - - [01/Jul/2018:15:08:28 -0700] "GET /img/bs4w/thumbs/ HTTP/1.1" 200 2215 "-" "Mozilla/5.0 (Windows NT 10.0; WOW64; rv:40.0) Gecko/20100101 Firefox/40.0"
162.208.51.36 - - [01/Jul/2018:15:08:33 -0700] "GET /img/njn/thumbs/ HTTP/1.1" 200 2212 "-" "Mozilla/5.0 (Windows NT 10.0; WOW64; rv:40.0) Gecko/20100101 Firefox/40.0"
162.208.51.36 - - [01/Jul/2018:15:08:37 -0700] "GET /img/urban-cowgirl/ HTTP/1.1" 200 2028 "-" "Mozilla/5.0 (Windows NT 10.0; WOW64; rv:40.0) Gecko/20100101 Firefox/40.0"
162.208.51.36 - - [01/Jul/2018:15:08:45 -0700] "GET /img/ HTTP/1.1" 200 3798 "-" "Mozilla/5.0 (Windows NT 10.0; WOW64; rv:40.0) Gecko/20100101 Firefox/40.0"
162.208.51.36 - - [01/Jul/2018:15:14:27 -0700] "GET /img/mixman/thumbs/14.jpg HTTP/1.1" 200 34383 "-" "Mozilla/5.0 (Windows; U; Windows NT 6.1; rv:2.2) Gecko/20110201"
162.208.51.36 - - [01/Jul/2018:15:14:27 -0700] "GET /img/mixman/2.jpg HTTP/1.1" 200 80932 "-" "Mozilla/5.0 (Windows; U; Windows NT 6.1; rv:2.2) Gecko/20110201"
162.208.51.36 - - [01/Jul/2018:15:14:27 -0700] "GET /img/bs4w/thumbs/7.jpg HTTP/1.1" 200 23328 "-" "Mozilla/5.0 (Windows; U; Windows NT 6.1; rv:2.2) Gecko/20110201"
162.208.51.36 - - [01/Jul/2018:15:14:27 -0700] "GET /img/mixman/thumbs/3.jpg HTTP/1.1" 200 32138 "-" "Mozilla/5.0 (Windows; U; Windows NT 6.1; rv:2.2) Gecko/20110201"
162.208.51.36 - - [01/Jul/2018:15:14:28 -0700] "GET /img/autumn/thumbs/6.jpg HTTP/1.1" 200 30923 "-" "Mozilla/5.0 (Windows; U; Windows NT 6.1; rv:2.2) Gecko/20110201"
162.208.51.36 - - [01/Jul/2018:15:14:28 -0700] "GET /img/urban-cowgirl/thumbs/4.jpg HTTP/1.1" 200 27112 "-" "Mozilla/5.0 (Windows; U; Windows NT 6.1; rv:2.2) Gecko/20110201"
162.208.51.36 - - [01/Jul/2018:15:14:28 -0700] "GET /img/bs4w/thumbs/3.jpg HTTP/1.1" 200 21431 "-" "Mozilla/5.0 (Windows; U; Windows NT 6.1; rv:2.2) Gecko/20110201"
162.208.51.36 - - [01/Jul/2018:15:14:28 -0700] "GET /img/urban-cowgirl/thumbs/6.jpg HTTP/1.1" 200 14645 "-" "Mozilla/5.0 (Windows; U; Windows NT 6.1; rv:2.2) Gecko/20110201"
162.208.51.36 - - [01/Jul/2018:15:14:28 -0700] "GET /img/mixman/thumbs/11.jpg HTTP/1.1" 200 32588 "-" "Mozilla/5.0 (Windows; U; Windows NT 6.1; rv:2.2) Gecko/20110201"
162.208.51.36 - - [01/Jul/2018:15:14:28 -0700] "GET /img/wu-wei/thumbs/4.jpg HTTP/1.1" 200 24258 "-" "Mozilla/5.0 (Windows; U; Windows NT 6.1; rv:2.2) Gecko/20110201"
162.208.51.36 - - [01/Jul/2018:15:14:28 -0700] "GET /img/bs4w/thumbs/2.jpg HTTP/1.1" 200 31891 "-" "Mozilla/5.0 (Windows; U; Windows NT 6.1; rv:2.2) Gecko/20110201"
162.208.51.36 - - [01/Jul/2018:15:14:28 -0700] "GET /img/sfnoir/thumbs/4.jpg HTTP/1.1" 200 29373 "-" "Mozilla/5.0 (Windows; U; Windows NT 6.1; rv:2.2) Gecko/20110201"
162.208.51.36 - - [01/Jul/2018:15:14:28 -0700] "GET /img/njn/thumbs/4.jpg HTTP/1.1" 200 32206 "-" "Mozilla/5.0 (Windows; U; Windows NT 6.1; rv:2.2) Gecko/20110201"
162.208.51.36 - - [01/Jul/2018:15:14:28 -0700] "GET /img/wu-wei/thumbs/9.jpg HTTP/1.1" 200 35525 "-" "Mozilla/5.0 (Windows; U; Windows NT 6.1; rv:2.2) Gecko/20110201"
162.208.51.36 - - [01/Jul/2018:15:14:28 -0700] "GET /img/oncekids-fujimini/3.jpg HTTP/1.1" 200 143020 "-" "Mozilla/5.0 (Windows; U; Windows NT 6.1; rv:2.2) Gecko/20110201"
162.208.51.36 - - [01/Jul/2018:15:14:28 -0700] "GET /img/mixman/6.jpg HTTP/1.1" 200 105501 "-" "Mozilla/5.0 (Windows; U; Windows NT 6.1; rv:2.2) Gecko/20110201"
162.208.51.36 - - [01/Jul/2018:15:14:28 -0700] "GET /img/bs4w/thumbs/6.jpg HTTP/1.1" 200 12384 "-" "Mozilla/5.0 (Windows; U; Windows NT 6.1; rv:2.2) Gecko/20110201"
162.208.51.36 - - [01/Jul/2018:15:14:28 -0700] "GET /img/urban-cowgirl/thumbs/1.jpg HTTP/1.1" 200 26624 "-" "Mozilla/5.0 (Windows; U; Windows NT 6.1; rv:2.2) Gecko/20110201"
162.208.51.36 - - [01/Jul/2018:15:14:28 -0700] "GET /img/sfnoir/1.jpg HTTP/1.1" 200 77798 "-" "Mozilla/5.0 (Windows; U; Windows NT 6.1; rv:2.2) Gecko/20110201"
162.208.51.36 - - [01/Jul/2018:15:14:28 -0700] "GET /img/mixman/9.jpg HTTP/1.1" 200 141085 "-" "Mozilla/5.0 (Windows; U; Windows NT 6.1; rv:2.2) Gecko/20110201"
162.208.51.36 - - [01/Jul/2018:15:14:28 -0700] "GET /img/wu-wei/3.jpg HTTP/1.1" 200 173337 "-" "Mozilla/5.0 (Windows; U; Windows NT 6.1; rv:2.2) Gecko/20110201"
162.208.51.36 - - [01/Jul/2018:15:14:28 -0700] "GET /img/njn/8.jpg HTTP/1.1" 200 124240 "-" "Mozilla/5.0 (Windows; U; Windows NT 6.1; rv:2.2) Gecko/20110201"
162.208.51.36 - - [01/Jul/2018:15:14:29 -0700] "GET /img/njn/thumbs/8.jpg HTTP/1.1" 200 28396 "-" "Mozilla/5.0 (Windows; U; Windows NT 6.1; rv:2.2) Gecko/20110201"
162.208.51.36 - - [01/Jul/2018:15:14:29 -0700] "GET /img/oncekids-fujimini/thumbs/6.jpg HTTP/1.1" 200 27603 "-" "Mozilla/5.0 (Windows; U; Windows NT 6.1; rv:2.2) Gecko/20110201"
162.208.51.36 - - [01/Jul/2018:15:14:29 -0700] "GET /img/bs4w/5.jpg HTTP/1.1" 200 42135 "-" "Mozilla/5.0 (Windows; U; Windows NT 6.1; rv:2.2) Gecko/20110201"
162.208.51.36 - - [01/Jul/2018:15:14:29 -0700] "GET /img/sfnoir/4.jpg HTTP/1.1" 200 126425 "-" "Mozilla/5.0 (Windows; U; Windows NT 6.1; rv:2.2) Gecko/20110201"
162.208.51.36 - - [01/Jul/2018:15:14:29 -0700] "GET /img/oncekids-fujimini/thumbs/4.jpg HTTP/1.1" 200 39689 "-" "Mozilla/5.0 (Windows; U; Windows NT 6.1; rv:2.2) Gecko/20110201"
162.208.51.36 - - [01/Jul/2018:15:14:29 -0700] "GET /img/oncekids-fujimini/8.jpg HTTP/1.1" 200 78635 "-" "Mozilla/5.0 (Windows; U; Windows NT 6.1; rv:2.2) Gecko/20110201"
162.208.51.36 - - [01/Jul/2018:15:14:29 -0700] "GET /img/mixman/15.jpg HTTP/1.1" 200 115845 "-" "Mozilla/5.0 (Windows; U; Windows NT 6.1; rv:2.2) Gecko/20110201"
162.208.51.36 - - [01/Jul/2018:15:14:29 -0700] "GET /img/mixman/17.jpg HTTP/1.1" 200 60460 "-" "Mozilla/5.0 (Windows; U; Windows NT 6.1; rv:2.2) Gecko/20110201"
162.208.51.36 - - [01/Jul/2018:15:14:29 -0700] "GET /img/autumn/3.jpg HTTP/1.1" 200 506599 "-" "Mozilla/5.0 (Windows; U; Windows NT 6.1; rv:2.2) Gecko/20110201"
162.208.51.36 - - [01/Jul/2018:15:14:30 -0700] "GET /img/wu-wei/thumbs/8.jpg HTTP/1.1" 200 26727 "-" "Mozilla/5.0 (Windows; U; Windows NT 6.1; rv:2.2) Gecko/20110201"
162.208.51.36 - - [01/Jul/2018:15:14:30 -0700] "GET /img/oncekids-fujimini/thumbs/2.jpg HTTP/1.1" 200 36054 "-" "Mozilla/5.0 (Windows; U; Windows NT 6.1; rv:2.2) Gecko/20110201"
162.208.51.36 - - [01/Jul/2018:15:14:30 -0700] "GET /img/oncekids-fujimini/thumbs/5.jpg HTTP/1.1" 200 26202 "-" "Mozilla/5.0 (Windows; U; Windows NT 6.1; rv:2.2) Gecko/20110201"
162.208.51.36 - - [01/Jul/2018:15:14:30 -0700] "GET /img/oncekids-fujimini/6.jpg HTTP/1.1" 200 118631 "-" "Mozilla/5.0 (Windows; U; Windows NT 6.1; rv:2.2) Gecko/20110201"
162.208.51.36 - - [01/Jul/2018:15:14:30 -0700] "GET /img/njn/thumbs/3.jpg HTTP/1.1" 200 33267 "-" "Mozilla/5.0 (Windows; U; Windows NT 6.1; rv:2.2) Gecko/20110201"
162.208.51.36 - - [01/Jul/2018:15:14:30 -0700] "GET /img/bs4w/thumbs/4.jpg HTTP/1.1" 200 27608 "-" "Mozilla/5.0 (Windows; U; Windows NT 6.1; rv:2.2) Gecko/20110201"
162.208.51.36 - - [01/Jul/2018:15:14:30 -0700] "GET /img/mixman/thumbs/6.jpg HTTP/1.1" 200 29592 "-" "Mozilla/5.0 (Windows; U; Windows NT 6.1; rv:2.2) Gecko/20110201"
162.208.51.36 - - [01/Jul/2018:15:14:30 -0700] "GET /img/njn/6.jpg HTTP/1.1" 200 125438 "-" "Mozilla/5.0 (Windows; U; Windows NT 6.1; rv:2.2) Gecko/20110201"
162.208.51.36 - - [01/Jul/2018:15:14:30 -0700] "GET /img/njn/1.jpg HTTP/1.1" 200 88793 "-" "Mozilla/5.0 (Windows; U; Windows NT 6.1; rv:2.2) Gecko/20110201"
162.208.51.36 - - [01/Jul/2018:15:14:30 -0700] "GET /img/mixman/thumbs/8.jpg HTTP/1.1" 200 31534 "-" "Mozilla/5.0 (Windows; U; Windows NT 6.1; rv:2.2) Gecko/20110201"
162.208.51.36 - - [01/Jul/2018:15:14:30 -0700] "GET /img/mixman/thumbs/13.jpg HTTP/1.1" 200 28845 "-" "Mozilla/5.0 (Windows; U; Windows NT 6.1; rv:2.2) Gecko/20110201"
162.208.51.36 - - [01/Jul/2018:15:14:30 -0700] "GET /img/autumn/5.jpg HTTP/1.1" 200 180877 "-" "Mozilla/5.0 (Windows; U; Windows NT 6.1; rv:2.2) Gecko/20110201"
162.208.51.36 - - [01/Jul/2018:15:14:30 -0700] "GET /img/wu-wei/9.jpg HTTP/1.1" 200 398953 "-" "Mozilla/5.0 (Windows; U; Windows NT 6.1; rv:2.2) Gecko/20110201"
162.208.51.36 - - [01/Jul/2018:15:14:30 -0700] "GET /img/sfnoir/6.jpg HTTP/1.1" 200 112789 "-" "Mozilla/5.0 (Windows; U; Windows NT 6.1; rv:2.2) Gecko/20110201"
162.208.51.36 - - [01/Jul/2018:15:14:30 -0700] "GET /img/urban-cowgirl/thumbs/3.jpg HTTP/1.1" 200 25487 "-" "Mozilla/5.0 (Windows; U; Windows NT 6.1; rv:2.2) Gecko/20110201"
162.208.51.36 - - [01/Jul/2018:15:14:30 -0700] "GET /img/wu-wei/5.jpg HTTP/1.1" 200 220470 "-" "Mozilla/5.0 (Windows; U; Windows NT 6.1; rv:2.2) Gecko/20110201"
162.208.51.36 - - [01/Jul/2018:15:14:30 -0700] "GET /img/njn/3.jpg HTTP/1.1" 200 157605 "-" "Mozilla/5.0 (Windows; U; Windows NT 6.1; rv:2.2) Gecko/20110201"
162.208.51.36 - - [01/Jul/2018:15:14:31 -0700] "GET /img/mixman/thumbs/16.jpg HTTP/1.1" 200 36852 "-" "Mozilla/5.0 (Windows; U; Windows NT 6.1; rv:2.2) Gecko/20110201"
162.208.51.36 - - [01/Jul/2018:15:14:31 -0700] "GET /img/wu-wei/thumbs/2.jpg HTTP/1.1" 200 21193 "-" "Mozilla/5.0 (Windows; U; Windows NT 6.1; rv:2.2) Gecko/20110201"
162.208.51.36 - - [01/Jul/2018:15:14:31 -0700] "GET /img/sfnoir/thumbs/1.jpg HTTP/1.1" 200 25215 "-" "Mozilla/5.0 (Windows; U; Windows NT 6.1; rv:2.2) Gecko/20110201"
162.208.51.36 - - [01/Jul/2018:15:14:31 -0700] "GET /img/wu-wei/1.jpg HTTP/1.1" 200 323401 "-" "Mozilla/5.0 (Windows; U; Windows NT 6.1; rv:2.2) Gecko/20110201"
162.208.51.36 - - [01/Jul/2018:15:14:32 -0700] "GET /img/sfnoir/thumbs/3.jpg HTTP/1.1" 200 22380 "-" "Mozilla/5.0 (Windows; U; Windows NT 6.1; rv:2.2) Gecko/20110201"
162.208.51.36 - - [01/Jul/2018:15:14:32 -0700] "GET /img/autumn/thumbs/5.jpg HTTP/1.1" 200 29246 "-" "Mozilla/5.0 (Windows; U; Windows NT 6.1; rv:2.2) Gecko/20110201"
162.208.51.36 - - [01/Jul/2018:15:14:32 -0700] "GET /img/mixman/thumbs/4.jpg HTTP/1.1" 200 35783 "-" "Mozilla/5.0 (Windows; U; Windows NT 6.1; rv:2.2) Gecko/20110201"
162.208.51.36 - - [01/Jul/2018:15:14:32 -0700] "GET /img/autumn/thumbs/3.jpg HTTP/1.1" 200 40589 "-" "Mozilla/5.0 (Windows; U; Windows NT 6.1; rv:2.2) Gecko/20110201"
162.208.51.36 - - [01/Jul/2018:15:14:32 -0700] "GET /img/urban-cowgirl/thumbs/5.jpg HTTP/1.1" 200 26913 "-" "Mozilla/5.0 (Windows; U; Windows NT 6.1; rv:2.2) Gecko/20110201"
162.208.51.36 - - [01/Jul/2018:15:14:32 -0700] "GET /img/autumn/thumbs/2.jpg HTTP/1.1" 200 45196 "-" "Mozilla/5.0 (Windows; U; Windows NT 6.1; rv:2.2) Gecko/20110201"
162.208.51.36 - - [01/Jul/2018:15:14:32 -0700] "GET /img/bs4w/6.jpg HTTP/1.1" 200 42274 "-" "Mozilla/5.0 (Windows; U; Windows NT 6.1; rv:2.2) Gecko/20110201"
162.208.51.36 - - [01/Jul/2018:15:14:32 -0700] "GET /img/njn/thumbs/5.jpg HTTP/1.1" 200 27963 "-" "Mozilla/5.0 (Windows; U; Windows NT 6.1; rv:2.2) Gecko/20110201"
162.208.51.36 - - [01/Jul/2018:15:14:32 -0700] "GET /img/njn/thumbs/2.jpg HTTP/1.1" 200 26672 "-" "Mozilla/5.0 (Windows; U; Windows NT 6.1; rv:2.2) Gecko/20110201"
162.208.51.36 - - [01/Jul/2018:15:14:32 -0700] "GET /img/bs4w/thumbs/8.jpg HTTP/1.1" 200 22657 "-" "Mozilla/5.0 (Windows; U; Windows NT 6.1; rv:2.2) Gecko/20110201"
162.208.51.36 - - [01/Jul/2018:15:14:32 -0700] "GET /img/mixman/thumbs/7.jpg HTTP/1.1" 200 29010 "-" "Mozilla/5.0 (Windows; U; Windows NT 6.1; rv:2.2) Gecko/20110201"
162.208.51.36 - - [01/Jul/2018:15:14:32 -0700] "GET /img/wu-wei/thumbs/5.jpg HTTP/1.1" 200 22671 "-" "Mozilla/5.0 (Windows; U; Windows NT 6.1; rv:2.2) Gecko/20110201"
162.208.51.36 - - [01/Jul/2018:15:14:32 -0700] "GET /img/mixman/7.jpg HTTP/1.1" 200 107323 "-" "Mozilla/5.0 (Windows; U; Windows NT 6.1; rv:2.2) Gecko/20110201"
162.208.51.36 - - [01/Jul/2018:15:14:32 -0700] "GET /img/mixman/16.jpg HTTP/1.1" 200 113328 "-" "Mozilla/5.0 (Windows; U; Windows NT 6.1; rv:2.2) Gecko/20110201"
162.208.51.36 - - [01/Jul/2018:15:14:32 -0700] "GET /img/bs4w/4.jpg HTTP/1.1" 200 93892 "-" "Mozilla/5.0 (Windows; U; Windows NT 6.1; rv:2.2) Gecko/20110201"
162.208.51.36 - - [01/Jul/2018:15:14:32 -0700] "GET /img/bs4w/thumbs/5.jpg HTTP/1.1" 200 12034 "-" "Mozilla/5.0 (Windows; U; Windows NT 6.1; rv:2.2) Gecko/20110201"
162.208.51.36 - - [01/Jul/2018:15:14:32 -0700] "GET /img/urban-cowgirl/5.jpg HTTP/1.1" 200 114905 "-" "Mozilla/5.0 (Windows; U; Windows NT 6.1; rv:2.2) Gecko/20110201"
162.208.51.36 - - [01/Jul/2018:15:14:32 -0700] "GET /img/bs4w/7.jpg HTTP/1.1" 200 80775 "-" "Mozilla/5.0 (Windows; U; Windows NT 6.1; rv:2.2) Gecko/20110201"
162.208.51.36 - - [01/Jul/2018:15:14:32 -0700] "GET /img/njn/7.jpg HTTP/1.1" 200 116420 "-" "Mozilla/5.0 (Windows; U; Windows NT 6.1; rv:2.2) Gecko/20110201"
162.208.51.36 - - [01/Jul/2018:15:14:32 -0700] "GET /img/autumn/4.jpg HTTP/1.1" 200 166546 "-" "Mozilla/5.0 (Windows; U; Windows NT 6.1; rv:2.2) Gecko/20110201"
162.208.51.36 - - [01/Jul/2018:15:14:32 -0700] "GET /img/mixman/18.jpg HTTP/1.1" 200 75474 "-" "Mozilla/5.0 (Windows; U; Windows NT 6.1; rv:2.2) Gecko/20110201"
162.208.51.36 - - [01/Jul/2018:15:14:32 -0700] "GET /img/wu-wei/6.jpg HTTP/1.1" 200 180106 "-" "Mozilla/5.0 (Windows; U; Windows NT 6.1; rv:2.2) Gecko/20110201"
162.208.51.36 - - [01/Jul/2018:15:14:32 -0700] "GET /img/wu-wei/thumbs/3.jpg HTTP/1.1" 200 22711 "-" "Mozilla/5.0 (Windows; U; Windows NT 6.1; rv:2.2) Gecko/20110201"
162.208.51.36 - - [01/Jul/2018:15:14:32 -0700] "GET /img/mixman/thumbs/18.jpg HTTP/1.1" 200 20196 "-" "Mozilla/5.0 (Windows; U; Windows NT 6.1; rv:2.2) Gecko/20110201"
162.208.51.36 - - [01/Jul/2018:15:14:32 -0700] "GET /img/urban-cowgirl/6.jpg HTTP/1.1" 200 56465 "-" "Mozilla/5.0 (Windows; U; Windows NT 6.1; rv:2.2) Gecko/20110201"
162.208.51.36 - - [01/Jul/2018:15:14:32 -0700] "GET /img/autumn/6.jpg HTTP/1.1" 200 149484 "-" "Mozilla/5.0 (Windows; U; Windows NT 6.1; rv:2.2) Gecko/20110201"
162.208.51.36 - - [01/Jul/2018:15:14:32 -0700] "GET /img/wu-wei/10.jpg HTTP/1.1" 200 165194 "-" "Mozilla/5.0 (Windows; U; Windows NT 6.1; rv:2.2) Gecko/20110201"
162.208.51.36 - - [01/Jul/2018:15:14:32 -0700] "GET /img/autumn/2.jpg HTTP/1.1" 200 292159 "-" "Mozilla/5.0 (Windows; U; Windows NT 6.1; rv:2.2) Gecko/20110201"
162.208.51.36 - - [01/Jul/2018:15:14:32 -0700] "GET /img/wu-wei/7.jpg HTTP/1.1" 200 293352 "-" "Mozilla/5.0 (Windows; U; Windows NT 6.1; rv:2.2) Gecko/20110201"
162.208.51.36 - - [01/Jul/2018:15:14:33 -0700] "GET /img/oncekids-fujimini/5.jpg HTTP/1.1" 200 76459 "-" "Mozilla/5.0 (Windows; U; Windows NT 6.1; rv:2.2) Gecko/20110201"
162.208.51.36 - - [01/Jul/2018:15:14:33 -0700] "GET /img/oncekids-fujimini/thumbs/7.jpg HTTP/1.1" 200 39450 "-" "Mozilla/5.0 (Windows; U; Windows NT 6.1; rv:2.2) Gecko/20110201"
162.208.51.36 - - [01/Jul/2018:15:14:36 -0700] "GET /img/sfnoir/thumbs/8.jpg HTTP/1.1" 200 32404 "-" "Mozilla/5.0 (Windows; U; Windows NT 6.1; rv:2.2) Gecko/20110201"
162.208.51.36 - - [01/Jul/2018:15:14:36 -0700] "GET /img/bs4w/1.jpg HTTP/1.1" 200 61424 "-" "Mozilla/5.0 (Windows; U; Windows NT 6.1; rv:2.2) Gecko/20110201"
162.208.51.36 - - [01/Jul/2018:15:14:36 -0700] "GET /img/njn/thumbs/1.jpg HTTP/1.1" 200 24676 "-" "Mozilla/5.0 (Windows; U; Windows NT 6.1; rv:2.2) Gecko/20110201"
162.208.51.36 - - [01/Jul/2018:15:14:36 -0700] "GET /img/mixman/thumbs/12.jpg HTTP/1.1" 200 30954 "-" "Mozilla/5.0 (Windows; U; Windows NT 6.1; rv:2.2) Gecko/20110201"
162.208.51.36 - - [01/Jul/2018:15:14:36 -0700] "GET /img/mixman/thumbs/5.jpg HTTP/1.1" 200 23498 "-" "Mozilla/5.0 (Windows; U; Windows NT 6.1; rv:2.2) Gecko/20110201"
162.208.51.36 - - [01/Jul/2018:15:14:36 -0700] "GET /img/sfnoir/thumbs/9.jpg HTTP/1.1" 200 20844 "-" "Mozilla/5.0 (Windows; U; Windows NT 6.1; rv:2.2) Gecko/20110201"
162.208.51.36 - - [01/Jul/2018:15:14:36 -0700] "GET /img/mixman/12.jpg HTTP/1.1" 200 112736 "-" "Mozilla/5.0 (Windows; U; Windows NT 6.1; rv:2.2) Gecko/20110201"
162.208.51.36 - - [01/Jul/2018:15:14:36 -0700] "GET /img/sfnoir/3.jpg HTTP/1.1" 200 74528 "-" "Mozilla/5.0 (Windows; U; Windows NT 6.1; rv:2.2) Gecko/20110201"
162.208.51.36 - - [01/Jul/2018:15:14:36 -0700] "GET /img/njn/2.jpg HTTP/1.1" 200 103550 "-" "Mozilla/5.0 (Windows; U; Windows NT 6.1; rv:2.2) Gecko/20110201"
162.208.51.36 - - [01/Jul/2018:15:14:36 -0700] "GET /img/njn/4.jpg HTTP/1.1" 200 151484 "-" "Mozilla/5.0 (Windows; U; Windows NT 6.1; rv:2.2) Gecko/20110201"
162.208.51.36 - - [01/Jul/2018:15:14:36 -0700] "GET /img/mixman/14.jpg HTTP/1.1" 200 132076 "-" "Mozilla/5.0 (Windows; U; Windows NT 6.1; rv:2.2) Gecko/20110201"
162.208.51.36 - - [01/Jul/2018:15:14:36 -0700] "GET /img/oncekids-fujimini/7.jpg HTTP/1.1" 200 153636 "-" "Mozilla/5.0 (Windows; U; Windows NT 6.1; rv:2.2) Gecko/20110201"
162.208.51.36 - - [01/Jul/2018:15:14:37 -0700] "GET /img/wu-wei/thumbs/1.jpg HTTP/1.1" 200 35144 "-" "Mozilla/5.0 (Windows; U; Windows NT 6.1; rv:2.2) Gecko/20110201"
162.208.51.36 - - [01/Jul/2018:15:14:37 -0700] "GET /img/sfnoir/thumbs/7.jpg HTTP/1.1" 200 33692 "-" "Mozilla/5.0 (Windows; U; Windows NT 6.1; rv:2.2) Gecko/20110201"
162.208.51.36 - - [01/Jul/2018:15:14:39 -0700] "GET /img/wu-wei/thumbs/10.jpg HTTP/1.1" 200 20185 "-" "Mozilla/5.0 (Windows; U; Windows NT 6.1; rv:2.2) Gecko/20110201"
162.208.51.36 - - [01/Jul/2018:15:14:39 -0700] "GET /img/mixman/thumbs/15.jpg HTTP/1.1" 200 31677 "-" "Mozilla/5.0 (Windows; U; Windows NT 6.1; rv:2.2) Gecko/20110201"
162.208.51.36 - - [01/Jul/2018:15:14:39 -0700] "GET /img/urban-cowgirl/3.jpg HTTP/1.1" 200 80583 "-" "Mozilla/5.0 (Windows; U; Windows NT 6.1; rv:2.2) Gecko/20110201"
162.208.51.36 - - [01/Jul/2018:15:14:43 -0700] "GET /img/mixman/thumbs/17.jpg HTTP/1.1" 200 16331 "-" "Mozilla/5.0 (Windows; U; Windows NT 6.1; rv:2.2) Gecko/20110201"
162.208.51.36 - - [01/Jul/2018:15:14:43 -0700] "GET /img/sfnoir/thumbs/6.jpg HTTP/1.1" 200 31401 "-" "Mozilla/5.0 (Windows; U; Windows NT 6.1; rv:2.2) Gecko/20110201"
162.208.51.36 - - [01/Jul/2018:15:14:43 -0700] "GET /img/autumn/thumbs/8.jpg HTTP/1.1" 200 20283 "-" "Mozilla/5.0 (Windows; U; Windows NT 6.1; rv:2.2) Gecko/20110201"
162.208.51.36 - - [01/Jul/2018:15:14:43 -0700] "GET /img/bs4w/3.jpg HTTP/1.1" 200 74030 "-" "Mozilla/5.0 (Windows; U; Windows NT 6.1; rv:2.2) Gecko/20110201"
162.208.51.36 - - [01/Jul/2018:15:14:43 -0700] "GET /img/urban-cowgirl/2.jpg HTTP/1.1" 200 104975 "-" "Mozilla/5.0 (Windows; U; Windows NT 6.1; rv:2.2) Gecko/20110201"
162.208.51.36 - - [01/Jul/2018:15:14:43 -0700] "GET /img/mixman/11.jpg HTTP/1.1" 200 114722 "-" "Mozilla/5.0 (Windows; U; Windows NT 6.1; rv:2.2) Gecko/20110201"
162.208.51.36 - - [01/Jul/2018:15:14:43 -0700] "GET /img/njn/5.jpg HTTP/1.1" 200 117364 "-" "Mozilla/5.0 (Windows; U; Windows NT 6.1; rv:2.2) Gecko/20110201"
162.208.51.36 - - [01/Jul/2018:15:14:43 -0700] "GET /img/urban-cowgirl/4.jpg HTTP/1.1" 200 103819 "-" "Mozilla/5.0 (Windows; U; Windows NT 6.1; rv:2.2) Gecko/20110201"
162.208.51.36 - - [01/Jul/2018:15:14:44 -0700] "GET /img/oncekids-fujimini/1.jpg HTTP/1.1" 200 109257 "-" "Mozilla/5.0 (Windows; U; Windows NT 6.1; rv:2.2) Gecko/20110201"
162.208.51.36 - - [01/Jul/2018:15:14:46 -0700] "GET /img/mixman/thumbs/10.jpg HTTP/1.1" 200 31032 "-" "Mozilla/5.0 (Windows; U; Windows NT 6.1; rv:2.2) Gecko/20110201"
162.208.51.36 - - [01/Jul/2018:15:18:08 -0700] "GET /img/texture.jpg HTTP/1.1" 200 264098 "-" "Mozilla/5.0 (Windows; U; Windows NT 6.1; rv:2.2) Gecko/20110201"
162.208.51.36 - - [01/Jul/2018:15:18:16 -0700] "GET /img/3.jpg HTTP/1.1" 200 105247 "-" "Mozilla/5.0 (Windows; U; Windows NT 6.1; rv:2.2) Gecko/20110201"
162.208.51.36 - - [01/Jul/2018:15:18:23 -0700] "GET /img/marble.jpg HTTP/1.1" 200 292701 "-" "Mozilla/5.0 (Windows; U; Windows NT 6.1; rv:2.2) Gecko/20110201"
162.208.51.36 - - [01/Jul/2018:15:18:28 -0700] "GET /img/bg.jpg HTTP/1.1" 200 69722 "-" "Mozilla/5.0 (Windows; U; Windows NT 6.1; rv:2.2) Gecko/20110201"
162.208.51.36 - - [01/Jul/2018:15:21:19 -0700] "GET /img/mixman/thumbs/19.jpg HTTP/1.1" 200 22007 "-" "Mozilla/5.0 (Windows; U; Windows NT 6.1; rv:2.2) Gecko/20110201"
162.208.51.36 - - [01/Jul/2018:15:21:36 -0700] "GET /img/mixman/thumbs/1.jpg HTTP/1.1" 200 35516 "-" "Mozilla/5.0 (Windows; U; Windows NT 6.1; rv:2.2) Gecko/20110201"
162.208.51.36 - - [01/Jul/2018:15:22:30 -0700] "GET /img/urban-cowgirl/thumbs/2.jpg HTTP/1.1" 200 24103 "-" "Mozilla/5.0 (Windows; U; Windows NT 6.1; rv:2.2) Gecko/20110201"
162.208.51.36 - - [01/Jul/2018:15:24:07 -0700] "GET /img/wu-wei/4.jpg HTTP/1.1" 200 279891 "-" "Mozilla/5.0 (Windows; U; Windows NT 6.1; rv:2.2) Gecko/20110201"
193.106.30.99 - - [01/Jul/2018:16:05:48 -0700] "POST /wp-content/yt.php HTTP/1.1" 404 215 "-" "Mozilla/5.0 (Windows NT 6.1; rv:34.0) Gecko/20100101 Firefox/34.0"
162.208.51.36 - - [01/Jul/2018:16:09:48 -0700] "GET /img/autumn/thumbs/4.jpg HTTP/1.1" 200 20880 "-" "Mozilla/5.0 (Windows; U; Windows NT 6.1; rv:2.2) Gecko/20110201"
162.208.51.36 - - [01/Jul/2018:16:40:27 -0700] "GET /img/autumn/7.jpg HTTP/1.1" 200 236722 "-" "Mozilla/5.0 (Windows; U; Windows NT 6.1; rv:2.2) Gecko/20110201"
180.76.15.146 - - [01/Jul/2018:16:44:30 -0700] "GET / HTTP/1.1" 200 15893 "-" "Mozilla/5.0 (compatible; Baiduspider/2.0; +http://www.baidu.com/search/spider.html)"
162.208.51.36 - - [01/Jul/2018:16:50:19 -0700] "GET /img/mixman/8.jpg HTTP/1.1" 200 120259 "-" "Mozilla/5.0 (Windows; U; Windows NT 6.1; rv:2.2) Gecko/20110201"
162.208.51.36 - - [01/Jul/2018:16:51:52 -0700] "GET /img/njn/thumbs/7.jpg HTTP/1.1" 200 28520 "-" "Mozilla/5.0 (Windows; U; Windows NT 6.1; rv:2.2) Gecko/20110201"
162.208.51.36 - - [01/Jul/2018:16:53:56 -0700] "GET /img/sfnoir/thumbs/5.jpg HTTP/1.1" 200 18532 "-" "Mozilla/5.0 (Windows; U; Windows NT 6.1; rv:2.2) Gecko/20110201"
162.208.51.36 - - [01/Jul/2018:17:17:56 -0700] "GET /img/bs4w/8.jpg HTTP/1.1" 200 67708 "-" "Mozilla/5.0 (Windows; U; Windows NT 6.1; rv:2.2) Gecko/20110201"
162.208.51.36 - - [01/Jul/2018:18:13:39 -0700] "GET /img/mixman/10.jpg HTTP/1.1" 200 114974 "-" "Mozilla/5.0 (Windows; U; Windows NT 6.1; rv:2.2) Gecko/20110201"
162.208.51.36 - - [01/Jul/2018:18:13:39 -0700] "GET /img/njn/thumbs/6.jpg HTTP/1.1" 200 32048 "-" "Mozilla/5.0 (Windows; U; Windows NT 6.1; rv:2.2) Gecko/20110201"
157.55.39.121 - - [01/Jul/2018:18:18:22 -0700] "GET / HTTP/1.1" 200 15893 "-" "Mozilla/5.0 (compatible; bingbot/2.0; +http://www.bing.com/bingbot.htm)"
162.208.51.36 - - [01/Jul/2018:18:31:50 -0700] "GET /img/sfnoir/9.jpg HTTP/1.1" 200 64784 "-" "Mozilla/5.0 (Windows; U; Windows NT 6.1; rv:2.2) Gecko/20110201"
71.10.75.253 - - [01/Jul/2018:18:37:50 -0700] "GET /img/autumn/thumbs/2.jpg HTTP/1.1" 200 45196 "https://www.google.com/" "Mozilla/5.0 (iPhone; CPU iPhone OS 9_3_5 like Mac OS X) AppleWebKit/601.1.46 (KHTML, like Gecko) Version/9.0 Mobile/13G36 Safari/601.1"
162.208.51.36 - - [01/Jul/2018:18:56:26 -0700] "GET /img/wu-wei/thumbs/7.jpg HTTP/1.1" 200 22901 "-" "Mozilla/5.0 (Windows; U; Windows NT 6.1; rv:2.2) Gecko/20110201"
162.208.51.36 - - [01/Jul/2018:19:04:24 -0700] "GET /img/mixman/thumbs/9.jpg HTTP/1.1" 200 34012 "-" "Mozilla/5.0 (Windows; U; Windows NT 6.1; rv:2.2) Gecko/20110201"
66.249.79.150 - - [01/Jul/2018:19:05:06 -0700] "GET /robots.txt HTTP/1.1" 404 208 "-" "Mozilla/5.0 (compatible; Googlebot/2.1; +http://www.google.com/bot.html)"
66.249.79.152 - - [01/Jul/2018:19:05:06 -0700] "GET / HTTP/1.1" 200 15893 "-" "Mozilla/5.0 (Linux; Android 6.0.1; Nexus 5X Build/MMB29P) AppleWebKit/537.36 (KHTML, like Gecko) Chrome/41.0.2272.96 Mobile Safari/537.36 (compatible; Googlebot/2.1; +http://www.google.com/bot.html)"
66.249.79.148 - - [01/Jul/2018:19:05:08 -0700] "GET /css/lightbox.css HTTP/1.1" 200 1003 "http://rndsquared.com/" "Mozilla/5.0 (Linux; Android 6.0.1; Nexus 5X Build/MMB29P) AppleWebKit/537.36 (KHTML, like Gecko) Chrome/41.0.2272.96 Mobile Safari/537.36 (compatible; Googlebot/2.1; +http://www.google.com/bot.html)"
66.249.79.150 - - [01/Jul/2018:19:05:09 -0700] "GET /css/bootstrap.min.css HTTP/1.1" 200 11249 "http://rndsquared.com/" "Mozilla/5.0 (Linux; Android 6.0.1; Nexus 5X Build/MMB29P) AppleWebKit/537.36 (KHTML, like Gecko) Chrome/41.0.2272.96 Mobile Safari/537.36 (compatible; Googlebot/2.1; +http://www.google.com/bot.html)"
66.249.79.150 - - [01/Jul/2018:19:05:09 -0700] "GET /css/styles.css HTTP/1.1" 200 1975 "http://rndsquared.com/" "Mozilla/5.0 (Linux; Android 6.0.1; Nexus 5X Build/MMB29P) AppleWebKit/537.36 (KHTML, like Gecko) Chrome/41.0.2272.96 Mobile Safari/537.36 (compatible; Googlebot/2.1; +http://www.google.com/bot.html)"
162.208.51.36 - - [01/Jul/2018:19:05:35 -0700] "GET /img/1.jpg HTTP/1.1" 200 143488 "-" "Mozilla/5.0 (Windows; U; Windows NT 6.1; rv:2.2) Gecko/20110201"
54.36.148.141 - - [01/Jul/2018:19:32:46 -0700] "GET /img/wu-wei/5.jpg HTTP/1.1" 200 220470 "-" "Mozilla/5.0 (compatible; AhrefsBot/5.2; +http://ahrefs.com/robot/)"
162.208.51.36 - - [01/Jul/2018:19:54:39 -0700] "GET /img/sfnoir/5.jpg HTTP/1.1" 200 67390 "-" "Mozilla/5.0 (Windows; U; Windows NT 6.1; rv:2.2) Gecko/20110201"
162.208.51.36 - - [01/Jul/2018:20:29:53 -0700] "GET /img/blank.jpg HTTP/1.1" 200 1271 "-" "Mozilla/5.0 (Windows; U; Windows NT 6.1; rv:2.2) Gecko/20110201"
162.208.51.36 - - [01/Jul/2018:20:30:23 -0700] "GET /img/sfnoir/7.jpg HTTP/1.1" 200 122937 "-" "Mozilla/5.0 (Windows; U; Windows NT 6.1; rv:2.2) Gecko/20110201"
162.208.51.36 - - [01/Jul/2018:20:31:30 -0700] "GET /img/mixman/1.jpg HTTP/1.1" 200 146374 "-" "Mozilla/5.0 (Windows; U; Windows NT 6.1; rv:2.2) Gecko/20110201"
66.249.79.148 - - [01/Jul/2018:20:31:51 -0700] "GET / HTTP/1.1" 200 15893 "-" "Mozilla/5.0 (Linux; Android 6.0.1; Nexus 5X Build/MMB29P) AppleWebKit/537.36 (KHTML, like Gecko) Chrome/41.0.2272.96 Mobile Safari/537.36 (compatible; Googlebot/2.1; +http://www.google.com/bot.html)"
46.185.119.21 - - [01/Jul/2018:20:37:07 -0700] "GET / HTTP/1.1" 200 72658 "https://luckybull.io/" "Mozilla/0.6 Beta (Windows)"
46.185.119.21 - - [01/Jul/2018:20:37:08 -0700] "GET / HTTP/1.1" 200 72658 "https://luckybull.io/" "Mozilla/0.6 Beta (Windows)"
46.185.119.21 - - [01/Jul/2018:20:37:09 -0700] "GET / HTTP/1.1" 200 72658 "https://luckybull.io/" "Mozilla/0.6 Beta (Windows)"
178.137.83.231 - - [01/Jul/2018:21:47:07 -0700] "GET / HTTP/1.1" 200 72658 "https://documentserver.net/" "Mozilla/4.0 (compatible; MSIE 6.0; Windows NT 5.1; SV1; .NET CLR 1.1.4322) Babya Discoverer  8.0:"
178.137.83.231 - - [01/Jul/2018:21:47:09 -0700] "GET / HTTP/1.1" 200 72658 "https://documentserver.net/" "Mozilla/4.0 (compatible; MSIE 6.0; Windows NT 5.1; SV1; .NET CLR 1.1.4322) Babya Discoverer  8.0:"
178.137.83.231 - - [01/Jul/2018:21:47:10 -0700] "GET / HTTP/1.1" 200 72658 "https://documentserver.net/" "Mozilla/4.0 (compatible; MSIE 6.0; Windows NT 5.1; SV1; .NET CLR 1.1.4322) Babya Discoverer  8.0:"
162.208.51.36 - - [01/Jul/2018:21:51:12 -0700] "GET /img/mixman/3.jpg HTTP/1.1" 200 114734 "-" "Mozilla/5.0 (Windows; U; Windows NT 6.1; rv:2.2) Gecko/20110201"
84.111.37.207 - - [01/Jul/2018:22:07:58 -0700] "GET / HTTP/1.1" 200 15893 "-" "null"
76.103.27.137 - - [01/Jul/2018:22:14:07 -0700] "GET /favicon.ico HTTP/1.1" 404 209 "-" "Mozilla/5.0 (iPad; CPU OS 11_4 like Mac OS X) AppleWebKit/605.1.15 (KHTML, like Gecko) FxiOS/12.1b10941 Mobile/15F79 Safari/605.1.15"
162.208.51.36 - - [01/Jul/2018:22:38:11 -0700] "GET /img/sfnoir/8.jpg HTTP/1.1" 200 89091 "-" "Mozilla/5.0 (Windows; U; Windows NT 6.1; rv:2.2) Gecko/20110201"
162.208.51.36 - - [01/Jul/2018:23:23:38 -0700] "GET /img/wu-wei/2.jpg HTTP/1.1" 200 183246 "-" "Mozilla/5.0 (Windows; U; Windows NT 6.1; rv:2.2) Gecko/20110201"
162.208.51.36 - - [01/Jul/2018:23:33:00 -0700] "GET /img/oncekids-fujimini/thumbs/3.jpg HTTP/1.1" 200 39586 "-" "Mozilla/5.0 (Windows; U; Windows NT 6.1; rv:2.2) Gecko/20110201"
162.208.51.36 - - [01/Jul/2018:23:36:36 -0700] "GET /img/sfnoir/thumbs/2.jpg HTTP/1.1" 200 23061 "-" "Mozilla/5.0 (Windows; U; Windows NT 6.1; rv:2.2) Gecko/20110201"
162.210.196.129 - - [01/Jul/2018:23:51:51 -0700] "GET /robots.txt HTTP/1.1" 404 208 "-" "Mozilla/5.0 (compatible; MJ12bot/v1.4.8; http://mj12bot.com/)"
162.210.196.129 - - [01/Jul/2018:23:51:52 -0700] "GET / HTTP/1.1" 200 72658 "-" "Mozilla/5.0 (compatible; MJ12bot/v1.4.8; http://mj12bot.com/)"
162.208.51.36 - - [01/Jul/2018:23:52:19 -0700] "GET /img/autumn/thumbs/1.jpg HTTP/1.1" 200 24768 "-" "Mozilla/5.0 (Windows; U; Windows NT 6.1; rv:2.2) Gecko/20110201"
66.249.79.150 - - [02/Jul/2018:00:10:42 -0700] "GET / HTTP/1.1" 200 15893 "-" "Mozilla/5.0 (Linux; Android 6.0.1; Nexus 5X Build/MMB29P) AppleWebKit/537.36 (KHTML, like Gecko) Chrome/41.0.2272.96 Mobile Safari/537.36 (compatible; Googlebot/2.1; +http://www.google.com/bot.html)"
66.249.79.152 - - [02/Jul/2018:00:13:56 -0700] "GET / HTTP/1.1" 200 15893 "-" "Mozilla/5.0 (compatible; Googlebot/2.1; +http://www.google.com/bot.html)"
80.82.70.116 - - [02/Jul/2018:02:20:44 -0700] "GET / HTTP/1.1" 200 15893 "-" "Mozilla/5.0 (Windows NT 10.0; Win64; x64) AppleWebKit/537.36 (KHTML, like Gecko) Chrome/66.0.3359.181 Safari/537.36"
162.208.51.36 - - [02/Jul/2018:02:49:28 -0700] "GET /img/oncekids-fujimini/2.jpg HTTP/1.1" 200 99983 "-" "Mozilla/5.0 (Windows; U; Windows NT 6.1; rv:2.2) Gecko/20110201"
52.53.201.78 - - [02/Jul/2018:02:53:23 -0700] "GET / HTTP/1.1" 200 15893 "-" "Mozilla/5.0 (Macintosh; Intel Mac OS X 10_12_6) AppleWebKit/537.36 (KHTML, like Gecko) Chrome/61.0.3163.100 Safari/537.36"
180.76.15.138 - - [02/Jul/2018:03:19:42 -0700] "GET / HTTP/1.1" 200 15893 "-" "Mozilla/5.0 (compatible; Baiduspider/2.0; +http://www.baidu.com/search/spider.html)"
46.119.115.156 - - [02/Jul/2018:03:19:48 -0700] "GET / HTTP/1.1" 200 72658 "https://mybuh.kz/" "Mozilla/4.0 (compatible; MSIE 6.0; Windows NT 5.1; SV1; Crazy Browser 2.0.0 Beta 1; .NET CLR 1.0.3705; .NET CLR 1.1.4322)"
46.119.115.156 - - [02/Jul/2018:03:19:50 -0700] "GET / HTTP/1.1" 200 72658 "https://mybuh.kz/" "Mozilla/4.0 (compatible; MSIE 6.0; Windows NT 5.1; SV1; Crazy Browser 2.0.0 Beta 1; .NET CLR 1.0.3705; .NET CLR 1.1.4322)"
46.119.115.156 - - [02/Jul/2018:03:19:51 -0700] "GET / HTTP/1.1" 200 72658 "https://mybuh.kz/" "Mozilla/4.0 (compatible; MSIE 6.0; Windows NT 5.1; SV1; Crazy Browser 2.0.0 Beta 1; .NET CLR 1.0.3705; .NET CLR 1.1.4322)"
162.208.51.36 - - [02/Jul/2018:03:49:01 -0700] "GET /img/mixman/4.jpg HTTP/1.1" 200 135099 "-" "Mozilla/5.0 (Windows; U; Windows NT 6.1; rv:2.2) Gecko/20110201"
66.249.79.150 - - [02/Jul/2018:04:23:54 -0700] "GET / HTTP/1.1" 200 15893 "-" "Mozilla/5.0 (Linux; Android 6.0.1; Nexus 5X Build/MMB29P) AppleWebKit/537.36 (KHTML, like Gecko) Chrome/41.0.2272.96 Mobile Safari/537.36 (compatible; Googlebot/2.1; +http://www.google.com/bot.html)"
162.208.51.36 - - [02/Jul/2018:04:35:24 -0700] "GET /img/autumn/1.jpg HTTP/1.1" 200 290161 "-" "Mozilla/5.0 (Windows; U; Windows NT 6.1; rv:2.2) Gecko/20110201"
193.106.30.99 - - [02/Jul/2018:05:49:22 -0700] "POST /wp-admin/yt.php HTTP/1.1" 404 213 "-" "Mozilla/5.0 (Windows NT 6.1; rv:34.0) Gecko/20100101 Firefox/34.0"
54.36.150.81 - - [02/Jul/2018:06:29:11 -0700] "GET /robots.txt HTTP/1.1" 404 208 "-" "Mozilla/5.0 (compatible; AhrefsBot/5.2; +http://ahrefs.com/robot/)"
54.36.148.44 - - [02/Jul/2018:06:29:12 -0700] "GET /img/sfnoir/5.jpg HTTP/1.1" 200 67390 "-" "Mozilla/5.0 (compatible; AhrefsBot/5.2; +http://ahrefs.com/robot/)"
66.249.79.148 - - [02/Jul/2018:06:53:05 -0700] "GET / HTTP/1.1" 200 15893 "-" "Mozilla/5.0 (Linux; Android 6.0.1; Nexus 5X Build/MMB29P) AppleWebKit/537.36 (KHTML, like Gecko) Chrome/41.0.2272.96 Mobile Safari/537.36 (compatible; Googlebot/2.1; +http://www.google.com/bot.html)"
66.249.79.152 - - [02/Jul/2018:06:53:08 -0700] "GET /css/styles.css HTTP/1.1" 200 1975 "http://rndsquared.com/" "Mozilla/5.0 (Linux; Android 6.0.1; Nexus 5X Build/MMB29P) AppleWebKit/537.36 (KHTML, like Gecko) Chrome/41.0.2272.96 Mobile Safari/537.36 (compatible; Googlebot/2.1; +http://www.google.com/bot.html)"
123.125.67.163 - - [02/Jul/2018:07:32:04 -0700] "GET /robots.txt HTTP/1.1" 404 208 "-" "Mozilla/5.0 (Windows NT 10.0; WOW64) AppleWebKit/537.36 (KHTML, like Gecko) Chrome/45.0.2454.93 Safari/537.36"
157.55.39.121 - - [02/Jul/2018:07:45:56 -0700] "GET / HTTP/1.1" 200 15893 "-" "Mozilla/5.0 (compatible; bingbot/2.0; +http://www.bing.com/bingbot.htm)"
162.208.51.36 - - [02/Jul/2018:07:55:34 -0700] "GET /img/oncekids-fujimini/thumbs/1.jpg HTTP/1.1" 200 36349 "-" "Mozilla/5.0 (Windows; U; Windows NT 6.1; rv:2.2) Gecko/20110201"
185.220.101.27 - - [02/Jul/2018:08:04:47 -0700] "GET / HTTP/1.1" 200 15893 "-" "Mozilla/5.0 (Windows NT 10.0; Win64; x64) AppleWebKit/537.36 (KHTML, like Gecko) Chrome/66.0.3359.181 Safari/537.36"
66.249.79.152 - - [02/Jul/2018:09:05:29 -0700] "GET /robots.txt HTTP/1.1" 404 208 "-" "Mozilla/5.0 (compatible; Googlebot/2.1; +http://www.google.com/bot.html)"
66.249.79.150 - - [02/Jul/2018:09:05:29 -0700] "GET / HTTP/1.1" 200 15893 "-" "Mozilla/5.0 (Linux; Android 6.0.1; Nexus 5X Build/MMB29P) AppleWebKit/537.36 (KHTML, like Gecko) Chrome/41.0.2272.96 Mobile Safari/537.36 (compatible; Googlebot/2.1; +http://www.google.com/bot.html)"
162.208.51.36 - - [02/Jul/2018:09:29:45 -0700] "GET /img/autumn/8.jpg HTTP/1.1" 200 100218 "-" "Mozilla/5.0 (Windows; U; Windows NT 6.1; rv:2.2) Gecko/20110201"
46.185.119.21 - - [02/Jul/2018:09:41:55 -0700] "GET / HTTP/1.1" 200 72658 "http://xn--d1abj0abs9d.in.ua/" "Mozilla/4.0 (compatible; MSIE 6.0; Windows XP)"
46.185.119.21 - - [02/Jul/2018:09:41:56 -0700] "GET / HTTP/1.1" 200 72658 "http://xn--d1abj0abs9d.in.ua/" "Mozilla/4.0 (compatible; MSIE 6.0; Windows XP)"
46.185.119.21 - - [02/Jul/2018:09:41:57 -0700] "GET / HTTP/1.1" 200 72658 "http://xn--d1abj0abs9d.in.ua/" "Mozilla/4.0 (compatible; MSIE 6.0; Windows XP)"
165.227.189.67 - - [02/Jul/2018:09:43:11 -0700] "HEAD / HTTP/1.1" 200 - "http://www.netcraft.com/survey/" "Mozilla/4.0 (compatible; Netcraft Web Server Survey)"
159.89.188.165 - - [02/Jul/2018:10:46:09 -0700] "HEAD / HTTP/1.1" 200 - "http://www.netcraft.com/survey/" "Mozilla/4.0 (compatible; Netcraft Web Server Survey)"
73.71.74.9 - - [02/Jul/2018:10:47:27 -0700] "GET / HTTP/1.1" 200 15893 "-" "Mozilla/5.0 (Macintosh; Intel Mac OS X 10_12_5) AppleWebKit/603.2.4 (KHTML, like Gecko)"
73.71.74.9 - - [02/Jul/2018:10:47:27 -0700] "GET /apple-touch-icon-precomposed.png HTTP/1.1" 404 230 "-" "Safari/12603.2.4 CFNetwork/811.5.4 Darwin/16.6.0 (x86_64)"
73.71.74.9 - - [02/Jul/2018:10:47:27 -0700] "GET /apple-touch-icon.png HTTP/1.1" 404 218 "-" "Safari/12603.2.4 CFNetwork/811.5.4 Darwin/16.6.0 (x86_64)"
73.71.74.9 - - [02/Jul/2018:10:47:27 -0700] "GET /favicon.ico HTTP/1.1" 404 209 "-" "Safari/12603.2.4 CFNetwork/811.5.4 Darwin/16.6.0 (x86_64)"
73.71.74.9 - - [02/Jul/2018:10:47:27 -0700] "GET /apple-touch-icon-precomposed.png HTTP/1.1" 404 230 "-" "Safari/12603.2.4 CFNetwork/811.5.4 Darwin/16.6.0 (x86_64)"
73.71.74.9 - - [02/Jul/2018:10:47:27 -0700] "GET /apple-touch-icon.png HTTP/1.1" 404 218 "-" "Safari/12603.2.4 CFNetwork/811.5.4 Darwin/16.6.0 (x86_64)"
73.71.74.9 - - [02/Jul/2018:10:47:27 -0700] "GET /favicon.ico HTTP/1.1" 404 209 "-" "Safari/12603.2.4 CFNetwork/811.5.4 Darwin/16.6.0 (x86_64)"
73.71.74.9 - - [02/Jul/2018:10:47:27 -0700] "GET / HTTP/1.1" 200 15893 "-" "Mozilla/5.0 (iPhone; CPU iPhone OS 10_0 like Mac OS X) AppleWebKit/602.1.38 (KHTML, like Gecko) Version/10.0 Mobile/14A300 Safari/602.1"
73.71.74.9 - - [02/Jul/2018:10:47:27 -0700] "GET /apple-touch-icon-precomposed.png HTTP/1.1" 404 230 "-" "Safari/12603.2.4 CFNetwork/811.5.4 Darwin/16.6.0 (x86_64)"
73.71.74.9 - - [02/Jul/2018:10:47:27 -0700] "GET /apple-touch-icon.png HTTP/1.1" 404 218 "-" "Safari/12603.2.4 CFNetwork/811.5.4 Darwin/16.6.0 (x86_64)"
73.71.74.9 - - [02/Jul/2018:10:47:27 -0700] "GET /favicon.ico HTTP/1.1" 404 209 "-" "Safari/12603.2.4 CFNetwork/811.5.4 Darwin/16.6.0 (x86_64)"
73.71.74.9 - - [02/Jul/2018:10:47:27 -0700] "GET /apple-touch-icon-precomposed.png HTTP/1.1" 404 230 "-" "Safari/12603.2.4 CFNetwork/811.5.4 Darwin/16.6.0 (x86_64)"
73.71.74.9 - - [02/Jul/2018:10:47:27 -0700] "GET /apple-touch-icon.png HTTP/1.1" 404 218 "-" "Safari/12603.2.4 CFNetwork/811.5.4 Darwin/16.6.0 (x86_64)"
73.71.74.9 - - [02/Jul/2018:10:47:27 -0700] "GET /favicon.ico HTTP/1.1" 404 209 "-" "Safari/12603.2.4 CFNetwork/811.5.4 Darwin/16.6.0 (x86_64)"
46.119.115.156 - - [02/Jul/2018:11:07:02 -0700] "GET / HTTP/1.1" 200 72658 "http://hard-porn.mobi/" "Mozilla/4.0 (compatible; MSIE 6.0; Windows NT 5.1; SV1; Crazy Browser 2.0.0 Beta 1; .NET CLR 1.0.3705; .NET CLR 1.1.4322)"
5.255.250.172 - - [02/Jul/2018:12:22:43 -0700] "GET /robots.txt HTTP/1.1" 404 208 "-" "Mozilla/5.0 (compatible; YandexBot/3.0; +http://yandex.com/bots)"
77.88.47.14 - - [02/Jul/2018:12:22:43 -0700] "GET /robots.txt HTTP/1.1" 404 208 "-" "Mozilla/5.0 (compatible; YandexBot/3.0; +http://yandex.com/bots)"
93.158.161.62 - - [02/Jul/2018:12:22:47 -0700] "GET / HTTP/1.1" 200 15893 "-" "Mozilla/5.0 (compatible; YandexBot/3.0; +http://yandex.com/bots)"
93.158.161.62 - - [02/Jul/2018:12:22:47 -0700] "GET / HTTP/1.1" 200 15893 "-" "Mozilla/5.0 (compatible; YandexBot/3.0; +http://yandex.com/bots)"
54.36.148.238 - - [02/Jul/2018:12:30:05 -0700] "GET /img/autumn/6.jpg HTTP/1.1" 200 149484 "-" "Mozilla/5.0 (compatible; AhrefsBot/5.2; +http://ahrefs.com/robot/)"
45.33.72.115 - - [02/Jul/2018:12:47:58 -0700] "GET / HTTP/1.1" 200 15893 "-" "Mozilla/5.0 (Windows NT 6.1; Win64; x64; rv:52.0) Gecko/20100101 Firefox/52.0"
73.222.97.22 - - [02/Jul/2018:12:55:04 -0700] "GET / HTTP/1.1" 200 15893 "-" "Mozilla/5.0 (Macintosh; Intel Mac OS X 10_13_5) AppleWebKit/605.1.15 (KHTML, like Gecko) Version/11.1.1 Safari/605.1.15"
73.222.97.22 - - [02/Jul/2018:12:55:04 -0700] "GET /img/urban-cowgirl/thumbs/1.jpg HTTP/1.1" 200 26624 "http://rndsquared.com/" "Mozilla/5.0 (Macintosh; Intel Mac OS X 10_13_5) AppleWebKit/605.1.15 (KHTML, like Gecko) Version/11.1.1 Safari/605.1.15"
73.222.97.22 - - [02/Jul/2018:12:55:04 -0700] "GET /css/bootstrap.min.css HTTP/1.1" 200 11249 "http://rndsquared.com/" "Mozilla/5.0 (Macintosh; Intel Mac OS X 10_13_5) AppleWebKit/605.1.15 (KHTML, like Gecko) Version/11.1.1 Safari/605.1.15"
73.222.97.22 - - [02/Jul/2018:12:55:04 -0700] "GET /css/styles.css HTTP/1.1" 200 1975 "http://rndsquared.com/" "Mozilla/5.0 (Macintosh; Intel Mac OS X 10_13_5) AppleWebKit/605.1.15 (KHTML, like Gecko) Version/11.1.1 Safari/605.1.15"
73.222.97.22 - - [02/Jul/2018:12:55:04 -0700] "GET /js/modernizr.js HTTP/1.1" 200 5933 "http://rndsquared.com/" "Mozilla/5.0 (Macintosh; Intel Mac OS X 10_13_5) AppleWebKit/605.1.15 (KHTML, like Gecko) Version/11.1.1 Safari/605.1.15"
73.222.97.22 - - [02/Jul/2018:12:55:04 -0700] "GET /css/lightbox.css HTTP/1.1" 200 1003 "http://rndsquared.com/" "Mozilla/5.0 (Macintosh; Intel Mac OS X 10_13_5) AppleWebKit/605.1.15 (KHTML, like Gecko) Version/11.1.1 Safari/605.1.15"
73.222.97.22 - - [02/Jul/2018:12:55:04 -0700] "GET /js/lightbox.js HTTP/1.1" 200 4210 "http://rndsquared.com/" "Mozilla/5.0 (Macintosh; Intel Mac OS X 10_13_5) AppleWebKit/605.1.15 (KHTML, like Gecko) Version/11.1.1 Safari/605.1.15"
73.222.97.22 - - [02/Jul/2018:12:55:04 -0700] "GET /js/scripts.js HTTP/1.1" 200 1227 "http://rndsquared.com/" "Mozilla/5.0 (Macintosh; Intel Mac OS X 10_13_5) AppleWebKit/605.1.15 (KHTML, like Gecko) Version/11.1.1 Safari/605.1.15"
73.222.97.22 - - [02/Jul/2018:12:55:04 -0700] "GET /img/mixman/thumbs/1.jpg HTTP/1.1" 200 35516 "http://rndsquared.com/" "Mozilla/5.0 (Macintosh; Intel Mac OS X 10_13_5) AppleWebKit/605.1.15 (KHTML, like Gecko) Version/11.1.1 Safari/605.1.15"
73.222.97.22 - - [02/Jul/2018:12:55:04 -0700] "GET /img/oncekids-fujimini/thumbs/1.jpg HTTP/1.1" 200 36349 "http://rndsquared.com/" "Mozilla/5.0 (Macintosh; Intel Mac OS X 10_13_5) AppleWebKit/605.1.15 (KHTML, like Gecko) Version/11.1.1 Safari/605.1.15"
73.222.97.22 - - [02/Jul/2018:12:55:04 -0700] "GET /img/wu-wei/thumbs/1.jpg HTTP/1.1" 200 35144 "http://rndsquared.com/" "Mozilla/5.0 (Macintosh; Intel Mac OS X 10_13_5) AppleWebKit/605.1.15 (KHTML, like Gecko) Version/11.1.1 Safari/605.1.15"
73.222.97.22 - - [02/Jul/2018:12:55:04 -0700] "GET /img/sfnoir/thumbs/2.jpg HTTP/1.1" 200 23061 "http://rndsquared.com/" "Mozilla/5.0 (Macintosh; Intel Mac OS X 10_13_5) AppleWebKit/605.1.15 (KHTML, like Gecko) Version/11.1.1 Safari/605.1.15"
73.222.97.22 - - [02/Jul/2018:12:55:04 -0700] "GET /img/njn/thumbs/1.jpg HTTP/1.1" 200 24676 "http://rndsquared.com/" "Mozilla/5.0 (Macintosh; Intel Mac OS X 10_13_5) AppleWebKit/605.1.15 (KHTML, like Gecko) Version/11.1.1 Safari/605.1.15"
