66.249.79.46 - - [04/Jul/2019:04:52:09 -0700] "GET /css/lightbox.css HTTP/1.1" 200 1003 "http://www.rndsquared.com/" "Mozilla/5.0 (Linux; Android 6.0.1; Nexus 5X Build/MMB29P) AppleWebKit/537.36 (KHTML, like Gecko) Chrome/41.0.2272.96 Mobile Safari/537.36 (compatible; Googlebot/2.1; +http://www.google.com/bot.html)"
66.249.79.43 - - [04/Jul/2019:04:52:09 -0700] "GET /js/lightbox.js HTTP/1.1" 200 4210 "http://www.rndsquared.com/" "Mozilla/5.0 (Linux; Android 6.0.1; Nexus 5X Build/MMB29P) AppleWebKit/537.36 (KHTML, like Gecko) Chrome/41.0.2272.96 Mobile Safari/537.36 (compatible; Googlebot/2.1; +http://www.google.com/bot.html)"
66.249.79.40 - - [04/Jul/2019:04:52:09 -0700] "GET /js/scripts.js HTTP/1.1" 200 1227 "http://www.rndsquared.com/" "Mozilla/5.0 (Linux; Android 6.0.1; Nexus 5X Build/MMB29P) AppleWebKit/537.36 (KHTML, like Gecko) Chrome/41.0.2272.96 Mobile Safari/537.36 (compatible; Googlebot/2.1; +http://www.google.com/bot.html)"
66.249.79.43 - - [04/Jul/2019:04:52:12 -0700] "GET /js/modernizr.js HTTP/1.1" 200 5933 "http://www.rndsquared.com/" "Mozilla/5.0 (Linux; Android 6.0.1; Nexus 5X Build/MMB29P) AppleWebKit/537.36 (KHTML, like Gecko) Chrome/41.0.2272.96 Mobile Safari/537.36 (compatible; Googlebot/2.1; +http://www.google.com/bot.html)"
66.249.79.43 - - [04/Jul/2019:04:52:13 -0700] "GET /css/styles.css HTTP/1.1" 200 1975 "http://www.rndsquared.com/" "Mozilla/5.0 (Linux; Android 6.0.1; Nexus 5X Build/MMB29P) AppleWebKit/537.36 (KHTML, like Gecko) Chrome/41.0.2272.96 Mobile Safari/537.36 (compatible; Googlebot/2.1; +http://www.google.com/bot.html)"
66.249.79.40 - - [04/Jul/2019:04:52:13 -0700] "GET /js/scripts.js HTTP/1.1" 200 1227 "http://www.rndsquared.com/" "Mozilla/5.0 (Linux; Android 6.0.1; Nexus 5X Build/MMB29P) AppleWebKit/537.36 (KHTML, like Gecko) Chrome/41.0.2272.96 Mobile Safari/537.36 (compatible; Googlebot/2.1; +http://www.google.com/bot.html)"
31.184.238.185 - - [04/Jul/2019:04:56:30 -0700] "GET / HTTP/1.0" 200 79394 "http://rndsquared.com/" "Mozilla/5.0 (Windows NT 6.1) AppleWebKit/537.36 (KHTML, like Gecko) Chrome/67.0.3396.99 Safari/537.36"
31.184.238.185 - - [04/Jul/2019:04:56:31 -0700] "POST / HTTP/1.0" 200 79394 "http://rndsquared.com/" "Mozilla/5.0 (Windows NT 6.1) AppleWebKit/537.36 (KHTML, like Gecko) Chrome/67.0.3396.99 Safari/537.36"
176.10.99.200 - - [04/Jul/2019:05:12:41 -0700] "GET / HTTP/1.1" 200 17429 "-" "Mozilla/5.0 (Windows NT 10.0; WOW64; Trident/7.0; rv:11.0) like Gecko"
176.10.99.200 - - [04/Jul/2019:05:12:42 -0700] "GET /?name=5d1dedd4a4ab2&email=erinwilson19%40yahoo.com&weJHlkUY=erinwilson19%40yahoo.com&submit=Send&message=& HTTP/1.1" 200 17429 "http://rndsquared.com/" "Mozilla/5.0 (Windows NT 10.0; WOW64; Trident/7.0; rv:11.0) like Gecko"
77.75.77.32 - - [04/Jul/2019:05:22:06 -0700] "GET /robots.txt HTTP/1.1" 404 208 "-" "Mozilla/5.0 (compatible; SeznamBot/3.2; +http://napoveda.seznam.cz/en/seznambot-intro/)"
77.75.77.32 - - [04/Jul/2019:05:22:07 -0700] "GET /img/autumn/thumbs/2.jpg HTTP/1.1" 200 45196 "-" "Mozilla/5.0 (compatible; SeznamBot/3.2; +http://napoveda.seznam.cz/en/seznambot-intro/)"
77.75.77.32 - - [04/Jul/2019:05:22:10 -0700] "GET /img/njn/1.jpg HTTP/1.1" 304 - "-" "Mozilla/5.0 (compatible; SeznamBot/3.2; +http://napoveda.seznam.cz/en/seznambot-intro/)"
31.184.238.236 - - [04/Jul/2019:05:22:15 -0700] "GET / HTTP/1.0" 200 79394 "http://rndsquared.com/" "Mozilla/5.0 (Windows NT 6.3; Win64; x64) AppleWebKit/537.36 (KHTML, like Gecko) Chrome/68.0.3440.106 Safari/537.36"
31.184.238.236 - - [04/Jul/2019:05:22:16 -0700] "POST / HTTP/1.0" 200 79394 "http://rndsquared.com/" "Mozilla/5.0 (Windows NT 6.3; Win64; x64) AppleWebKit/537.36 (KHTML, like Gecko) Chrome/68.0.3440.106 Safari/537.36"
216.244.66.197 - - [04/Jul/2019:05:24:47 -0700] "GET /robots.txt HTTP/1.1" 404 208 "-" "Mozilla/5.0 (compatible; DotBot/1.1; http://www.opensiteexplorer.org/dotbot, help@moz.com)"
134.90.149.150 - - [04/Jul/2019:05:38:34 -0700] "GET / HTTP/1.0" 200 79394 "http://rndsquared.com/" "Mozilla/5.0 (Windows NT 6.1) AppleWebKit/537.36 (KHTML, like Gecko) Chrome/66.0.3359.181 Safari/537.36 Kinza/4.7.2"
134.90.149.150 - - [04/Jul/2019:05:38:35 -0700] "POST / HTTP/1.0" 200 79394 "http://rndsquared.com/" "Mozilla/5.0 (Windows NT 6.1) AppleWebKit/537.36 (KHTML, like Gecko) Chrome/66.0.3359.181 Safari/537.36 Kinza/4.7.2"
31.184.238.53 - - [04/Jul/2019:06:03:11 -0700] "GET / HTTP/1.0" 200 79394 "http://rndsquared.com/" "Mozilla/5.0 (Windows NT 6.1; Win64; x64) AppleWebKit/537.36 (KHTML, like Gecko) Chrome/66.0.3359.181 Safari/537.36"
31.184.238.53 - - [04/Jul/2019:06:03:12 -0700] "POST / HTTP/1.0" 200 79394 "http://rndsquared.com/" "Mozilla/5.0 (Windows NT 6.1; Win64; x64) AppleWebKit/537.36 (KHTML, like Gecko) Chrome/66.0.3359.181 Safari/537.36"
216.244.66.197 - - [04/Jul/2019:06:05:19 -0700] "GET /img/autumn/5.jpg HTTP/1.1" 200 180877 "-" "Mozilla/5.0 (compatible; DotBot/1.1; http://www.opensiteexplorer.org/dotbot, help@moz.com)"
180.76.15.138 - - [04/Jul/2019:06:31:35 -0700] "GET /js/lightbox.js HTTP/1.1" 200 4210 "-" "Mozilla/5.0 (compatible; Baiduspider/2.0; +http://www.baidu.com/search/spider.html)"
31.184.238.78 - - [04/Jul/2019:06:35:56 -0700] "GET / HTTP/1.0" 200 79394 "http://rndsquared.com/" "Mozilla/5.0 (Windows NT 6.1) AppleWebKit/537.36 (KHTML, like Gecko) Chrome/67.0.3396.99 Safari/537.36"
31.184.238.78 - - [04/Jul/2019:06:35:56 -0700] "POST / HTTP/1.0" 200 79394 "http://rndsquared.com/" "Mozilla/5.0 (Windows NT 6.1) AppleWebKit/537.36 (KHTML, like Gecko) Chrome/67.0.3396.99 Safari/537.36"
185.220.101.62 - - [04/Jul/2019:06:37:06 -0700] "GET / HTTP/1.1" 200 17429 "-" "Mozilla/5.0 (Windows NT 6.0; Win64; x64) AppleWebKit/537.36 (KHTML, like Gecko) Chrome/55.0.2883.87 Safari/537.36"
185.220.101.62 - - [04/Jul/2019:06:37:08 -0700] "GET /?name=5d1e01a01109a&email=vicwil22%40verizon.net&weJHlkUY=vicwil22%40verizon.net&submit=Send&message=& HTTP/1.1" 200 17429 "http://rndsquared.com/" "Mozilla/5.0 (Windows NT 6.0; Win64; x64) AppleWebKit/537.36 (KHTML, like Gecko) Chrome/55.0.2883.87 Safari/537.36"
31.184.238.78 - - [04/Jul/2019:06:55:04 -0700] "GET / HTTP/1.0" 200 79394 "http://rndsquared.com/" "Mozilla/5.0 (Windows NT 10.0; Win64; x64) AppleWebKit/537.36 (KHTML, like Gecko) Chrome/67.0.3396.99 Safari/537.36"
31.184.238.78 - - [04/Jul/2019:06:55:05 -0700] "POST / HTTP/1.0" 200 79394 "http://rndsquared.com/" "Mozilla/5.0 (Windows NT 10.0; Win64; x64) AppleWebKit/537.36 (KHTML, like Gecko) Chrome/67.0.3396.99 Safari/537.36"
35.237.235.89 - - [04/Jul/2019:07:07:22 -0700] "GET /robots.txt HTTP/1.0" 404 208 "-" "ZoominfoBot (zoominfobot at zoominfo dot com)"
35.237.235.89 - - [04/Jul/2019:07:07:22 -0700] "GET / HTTP/1.0" 200 17429 "-" "ZoominfoBot (zoominfobot at zoominfo dot com)"
35.237.235.89 - - [04/Jul/2019:07:08:34 -0700] "GET /robots.txt HTTP/1.0" 404 208 "-" "ZoominfoBot (zoominfobot at zoominfo dot com)"
35.237.235.89 - - [04/Jul/2019:07:08:34 -0700] "GET / HTTP/1.0" 200 17429 "-" "ZoominfoBot (zoominfobot at zoominfo dot com)"
77.75.76.167 - - [04/Jul/2019:07:21:22 -0700] "GET /robots.txt HTTP/1.1" 404 208 "-" "Mozilla/5.0 (compatible; SeznamBot/3.2; +http://napoveda.seznam.cz/en/seznambot-intro/)"
77.75.76.167 - - [04/Jul/2019:07:21:23 -0700] "GET /img/mixman/5.jpg HTTP/1.1" 304 - "-" "Mozilla/5.0 (compatible; SeznamBot/3.2; +http://napoveda.seznam.cz/en/seznambot-intro/)"
31.184.238.198 - - [04/Jul/2019:07:49:55 -0700] "GET / HTTP/1.0" 200 79394 "http://rndsquared.com/" "Mozilla/5.0 (Windows NT 10.0; Win64; x64) AppleWebKit/537.36 (KHTML, like Gecko) Chrome/67.0.3396.79 Safari/537.36"
31.184.238.198 - - [04/Jul/2019:07:49:56 -0700] "POST / HTTP/1.0" 200 79394 "http://rndsquared.com/" "Mozilla/5.0 (Windows NT 10.0; Win64; x64) AppleWebKit/537.36 (KHTML, like Gecko) Chrome/67.0.3396.79 Safari/537.36"
216.244.66.197 - - [04/Jul/2019:08:03:39 -0700] "GET /robots.txt HTTP/1.1" 404 208 "-" "Mozilla/5.0 (compatible; DotBot/1.1; http://www.opensiteexplorer.org/dotbot, help@moz.com)"
178.17.166.147 - - [04/Jul/2019:08:07:40 -0700] "GET / HTTP/1.1" 200 17429 "-" "Mozilla/5.0 (Windows NT 10.0; WOW64) AppleWebKit/537.36 (KHTML, like Gecko) Chrome/45.0.2454.93 Safari/537.36"
178.17.166.147 - - [04/Jul/2019:08:07:42 -0700] "GET /?name=5d1e16cb991d1&email=bry13315133%40yahoo.com&weJHlkUY=bry13315133%40yahoo.com&submit=Send&message=& HTTP/1.1" 200 17429 "http://rndsquared.com/" "Mozilla/5.0 (Windows NT 10.0; WOW64) AppleWebKit/537.36 (KHTML, like Gecko) Chrome/45.0.2454.93 Safari/537.36"
18.85.192.253 - - [04/Jul/2019:08:20:04 -0700] "GET / HTTP/1.1" 200 17429 "-" "Mozilla/5.0 (Windows NT 10.0; WOW64; rv:48.0) Gecko/20100101 Firefox/48.0"
18.85.192.253 - - [04/Jul/2019:08:20:05 -0700] "GET /?name=5d1e19b637904&email=bry13315133%40yahoo.com&weJHlkUY=bry13315133%40yahoo.com&submit=Send&message=& HTTP/1.1" 200 17429 "http://rndsquared.com/" "Mozilla/5.0 (Windows NT 10.0; WOW64; rv:48.0) Gecko/20100101 Firefox/48.0"
54.39.148.234 - - [04/Jul/2019:08:31:32 -0700] "GET / HTTP/1.1" 200 17429 "-" "Mozilla/5.0 (Windows NT 6.3; WOW64) AppleWebKit/537.36 (KHTML, like Gecko) Chrome/48.0.2564.109 Safari/537.36"
54.39.148.234 - - [04/Jul/2019:08:31:33 -0700] "GET /?name=5d1e1c5fa9b6d&email=karen.m.lutes%40gmail.com&weJHlkUY=karen.m.lutes%40gmail.com&submit=Send&message=& HTTP/1.1" 200 17429 "http://rndsquared.com/" "Mozilla/5.0 (Windows NT 6.3; WOW64) AppleWebKit/537.36 (KHTML, like Gecko) Chrome/48.0.2564.109 Safari/537.36"
185.103.110.204 - - [04/Jul/2019:08:32:06 -0700] "GET / HTTP/1.0" 200 79394 "http://rndsquared.com/" "Mozilla/5.0 (Windows NT 6.1; Win64; x64) AppleWebKit/537.36 (KHTML, like Gecko) Chrome/68.0.3440.106 Safari/537.36 OPR/55.0.2994.44"
185.103.110.204 - - [04/Jul/2019:08:32:07 -0700] "POST / HTTP/1.0" 200 79394 "http://rndsquared.com/" "Mozilla/5.0 (Windows NT 6.1; Win64; x64) AppleWebKit/537.36 (KHTML, like Gecko) Chrome/68.0.3440.106 Safari/537.36 OPR/55.0.2994.44"
31.184.238.169 - - [04/Jul/2019:08:37:04 -0700] "GET / HTTP/1.0" 200 79394 "http://rndsquared.com/" "Mozilla/5.0 (Windows NT 6.3; Win64; x64) AppleWebKit/537.36 (KHTML, like Gecko) Chrome/68.0.3440.84 Safari/537.36"
31.184.238.169 - - [04/Jul/2019:08:37:05 -0700] "POST / HTTP/1.0" 200 79394 "http://rndsquared.com/" "Mozilla/5.0 (Windows NT 6.3; Win64; x64) AppleWebKit/537.36 (KHTML, like Gecko) Chrome/68.0.3440.84 Safari/537.36"
216.244.66.197 - - [04/Jul/2019:08:38:29 -0700] "GET /img/urban-cowgirl/3.jpg HTTP/1.1" 200 80583 "-" "Mozilla/5.0 (compatible; DotBot/1.1; http://www.opensiteexplorer.org/dotbot, help@moz.com)"
216.244.66.197 - - [04/Jul/2019:08:38:32 -0700] "GET /img/wu-wei/10.jpg HTTP/1.1" 200 165194 "-" "Mozilla/5.0 (compatible; DotBot/1.1; http://www.opensiteexplorer.org/dotbot, help@moz.com)"
17.58.96.69 - - [04/Jul/2019:08:49:08 -0700] "GET /robots.txt HTTP/1.1" 404 208 "-" "Mozilla/5.0 (Macintosh; Intel Mac OS X 10_10_1) AppleWebKit/600.2.5 (KHTML, like Gecko) Version/8.0.2 Safari/600.2.5 (Applebot/0.1; +http://www.apple.com/go/applebot)"
17.58.96.69 - - [04/Jul/2019:08:49:09 -0700] "GET / HTTP/1.1" 200 17429 "-" "Mozilla/5.0 (Macintosh; Intel Mac OS X 10_10_1) AppleWebKit/600.2.5 (KHTML, like Gecko) Version/8.0.2 Safari/600.2.5 (Applebot/0.1; +http://www.apple.com/go/applebot)"
35.0.127.52 - - [04/Jul/2019:09:40:09 -0700] "GET / HTTP/1.1" 200 17429 "-" "Mozilla/5.0 (Windows NT 10.0; Win64; x64) AppleWebKit/537.36 (KHTML, like Gecko) Chrome/51.0.2704.79 Safari/537.36 Edge/14.14393"
31.184.238.169 - - [04/Jul/2019:09:47:33 -0700] "GET / HTTP/1.0" 200 79394 "http://rndsquared.com/" "Mozilla/5.0 (Windows NT 6.1; WOW64) AppleWebKit/537.36 (KHTML, like Gecko) Chrome/66.0.3359.170 Safari/537.36 OPR/53.0.2907.99"
31.184.238.169 - - [04/Jul/2019:09:47:34 -0700] "POST / HTTP/1.0" 200 79394 "http://rndsquared.com/" "Mozilla/5.0 (Windows NT 6.1; WOW64) AppleWebKit/537.36 (KHTML, like Gecko) Chrome/66.0.3359.170 Safari/537.36 OPR/53.0.2907.99"
216.244.66.197 - - [04/Jul/2019:09:48:08 -0700] "GET /robots.txt HTTP/1.1" 404 208 "-" "Mozilla/5.0 (compatible; DotBot/1.1; http://www.opensiteexplorer.org/dotbot, help@moz.com)"
31.184.238.90 - - [04/Jul/2019:09:58:09 -0700] "GET / HTTP/1.0" 200 79394 "http://rndsquared.com/" "Mozilla/5.0 (Windows NT 6.1; Win64; x64) AppleWebKit/537.36 (KHTML, like Gecko) Chrome/68.0.3440.106 Safari/537.36"
31.184.238.90 - - [04/Jul/2019:09:58:10 -0700] "POST / HTTP/1.0" 200 79394 "http://rndsquared.com/" "Mozilla/5.0 (Windows NT 6.1; Win64; x64) AppleWebKit/537.36 (KHTML, like Gecko) Chrome/68.0.3440.106 Safari/537.36"
109.70.100.23 - - [04/Jul/2019:10:05:46 -0700] "GET / HTTP/1.1" 200 17429 "-" "Mozilla/5.0 (Windows NT 6.1; Win64; x64) AppleWebKit/537.36 (KHTML, like Gecko) Chrome/60.0.3112.113 Safari/537.36"
109.70.100.23 - - [04/Jul/2019:10:05:48 -0700] "GET /?name=5d1e3288898c9&email=ascaniya.office%40gmail.com&weJHlkUY=ascaniya.office%40gmail.com&submit=Send&message=& HTTP/1.1" 200 17429 "http://rndsquared.com/" "Mozilla/5.0 (Windows NT 6.1; Win64; x64) AppleWebKit/537.36 (KHTML, like Gecko) Chrome/60.0.3112.113 Safari/537.36"
216.244.66.197 - - [04/Jul/2019:10:20:53 -0700] "GET /img/urban-cowgirl/1.jpg HTTP/1.1" 200 94626 "-" "Mozilla/5.0 (compatible; DotBot/1.1; http://www.opensiteexplorer.org/dotbot, help@moz.com)"
216.244.66.197 - - [04/Jul/2019:10:40:49 -0700] "GET /robots.txt HTTP/1.1" 404 208 "-" "Mozilla/5.0 (compatible; DotBot/1.1; http://www.opensiteexplorer.org/dotbot, help@moz.com)"
216.244.66.197 - - [04/Jul/2019:11:13:16 -0700] "GET /img/autumn/1.jpg HTTP/1.1" 200 290161 "-" "Mozilla/5.0 (compatible; DotBot/1.1; http://www.opensiteexplorer.org/dotbot, help@moz.com)"
84.39.112.90 - - [04/Jul/2019:11:32:09 -0700] "GET / HTTP/1.0" 200 79394 "http://rndsquared.com/" "Mozilla/5.0 (Macintosh; Intel Mac OS X 10_13_5) AppleWebKit/537.36 (KHTML, like Gecko) Chrome/67.0.3396.99 Safari/537.36"
84.39.112.90 - - [04/Jul/2019:11:32:10 -0700] "POST / HTTP/1.0" 200 79394 "http://rndsquared.com/" "Mozilla/5.0 (Macintosh; Intel Mac OS X 10_13_5) AppleWebKit/537.36 (KHTML, like Gecko) Chrome/67.0.3396.99 Safari/537.36"
180.76.15.152 - - [04/Jul/2019:11:35:44 -0700] "GET /robots.txt HTTP/1.1" 404 208 "-" "Mozilla/5.0 (Windows NT 5.1; rv:6.0.2) Gecko/20100101 Firefox/6.0.2"
180.76.15.156 - - [04/Jul/2019:11:35:44 -0700] "GET /robots.txt HTTP/1.1" 404 208 "-" "Mozilla/5.0 (Windows NT 5.1; rv:6.0.2) Gecko/20100101 Firefox/6.0.2"
31.184.238.236 - - [04/Jul/2019:12:13:14 -0700] "GET / HTTP/1.0" 200 79394 "http://rndsquared.com/" "Mozilla/5.0 (Windows NT 6.3; Win64; x64) AppleWebKit/537.36 (KHTML, like Gecko) Chrome/67.0.3396.79 Safari/537.36"
31.184.238.236 - - [04/Jul/2019:12:13:14 -0700] "POST / HTTP/1.0" 200 79394 "http://rndsquared.com/" "Mozilla/5.0 (Windows NT 6.3; Win64; x64) AppleWebKit/537.36 (KHTML, like Gecko) Chrome/67.0.3396.79 Safari/537.36"
216.244.66.197 - - [04/Jul/2019:12:25:55 -0700] "GET /robots.txt HTTP/1.1" 404 208 "-" "Mozilla/5.0 (compatible; DotBot/1.1; http://www.opensiteexplorer.org/dotbot, help@moz.com)"
180.76.15.24 - - [04/Jul/2019:12:29:03 -0700] "GET / HTTP/1.1" 200 17429 "-" "Mozilla/5.0 (compatible; Baiduspider/2.0; +http://www.baidu.com/search/spider.html)"
66.249.79.105 - - [04/Jul/2019:12:32:13 -0700] "GET / HTTP/1.1" 200 17429 "-" "Mozilla/5.0 (Linux; Android 6.0.1; Nexus 5X Build/MMB29P) AppleWebKit/537.36 (KHTML, like Gecko) Chrome/41.0.2272.96 Mobile Safari/537.36 (compatible; Googlebot/2.1; +http://www.google.com/bot.html)"
66.249.79.105 - - [04/Jul/2019:12:32:44 -0700] "GET /js/modernizr.js HTTP/1.1" 200 5933 "http://rndsquared.com/" "Mozilla/5.0 (Linux; Android 6.0.1; Nexus 5X Build/MMB29P) AppleWebKit/537.36 (KHTML, like Gecko) Chrome/41.0.2272.96 Mobile Safari/537.36 (compatible; Googlebot/2.1; +http://www.google.com/bot.html)"
66.249.79.109 - - [04/Jul/2019:12:32:45 -0700] "GET /css/styles.css HTTP/1.1" 200 1975 "http://rndsquared.com/" "Mozilla/5.0 (Linux; Android 6.0.1; Nexus 5X Build/MMB29P) AppleWebKit/537.36 (KHTML, like Gecko) Chrome/41.0.2272.96 Mobile Safari/537.36 (compatible; Googlebot/2.1; +http://www.google.com/bot.html)"
66.249.79.107 - - [04/Jul/2019:12:32:45 -0700] "GET /js/scripts.js HTTP/1.1" 200 1227 "http://rndsquared.com/" "Mozilla/5.0 (Linux; Android 6.0.1; Nexus 5X Build/MMB29P) AppleWebKit/537.36 (KHTML, like Gecko) Chrome/41.0.2272.96 Mobile Safari/537.36 (compatible; Googlebot/2.1; +http://www.google.com/bot.html)"
23.129.64.211 - - [04/Jul/2019:12:56:32 -0700] "GET / HTTP/1.1" 200 17429 "-" "Mozilla/5.0 (Windows NT 6.0; Win64; x64) AppleWebKit/537.36 (KHTML, like Gecko) Chrome/60.0.3112.90 Safari/537.36"
23.129.64.211 - - [04/Jul/2019:12:56:33 -0700] "GET /?name=5d1e5a8fa48e8&email=liana.slawson%40gmail.com&weJHlkUY=liana.slawson%40gmail.com&submit=Send&message=& HTTP/1.1" 200 17429 "http://rndsquared.com/" "Mozilla/5.0 (Windows NT 6.0; Win64; x64) AppleWebKit/537.36 (KHTML, like Gecko) Chrome/60.0.3112.90 Safari/537.36"
216.244.66.197 - - [04/Jul/2019:12:58:38 -0700] "GET /img/njn/5.jpg HTTP/1.1" 200 117364 "-" "Mozilla/5.0 (compatible; DotBot/1.1; http://www.opensiteexplorer.org/dotbot, help@moz.com)"
178.255.215.78 - - [04/Jul/2019:13:04:33 -0700] "GET / HTTP/1.1" 200 17429 "-" "Mozilla/5.0 (compatible; Exabot/3.0; +http://www.exabot.com/go/robot)"
40.77.167.173 - - [04/Jul/2019:13:08:56 -0700] "GET / HTTP/1.1" 200 17429 "-" "Mozilla/5.0 (compatible; bingbot/2.0; +http://www.bing.com/bingbot.htm)"
31.184.238.90 - - [04/Jul/2019:13:11:44 -0700] "GET / HTTP/1.0" 200 79394 "http://rndsquared.com/" "Mozilla/5.0 (Windows NT 6.3; Win64; x64) AppleWebKit/537.36 (KHTML, like Gecko) Chrome/66.0.3359.181 Safari/537.36"
31.184.238.90 - - [04/Jul/2019:13:11:45 -0700] "POST / HTTP/1.0" 200 79394 "http://rndsquared.com/" "Mozilla/5.0 (Windows NT 6.3; Win64; x64) AppleWebKit/537.36 (KHTML, like Gecko) Chrome/66.0.3359.181 Safari/537.36"
216.244.66.197 - - [04/Jul/2019:13:19:54 -0700] "GET /robots.txt HTTP/1.1" 404 208 "-" "Mozilla/5.0 (compatible; DotBot/1.1; http://www.opensiteexplorer.org/dotbot, help@moz.com)"
31.184.238.53 - - [04/Jul/2019:13:45:33 -0700] "GET / HTTP/1.0" 200 79394 "http://rndsquared.com/" "Mozilla/5.0 (Windows NT 10.0; Win64; x64) AppleWebKit/537.36 (KHTML, like Gecko) Chrome/65.0.3325.181 Safari/537.36"
31.184.238.53 - - [04/Jul/2019:13:45:34 -0700] "POST / HTTP/1.0" 200 79394 "http://rndsquared.com/" "Mozilla/5.0 (Windows NT 10.0; Win64; x64) AppleWebKit/537.36 (KHTML, like Gecko) Chrome/65.0.3325.181 Safari/537.36"
31.184.238.198 - - [04/Jul/2019:13:45:42 -0700] "GET / HTTP/1.0" 200 79394 "http://rndsquared.com/" "Mozilla/5.0 (Windows NT 10.0; Win64; x64) AppleWebKit/537.36 (KHTML, like Gecko) Chrome/68.0.3440.106 Safari/537.36"
31.184.238.198 - - [04/Jul/2019:13:45:43 -0700] "POST / HTTP/1.0" 200 79394 "http://rndsquared.com/" "Mozilla/5.0 (Windows NT 10.0; Win64; x64) AppleWebKit/537.36 (KHTML, like Gecko) Chrome/68.0.3440.106 Safari/537.36"
216.244.66.197 - - [04/Jul/2019:13:52:22 -0700] "GET /img/mixman/16.jpg HTTP/1.1" 200 113328 "-" "Mozilla/5.0 (compatible; DotBot/1.1; http://www.opensiteexplorer.org/dotbot, help@moz.com)"
216.244.66.197 - - [04/Jul/2019:13:52:25 -0700] "GET /img/njn/3.jpg HTTP/1.1" 200 157605 "-" "Mozilla/5.0 (compatible; DotBot/1.1; http://www.opensiteexplorer.org/dotbot, help@moz.com)"
216.244.66.197 - - [04/Jul/2019:14:13:53 -0700] "GET /robots.txt HTTP/1.1" 404 208 "-" "Mozilla/5.0 (compatible; DotBot/1.1; http://www.opensiteexplorer.org/dotbot, help@moz.com)"
31.184.238.236 - - [04/Jul/2019:14:27:44 -0700] "GET / HTTP/1.0" 200 79394 "http://rndsquared.com/" "Mozilla/5.0 (Windows NT 10.0) AppleWebKit/537.36 (KHTML, like Gecko) Chrome/67.0.3396.99 Safari/537.36"
31.184.238.236 - - [04/Jul/2019:14:27:44 -0700] "POST / HTTP/1.0" 200 79394 "http://rndsquared.com/" "Mozilla/5.0 (Windows NT 10.0) AppleWebKit/537.36 (KHTML, like Gecko) Chrome/67.0.3396.99 Safari/537.36"
216.244.66.197 - - [04/Jul/2019:14:42:51 -0700] "GET /img/mixman/4.jpg HTTP/1.1" 200 135099 "-" "Mozilla/5.0 (compatible; DotBot/1.1; http://www.opensiteexplorer.org/dotbot, help@moz.com)"
216.244.66.197 - - [04/Jul/2019:14:42:54 -0700] "GET /img/wu-wei/2.jpg HTTP/1.1" 200 183246 "-" "Mozilla/5.0 (compatible; DotBot/1.1; http://www.opensiteexplorer.org/dotbot, help@moz.com)"
31.220.40.54 - - [04/Jul/2019:14:46:01 -0700] "GET / HTTP/1.1" 200 17429 "-" "Mozilla/5.0 (Windows NT 10.0; WOW64) AppleWebKit/537.36 (KHTML, like Gecko) Chrome/45.0.2454.93 Safari/537.36"
31.220.40.54 - - [04/Jul/2019:14:46:02 -0700] "GET /?name=5d1e74388f2ab&email=ajarrosiak%40aol.com&weJHlkUY=ajarrosiak%40aol.com&submit=Send&message=& HTTP/1.1" 200 17429 "http://rndsquared.com/" "Mozilla/5.0 (Windows NT 10.0; WOW64) AppleWebKit/537.36 (KHTML, like Gecko) Chrome/45.0.2454.93 Safari/537.36"
216.244.66.197 - - [04/Jul/2019:15:06:02 -0700] "GET /robots.txt HTTP/1.1" 404 208 "-" "Mozilla/5.0 (compatible; DotBot/1.1; http://www.opensiteexplorer.org/dotbot, help@moz.com)"
23.129.64.208 - - [04/Jul/2019:15:14:03 -0700] "GET / HTTP/1.1" 200 17429 "-" "Mozilla/5.0 (Macintosh; Intel Mac OS X 10_11_5) AppleWebKit/601.6.17 (KHTML, like Gecko) Version/9.1.1 Safari/601.6.17"
23.129.64.208 - - [04/Jul/2019:15:14:04 -0700] "GET /?name=5d1e7ac9da91a&email=cuervo22b%40yahoo.com&weJHlkUY=cuervo22b%40yahoo.com&submit=Send&message=& HTTP/1.1" 200 17429 "http://rndsquared.com/" "Mozilla/5.0 (Macintosh; Intel Mac OS X 10_11_5) AppleWebKit/601.6.17 (KHTML, like Gecko) Version/9.1.1 Safari/601.6.17"
31.184.238.53 - - [04/Jul/2019:15:23:20 -0700] "GET / HTTP/1.0" 200 79394 "http://rndsquared.com/" "Mozilla/5.0 (Windows NT 10.0; Win64; x64) AppleWebKit/537.36 (KHTML, like Gecko) Chrome/67.0.3396.87 Safari/537.36 OPR/54.0.2952.51"
31.184.238.53 - - [04/Jul/2019:15:23:21 -0700] "POST / HTTP/1.0" 200 79394 "http://rndsquared.com/" "Mozilla/5.0 (Windows NT 10.0; Win64; x64) AppleWebKit/537.36 (KHTML, like Gecko) Chrome/67.0.3396.87 Safari/537.36 OPR/54.0.2952.51"
216.244.66.197 - - [04/Jul/2019:15:32:56 -0700] "GET /img/mixman/1.jpg HTTP/1.1" 200 146374 "-" "Mozilla/5.0 (compatible; DotBot/1.1; http://www.opensiteexplorer.org/dotbot, help@moz.com)"
31.184.238.78 - - [04/Jul/2019:15:48:50 -0700] "GET / HTTP/1.0" 200 79394 "http://rndsquared.com/" "Mozilla/5.0 (Windows NT 10.0; Win64; x64) AppleWebKit/537.36 (KHTML, like Gecko) Chrome/65.0.3325.181 Safari/537.36"
31.184.238.78 - - [04/Jul/2019:15:48:50 -0700] "POST / HTTP/1.0" 200 79394 "http://rndsquared.com/" "Mozilla/5.0 (Windows NT 10.0; Win64; x64) AppleWebKit/537.36 (KHTML, like Gecko) Chrome/65.0.3325.181 Safari/537.36"
77.75.78.166 - - [04/Jul/2019:16:14:27 -0700] "GET /robots.txt HTTP/1.1" 404 208 "-" "Mozilla/5.0 (compatible; SeznamBot/3.2; +http://napoveda.seznam.cz/en/seznambot-intro/)"
77.75.78.166 - - [04/Jul/2019:16:14:28 -0700] "GET /img/oncekids-fujimini/1.jpg HTTP/1.1" 200 109257 "-" "Mozilla/5.0 (compatible; SeznamBot/3.2; +http://napoveda.seznam.cz/en/seznambot-intro/)"
77.75.78.166 - - [04/Jul/2019:16:14:32 -0700] "GET /img/njn/thumbs/7.jpg HTTP/1.1" 304 - "-" "Mozilla/5.0 (compatible; SeznamBot/3.2; +http://napoveda.seznam.cz/en/seznambot-intro/)"
31.184.238.78 - - [04/Jul/2019:16:25:50 -0700] "GET / HTTP/1.0" 200 79394 "http://rndsquared.com/" "Mozilla/5.0 (Windows NT 6.1) AppleWebKit/537.36 (KHTML, like Gecko) Chrome/67.0.3396.99 Safari/537.36"
31.184.238.78 - - [04/Jul/2019:16:25:50 -0700] "POST / HTTP/1.0" 200 79394 "http://rndsquared.com/" "Mozilla/5.0 (Windows NT 6.1) AppleWebKit/537.36 (KHTML, like Gecko) Chrome/67.0.3396.99 Safari/537.36"
31.184.238.198 - - [04/Jul/2019:16:46:20 -0700] "GET / HTTP/1.0" 200 79394 "http://rndsquared.com/" "Mozilla/5.0 (Windows NT 6.1; Win64; x64) AppleWebKit/537.36 (KHTML, like Gecko) Chrome/67.0.3396.79 Safari/537.36"
31.184.238.198 - - [04/Jul/2019:16:46:21 -0700] "POST / HTTP/1.0" 200 79394 "http://rndsquared.com/" "Mozilla/5.0 (Windows NT 6.1; Win64; x64) AppleWebKit/537.36 (KHTML, like Gecko) Chrome/67.0.3396.79 Safari/537.36"
109.102.111.61 - - [04/Jul/2019:16:47:59 -0700] "GET / HTTP/1.1" 200 79394 "-" "Java/1.8.0_201"
109.102.111.61 - - [04/Jul/2019:16:48:00 -0700] "GET /js/lightbox.js HTTP/1.1" 200 15366 "-" "Java/1.8.0_201"
109.102.111.61 - - [04/Jul/2019:16:48:00 -0700] "GET /js/modernizr.js HTTP/1.1" 200 14521 "-" "Java/1.8.0_201"
109.102.111.61 - - [04/Jul/2019:16:48:00 -0700] "GET /js/scripts.js HTTP/1.1" 200 3179 "-" "Java/1.8.0_201"
109.102.111.61 - - [04/Jul/2019:16:48:00 -0700] "GET /js/)&&!!a.HTMLDataListElement),t}( HTTP/1.1" 404 240 "-" "Java/1.8.0_201"
109.102.111.61 - - [04/Jul/2019:16:48:01 -0700] "GET /js/).html( HTTP/1.1" 404 208 "-" "Java/1.8.0_201"
109.102.111.61 - - [04/Jul/2019:16:48:02 -0700] "GET /js/rndmail.php HTTP/1.1" 404 212 "-" "Java/1.8.0_201"
109.102.111.61 - - [04/Jul/2019:16:48:02 -0700] "GET /img/luminous/luminousHome.png HTTP/1.1" 200 3449282 "-" "Java/1.8.0_201"
109.102.111.61 - - [04/Jul/2019:16:48:04 -0700] "GET /img/luminous/luminousMulti.png HTTP/1.1" 200 1292693 "-" "Java/1.8.0_201"
109.102.111.61 - - [04/Jul/2019:16:48:06 -0700] "GET /img/luminous/luminousOcto.png HTTP/1.1" 200 1186596 "-" "Java/1.8.0_201"
109.102.111.61 - - [04/Jul/2019:16:48:07 -0700] "GET /img/luminous/luminousVideo.png HTTP/1.1" 200 952978 "-" "Java/1.8.0_201"
109.102.111.61 - - [04/Jul/2019:16:48:09 -0700] "GET /img/praxis/praxisCopy.png HTTP/1.1" 200 149758 "-" "Java/1.8.0_201"
109.102.111.61 - - [04/Jul/2019:16:48:10 -0700] "GET /img/praxis/praxisHS.png HTTP/1.1" 200 878433 "-" "Java/1.8.0_201"
109.102.111.61 - - [04/Jul/2019:16:48:12 -0700] "GET /img/praxis/praxiscity.png HTTP/1.1" 200 1324301 "-" "Java/1.8.0_201"
109.102.111.61 - - [04/Jul/2019:16:48:14 -0700] "GET /img/praxis/praxisoutside.png HTTP/1.1" 200 638123 "-" "Java/1.8.0_201"
109.102.111.61 - - [04/Jul/2019:16:48:16 -0700] "GET /https://code.jquery.com/jquery-1.11.2.min.js HTTP/1.1" 404 241 "-" "Java/1.8.0_201"
109.102.111.61 - - [04/Jul/2019:16:48:16 -0700] "GET /js/data:image/gif;base64,R0lGODlhAQABAIAAAP///wAAACH5BAEAAAAALAAAAAABAAEAAAICRAEAOw== HTTP/1.1" 404 281 "-" "Java/1.8.0_201"
31.184.238.169 - - [04/Jul/2019:17:32:18 -0700] "GET / HTTP/1.0" 200 79394 "http://rndsquared.com/" "Mozilla/5.0 (Windows NT 6.1; Win64; x64) AppleWebKit/537.36 (KHTML, like Gecko) Chrome/67.0.3396.87 Safari/537.36 OPR/54.0.2952.71"
31.184.238.169 - - [04/Jul/2019:17:32:19 -0700] "POST / HTTP/1.0" 200 79394 "http://rndsquared.com/" "Mozilla/5.0 (Windows NT 6.1; Win64; x64) AppleWebKit/537.36 (KHTML, like Gecko) Chrome/67.0.3396.87 Safari/537.36 OPR/54.0.2952.71"
37.58.52.111 - - [04/Jul/2019:18:29:12 -0700] "GET / HTTP/1.1" 200 79394 "-" "Mozilla/5.0 (X11; Linux x86_64) AppleWebKit/537.36 (KHTML, like Gecko) Chrome/72.0.3626.121 Safari/537.36"
83.149.125.138 - - [04/Jul/2019:18:31:35 -0700] "GET / HTTP/1.1" 200 79394 "-" "Mozilla/5.0 (X11; Linux x86_64) AppleWebKit/537.36 (KHTML, like Gecko) Chrome/72.0.3626.121 Safari/537.36"
83.149.125.138 - - [04/Jul/2019:18:31:36 -0700] "GET /robots.txt HTTP/1.1" 404 208 "-" "Mozilla/5.0 (X11; Linux x86_64) AppleWebKit/537.36 (KHTML, like Gecko) Chrome/72.0.3626.121 Safari/537.36"
83.149.125.138 - - [04/Jul/2019:18:31:36 -0700] "GET /favicon.ico HTTP/1.1" 404 209 "-" "Mozilla/5.0 (X11; Linux x86_64) AppleWebKit/537.36 (KHTML, like Gecko) Chrome/72.0.3626.121 Safari/537.36"
134.90.149.150 - - [04/Jul/2019:18:37:18 -0700] "GET / HTTP/1.0" 200 79394 "http://rndsquared.com/" "Mozilla/5.0 (Windows NT 6.3; Win64; x64) AppleWebKit/537.36 (KHTML, like Gecko) Chrome/67.0.3396.79 Safari/537.36"
134.90.149.150 - - [04/Jul/2019:18:37:19 -0700] "POST / HTTP/1.0" 200 79394 "http://rndsquared.com/" "Mozilla/5.0 (Windows NT 6.3; Win64; x64) AppleWebKit/537.36 (KHTML, like Gecko) Chrome/67.0.3396.79 Safari/537.36"
24.38.160.102 - - [04/Jul/2019:19:08:41 -0700] "GET /img/autumn/thumbs/1.jpg HTTP/1.1" 200 24768 "https://www.google.com/" "Mozilla/5.0 (Macintosh; Intel Mac OS X 10_10_5) AppleWebKit/603.3.8 (KHTML, like Gecko) Version/10.1.2 Safari/603.3.8"
31.184.238.169 - - [04/Jul/2019:19:09:12 -0700] "GET / HTTP/1.0" 200 79394 "http://rndsquared.com/" "Mozilla/5.0 (Windows NT 6.1; WOW64) AppleWebKit/537.36 (KHTML, like Gecko) Chrome/67.0.3396.87 Safari/537.36 OPR/54.0.2952.64 (Edition Yx)"
31.184.238.169 - - [04/Jul/2019:19:09:13 -0700] "POST / HTTP/1.0" 200 79394 "http://rndsquared.com/" "Mozilla/5.0 (Windows NT 6.1; WOW64) AppleWebKit/537.36 (KHTML, like Gecko) Chrome/67.0.3396.87 Safari/537.36 OPR/54.0.2952.64 (Edition Yx)"
167.71.186.228 - - [04/Jul/2019:19:33:46 -0700] "GET / HTTP/1.0" 200 79394 "-" "Mozilla/5.0 (compatible; NetcraftSurveyAgent/1.0; +info@netcraft.com)"
51.91.18.121 - - [04/Jul/2019:19:51:45 -0700] "GET / HTTP/1.1" 200 17429 "-" "Mozilla/5.0 (Windows NT 6.3; Win64; x64) AppleWebKit/537.36 (KHTML, like Gecko) Chrome/60.0.3112.113 Safari/537.36"
51.91.18.121 - - [04/Jul/2019:19:51:46 -0700] "GET /?name=5d1ebbe1a8149&email=kfajardo27%40gmail.com&weJHlkUY=kfajardo27%40gmail.com&submit=Send&message=& HTTP/1.1" 200 17429 "http://rndsquared.com/" "Mozilla/5.0 (Windows NT 6.3; Win64; x64) AppleWebKit/537.36 (KHTML, like Gecko) Chrome/60.0.3112.113 Safari/537.36"
216.244.66.197 - - [04/Jul/2019:20:09:05 -0700] "GET /robots.txt HTTP/1.1" 404 208 "-" "Mozilla/5.0 (compatible; DotBot/1.1; http://www.opensiteexplorer.org/dotbot, help@moz.com)"
216.244.66.197 - - [04/Jul/2019:20:40:47 -0700] "GET /img/praxis/praxiscity.png HTTP/1.1" 200 1324301 "-" "Mozilla/5.0 (compatible; DotBot/1.1; http://www.opensiteexplorer.org/dotbot, help@moz.com)"
31.184.238.236 - - [04/Jul/2019:21:33:11 -0700] "GET / HTTP/1.0" 200 79394 "http://rndsquared.com/" "Mozilla/5.0 (Windows NT 6.1; Win64; x64) AppleWebKit/537.36 (KHTML, like Gecko) Chrome/67.0.3396.87 Safari/537.36"
31.184.238.236 - - [04/Jul/2019:21:33:12 -0700] "POST / HTTP/1.0" 200 79394 "http://rndsquared.com/" "Mozilla/5.0 (Windows NT 6.1; Win64; x64) AppleWebKit/537.36 (KHTML, like Gecko) Chrome/67.0.3396.87 Safari/537.36"
180.76.15.141 - - [04/Jul/2019:21:45:19 -0700] "GET /robots.txt HTTP/1.1" 404 208 "-" "Mozilla/5.0 (Windows NT 5.1; rv:6.0.2) Gecko/20100101 Firefox/6.0.2"
180.76.15.151 - - [04/Jul/2019:21:45:19 -0700] "GET /robots.txt HTTP/1.1" 404 208 "-" "Mozilla/5.0 (Windows NT 5.1; rv:6.0.2) Gecko/20100101 Firefox/6.0.2"
34.222.33.93 - - [04/Jul/2019:22:19:07 -0700] "GET / HTTP/1.1" 200 17429 "-" "Go-http-client/1.1"
199.58.86.206 - - [04/Jul/2019:22:20:54 -0700] "GET /robots.txt HTTP/1.1" 404 208 "-" "Mozilla/5.0 (compatible; MJ12bot/v1.4.8; http://mj12bot.com/)"
199.58.86.206 - - [04/Jul/2019:22:20:56 -0700] "GET / HTTP/1.1" 200 79394 "-" "Mozilla/5.0 (compatible; MJ12bot/v1.4.8; http://mj12bot.com/)"
66.249.66.66 - - [04/Jul/2019:22:41:35 -0700] "GET /robots.txt HTTP/1.1" 404 208 "-" "Mozilla/5.0 (compatible; Googlebot/2.1; +http://www.google.com/bot.html)"
66.249.66.66 - - [04/Jul/2019:22:41:35 -0700] "GET / HTTP/1.1" 200 17429 "-" "Mozilla/5.0 (compatible; Googlebot/2.1; +http://www.google.com/bot.html)"
31.184.238.198 - - [04/Jul/2019:23:03:48 -0700] "GET / HTTP/1.0" 200 79394 "http://rndsquared.com/" "Mozilla/5.0 (Windows NT 10.0) AppleWebKit/537.36 (KHTML, like Gecko) Chrome/67.0.3396.99 Safari/537.36"
31.184.238.198 - - [04/Jul/2019:23:03:49 -0700] "POST / HTTP/1.0" 200 79394 "http://rndsquared.com/" "Mozilla/5.0 (Windows NT 10.0) AppleWebKit/537.36 (KHTML, like Gecko) Chrome/67.0.3396.99 Safari/537.36"
31.184.238.53 - - [04/Jul/2019:23:05:41 -0700] "GET / HTTP/1.0" 200 79394 "http://rndsquared.com/" "Mozilla/5.0 (Windows NT 6.1; Win64; x64) AppleWebKit/537.36 (KHTML, like Gecko) Chrome/67.0.3396.87 Safari/537.36 OPR/54.0.2952.64"
31.184.238.53 - - [04/Jul/2019:23:05:42 -0700] "POST / HTTP/1.0" 200 79394 "http://rndsquared.com/" "Mozilla/5.0 (Windows NT 6.1; Win64; x64) AppleWebKit/537.36 (KHTML, like Gecko) Chrome/67.0.3396.87 Safari/537.36 OPR/54.0.2952.64"
77.75.77.36 - - [05/Jul/2019:00:49:18 -0700] "GET /robots.txt HTTP/1.1" 404 208 "-" "Mozilla/5.0 (compatible; SeznamBot/3.2; +http://napoveda.seznam.cz/en/seznambot-intro/)"
77.75.77.36 - - [05/Jul/2019:00:49:19 -0700] "GET /img/mixman/17.jpg HTTP/1.1" 304 - "-" "Mozilla/5.0 (compatible; SeznamBot/3.2; +http://napoveda.seznam.cz/en/seznambot-intro/)"
31.184.238.53 - - [05/Jul/2019:00:58:52 -0700] "GET / HTTP/1.0" 200 79394 "http://rndsquared.com/" "Mozilla/5.0 (Windows NT 6.3; Win64; x64) AppleWebKit/537.36 (KHTML, like Gecko) Chrome/68.0.3440.84 Safari/537.36"
31.184.238.53 - - [05/Jul/2019:00:58:53 -0700] "POST / HTTP/1.0" 200 79394 "http://rndsquared.com/" "Mozilla/5.0 (Windows NT 6.3; Win64; x64) AppleWebKit/537.36 (KHTML, like Gecko) Chrome/68.0.3440.84 Safari/537.36"
82.94.132.34 - - [05/Jul/2019:01:00:43 -0700] "GET / HTTP/1.1" 200 17429 "-" "Mozilla/5.0 (Windows NT 6.2; Win64; x64) AppleWebKit/537.36 (KHTML, like Gecko) Chrome/52.0.2743.116 Safari/537.36 Edge/15.15063"
82.94.132.34 - - [05/Jul/2019:01:00:44 -0700] "GET /?name=5d1f04c82b259&email=ascaniya.office%40gmail.com&weJHlkUY=ascaniya.office%40gmail.com&submit=Send&message=& HTTP/1.1" 200 17429 "http://rndsquared.com/" "Mozilla/5.0 (Windows NT 6.2; Win64; x64) AppleWebKit/537.36 (KHTML, like Gecko) Chrome/52.0.2743.116 Safari/537.36 Edge/15.15063"
216.244.66.197 - - [05/Jul/2019:01:13:05 -0700] "GET /robots.txt HTTP/1.1" 404 208 "-" "Mozilla/5.0 (compatible; DotBot/1.1; http://www.opensiteexplorer.org/dotbot, help@moz.com)"
66.249.66.80 - - [05/Jul/2019:01:13:24 -0700] "GET /robots.txt HTTP/1.1" 404 208 "-" "Mozilla/5.0 (compatible; Googlebot/2.1; +http://www.google.com/bot.html)"
66.249.66.78 - - [05/Jul/2019:01:13:24 -0700] "GET / HTTP/1.1" 200 17429 "-" "Mozilla/5.0 (Linux; Android 6.0.1; Nexus 5X Build/MMB29P) AppleWebKit/537.36 (KHTML, like Gecko) Chrome/41.0.2272.96 Mobile Safari/537.36 (compatible; Googlebot/2.1; +http://www.google.com/bot.html)"
77.75.78.168 - - [05/Jul/2019:01:23:41 -0700] "GET /robots.txt HTTP/1.1" 404 208 "-" "Mozilla/5.0 (compatible; SeznamBot/3.2; +http://napoveda.seznam.cz/en/seznambot-intro/)"
77.75.78.168 - - [05/Jul/2019:01:23:43 -0700] "GET /img/sfnoir/thumbs/7.jpg HTTP/1.1" 304 - "-" "Mozilla/5.0 (compatible; SeznamBot/3.2; +http://napoveda.seznam.cz/en/seznambot-intro/)"
216.244.66.197 - - [05/Jul/2019:01:31:25 -0700] "GET /img/bs4w/2.jpg HTTP/1.1" 200 116129 "-" "Mozilla/5.0 (compatible; DotBot/1.1; http://www.opensiteexplorer.org/dotbot, help@moz.com)"
216.244.66.197 - - [05/Jul/2019:01:31:27 -0700] "GET /img/mixman/13.jpg HTTP/1.1" 200 106423 "-" "Mozilla/5.0 (compatible; DotBot/1.1; http://www.opensiteexplorer.org/dotbot, help@moz.com)"
216.244.66.197 - - [05/Jul/2019:01:31:30 -0700] "GET /img/wu-wei/4.jpg HTTP/1.1" 200 279891 "-" "Mozilla/5.0 (compatible; DotBot/1.1; http://www.opensiteexplorer.org/dotbot, help@moz.com)"
31.184.238.198 - - [05/Jul/2019:01:44:43 -0700] "GET / HTTP/1.0" 200 79394 "http://rndsquared.com/" "Mozilla/5.0 (Windows NT 6.1; Win64; x64) AppleWebKit/537.36 (KHTML, like Gecko) Chrome/66.0.3359.170 Safari/537.36 OPR/53.0.2907.99"
31.184.238.198 - - [05/Jul/2019:01:44:44 -0700] "POST / HTTP/1.0" 200 79394 "http://rndsquared.com/" "Mozilla/5.0 (Windows NT 6.1; Win64; x64) AppleWebKit/537.36 (KHTML, like Gecko) Chrome/66.0.3359.170 Safari/537.36 OPR/53.0.2907.99"
180.76.15.143 - - [05/Jul/2019:01:51:59 -0700] "GET / HTTP/1.1" 200 17429 "-" "Mozilla/5.0 (compatible; Baiduspider/2.0; +http://www.baidu.com/search/spider.html)"
180.76.15.137 - - [05/Jul/2019:02:25:19 -0700] "GET /css/bootstrap.min.css HTTP/1.1" 200 11249 "-" "Mozilla/5.0 (compatible; Baiduspider/2.0; +http://www.baidu.com/search/spider.html)"
192.42.116.18 - - [05/Jul/2019:02:53:33 -0700] "GET / HTTP/1.1" 200 17429 "-" "Mozilla/5.0 (Windows NT 10.0; Win64; x64) AppleWebKit/537.36 (KHTML, like Gecko) Chrome/51.0.2704.79 Safari/537.36 Edge/14.14393"
192.42.116.18 - - [05/Jul/2019:02:53:34 -0700] "GET /?name=5d1f1ebad003a&email=danutag%40gmail.com&weJHlkUY=danutag%40gmail.com&submit=Send&message=& HTTP/1.1" 200 17429 "http://rndsquared.com/" "Mozilla/5.0 (Windows NT 10.0; Win64; x64) AppleWebKit/537.36 (KHTML, like Gecko) Chrome/51.0.2704.79 Safari/537.36 Edge/14.14393"
193.160.224.121 - - [05/Jul/2019:03:04:48 -0700] "GET / HTTP/1.0" 200 79394 "http://rndsquared.com/" "Mozilla/5.0 (Windows NT 6.3; Win64; x64) AppleWebKit/537.36 (KHTML, like Gecko) Chrome/68.0.3440.106 Safari/537.36"
193.160.224.121 - - [05/Jul/2019:03:04:52 -0700] "POST / HTTP/1.0" 200 79394 "http://rndsquared.com/" "Mozilla/5.0 (Windows NT 6.3; Win64; x64) AppleWebKit/537.36 (KHTML, like Gecko) Chrome/68.0.3440.106 Safari/537.36"
207.46.13.170 - - [05/Jul/2019:03:12:52 -0700] "GET / HTTP/1.1" 200 17429 "-" "Mozilla/5.0 (compatible; bingbot/2.0; +http://www.bing.com/bingbot.htm)"
79.164.122.148 - - [05/Jul/2019:03:37:51 -0700] "GET / HTTP/1.0" 200 79394 "http://hitmuzik.ru/" "Mozilla/5.0 (Windows NT 6.1) AppleWebKit/537.36 (KHTML, like Gecko) Chrome/66.0.3359.181 Safari/537.36"
79.164.122.148 - - [05/Jul/2019:03:37:52 -0700] "POST / HTTP/1.0" 200 79394 "http://rndsquared.com/" "Mozilla/5.0 (Windows NT 6.1) AppleWebKit/537.36 (KHTML, like Gecko) Chrome/66.0.3359.181 Safari/537.36"
79.164.122.148 - - [05/Jul/2019:03:37:53 -0700] "GET / HTTP/1.0" 200 79394 "http://rndsquared.com/" "Mozilla/5.0 (Windows NT 6.1) AppleWebKit/537.36 (KHTML, like Gecko) Chrome/66.0.3359.181 Safari/537.36"
79.164.122.148 - - [05/Jul/2019:03:37:54 -0700] "GET /img/sfnoir/1.jpg HTTP/1.0" 200 77798 "http://rndsquared.com/img/sfnoir/1.jpg" "Mozilla/5.0 (Windows NT 6.1) AppleWebKit/537.36 (KHTML, like Gecko) Chrome/66.0.3359.181 Safari/537.36"
156.54.63.235 - - [05/Jul/2019:04:01:29 -0700] "GET / HTTP/1.1" 200 17429 "-" "Mozilla/5.0 (Windows NT 6.1) AppleWebKit/537.36 (KHTML, like Gecko) Chrome/41.0.2272.104 Safari/537.36"
156.54.63.235 - - [05/Jul/2019:04:01:31 -0700] "GET /?name=5d1f2ea8f1d69&email=jcweissja%40aol.com&weJHlkUY=jcweissja%40aol.com&submit=Send&message=& HTTP/1.1" 200 17429 "http://rndsquared.com/" "Mozilla/5.0 (Windows NT 6.1) AppleWebKit/537.36 (KHTML, like Gecko) Chrome/41.0.2272.104 Safari/537.36"
185.103.110.204 - - [05/Jul/2019:04:24:09 -0700] "GET / HTTP/1.0" 200 79394 "http://rndsquared.com/" "Mozilla/5.0 (Windows NT 10.0) AppleWebKit/537.36 (KHTML, like Gecko) Chrome/67.0.3396.99 Safari/537.36"
185.103.110.204 - - [05/Jul/2019:04:24:10 -0700] "POST / HTTP/1.0" 200 79394 "http://rndsquared.com/" "Mozilla/5.0 (Windows NT 10.0) AppleWebKit/537.36 (KHTML, like Gecko) Chrome/67.0.3396.99 Safari/537.36"
145.255.21.89 - - [05/Jul/2019:04:25:28 -0700] "GET / HTTP/1.0" 200 79394 "http://rndsquared.com/" "Mozilla/5.0 (Windows NT 10.0; Win64; x64) AppleWebKit/537.36 (KHTML, like Gecko) Chrome/66.0.3359.170 Safari/537.36 OPR/53.0.2907.99"
145.255.21.89 - - [05/Jul/2019:04:25:29 -0700] "POST / HTTP/1.0" 200 79394 "http://rndsquared.com/" "Mozilla/5.0 (Windows NT 10.0; Win64; x64) AppleWebKit/537.36 (KHTML, like Gecko) Chrome/66.0.3359.170 Safari/537.36 OPR/53.0.2907.99"
145.255.21.89 - - [05/Jul/2019:04:25:30 -0700] "GET / HTTP/1.0" 200 79394 "http://rndsquared.com/" "Mozilla/5.0 (Windows NT 10.0; Win64; x64) AppleWebKit/537.36 (KHTML, like Gecko) Chrome/66.0.3359.170 Safari/537.36 OPR/53.0.2907.99"
145.255.21.89 - - [05/Jul/2019:04:25:31 -0700] "GET /img/sfnoir/1.jpg HTTP/1.0" 200 77798 "http://rndsquared.com/img/sfnoir/1.jpg" "Mozilla/5.0 (Windows NT 10.0; Win64; x64) AppleWebKit/537.36 (KHTML, like Gecko) Chrome/66.0.3359.170 Safari/537.36 OPR/53.0.2907.99"
35.227.73.180 - - [05/Jul/2019:04:27:54 -0700] "GET /robots.txt HTTP/1.0" 404 208 "-" "ZoominfoBot (zoominfobot at zoominfo dot com)"
35.227.73.180 - - [05/Jul/2019:04:27:54 -0700] "GET / HTTP/1.0" 200 17429 "-" "ZoominfoBot (zoominfobot at zoominfo dot com)"
35.227.73.180 - - [05/Jul/2019:04:29:08 -0700] "GET /robots.txt HTTP/1.0" 404 208 "-" "ZoominfoBot (zoominfobot at zoominfo dot com)"
35.227.73.180 - - [05/Jul/2019:04:29:08 -0700] "GET / HTTP/1.0" 200 17429 "-" "ZoominfoBot (zoominfobot at zoominfo dot com)"
216.244.66.197 - - [05/Jul/2019:04:39:24 -0700] "GET /robots.txt HTTP/1.1" 404 208 "-" "Mozilla/5.0 (compatible; DotBot/1.1; http://www.opensiteexplorer.org/dotbot, help@moz.com)"
216.244.66.197 - - [05/Jul/2019:05:03:46 -0700] "GET /img/njn/2.jpg HTTP/1.1" 200 103550 "-" "Mozilla/5.0 (compatible; DotBot/1.1; http://www.opensiteexplorer.org/dotbot, help@moz.com)"
195.176.3.19 - - [05/Jul/2019:05:31:17 -0700] "GET / HTTP/1.1" 200 17429 "-" "Mozilla/5.0 (Windows NT 6.0; Win64; x64) AppleWebKit/537.36 (KHTML, like Gecko) Chrome/60.0.3112.90 Safari/537.36"
195.176.3.19 - - [05/Jul/2019:05:31:18 -0700] "GET /?name=5d1f43b746f3f&email=infocentr.ro%40gmail.com&weJHlkUY=infocentr.ro%40gmail.com&submit=Send&message=& HTTP/1.1" 200 17429 "http://rndsquared.com/" "Mozilla/5.0 (Windows NT 6.0; Win64; x64) AppleWebKit/537.36 (KHTML, like Gecko) Chrome/60.0.3112.90 Safari/537.36"
216.244.66.197 - - [05/Jul/2019:05:32:29 -0700] "GET /robots.txt HTTP/1.1" 404 208 "-" "Mozilla/5.0 (compatible; DotBot/1.1; http://www.opensiteexplorer.org/dotbot, help@moz.com)"
77.75.76.160 - - [05/Jul/2019:05:51:17 -0700] "GET /robots.txt HTTP/1.1" 404 208 "-" "Mozilla/5.0 (compatible; SeznamBot/3.2; +http://napoveda.seznam.cz/en/seznambot-intro/)"
77.75.76.160 - - [05/Jul/2019:05:51:18 -0700] "GET /img/urban-cowgirl/2.jpg HTTP/1.1" 304 - "-" "Mozilla/5.0 (compatible; SeznamBot/3.2; +http://napoveda.seznam.cz/en/seznambot-intro/)"
216.244.66.197 - - [05/Jul/2019:06:00:45 -0700] "GET /img/bs4w/5.jpg HTTP/1.1" 200 42135 "-" "Mozilla/5.0 (compatible; DotBot/1.1; http://www.opensiteexplorer.org/dotbot, help@moz.com)"
216.244.66.197 - - [05/Jul/2019:06:25:26 -0700] "GET /robots.txt HTTP/1.1" 404 208 "-" "Mozilla/5.0 (compatible; DotBot/1.1; http://www.opensiteexplorer.org/dotbot, help@moz.com)"
192.42.116.28 - - [05/Jul/2019:06:52:55 -0700] "GET / HTTP/1.1" 200 17429 "-" "Mozilla/5.0 (Windows NT 10.0; WOW64) AppleWebKit/537.36 (KHTML, like Gecko) Chrome/45.0.2454.93 Safari/537.36"
192.42.116.28 - - [05/Jul/2019:06:53:00 -0700] "GET /?name=5d1f56d720134&email=pallagao%40gmail.com&weJHlkUY=pallagao%40gmail.com&submit=Send&message=& HTTP/1.1" 200 17429 "http://rndsquared.com/" "Mozilla/5.0 (Windows NT 10.0; WOW64) AppleWebKit/537.36 (KHTML, like Gecko) Chrome/45.0.2454.93 Safari/537.36"
216.244.66.197 - - [05/Jul/2019:06:53:41 -0700] "GET /img/praxis/praxisCopy.png HTTP/1.1" 200 149758 "-" "Mozilla/5.0 (compatible; DotBot/1.1; http://www.opensiteexplorer.org/dotbot, help@moz.com)"
77.75.77.101 - - [05/Jul/2019:07:18:18 -0700] "GET /robots.txt HTTP/1.1" 404 208 "-" "Mozilla/5.0 (compatible; SeznamBot/3.2; +http://napoveda.seznam.cz/en/seznambot-intro/)"
77.75.77.101 - - [05/Jul/2019:07:18:20 -0700] "GET /img/bs4w/7.jpg HTTP/1.1" 304 - "-" "Mozilla/5.0 (compatible; SeznamBot/3.2; +http://napoveda.seznam.cz/en/seznambot-intro/)"
66.249.66.80 - - [05/Jul/2019:07:55:42 -0700] "GET /isqzhejr.html HTTP/1.1" 404 211 "-" "Mozilla/5.0 (compatible; Googlebot/2.1; +http://www.google.com/bot.html)"
77.75.76.167 - - [05/Jul/2019:08:20:55 -0700] "GET /robots.txt HTTP/1.1" 404 208 "-" "Mozilla/5.0 (compatible; SeznamBot/3.2; +http://napoveda.seznam.cz/en/seznambot-intro/)"
77.75.76.167 - - [05/Jul/2019:08:20:57 -0700] "GET /img/mixman/thumbs/17.jpg HTTP/1.1" 304 - "-" "Mozilla/5.0 (compatible; SeznamBot/3.2; +http://napoveda.seznam.cz/en/seznambot-intro/)"
31.184.238.53 - - [05/Jul/2019:08:42:34 -0700] "GET / HTTP/1.0" 200 79394 "http://rndsquared.com/" "Mozilla/5.0 (Windows NT 6.3; Win64; x64) AppleWebKit/537.36 (KHTML, like Gecko) Chrome/66.0.3359.181 Safari/537.36"
31.184.238.53 - - [05/Jul/2019:08:42:35 -0700] "POST / HTTP/1.0" 200 79394 "http://rndsquared.com/" "Mozilla/5.0 (Windows NT 6.3; Win64; x64) AppleWebKit/537.36 (KHTML, like Gecko) Chrome/66.0.3359.181 Safari/537.36"
31.184.238.198 - - [05/Jul/2019:08:43:23 -0700] "GET / HTTP/1.0" 200 79394 "http://rndsquared.com/" "Mozilla/5.0 (Windows NT 10.0; Win64; x64) AppleWebKit/537.36 (KHTML, like Gecko) Chrome/67.0.3396.87 Safari/537.36 OPR/54.0.2952.54"
31.184.238.198 - - [05/Jul/2019:08:43:24 -0700] "POST / HTTP/1.0" 200 79394 "http://rndsquared.com/" "Mozilla/5.0 (Windows NT 10.0; Win64; x64) AppleWebKit/537.36 (KHTML, like Gecko) Chrome/67.0.3396.87 Safari/537.36 OPR/54.0.2952.54"
46.173.55.27 - - [05/Jul/2019:08:49:46 -0700] "GET / HTTP/1.0" 200 79394 "http://rndsquared.com/" "Mozilla/5.0 (Windows NT 10.0; Win64; x64) AppleWebKit/537.36 (KHTML, like Gecko) Chrome/67.0.3396.79 Safari/537.36"
46.173.55.27 - - [05/Jul/2019:08:49:47 -0700] "POST / HTTP/1.0" 200 79394 "http://rndsquared.com/" "Mozilla/5.0 (Windows NT 10.0; Win64; x64) AppleWebKit/537.36 (KHTML, like Gecko) Chrome/67.0.3396.79 Safari/537.36"
216.244.66.197 - - [05/Jul/2019:09:04:01 -0700] "GET /robots.txt HTTP/1.1" 404 208 "-" "Mozilla/5.0 (compatible; DotBot/1.1; http://www.opensiteexplorer.org/dotbot, help@moz.com)"
77.75.76.169 - - [05/Jul/2019:09:13:24 -0700] "GET /robots.txt HTTP/1.1" 404 208 "-" "Mozilla/5.0 (compatible; SeznamBot/3.2; +http://napoveda.seznam.cz/en/seznambot-intro/)"
77.75.76.169 - - [05/Jul/2019:09:13:26 -0700] "GET /img/sfnoir/thumbs/5.jpg HTTP/1.1" 304 - "-" "Mozilla/5.0 (compatible; SeznamBot/3.2; +http://napoveda.seznam.cz/en/seznambot-intro/)"
198.98.56.149 - - [05/Jul/2019:09:13:59 -0700] "GET / HTTP/1.1" 200 17429 "-" "Mozilla/5.0 (Windows NT 5.1; Win64; x64) AppleWebKit/537.36 (KHTML, like Gecko) Chrome/46.0.2486.0 Safari/537.36 Edge/13.10586"
198.98.56.149 - - [05/Jul/2019:09:14:00 -0700] "GET /?name=5d1f77e2caa4b&email=amy.currin%40gmail.com&weJHlkUY=amy.currin%40gmail.com&submit=Send&message=& HTTP/1.1" 200 17429 "http://rndsquared.com/" "Mozilla/5.0 (Windows NT 5.1; Win64; x64) AppleWebKit/537.36 (KHTML, like Gecko) Chrome/46.0.2486.0 Safari/537.36 Edge/13.10586"
216.244.66.197 - - [05/Jul/2019:09:30:45 -0700] "GET /img/bs4w/1.jpg HTTP/1.1" 200 61424 "-" "Mozilla/5.0 (compatible; DotBot/1.1; http://www.opensiteexplorer.org/dotbot, help@moz.com)"
216.244.66.197 - - [05/Jul/2019:09:55:27 -0700] "GET /robots.txt HTTP/1.1" 404 208 "-" "Mozilla/5.0 (compatible; DotBot/1.1; http://www.opensiteexplorer.org/dotbot, help@moz.com)"
216.244.66.197 - - [05/Jul/2019:10:21:21 -0700] "GET /img/sfnoir/7.jpg HTTP/1.1" 200 122937 "-" "Mozilla/5.0 (compatible; DotBot/1.1; http://www.opensiteexplorer.org/dotbot, help@moz.com)"
31.184.238.53 - - [05/Jul/2019:10:56:13 -0700] "GET / HTTP/1.0" 200 79394 "http://rndsquared.com/" "Mozilla/5.0 (Windows NT 6.3; Win64; x64) AppleWebKit/537.36 (KHTML, like Gecko) Chrome/67.0.3396.99 Safari/537.36"
31.184.238.53 - - [05/Jul/2019:10:56:14 -0700] "POST / HTTP/1.0" 200 79394 "http://rndsquared.com/" "Mozilla/5.0 (Windows NT 6.3; Win64; x64) AppleWebKit/537.36 (KHTML, like Gecko) Chrome/67.0.3396.99 Safari/537.36"
77.75.77.36 - - [05/Jul/2019:11:21:52 -0700] "GET /robots.txt HTTP/1.1" 404 208 "-" "Mozilla/5.0 (compatible; SeznamBot/3.2; +http://napoveda.seznam.cz/en/seznambot-intro/)"
77.75.77.36 - - [05/Jul/2019:11:21:54 -0700] "GET /img/mixman/thumbs/15.jpg HTTP/1.1" 304 - "-" "Mozilla/5.0 (compatible; SeznamBot/3.2; +http://napoveda.seznam.cz/en/seznambot-intro/)"
77.75.78.163 - - [05/Jul/2019:12:13:07 -0700] "GET /robots.txt HTTP/1.1" 404 208 "-" "Mozilla/5.0 (compatible; SeznamBot/3.2; +http://napoveda.seznam.cz/en/seznambot-intro/)"
77.75.78.163 - - [05/Jul/2019:12:13:09 -0700] "GET /img/autumn/thumbs/5.jpg HTTP/1.1" 304 - "-" "Mozilla/5.0 (compatible; SeznamBot/3.2; +http://napoveda.seznam.cz/en/seznambot-intro/)"
5.150.254.67 - - [05/Jul/2019:13:19:28 -0700] "GET / HTTP/1.1" 200 17429 "-" "Mozilla/5.0 (Windows NT 6.1; WOW64; rv:44.0) Gecko/20100101 Firefox/44.0"
5.150.254.67 - - [05/Jul/2019:13:19:29 -0700] "GET /?name=5d1fb170a3b3e&email=ekeeling%40eastex.net&weJHlkUY=ekeeling%40eastex.net&submit=Send&message=& HTTP/1.1" 200 17429 "http://rndsquared.com/" "Mozilla/5.0 (Windows NT 6.1; WOW64; rv:44.0) Gecko/20100101 Firefox/44.0"
207.46.13.170 - - [05/Jul/2019:14:27:53 -0700] "GET / HTTP/1.1" 200 17429 "-" "Mozilla/5.0 (compatible; bingbot/2.0; +http://www.bing.com/bingbot.htm)"
216.244.66.197 - - [05/Jul/2019:15:03:11 -0700] "GET /robots.txt HTTP/1.1" 404 208 "-" "Mozilla/5.0 (compatible; DotBot/1.1; http://www.opensiteexplorer.org/dotbot, help@moz.com)"
198.98.56.149 - - [05/Jul/2019:15:07:01 -0700] "GET / HTTP/1.1" 200 17429 "-" "Mozilla/5.0 (Windows NT 10.0; Win64; x64) AppleWebKit/537.36 (KHTML, like Gecko) Chrome/63.0.3239.84 Safari/537.36"
198.98.56.149 - - [05/Jul/2019:15:07:02 -0700] "GET /?name=5d1fcaa652623&email=cpresser66%40gmail.com&weJHlkUY=cpresser66%40gmail.com&submit=Send&message=& HTTP/1.1" 200 17429 "http://rndsquared.com/" "Mozilla/5.0 (Windows NT 10.0; Win64; x64) AppleWebKit/537.36 (KHTML, like Gecko) Chrome/63.0.3239.84 Safari/537.36"
216.244.66.197 - - [05/Jul/2019:15:34:46 -0700] "GET /img/urban-cowgirl/2.jpg HTTP/1.1" 200 104975 "-" "Mozilla/5.0 (compatible; DotBot/1.1; http://www.opensiteexplorer.org/dotbot, help@moz.com)"
216.244.66.197 - - [05/Jul/2019:16:50:14 -0700] "GET /robots.txt HTTP/1.1" 404 208 "-" "Mozilla/5.0 (compatible; DotBot/1.1; http://www.opensiteexplorer.org/dotbot, help@moz.com)"
216.244.66.197 - - [05/Jul/2019:17:21:14 -0700] "GET /img/mixman/18.jpg HTTP/1.1" 200 75474 "-" "Mozilla/5.0 (compatible; DotBot/1.1; http://www.opensiteexplorer.org/dotbot, help@moz.com)"
216.244.66.197 - - [05/Jul/2019:17:21:17 -0700] "GET /img/wu-wei/5.jpg HTTP/1.1" 200 220470 "-" "Mozilla/5.0 (compatible; DotBot/1.1; http://www.opensiteexplorer.org/dotbot, help@moz.com)"
52.71.64.37 - - [05/Jul/2019:18:03:13 -0700] "GET / HTTP/1.1" 200 17429 "-" "Mozilla/5.0 (Macintosh; Intel Mac OS X 10_8_3) AppleWebKit/537.31 (KHTML, like Gecko) Chrome/26.0.1410.65 Safari/537.31"
52.4.244.57 - - [05/Jul/2019:18:03:14 -0700] "GET /img/logo.png HTTP/1.1" 200 13123 "-" "Mozilla/5.0 (Macintosh; Intel Mac OS X 10_8_3) AppleWebKit/537.31 (KHTML, like Gecko) Chrome/26.0.1410.65 Safari/537.31"
91.203.145.116 - - [05/Jul/2019:18:07:19 -0700] "GET / HTTP/1.1" 200 17429 "-" "Mozilla/5.0 (Windows NT 6.1; Win64; x64) AppleWebKit/537.36 (KHTML, like Gecko) Chrome/57.0.2987.133 Safari/537.36"
