98.152.238.70 - - [01/Apr/2019:17:25:40 -0700] "GET /img/luminous/luminousOcto.png HTTP/1.1" 200 1186596 "http://rndsquared.com/" "Mozilla/5.0 (Windows NT 6.1; Win64; x64) AppleWebKit/537.36 (KHTML, like Gecko) Chrome/73.0.3683.86 Safari/537.36"
98.152.238.70 - - [01/Apr/2019:17:25:40 -0700] "GET /img/njn/thumbs/8.jpg HTTP/1.1" 200 28396 "http://rndsquared.com/" "Mozilla/5.0 (Windows NT 6.1; Win64; x64) AppleWebKit/537.36 (KHTML, like Gecko) Chrome/73.0.3683.86 Safari/537.36"
98.152.238.70 - - [01/Apr/2019:17:25:40 -0700] "GET /img/autumn/thumbs/2.jpg HTTP/1.1" 200 45196 "http://rndsquared.com/" "Mozilla/5.0 (Windows NT 6.1; Win64; x64) AppleWebKit/537.36 (KHTML, like Gecko) Chrome/73.0.3683.86 Safari/537.36"
98.152.238.70 - - [01/Apr/2019:17:25:40 -0700] "GET /img/autumn/thumbs/3.jpg HTTP/1.1" 200 40589 "http://rndsquared.com/" "Mozilla/5.0 (Windows NT 6.1; Win64; x64) AppleWebKit/537.36 (KHTML, like Gecko) Chrome/73.0.3683.86 Safari/537.36"
98.152.238.70 - - [01/Apr/2019:17:25:40 -0700] "GET /img/autumn/thumbs/4.jpg HTTP/1.1" 200 20880 "http://rndsquared.com/" "Mozilla/5.0 (Windows NT 6.1; Win64; x64) AppleWebKit/537.36 (KHTML, like Gecko) Chrome/73.0.3683.86 Safari/537.36"
98.152.238.70 - - [01/Apr/2019:17:25:40 -0700] "GET /img/autumn/thumbs/5.jpg HTTP/1.1" 200 29246 "http://rndsquared.com/" "Mozilla/5.0 (Windows NT 6.1; Win64; x64) AppleWebKit/537.36 (KHTML, like Gecko) Chrome/73.0.3683.86 Safari/537.36"
98.152.238.70 - - [01/Apr/2019:17:25:40 -0700] "GET /img/autumn/thumbs/6.jpg HTTP/1.1" 200 30923 "http://rndsquared.com/" "Mozilla/5.0 (Windows NT 6.1; Win64; x64) AppleWebKit/537.36 (KHTML, like Gecko) Chrome/73.0.3683.86 Safari/537.36"
98.152.238.70 - - [01/Apr/2019:17:25:40 -0700] "GET /img/luminous/luminousVideo.png HTTP/1.1" 200 952978 "http://rndsquared.com/" "Mozilla/5.0 (Windows NT 6.1; Win64; x64) AppleWebKit/537.36 (KHTML, like Gecko) Chrome/73.0.3683.86 Safari/537.36"
98.152.238.70 - - [01/Apr/2019:17:25:40 -0700] "GET /img/autumn/thumbs/7.jpg HTTP/1.1" 200 25117 "http://rndsquared.com/" "Mozilla/5.0 (Windows NT 6.1; Win64; x64) AppleWebKit/537.36 (KHTML, like Gecko) Chrome/73.0.3683.86 Safari/537.36"
98.152.238.70 - - [01/Apr/2019:17:25:41 -0700] "GET /img/autumn/thumbs/8.jpg HTTP/1.1" 200 20283 "http://rndsquared.com/" "Mozilla/5.0 (Windows NT 6.1; Win64; x64) AppleWebKit/537.36 (KHTML, like Gecko) Chrome/73.0.3683.86 Safari/537.36"
98.152.238.70 - - [01/Apr/2019:17:25:41 -0700] "GET /img/praxis/praxisHS.png HTTP/1.1" 200 878433 "http://rndsquared.com/" "Mozilla/5.0 (Windows NT 6.1; Win64; x64) AppleWebKit/537.36 (KHTML, like Gecko) Chrome/73.0.3683.86 Safari/537.36"
98.152.238.70 - - [01/Apr/2019:17:25:41 -0700] "GET /img/praxis/praxisCopy.png HTTP/1.1" 200 149758 "http://rndsquared.com/" "Mozilla/5.0 (Windows NT 6.1; Win64; x64) AppleWebKit/537.36 (KHTML, like Gecko) Chrome/73.0.3683.86 Safari/537.36"
98.152.238.70 - - [01/Apr/2019:17:25:41 -0700] "GET /img/praxis/praxisoutside.png HTTP/1.1" 200 638123 "http://rndsquared.com/" "Mozilla/5.0 (Windows NT 6.1; Win64; x64) AppleWebKit/537.36 (KHTML, like Gecko) Chrome/73.0.3683.86 Safari/537.36"
98.152.238.70 - - [01/Apr/2019:17:25:41 -0700] "GET /img/praxis/praxiscity.png HTTP/1.1" 200 1324301 "http://rndsquared.com/" "Mozilla/5.0 (Windows NT 6.1; Win64; x64) AppleWebKit/537.36 (KHTML, like Gecko) Chrome/73.0.3683.86 Safari/537.36"
98.152.238.70 - - [01/Apr/2019:17:25:41 -0700] "GET /css/images/close.png HTTP/1.1" 200 280 "http://rndsquared.com/css/lightbox.css" "Mozilla/5.0 (Windows NT 6.1; Win64; x64) AppleWebKit/537.36 (KHTML, like Gecko) Chrome/73.0.3683.86 Safari/537.36"
98.152.238.70 - - [01/Apr/2019:17:25:41 -0700] "GET /css/images/loading.gif HTTP/1.1" 200 8476 "http://rndsquared.com/css/lightbox.css" "Mozilla/5.0 (Windows NT 6.1; Win64; x64) AppleWebKit/537.36 (KHTML, like Gecko) Chrome/73.0.3683.86 Safari/537.36"
98.152.238.70 - - [01/Apr/2019:17:25:41 -0700] "GET /css/images/prev.png HTTP/1.1" 200 1360 "http://rndsquared.com/css/lightbox.css" "Mozilla/5.0 (Windows NT 6.1; Win64; x64) AppleWebKit/537.36 (KHTML, like Gecko) Chrome/73.0.3683.86 Safari/537.36"
98.152.238.70 - - [01/Apr/2019:17:25:41 -0700] "GET /css/images/next.png HTTP/1.1" 200 1350 "http://rndsquared.com/css/lightbox.css" "Mozilla/5.0 (Windows NT 6.1; Win64; x64) AppleWebKit/537.36 (KHTML, like Gecko) Chrome/73.0.3683.86 Safari/537.36"
98.152.238.70 - - [01/Apr/2019:17:25:40 -0700] "GET /img/luminous/luminousHome.png HTTP/1.1" 200 3449282 "http://rndsquared.com/" "Mozilla/5.0 (Windows NT 6.1; Win64; x64) AppleWebKit/537.36 (KHTML, like Gecko) Chrome/73.0.3683.86 Safari/537.36"
98.152.238.70 - - [01/Apr/2019:17:25:42 -0700] "GET /favicon.ico HTTP/1.1" 404 209 "http://rndsquared.com/" "Mozilla/5.0 (Windows NT 6.1; Win64; x64) AppleWebKit/537.36 (KHTML, like Gecko) Chrome/73.0.3683.86 Safari/537.36"
98.152.238.70 - - [01/Apr/2019:17:25:51 -0700] "GET /img/urban-cowgirl/1.jpg HTTP/1.1" 200 94626 "http://rndsquared.com/" "Mozilla/5.0 (Windows NT 6.1; Win64; x64) AppleWebKit/537.36 (KHTML, like Gecko) Chrome/73.0.3683.86 Safari/537.36"
98.152.238.70 - - [01/Apr/2019:17:25:52 -0700] "GET /img/urban-cowgirl/2.jpg HTTP/1.1" 200 104975 "http://rndsquared.com/" "Mozilla/5.0 (Windows NT 6.1; Win64; x64) AppleWebKit/537.36 (KHTML, like Gecko) Chrome/73.0.3683.86 Safari/537.36"
77.75.76.166 - - [01/Apr/2019:17:27:42 -0700] "GET /robots.txt HTTP/1.1" 404 208 "-" "Mozilla/5.0 (compatible; SeznamBot/3.2; +http://napoveda.seznam.cz/en/seznambot-intro/)"
77.75.76.166 - - [01/Apr/2019:17:27:44 -0700] "GET /img/autumn/thumbs/1.jpg HTTP/1.1" 200 24768 "-" "Mozilla/5.0 (compatible; SeznamBot/3.2; +http://napoveda.seznam.cz/en/seznambot-intro/)"
77.75.76.166 - - [01/Apr/2019:17:27:46 -0700] "GET /img/njn/thumbs/7.jpg HTTP/1.1" 200 28520 "-" "Mozilla/5.0 (compatible; SeznamBot/3.2; +http://napoveda.seznam.cz/en/seznambot-intro/)"
54.36.150.191 - - [01/Apr/2019:18:19:08 -0700] "GET /img/njn/7.jpg HTTP/1.1" 200 116420 "-" "Mozilla/5.0 (compatible; AhrefsBot/6.1; +http://ahrefs.com/robot/)"
77.75.76.170 - - [01/Apr/2019:18:22:04 -0700] "GET /robots.txt HTTP/1.1" 404 208 "-" "Mozilla/5.0 (compatible; SeznamBot/3.2; +http://napoveda.seznam.cz/en/seznambot-intro/)"
77.75.76.170 - - [01/Apr/2019:18:22:06 -0700] "GET /img/mixman/thumbs/11.jpg HTTP/1.1" 200 32588 "-" "Mozilla/5.0 (compatible; SeznamBot/3.2; +http://napoveda.seznam.cz/en/seznambot-intro/)"
77.75.76.170 - - [01/Apr/2019:18:22:08 -0700] "GET /img/autumn/thumbs/6.jpg HTTP/1.1" 200 30923 "-" "Mozilla/5.0 (compatible; SeznamBot/3.2; +http://napoveda.seznam.cz/en/seznambot-intro/)"
216.244.66.197 - - [01/Apr/2019:18:26:19 -0700] "GET /robots.txt HTTP/1.1" 404 208 "-" "Mozilla/5.0 (compatible; DotBot/1.1; http://www.opensiteexplorer.org/dotbot, help@moz.com)"
216.244.66.197 - - [01/Apr/2019:18:26:20 -0700] "GET /robots.txt HTTP/1.1" 404 208 "-" "Mozilla/5.0 (compatible; DotBot/1.1; http://www.opensiteexplorer.org/dotbot, help@moz.com)"
216.244.66.197 - - [01/Apr/2019:18:59:20 -0700] "GET /img/autumn/8.jpg HTTP/1.1" 200 100218 "-" "Mozilla/5.0 (compatible; DotBot/1.1; http://www.opensiteexplorer.org/dotbot, help@moz.com)"
216.244.66.197 - - [01/Apr/2019:19:00:27 -0700] "GET /img/njn/1.jpg HTTP/1.1" 200 88793 "-" "Mozilla/5.0 (compatible; DotBot/1.1; http://www.opensiteexplorer.org/dotbot, help@moz.com)"
216.244.66.197 - - [01/Apr/2019:19:08:05 -0700] "GET /img/praxis/praxisoutside.png HTTP/1.1" 200 638123 "-" "Mozilla/5.0 (compatible; DotBot/1.1; http://www.opensiteexplorer.org/dotbot, help@moz.com)"
77.75.77.17 - - [01/Apr/2019:19:10:43 -0700] "GET /robots.txt HTTP/1.1" 404 208 "-" "Mozilla/5.0 (compatible; SeznamBot/3.2; +http://napoveda.seznam.cz/en/seznambot-intro/)"
77.75.77.17 - - [01/Apr/2019:19:10:44 -0700] "GET /img/njn/thumbs/8.jpg HTTP/1.1" 200 28396 "-" "Mozilla/5.0 (compatible; SeznamBot/3.2; +http://napoveda.seznam.cz/en/seznambot-intro/)"
77.75.77.17 - - [01/Apr/2019:19:10:46 -0700] "GET /img/njn/thumbs/5.jpg HTTP/1.1" 200 27963 "-" "Mozilla/5.0 (compatible; SeznamBot/3.2; +http://napoveda.seznam.cz/en/seznambot-intro/)"
103.86.51.247 - - [01/Apr/2019:19:13:03 -0700] "GET /user/register/ HTTP/1.1" 404 212 "-" "Mozilla/5.0 (Windows; U; Windows NT 5.1; de; rv:1.9) Gecko/2008052906 Firefox/3.0"
103.86.51.247 - - [01/Apr/2019:19:13:04 -0700] "GET / HTTP/1.1" 200 79394 "-" "Mozilla/5.0 (Windows; U; Windows NT 5.1; de; rv:1.9) Gecko/2008052906 Firefox/3.0"
34.73.235.156 - - [01/Apr/2019:19:15:13 -0700] "GET /robots.txt HTTP/1.0" 404 208 "-" "ZoominfoBot (zoominfobot at zoominfo dot com)"
34.73.235.156 - - [01/Apr/2019:19:15:13 -0700] "GET / HTTP/1.0" 200 17429 "-" "ZoominfoBot (zoominfobot at zoominfo dot com)"
34.73.235.156 - - [01/Apr/2019:19:16:40 -0700] "GET /robots.txt HTTP/1.0" 404 208 "-" "ZoominfoBot (zoominfobot at zoominfo dot com)"
34.73.235.156 - - [01/Apr/2019:19:16:40 -0700] "GET / HTTP/1.0" 200 17429 "-" "ZoominfoBot (zoominfobot at zoominfo dot com)"
216.244.66.197 - - [01/Apr/2019:19:18:26 -0700] "GET /robots.txt HTTP/1.1" 404 208 "-" "Mozilla/5.0 (compatible; DotBot/1.1; http://www.opensiteexplorer.org/dotbot, help@moz.com)"
216.244.66.197 - - [01/Apr/2019:19:55:05 -0700] "GET /img/wu-wei/1.jpg HTTP/1.1" 200 323401 "-" "Mozilla/5.0 (compatible; DotBot/1.1; http://www.opensiteexplorer.org/dotbot, help@moz.com)"
216.244.66.197 - - [01/Apr/2019:19:55:08 -0700] "GET /img/wu-wei/3.jpg HTTP/1.1" 200 173337 "-" "Mozilla/5.0 (compatible; DotBot/1.1; http://www.opensiteexplorer.org/dotbot, help@moz.com)"
165.227.101.115 - - [01/Apr/2019:20:04:24 -0700] "GET / HTTP/1.1" 200 17429 "http://rndsquared.com" "Mozilla/5.0 (X11; Datanyze; Linux x86_64) AppleWebKit/537.36 (KHTML, like Gecko) Chrome/65.0.3325.181 Safari/537.36"
165.227.101.115 - - [01/Apr/2019:20:04:26 -0700] "GET /js/modernizr.js HTTP/1.1" 200 14521 "-" "Mozilla/5.0 (X11; Datanyze; Linux x86_64) AppleWebKit/537.36 (KHTML, like Gecko) Chrome/65.0.3325.181 Safari/537.36"
165.227.101.115 - - [01/Apr/2019:20:04:26 -0700] "GET /js/lightbox.js HTTP/1.1" 200 15366 "-" "Mozilla/5.0 (X11; Datanyze; Linux x86_64) AppleWebKit/537.36 (KHTML, like Gecko) Chrome/65.0.3325.181 Safari/537.36"
165.227.101.115 - - [01/Apr/2019:20:04:26 -0700] "GET /css/bootstrap.min.css HTTP/1.1" 200 63993 "-" "Mozilla/5.0 (X11; Datanyze; Linux x86_64) AppleWebKit/537.36 (KHTML, like Gecko) Chrome/65.0.3325.181 Safari/537.36"
165.227.101.115 - - [01/Apr/2019:20:04:27 -0700] "GET /css/lightbox.css HTTP/1.1" 200 3874 "-" "Mozilla/5.0 (X11; Datanyze; Linux x86_64) AppleWebKit/537.36 (KHTML, like Gecko) Chrome/65.0.3325.181 Safari/537.36"
165.227.101.115 - - [01/Apr/2019:20:04:27 -0700] "GET /js/scripts.js HTTP/1.1" 200 3179 "-" "Mozilla/5.0 (X11; Datanyze; Linux x86_64) AppleWebKit/537.36 (KHTML, like Gecko) Chrome/65.0.3325.181 Safari/537.36"
165.227.101.115 - - [01/Apr/2019:20:04:27 -0700] "GET /css/styles.css HTTP/1.1" 200 7906 "-" "Mozilla/5.0 (X11; Datanyze; Linux x86_64) AppleWebKit/537.36 (KHTML, like Gecko) Chrome/65.0.3325.181 Safari/537.36"
165.227.101.115 - - [01/Apr/2019:20:04:49 -0700] "GET /robots.txt HTTP/1.1" 404 208 "-" "Mozilla/5.0 (Macintosh; Intel Mac OS X 10.9; rv:29.0) Gecko/20100101 Firefox/29.0"
77.75.77.11 - - [01/Apr/2019:20:07:43 -0700] "GET /robots.txt HTTP/1.1" 404 208 "-" "Mozilla/5.0 (compatible; SeznamBot/3.2; +http://napoveda.seznam.cz/en/seznambot-intro/)"
77.75.77.11 - - [01/Apr/2019:20:07:45 -0700] "GET /img/oncekids-fujimini/thumbs/6.jpg HTTP/1.1" 200 27603 "-" "Mozilla/5.0 (compatible; SeznamBot/3.2; +http://napoveda.seznam.cz/en/seznambot-intro/)"
77.75.77.11 - - [01/Apr/2019:20:07:47 -0700] "GET /img/praxis/praxiscity.png HTTP/1.1" 304 - "-" "Mozilla/5.0 (compatible; SeznamBot/3.2; +http://napoveda.seznam.cz/en/seznambot-intro/)"
77.75.77.11 - - [01/Apr/2019:20:07:47 -0700] "GET /img/mixman/thumbs/18.jpg HTTP/1.1" 304 - "-" "Mozilla/5.0 (compatible; SeznamBot/3.2; +http://napoveda.seznam.cz/en/seznambot-intro/)"
77.75.77.11 - - [01/Apr/2019:20:07:48 -0700] "GET /img/njn/thumbs/1.jpg HTTP/1.1" 200 24676 "-" "Mozilla/5.0 (compatible; SeznamBot/3.2; +http://napoveda.seznam.cz/en/seznambot-intro/)"
185.153.196.157 - - [01/Apr/2019:20:53:55 -0700] "GET / HTTP/1.1" 200 79394 "-" "Mozilla/5.0 (Windows NT 6.1; Win64; x64; rv:65.0) Gecko/20100101 Firefox/65.0"
216.244.66.197 - - [01/Apr/2019:21:02:09 -0700] "GET /robots.txt HTTP/1.1" 404 208 "-" "Mozilla/5.0 (compatible; DotBot/1.1; http://www.opensiteexplorer.org/dotbot, help@moz.com)"
54.36.150.103 - - [01/Apr/2019:21:17:33 -0700] "GET /img/mixman/2.jpg HTTP/1.1" 200 80932 "-" "Mozilla/5.0 (compatible; AhrefsBot/6.1; +http://ahrefs.com/robot/)"
178.255.215.78 - - [01/Apr/2019:21:18:08 -0700] "GET /robots.txt HTTP/1.1" 404 208 "-" "Mozilla/5.0 (compatible; Exabot/3.0; +http://www.exabot.com/go/robot)"
178.255.215.78 - - [01/Apr/2019:21:18:08 -0700] "GET / HTTP/1.1" 200 17429 "-" "Mozilla/5.0 (compatible; Exabot/3.0; +http://www.exabot.com/go/robot)"
216.244.66.197 - - [01/Apr/2019:21:33:39 -0700] "GET /img/mixman/16.jpg HTTP/1.1" 200 113328 "-" "Mozilla/5.0 (compatible; DotBot/1.1; http://www.opensiteexplorer.org/dotbot, help@moz.com)"
216.244.66.197 - - [01/Apr/2019:21:33:42 -0700] "GET /img/njn/8.jpg HTTP/1.1" 200 124240 "-" "Mozilla/5.0 (compatible; DotBot/1.1; http://www.opensiteexplorer.org/dotbot, help@moz.com)"
89.136.31.222 - - [01/Apr/2019:21:35:22 -0700] "GET / HTTP/1.1" 200 79394 "-" "Java/1.6.0_04"
89.136.31.222 - - [01/Apr/2019:21:35:23 -0700] "GET /js/lightbox.js HTTP/1.1" 200 15366 "-" "Java/1.6.0_04"
89.136.31.222 - - [01/Apr/2019:21:35:23 -0700] "GET /js/modernizr.js HTTP/1.1" 200 14521 "-" "Java/1.6.0_04"
89.136.31.222 - - [01/Apr/2019:21:35:24 -0700] "GET /js/scripts.js HTTP/1.1" 200 3179 "-" "Java/1.6.0_04"
89.136.31.222 - - [01/Apr/2019:21:35:24 -0700] "GET /js/)&&!!a.HTMLDataListElement),t}( HTTP/1.1" 404 240 "-" "Java/1.6.0_04"
89.136.31.222 - - [01/Apr/2019:21:35:25 -0700] "GET /js/).html( HTTP/1.1" 404 208 "-" "Java/1.6.0_04"
89.136.31.222 - - [01/Apr/2019:21:35:27 -0700] "GET /js/rndmail.php HTTP/1.1" 404 212 "-" "Java/1.6.0_04"
89.136.31.222 - - [01/Apr/2019:21:35:27 -0700] "GET /img/luminous/luminousHome.png HTTP/1.1" 200 3449282 "-" "Java/1.6.0_04"
89.136.31.222 - - [01/Apr/2019:21:35:29 -0700] "GET /img/luminous/luminousMulti.png HTTP/1.1" 200 1292693 "-" "Java/1.6.0_04"
89.136.31.222 - - [01/Apr/2019:21:35:32 -0700] "GET /img/luminous/luminousOcto.png HTTP/1.1" 200 1186596 "-" "Java/1.6.0_04"
89.136.31.222 - - [01/Apr/2019:21:35:34 -0700] "GET /img/luminous/luminousVideo.png HTTP/1.1" 200 952978 "-" "Java/1.6.0_04"
89.136.31.222 - - [01/Apr/2019:21:35:37 -0700] "GET /img/praxis/praxisCopy.png HTTP/1.1" 200 149758 "-" "Java/1.6.0_04"
89.136.31.222 - - [01/Apr/2019:21:35:39 -0700] "GET /img/praxis/praxisHS.png HTTP/1.1" 200 878433 "-" "Java/1.6.0_04"
89.136.31.222 - - [01/Apr/2019:21:35:41 -0700] "GET /img/praxis/praxiscity.png HTTP/1.1" 200 1324301 "-" "Java/1.6.0_04"
89.136.31.222 - - [01/Apr/2019:21:35:43 -0700] "GET /img/praxis/praxisoutside.png HTTP/1.1" 200 638123 "-" "Java/1.6.0_04"
89.136.31.222 - - [01/Apr/2019:21:35:45 -0700] "GET /https://code.jquery.com/jquery-1.11.2.min.js HTTP/1.1" 404 242 "-" "Java/1.6.0_04"
89.136.31.222 - - [01/Apr/2019:21:35:46 -0700] "GET /js/data:image/gif;base64,R0lGODlhAQABAIAAAP///wAAACH5BAEAAAAALAAAAAABAAEAAAICRAEAOw== HTTP/1.1" 404 283 "-" "Java/1.6.0_04"
216.244.66.197 - - [01/Apr/2019:21:53:48 -0700] "GET /robots.txt HTTP/1.1" 404 208 "-" "Mozilla/5.0 (compatible; DotBot/1.1; http://www.opensiteexplorer.org/dotbot, help@moz.com)"
216.244.66.197 - - [01/Apr/2019:21:53:48 -0700] "GET /robots.txt HTTP/1.1" 404 208 "-" "Mozilla/5.0 (compatible; DotBot/1.1; http://www.opensiteexplorer.org/dotbot, help@moz.com)"
207.46.13.5 - - [01/Apr/2019:21:58:26 -0700] "GET / HTTP/1.1" 200 17429 "-" "Mozilla/5.0 (compatible; bingbot/2.0; +http://www.bing.com/bingbot.htm)"
77.75.77.119 - - [01/Apr/2019:22:03:28 -0700] "GET /robots.txt HTTP/1.1" 404 208 "-" "Mozilla/5.0 (compatible; SeznamBot/3.2; +http://napoveda.seznam.cz/en/seznambot-intro/)"
77.75.77.119 - - [01/Apr/2019:22:03:30 -0700] "GET /img/njn/thumbs/4.jpg HTTP/1.1" 200 32206 "-" "Mozilla/5.0 (compatible; SeznamBot/3.2; +http://napoveda.seznam.cz/en/seznambot-intro/)"
66.249.79.96 - - [01/Apr/2019:22:12:26 -0700] "GET /robots.txt HTTP/1.1" 404 208 "-" "Mozilla/5.0 (compatible; Googlebot/2.1; +http://www.google.com/bot.html)"
66.249.79.99 - - [01/Apr/2019:22:12:26 -0700] "GET / HTTP/1.1" 200 17429 "-" "Mozilla/5.0 (Linux; Android 6.0.1; Nexus 5X Build/MMB29P) AppleWebKit/537.36 (KHTML, like Gecko) Chrome/41.0.2272.96 Mobile Safari/537.36 (compatible; Googlebot/2.1; +http://www.google.com/bot.html)"
66.249.79.128 - - [01/Apr/2019:22:12:28 -0700] "GET /robots.txt HTTP/1.1" 404 208 "-" "Mozilla/5.0 (compatible; Googlebot/2.1; +http://www.google.com/bot.html)"
66.249.79.132 - - [01/Apr/2019:22:12:28 -0700] "GET /css/styles.css HTTP/1.1" 200 1975 "http://rndsquared.com/" "Mozilla/5.0 (Linux; Android 6.0.1; Nexus 5X Build/MMB29P) AppleWebKit/537.36 (KHTML, like Gecko) Chrome/41.0.2272.96 Mobile Safari/537.36 (compatible; Googlebot/2.1; +http://www.google.com/bot.html)"
66.249.79.128 - - [01/Apr/2019:22:12:28 -0700] "GET /js/lightbox.js HTTP/1.1" 200 4210 "http://rndsquared.com/" "Mozilla/5.0 (Linux; Android 6.0.1; Nexus 5X Build/MMB29P) AppleWebKit/537.36 (KHTML, like Gecko) Chrome/41.0.2272.96 Mobile Safari/537.36 (compatible; Googlebot/2.1; +http://www.google.com/bot.html)"
66.249.79.99 - - [01/Apr/2019:22:12:32 -0700] "GET /favicon.ico HTTP/1.1" 404 209 "-" "Googlebot-Image/1.0"
216.244.66.197 - - [01/Apr/2019:22:28:09 -0700] "GET /img/mixman/9.jpg HTTP/1.1" 200 141085 "-" "Mozilla/5.0 (compatible; DotBot/1.1; http://www.opensiteexplorer.org/dotbot, help@moz.com)"
216.244.66.197 - - [01/Apr/2019:22:30:14 -0700] "GET /img/bs4w/7.jpg HTTP/1.1" 200 80775 "-" "Mozilla/5.0 (compatible; DotBot/1.1; http://www.opensiteexplorer.org/dotbot, help@moz.com)"
52.53.201.78 - - [01/Apr/2019:22:36:42 -0700] "GET / HTTP/1.1" 200 17429 "-" "Mozilla/5.0 (Macintosh; Intel Mac OS X 10_12_6) AppleWebKit/537.36 (KHTML, like Gecko) Chrome/61.0.3163.100 Safari/537.36"
185.4.132.135 - - [01/Apr/2019:22:38:33 -0700] "GET / HTTP/1.1" 200 17429 "-" "Mozilla/5.0 (Windows NT 6.3; WOW64) AppleWebKit/537.36 (KHTML, like Gecko) Chrome/51.0.2704.106 Safari/537.36"
185.4.132.135 - - [01/Apr/2019:22:38:35 -0700] "GET /?name=5ca2f585ecdfe&email=batarejkin%40gmail.com&weJHlkUY=batarejkin%40gmail.com&message=& HTTP/1.1" 200 17429 "http://rndsquared.com/" "Mozilla/5.0 (Windows NT 6.3; WOW64) AppleWebKit/537.36 (KHTML, like Gecko) Chrome/51.0.2704.106 Safari/537.36"
66.249.79.128 - - [01/Apr/2019:23:26:30 -0700] "GET / HTTP/1.1" 200 17429 "-" "Mozilla/5.0 (compatible; Googlebot/2.1; +http://www.google.com/bot.html)"
216.244.66.197 - - [01/Apr/2019:23:35:56 -0700] "GET /robots.txt HTTP/1.1" 404 208 "-" "Mozilla/5.0 (compatible; DotBot/1.1; http://www.opensiteexplorer.org/dotbot, help@moz.com)"
216.244.66.197 - - [02/Apr/2019:00:18:31 -0700] "GET /img/njn/8.jpg HTTP/1.1" 200 124240 "-" "Mozilla/5.0 (compatible; DotBot/1.1; http://www.opensiteexplorer.org/dotbot, help@moz.com)"
157.55.39.150 - - [02/Apr/2019:00:19:31 -0700] "GET / HTTP/1.1" 200 17429 "-" "Mozilla/5.0 (compatible; bingbot/2.0; +http://www.bing.com/bingbot.htm)"
216.244.66.197 - - [02/Apr/2019:00:27:13 -0700] "GET /robots.txt HTTP/1.1" 404 208 "-" "Mozilla/5.0 (compatible; DotBot/1.1; http://www.opensiteexplorer.org/dotbot, help@moz.com)"
5.255.250.172 - - [02/Apr/2019:00:45:00 -0700] "GET /robots.txt HTTP/1.1" 404 208 "-" "Mozilla/5.0 (compatible; YandexBot/3.0; +http://yandex.com/bots)"
100.43.85.179 - - [02/Apr/2019:00:45:00 -0700] "GET /robots.txt HTTP/1.1" 404 208 "-" "Mozilla/5.0 (compatible; YandexBot/3.0; +http://yandex.com/bots)"
93.158.161.62 - - [02/Apr/2019:00:45:04 -0700] "GET / HTTP/1.1" 200 17429 "-" "Mozilla/5.0 (compatible; YandexBot/3.0; +http://yandex.com/bots)"
93.158.161.62 - - [02/Apr/2019:00:45:04 -0700] "GET / HTTP/1.1" 200 17429 "-" "Mozilla/5.0 (compatible; YandexBot/3.0; +http://yandex.com/bots)"
216.244.66.197 - - [02/Apr/2019:00:48:48 -0700] "GET /img/oncekids-fujimini/5.jpg HTTP/1.1" 200 76459 "-" "Mozilla/5.0 (compatible; DotBot/1.1; http://www.opensiteexplorer.org/dotbot, help@moz.com)"
199.58.86.209 - - [02/Apr/2019:00:53:00 -0700] "GET /robots.txt HTTP/1.1" 404 208 "-" "Mozilla/5.0 (compatible; MJ12bot/v1.4.8; http://mj12bot.com/)"
199.58.86.209 - - [02/Apr/2019:00:53:06 -0700] "GET / HTTP/1.1" 200 79394 "-" "Mozilla/5.0 (compatible; MJ12bot/v1.4.8; http://mj12bot.com/)"
216.244.66.197 - - [02/Apr/2019:01:18:08 -0700] "GET /robots.txt HTTP/1.1" 404 208 "-" "Mozilla/5.0 (compatible; DotBot/1.1; http://www.opensiteexplorer.org/dotbot, help@moz.com)"
216.244.66.197 - - [02/Apr/2019:01:18:08 -0700] "GET /robots.txt HTTP/1.1" 404 208 "-" "Mozilla/5.0 (compatible; DotBot/1.1; http://www.opensiteexplorer.org/dotbot, help@moz.com)"
216.244.66.197 - - [02/Apr/2019:01:46:12 -0700] "GET /img/bs4w/5.jpg HTTP/1.1" 200 42135 "-" "Mozilla/5.0 (compatible; DotBot/1.1; http://www.opensiteexplorer.org/dotbot, help@moz.com)"
123.125.67.162 - - [02/Apr/2019:01:48:19 -0700] "GET /robots.txt HTTP/1.1" 404 208 "-" "Mozilla/5.0 (Windows NT 10.0; WOW64) AppleWebKit/537.36 (KHTML, like Gecko) Chrome/45.0.2454.93 Safari/537.36"
216.244.66.197 - - [02/Apr/2019:01:48:28 -0700] "GET /img/bs4w/3.jpg HTTP/1.1" 200 74030 "-" "Mozilla/5.0 (compatible; DotBot/1.1; http://www.opensiteexplorer.org/dotbot, help@moz.com)"
123.125.71.31 - - [02/Apr/2019:01:51:02 -0700] "GET / HTTP/1.1" 200 17429 "-" "Mozilla/5.0 (compatible; Baiduspider/2.0; +http://www.baidu.com/search/spider.html)"
77.75.76.163 - - [02/Apr/2019:02:01:41 -0700] "GET /robots.txt HTTP/1.1" 404 208 "-" "Mozilla/5.0 (compatible; SeznamBot/3.2; +http://napoveda.seznam.cz/en/seznambot-intro/)"
77.75.76.163 - - [02/Apr/2019:02:01:43 -0700] "GET /img/mixman/17.jpg HTTP/1.1" 200 60460 "-" "Mozilla/5.0 (compatible; SeznamBot/3.2; +http://napoveda.seznam.cz/en/seznambot-intro/)"
77.75.76.163 - - [02/Apr/2019:02:01:45 -0700] "GET /img/njn/3.jpg HTTP/1.1" 304 - "-" "Mozilla/5.0 (compatible; SeznamBot/3.2; +http://napoveda.seznam.cz/en/seznambot-intro/)"
216.244.66.197 - - [02/Apr/2019:02:09:18 -0700] "GET /robots.txt HTTP/1.1" 404 208 "-" "Mozilla/5.0 (compatible; DotBot/1.1; http://www.opensiteexplorer.org/dotbot, help@moz.com)"
216.244.66.197 - - [02/Apr/2019:02:09:18 -0700] "GET /robots.txt HTTP/1.1" 404 208 "-" "Mozilla/5.0 (compatible; DotBot/1.1; http://www.opensiteexplorer.org/dotbot, help@moz.com)"
216.244.66.197 - - [02/Apr/2019:02:28:15 -0700] "GET /img/wu-wei/3.jpg HTTP/1.1" 200 173337 "-" "Mozilla/5.0 (compatible; DotBot/1.1; http://www.opensiteexplorer.org/dotbot, help@moz.com)"
54.36.148.236 - - [02/Apr/2019:02:30:03 -0700] "GET /img/mixman/13.jpg HTTP/1.1" 200 106423 "-" "Mozilla/5.0 (compatible; AhrefsBot/6.1; +http://ahrefs.com/robot/)"
216.244.66.197 - - [02/Apr/2019:02:30:21 -0700] "GET /img/sfnoir/9.jpg HTTP/1.1" 200 64784 "-" "Mozilla/5.0 (compatible; DotBot/1.1; http://www.opensiteexplorer.org/dotbot, help@moz.com)"
31.220.0.225 - - [02/Apr/2019:03:22:42 -0700] "GET / HTTP/1.1" 200 17429 "-" "Mozilla/5.0 (Windows NT 10.0; Win64; x64) AppleWebKit/537.36 (KHTML, like Gecko) Chrome/64.0.3282.186 Safari/537.36"
31.220.0.225 - - [02/Apr/2019:03:22:43 -0700] "GET /?name=5ca3382178c70&email=gibbsdanielle1%40gmail.com&weJHlkUY=gibbsdanielle1%40gmail.com&message=& HTTP/1.1" 200 17429 "http://rndsquared.com/" "Mozilla/5.0 (Windows NT 10.0; Win64; x64) AppleWebKit/537.36 (KHTML, like Gecko) Chrome/64.0.3282.186 Safari/537.36"
216.244.66.197 - - [02/Apr/2019:03:47:50 -0700] "GET /robots.txt HTTP/1.1" 404 208 "-" "Mozilla/5.0 (compatible; DotBot/1.1; http://www.opensiteexplorer.org/dotbot, help@moz.com)"
216.244.66.197 - - [02/Apr/2019:04:06:58 -0700] "GET /img/luminous/luminousHome.png HTTP/1.1" 200 3449282 "-" "Mozilla/5.0 (compatible; DotBot/1.1; http://www.opensiteexplorer.org/dotbot, help@moz.com)"
96.44.172.77 - - [02/Apr/2019:04:34:14 -0700] "GET / HTTP/1.0" 200 79394 "-" "Mozilla/5.0 (Windows NT 10.0; Win64; x64) AppleWebKit/537.36 (KHTML, like Gecko) Chrome/71.0.3578.98 Safari/537.36"
216.244.66.197 - - [02/Apr/2019:04:37:19 -0700] "GET /robots.txt HTTP/1.1" 404 208 "-" "Mozilla/5.0 (compatible; DotBot/1.1; http://www.opensiteexplorer.org/dotbot, help@moz.com)"
185.220.101.67 - - [02/Apr/2019:04:43:29 -0700] "GET / HTTP/1.1" 200 17429 "-" "Mozilla/5.0 (Windows NT 6.3; WOW64) AppleWebKit/537.36 (KHTML, like Gecko) Chrome/51.0.2704.106 Safari/537.36"
185.220.101.67 - - [02/Apr/2019:04:43:30 -0700] "GET /?name=5ca34b0f996f3&email=tobysullivan24%40gmail.com&weJHlkUY=tobysullivan24%40gmail.com&message=& HTTP/1.1" 200 17429 "http://rndsquared.com/" "Mozilla/5.0 (Windows NT 6.3; WOW64) AppleWebKit/537.36 (KHTML, like Gecko) Chrome/51.0.2704.106 Safari/537.36"
197.231.221.211 - - [02/Apr/2019:04:46:53 -0700] "GET / HTTP/1.1" 200 17429 "-" "Mozilla/5.0 (Windows NT 10.0; WOW64; rv:59.0) Gecko/20100101 Firefox/59.0"
197.231.221.211 - - [02/Apr/2019:04:46:55 -0700] "GET /?name=5ca34bdb833ee&email=shantinaterry%40yahoo.com&weJHlkUY=shantinaterry%40yahoo.com&message=& HTTP/1.1" 200 17429 "http://rndsquared.com/" "Mozilla/5.0 (Windows NT 10.0; WOW64; rv:59.0) Gecko/20100101 Firefox/59.0"
94.230.208.147 - - [02/Apr/2019:04:58:21 -0700] "GET / HTTP/1.1" 200 17429 "-" "Mozilla/5.0 (Windows NT 6.1; WOW64; Trident/7.0; rv:11.0) like Gecko"
216.244.66.197 - - [02/Apr/2019:05:04:11 -0700] "GET /img/sfnoir/6.jpg HTTP/1.1" 200 112789 "-" "Mozilla/5.0 (compatible; DotBot/1.1; http://www.opensiteexplorer.org/dotbot, help@moz.com)"
185.220.102.4 - - [02/Apr/2019:05:15:26 -0700] "GET / HTTP/1.1" 200 17429 "-" "Mozilla/5.0 (Windows NT 6.1; Win64; x64) AppleWebKit/537.36 (KHTML, like Gecko) Chrome/66.0.3359.117 Safari/537.36"
185.220.102.4 - - [02/Apr/2019:05:15:27 -0700] "GET /?name=5ca3528c466fa&email=joecampos456%40gmail.com&weJHlkUY=joecampos456%40gmail.com&message=& HTTP/1.1" 200 17429 "http://rndsquared.com/" "Mozilla/5.0 (Windows NT 6.1; Win64; x64) AppleWebKit/537.36 (KHTML, like Gecko) Chrome/66.0.3359.117 Safari/537.36"
216.244.66.197 - - [02/Apr/2019:05:26:49 -0700] "GET /robots.txt HTTP/1.1" 404 208 "-" "Mozilla/5.0 (compatible; DotBot/1.1; http://www.opensiteexplorer.org/dotbot, help@moz.com)"
89.31.57.5 - - [02/Apr/2019:05:35:55 -0700] "GET / HTTP/1.1" 200 17429 "-" "Mozilla/5.0 (Windows NT 6.1; WOW64; rv:44.0) Gecko/20100101 Firefox/44.0"
89.31.57.5 - - [02/Apr/2019:05:35:56 -0700] "GET /?name=5ca3575b7f063&email=j_garciao2%40ymail.com&weJHlkUY=j_garciao2%40ymail.com&message=& HTTP/1.1" 200 17429 "http://rndsquared.com/" "Mozilla/5.0 (Windows NT 6.1; WOW64; rv:44.0) Gecko/20100101 Firefox/44.0"
216.244.66.197 - - [02/Apr/2019:05:51:32 -0700] "GET /img/oncekids-fujimini/7.jpg HTTP/1.1" 200 153636 "-" "Mozilla/5.0 (compatible; DotBot/1.1; http://www.opensiteexplorer.org/dotbot, help@moz.com)"
37.187.129.166 - - [02/Apr/2019:06:00:51 -0700] "GET / HTTP/1.1" 200 17429 "-" "Mozilla/5.0 (Windows NT 6.3; WOW64; Trident/7.0; rv:11.0) like Gecko"
37.187.129.166 - - [02/Apr/2019:06:00:53 -0700] "GET /?name=5ca35d311559a&email=blakeroschach%40gmail.com&weJHlkUY=blakeroschach%40gmail.com&message=& HTTP/1.1" 200 17429 "http://rndsquared.com/" "Mozilla/5.0 (Windows NT 6.3; WOW64; Trident/7.0; rv:11.0) like Gecko"
192.42.116.18 - - [02/Apr/2019:06:14:03 -0700] "GET / HTTP/1.1" 200 17429 "-" "Mozilla/5.0 (Windows NT 6.3; WOW64) AppleWebKit/537.36 (KHTML, like Gecko) Chrome/51.0.2704.106 Safari/537.36"
192.42.116.18 - - [02/Apr/2019:06:14:05 -0700] "GET /?name=5ca3604a0588c&email=amandav0210%40gmail.com&weJHlkUY=amandav0210%40gmail.com&message=& HTTP/1.1" 200 17429 "http://rndsquared.com/" "Mozilla/5.0 (Windows NT 6.3; WOW64) AppleWebKit/537.36 (KHTML, like Gecko) Chrome/51.0.2704.106 Safari/537.36"
216.244.66.197 - - [02/Apr/2019:06:17:01 -0700] "GET /robots.txt HTTP/1.1" 404 208 "-" "Mozilla/5.0 (compatible; DotBot/1.1; http://www.opensiteexplorer.org/dotbot, help@moz.com)"
216.244.66.197 - - [02/Apr/2019:06:17:01 -0700] "GET /robots.txt HTTP/1.1" 404 208 "-" "Mozilla/5.0 (compatible; DotBot/1.1; http://www.opensiteexplorer.org/dotbot, help@moz.com)"
185.222.202.125 - - [02/Apr/2019:06:35:15 -0700] "GET / HTTP/1.1" 200 17429 "-" "Mozilla/5.0 (Windows NT 6.2; Win64; x64) AppleWebKit/537.36 (KHTML, like Gecko) Chrome/51.0.2704.79 Safari/537.36 Edge/14.14393"
185.222.202.125 - - [02/Apr/2019:06:35:16 -0700] "GET /?name=5ca365425fd2e&email=kowmoomoo%40gmail.com&weJHlkUY=kowmoomoo%40gmail.com&message=& HTTP/1.1" 200 17429 "http://rndsquared.com/" "Mozilla/5.0 (Windows NT 6.2; Win64; x64) AppleWebKit/537.36 (KHTML, like Gecko) Chrome/51.0.2704.79 Safari/537.36 Edge/14.14393"
54.36.149.56 - - [02/Apr/2019:06:39:08 -0700] "GET /img/mixman/16.jpg HTTP/1.1" 200 113328 "-" "Mozilla/5.0 (compatible; AhrefsBot/6.1; +http://ahrefs.com/robot/)"
185.255.112.148 - - [02/Apr/2019:06:51:30 -0700] "GET / HTTP/1.1" 200 17429 "-" "Mozilla/5.0 (Windows NT 10.0; Win64; x64) AppleWebKit/537.36 (KHTML, like Gecko) Chrome/63.0.3239.84 Safari/537.36"
185.255.112.148 - - [02/Apr/2019:06:51:31 -0700] "GET /?name=5ca369106cee2&email=fdilorenzo%40shmemorial.org&weJHlkUY=fdilorenzo%40shmemorial.org&message=& HTTP/1.1" 200 17429 "http://rndsquared.com/" "Mozilla/5.0 (Windows NT 10.0; Win64; x64) AppleWebKit/537.36 (KHTML, like Gecko) Chrome/63.0.3239.84 Safari/537.36"
216.244.66.197 - - [02/Apr/2019:06:53:29 -0700] "GET /img/praxis/praxiscity.png HTTP/1.1" 200 1324301 "-" "Mozilla/5.0 (compatible; DotBot/1.1; http://www.opensiteexplorer.org/dotbot, help@moz.com)"
144.76.27.118 - - [02/Apr/2019:06:55:08 -0700] "GET / HTTP/1.1" 200 17429 "-" "Mozilla/5.0 (compatible; MegaIndex.ru/2.0; +http://megaindex.com/crawler)"
216.244.66.197 - - [02/Apr/2019:06:55:38 -0700] "GET /img/autumn/2.jpg HTTP/1.1" 200 292159 "-" "Mozilla/5.0 (compatible; DotBot/1.1; http://www.opensiteexplorer.org/dotbot, help@moz.com)"
216.244.66.197 - - [02/Apr/2019:06:55:42 -0700] "GET /img/autumn/8.jpg HTTP/1.1" 200 100218 "-" "Mozilla/5.0 (compatible; DotBot/1.1; http://www.opensiteexplorer.org/dotbot, help@moz.com)"
216.244.66.197 - - [02/Apr/2019:06:55:45 -0700] "GET /img/mixman/6.jpg HTTP/1.1" 200 105501 "-" "Mozilla/5.0 (compatible; DotBot/1.1; http://www.opensiteexplorer.org/dotbot, help@moz.com)"
77.75.77.72 - - [02/Apr/2019:07:04:57 -0700] "GET /robots.txt HTTP/1.1" 404 208 "-" "Mozilla/5.0 (compatible; SeznamBot/3.2; +http://napoveda.seznam.cz/en/seznambot-intro/)"
77.75.77.72 - - [02/Apr/2019:07:04:58 -0700] "GET /img/wu-wei/thumbs/5.jpg HTTP/1.1" 304 - "-" "Mozilla/5.0 (compatible; SeznamBot/3.2; +http://napoveda.seznam.cz/en/seznambot-intro/)"
77.75.77.72 - - [02/Apr/2019:07:05:00 -0700] "GET /img/wu-wei/1.jpg HTTP/1.1" 200 323401 "-" "Mozilla/5.0 (compatible; SeznamBot/3.2; +http://napoveda.seznam.cz/en/seznambot-intro/)"
82.102.18.148 - - [02/Apr/2019:07:55:40 -0700] "GET / HTTP/1.0" 200 79394 "http://rndsquared.com/" "Mozilla/5.0 (Windows NT 6.3; Win64; x64) AppleWebKit/537.36 (KHTML, like Gecko) Chrome/67.0.3396.79 Safari/537.36"
82.102.18.148 - - [02/Apr/2019:07:55:41 -0700] "POST / HTTP/1.0" 200 79394 "http://rndsquared.com/" "Mozilla/5.0 (Windows NT 6.3; Win64; x64) AppleWebKit/537.36 (KHTML, like Gecko) Chrome/67.0.3396.79 Safari/537.36"
216.244.66.197 - - [02/Apr/2019:08:01:53 -0700] "GET /robots.txt HTTP/1.1" 404 208 "-" "Mozilla/5.0 (compatible; DotBot/1.1; http://www.opensiteexplorer.org/dotbot, help@moz.com)"
185.220.101.5 - - [02/Apr/2019:08:05:03 -0700] "GET / HTTP/1.1" 200 17429 "-" "Mozilla/5.0 (compatible; MSIE 9.0; Windows NT 6.1; Trident/5.0)"
185.220.101.5 - - [02/Apr/2019:08:05:04 -0700] "GET /?name=5ca37a217c912&email=gibbsdanielle1%40gmail.com&weJHlkUY=gibbsdanielle1%40gmail.com&message=& HTTP/1.1" 200 17429 "http://rndsquared.com/" "Mozilla/5.0 (compatible; MSIE 9.0; Windows NT 6.1; Trident/5.0)"
77.75.78.160 - - [02/Apr/2019:08:09:39 -0700] "GET /robots.txt HTTP/1.1" 404 208 "-" "Mozilla/5.0 (compatible; SeznamBot/3.2; +http://napoveda.seznam.cz/en/seznambot-intro/)"
77.75.78.160 - - [02/Apr/2019:08:09:41 -0700] "GET /img/sfnoir/2.jpg HTTP/1.1" 200 81708 "-" "Mozilla/5.0 (compatible; SeznamBot/3.2; +http://napoveda.seznam.cz/en/seznambot-intro/)"
77.75.78.160 - - [02/Apr/2019:08:09:43 -0700] "GET /img/bs4w/1.jpg HTTP/1.1" 304 - "-" "Mozilla/5.0 (compatible; SeznamBot/3.2; +http://napoveda.seznam.cz/en/seznambot-intro/)"
216.244.66.197 - - [02/Apr/2019:08:38:37 -0700] "GET /img/luminous/luminousVideo.png HTTP/1.1" 200 952978 "-" "Mozilla/5.0 (compatible; DotBot/1.1; http://www.opensiteexplorer.org/dotbot, help@moz.com)"
109.70.100.22 - - [02/Apr/2019:08:39:44 -0700] "GET / HTTP/1.1" 200 17429 "-" "Mozilla/5.0 (Windows NT 6.3; WOW64) AppleWebKit/537.36 (KHTML, like Gecko) Chrome/51.0.2704.106 Safari/537.36"
109.70.100.22 - - [02/Apr/2019:08:39:46 -0700] "GET /?name=5ca38242a9e01&email=wroos%40san.rr.com&weJHlkUY=wroos%40san.rr.com&message=& HTTP/1.1" 200 17429 "http://rndsquared.com/" "Mozilla/5.0 (Windows NT 6.3; WOW64) AppleWebKit/537.36 (KHTML, like Gecko) Chrome/51.0.2704.106 Safari/537.36"
66.249.79.130 - - [02/Apr/2019:08:57:24 -0700] "GET / HTTP/1.1" 200 17429 "-" "Mozilla/5.0 (Linux; Android 6.0.1; Nexus 5X Build/MMB29P) AppleWebKit/537.36 (KHTML, like Gecko) Chrome/41.0.2272.96 Mobile Safari/537.36 (compatible; Googlebot/2.1; +http://www.google.com/bot.html)"
66.249.79.130 - - [02/Apr/2019:08:57:26 -0700] "GET /js/lightbox.js HTTP/1.1" 200 4210 "http://rndsquared.com/" "Mozilla/5.0 (Linux; Android 6.0.1; Nexus 5X Build/MMB29P) AppleWebKit/537.36 (KHTML, like Gecko) Chrome/41.0.2272.96 Mobile Safari/537.36 (compatible; Googlebot/2.1; +http://www.google.com/bot.html)"
54.36.150.28 - - [02/Apr/2019:09:06:31 -0700] "GET /img/mixman/7.jpg HTTP/1.1" 200 107323 "-" "Mozilla/5.0 (compatible; AhrefsBot/6.1; +http://ahrefs.com/robot/)"
77.75.78.164 - - [02/Apr/2019:09:51:48 -0700] "GET /robots.txt HTTP/1.1" 404 208 "-" "Mozilla/5.0 (compatible; SeznamBot/3.2; +http://napoveda.seznam.cz/en/seznambot-intro/)"
77.75.78.164 - - [02/Apr/2019:09:51:50 -0700] "GET /img/njn/2.jpg HTTP/1.1" 200 103550 "-" "Mozilla/5.0 (compatible; SeznamBot/3.2; +http://napoveda.seznam.cz/en/seznambot-intro/)"
204.11.50.131 - - [02/Apr/2019:10:00:03 -0700] "GET / HTTP/1.1" 200 17429 "-" "Mozilla/5.0 (Windows NT 6.3; WOW64; rv:54.0) Gecko/20100101 Firefox/54.0"
204.11.50.131 - - [02/Apr/2019:10:00:04 -0700] "GET /?name=5ca395161a14e&email=maleboligia%40gmail.com&weJHlkUY=maleboligia%40gmail.com&message=& HTTP/1.1" 200 17429 "http://rndsquared.com/" "Mozilla/5.0 (Windows NT 6.3; WOW64; rv:54.0) Gecko/20100101 Firefox/54.0"
193.106.30.98 - - [02/Apr/2019:10:01:37 -0700] "POST /wp-content/plugins/log.php HTTP/1.1" 404 224 "-" "Mozilla/5.0 (Windows NT 6.1; rv:34.0) Gecko/20100101 Firefox/34.0"
185.220.101.60 - - [02/Apr/2019:10:20:17 -0700] "GET / HTTP/1.1" 200 17429 "-" "Mozilla/5.0 (Windows NT 10.0; Win64; x64) AppleWebKit/537.36 (KHTML, like Gecko) Chrome/64.0.3282.140 Safari/537.36 Edge/17.17134"
185.220.101.60 - - [02/Apr/2019:10:20:19 -0700] "GET /?name=5ca399d252e6c&email=kuch1991%40gmx.de&weJHlkUY=kuch1991%40gmx.de&message=& HTTP/1.1" 200 17429 "http://rndsquared.com/" "Mozilla/5.0 (Windows NT 10.0; Win64; x64) AppleWebKit/537.36 (KHTML, like Gecko) Chrome/64.0.3282.140 Safari/537.36 Edge/17.17134"
109.184.218.58 - - [02/Apr/2019:10:25:19 -0700] "GET / HTTP/1.0" 200 79394 "http://rndsquared.com/" "Mozilla/5.0 (Windows NT 10.0; Win64; x64) AppleWebKit/537.36 (KHTML, like Gecko) Chrome/67.0.3396.99 Safari/537.36"
109.184.218.58 - - [02/Apr/2019:10:25:20 -0700] "POST / HTTP/1.0" 200 79394 "http://rndsquared.com/" "Mozilla/5.0 (Windows NT 10.0; Win64; x64) AppleWebKit/537.36 (KHTML, like Gecko) Chrome/67.0.3396.99 Safari/537.36"
193.106.30.98 - - [02/Apr/2019:10:36:24 -0700] "POST /wp-content/plugins/log.php HTTP/1.1" 404 224 "-" "Mozilla/5.0 (Windows NT 6.1; rv:34.0) Gecko/20100101 Firefox/34.0"
185.163.45.35 - - [02/Apr/2019:10:39:54 -0700] "GET / HTTP/1.1" 200 17429 "-" "Mozilla/5.0 (Macintosh; Intel Mac OS X 10_12_6) AppleWebKit/603.3.8 (KHTML, like Gecko)"
185.163.45.35 - - [02/Apr/2019:10:39:55 -0700] "GET /?name=5ca39e6ad7fb8&email=hangoccam79%40gmail.com&weJHlkUY=hangoccam79%40gmail.com&message=& HTTP/1.1" 200 17429 "http://rndsquared.com/" "Mozilla/5.0 (Macintosh; Intel Mac OS X 10_12_6) AppleWebKit/603.3.8 (KHTML, like Gecko)"
178.17.170.135 - - [02/Apr/2019:10:50:13 -0700] "GET / HTTP/1.1" 200 17429 "-" "Mozilla/5.0 (Windows NT 10.0; Win64; x64) AppleWebKit/537.36 (KHTML, like Gecko) Chrome/64.0.3282.186 Safari/537.36"
178.17.170.135 - - [02/Apr/2019:10:50:14 -0700] "GET /?name=5ca3a0d931806&email=nickheppnerlundin%40gmail.com&weJHlkUY=nickheppnerlundin%40gmail.com&message=& HTTP/1.1" 200 17429 "http://rndsquared.com/" "Mozilla/5.0 (Windows NT 10.0; Win64; x64) AppleWebKit/537.36 (KHTML, like Gecko) Chrome/64.0.3282.186 Safari/537.36"
45.66.32.220 - - [02/Apr/2019:11:26:12 -0700] "GET / HTTP/1.1" 200 17429 "-" "Mozilla/5.0 (Windows NT 6.1; WOW64) AppleWebKit/537.36 (KHTML, like Gecko) Chrome/55.0.2883.87 Safari/537.36 OPR/42.0.2393.94"
45.66.32.220 - - [02/Apr/2019:11:26:13 -0700] "GET /?name=5ca3a9499ada9&email=sabrinasowens%40gmail.com&weJHlkUY=sabrinasowens%40gmail.com&message=& HTTP/1.1" 200 17429 "http://rndsquared.com/" "Mozilla/5.0 (Windows NT 6.1; WOW64) AppleWebKit/537.36 (KHTML, like Gecko) Chrome/55.0.2883.87 Safari/537.36 OPR/42.0.2393.94"
216.244.66.197 - - [02/Apr/2019:11:32:56 -0700] "GET /robots.txt HTTP/1.1" 404 208 "-" "Mozilla/5.0 (compatible; DotBot/1.1; http://www.opensiteexplorer.org/dotbot, help@moz.com)"
23.130.192.133 - - [02/Apr/2019:11:37:57 -0700] "GET /wp-login.php HTTP/1.1" 404 210 "-" "Mozilla/5.0 (X11; Ubuntu; Linux x86_64; rv:62.0) Gecko/20100101 Firefox/62.0"
54.36.149.58 - - [02/Apr/2019:11:43:15 -0700] "GET /robots.txt HTTP/1.1" 404 208 "-" "Mozilla/5.0 (compatible; AhrefsBot/6.1; +http://ahrefs.com/robot/)"
54.36.148.202 - - [02/Apr/2019:11:43:16 -0700] "GET /img/mixman/17.jpg HTTP/1.1" 200 60460 "-" "Mozilla/5.0 (compatible; AhrefsBot/6.1; +http://ahrefs.com/robot/)"
103.221.221.150 - - [02/Apr/2019:11:47:30 -0700] "GET /wp-login.php HTTP/1.1" 404 210 "-" "Mozilla/5.0 (X11; Ubuntu; Linux x86_64; rv:62.0) Gecko/20100101 Firefox/62.0"
77.75.77.101 - - [02/Apr/2019:11:52:32 -0700] "GET /robots.txt HTTP/1.1" 404 208 "-" "Mozilla/5.0 (compatible; SeznamBot/3.2; +http://napoveda.seznam.cz/en/seznambot-intro/)"
77.75.77.101 - - [02/Apr/2019:11:52:33 -0700] "GET /img/urban-cowgirl/thumbs/5.jpg HTTP/1.1" 304 - "-" "Mozilla/5.0 (compatible; SeznamBot/3.2; +http://napoveda.seznam.cz/en/seznambot-intro/)"
77.75.77.101 - - [02/Apr/2019:11:52:34 -0700] "GET /img/oncekids-fujimini/2.jpg HTTP/1.1" 200 99983 "-" "Mozilla/5.0 (compatible; SeznamBot/3.2; +http://napoveda.seznam.cz/en/seznambot-intro/)"
185.100.87.206 - - [02/Apr/2019:11:59:43 -0700] "GET / HTTP/1.1" 200 17429 "-" "Mozilla/5.0 (Windows NT 10.0; Win64; x64) AppleWebKit/537.36 (KHTML, like Gecko) Chrome/46.0.2486.0 Safari/537.36 Edge/13.10586"
185.100.87.206 - - [02/Apr/2019:11:59:44 -0700] "GET /?name=5ca3b1254d9a7&email=rlee.barta8928%40gmail.com&weJHlkUY=rlee.barta8928%40gmail.com&message=& HTTP/1.1" 200 17429 "http://rndsquared.com/" "Mozilla/5.0 (Windows NT 10.0; Win64; x64) AppleWebKit/537.36 (KHTML, like Gecko) Chrome/46.0.2486.0 Safari/537.36 Edge/13.10586"
216.244.66.197 - - [02/Apr/2019:12:10:58 -0700] "GET /img/mixman/3.jpg HTTP/1.1" 200 114734 "-" "Mozilla/5.0 (compatible; DotBot/1.1; http://www.opensiteexplorer.org/dotbot, help@moz.com)"
216.244.66.197 - - [02/Apr/2019:12:11:01 -0700] "GET /img/oncekids-fujimini/2.jpg HTTP/1.1" 200 99983 "-" "Mozilla/5.0 (compatible; DotBot/1.1; http://www.opensiteexplorer.org/dotbot, help@moz.com)"
157.55.39.18 - - [02/Apr/2019:12:16:24 -0700] "GET /robots.txt HTTP/1.1" 404 208 "-" "Mozilla/5.0 (compatible; bingbot/2.0; +http://www.bing.com/bingbot.htm)"
207.46.13.206 - - [02/Apr/2019:12:16:28 -0700] "GET / HTTP/1.1" 200 17429 "-" "Mozilla/5.0 (compatible; bingbot/2.0; +http://www.bing.com/bingbot.htm)"
51.15.235.211 - - [02/Apr/2019:12:31:08 -0700] "GET / HTTP/1.1" 200 17429 "-" "Mozilla/5.0 (Windows NT 10.0; Win64; x64) AppleWebKit/537.36 (KHTML, like Gecko) Chrome/57.0.2987.133 Safari/537.36"
51.15.235.211 - - [02/Apr/2019:12:31:09 -0700] "GET /?name=5ca3b87d6816f&email=nickzarlenga%40aol.com&weJHlkUY=nickzarlenga%40aol.com&message=& HTTP/1.1" 200 17429 "http://rndsquared.com/" "Mozilla/5.0 (Windows NT 10.0; Win64; x64) AppleWebKit/537.36 (KHTML, like Gecko) Chrome/57.0.2987.133 Safari/537.36"
205.185.127.219 - - [02/Apr/2019:12:46:53 -0700] "GET / HTTP/1.1" 200 17429 "-" "Mozilla/5.0 (Windows NT 10.0; Win64; x64) AppleWebKit/537.36 (KHTML, like Gecko) Chrome/64.0.3282.140 Safari/537.36 Edge/17.17134"
205.185.127.219 - - [02/Apr/2019:12:46:54 -0700] "GET /?name=5ca3bc31966eb&email=sloane.smith%40asu.edu&weJHlkUY=sloane.smith%40asu.edu&message=& HTTP/1.1" 200 17429 "http://rndsquared.com/" "Mozilla/5.0 (Windows NT 10.0; Win64; x64) AppleWebKit/537.36 (KHTML, like Gecko) Chrome/64.0.3282.140 Safari/537.36 Edge/17.17134"
209.95.51.11 - - [02/Apr/2019:13:12:59 -0700] "GET / HTTP/1.1" 200 17429 "-" "Mozilla/5.0 (Windows NT 6.3; WOW64) AppleWebKit/537.36 (KHTML, like Gecko) Chrome/48.0.2564.109 Safari/537.36"
209.95.51.11 - - [02/Apr/2019:13:12:59 -0700] "GET /?name=5ca3c24eb71d0&email=lrw819%40gmail.com&weJHlkUY=lrw819%40gmail.com&message=& HTTP/1.1" 200 17429 "http://rndsquared.com/" "Mozilla/5.0 (Windows NT 6.3; WOW64) AppleWebKit/537.36 (KHTML, like Gecko) Chrome/48.0.2564.109 Safari/537.36"
216.244.66.197 - - [02/Apr/2019:13:17:39 -0700] "GET /robots.txt HTTP/1.1" 404 208 "-" "Mozilla/5.0 (compatible; DotBot/1.1; http://www.opensiteexplorer.org/dotbot, help@moz.com)"
216.244.66.197 - - [02/Apr/2019:13:17:39 -0700] "GET /robots.txt HTTP/1.1" 404 208 "-" "Mozilla/5.0 (compatible; DotBot/1.1; http://www.opensiteexplorer.org/dotbot, help@moz.com)"
77.75.76.170 - - [02/Apr/2019:13:33:16 -0700] "GET /robots.txt HTTP/1.1" 404 208 "-" "Mozilla/5.0 (compatible; SeznamBot/3.2; +http://napoveda.seznam.cz/en/seznambot-intro/)"
77.75.76.170 - - [02/Apr/2019:13:33:18 -0700] "GET /img/luminous/luminousVideo.png HTTP/1.1" 304 - "-" "Mozilla/5.0 (compatible; SeznamBot/3.2; +http://napoveda.seznam.cz/en/seznambot-intro/)"
77.75.76.170 - - [02/Apr/2019:13:33:19 -0700] "GET /img/bs4w/thumbs/6.jpg HTTP/1.1" 200 12384 "-" "Mozilla/5.0 (compatible; SeznamBot/3.2; +http://napoveda.seznam.cz/en/seznambot-intro/)"
216.244.66.197 - - [02/Apr/2019:13:54:46 -0700] "GET /img/wu-wei/7.jpg HTTP/1.1" 200 293352 "-" "Mozilla/5.0 (compatible; DotBot/1.1; http://www.opensiteexplorer.org/dotbot, help@moz.com)"
81.17.27.140 - - [02/Apr/2019:13:56:57 -0700] "GET / HTTP/1.1" 200 17429 "-" "Mozilla/5.0 (Windows NT 10.0; Win64; x64) AppleWebKit/537.36 (KHTML, like Gecko) Chrome/51.0.2704.79 Safari/537.36 Edge/14.14393"
81.17.27.140 - - [02/Apr/2019:13:56:58 -0700] "GET /?name=5ca3cc999308f&email=christague%40gmail.com&weJHlkUY=christague%40gmail.com&message=& HTTP/1.1" 200 17429 "http://rndsquared.com/" "Mozilla/5.0 (Windows NT 10.0; Win64; x64) AppleWebKit/537.36 (KHTML, like Gecko) Chrome/51.0.2704.79 Safari/537.36 Edge/14.14393"
216.244.66.197 - - [02/Apr/2019:13:56:59 -0700] "GET /img/mixman/2.jpg HTTP/1.1" 200 80932 "-" "Mozilla/5.0 (compatible; DotBot/1.1; http://www.opensiteexplorer.org/dotbot, help@moz.com)"
216.244.66.197 - - [02/Apr/2019:14:08:57 -0700] "GET /robots.txt HTTP/1.1" 404 208 "-" "Mozilla/5.0 (compatible; DotBot/1.1; http://www.opensiteexplorer.org/dotbot, help@moz.com)"
109.70.100.20 - - [02/Apr/2019:14:16:07 -0700] "GET / HTTP/1.1" 200 17429 "-" "Mozilla/5.0 (Windows NT 6.1; WOW64; rv:48.0) Gecko/20100101 Firefox/48.0"
109.70.100.20 - - [02/Apr/2019:14:16:08 -0700] "GET /?name=5ca3d117ee078&email=lindseymwinters%40gmail.com&weJHlkUY=lindseymwinters%40gmail.com&message=& HTTP/1.1" 200 17429 "http://rndsquared.com/" "Mozilla/5.0 (Windows NT 6.1; WOW64; rv:48.0) Gecko/20100101 Firefox/48.0"
109.70.100.20 - - [02/Apr/2019:14:38:47 -0700] "GET / HTTP/1.1" 200 17429 "-" "Mozilla/5.0 (Windows NT 6.1; WOW64; rv:56.0) Gecko/20100101 Firefox/56.0"
109.70.100.20 - - [02/Apr/2019:14:38:48 -0700] "GET /?name=5ca3d66d76cf8&email=bansisukhvir%40gmail.com&weJHlkUY=bansisukhvir%40gmail.com&message=& HTTP/1.1" 200 17429 "http://rndsquared.com/" "Mozilla/5.0 (Windows NT 6.1; WOW64; rv:56.0) Gecko/20100101 Firefox/56.0"
216.244.66.197 - - [02/Apr/2019:14:48:45 -0700] "GET /img/oncekids-fujimini/8.jpg HTTP/1.1" 200 78635 "-" "Mozilla/5.0 (compatible; DotBot/1.1; http://www.opensiteexplorer.org/dotbot, help@moz.com)"
60.191.38.77 - - [02/Apr/2019:15:09:12 -0700] "GET / HTTP/1.1" 200 79394 "-" "Mozilla/5.0 (Macintosh; Intel Mac OS X 10.11; rv:47.0) Gecko/20100101 Firefox/47.0"
134.249.55.120 - - [02/Apr/2019:15:15:19 -0700] "GET / HTTP/1.1" 200 79394 "-" "Mozilla/5.0 (Windows NT 10.0; Win64; x64) AppleWebKit/537.36 (KHTML, like Gecko) Chrome/63.0.3239.132 Safari/537.36"
134.249.55.120 - - [02/Apr/2019:15:15:20 -0700] "GET /wp-includes/wlwmanifest.xml HTTP/1.1" 404 225 "-" "Mozilla/5.0 (Windows NT 10.0; Win64; x64) AppleWebKit/537.36 (KHTML, like Gecko) Chrome/63.0.3239.132 Safari/537.36"
134.249.55.120 - - [02/Apr/2019:15:15:30 -0700] "GET /xmlrpc.php?rsd HTTP/1.1" 404 208 "-" "Mozilla/5.0 (Windows NT 10.0; Win64; x64) AppleWebKit/537.36 (KHTML, like Gecko) Chrome/63.0.3239.132 Safari/537.36"
134.249.55.120 - - [02/Apr/2019:15:15:41 -0700] "GET / HTTP/1.1" 200 79394 "-" "Mozilla/5.0 (Windows NT 10.0; Win64; x64) AppleWebKit/537.36 (KHTML, like Gecko) Chrome/63.0.3239.132 Safari/537.36"
134.249.55.120 - - [02/Apr/2019:15:15:42 -0700] "GET /blog/wp-includes/wlwmanifest.xml HTTP/1.1" 404 230 "-" "Mozilla/5.0 (Windows NT 10.0; Win64; x64) AppleWebKit/537.36 (KHTML, like Gecko) Chrome/63.0.3239.132 Safari/537.36"
134.249.55.120 - - [02/Apr/2019:15:15:52 -0700] "GET /web/wp-includes/wlwmanifest.xml HTTP/1.1" 404 229 "-" "Mozilla/5.0 (Windows NT 10.0; Win64; x64) AppleWebKit/537.36 (KHTML, like Gecko) Chrome/63.0.3239.132 Safari/537.36"
134.249.55.120 - - [02/Apr/2019:15:16:03 -0700] "GET /wordpress/wp-includes/wlwmanifest.xml HTTP/1.1" 404 235 "-" "Mozilla/5.0 (Windows NT 10.0; Win64; x64) AppleWebKit/537.36 (KHTML, like Gecko) Chrome/63.0.3239.132 Safari/537.36"
134.249.55.120 - - [02/Apr/2019:15:16:13 -0700] "GET /website/wp-includes/wlwmanifest.xml HTTP/1.1" 404 233 "-" "Mozilla/5.0 (Windows NT 10.0; Win64; x64) AppleWebKit/537.36 (KHTML, like Gecko) Chrome/63.0.3239.132 Safari/537.36"
134.249.55.120 - - [02/Apr/2019:15:16:24 -0700] "GET /wp/wp-includes/wlwmanifest.xml HTTP/1.1" 404 228 "-" "Mozilla/5.0 (Windows NT 10.0; Win64; x64) AppleWebKit/537.36 (KHTML, like Gecko) Chrome/63.0.3239.132 Safari/537.36"
134.249.55.120 - - [02/Apr/2019:15:16:34 -0700] "GET /news/wp-includes/wlwmanifest.xml HTTP/1.1" 404 230 "-" "Mozilla/5.0 (Windows NT 10.0; Win64; x64) AppleWebKit/537.36 (KHTML, like Gecko) Chrome/63.0.3239.132 Safari/537.36"
134.249.55.120 - - [02/Apr/2019:15:16:44 -0700] "GET /2015/wp-includes/wlwmanifest.xml HTTP/1.1" 404 230 "-" "Mozilla/5.0 (Windows NT 10.0; Win64; x64) AppleWebKit/537.36 (KHTML, like Gecko) Chrome/63.0.3239.132 Safari/537.36"
134.249.55.120 - - [02/Apr/2019:15:16:55 -0700] "GET /2016/wp-includes/wlwmanifest.xml HTTP/1.1" 404 230 "-" "Mozilla/5.0 (Windows NT 10.0; Win64; x64) AppleWebKit/537.36 (KHTML, like Gecko) Chrome/63.0.3239.132 Safari/537.36"
134.249.55.120 - - [02/Apr/2019:15:17:05 -0700] "GET /2017/wp-includes/wlwmanifest.xml HTTP/1.1" 404 230 "-" "Mozilla/5.0 (Windows NT 10.0; Win64; x64) AppleWebKit/537.36 (KHTML, like Gecko) Chrome/63.0.3239.132 Safari/537.36"
77.75.79.11 - - [02/Apr/2019:15:17:25 -0700] "GET /robots.txt HTTP/1.1" 404 208 "-" "Mozilla/5.0 (compatible; SeznamBot/3.2; +http://napoveda.seznam.cz/en/seznambot-intro/)"
134.249.55.120 - - [02/Apr/2019:15:17:16 -0700] "GET /2018/wp-includes/wlwmanifest.xml HTTP/1.1" 404 230 "-" "Mozilla/5.0 (Windows NT 10.0; Win64; x64) AppleWebKit/537.36 (KHTML, like Gecko) Chrome/63.0.3239.132 Safari/537.36"
77.75.79.11 - - [02/Apr/2019:15:17:27 -0700] "GET /img/wu-wei/thumbs/10.jpg HTTP/1.1" 200 20185 "-" "Mozilla/5.0 (compatible; SeznamBot/3.2; +http://napoveda.seznam.cz/en/seznambot-intro/)"
134.249.55.120 - - [02/Apr/2019:15:17:26 -0700] "GET /shop/wp-includes/wlwmanifest.xml HTTP/1.1" 404 230 "-" "Mozilla/5.0 (Windows NT 10.0; Win64; x64) AppleWebKit/537.36 (KHTML, like Gecko) Chrome/63.0.3239.132 Safari/537.36"
134.249.55.120 - - [02/Apr/2019:15:17:37 -0700] "GET /wp1/wp-includes/wlwmanifest.xml HTTP/1.1" 404 229 "-" "Mozilla/5.0 (Windows NT 10.0; Win64; x64) AppleWebKit/537.36 (KHTML, like Gecko) Chrome/63.0.3239.132 Safari/537.36"
134.249.55.120 - - [02/Apr/2019:15:17:47 -0700] "GET /test/wp-includes/wlwmanifest.xml HTTP/1.1" 404 230 "-" "Mozilla/5.0 (Windows NT 10.0; Win64; x64) AppleWebKit/537.36 (KHTML, like Gecko) Chrome/63.0.3239.132 Safari/537.36"
134.249.55.120 - - [02/Apr/2019:15:17:58 -0700] "GET /media/wp-includes/wlwmanifest.xml HTTP/1.1" 404 231 "-" "Mozilla/5.0 (Windows NT 10.0; Win64; x64) AppleWebKit/537.36 (KHTML, like Gecko) Chrome/63.0.3239.132 Safari/537.36"
134.249.55.120 - - [02/Apr/2019:15:18:08 -0700] "GET /wp2/wp-includes/wlwmanifest.xml HTTP/1.1" 404 229 "-" "Mozilla/5.0 (Windows NT 10.0; Win64; x64) AppleWebKit/537.36 (KHTML, like Gecko) Chrome/63.0.3239.132 Safari/537.36"
134.249.55.120 - - [02/Apr/2019:15:18:18 -0700] "GET /site/wp-includes/wlwmanifest.xml HTTP/1.1" 404 230 "-" "Mozilla/5.0 (Windows NT 10.0; Win64; x64) AppleWebKit/537.36 (KHTML, like Gecko) Chrome/63.0.3239.132 Safari/537.36"
134.249.55.120 - - [02/Apr/2019:15:18:29 -0700] "GET /cms/wp-includes/wlwmanifest.xml HTTP/1.1" 404 229 "-" "Mozilla/5.0 (Windows NT 10.0; Win64; x64) AppleWebKit/537.36 (KHTML, like Gecko) Chrome/63.0.3239.132 Safari/537.36"
