157.55.39.217 - - [16/Sep/2018:09:58:09 -0700] "GET /robots.txt HTTP/1.1" 404 208 "-" "Mozilla/5.0 (compatible; bingbot/2.0; +http://www.bing.com/bingbot.htm)"
80.50.128.110 - - [16/Sep/2018:10:05:00 -0700] "GET /admin/index.php HTTP/1.1" 404 213 "-" "Mozilla/5.0 (Macintosh; Intel Mac OS X 10_12_3) AppleWebKit/537.36 (KHTML, like Gecko) Chrome/56.0.2924.87 Safari/537.36"
80.50.128.110 - - [16/Sep/2018:10:05:01 -0700] "GET /dbadmin/index.php HTTP/1.1" 404 215 "-" "Mozilla/5.0 (Macintosh; Intel Mac OS X 10_12_3) AppleWebKit/537.36 (KHTML, like Gecko) Chrome/56.0.2924.87 Safari/537.36"
80.50.128.110 - - [16/Sep/2018:10:05:01 -0700] "GET /MyAdmin/index.php HTTP/1.1" 404 215 "-" "Mozilla/5.0 (Macintosh; Intel Mac OS X 10_12_3) AppleWebKit/537.36 (KHTML, like Gecko) Chrome/56.0.2924.87 Safari/537.36"
80.50.128.110 - - [16/Sep/2018:10:05:01 -0700] "GET /phpMyAdmin-4.8.0-all-languages/index.php HTTP/1.1" 404 238 "-" "Mozilla/5.0 (Macintosh; Intel Mac OS X 10_12_3) AppleWebKit/537.36 (KHTML, like Gecko) Chrome/56.0.2924.87 Safari/537.36"
80.50.128.110 - - [16/Sep/2018:10:05:02 -0700] "GET /phpMyAdmin-4.8.0/index.php HTTP/1.1" 404 224 "-" "Mozilla/5.0 (Macintosh; Intel Mac OS X 10_12_3) AppleWebKit/537.36 (KHTML, like Gecko) Chrome/56.0.2924.87 Safari/537.36"
80.50.128.110 - - [16/Sep/2018:10:05:02 -0700] "GET /phpMyAdmin-4.8.1-all-languages/index.php HTTP/1.1" 404 238 "-" "Mozilla/5.0 (Macintosh; Intel Mac OS X 10_12_3) AppleWebKit/537.36 (KHTML, like Gecko) Chrome/56.0.2924.87 Safari/537.36"
80.50.128.110 - - [16/Sep/2018:10:05:02 -0700] "GET /phpMyAdmin-4.8.1/index.php HTTP/1.1" 404 224 "-" "Mozilla/5.0 (Macintosh; Intel Mac OS X 10_12_3) AppleWebKit/537.36 (KHTML, like Gecko) Chrome/56.0.2924.87 Safari/537.36"
80.50.128.110 - - [16/Sep/2018:10:05:03 -0700] "GET /phpmyadmin/index.php HTTP/1.1" 404 218 "-" "Mozilla/5.0 (Macintosh; Intel Mac OS X 10_12_3) AppleWebKit/537.36 (KHTML, like Gecko) Chrome/56.0.2924.87 Safari/537.36"
80.50.128.110 - - [16/Sep/2018:10:05:03 -0700] "GET /phpmyAdmin/index.php HTTP/1.1" 404 218 "-" "Mozilla/5.0 (Macintosh; Intel Mac OS X 10_12_3) AppleWebKit/537.36 (KHTML, like Gecko) Chrome/56.0.2924.87 Safari/537.36"
80.50.128.110 - - [16/Sep/2018:10:05:04 -0700] "GET /phpMyAdmin/index.php HTTP/1.1" 404 218 "-" "Mozilla/5.0 (Macintosh; Intel Mac OS X 10_12_3) AppleWebKit/537.36 (KHTML, like Gecko) Chrome/56.0.2924.87 Safari/537.36"
80.50.128.110 - - [16/Sep/2018:10:05:04 -0700] "GET /pma/index.php HTTP/1.1" 404 211 "-" "Mozilla/5.0 (Macintosh; Intel Mac OS X 10_12_3) AppleWebKit/537.36 (KHTML, like Gecko) Chrome/56.0.2924.87 Safari/537.36"
73.71.74.9 - - [16/Sep/2018:10:23:51 -0700] "GET / HTTP/1.1" 200 15893 "-" "Mozilla/5.0 (Macintosh; Intel Mac OS X 10_12_5) AppleWebKit/603.2.4 (KHTML, like Gecko)"
73.71.74.9 - - [16/Sep/2018:10:23:51 -0700] "GET /apple-touch-icon-precomposed.png HTTP/1.1" 404 230 "-" "Safari/12603.2.4 CFNetwork/811.5.4 Darwin/16.6.0 (x86_64)"
73.71.74.9 - - [16/Sep/2018:10:23:51 -0700] "GET /apple-touch-icon.png HTTP/1.1" 404 218 "-" "Safari/12603.2.4 CFNetwork/811.5.4 Darwin/16.6.0 (x86_64)"
73.71.74.9 - - [16/Sep/2018:10:23:51 -0700] "GET /favicon.ico HTTP/1.1" 404 209 "-" "Safari/12603.2.4 CFNetwork/811.5.4 Darwin/16.6.0 (x86_64)"
73.71.74.9 - - [16/Sep/2018:10:23:51 -0700] "GET /apple-touch-icon-precomposed.png HTTP/1.1" 404 230 "-" "Safari/12603.2.4 CFNetwork/811.5.4 Darwin/16.6.0 (x86_64)"
73.71.74.9 - - [16/Sep/2018:10:23:51 -0700] "GET /apple-touch-icon.png HTTP/1.1" 404 218 "-" "Safari/12603.2.4 CFNetwork/811.5.4 Darwin/16.6.0 (x86_64)"
73.71.74.9 - - [16/Sep/2018:10:23:51 -0700] "GET /favicon.ico HTTP/1.1" 404 209 "-" "Safari/12603.2.4 CFNetwork/811.5.4 Darwin/16.6.0 (x86_64)"
73.71.74.9 - - [16/Sep/2018:10:23:51 -0700] "GET / HTTP/1.1" 200 15893 "-" "Mozilla/5.0 (iPhone; CPU iPhone OS 10_0 like Mac OS X) AppleWebKit/602.1.38 (KHTML, like Gecko) Version/10.0 Mobile/14A300 Safari/602.1"
73.71.74.9 - - [16/Sep/2018:10:23:51 -0700] "GET /apple-touch-icon-precomposed.png HTTP/1.1" 404 230 "-" "Safari/12603.2.4 CFNetwork/811.5.4 Darwin/16.6.0 (x86_64)"
73.71.74.9 - - [16/Sep/2018:10:23:51 -0700] "GET /apple-touch-icon.png HTTP/1.1" 404 218 "-" "Safari/12603.2.4 CFNetwork/811.5.4 Darwin/16.6.0 (x86_64)"
73.71.74.9 - - [16/Sep/2018:10:23:51 -0700] "GET /favicon.ico HTTP/1.1" 404 209 "-" "Safari/12603.2.4 CFNetwork/811.5.4 Darwin/16.6.0 (x86_64)"
73.71.74.9 - - [16/Sep/2018:10:23:51 -0700] "GET /apple-touch-icon-precomposed.png HTTP/1.1" 404 230 "-" "Safari/12603.2.4 CFNetwork/811.5.4 Darwin/16.6.0 (x86_64)"
73.71.74.9 - - [16/Sep/2018:10:23:51 -0700] "GET /apple-touch-icon.png HTTP/1.1" 404 218 "-" "Safari/12603.2.4 CFNetwork/811.5.4 Darwin/16.6.0 (x86_64)"
73.71.74.9 - - [16/Sep/2018:10:23:51 -0700] "GET /favicon.ico HTTP/1.1" 404 209 "-" "Safari/12603.2.4 CFNetwork/811.5.4 Darwin/16.6.0 (x86_64)"
176.8.91.217 - - [16/Sep/2018:10:49:29 -0700] "GET / HTTP/1.1" 200 72658 "http://sta-grand.ru/" "Mozilla/4.0 (compatible; Powermarks/3.5; Windows 95/98/2000/NT)"
176.8.91.217 - - [16/Sep/2018:10:50:19 -0700] "GET / HTTP/1.1" 200 72658 "https://www.artdeko.info/" "Mozilla/4.0 (compatible; MSIE 5.0; Windows 2000) Opera 6.0 [en]"
54.36.149.43 - - [16/Sep/2018:11:53:13 -0700] "GET /img/wu-wei/6.jpg HTTP/1.1" 200 180106 "-" "Mozilla/5.0 (compatible; AhrefsBot/5.2; +http://ahrefs.com/robot/)"
216.244.66.197 - - [16/Sep/2018:12:43:49 -0700] "GET /robots.txt HTTP/1.1" 404 208 "-" "Mozilla/5.0 (compatible; DotBot/1.1; http://www.opensiteexplorer.org/dotbot, help@moz.com)"
216.244.66.197 - - [16/Sep/2018:12:58:35 -0700] "GET /img/autumn/8.jpg HTTP/1.1" 200 100218 "-" "Mozilla/5.0 (compatible; DotBot/1.1; http://www.opensiteexplorer.org/dotbot, help@moz.com)"
178.154.244.151 - - [16/Sep/2018:13:19:07 -0700] "GET /robots.txt HTTP/1.1" 404 208 "-" "Mozilla/5.0 (compatible; YandexBot/3.0; +http://yandex.com/bots)"
178.154.244.151 - - [16/Sep/2018:13:19:10 -0700] "GET / HTTP/1.1" 200 15893 "-" "Mozilla/5.0 (compatible; YandexBot/3.0; +http://yandex.com/bots)"
178.154.244.151 - - [16/Sep/2018:13:19:11 -0700] "GET /robots.txt HTTP/1.1" 404 208 "-" "Mozilla/5.0 (compatible; YandexBot/3.0; +http://yandex.com/bots)"
93.158.161.62 - - [16/Sep/2018:13:19:15 -0700] "GET / HTTP/1.1" 200 15893 "-" "Mozilla/5.0 (compatible; YandexBot/3.0; +http://yandex.com/bots)"
180.76.15.31 - - [16/Sep/2018:13:24:44 -0700] "GET / HTTP/1.1" 200 15893 "-" "Mozilla/5.0 (compatible; Baiduspider/2.0; +http://www.baidu.com/search/spider.html)"
46.119.115.162 - - [16/Sep/2018:13:32:37 -0700] "GET / HTTP/1.1" 200 72658 "https://pp-budpostach.com.ua/g835191-stoimost-gazobloka-gazobetona" "Mozilla/4.0 (compatible; MSIE 6.0; America Online Browser 1.1; rev1.2; Windows NT 5.1; SV1; .NET CLR 1.1.4322)"
31.204.80.133 - - [16/Sep/2018:14:35:43 -0700] "GET /user/register/ HTTP/1.1" 404 212 "-" "Mozilla/5.0 (Windows; U; Windows NT 5.1; de; rv:1.9) Gecko/2008052906 Firefox/3.0"
216.244.66.197 - - [16/Sep/2018:15:03:10 -0700] "GET /robots.txt HTTP/1.1" 404 208 "-" "Mozilla/5.0 (compatible; DotBot/1.1; http://www.opensiteexplorer.org/dotbot, help@moz.com)"
216.244.66.197 - - [16/Sep/2018:15:16:58 -0700] "GET /img/mixman/16.jpg HTTP/1.1" 200 113328 "-" "Mozilla/5.0 (compatible; DotBot/1.1; http://www.opensiteexplorer.org/dotbot, help@moz.com)"
216.244.66.197 - - [16/Sep/2018:15:17:01 -0700] "GET /img/njn/8.jpg HTTP/1.1" 200 124240 "-" "Mozilla/5.0 (compatible; DotBot/1.1; http://www.opensiteexplorer.org/dotbot, help@moz.com)"
216.244.66.197 - - [16/Sep/2018:15:49:05 -0700] "GET /robots.txt HTTP/1.1" 404 208 "-" "Mozilla/5.0 (compatible; DotBot/1.1; http://www.opensiteexplorer.org/dotbot, help@moz.com)"
216.244.66.197 - - [16/Sep/2018:16:02:52 -0700] "GET /img/mixman/9.jpg HTTP/1.1" 200 141085 "-" "Mozilla/5.0 (compatible; DotBot/1.1; http://www.opensiteexplorer.org/dotbot, help@moz.com)"
73.71.74.9 - - [16/Sep/2018:17:30:30 -0700] "GET / HTTP/1.1" 200 15893 "-" "Mozilla/5.0 (Macintosh; Intel Mac OS X 10_12_5) AppleWebKit/603.2.4 (KHTML, like Gecko)"
73.71.74.9 - - [16/Sep/2018:17:30:30 -0700] "GET /apple-touch-icon-precomposed.png HTTP/1.1" 404 230 "-" "Safari/12603.2.4 CFNetwork/811.5.4 Darwin/16.6.0 (x86_64)"
73.71.74.9 - - [16/Sep/2018:17:30:30 -0700] "GET /apple-touch-icon.png HTTP/1.1" 404 218 "-" "Safari/12603.2.4 CFNetwork/811.5.4 Darwin/16.6.0 (x86_64)"
73.71.74.9 - - [16/Sep/2018:17:30:30 -0700] "GET /favicon.ico HTTP/1.1" 404 209 "-" "Safari/12603.2.4 CFNetwork/811.5.4 Darwin/16.6.0 (x86_64)"
73.71.74.9 - - [16/Sep/2018:17:30:30 -0700] "GET /apple-touch-icon-precomposed.png HTTP/1.1" 404 230 "-" "Safari/12603.2.4 CFNetwork/811.5.4 Darwin/16.6.0 (x86_64)"
73.71.74.9 - - [16/Sep/2018:17:30:30 -0700] "GET /apple-touch-icon.png HTTP/1.1" 404 218 "-" "Safari/12603.2.4 CFNetwork/811.5.4 Darwin/16.6.0 (x86_64)"
73.71.74.9 - - [16/Sep/2018:17:30:30 -0700] "GET /favicon.ico HTTP/1.1" 404 209 "-" "Safari/12603.2.4 CFNetwork/811.5.4 Darwin/16.6.0 (x86_64)"
73.71.74.9 - - [16/Sep/2018:17:30:30 -0700] "GET / HTTP/1.1" 200 15893 "-" "Mozilla/5.0 (iPhone; CPU iPhone OS 10_0 like Mac OS X) AppleWebKit/602.1.38 (KHTML, like Gecko) Version/10.0 Mobile/14A300 Safari/602.1"
73.71.74.9 - - [16/Sep/2018:17:30:30 -0700] "GET /apple-touch-icon-precomposed.png HTTP/1.1" 404 230 "-" "Safari/12603.2.4 CFNetwork/811.5.4 Darwin/16.6.0 (x86_64)"
73.71.74.9 - - [16/Sep/2018:17:30:30 -0700] "GET /apple-touch-icon.png HTTP/1.1" 404 218 "-" "Safari/12603.2.4 CFNetwork/811.5.4 Darwin/16.6.0 (x86_64)"
73.71.74.9 - - [16/Sep/2018:17:30:30 -0700] "GET /favicon.ico HTTP/1.1" 404 209 "-" "Safari/12603.2.4 CFNetwork/811.5.4 Darwin/16.6.0 (x86_64)"
73.71.74.9 - - [16/Sep/2018:17:30:30 -0700] "GET /apple-touch-icon-precomposed.png HTTP/1.1" 404 230 "-" "Safari/12603.2.4 CFNetwork/811.5.4 Darwin/16.6.0 (x86_64)"
73.71.74.9 - - [16/Sep/2018:17:30:30 -0700] "GET /apple-touch-icon.png HTTP/1.1" 404 218 "-" "Safari/12603.2.4 CFNetwork/811.5.4 Darwin/16.6.0 (x86_64)"
73.71.74.9 - - [16/Sep/2018:17:30:31 -0700] "GET /favicon.ico HTTP/1.1" 404 209 "-" "Safari/12603.2.4 CFNetwork/811.5.4 Darwin/16.6.0 (x86_64)"
54.36.150.81 - - [16/Sep/2018:18:03:20 -0700] "GET /robots.txt HTTP/1.1" 404 208 "-" "Mozilla/5.0 (compatible; AhrefsBot/5.2; +http://ahrefs.com/robot/)"
35.0.127.52 - - [16/Sep/2018:18:27:09 -0700] "GET / HTTP/1.1" 200 15893 "-" "Mozilla/5.0 (Windows NT 10.0; Win64; x64) AppleWebKit/537.36 (KHTML, like Gecko) Chrome/67.0.3396.99 Safari/537.36"
138.197.104.6 - - [16/Sep/2018:18:32:07 -0700] "GET / HTTP/1.1" 200 15893 "-" "Mozilla/5.0 (X11; Datanyze; Linux x86_64) AppleWebKit/537.36 (KHTML, like Gecko) Chrome/65.0.3325.181 Safari/537.36"
138.197.104.6 - - [16/Sep/2018:18:32:07 -0700] "GET /js/modernizr.js HTTP/1.1" 200 5933 "http://rndsquared.com/" "Mozilla/5.0 (X11; Datanyze; Linux x86_64) AppleWebKit/537.36 (KHTML, like Gecko) Chrome/65.0.3325.181 Safari/537.36"
138.197.104.6 - - [16/Sep/2018:18:32:07 -0700] "GET /js/lightbox.js HTTP/1.1" 200 4210 "http://rndsquared.com/" "Mozilla/5.0 (X11; Datanyze; Linux x86_64) AppleWebKit/537.36 (KHTML, like Gecko) Chrome/65.0.3325.181 Safari/537.36"
138.197.104.6 - - [16/Sep/2018:18:32:07 -0700] "GET /js/scripts.js HTTP/1.1" 200 1227 "http://rndsquared.com/" "Mozilla/5.0 (X11; Datanyze; Linux x86_64) AppleWebKit/537.36 (KHTML, like Gecko) Chrome/65.0.3325.181 Safari/537.36"
40.77.167.41 - - [16/Sep/2018:18:46:33 -0700] "GET / HTTP/1.1" 200 15893 "-" "Mozilla/5.0 (compatible; bingbot/2.0; +http://www.bing.com/bingbot.htm)"
216.244.66.197 - - [16/Sep/2018:18:56:19 -0700] "GET /robots.txt HTTP/1.1" 404 208 "-" "Mozilla/5.0 (compatible; DotBot/1.1; http://www.opensiteexplorer.org/dotbot, help@moz.com)"
216.244.66.197 - - [16/Sep/2018:19:10:17 -0700] "GET /img/bs4w/5.jpg HTTP/1.1" 200 42135 "-" "Mozilla/5.0 (compatible; DotBot/1.1; http://www.opensiteexplorer.org/dotbot, help@moz.com)"
35.189.227.50 - - [16/Sep/2018:19:26:07 -0700] "HEAD / HTTP/1.1" 200 - "-" "-"
35.189.227.50 - - [16/Sep/2018:19:26:07 -0700] "GET / HTTP/1.1" 200 72658 "-" "-"
54.202.174.218 - - [16/Sep/2018:19:40:01 -0700] "GET / HTTP/1.1" 200 15893 "-" "Mozilla/5.0 (Windows NT 10.0; Win64; x64; rv:61.0) Gecko/20100101 Firefox/61.0"
54.202.174.218 - - [16/Sep/2018:19:40:02 -0700] "GET /js/modernizr.js HTTP/1.1" 200 5933 "-" "Mozilla/5.0 (Windows NT 10.0; Win64; x64; rv:61.0) Gecko/20100101 Firefox/61.0"
54.202.174.218 - - [16/Sep/2018:19:40:02 -0700] "GET /js/lightbox.js HTTP/1.1" 200 4210 "-" "Mozilla/5.0 (Windows NT 10.0; Win64; x64; rv:61.0) Gecko/20100101 Firefox/61.0"
54.202.174.218 - - [16/Sep/2018:19:40:02 -0700] "GET /js/scripts.js HTTP/1.1" 200 1227 "-" "Mozilla/5.0 (Windows NT 10.0; Win64; x64; rv:61.0) Gecko/20100101 Firefox/61.0"
216.244.66.197 - - [16/Sep/2018:19:44:43 -0700] "GET /robots.txt HTTP/1.1" 404 208 "-" "Mozilla/5.0 (compatible; DotBot/1.1; http://www.opensiteexplorer.org/dotbot, help@moz.com)"
176.8.89.62 - - [16/Sep/2018:19:55:15 -0700] "GET / HTTP/1.1" 200 72658 "http://poiskzakona.ru/" "Mozilla/4.0 (compatible; MSIE 6.0; Windows NT 5.1; SV1)"
216.244.66.197 - - [16/Sep/2018:20:02:41 -0700] "GET /img/wu-wei/3.jpg HTTP/1.1" 200 173337 "-" "Mozilla/5.0 (compatible; DotBot/1.1; http://www.opensiteexplorer.org/dotbot, help@moz.com)"
93.158.161.62 - - [16/Sep/2018:20:27:48 -0700] "GET /robots.txt HTTP/1.1" 404 208 "-" "Mozilla/5.0 (compatible; YandexBot/3.0; +http://yandex.com/bots)"
77.88.47.14 - - [16/Sep/2018:20:27:49 -0700] "GET /robots.txt HTTP/1.1" 404 208 "-" "Mozilla/5.0 (compatible; YandexBot/3.0; +http://yandex.com/bots)"
93.158.161.62 - - [16/Sep/2018:20:27:52 -0700] "GET / HTTP/1.1" 200 15893 "-" "Mozilla/5.0 (compatible; YandexBot/3.0; +http://yandex.com/bots)"
93.158.161.62 - - [16/Sep/2018:20:27:52 -0700] "GET / HTTP/1.1" 200 15893 "-" "Mozilla/5.0 (compatible; YandexBot/3.0; +http://yandex.com/bots)"
54.36.148.191 - - [16/Sep/2018:20:47:40 -0700] "GET / HTTP/1.1" 200 15893 "-" "Mozilla/5.0 (compatible; AhrefsBot/5.2; +http://ahrefs.com/robot/)"
52.53.201.78 - - [16/Sep/2018:20:58:04 -0700] "GET / HTTP/1.1" 200 15893 "-" "Mozilla/5.0 (Macintosh; Intel Mac OS X 10_12_6) AppleWebKit/537.36 (KHTML, like Gecko) Chrome/61.0.3163.100 Safari/537.36"
54.36.148.115 - - [16/Sep/2018:21:08:19 -0700] "GET /img/mixman/15.jpg HTTP/1.1" 200 115845 "-" "Mozilla/5.0 (compatible; AhrefsBot/5.2; +http://ahrefs.com/robot/)"
158.69.192.239 - - [16/Sep/2018:21:34:44 -0700] "GET / HTTP/1.1" 200 15893 "-" "Mozilla/5.0 (Windows NT 10.0; Win64; x64) AppleWebKit/537.36 (KHTML, like Gecko) Chrome/67.0.3396.99 Safari/537.36"
176.8.91.217 - - [16/Sep/2018:22:38:39 -0700] "GET / HTTP/1.1" 200 72658 "https://mega-polis.biz.ua/" "Mozilla/4.0 (compatible; MSIE 6.0; Windows NT 5.1; SV1)"
176.8.91.217 - - [16/Sep/2018:22:38:42 -0700] "GET / HTTP/1.1" 200 72658 "https://mega-polis.biz.ua/" "Mozilla/4.0 (compatible; MSIE 6.0; Windows NT 5.1; SV1)"
165.227.181.150 - - [17/Sep/2018:00:18:34 -0700] "GET / HTTP/1.1" 200 15893 "-" "Mozilla/5.0 (X11; Datanyze; Linux x86_64) AppleWebKit/537.36 (KHTML, like Gecko) Chrome/65.0.3325.181 Safari/537.36"
165.227.181.150 - - [17/Sep/2018:00:18:34 -0700] "GET /js/modernizr.js HTTP/1.1" 200 5933 "http://rndsquared.com/" "Mozilla/5.0 (X11; Datanyze; Linux x86_64) AppleWebKit/537.36 (KHTML, like Gecko) Chrome/65.0.3325.181 Safari/537.36"
165.227.181.150 - - [17/Sep/2018:00:18:35 -0700] "GET /js/lightbox.js HTTP/1.1" 200 4210 "http://rndsquared.com/" "Mozilla/5.0 (X11; Datanyze; Linux x86_64) AppleWebKit/537.36 (KHTML, like Gecko) Chrome/65.0.3325.181 Safari/537.36"
165.227.181.150 - - [17/Sep/2018:00:18:35 -0700] "GET /js/scripts.js HTTP/1.1" 200 1227 "http://rndsquared.com/" "Mozilla/5.0 (X11; Datanyze; Linux x86_64) AppleWebKit/537.36 (KHTML, like Gecko) Chrome/65.0.3325.181 Safari/537.36"
165.227.181.150 - - [17/Sep/2018:00:18:58 -0700] "GET /robots.txt HTTP/1.1" 404 208 "-" "Mozilla/5.0 (Windows NT 6.1; WOW64; rv:28.0) Gecko/20100101 Firefox/28.0"
108.59.8.70 - - [17/Sep/2018:02:06:30 -0700] "GET /robots.txt HTTP/1.1" 404 208 "-" "Mozilla/5.0 (compatible; MJ12bot/v1.4.8; http://mj12bot.com/)"
108.59.8.70 - - [17/Sep/2018:02:06:37 -0700] "GET / HTTP/1.1" 200 72658 "-" "Mozilla/5.0 (compatible; MJ12bot/v1.4.8; http://mj12bot.com/)"
46.119.115.162 - - [17/Sep/2018:02:55:38 -0700] "GET / HTTP/1.1" 200 72658 "https://www.baikaleminer.com/" "Mozilla/4.0 (compatible; MSIE 6.0; Windows NT 5.1)"
46.119.115.162 - - [17/Sep/2018:02:55:50 -0700] "GET / HTTP/1.1" 200 72658 "https://dverirespekt.ru/" "Mozilla/4.0 (compatible; MSIE 6.0; Windows NT 5.0; .NET CLR 1.0.3705; .NET CLR 1.1.4322)"
185.220.101.15 - - [17/Sep/2018:03:43:22 -0700] "GET / HTTP/1.1" 200 15893 "-" "Mozilla/5.0 (Windows NT 10.0; Win64; x64) AppleWebKit/537.36 (KHTML, like Gecko) Chrome/67.0.3396.99 Safari/537.36"
180.76.15.9 - - [17/Sep/2018:04:04:03 -0700] "GET /css/bootstrap.min.css HTTP/1.1" 200 11249 "-" "Mozilla/5.0 (compatible; Baiduspider/2.0; +http://www.baidu.com/search/spider.html)"
212.40.176.79 - - [17/Sep/2018:04:17:05 -0700] "POST /user/password?name[%23post_render][0]=printf&name[%23markup]=ABCZ%0A HTTP/1.1" 404 211 "-" "Python-urllib/2.7"
212.40.176.79 - - [17/Sep/2018:04:17:06 -0700] "POST /user/register?element_parents=account/mail/%23value&ajax_form=1&_wrapper_format=drupal_ajax HTTP/1.1" 404 211 "-" "Python-urllib/2.7"
193.171.202.150 - - [17/Sep/2018:04:53:12 -0700] "GET / HTTP/1.1" 200 15893 "-" "Mozilla/5.0 (Windows NT 10.0; Win64; x64) AppleWebKit/537.36 (KHTML, like Gecko) Chrome/67.0.3396.99 Safari/537.36"
176.8.91.217 - - [17/Sep/2018:05:17:37 -0700] "GET / HTTP/1.1" 200 72658 "https://top-l2.com/" "Mozilla/4.0 (compatible; MSIE 6.0; Windows NT 5.1; SV1)"
46.119.115.162 - - [17/Sep/2018:05:34:53 -0700] "GET / HTTP/1.1" 200 72658 "https://yginekologa.com/" "Mozilla/4.0 (compatible; MSIE 6.0; Windows NT) ::ELNSB50::000061100320025802a00111000000000507000900000000"
46.119.115.162 - - [17/Sep/2018:05:34:55 -0700] "GET / HTTP/1.1" 200 72658 "https://yginekologa.com/" "Mozilla/4.0 (compatible; MSIE 6.0; Windows NT) ::ELNSB50::000061100320025802a00111000000000507000900000000"
198.71.230.75 - - [17/Sep/2018:05:40:54 -0700] "GET //wp-login.php HTTP/1.1" 404 210 "-" "Mozilla/5.0 (X11; U; Linux i686; pt-BR; rv:1.9.0.15) Gecko/2009102815 Ubuntu/9.04 (jaunty) Firefox/3.0.15"
198.71.230.75 - - [17/Sep/2018:05:40:55 -0700] "GET /blog//wp-login.php HTTP/1.1" 404 216 "-" "Mozilla/5.0 (X11; U; Linux i686; pt-BR; rv:1.9.0.15) Gecko/2009102815 Ubuntu/9.04 (jaunty) Firefox/3.0.15"
198.71.230.75 - - [17/Sep/2018:05:40:56 -0700] "GET /wordpress//wp-login.php HTTP/1.1" 404 221 "-" "Mozilla/5.0 (X11; U; Linux i686; pt-BR; rv:1.9.0.15) Gecko/2009102815 Ubuntu/9.04 (jaunty) Firefox/3.0.15"
198.71.230.75 - - [17/Sep/2018:05:40:56 -0700] "GET /wp//wp-login.php HTTP/1.1" 404 214 "-" "Mozilla/5.0 (X11; U; Linux i686; pt-BR; rv:1.9.0.15) Gecko/2009102815 Ubuntu/9.04 (jaunty) Firefox/3.0.15"
54.36.148.29 - - [17/Sep/2018:05:48:59 -0700] "GET /img/autumn/4.jpg HTTP/1.1" 200 166546 "-" "Mozilla/5.0 (compatible; AhrefsBot/5.2; +http://ahrefs.com/robot/)"
176.8.89.62 - - [17/Sep/2018:06:20:40 -0700] "GET / HTTP/1.1" 200 72658 "http://snegozaderzhatel.ru/" "Mozilla/4.0 (compatible; MSIE 6.0; Windows NT 5.1; SV1)"
66.249.70.18 - - [17/Sep/2018:07:26:01 -0700] "GET /robots.txt HTTP/1.1" 404 208 "-" "Mozilla/5.0 (compatible; Googlebot/2.1; +http://www.google.com/bot.html)"
66.249.70.16 - - [17/Sep/2018:07:26:01 -0700] "GET / HTTP/1.1" 200 15893 "-" "Mozilla/5.0 (compatible; Googlebot/2.1; +http://www.google.com/bot.html)"
123.125.71.24 - - [17/Sep/2018:07:39:43 -0700] "GET / HTTP/1.1" 200 15893 "-" "Mozilla/5.0 (compatible; Baiduspider/2.0; +http://www.baidu.com/search/spider.html)"
73.231.164.56 - - [17/Sep/2018:09:06:40 -0700] "GET /favicon.ico HTTP/1.1" 404 209 "-" "Mozilla/5.0 (iPad; CPU OS 11_4_1 like Mac OS X) AppleWebKit/605.1.15 (KHTML, like Gecko) FxiOS/13.2b11866 Mobile/15G77 Safari/605.1.15"
107.21.1.8 - - [17/Sep/2018:09:18:01 -0700] "GET / HTTP/1.1" 200 15893 "http://rndsquared.com/" "Mozilla/5.0 (compatible; DuckDuckGo-Favicons-Bot/1.0; +http://duckduckgo.com)"
107.21.1.8 - - [17/Sep/2018:09:18:01 -0700] "GET /favicon.ico HTTP/1.1" 404 209 "http://rndsquared.com/favicon.ico" "Mozilla/5.0 (compatible; DuckDuckGo-Favicons-Bot/1.0; +http://duckduckgo.com)"
77.88.47.14 - - [17/Sep/2018:09:27:16 -0700] "GET /robots.txt HTTP/1.1" 404 208 "-" "Mozilla/5.0 (compatible; YandexBot/3.0; +http://yandex.com/bots)"
93.158.161.62 - - [17/Sep/2018:09:27:16 -0700] "GET /robots.txt HTTP/1.1" 404 208 "-" "Mozilla/5.0 (compatible; YandexBot/3.0; +http://yandex.com/bots)"
93.158.161.62 - - [17/Sep/2018:09:27:20 -0700] "GET / HTTP/1.1" 200 15893 "-" "Mozilla/5.0 (compatible; YandexBot/3.0; +http://yandex.com/bots)"
77.88.47.14 - - [17/Sep/2018:09:27:20 -0700] "GET / HTTP/1.1" 200 15893 "-" "Mozilla/5.0 (compatible; YandexBot/3.0; +http://yandex.com/bots)"
73.71.74.9 - - [17/Sep/2018:09:48:18 -0700] "GET / HTTP/1.1" 200 15893 "-" "Mozilla/5.0 (Macintosh; Intel Mac OS X 10_12_5) AppleWebKit/603.2.4 (KHTML, like Gecko)"
73.71.74.9 - - [17/Sep/2018:09:48:19 -0700] "GET /apple-touch-icon-precomposed.png HTTP/1.1" 404 230 "-" "Safari/12603.2.4 CFNetwork/811.5.4 Darwin/16.6.0 (x86_64)"
73.71.74.9 - - [17/Sep/2018:09:48:19 -0700] "GET /apple-touch-icon.png HTTP/1.1" 404 218 "-" "Safari/12603.2.4 CFNetwork/811.5.4 Darwin/16.6.0 (x86_64)"
73.71.74.9 - - [17/Sep/2018:09:48:19 -0700] "GET /favicon.ico HTTP/1.1" 404 209 "-" "Safari/12603.2.4 CFNetwork/811.5.4 Darwin/16.6.0 (x86_64)"
73.71.74.9 - - [17/Sep/2018:09:48:19 -0700] "GET /apple-touch-icon-precomposed.png HTTP/1.1" 404 230 "-" "Safari/12603.2.4 CFNetwork/811.5.4 Darwin/16.6.0 (x86_64)"
73.71.74.9 - - [17/Sep/2018:09:48:19 -0700] "GET /apple-touch-icon.png HTTP/1.1" 404 218 "-" "Safari/12603.2.4 CFNetwork/811.5.4 Darwin/16.6.0 (x86_64)"
73.71.74.9 - - [17/Sep/2018:09:48:19 -0700] "GET /favicon.ico HTTP/1.1" 404 209 "-" "Safari/12603.2.4 CFNetwork/811.5.4 Darwin/16.6.0 (x86_64)"
73.71.74.9 - - [17/Sep/2018:09:48:19 -0700] "GET / HTTP/1.1" 200 15893 "-" "Mozilla/5.0 (iPhone; CPU iPhone OS 10_0 like Mac OS X) AppleWebKit/602.1.38 (KHTML, like Gecko) Version/10.0 Mobile/14A300 Safari/602.1"
73.71.74.9 - - [17/Sep/2018:09:48:19 -0700] "GET /apple-touch-icon-precomposed.png HTTP/1.1" 404 230 "-" "Safari/12603.2.4 CFNetwork/811.5.4 Darwin/16.6.0 (x86_64)"
73.71.74.9 - - [17/Sep/2018:09:48:19 -0700] "GET /apple-touch-icon.png HTTP/1.1" 404 218 "-" "Safari/12603.2.4 CFNetwork/811.5.4 Darwin/16.6.0 (x86_64)"
73.71.74.9 - - [17/Sep/2018:09:48:19 -0700] "GET /favicon.ico HTTP/1.1" 404 209 "-" "Safari/12603.2.4 CFNetwork/811.5.4 Darwin/16.6.0 (x86_64)"
73.71.74.9 - - [17/Sep/2018:09:48:19 -0700] "GET /apple-touch-icon-precomposed.png HTTP/1.1" 404 230 "-" "Safari/12603.2.4 CFNetwork/811.5.4 Darwin/16.6.0 (x86_64)"
73.71.74.9 - - [17/Sep/2018:09:48:19 -0700] "GET /apple-touch-icon.png HTTP/1.1" 404 218 "-" "Safari/12603.2.4 CFNetwork/811.5.4 Darwin/16.6.0 (x86_64)"
73.71.74.9 - - [17/Sep/2018:09:48:19 -0700] "GET /favicon.ico HTTP/1.1" 404 209 "-" "Safari/12603.2.4 CFNetwork/811.5.4 Darwin/16.6.0 (x86_64)"
73.71.74.9 - - [17/Sep/2018:11:00:02 -0700] "GET / HTTP/1.1" 200 15893 "-" "Mozilla/5.0 (Macintosh; Intel Mac OS X 10_12_5) AppleWebKit/603.2.4 (KHTML, like Gecko)"
73.71.74.9 - - [17/Sep/2018:11:00:02 -0700] "GET /apple-touch-icon-precomposed.png HTTP/1.1" 404 230 "-" "Safari/12603.2.4 CFNetwork/811.5.4 Darwin/16.6.0 (x86_64)"
73.71.74.9 - - [17/Sep/2018:11:00:02 -0700] "GET /apple-touch-icon.png HTTP/1.1" 404 218 "-" "Safari/12603.2.4 CFNetwork/811.5.4 Darwin/16.6.0 (x86_64)"
73.71.74.9 - - [17/Sep/2018:11:00:02 -0700] "GET /favicon.ico HTTP/1.1" 404 209 "-" "Safari/12603.2.4 CFNetwork/811.5.4 Darwin/16.6.0 (x86_64)"
73.71.74.9 - - [17/Sep/2018:11:00:02 -0700] "GET /apple-touch-icon-precomposed.png HTTP/1.1" 404 230 "-" "Safari/12603.2.4 CFNetwork/811.5.4 Darwin/16.6.0 (x86_64)"
73.71.74.9 - - [17/Sep/2018:11:00:02 -0700] "GET /apple-touch-icon.png HTTP/1.1" 404 218 "-" "Safari/12603.2.4 CFNetwork/811.5.4 Darwin/16.6.0 (x86_64)"
73.71.74.9 - - [17/Sep/2018:11:00:02 -0700] "GET /favicon.ico HTTP/1.1" 404 209 "-" "Safari/12603.2.4 CFNetwork/811.5.4 Darwin/16.6.0 (x86_64)"
73.71.74.9 - - [17/Sep/2018:11:00:02 -0700] "GET / HTTP/1.1" 200 15893 "-" "Mozilla/5.0 (iPhone; CPU iPhone OS 10_0 like Mac OS X) AppleWebKit/602.1.38 (KHTML, like Gecko) Version/10.0 Mobile/14A300 Safari/602.1"
73.71.74.9 - - [17/Sep/2018:11:00:03 -0700] "GET /apple-touch-icon-precomposed.png HTTP/1.1" 404 230 "-" "Safari/12603.2.4 CFNetwork/811.5.4 Darwin/16.6.0 (x86_64)"
73.71.74.9 - - [17/Sep/2018:11:00:03 -0700] "GET /apple-touch-icon.png HTTP/1.1" 404 218 "-" "Safari/12603.2.4 CFNetwork/811.5.4 Darwin/16.6.0 (x86_64)"
73.71.74.9 - - [17/Sep/2018:11:00:03 -0700] "GET /favicon.ico HTTP/1.1" 404 209 "-" "Safari/12603.2.4 CFNetwork/811.5.4 Darwin/16.6.0 (x86_64)"
73.71.74.9 - - [17/Sep/2018:11:00:03 -0700] "GET /apple-touch-icon-precomposed.png HTTP/1.1" 404 230 "-" "Safari/12603.2.4 CFNetwork/811.5.4 Darwin/16.6.0 (x86_64)"
73.71.74.9 - - [17/Sep/2018:11:00:03 -0700] "GET /apple-touch-icon.png HTTP/1.1" 404 218 "-" "Safari/12603.2.4 CFNetwork/811.5.4 Darwin/16.6.0 (x86_64)"
73.71.74.9 - - [17/Sep/2018:11:00:03 -0700] "GET /favicon.ico HTTP/1.1" 404 209 "-" "Safari/12603.2.4 CFNetwork/811.5.4 Darwin/16.6.0 (x86_64)"
40.77.167.41 - - [17/Sep/2018:11:19:58 -0700] "GET / HTTP/1.1" 200 15893 "-" "Mozilla/5.0 (compatible; bingbot/2.0; +http://www.bing.com/bingbot.htm)"
176.8.89.62 - - [17/Sep/2018:12:03:03 -0700] "GET / HTTP/1.1" 200 72658 "https://aerodizain.com/" "Mozilla/4.0 (compatible; MSIE 6.0; Windows NT 5.1; Maxthon; .NET CLR 1.1.4322)"
176.8.89.62 - - [17/Sep/2018:12:03:05 -0700] "GET / HTTP/1.1" 200 72658 "https://aerodizain.com/" "Mozilla/4.0 (compatible; MSIE 6.0; Windows NT 5.1; Maxthon; .NET CLR 1.1.4322)"
104.244.74.78 - - [17/Sep/2018:12:32:19 -0700] "GET / HTTP/1.1" 200 15893 "-" "Mozilla/5.0 (Windows NT 10.0; Win64; x64) AppleWebKit/537.36 (KHTML, like Gecko) Chrome/67.0.3396.99 Safari/537.36"
87.118.92.43 - - [17/Sep/2018:12:33:01 -0700] "GET / HTTP/1.1" 200 15893 "-" "Mozilla/5.0 (Windows NT 10.0; Win64; x64) AppleWebKit/537.36 (KHTML, like Gecko) Chrome/67.0.3396.99 Safari/537.36"
31.204.80.133 - - [17/Sep/2018:14:53:26 -0700] "GET /user/register/ HTTP/1.1" 404 212 "-" "Mozilla/5.0 (Windows; U; Windows NT 5.1; de; rv:1.9) Gecko/2008052906 Firefox/3.0"
73.71.74.9 - - [17/Sep/2018:17:56:39 -0700] "GET / HTTP/1.1" 200 15893 "-" "Mozilla/5.0 (Macintosh; Intel Mac OS X 10_12_5) AppleWebKit/603.2.4 (KHTML, like Gecko)"
73.71.74.9 - - [17/Sep/2018:17:56:39 -0700] "GET /apple-touch-icon-precomposed.png HTTP/1.1" 404 230 "-" "Safari/12603.2.4 CFNetwork/811.5.4 Darwin/16.6.0 (x86_64)"
73.71.74.9 - - [17/Sep/2018:17:56:39 -0700] "GET /apple-touch-icon.png HTTP/1.1" 404 218 "-" "Safari/12603.2.4 CFNetwork/811.5.4 Darwin/16.6.0 (x86_64)"
73.71.74.9 - - [17/Sep/2018:17:56:39 -0700] "GET /favicon.ico HTTP/1.1" 404 209 "-" "Safari/12603.2.4 CFNetwork/811.5.4 Darwin/16.6.0 (x86_64)"
73.71.74.9 - - [17/Sep/2018:17:56:39 -0700] "GET /apple-touch-icon-precomposed.png HTTP/1.1" 404 230 "-" "Safari/12603.2.4 CFNetwork/811.5.4 Darwin/16.6.0 (x86_64)"
73.71.74.9 - - [17/Sep/2018:17:56:39 -0700] "GET /apple-touch-icon.png HTTP/1.1" 404 218 "-" "Safari/12603.2.4 CFNetwork/811.5.4 Darwin/16.6.0 (x86_64)"
73.71.74.9 - - [17/Sep/2018:17:56:39 -0700] "GET /favicon.ico HTTP/1.1" 404 209 "-" "Safari/12603.2.4 CFNetwork/811.5.4 Darwin/16.6.0 (x86_64)"
73.71.74.9 - - [17/Sep/2018:17:56:39 -0700] "GET / HTTP/1.1" 200 15893 "-" "Mozilla/5.0 (iPhone; CPU iPhone OS 10_0 like Mac OS X) AppleWebKit/602.1.38 (KHTML, like Gecko) Version/10.0 Mobile/14A300 Safari/602.1"
73.71.74.9 - - [17/Sep/2018:17:56:39 -0700] "GET /apple-touch-icon-precomposed.png HTTP/1.1" 404 230 "-" "Safari/12603.2.4 CFNetwork/811.5.4 Darwin/16.6.0 (x86_64)"
73.71.74.9 - - [17/Sep/2018:17:56:39 -0700] "GET /apple-touch-icon.png HTTP/1.1" 404 218 "-" "Safari/12603.2.4 CFNetwork/811.5.4 Darwin/16.6.0 (x86_64)"
73.71.74.9 - - [17/Sep/2018:17:56:39 -0700] "GET /favicon.ico HTTP/1.1" 404 209 "-" "Safari/12603.2.4 CFNetwork/811.5.4 Darwin/16.6.0 (x86_64)"
73.71.74.9 - - [17/Sep/2018:17:56:39 -0700] "GET /apple-touch-icon-precomposed.png HTTP/1.1" 404 230 "-" "Safari/12603.2.4 CFNetwork/811.5.4 Darwin/16.6.0 (x86_64)"
73.71.74.9 - - [17/Sep/2018:17:56:39 -0700] "GET /apple-touch-icon.png HTTP/1.1" 404 218 "-" "Safari/12603.2.4 CFNetwork/811.5.4 Darwin/16.6.0 (x86_64)"
73.71.74.9 - - [17/Sep/2018:17:56:39 -0700] "GET /favicon.ico HTTP/1.1" 404 209 "-" "Safari/12603.2.4 CFNetwork/811.5.4 Darwin/16.6.0 (x86_64)"
77.88.47.14 - - [17/Sep/2018:18:24:14 -0700] "GET /robots.txt HTTP/1.1" 404 208 "-" "Mozilla/5.0 (compatible; YandexBot/3.0; +http://yandex.com/bots)"
93.158.161.62 - - [17/Sep/2018:18:24:14 -0700] "GET /robots.txt HTTP/1.1" 404 208 "-" "Mozilla/5.0 (compatible; YandexBot/3.0; +http://yandex.com/bots)"
93.158.161.62 - - [17/Sep/2018:18:24:17 -0700] "GET / HTTP/1.1" 200 15893 "-" "Mozilla/5.0 (compatible; YandexBot/3.0; +http://yandex.com/bots)"
77.88.47.14 - - [17/Sep/2018:18:24:18 -0700] "GET / HTTP/1.1" 200 15893 "-" "Mozilla/5.0 (compatible; YandexBot/3.0; +http://yandex.com/bots)"
73.231.164.56 - - [17/Sep/2018:20:46:48 -0700] "GET /favicon.ico HTTP/1.1" 404 209 "-" "Mozilla/5.0 (iPad; CPU OS 11_4_1 like Mac OS X) AppleWebKit/605.1.15 (KHTML, like Gecko) FxiOS/13.2b11866 Mobile/15G77 Safari/605.1.15"
73.231.164.56 - - [17/Sep/2018:21:09:16 -0700] "GET /favicon.ico HTTP/1.1" 404 209 "-" "Mozilla/5.0 (iPad; CPU OS 11_4_1 like Mac OS X) AppleWebKit/605.1.15 (KHTML, like Gecko) FxiOS/13.2b11866 Mobile/15G77 Safari/605.1.15"
108.59.8.80 - - [17/Sep/2018:22:59:03 -0700] "GET /robots.txt HTTP/1.1" 404 208 "-" "Mozilla/5.0 (compatible; MJ12bot/v1.4.8; http://mj12bot.com/)"
108.59.8.80 - - [17/Sep/2018:22:59:05 -0700] "GET / HTTP/1.1" 200 72658 "-" "Mozilla/5.0 (compatible; MJ12bot/v1.4.8; http://mj12bot.com/)"
185.193.125.115 - - [18/Sep/2018:00:22:39 -0700] "GET / HTTP/1.1" 200 15893 "-" "Mozilla/5.0 (Windows NT 10.0; Win64; x64) AppleWebKit/537.36 (KHTML, like Gecko) Chrome/67.0.3396.99 Safari/537.36"
176.8.91.217 - - [18/Sep/2018:00:31:44 -0700] "GET / HTTP/1.1" 200 72658 "http://grafaman.ru/" "Mozilla/4.0 (compatible; MSIE 6.0; Windows NT 5.1; SV1)"
176.8.91.217 - - [18/Sep/2018:00:31:46 -0700] "GET / HTTP/1.1" 200 72658 "http://grafaman.ru/" "Mozilla/4.0 (compatible; MSIE 6.0; Windows NT 5.1; SV1)"
176.8.91.217 - - [18/Sep/2018:00:31:47 -0700] "GET / HTTP/1.1" 200 72658 "http://grafaman.ru/" "Mozilla/4.0 (compatible; MSIE 6.0; Windows NT 5.1; SV1)"
176.8.91.217 - - [18/Sep/2018:01:10:23 -0700] "GET / HTTP/1.1" 200 72658 "https://aerodizain.com/" "Mozilla/4.0 (compatible; MSIE 6.0; Windows NT 5.1; Maxthon; .NET CLR 1.1.4322)"
176.8.91.217 - - [18/Sep/2018:01:10:25 -0700] "GET / HTTP/1.1" 200 72658 "https://aerodizain.com/" "Mozilla/4.0 (compatible; MSIE 6.0; Windows NT 5.1; Maxthon; .NET CLR 1.1.4322)"
180.76.15.30 - - [18/Sep/2018:01:46:55 -0700] "GET / HTTP/1.1" 200 15893 "-" "Mozilla/5.0 (compatible; Baiduspider/2.0; +http://www.baidu.com/search/spider.html)"
46.119.115.162 - - [18/Sep/2018:02:08:17 -0700] "GET / HTTP/1.1" 200 72658 "https://pp-budpostach.com.ua/g835191-stoimost-gazobloka-gazobetona" "Mozilla/4.0 (compatible; MSIE 6.0; Windows NT 5.1; SV1; .NET CLR 1.1.4322)"
157.55.39.51 - - [18/Sep/2018:02:26:41 -0700] "GET /robots.txt HTTP/1.1" 404 208 "-" "Mozilla/5.0 (compatible; bingbot/2.0; +http://www.bing.com/bingbot.htm)"
40.77.167.41 - - [18/Sep/2018:02:26:45 -0700] "GET / HTTP/1.1" 200 15893 "-" "Mozilla/5.0 (compatible; bingbot/2.0; +http://www.bing.com/bingbot.htm)"
62.141.39.8 - - [18/Sep/2018:02:42:23 -0700] "GET / HTTP/1.1" 200 15893 "-" "Mozilla/5.0 (Windows NT 10.0; Win64; x64) AppleWebKit/537.36 (KHTML, like Gecko) Chrome/67.0.3396.99 Safari/537.36"
104.244.78.207 - - [18/Sep/2018:02:49:17 -0700] "GET / HTTP/1.1" 200 15893 "-" "Mozilla/5.0 (Windows NT 10.0; Win64; x64) AppleWebKit/537.36 (KHTML, like Gecko) Chrome/67.0.3396.99 Safari/537.36"
159.65.44.121 - - [18/Sep/2018:04:22:34 -0700] "GET / HTTP/1.1" 200 15893 "http://rndsquared.com" "Mozilla/5.0 (X11; Datanyze; Linux x86_64) AppleWebKit/537.36 (KHTML, like Gecko) Chrome/65.0.3325.181 Safari/537.36"
159.65.44.121 - - [18/Sep/2018:04:22:36 -0700] "GET /css/bootstrap.min.css HTTP/1.1" 200 63993 "-" "Mozilla/5.0 (X11; Datanyze; Linux x86_64) AppleWebKit/537.36 (KHTML, like Gecko) Chrome/65.0.3325.181 Safari/537.36"
159.65.44.121 - - [18/Sep/2018:04:22:38 -0700] "GET /js/lightbox.js HTTP/1.1" 200 15366 "-" "Mozilla/5.0 (X11; Datanyze; Linux x86_64) AppleWebKit/537.36 (KHTML, like Gecko) Chrome/65.0.3325.181 Safari/537.36"
159.65.44.121 - - [18/Sep/2018:04:22:38 -0700] "GET /css/lightbox.css HTTP/1.1" 200 3874 "-" "Mozilla/5.0 (X11; Datanyze; Linux x86_64) AppleWebKit/537.36 (KHTML, like Gecko) Chrome/65.0.3325.181 Safari/537.36"
159.65.44.121 - - [18/Sep/2018:04:22:38 -0700] "GET /css/styles.css HTTP/1.1" 200 7906 "-" "Mozilla/5.0 (X11; Datanyze; Linux x86_64) AppleWebKit/537.36 (KHTML, like Gecko) Chrome/65.0.3325.181 Safari/537.36"
159.65.44.121 - - [18/Sep/2018:04:22:38 -0700] "GET /js/modernizr.js HTTP/1.1" 200 14521 "-" "Mozilla/5.0 (X11; Datanyze; Linux x86_64) AppleWebKit/537.36 (KHTML, like Gecko) Chrome/65.0.3325.181 Safari/537.36"
159.65.44.121 - - [18/Sep/2018:04:22:38 -0700] "GET /js/scripts.js HTTP/1.1" 200 3179 "-" "Mozilla/5.0 (X11; Datanyze; Linux x86_64) AppleWebKit/537.36 (KHTML, like Gecko) Chrome/65.0.3325.181 Safari/537.36"
159.65.44.121 - - [18/Sep/2018:04:22:49 -0700] "GET /robots.txt HTTP/1.1" 404 208 "-" "Mozilla/5.0 (Windows NT 6.1; WOW64) AppleWebKit/537.36 (KHTML, like Gecko) Chrome/34.0.1847.131 Safari/537.36"
66.249.70.12 - - [18/Sep/2018:04:40:31 -0700] "GET /robots.txt HTTP/1.1" 404 208 "-" "Mozilla/5.0 (compatible; Googlebot/2.1; +http://www.google.com/bot.html)"
66.249.70.14 - - [18/Sep/2018:04:40:31 -0700] "GET /img/wu-wei/thumbs/4.jpg HTTP/1.1" 304 - "-" "Googlebot-Image/1.0"
66.249.70.12 - - [18/Sep/2018:04:50:51 -0700] "GET /img/bs4w/thumbs/7.jpg HTTP/1.1" 304 - "-" "Googlebot-Image/1.0"
66.249.70.10 - - [18/Sep/2018:05:01:02 -0700] "GET /img/urban-cowgirl/5.jpg HTTP/1.1" 304 - "-" "Googlebot-Image/1.0"
66.249.70.14 - - [18/Sep/2018:05:31:14 -0700] "GET /img/wu-wei/thumbs/10.jpg HTTP/1.1" 304 - "-" "Googlebot-Image/1.0"
66.249.64.142 - - [18/Sep/2018:06:20:59 -0700] "GET /img/mixman/thumbs/4.jpg HTTP/1.1" 304 - "-" "Googlebot-Image/1.0"
66.249.64.142 - - [18/Sep/2018:06:31:10 -0700] "GET /img/mixman/9.jpg HTTP/1.1" 304 - "-" "Googlebot-Image/1.0"
66.249.70.14 - - [18/Sep/2018:06:41:02 -0700] "GET /img/sfnoir/thumbs/3.jpg HTTP/1.1" 304 - "-" "Googlebot-Image/1.0"
66.249.70.10 - - [18/Sep/2018:06:51:02 -0700] "GET /img/urban-cowgirl/thumbs/5.jpg HTTP/1.1" 304 - "-" "Googlebot-Image/1.0"
66.249.70.12 - - [18/Sep/2018:07:01:16 -0700] "GET /img/mixman/thumbs/1.jpg HTTP/1.1" 304 - "-" "Googlebot-Image/1.0"
66.249.70.12 - - [18/Sep/2018:07:11:00 -0700] "GET /img/mixman/thumbs/6.jpg HTTP/1.1" 304 - "-" "Googlebot-Image/1.0"
180.76.15.32 - - [18/Sep/2018:07:30:32 -0700] "GET /js/modernizr.js HTTP/1.1" 200 5933 "-" "Mozilla/5.0 (compatible; Baiduspider/2.0; +http://www.baidu.com/search/spider.html)"
66.249.70.10 - - [18/Sep/2018:07:32:39 -0700] "GET /img/urban-cowgirl/thumbs/6.jpg HTTP/1.1" 304 - "-" "Googlebot-Image/1.0"
66.249.70.14 - - [18/Sep/2018:07:51:32 -0700] "GET /img/mixman/thumbs/3.jpg HTTP/1.1" 304 - "-" "Googlebot-Image/1.0"
209.17.96.2 - - [18/Sep/2018:08:20:24 -0700] "GET / HTTP/1.1" 200 72658 "-" "Mozilla/5.0 (compatible; Nimbostratus-Bot/v1.3.2; http://cloudsystemnetworks.com)"
66.249.70.14 - - [18/Sep/2018:08:21:41 -0700] "GET /img/autumn/thumbs/3.jpg HTTP/1.1" 304 - "-" "Googlebot-Image/1.0"
66.249.70.14 - - [18/Sep/2018:08:31:34 -0700] "GET /img/bs4w/thumbs/3.jpg HTTP/1.1" 304 - "-" "Googlebot-Image/1.0"
66.249.70.10 - - [18/Sep/2018:08:41:29 -0700] "GET /img/mixman/thumbs/13.jpg HTTP/1.1" 304 - "-" "Googlebot-Image/1.0"
66.249.70.12 - - [18/Sep/2018:08:51:39 -0700] "GET /img/njn/thumbs/4.jpg HTTP/1.1" 304 - "-" "Googlebot-Image/1.0"
66.249.70.10 - - [18/Sep/2018:09:01:44 -0700] "GET /img/njn/thumbs/2.jpg HTTP/1.1" 304 - "-" "Googlebot-Image/1.0"
66.249.70.20 - - [18/Sep/2018:09:10:03 -0700] "GET /robots.txt HTTP/1.1" 404 208 "-" "Mozilla/5.0 (compatible; Googlebot/2.1; +http://www.google.com/bot.html)"
66.249.70.16 - - [18/Sep/2018:09:10:03 -0700] "GET / HTTP/1.1" 200 15893 "-" "Mozilla/5.0 (compatible; Googlebot/2.1; +http://www.google.com/bot.html)"
73.231.164.56 - - [18/Sep/2018:09:19:46 -0700] "GET /favicon.ico HTTP/1.1" 404 209 "-" "Mozilla/5.0 (iPad; CPU OS 11_4_1 like Mac OS X) AppleWebKit/605.1.15 (KHTML, like Gecko) FxiOS/13.2b11866 Mobile/15G77 Safari/605.1.15"
171.25.193.78 - - [18/Sep/2018:09:37:16 -0700] "GET / HTTP/1.1" 200 15893 "-" "Mozilla/5.0 (Windows NT 10.0; Win64; x64) AppleWebKit/537.36 (KHTML, like Gecko) Chrome/67.0.3396.99 Safari/537.36"
66.249.70.12 - - [18/Sep/2018:09:52:09 -0700] "GET /img/mixman/thumbs/10.jpg HTTP/1.1" 304 - "-" "Googlebot-Image/1.0"
66.249.70.12 - - [18/Sep/2018:10:01:59 -0700] "GET /img/sfnoir/thumbs/7.jpg HTTP/1.1" 304 - "-" "Googlebot-Image/1.0"
66.249.70.12 - - [18/Sep/2018:10:12:05 -0700] "GET /img/oncekids-fujimini/3.jpg HTTP/1.1" 304 - "-" "Googlebot-Image/1.0"
66.249.70.14 - - [18/Sep/2018:10:12:07 -0700] "GET /img/oncekids-fujimini/3.jpg HTTP/1.1" 304 - "-" "Googlebot-Image/1.0"
66.249.70.10 - - [18/Sep/2018:10:22:11 -0700] "GET /img/autumn/thumbs/1.jpg HTTP/1.1" 304 - "-" "Googlebot-Image/1.0"
73.231.164.56 - - [18/Sep/2018:10:33:34 -0700] "GET /favicon.ico HTTP/1.1" 404 209 "-" "Mozilla/5.0 (iPad; CPU OS 11_4_1 like Mac OS X) AppleWebKit/605.1.15 (KHTML, like Gecko) FxiOS/13.2b11866 Mobile/15G77 Safari/605.1.15"
66.249.70.14 - - [18/Sep/2018:10:42:27 -0700] "GET /img/njn/thumbs/6.jpg HTTP/1.1" 304 - "-" "Googlebot-Image/1.0"
66.249.70.12 - - [18/Sep/2018:11:12:49 -0700] "GET /img/wu-wei/thumbs/3.jpg HTTP/1.1" 304 - "-" "Googlebot-Image/1.0"
88.191.165.35 - - [18/Sep/2018:11:15:10 -0700] "GET /img/autumn/thumbs/1.jpg HTTP/1.1" 200 24768 "https://www.google.fr/" "Mozilla/5.0 (Macintosh; Intel Mac OS X 10_10_5) AppleWebKit/603.3.8 (KHTML, like Gecko) Version/10.1.2 Safari/603.3.8"
66.249.70.14 - - [18/Sep/2018:11:22:50 -0700] "GET /img/sfnoir/thumbs/1.jpg HTTP/1.1" 304 - "-" "Googlebot-Image/1.0"
66.249.70.12 - - [18/Sep/2018:11:43:14 -0700] "GET /img/bs4w/thumbs/4.jpg HTTP/1.1" 304 - "-" "Googlebot-Image/1.0"
66.249.70.12 - - [18/Sep/2018:12:03:14 -0700] "GET /img/urban-cowgirl/thumbs/1.jpg HTTP/1.1" 304 - "-" "Googlebot-Image/1.0"
66.249.70.12 - - [18/Sep/2018:12:13:20 -0700] "GET /img/logo.png HTTP/1.1" 304 - "-" "Googlebot-Image/1.0"
73.231.164.56 - - [18/Sep/2018:12:21:18 -0700] "GET /favicon.ico HTTP/1.1" 404 209 "-" "Mozilla/5.0 (iPad; CPU OS 11_4_1 like Mac OS X) AppleWebKit/605.1.15 (KHTML, like Gecko) FxiOS/13.2b11866 Mobile/15G77 Safari/605.1.15"
195.176.3.24 - - [18/Sep/2018:12:45:46 -0700] "GET / HTTP/1.1" 200 15893 "-" "Mozilla/5.0 (Windows NT 10.0; Win64; x64) AppleWebKit/537.36 (KHTML, like Gecko) Chrome/67.0.3396.99 Safari/537.36"
66.249.70.14 - - [18/Sep/2018:12:54:18 -0700] "GET /img/mixman/6.jpg HTTP/1.1" 304 - "-" "Googlebot-Image/1.0"
66.249.70.10 - - [18/Sep/2018:13:03:20 -0700] "GET /img/wu-wei/thumbs/2.jpg HTTP/1.1" 304 - "-" "Googlebot-Image/1.0"
176.8.91.217 - - [18/Sep/2018:13:18:22 -0700] "GET / HTTP/1.1" 200 72658 "https://mega-polis.biz.ua/" "Mozilla/4.0 (compatible; MSIE 6.0; Windows NT 5.1; Crazy Browser 1.0.5)"
66.249.70.14 - - [18/Sep/2018:13:23:48 -0700] "GET /img/urban-cowgirl/thumbs/3.jpg HTTP/1.1" 304 - "-" "Googlebot-Image/1.0"
66.249.70.12 - - [18/Sep/2018:13:33:59 -0700] "GET /img/mixman/thumbs/15.jpg HTTP/1.1" 304 - "-" "Googlebot-Image/1.0"
176.8.89.62 - - [18/Sep/2018:13:39:27 -0700] "GET / HTTP/1.1" 200 72658 "http://poiskzakona.ru/" "Mozilla/4.0 (compatible; MSIE 6.0; Windows NT 5.1; SV1; .NET CLR 1.1.4322) Babya Discoverer  8.0:"
176.8.89.62 - - [18/Sep/2018:13:39:29 -0700] "GET / HTTP/1.1" 200 72658 "http://poiskzakona.ru/" "Mozilla/4.0 (compatible; MSIE 6.0; Windows NT 5.1; SV1; .NET CLR 1.1.4322) Babya Discoverer  8.0:"
66.249.70.14 - - [18/Sep/2018:13:43:58 -0700] "GET /img/njn/thumbs/8.jpg HTTP/1.1" 304 - "-" "Googlebot-Image/1.0"
66.249.70.10 - - [18/Sep/2018:13:54:10 -0700] "GET /img/wu-wei/thumbs/5.jpg HTTP/1.1" 304 - "-" "Googlebot-Image/1.0"
180.76.15.23 - - [18/Sep/2018:14:06:01 -0700] "GET / HTTP/1.1" 200 15893 "-" "Mozilla/5.0 (compatible; Baiduspider/2.0; +http://www.baidu.com/search/spider.html)"
66.249.70.10 - - [18/Sep/2018:14:15:02 -0700] "GET /img/oncekids-fujimini/thumbs/5.jpg HTTP/1.1" 304 - "-" "Googlebot-Image/1.0"
66.249.70.10 - - [18/Sep/2018:14:24:09 -0700] "GET /img/autumn/thumbs/5.jpg HTTP/1.1" 304 - "-" "Googlebot-Image/1.0"
93.158.161.62 - - [18/Sep/2018:14:27:54 -0700] "GET /robots.txt HTTP/1.1" 404 208 "-" "Mozilla/5.0 (compatible; YandexBot/3.0; +http://yandex.com/bots)"
77.88.47.14 - - [18/Sep/2018:14:27:55 -0700] "GET /robots.txt HTTP/1.1" 404 208 "-" "Mozilla/5.0 (compatible; YandexBot/3.0; +http://yandex.com/bots)"
93.158.161.62 - - [18/Sep/2018:14:27:58 -0700] "GET / HTTP/1.1" 200 15893 "-" "Mozilla/5.0 (compatible; YandexBot/3.0; +http://yandex.com/bots)"
93.158.161.62 - - [18/Sep/2018:14:27:59 -0700] "GET / HTTP/1.1" 200 15893 "-" "Mozilla/5.0 (compatible; YandexBot/3.0; +http://yandex.com/bots)"
66.249.70.10 - - [18/Sep/2018:14:34:11 -0700] "GET /img/autumn/thumbs/7.jpg HTTP/1.1" 304 - "-" "Googlebot-Image/1.0"
66.249.70.10 - - [18/Sep/2018:14:41:13 -0700] "GET /img/bs4w/thumbs/5.jpg HTTP/1.1" 304 - "-" "Googlebot-Image/1.0"
66.249.70.14 - - [18/Sep/2018:14:59:56 -0700] "GET /img/bs4w/thumbs/2.jpg HTTP/1.1" 304 - "-" "Googlebot-Image/1.0"
66.249.70.14 - - [18/Sep/2018:15:10:48 -0700] "GET /img/mixman/10.jpg HTTP/1.1" 304 - "-" "Googlebot-Image/1.0"
66.249.70.12 - - [18/Sep/2018:15:19:45 -0700] "GET /img/mixman/19.jpg HTTP/1.1" 304 - "-" "Googlebot-Image/1.0"
188.166.116.151 - - [18/Sep/2018:15:37:00 -0700] "GET / HTTP/1.1" 200 15893 "-" "Mozilla/4.0 (compatible; MSIE 7.0; Windows NT 6.1; WOW64; Trident/6.0;)"
66.249.70.14 - - [18/Sep/2018:15:40:35 -0700] "GET /img/mixman/thumbs/19.jpg HTTP/1.1" 304 - "-" "Googlebot-Image/1.0"
66.249.70.12 - - [18/Sep/2018:16:09:36 -0700] "GET /img/njn/thumbs/7.jpg HTTP/1.1" 304 - "-" "Googlebot-Image/1.0"
73.83.172.105 - - [18/Sep/2018:16:27:44 -0700] "GET /img/mixman/7.jpg HTTP/1.1" 200 107323 "https://www.google.com/" "Mozilla/5.0 (Windows NT 10.0; Win64; x64; rv:63.0) Gecko/20100101 Firefox/63.0"
66.249.70.12 - - [18/Sep/2018:16:29:45 -0700] "GET /img/oncekids-fujimini/1.jpg HTTP/1.1" 304 - "-" "Googlebot-Image/1.0"
64.246.165.150 - - [18/Sep/2018:16:38:29 -0700] "GET /robots.txt HTTP/1.0" 404 208 "-" "Mozilla/5.0 (Macintosh; Intel Mac OS X 10.10; rv:59.0) Gecko/20100101 Firefox/59.0"
64.246.165.150 - - [18/Sep/2018:16:38:29 -0700] "GET / HTTP/1.1" 200 15893 "-" "Mozilla/5.0 (Macintosh; Intel Mac OS X 10.10; rv:59.0) Gecko/20100101 Firefox/59.0"
66.249.70.14 - - [18/Sep/2018:16:39:34 -0700] "GET /img/oncekids-fujimini/thumbs/2.jpg HTTP/1.1" 304 - "-" "Googlebot-Image/1.0"
66.249.70.12 - - [18/Sep/2018:16:49:34 -0700] "GET /img/urban-cowgirl/thumbs/4.jpg HTTP/1.1" 304 - "-" "Googlebot-Image/1.0"
66.249.70.12 - - [18/Sep/2018:16:49:34 -0700] "GET /robots.txt HTTP/1.1" 404 208 "-" "Mozilla/5.0 (compatible; Googlebot/2.1; +http://www.google.com/bot.html)"
66.249.70.10 - - [18/Sep/2018:16:59:34 -0700] "GET /img/mixman/1.jpg HTTP/1.1" 304 - "-" "Googlebot-Image/1.0"
73.231.164.56 - - [18/Sep/2018:17:05:27 -0700] "GET /favicon.ico HTTP/1.1" 404 209 "-" "Mozilla/5.0 (iPad; CPU OS 11_4_1 like Mac OS X) AppleWebKit/605.1.15 (KHTML, like Gecko) FxiOS/13.2b11866 Mobile/15G77 Safari/605.1.15"
66.249.70.14 - - [18/Sep/2018:17:19:31 -0700] "GET /img/mixman/16.jpg HTTP/1.1" 304 - "-" "Googlebot-Image/1.0"
73.231.164.56 - - [18/Sep/2018:17:31:06 -0700] "GET /favicon.ico HTTP/1.1" 404 209 "-" "Mozilla/5.0 (iPad; CPU OS 11_4_1 like Mac OS X) AppleWebKit/605.1.15 (KHTML, like Gecko) FxiOS/13.2b11866 Mobile/15G77 Safari/605.1.15"
216.244.66.197 - - [18/Sep/2018:17:41:19 -0700] "GET /robots.txt HTTP/1.1" 404 208 "-" "Mozilla/5.0 (compatible; DotBot/1.1; http://www.opensiteexplorer.org/dotbot, help@moz.com)"
66.249.70.14 - - [18/Sep/2018:17:49:43 -0700] "GET /img/mixman/4.jpg HTTP/1.1" 304 - "-" "Googlebot-Image/1.0"
216.244.66.197 - - [18/Sep/2018:17:57:25 -0700] "GET /img/mixman/18.jpg HTTP/1.1" 200 75474 "-" "Mozilla/5.0 (compatible; DotBot/1.1; http://www.opensiteexplorer.org/dotbot, help@moz.com)"
66.249.70.12 - - [18/Sep/2018:17:59:51 -0700] "GET /img/mixman/thumbs/2.jpg HTTP/1.1" 304 - "-" "Googlebot-Image/1.0"
66.249.70.12 - - [18/Sep/2018:18:09:44 -0700] "GET /img/oncekids-fujimini/thumbs/6.jpg HTTP/1.1" 304 - "-" "Googlebot-Image/1.0"
66.249.70.12 - - [18/Sep/2018:18:20:01 -0700] "GET /img/oncekids-fujimini/thumbs/8.jpg HTTP/1.1" 304 - "-" "Googlebot-Image/1.0"
66.249.70.12 - - [18/Sep/2018:18:40:03 -0700] "GET /img/urban-cowgirl/4.jpg HTTP/1.1" 304 - "-" "Googlebot-Image/1.0"
66.249.70.14 - - [18/Sep/2018:18:50:06 -0700] "GET /img/oncekids-fujimini/2.jpg HTTP/1.1" 304 - "-" "Googlebot-Image/1.0"
73.231.164.56 - - [18/Sep/2018:18:51:59 -0700] "GET /favicon.ico HTTP/1.1" 404 209 "-" "Mozilla/5.0 (iPad; CPU OS 11_4_1 like Mac OS X) AppleWebKit/605.1.15 (KHTML, like Gecko) FxiOS/13.2b11866 Mobile/15G77 Safari/605.1.15"
66.249.70.14 - - [18/Sep/2018:19:10:21 -0700] "GET /img/autumn/thumbs/6.jpg HTTP/1.1" 304 - "-" "Googlebot-Image/1.0"
216.244.66.197 - - [18/Sep/2018:19:15:35 -0700] "GET /robots.txt HTTP/1.1" 404 208 "-" "Mozilla/5.0 (compatible; DotBot/1.1; http://www.opensiteexplorer.org/dotbot, help@moz.com)"
66.249.70.12 - - [18/Sep/2018:19:20:28 -0700] "GET /img/bs4w/thumbs/6.jpg HTTP/1.1" 304 - "-" "Googlebot-Image/1.0"
40.77.167.41 - - [18/Sep/2018:19:23:37 -0700] "GET / HTTP/1.1" 200 15893 "-" "Mozilla/5.0 (compatible; bingbot/2.0; +http://www.bing.com/bingbot.htm)"
216.244.66.197 - - [18/Sep/2018:19:28:43 -0700] "GET /img/mixman/3.jpg HTTP/1.1" 200 114734 "-" "Mozilla/5.0 (compatible; DotBot/1.1; http://www.opensiteexplorer.org/dotbot, help@moz.com)"
51.15.88.249 - - [18/Sep/2018:19:38:28 -0700] "GET / HTTP/1.1" 200 15893 "-" "Mozilla/5.0 (Windows NT 10.0; Win64; x64) AppleWebKit/537.36 (KHTML, like Gecko) Chrome/67.0.3396.99 Safari/537.36"
66.249.70.12 - - [18/Sep/2018:19:40:46 -0700] "GET /img/njn/thumbs/5.jpg HTTP/1.1" 304 - "-" "Googlebot-Image/1.0"
216.244.66.197 - - [18/Sep/2018:20:02:55 -0700] "GET /robots.txt HTTP/1.1" 404 208 "-" "Mozilla/5.0 (compatible; DotBot/1.1; http://www.opensiteexplorer.org/dotbot, help@moz.com)"
216.244.66.197 - - [18/Sep/2018:20:16:48 -0700] "GET /img/njn/7.jpg HTTP/1.1" 200 116420 "-" "Mozilla/5.0 (compatible; DotBot/1.1; http://www.opensiteexplorer.org/dotbot, help@moz.com)"
46.119.115.162 - - [18/Sep/2018:20:18:38 -0700] "GET / HTTP/1.1" 200 72658 "https://dverirespekt.ru/" "Mozilla/4.0 (compatible; MSIE 6.0; Windows NT 5.1; .NET CLR 1.1.4322; FDM)"
46.119.115.162 - - [18/Sep/2018:20:18:40 -0700] "GET / HTTP/1.1" 200 72658 "https://dverirespekt.ru/" "Mozilla/4.0 (compatible; MSIE 6.0; Windows NT 5.1; .NET CLR 1.1.4322; FDM)"
46.119.115.162 - - [18/Sep/2018:20:18:42 -0700] "GET / HTTP/1.1" 200 72658 "https://dverirespekt.ru/" "Mozilla/4.0 (compatible; MSIE 6.0; Windows NT 5.1; .NET CLR 1.1.4322; FDM)"
212.40.176.79 - - [18/Sep/2018:20:37:17 -0700] "POST /user/password?name[%23post_render][0]=printf&name[%23markup]=ABCZ%0A HTTP/1.1" 404 211 "-" "Python-urllib/2.7"
212.40.176.79 - - [18/Sep/2018:20:37:18 -0700] "POST /user/register?element_parents=account/mail/%23value&ajax_form=1&_wrapper_format=drupal_ajax HTTP/1.1" 404 211 "-" "Python-urllib/2.7"
66.249.70.10 - - [18/Sep/2018:20:52:50 -0700] "GET /img/oncekids-fujimini/thumbs/1.jpg HTTP/1.1" 304 - "-" "Googlebot-Image/1.0"
180.76.15.138 - - [18/Sep/2018:21:07:06 -0700] "GET /js/lightbox.js HTTP/1.1" 200 4210 "-" "Mozilla/5.0 (compatible; Baiduspider/2.0; +http://www.baidu.com/search/spider.html)"
66.249.70.14 - - [18/Sep/2018:21:31:01 -0700] "GET /img/mixman/7.jpg HTTP/1.1" 304 - "-" "Googlebot-Image/1.0"
216.244.66.197 - - [18/Sep/2018:21:37:53 -0700] "GET /robots.txt HTTP/1.1" 404 208 "-" "Mozilla/5.0 (compatible; DotBot/1.1; http://www.opensiteexplorer.org/dotbot, help@moz.com)"
66.249.70.10 - - [18/Sep/2018:21:50:16 -0700] "GET /img/mixman/thumbs/16.jpg HTTP/1.1" 304 - "-" "Googlebot-Image/1.0"
216.244.66.197 - - [18/Sep/2018:21:53:13 -0700] "GET /img/njn/3.jpg HTTP/1.1" 200 157605 "-" "Mozilla/5.0 (compatible; DotBot/1.1; http://www.opensiteexplorer.org/dotbot, help@moz.com)"
216.244.66.197 - - [18/Sep/2018:21:53:16 -0700] "GET /img/oncekids-fujimini/7.jpg HTTP/1.1" 200 153636 "-" "Mozilla/5.0 (compatible; DotBot/1.1; http://www.opensiteexplorer.org/dotbot, help@moz.com)"
66.249.70.14 - - [18/Sep/2018:22:10:37 -0700] "GET /img/oncekids-fujimini/5.jpg HTTP/1.1" 304 - "-" "Googlebot-Image/1.0"
69.30.213.202 - - [18/Sep/2018:22:44:29 -0700] "GET /robots.txt HTTP/1.1" 404 208 "-" "Mozilla/5.0 (compatible; MJ12bot/v1.4.8; http://mj12bot.com/)"
69.30.213.202 - - [18/Sep/2018:22:44:34 -0700] "GET / HTTP/1.1" 200 72658 "-" "Mozilla/5.0 (compatible; MJ12bot/v1.4.8; http://mj12bot.com/)"
46.119.115.162 - - [18/Sep/2018:22:50:50 -0700] "GET / HTTP/1.1" 200 72658 "https://detskiezabolevaniya.com/" "Mozilla/4.0 (compatible; MSIE 6.0; Windows NT 5.1; SV1; .NET CLR 1.1.4322; XMPP Tiscali Communicator v.10.0.2; .NET CLR 2.0.50727)"
46.119.115.162 - - [18/Sep/2018:22:50:52 -0700] "GET / HTTP/1.1" 200 72658 "https://detskiezabolevaniya.com/" "Mozilla/4.0 (compatible; MSIE 6.0; Windows NT 5.1; SV1; .NET CLR 1.1.4322; XMPP Tiscali Communicator v.10.0.2; .NET CLR 2.0.50727)"
46.119.115.162 - - [18/Sep/2018:22:50:54 -0700] "GET / HTTP/1.1" 200 72658 "https://detskiezabolevaniya.com/" "Mozilla/4.0 (compatible; MSIE 6.0; Windows NT 5.1; SV1; .NET CLR 1.1.4322; XMPP Tiscali Communicator v.10.0.2; .NET CLR 2.0.50727)"
