207.241.229.236 - - [22/Oct/2017:15:20:12 -0700] "GET /img/wu-wei/thumbs/7.jpg HTTP/1.0" 200 22901 "https://www.rndsquared.com/" "Mozilla/5.0 (compatible; archive.org_bot +http://www.archive.org/details/archive.org_bot)"
207.241.229.236 - - [22/Oct/2017:15:20:35 -0700] "GET /img/wu-wei/thumbs/10.jpg HTTP/1.0" 200 20185 "https://www.rndsquared.com/" "Mozilla/5.0 (compatible; archive.org_bot +http://www.archive.org/details/archive.org_bot)"
207.241.229.31 - - [22/Oct/2017:15:20:41 -0700] "GET /img/mixman/thumbs/16.jpg HTTP/1.0" 200 36852 "https://www.rndsquared.com/" "Mozilla/5.0 (compatible; archive.org_bot +http://www.archive.org/details/archive.org_bot)"
207.241.229.235 - - [22/Oct/2017:15:21:10 -0700] "GET /img/sfnoir/thumbs/6.jpg HTTP/1.0" 200 31401 "https://www.rndsquared.com/" "Mozilla/5.0 (compatible; archive.org_bot +http://www.archive.org/details/archive.org_bot)"
207.241.229.33 - - [22/Oct/2017:15:21:13 -0700] "GET /img/bs4w/thumbs/7.jpg HTTP/1.0" 200 23328 "https://www.rndsquared.com/" "Mozilla/5.0 (compatible; archive.org_bot +http://www.archive.org/details/archive.org_bot)"
207.241.231.170 - - [22/Oct/2017:15:21:24 -0700] "GET /js/lightbox.js HTTP/1.0" 200 15366 "https://www.rndsquared.com/" "Mozilla/5.0 (compatible; archive.org_bot +http://www.archive.org/details/archive.org_bot)"
207.241.229.33 - - [22/Oct/2017:15:22:03 -0700] "GET /img/wu-wei/thumbs/8.jpg HTTP/1.0" 200 26727 "https://www.rndsquared.com/" "Mozilla/5.0 (compatible; archive.org_bot +http://www.archive.org/details/archive.org_bot)"
207.241.229.32 - - [22/Oct/2017:15:22:26 -0700] "GET /img/njn/thumbs/5.jpg HTTP/1.0" 200 27963 "https://www.rndsquared.com/" "Mozilla/5.0 (compatible; archive.org_bot +http://www.archive.org/details/archive.org_bot)"
207.241.229.31 - - [22/Oct/2017:15:23:15 -0700] "GET /img/bs4w/thumbs/8.jpg HTTP/1.0" 200 22657 "https://www.rndsquared.com/" "Mozilla/5.0 (compatible; archive.org_bot +http://www.archive.org/details/archive.org_bot)"
207.241.231.165 - - [22/Oct/2017:15:23:24 -0700] "GET /img/mixman/thumbs/11.jpg HTTP/1.0" 200 32588 "https://www.rndsquared.com/" "Mozilla/5.0 (compatible; archive.org_bot +http://www.archive.org/details/archive.org_bot)"
207.241.229.33 - - [22/Oct/2017:15:23:33 -0700] "GET /img/sfnoir/thumbs/9.jpg HTTP/1.0" 200 20844 "https://www.rndsquared.com/" "Mozilla/5.0 (compatible; archive.org_bot +http://www.archive.org/details/archive.org_bot)"
207.241.229.33 - - [22/Oct/2017:15:23:46 -0700] "GET /img/mixman/thumbs/19.jpg HTTP/1.0" 200 22007 "https://www.rndsquared.com/" "Mozilla/5.0 (compatible; archive.org_bot +http://www.archive.org/details/archive.org_bot)"
207.241.229.31 - - [22/Oct/2017:15:23:50 -0700] "GET /img/sfnoir/thumbs/1.jpg HTTP/1.0" 200 25215 "https://www.rndsquared.com/" "Mozilla/5.0 (compatible; archive.org_bot +http://www.archive.org/details/archive.org_bot)"
207.241.229.32 - - [22/Oct/2017:15:24:58 -0700] "GET /img/oncekids-fujimini/thumbs/4.jpg HTTP/1.0" 200 39689 "https://www.rndsquared.com/" "Mozilla/5.0 (compatible; archive.org_bot +http://www.archive.org/details/archive.org_bot)"
207.241.229.236 - - [22/Oct/2017:15:25:29 -0700] "GET /img/autumn/thumbs/6.jpg HTTP/1.0" 200 30923 "https://www.rndsquared.com/" "Mozilla/5.0 (compatible; archive.org_bot +http://www.archive.org/details/archive.org_bot)"
207.241.229.236 - - [22/Oct/2017:15:25:34 -0700] "GET /img/urban-cowgirl/thumbs/3.jpg HTTP/1.0" 200 25487 "https://www.rndsquared.com/" "Mozilla/5.0 (compatible; archive.org_bot +http://www.archive.org/details/archive.org_bot)"
207.241.229.236 - - [22/Oct/2017:15:26:01 -0700] "GET /img/mixman/thumbs/5.jpg HTTP/1.0" 200 23498 "https://www.rndsquared.com/" "Mozilla/5.0 (compatible; archive.org_bot +http://www.archive.org/details/archive.org_bot)"
207.241.229.236 - - [22/Oct/2017:15:26:29 -0700] "GET /img/bs4w/thumbs/6.jpg HTTP/1.0" 200 12384 "https://www.rndsquared.com/" "Mozilla/5.0 (compatible; archive.org_bot +http://www.archive.org/details/archive.org_bot)"
207.241.231.164 - - [22/Oct/2017:15:26:55 -0700] "GET /img/sfnoir/thumbs/7.jpg HTTP/1.0" 200 33692 "https://www.rndsquared.com/" "Mozilla/5.0 (compatible; archive.org_bot +http://www.archive.org/details/archive.org_bot)"
207.241.231.164 - - [22/Oct/2017:15:26:58 -0700] "GET /img/mixman/thumbs/17.jpg HTTP/1.0" 200 16331 "https://www.rndsquared.com/" "Mozilla/5.0 (compatible; archive.org_bot +http://www.archive.org/details/archive.org_bot)"
207.241.229.33 - - [22/Oct/2017:15:27:38 -0700] "GET /img/wu-wei/thumbs/6.jpg HTTP/1.0" 200 21768 "https://www.rndsquared.com/" "Mozilla/5.0 (compatible; archive.org_bot +http://www.archive.org/details/archive.org_bot)"
207.241.229.32 - - [22/Oct/2017:15:28:17 -0700] "GET /img/njn/thumbs/3.jpg HTTP/1.0" 200 33267 "https://www.rndsquared.com/" "Mozilla/5.0 (compatible; archive.org_bot +http://www.archive.org/details/archive.org_bot)"
207.241.231.164 - - [22/Oct/2017:15:28:26 -0700] "GET /img/urban-cowgirl/thumbs/5.jpg HTTP/1.0" 200 26913 "https://www.rndsquared.com/" "Mozilla/5.0 (compatible; archive.org_bot +http://www.archive.org/details/archive.org_bot)"
207.241.231.165 - - [22/Oct/2017:15:28:44 -0700] "GET /img/autumn/thumbs/8.jpg HTTP/1.0" 200 20283 "https://www.rndsquared.com/" "Mozilla/5.0 (compatible; archive.org_bot +http://www.archive.org/details/archive.org_bot)"
207.241.229.32 - - [22/Oct/2017:15:28:57 -0700] "GET /img/mixman/thumbs/3.jpg HTTP/1.0" 200 32138 "https://www.rndsquared.com/" "Mozilla/5.0 (compatible; archive.org_bot +http://www.archive.org/details/archive.org_bot)"
207.241.229.33 - - [22/Oct/2017:15:30:02 -0700] "GET /img/oncekids-fujimini/thumbs/2.jpg HTTP/1.0" 200 36054 "https://www.rndsquared.com/" "Mozilla/5.0 (compatible; archive.org_bot +http://www.archive.org/details/archive.org_bot)"
207.241.229.31 - - [22/Oct/2017:15:30:35 -0700] "GET /img/mixman/thumbs/4.jpg HTTP/1.0" 200 35783 "https://www.rndsquared.com/" "Mozilla/5.0 (compatible; archive.org_bot +http://www.archive.org/details/archive.org_bot)"
207.241.229.33 - - [22/Oct/2017:15:31:11 -0700] "GET /img/autumn/thumbs/7.jpg HTTP/1.0" 200 25117 "https://www.rndsquared.com/" "Mozilla/5.0 (compatible; archive.org_bot +http://www.archive.org/details/archive.org_bot)"
207.241.229.32 - - [22/Oct/2017:15:31:16 -0700] "GET /img/urban-cowgirl/thumbs/2.jpg HTTP/1.0" 200 24103 "https://www.rndsquared.com/" "Mozilla/5.0 (compatible; archive.org_bot +http://www.archive.org/details/archive.org_bot)"
207.241.231.164 - - [22/Oct/2017:15:31:50 -0700] "GET /img/oncekids-fujimini/thumbs/5.jpg HTTP/1.0" 200 26202 "https://www.rndsquared.com/" "Mozilla/5.0 (compatible; archive.org_bot +http://www.archive.org/details/archive.org_bot)"
207.241.229.32 - - [22/Oct/2017:15:32:55 -0700] "GET /img/mixman/thumbs/18.jpg HTTP/1.0" 200 20196 "https://www.rndsquared.com/" "Mozilla/5.0 (compatible; archive.org_bot +http://www.archive.org/details/archive.org_bot)"
207.241.229.235 - - [22/Oct/2017:15:33:13 -0700] "GET /img/mixman/thumbs/10.jpg HTTP/1.0" 200 31032 "https://www.rndsquared.com/" "Mozilla/5.0 (compatible; archive.org_bot +http://www.archive.org/details/archive.org_bot)"
207.241.229.31 - - [22/Oct/2017:15:33:18 -0700] "GET /img/sfnoir/thumbs/8.jpg HTTP/1.0" 200 32404 "https://www.rndsquared.com/" "Mozilla/5.0 (compatible; archive.org_bot +http://www.archive.org/details/archive.org_bot)"
207.241.229.32 - - [22/Oct/2017:15:33:51 -0700] "GET /img/bs4w/thumbs/1.jpg HTTP/1.0" 200 14712 "https://www.rndsquared.com/" "Mozilla/5.0 (compatible; archive.org_bot +http://www.archive.org/details/archive.org_bot)"
207.241.231.165 - - [22/Oct/2017:15:34:31 -0700] "GET /img/njn/thumbs/4.jpg HTTP/1.0" 200 32206 "https://www.rndsquared.com/" "Mozilla/5.0 (compatible; archive.org_bot +http://www.archive.org/details/archive.org_bot)"
207.241.231.165 - - [22/Oct/2017:15:34:41 -0700] "GET /img/wu-wei/thumbs/9.jpg HTTP/1.0" 200 35525 "https://www.rndsquared.com/" "Mozilla/5.0 (compatible; archive.org_bot +http://www.archive.org/details/archive.org_bot)"
207.241.229.31 - - [22/Oct/2017:15:35:04 -0700] "GET /img/wu-wei/thumbs/1.jpg HTTP/1.0" 200 35144 "https://www.rndsquared.com/" "Mozilla/5.0 (compatible; archive.org_bot +http://www.archive.org/details/archive.org_bot)"
66.249.66.158 - - [22/Oct/2017:15:40:39 -0700] "GET /img/autumn/thumbs/4.jpg HTTP/1.1" 304 - "-" "Googlebot-Image/1.0"
66.249.66.129 - - [22/Oct/2017:15:45:07 -0700] "GET /robots.txt HTTP/1.1" 404 208 "-" "Mozilla/5.0 (compatible; Googlebot/2.1; +http://www.google.com/bot.html)"
207.46.13.114 - - [22/Oct/2017:16:03:16 -0700] "GET / HTTP/1.1" 301 235 "-" "Mozilla/5.0 (compatible; bingbot/2.0; +http://www.bing.com/bingbot.htm)"
66.249.66.159 - - [22/Oct/2017:16:49:50 -0700] "GET /img/urban-cowgirl/thumbs/3.jpg HTTP/1.1" 200 25487 "-" "Googlebot-Image/1.0"
199.58.86.209 - - [22/Oct/2017:17:06:20 -0700] "GET /robots.txt HTTP/1.1" 404 208 "-" "Mozilla/5.0 (compatible; MJ12bot/v1.4.8; http://mj12bot.com/)"
199.58.86.209 - - [22/Oct/2017:17:06:23 -0700] "GET / HTTP/1.1" 200 72657 "-" "Mozilla/5.0 (compatible; MJ12bot/v1.4.8; http://mj12bot.com/)"
199.58.86.209 - - [22/Oct/2017:17:06:24 -0700] "GET /robots.txt HTTP/1.1" 404 208 "-" "Mozilla/5.0 (compatible; MJ12bot/v1.4.8; http://mj12bot.com/)"
199.58.86.209 - - [22/Oct/2017:17:06:28 -0700] "GET / HTTP/1.1" 200 72657 "-" "Mozilla/5.0 (compatible; MJ12bot/v1.4.8; http://mj12bot.com/)"
66.249.66.158 - - [22/Oct/2017:18:02:26 -0700] "GET /img/autumn/thumbs/8.jpg HTTP/1.1" 304 - "-" "Googlebot-Image/1.0"
46.229.164.102 - - [22/Oct/2017:18:20:58 -0700] "GET /robots.txt HTTP/1.1" 404 208 "-" "Mozilla/5.0 (compatible; SemrushBot/1.2~bl; +http://www.semrush.com/bot.html)"
157.55.39.144 - - [22/Oct/2017:18:38:36 -0700] "GET /robots.txt HTTP/1.1" 404 208 "-" "Mozilla/5.0 (compatible; bingbot/2.0; +http://www.bing.com/bingbot.htm)"
216.244.66.233 - - [22/Oct/2017:18:41:42 -0700] "GET /robots.txt HTTP/1.1" 404 208 "-" "Mozilla/5.0 (compatible; DotBot/1.1; http://www.opensiteexplorer.org/dotbot, help@moz.com)"
216.244.66.233 - - [22/Oct/2017:19:05:36 -0700] "GET /robots.txt HTTP/1.1" 404 208 "-" "Mozilla/5.0 (compatible; DotBot/1.1; http://www.opensiteexplorer.org/dotbot, help@moz.com)"
66.249.66.158 - - [22/Oct/2017:19:21:08 -0700] "GET /img/njn/thumbs/3.jpg HTTP/1.1" 200 33267 "-" "Googlebot-Image/1.0"
178.255.87.242 - - [22/Oct/2017:19:53:53 -0700] "HEAD /robots.txt HTTP/1.1" 301 - "-" "COMODO SSL Checker"
216.244.66.233 - - [22/Oct/2017:20:16:52 -0700] "GET /robots.txt HTTP/1.1" 404 208 "-" "Mozilla/5.0 (compatible; DotBot/1.1; http://www.opensiteexplorer.org/dotbot, help@moz.com)"
151.80.31.151 - - [22/Oct/2017:20:30:32 -0700] "GET /robots.txt HTTP/1.1" 404 208 "-" "Mozilla/5.0 (compatible; AhrefsBot/5.2; +http://ahrefs.com/robot/)"
66.249.66.129 - - [22/Oct/2017:20:40:17 -0700] "GET /img/bs4w/thumbs/3.jpg HTTP/1.1" 200 21431 "-" "Googlebot-Image/1.0"
216.244.66.233 - - [22/Oct/2017:20:55:33 -0700] "GET /robots.txt HTTP/1.1" 404 208 "-" "Mozilla/5.0 (compatible; DotBot/1.1; http://www.opensiteexplorer.org/dotbot, help@moz.com)"
66.249.66.158 - - [22/Oct/2017:21:30:25 -0700] "GET /img/oncekids-fujimini/thumbs/2.jpg HTTP/1.1" 200 36054 "-" "Googlebot-Image/1.0"
66.249.66.158 - - [22/Oct/2017:21:46:53 -0700] "GET /img/autumn/thumbs/6.jpg HTTP/1.1" 200 30923 "-" "Googlebot-Image/1.0"
77.75.77.62 - - [22/Oct/2017:22:07:58 -0700] "GET /img/mixman/1.jpg HTTP/1.1" 304 - "-" "Mozilla/5.0 (compatible; SeznamBot/3.2; +http://napoveda.seznam.cz/en/seznambot-intro/)"
66.249.66.159 - - [22/Oct/2017:22:20:08 -0700] "GET /img/wu-wei/thumbs/2.jpg HTTP/1.1" 200 21193 "-" "Googlebot-Image/1.0"
66.249.66.129 - - [22/Oct/2017:22:53:49 -0700] "GET /img/urban-cowgirl/thumbs/6.jpg HTTP/1.1" 304 - "-" "Googlebot-Image/1.0"
66.249.66.159 - - [22/Oct/2017:23:28:07 -0700] "GET /robots.txt HTTP/1.1" 404 208 "-" "Mozilla/5.0 (compatible; Googlebot/2.1; +http://www.google.com/bot.html)"
66.249.66.129 - - [22/Oct/2017:23:28:07 -0700] "GET /img/oncekids-fujimini/thumbs/7.jpg HTTP/1.1" 304 - "-" "Googlebot-Image/1.0"
66.249.66.158 - - [23/Oct/2017:00:03:01 -0700] "GET /img/bs4w/thumbs/4.jpg HTTP/1.1" 304 - "-" "Googlebot-Image/1.0"
77.75.79.95 - - [23/Oct/2017:00:32:49 -0700] "GET /robots.txt HTTP/1.1" 404 208 "-" "Mozilla/5.0 (compatible; SeznamBot/3.2; +http://napoveda.seznam.cz/en/seznambot-intro/)"
77.75.79.95 - - [23/Oct/2017:00:32:54 -0700] "GET /img/mixman/6.jpg HTTP/1.1" 304 - "-" "Mozilla/5.0 (compatible; SeznamBot/3.2; +http://napoveda.seznam.cz/en/seznambot-intro/)"
66.249.66.158 - - [23/Oct/2017:00:38:46 -0700] "GET /img/wu-wei/thumbs/7.jpg HTTP/1.1" 304 - "-" "Googlebot-Image/1.0"
5.9.89.170 - - [23/Oct/2017:00:42:21 -0700] "GET /robots.txt HTTP/1.1" 404 208 "-" "Mozilla/5.0 (compatible; MJ12bot/v1.4.7; http://mj12bot.com/)"
5.9.89.170 - - [23/Oct/2017:00:42:24 -0700] "GET /img/autumn/1.jpg HTTP/1.1" 200 290161 "-" "Mozilla/5.0 (compatible; MJ12bot/v1.4.7; http://mj12bot.com/)"
5.9.89.170 - - [23/Oct/2017:00:42:26 -0700] "GET /img/autumn/2.jpg HTTP/1.1" 200 292159 "-" "Mozilla/5.0 (compatible; MJ12bot/v1.4.7; http://mj12bot.com/)"
5.9.89.170 - - [23/Oct/2017:00:42:28 -0700] "GET /img/autumn/3.jpg HTTP/1.1" 200 506599 "-" "Mozilla/5.0 (compatible; MJ12bot/v1.4.7; http://mj12bot.com/)"
5.9.89.170 - - [23/Oct/2017:00:42:30 -0700] "GET /img/autumn/4.jpg HTTP/1.1" 200 166546 "-" "Mozilla/5.0 (compatible; MJ12bot/v1.4.7; http://mj12bot.com/)"
5.9.89.170 - - [23/Oct/2017:00:42:32 -0700] "GET /img/autumn/5.jpg HTTP/1.1" 200 180877 "-" "Mozilla/5.0 (compatible; MJ12bot/v1.4.7; http://mj12bot.com/)"
5.9.89.170 - - [23/Oct/2017:00:42:35 -0700] "GET /img/autumn/6.jpg HTTP/1.1" 200 149484 "-" "Mozilla/5.0 (compatible; MJ12bot/v1.4.7; http://mj12bot.com/)"
5.9.89.170 - - [23/Oct/2017:00:42:37 -0700] "GET /img/autumn/7.jpg HTTP/1.1" 200 236722 "-" "Mozilla/5.0 (compatible; MJ12bot/v1.4.7; http://mj12bot.com/)"
5.9.89.170 - - [23/Oct/2017:00:42:39 -0700] "GET /img/autumn/8.jpg HTTP/1.1" 200 100218 "-" "Mozilla/5.0 (compatible; MJ12bot/v1.4.7; http://mj12bot.com/)"
5.9.89.170 - - [23/Oct/2017:00:42:41 -0700] "GET /img/bs4w/1.jpg HTTP/1.1" 200 61424 "-" "Mozilla/5.0 (compatible; MJ12bot/v1.4.7; http://mj12bot.com/)"
5.9.89.170 - - [23/Oct/2017:00:42:43 -0700] "GET /img/bs4w/2.jpg HTTP/1.1" 200 116129 "-" "Mozilla/5.0 (compatible; MJ12bot/v1.4.7; http://mj12bot.com/)"
5.9.89.170 - - [23/Oct/2017:00:42:45 -0700] "GET /img/bs4w/3.jpg HTTP/1.1" 200 74030 "-" "Mozilla/5.0 (compatible; MJ12bot/v1.4.7; http://mj12bot.com/)"
5.9.89.170 - - [23/Oct/2017:00:42:47 -0700] "GET /img/bs4w/4.jpg HTTP/1.1" 200 93892 "-" "Mozilla/5.0 (compatible; MJ12bot/v1.4.7; http://mj12bot.com/)"
5.9.89.170 - - [23/Oct/2017:00:42:50 -0700] "GET /img/bs4w/5.jpg HTTP/1.1" 200 42135 "-" "Mozilla/5.0 (compatible; MJ12bot/v1.4.7; http://mj12bot.com/)"
5.9.89.170 - - [23/Oct/2017:00:42:52 -0700] "GET /img/bs4w/6.jpg HTTP/1.1" 200 42274 "-" "Mozilla/5.0 (compatible; MJ12bot/v1.4.7; http://mj12bot.com/)"
5.9.89.170 - - [23/Oct/2017:00:42:54 -0700] "GET /img/bs4w/7.jpg HTTP/1.1" 200 80775 "-" "Mozilla/5.0 (compatible; MJ12bot/v1.4.7; http://mj12bot.com/)"
5.9.89.170 - - [23/Oct/2017:00:42:56 -0700] "GET /img/bs4w/8.jpg HTTP/1.1" 200 67708 "-" "Mozilla/5.0 (compatible; MJ12bot/v1.4.7; http://mj12bot.com/)"
5.9.89.170 - - [23/Oct/2017:00:42:59 -0700] "GET /img/mixman/1.jpg HTTP/1.1" 200 146374 "-" "Mozilla/5.0 (compatible; MJ12bot/v1.4.7; http://mj12bot.com/)"
5.9.89.170 - - [23/Oct/2017:00:43:02 -0700] "GET /img/mixman/10.jpg HTTP/1.1" 200 114974 "-" "Mozilla/5.0 (compatible; MJ12bot/v1.4.7; http://mj12bot.com/)"
5.9.89.170 - - [23/Oct/2017:00:43:04 -0700] "GET /img/mixman/11.jpg HTTP/1.1" 200 114722 "-" "Mozilla/5.0 (compatible; MJ12bot/v1.4.7; http://mj12bot.com/)"
5.9.89.170 - - [23/Oct/2017:00:43:06 -0700] "GET /img/mixman/13.jpg HTTP/1.1" 200 106423 "-" "Mozilla/5.0 (compatible; MJ12bot/v1.4.7; http://mj12bot.com/)"
5.9.89.170 - - [23/Oct/2017:00:43:09 -0700] "GET /img/mixman/15.jpg HTTP/1.1" 200 115845 "-" "Mozilla/5.0 (compatible; MJ12bot/v1.4.7; http://mj12bot.com/)"
5.9.89.170 - - [23/Oct/2017:00:43:11 -0700] "GET /img/mixman/16.jpg HTTP/1.1" 200 113328 "-" "Mozilla/5.0 (compatible; MJ12bot/v1.4.7; http://mj12bot.com/)"
5.9.89.170 - - [23/Oct/2017:00:43:13 -0700] "GET /img/mixman/17.jpg HTTP/1.1" 200 60460 "-" "Mozilla/5.0 (compatible; MJ12bot/v1.4.7; http://mj12bot.com/)"
5.9.89.170 - - [23/Oct/2017:00:43:15 -0700] "GET /img/mixman/18.jpg HTTP/1.1" 200 75474 "-" "Mozilla/5.0 (compatible; MJ12bot/v1.4.7; http://mj12bot.com/)"
5.9.89.170 - - [23/Oct/2017:00:43:17 -0700] "GET /img/mixman/19.jpg HTTP/1.1" 200 81276 "-" "Mozilla/5.0 (compatible; MJ12bot/v1.4.7; http://mj12bot.com/)"
5.9.89.170 - - [23/Oct/2017:00:43:19 -0700] "GET /img/mixman/2.jpg HTTP/1.1" 200 80932 "-" "Mozilla/5.0 (compatible; MJ12bot/v1.4.7; http://mj12bot.com/)"
5.9.89.170 - - [23/Oct/2017:00:43:21 -0700] "GET /img/mixman/3.jpg HTTP/1.1" 200 114734 "-" "Mozilla/5.0 (compatible; MJ12bot/v1.4.7; http://mj12bot.com/)"
5.9.89.170 - - [23/Oct/2017:00:43:24 -0700] "GET /img/mixman/4.jpg HTTP/1.1" 200 135099 "-" "Mozilla/5.0 (compatible; MJ12bot/v1.4.7; http://mj12bot.com/)"
5.9.89.170 - - [23/Oct/2017:00:43:26 -0700] "GET /img/mixman/5.jpg HTTP/1.1" 200 86490 "-" "Mozilla/5.0 (compatible; MJ12bot/v1.4.7; http://mj12bot.com/)"
5.9.89.170 - - [23/Oct/2017:00:43:28 -0700] "GET /img/mixman/6.jpg HTTP/1.1" 200 105501 "-" "Mozilla/5.0 (compatible; MJ12bot/v1.4.7; http://mj12bot.com/)"
5.9.89.170 - - [23/Oct/2017:00:43:30 -0700] "GET /img/mixman/7.jpg HTTP/1.1" 200 107323 "-" "Mozilla/5.0 (compatible; MJ12bot/v1.4.7; http://mj12bot.com/)"
5.9.89.170 - - [23/Oct/2017:00:43:32 -0700] "GET /img/mixman/9.jpg HTTP/1.1" 200 141085 "-" "Mozilla/5.0 (compatible; MJ12bot/v1.4.7; http://mj12bot.com/)"
5.9.89.170 - - [23/Oct/2017:00:43:34 -0700] "GET /img/njn/1.jpg HTTP/1.1" 200 88793 "-" "Mozilla/5.0 (compatible; MJ12bot/v1.4.7; http://mj12bot.com/)"
5.9.89.170 - - [23/Oct/2017:00:43:36 -0700] "GET /img/njn/2.jpg HTTP/1.1" 200 103550 "-" "Mozilla/5.0 (compatible; MJ12bot/v1.4.7; http://mj12bot.com/)"
5.9.89.170 - - [23/Oct/2017:00:43:38 -0700] "GET /img/njn/3.jpg HTTP/1.1" 200 157605 "-" "Mozilla/5.0 (compatible; MJ12bot/v1.4.7; http://mj12bot.com/)"
5.9.89.170 - - [23/Oct/2017:00:43:40 -0700] "GET /img/njn/4.jpg HTTP/1.1" 200 151484 "-" "Mozilla/5.0 (compatible; MJ12bot/v1.4.7; http://mj12bot.com/)"
5.9.89.170 - - [23/Oct/2017:00:43:43 -0700] "GET /img/njn/5.jpg HTTP/1.1" 200 117364 "-" "Mozilla/5.0 (compatible; MJ12bot/v1.4.7; http://mj12bot.com/)"
5.9.89.170 - - [23/Oct/2017:00:43:47 -0700] "GET /img/njn/6.jpg HTTP/1.1" 200 125438 "-" "Mozilla/5.0 (compatible; MJ12bot/v1.4.7; http://mj12bot.com/)"
5.9.89.170 - - [23/Oct/2017:00:43:49 -0700] "GET /img/njn/7.jpg HTTP/1.1" 200 116420 "-" "Mozilla/5.0 (compatible; MJ12bot/v1.4.7; http://mj12bot.com/)"
5.9.89.170 - - [23/Oct/2017:00:43:51 -0700] "GET /img/njn/8.jpg HTTP/1.1" 200 124240 "-" "Mozilla/5.0 (compatible; MJ12bot/v1.4.7; http://mj12bot.com/)"
5.9.89.170 - - [23/Oct/2017:00:43:53 -0700] "GET /img/oncekids-fujimini/1.jpg HTTP/1.1" 200 109257 "-" "Mozilla/5.0 (compatible; MJ12bot/v1.4.7; http://mj12bot.com/)"
5.9.89.170 - - [23/Oct/2017:00:43:55 -0700] "GET /img/oncekids-fujimini/2.jpg HTTP/1.1" 200 99983 "-" "Mozilla/5.0 (compatible; MJ12bot/v1.4.7; http://mj12bot.com/)"
5.9.89.170 - - [23/Oct/2017:00:43:57 -0700] "GET /img/oncekids-fujimini/3.jpg HTTP/1.1" 200 143020 "-" "Mozilla/5.0 (compatible; MJ12bot/v1.4.7; http://mj12bot.com/)"
5.9.89.170 - - [23/Oct/2017:00:43:59 -0700] "GET /img/oncekids-fujimini/4.jpg HTTP/1.1" 200 111945 "-" "Mozilla/5.0 (compatible; MJ12bot/v1.4.7; http://mj12bot.com/)"
5.9.89.170 - - [23/Oct/2017:00:44:01 -0700] "GET /img/oncekids-fujimini/5.jpg HTTP/1.1" 200 76459 "-" "Mozilla/5.0 (compatible; MJ12bot/v1.4.7; http://mj12bot.com/)"
5.9.89.170 - - [23/Oct/2017:00:44:03 -0700] "GET /img/oncekids-fujimini/6.jpg HTTP/1.1" 200 118631 "-" "Mozilla/5.0 (compatible; MJ12bot/v1.4.7; http://mj12bot.com/)"
5.9.89.170 - - [23/Oct/2017:00:44:05 -0700] "GET /img/oncekids-fujimini/7.jpg HTTP/1.1" 200 153636 "-" "Mozilla/5.0 (compatible; MJ12bot/v1.4.7; http://mj12bot.com/)"
5.9.89.170 - - [23/Oct/2017:00:44:07 -0700] "GET /img/oncekids-fujimini/8.jpg HTTP/1.1" 200 78635 "-" "Mozilla/5.0 (compatible; MJ12bot/v1.4.7; http://mj12bot.com/)"
5.9.89.170 - - [23/Oct/2017:00:44:09 -0700] "GET /img/sfnoir/1.jpg HTTP/1.1" 200 77798 "-" "Mozilla/5.0 (compatible; MJ12bot/v1.4.7; http://mj12bot.com/)"
5.9.89.170 - - [23/Oct/2017:00:44:11 -0700] "GET /img/sfnoir/2.jpg HTTP/1.1" 200 81708 "-" "Mozilla/5.0 (compatible; MJ12bot/v1.4.7; http://mj12bot.com/)"
5.9.89.170 - - [23/Oct/2017:00:44:13 -0700] "GET /img/sfnoir/3.jpg HTTP/1.1" 200 74528 "-" "Mozilla/5.0 (compatible; MJ12bot/v1.4.7; http://mj12bot.com/)"
5.9.89.170 - - [23/Oct/2017:00:44:17 -0700] "GET /img/sfnoir/5.jpg HTTP/1.1" 200 67390 "-" "Mozilla/5.0 (compatible; MJ12bot/v1.4.7; http://mj12bot.com/)"
5.9.89.170 - - [23/Oct/2017:00:44:19 -0700] "GET /img/sfnoir/6.jpg HTTP/1.1" 200 112789 "-" "Mozilla/5.0 (compatible; MJ12bot/v1.4.7; http://mj12bot.com/)"
5.9.89.170 - - [23/Oct/2017:00:44:21 -0700] "GET /img/sfnoir/7.jpg HTTP/1.1" 200 122937 "-" "Mozilla/5.0 (compatible; MJ12bot/v1.4.7; http://mj12bot.com/)"
5.9.89.170 - - [23/Oct/2017:00:44:23 -0700] "GET /img/sfnoir/8.jpg HTTP/1.1" 200 89091 "-" "Mozilla/5.0 (compatible; MJ12bot/v1.4.7; http://mj12bot.com/)"
5.9.89.170 - - [23/Oct/2017:00:44:27 -0700] "GET /img/sfnoir/9.jpg HTTP/1.1" 200 64784 "-" "Mozilla/5.0 (compatible; MJ12bot/v1.4.7; http://mj12bot.com/)"
5.9.89.170 - - [23/Oct/2017:00:44:30 -0700] "GET /img/urban-cowgirl/1.jpg HTTP/1.1" 200 94626 "-" "Mozilla/5.0 (compatible; MJ12bot/v1.4.7; http://mj12bot.com/)"
5.9.89.170 - - [23/Oct/2017:00:44:32 -0700] "GET /img/urban-cowgirl/2.jpg HTTP/1.1" 200 104975 "-" "Mozilla/5.0 (compatible; MJ12bot/v1.4.7; http://mj12bot.com/)"
5.9.89.170 - - [23/Oct/2017:00:44:34 -0700] "GET /img/urban-cowgirl/3.jpg HTTP/1.1" 200 80583 "-" "Mozilla/5.0 (compatible; MJ12bot/v1.4.7; http://mj12bot.com/)"
5.9.89.170 - - [23/Oct/2017:00:44:36 -0700] "GET /img/urban-cowgirl/4.jpg HTTP/1.1" 200 103819 "-" "Mozilla/5.0 (compatible; MJ12bot/v1.4.7; http://mj12bot.com/)"
5.9.89.170 - - [23/Oct/2017:00:44:38 -0700] "GET /img/urban-cowgirl/5.jpg HTTP/1.1" 200 114905 "-" "Mozilla/5.0 (compatible; MJ12bot/v1.4.7; http://mj12bot.com/)"
5.9.89.170 - - [23/Oct/2017:00:44:40 -0700] "GET /img/urban-cowgirl/6.jpg HTTP/1.1" 200 56465 "-" "Mozilla/5.0 (compatible; MJ12bot/v1.4.7; http://mj12bot.com/)"
5.9.89.170 - - [23/Oct/2017:00:44:42 -0700] "GET /img/wu-wei/1.jpg HTTP/1.1" 200 323401 "-" "Mozilla/5.0 (compatible; MJ12bot/v1.4.7; http://mj12bot.com/)"
5.9.89.170 - - [23/Oct/2017:00:44:45 -0700] "GET /img/wu-wei/10.jpg HTTP/1.1" 200 165194 "-" "Mozilla/5.0 (compatible; MJ12bot/v1.4.7; http://mj12bot.com/)"
5.9.89.170 - - [23/Oct/2017:00:44:46 -0700] "GET /img/wu-wei/2.jpg HTTP/1.1" 200 183246 "-" "Mozilla/5.0 (compatible; MJ12bot/v1.4.7; http://mj12bot.com/)"
5.9.89.170 - - [23/Oct/2017:00:44:49 -0700] "GET /img/wu-wei/3.jpg HTTP/1.1" 200 173337 "-" "Mozilla/5.0 (compatible; MJ12bot/v1.4.7; http://mj12bot.com/)"
5.9.89.170 - - [23/Oct/2017:00:44:52 -0700] "GET /img/wu-wei/4.jpg HTTP/1.1" 200 279891 "-" "Mozilla/5.0 (compatible; MJ12bot/v1.4.7; http://mj12bot.com/)"
5.9.89.170 - - [23/Oct/2017:00:44:55 -0700] "GET /img/wu-wei/5.jpg HTTP/1.1" 200 220470 "-" "Mozilla/5.0 (compatible; MJ12bot/v1.4.7; http://mj12bot.com/)"
5.9.89.170 - - [23/Oct/2017:00:44:57 -0700] "GET /img/wu-wei/6.jpg HTTP/1.1" 200 180106 "-" "Mozilla/5.0 (compatible; MJ12bot/v1.4.7; http://mj12bot.com/)"
5.9.89.170 - - [23/Oct/2017:00:44:59 -0700] "GET /img/wu-wei/7.jpg HTTP/1.1" 200 293352 "-" "Mozilla/5.0 (compatible; MJ12bot/v1.4.7; http://mj12bot.com/)"
5.9.89.170 - - [23/Oct/2017:00:45:01 -0700] "GET /img/wu-wei/8.jpg HTTP/1.1" 200 457546 "-" "Mozilla/5.0 (compatible; MJ12bot/v1.4.7; http://mj12bot.com/)"
5.9.89.170 - - [23/Oct/2017:00:45:03 -0700] "GET /img/wu-wei/9.jpg HTTP/1.1" 200 398953 "-" "Mozilla/5.0 (compatible; MJ12bot/v1.4.7; http://mj12bot.com/)"
66.249.66.159 - - [23/Oct/2017:01:15:27 -0700] "GET /img/mixman/thumbs/2.jpg HTTP/1.1" 200 24519 "-" "Googlebot-Image/1.0"
66.249.66.159 - - [23/Oct/2017:01:53:11 -0700] "GET /img/logo.png HTTP/1.1" 200 13123 "-" "Googlebot-Image/1.0"
66.249.66.158 - - [23/Oct/2017:01:57:14 -0700] "GET / HTTP/1.1" 200 15892 "-" "Mozilla/5.0 (compatible; Googlebot/2.1; +http://www.google.com/bot.html)"
77.75.76.172 - - [23/Oct/2017:02:09:08 -0700] "GET /robots.txt HTTP/1.1" 404 208 "-" "Mozilla/5.0 (compatible; SeznamBot/3.2; +http://napoveda.seznam.cz/en/seznambot-intro/)"
77.75.76.172 - - [23/Oct/2017:02:09:19 -0700] "GET /img/mixman/17.jpg HTTP/1.1" 304 - "-" "Mozilla/5.0 (compatible; SeznamBot/3.2; +http://napoveda.seznam.cz/en/seznambot-intro/)"
66.249.66.158 - - [23/Oct/2017:02:32:31 -0700] "GET /img/mixman/thumbs/17.jpg HTTP/1.1" 200 16331 "-" "Googlebot-Image/1.0"
216.244.66.233 - - [23/Oct/2017:02:39:23 -0700] "GET /robots.txt HTTP/1.1" 404 208 "-" "Mozilla/5.0 (compatible; DotBot/1.1; http://www.opensiteexplorer.org/dotbot, help@moz.com)"
66.249.66.159 - - [23/Oct/2017:03:11:53 -0700] "GET /img/autumn/thumbs/1.jpg HTTP/1.1" 200 24768 "-" "Googlebot-Image/1.0"
77.75.78.171 - - [23/Oct/2017:03:32:57 -0700] "GET /img/mixman/4.jpg HTTP/1.1" 304 - "-" "Mozilla/5.0 (compatible; SeznamBot/3.2; +http://napoveda.seznam.cz/en/seznambot-intro/)"
66.249.66.158 - - [23/Oct/2017:03:51:14 -0700] "GET /img/oncekids-fujimini/thumbs/1.jpg HTTP/1.1" 304 - "-" "Googlebot-Image/1.0"
66.249.66.159 - - [23/Oct/2017:04:19:29 -0700] "GET / HTTP/1.1" 200 15892 "-" "Mozilla/5.0 (compatible; Googlebot/2.1; +http://www.google.com/bot.html)"
66.249.66.129 - - [23/Oct/2017:04:30:49 -0700] "GET /img/mixman/thumbs/10.jpg HTTP/1.1" 200 31032 "-" "Googlebot-Image/1.0"
77.88.47.25 - - [23/Oct/2017:05:02:01 -0700] "GET /robots.txt HTTP/1.1" 404 208 "-" "Mozilla/5.0 (compatible; YandexBot/3.0; +http://yandex.com/bots)"
93.158.161.139 - - [23/Oct/2017:05:02:05 -0700] "GET / HTTP/1.1" 200 15892 "-" "Mozilla/5.0 (compatible; YandexBot/3.0; +http://yandex.com/bots)"
66.249.66.159 - - [23/Oct/2017:05:10:12 -0700] "GET /img/autumn/thumbs/7.jpg HTTP/1.1" 200 25117 "-" "Googlebot-Image/1.0"
216.244.66.233 - - [23/Oct/2017:05:18:25 -0700] "GET /robots.txt HTTP/1.1" 404 208 "-" "Mozilla/5.0 (compatible; DotBot/1.1; http://www.opensiteexplorer.org/dotbot, help@moz.com)"
66.249.66.159 - - [23/Oct/2017:05:39:59 -0700] "GET /img/oncekids-fujimini/thumbs/3.jpg HTTP/1.1" 200 39586 "-" "Googlebot-Image/1.0"
66.249.66.159 - - [23/Oct/2017:06:10:02 -0700] "GET /img/njn/thumbs/2.jpg HTTP/1.1" 304 - "-" "Googlebot-Image/1.0"
77.75.76.161 - - [23/Oct/2017:06:13:48 -0700] "GET /robots.txt HTTP/1.1" 404 208 "-" "Mozilla/5.0 (compatible; SeznamBot/3.2; +http://napoveda.seznam.cz/en/seznambot-intro/)"
77.75.76.161 - - [23/Oct/2017:06:13:53 -0700] "GET /img/wu-wei/8.jpg HTTP/1.1" 304 - "-" "Mozilla/5.0 (compatible; SeznamBot/3.2; +http://napoveda.seznam.cz/en/seznambot-intro/)"
66.249.66.158 - - [23/Oct/2017:06:40:10 -0700] "GET /img/bs4w/thumbs/7.jpg HTTP/1.1" 200 23328 "-" "Googlebot-Image/1.0"
66.249.66.159 - - [23/Oct/2017:07:06:57 -0700] "GET / HTTP/1.1" 200 15892 "-" "Mozilla/5.0 (compatible; Googlebot/2.1; +http://www.google.com/bot.html)"
66.249.66.159 - - [23/Oct/2017:07:10:30 -0700] "GET /img/mixman/thumbs/19.jpg HTTP/1.1" 304 - "-" "Googlebot-Image/1.0"
66.249.66.158 - - [23/Oct/2017:07:40:48 -0700] "GET /img/bs4w/thumbs/1.jpg HTTP/1.1" 200 14712 "-" "Googlebot-Image/1.0"
77.75.79.54 - - [23/Oct/2017:08:07:39 -0700] "GET /robots.txt HTTP/1.1" 404 208 "-" "Mozilla/5.0 (compatible; SeznamBot/3.2; +http://napoveda.seznam.cz/en/seznambot-intro/)"
77.75.79.54 - - [23/Oct/2017:08:07:50 -0700] "GET /img/wu-wei/8.jpg HTTP/1.1" 304 - "-" "Mozilla/5.0 (compatible; SeznamBot/3.2; +http://napoveda.seznam.cz/en/seznambot-intro/)"
66.249.66.159 - - [23/Oct/2017:08:11:31 -0700] "GET /img/njn/thumbs/6.jpg HTTP/1.1" 304 - "-" "Googlebot-Image/1.0"
216.244.66.233 - - [23/Oct/2017:08:17:07 -0700] "GET /robots.txt HTTP/1.1" 404 208 "-" "Mozilla/5.0 (compatible; DotBot/1.1; http://www.opensiteexplorer.org/dotbot, help@moz.com)"
66.249.66.158 - - [23/Oct/2017:08:42:31 -0700] "GET /img/mixman/thumbs/5.jpg HTTP/1.1" 200 23498 "-" "Googlebot-Image/1.0"
216.244.66.233 - - [23/Oct/2017:08:47:47 -0700] "GET /robots.txt HTTP/1.1" 404 208 "-" "Mozilla/5.0 (compatible; DotBot/1.1; http://www.opensiteexplorer.org/dotbot, help@moz.com)"
77.75.76.162 - - [23/Oct/2017:08:49:29 -0700] "GET /robots.txt HTTP/1.1" 404 208 "-" "Mozilla/5.0 (compatible; SeznamBot/3.2; +http://napoveda.seznam.cz/en/seznambot-intro/)"
77.75.76.162 - - [23/Oct/2017:08:49:31 -0700] "GET /img/bs4w/8.jpg HTTP/1.1" 304 - "-" "Mozilla/5.0 (compatible; SeznamBot/3.2; +http://napoveda.seznam.cz/en/seznambot-intro/)"
66.249.66.129 - - [23/Oct/2017:09:13:47 -0700] "GET /img/sfnoir/thumbs/2.jpg HTTP/1.1" 304 - "-" "Googlebot-Image/1.0"
77.75.78.166 - - [23/Oct/2017:09:23:12 -0700] "GET /robots.txt HTTP/1.1" 404 208 "-" "Mozilla/5.0 (compatible; SeznamBot/3.2; +http://napoveda.seznam.cz/en/seznambot-intro/)"
77.75.78.166 - - [23/Oct/2017:09:23:14 -0700] "GET /img/mixman/5.jpg HTTP/1.1" 304 - "-" "Mozilla/5.0 (compatible; SeznamBot/3.2; +http://napoveda.seznam.cz/en/seznambot-intro/)"
66.249.66.158 - - [23/Oct/2017:09:45:23 -0700] "GET /img/bs4w/thumbs/6.jpg HTTP/1.1" 304 - "-" "Googlebot-Image/1.0"
216.244.66.233 - - [23/Oct/2017:10:16:30 -0700] "GET /robots.txt HTTP/1.1" 404 208 "-" "Mozilla/5.0 (compatible; DotBot/1.1; http://www.opensiteexplorer.org/dotbot, help@moz.com)"
66.249.66.158 - - [23/Oct/2017:10:17:05 -0700] "GET /img/njn/thumbs/5.jpg HTTP/1.1" 200 27963 "-" "Googlebot-Image/1.0"
77.75.77.17 - - [23/Oct/2017:10:19:28 -0700] "GET /robots.txt HTTP/1.1" 404 208 "-" "Mozilla/5.0 (compatible; SeznamBot/3.2; +http://napoveda.seznam.cz/en/seznambot-intro/)"
77.75.77.17 - - [23/Oct/2017:10:19:39 -0700] "GET /img/mixman/2.jpg HTTP/1.1" 304 - "-" "Mozilla/5.0 (compatible; SeznamBot/3.2; +http://napoveda.seznam.cz/en/seznambot-intro/)"
66.249.66.129 - - [23/Oct/2017:10:49:34 -0700] "GET /img/wu-wei/thumbs/6.jpg HTTP/1.1" 304 - "-" "Googlebot-Image/1.0"
77.75.78.171 - - [23/Oct/2017:11:16:36 -0700] "GET /robots.txt HTTP/1.1" 404 208 "-" "Mozilla/5.0 (compatible; SeznamBot/3.2; +http://napoveda.seznam.cz/en/seznambot-intro/)"
77.75.78.171 - - [23/Oct/2017:11:16:39 -0700] "GET /img/autumn/8.jpg HTTP/1.1" 304 - "-" "Mozilla/5.0 (compatible; SeznamBot/3.2; +http://napoveda.seznam.cz/en/seznambot-intro/)"
66.249.66.158 - - [23/Oct/2017:11:22:17 -0700] "GET /img/njn/thumbs/7.jpg HTTP/1.1" 200 28520 "-" "Googlebot-Image/1.0"
216.244.66.233 - - [23/Oct/2017:11:25:41 -0700] "GET /robots.txt HTTP/1.1" 404 208 "-" "Mozilla/5.0 (compatible; DotBot/1.1; http://www.opensiteexplorer.org/dotbot, help@moz.com)"
66.249.66.158 - - [23/Oct/2017:11:55:45 -0700] "GET /robots.txt HTTP/1.1" 404 208 "-" "Mozilla/5.0 (compatible; Googlebot/2.1; +http://www.google.com/bot.html)"
66.249.66.159 - - [23/Oct/2017:11:55:45 -0700] "GET /img/mixman/thumbs/11.jpg HTTP/1.1" 200 32588 "-" "Googlebot-Image/1.0"
174.222.132.82 - - [23/Oct/2017:12:17:04 -0700] "GET /img/autumn/thumbs/7.jpg HTTP/1.1" 200 25117 "https://www.google.com/" "Mozilla/5.0 (Linux; Android 7.0; VS995 Build/NRD90M) AppleWebKit/537.36 (KHTML, like Gecko) Chrome/61.0.3163.98 Mobile Safari/537.36"
66.249.66.159 - - [23/Oct/2017:12:30:30 -0700] "GET /img/mixman/thumbs/3.jpg HTTP/1.1" 304 - "-" "Googlebot-Image/1.0"
66.249.66.159 - - [23/Oct/2017:13:05:51 -0700] "GET /img/sfnoir/thumbs/6.jpg HTTP/1.1" 304 - "-" "Googlebot-Image/1.0"
66.249.69.211 - - [23/Oct/2017:13:40:49 -0700] "GET /img/oncekids-fujimini/thumbs/6.jpg HTTP/1.1" 200 27603 "-" "Googlebot-Image/1.0"
216.244.66.233 - - [23/Oct/2017:14:12:16 -0700] "GET /robots.txt HTTP/1.1" 404 208 "-" "Mozilla/5.0 (compatible; DotBot/1.1; http://www.opensiteexplorer.org/dotbot, help@moz.com)"
66.249.69.209 - - [23/Oct/2017:14:22:11 -0700] "GET /img/wu-wei/thumbs/4.jpg HTTP/1.1" 200 24258 "-" "Googlebot-Image/1.0"
66.249.69.213 - - [23/Oct/2017:14:56:42 -0700] "GET /img/mixman/thumbs/9.jpg HTTP/1.1" 304 - "-" "Googlebot-Image/1.0"
207.46.13.196 - - [23/Oct/2017:14:56:58 -0700] "GET /robots.txt HTTP/1.1" 301 245 "-" "Mozilla/5.0 (compatible; bingbot/2.0; +http://www.bing.com/bingbot.htm)"
207.46.13.196 - - [23/Oct/2017:14:56:58 -0700] "GET /robots.txt HTTP/1.1" 404 208 "-" "Mozilla/5.0 (compatible; bingbot/2.0; +http://www.bing.com/bingbot.htm)"
207.46.13.196 - - [23/Oct/2017:14:56:58 -0700] "GET /robots.txt HTTP/1.1" 301 245 "-" "Mozilla/5.0 (compatible; bingbot/2.0; +http://www.bing.com/bingbot.htm)"
207.46.13.196 - - [23/Oct/2017:14:56:58 -0700] "GET /robots.txt HTTP/1.1" 404 208 "-" "Mozilla/5.0 (compatible; bingbot/2.0; +http://www.bing.com/bingbot.htm)"
40.77.167.4 - - [23/Oct/2017:14:57:04 -0700] "GET / HTTP/1.1" 301 235 "-" "Mozilla/5.0 (compatible; bingbot/2.0; +http://www.bing.com/bingbot.htm)"
66.249.69.211 - - [23/Oct/2017:15:35:39 -0700] "GET / HTTP/1.1" 200 15892 "-" "Mozilla/5.0 (compatible; Googlebot/2.1; +http://www.google.com/bot.html)"
66.249.69.211 - - [23/Oct/2017:15:48:37 -0700] "GET /img/njn/thumbs/8.jpg HTTP/1.1" 200 28396 "-" "Googlebot-Image/1.0"
138.197.73.15 - - [23/Oct/2017:16:27:01 -0700] "GET / HTTP/1.1" 200 15892 "-" "Mozilla/5.0 (X11; Linux x86_64) AppleWebKit/537.36 (KHTML, like Gecko) Chrome/59.0.3071.115 Safari/537.36"
138.197.73.15 - - [23/Oct/2017:16:27:03 -0700] "GET /js/scripts.js HTTP/1.1" 200 1227 "https://www.rndsquared.com/" "Mozilla/5.0 (X11; Linux x86_64) AppleWebKit/537.36 (KHTML, like Gecko) Chrome/59.0.3071.115 Safari/537.36"
138.197.73.15 - - [23/Oct/2017:16:27:03 -0700] "GET /js/lightbox.js HTTP/1.1" 200 4210 "https://www.rndsquared.com/" "Mozilla/5.0 (X11; Linux x86_64) AppleWebKit/537.36 (KHTML, like Gecko) Chrome/59.0.3071.115 Safari/537.36"
138.197.73.15 - - [23/Oct/2017:16:27:03 -0700] "GET /js/modernizr.js HTTP/1.1" 200 5933 "https://www.rndsquared.com/" "Mozilla/5.0 (X11; Linux x86_64) AppleWebKit/537.36 (KHTML, like Gecko) Chrome/59.0.3071.115 Safari/537.36"
66.249.69.213 - - [23/Oct/2017:16:40:59 -0700] "GET /img/mixman/thumbs/16.jpg HTTP/1.1" 304 - "-" "Googlebot-Image/1.0"
72.224.233.33 - - [23/Oct/2017:17:13:40 -0700] "GET /img/autumn/thumbs/7.jpg HTTP/1.1" 200 25117 "https://www.google.com/" "Mozilla/5.0 (Windows NT 10.0; Win64; x64) AppleWebKit/537.36 (KHTML, like Gecko) Chrome/61.0.3163.100 Safari/537.36"
66.249.69.209 - - [23/Oct/2017:17:34:03 -0700] "GET /img/wu-wei/thumbs/5.jpg HTTP/1.1" 200 22671 "-" "Googlebot-Image/1.0"
66.249.69.213 - - [23/Oct/2017:18:26:55 -0700] "GET /img/sfnoir/thumbs/5.jpg HTTP/1.1" 304 - "-" "Googlebot-Image/1.0"
66.249.69.211 - - [23/Oct/2017:19:09:10 -0700] "GET / HTTP/1.1" 200 15892 "-" "Mozilla/5.0 (compatible; Googlebot/2.1; +http://www.google.com/bot.html)"
66.249.69.213 - - [23/Oct/2017:19:21:01 -0700] "GET /img/autumn/thumbs/5.jpg HTTP/1.1" 304 - "-" "Googlebot-Image/1.0"
46.229.164.101 - - [23/Oct/2017:19:50:17 -0700] "GET /robots.txt HTTP/1.1" 404 208 "-" "Mozilla/5.0 (compatible; SemrushBot/1.2~bl; +http://www.semrush.com/bot.html)"
66.249.69.209 - - [23/Oct/2017:20:15:05 -0700] "GET /img/mixman/thumbs/7.jpg HTTP/1.1" 200 29010 "-" "Googlebot-Image/1.0"
66.249.69.211 - - [23/Oct/2017:21:10:15 -0700] "GET /img/njn/thumbs/4.jpg HTTP/1.1" 200 32206 "-" "Googlebot-Image/1.0"
66.249.69.213 - - [23/Oct/2017:22:01:47 -0700] "GET /img/oncekids-fujimini/thumbs/4.jpg HTTP/1.1" 304 - "-" "Googlebot-Image/1.0"
82.207.137.1 - - [23/Oct/2017:22:22:10 -0700] "GET / HTTP/1.1" 200 15892 "-" "wonderbot/JS 1.0"
82.207.137.1 - - [23/Oct/2017:22:22:11 -0700] "GET / HTTP/1.1" 200 15892 "-" "wonderbot/JS 1.0"
46.229.164.102 - - [23/Oct/2017:22:25:41 -0700] "GET /robots.txt HTTP/1.1" 404 208 "-" "Mozilla/5.0 (compatible; SemrushBot/1.2~bl; +http://www.semrush.com/bot.html)"
66.249.69.213 - - [23/Oct/2017:22:27:00 -0700] "GET / HTTP/1.1" 200 15892 "-" "Mozilla/5.0 (compatible; Googlebot/2.1; +http://www.google.com/bot.html)"
216.244.66.233 - - [23/Oct/2017:22:46:40 -0700] "GET /robots.txt HTTP/1.1" 404 208 "-" "Mozilla/5.0 (compatible; DotBot/1.1; http://www.opensiteexplorer.org/dotbot, help@moz.com)"
66.249.69.209 - - [23/Oct/2017:23:00:01 -0700] "GET /favicon.ico HTTP/1.1" 404 209 "-" "Googlebot-Image/1.0"
192.187.108.186 - - [23/Oct/2017:23:10:29 -0700] "GET /wp-cros.php HTTP/1.0" 404 209 "-" "Mozilla/5.0 (Windows NT 6.1) AppleWebKit/537.36 (KHTML, like Gecko) Chrome/41.0.2228.0 Safari/537.36"
199.249.223.71 - - [23/Oct/2017:23:14:25 -0700] "GET /id_rsa HTTP/1.1" 404 204 "-" "Mozilla/5.0 (Windows NT 10.0; Win64; x64) AppleWebKit/537.36 (KHTML, like Gecko) Chrome/56.0.2924.87 Safari/537.36"
46.165.254.166 - - [23/Oct/2017:23:14:30 -0700] "GET /.ssh/id_rsa HTTP/1.1" 404 209 "-" "Mozilla/5.0 (Windows NT 10.0; Win64; x64) AppleWebKit/537.36 (KHTML, like Gecko) Chrome/56.0.2924.87 Safari/537.36"
193.70.39.41 - - [23/Oct/2017:23:14:33 -0700] "GET /root/.ssh/id_rsa HTTP/1.1" 404 214 "-" "Mozilla/5.0 (Windows NT 10.0; Win64; x64) AppleWebKit/537.36 (KHTML, like Gecko) Chrome/56.0.2924.87 Safari/537.36"
193.70.39.41 - - [23/Oct/2017:23:14:36 -0700] "GET /id_dsa HTTP/1.1" 404 204 "-" "Mozilla/5.0 (Windows NT 10.0; Win64; x64) AppleWebKit/537.36 (KHTML, like Gecko) Chrome/56.0.2924.87 Safari/537.36"
193.70.39.41 - - [23/Oct/2017:23:14:39 -0700] "GET /.ssh/id_dsa HTTP/1.1" 404 209 "-" "Mozilla/5.0 (Windows NT 10.0; Win64; x64) AppleWebKit/537.36 (KHTML, like Gecko) Chrome/56.0.2924.87 Safari/537.36"
51.15.72.53 - - [23/Oct/2017:23:14:41 -0700] "GET /root/.ssh/id_dsa HTTP/1.1" 404 214 "-" "Mozilla/5.0 (Windows NT 10.0; Win64; x64) AppleWebKit/537.36 (KHTML, like Gecko) Chrome/56.0.2924.87 Safari/537.36"
66.249.69.213 - - [24/Oct/2017:00:01:19 -0700] "GET /img/urban-cowgirl/2.jpg HTTP/1.1" 304 - "-" "Googlebot-Image/1.0"
66.249.69.211 - - [24/Oct/2017:00:01:19 -0700] "GET /robots.txt HTTP/1.1" 404 208 "-" "Mozilla/5.0 (compatible; Googlebot/2.1; +http://www.google.com/bot.html)"
216.244.66.233 - - [24/Oct/2017:01:39:37 -0700] "GET /robots.txt HTTP/1.1" 404 208 "-" "Mozilla/5.0 (compatible; DotBot/1.1; http://www.opensiteexplorer.org/dotbot, help@moz.com)"
66.249.69.213 - - [24/Oct/2017:02:43:47 -0700] "GET /img/mixman/thumbs/13.jpg HTTP/1.1" 200 28845 "-" "Googlebot-Image/1.0"
66.249.69.209 - - [24/Oct/2017:03:33:00 -0700] "GET / HTTP/1.1" 200 15892 "-" "Mozilla/5.0 (compatible; Googlebot/2.1; +http://www.google.com/bot.html)"
40.77.167.4 - - [24/Oct/2017:03:49:24 -0700] "GET / HTTP/1.1" 301 235 "-" "Mozilla/5.0 (compatible; bingbot/2.0; +http://www.bing.com/bingbot.htm)"
180.76.15.156 - - [24/Oct/2017:03:52:21 -0700] "GET / HTTP/1.1" 200 72657 "-" "Mozilla/5.0 (compatible; Baiduspider/2.0; +http://www.baidu.com/search/spider.html)"
180.76.15.17 - - [24/Oct/2017:05:00:37 -0700] "GET / HTTP/1.1" 200 72657 "-" "Mozilla/5.0 (compatible; Baiduspider/2.0; +http://www.baidu.com/search/spider.html)"
24.19.38.180 - - [24/Oct/2017:05:32:32 -0700] "GET /img/autumn/thumbs/1.jpg HTTP/1.1" 200 24768 "https://www.google.com/" "Mozilla/5.0 (iPhone; CPU iPhone OS 11_0_3 like Mac OS X) AppleWebKit/604.1.38 (KHTML, like Gecko) Version/11.0 Mobile/15A432 Safari/604.1"
66.249.69.209 - - [24/Oct/2017:05:35:37 -0700] "GET /img/mixman/thumbs/6.jpg HTTP/1.1" 304 - "-" "Googlebot-Image/1.0"
66.249.69.209 - - [24/Oct/2017:06:26:11 -0700] "GET / HTTP/1.1" 200 15892 "-" "Mozilla/5.0 (compatible; Googlebot/2.1; +http://www.google.com/bot.html)"
66.249.69.209 - - [24/Oct/2017:06:26:36 -0700] "GET /css/lightbox.css HTTP/1.1" 200 1003 "https://www.rndsquared.com/" "Mozilla/5.0 (compatible; Googlebot/2.1; +http://www.google.com/bot.html)"
66.249.69.209 - - [24/Oct/2017:06:26:37 -0700] "GET /css/styles.css HTTP/1.1" 200 1975 "https://www.rndsquared.com/" "Mozilla/5.0 (compatible; Googlebot/2.1; +http://www.google.com/bot.html)"
66.249.69.211 - - [24/Oct/2017:06:26:37 -0700] "GET /css/bootstrap.min.css HTTP/1.1" 200 11249 "https://www.rndsquared.com/" "Mozilla/5.0 (compatible; Googlebot/2.1; +http://www.google.com/bot.html)"
216.244.66.233 - - [24/Oct/2017:07:22:45 -0700] "GET /robots.txt HTTP/1.1" 404 208 "-" "Mozilla/5.0 (compatible; DotBot/1.1; http://www.opensiteexplorer.org/dotbot, help@moz.com)"
66.249.69.213 - - [24/Oct/2017:07:47:22 -0700] "GET / HTTP/1.1" 200 15892 "-" "Mozilla/5.0 (compatible; Googlebot/2.1; +http://www.google.com/bot.html)"
216.244.66.233 - - [24/Oct/2017:08:06:53 -0700] "GET /robots.txt HTTP/1.1" 404 208 "-" "Mozilla/5.0 (compatible; DotBot/1.1; http://www.opensiteexplorer.org/dotbot, help@moz.com)"
66.249.69.209 - - [24/Oct/2017:09:54:39 -0700] "GET / HTTP/1.1" 200 15892 "-" "Mozilla/5.0 (compatible; Googlebot/2.1; +http://www.google.com/bot.html)"
216.244.66.233 - - [24/Oct/2017:09:56:14 -0700] "GET /robots.txt HTTP/1.1" 404 208 "-" "Mozilla/5.0 (compatible; DotBot/1.1; http://www.opensiteexplorer.org/dotbot, help@moz.com)"
77.88.47.19 - - [24/Oct/2017:10:24:49 -0700] "GET /robots.txt HTTP/1.1" 404 208 "-" "Mozilla/5.0 (compatible; YandexBot/3.0; +http://yandex.com/bots)"
5.255.250.42 - - [24/Oct/2017:10:24:53 -0700] "GET / HTTP/1.1" 200 15892 "-" "Mozilla/5.0 (compatible; YandexBot/3.0; +http://yandex.com/bots)"
66.249.69.211 - - [24/Oct/2017:11:23:26 -0700] "GET /img/bs4w/thumbs/8.jpg HTTP/1.1" 304 - "-" "Googlebot-Image/1.0"
31.154.81.65 - - [24/Oct/2017:13:02:50 -0700] "GET /img/mixman/3.jpg HTTP/1.1" 200 114734 "https://www.google.co.il/" "Mozilla/5.0 (Macintosh; Intel Mac OS X 10_10_5) AppleWebKit/600.8.9 (KHTML, like Gecko) Version/8.0.8 Safari/600.8.9"
46.229.164.101 - - [24/Oct/2017:13:08:35 -0700] "GET /robots.txt HTTP/1.1" 404 208 "-" "Mozilla/5.0 (compatible; SemrushBot/1.2~bl; +http://www.semrush.com/bot.html)"
216.244.66.233 - - [24/Oct/2017:14:00:11 -0700] "GET /robots.txt HTTP/1.1" 404 208 "-" "Mozilla/5.0 (compatible; DotBot/1.1; http://www.opensiteexplorer.org/dotbot, help@moz.com)"
180.76.15.15 - - [24/Oct/2017:14:48:20 -0700] "GET / HTTP/1.1" 200 72657 "-" "Mozilla/5.0 (compatible; Baiduspider/2.0; +http://www.baidu.com/search/spider.html)"
46.229.164.102 - - [24/Oct/2017:14:49:17 -0700] "GET /robots.txt HTTP/1.1" 404 208 "-" "Mozilla/5.0 (compatible; SemrushBot/1.2~bl; +http://www.semrush.com/bot.html)"
66.249.69.213 - - [24/Oct/2017:15:24:10 -0700] "GET /robots.txt HTTP/1.1" 404 208 "-" "Mozilla/5.0 (compatible; Googlebot/2.1; +http://www.google.com/bot.html)"
66.249.69.213 - - [24/Oct/2017:15:24:10 -0700] "GET / HTTP/1.1" 200 15892 "-" "Mozilla/5.0 (compatible; Googlebot/2.1; +http://www.google.com/bot.html)"
216.244.66.233 - - [24/Oct/2017:17:16:30 -0700] "GET /robots.txt HTTP/1.1" 404 208 "-" "Mozilla/5.0 (compatible; DotBot/1.1; http://www.opensiteexplorer.org/dotbot, help@moz.com)"
40.77.167.4 - - [24/Oct/2017:18:18:35 -0700] "GET / HTTP/1.1" 301 235 "-" "Mozilla/5.0 (compatible; bingbot/2.0; +http://www.bing.com/bingbot.htm)"
189.214.1.199 - - [24/Oct/2017:20:03:50 -0700] "GET /img/autumn/thumbs/7.jpg HTTP/1.1" 200 25117 "https://www.google.com.mx/" "Mozilla/5.0 (Windows NT 10.0; Win64; x64) AppleWebKit/537.36 (KHTML, like Gecko) Chrome/61.0.3163.100 Safari/537.36"
216.244.66.233 - - [24/Oct/2017:20:31:15 -0700] "GET /robots.txt HTTP/1.1" 404 208 "-" "Mozilla/5.0 (compatible; DotBot/1.1; http://www.opensiteexplorer.org/dotbot, help@moz.com)"
157.55.39.8 - - [24/Oct/2017:20:50:19 -0700] "GET /robots.txt HTTP/1.1" 404 208 "-" "Mozilla/5.0 (compatible; bingbot/2.0; +http://www.bing.com/bingbot.htm)"
216.244.66.233 - - [24/Oct/2017:23:33:48 -0700] "GET /robots.txt HTTP/1.1" 404 208 "-" "Mozilla/5.0 (compatible; DotBot/1.1; http://www.opensiteexplorer.org/dotbot, help@moz.com)"
217.69.143.71 - - [25/Oct/2017:02:34:26 -0700] "GET /robots.txt HTTP/1.0" 404 208 "-" "Mozilla/5.0 (compatible; Linux x86_64; Mail.RU_Bot/Robots/2.0; +http://go.mail.ru/help/robots)"
217.69.143.64 - - [25/Oct/2017:02:34:27 -0700] "GET / HTTP/1.1" 200 15892 "http://www.rndsquared.com/" "Mozilla/5.0 (compatible; Linux x86_64; Mail.RU_Bot/Robots/2.0; +http://go.mail.ru/help/robots)"
216.244.66.233 - - [25/Oct/2017:03:32:59 -0700] "GET /robots.txt HTTP/1.1" 404 208 "-" "Mozilla/5.0 (compatible; DotBot/1.1; http://www.opensiteexplorer.org/dotbot, help@moz.com)"
46.229.164.101 - - [25/Oct/2017:03:51:05 -0700] "GET /robots.txt HTTP/1.1" 404 208 "-" "Mozilla/5.0 (compatible; SemrushBot/1.2~bl; +http://www.semrush.com/bot.html)"
216.244.66.233 - - [25/Oct/2017:04:53:40 -0700] "GET /robots.txt HTTP/1.1" 404 208 "-" "Mozilla/5.0 (compatible; DotBot/1.1; http://www.opensiteexplorer.org/dotbot, help@moz.com)"
216.244.66.233 - - [25/Oct/2017:05:16:28 -0700] "GET /robots.txt HTTP/1.1" 404 208 "-" "Mozilla/5.0 (compatible; DotBot/1.1; http://www.opensiteexplorer.org/dotbot, help@moz.com)"
46.229.164.102 - - [25/Oct/2017:05:32:36 -0700] "GET /robots.txt HTTP/1.1" 404 208 "-" "Mozilla/5.0 (compatible; SemrushBot/1.2~bl; +http://www.semrush.com/bot.html)"
40.77.167.93 - - [25/Oct/2017:08:24:38 -0700] "GET / HTTP/1.1" 301 235 "-" "Mozilla/5.0 (compatible; bingbot/2.0; +http://www.bing.com/bingbot.htm)"
5.196.87.42 - - [25/Oct/2017:08:58:47 -0700] "GET /robots.txt HTTP/1.1" 404 208 "-" "Mozilla/5.0 (compatible; AhrefsBot/5.2; +http://ahrefs.com/robot/)"
216.244.66.233 - - [25/Oct/2017:10:16:12 -0700] "GET /robots.txt HTTP/1.1" 404 208 "-" "Mozilla/5.0 (compatible; DotBot/1.1; http://www.opensiteexplorer.org/dotbot, help@moz.com)"
172.56.29.185 - - [25/Oct/2017:11:16:49 -0700] "GET /img/autumn/thumbs/2.jpg HTTP/1.1" 200 45196 "-" "Mozilla/5.0 (Linux; Android 6.0.1; SM-J700T Build/MMB29K; wv) AppleWebKit/537.36 (KHTML, like Gecko) Version/4.0 Chrome/59.0.3071.92 Mobile Safari/537.36 GSA/7.3.26.21.arm"
216.244.66.233 - - [25/Oct/2017:14:34:08 -0700] "GET /robots.txt HTTP/1.1" 404 208 "-" "Mozilla/5.0 (compatible; DotBot/1.1; http://www.opensiteexplorer.org/dotbot, help@moz.com)"
216.244.66.233 - - [25/Oct/2017:15:12:29 -0700] "GET /robots.txt HTTP/1.1" 404 208 "-" "Mozilla/5.0 (compatible; DotBot/1.1; http://www.opensiteexplorer.org/dotbot, help@moz.com)"
73.52.110.188 - - [25/Oct/2017:15:18:05 -0700] "GET /img/autumn/thumbs/1.jpg HTTP/1.1" 200 24768 "https://www.google.com/" "Mozilla/5.0 (X11; CrOS x86_64 9765.81.0) AppleWebKit/537.36 (KHTML, like Gecko) Chrome/61.0.3163.120 Safari/537.36"
66.249.70.21 - - [25/Oct/2017:15:21:50 -0700] "GET /robots.txt HTTP/1.1" 404 208 "-" "Mozilla/5.0 (compatible; Googlebot/2.1; +http://www.google.com/bot.html)"
66.249.70.19 - - [25/Oct/2017:15:21:50 -0700] "GET /img/oncekids-fujimini/thumbs/2.jpg HTTP/1.1" 200 36054 "-" "Googlebot-Image/1.0"
216.244.66.233 - - [25/Oct/2017:16:15:25 -0700] "GET /robots.txt HTTP/1.1" 404 208 "-" "Mozilla/5.0 (compatible; DotBot/1.1; http://www.opensiteexplorer.org/dotbot, help@moz.com)"
157.55.39.47 - - [25/Oct/2017:16:33:33 -0700] "GET /robots.txt HTTP/1.1" 301 245 "-" "Mozilla/5.0 (compatible; bingbot/2.0; +http://www.bing.com/bingbot.htm)"
157.55.39.47 - - [25/Oct/2017:16:33:33 -0700] "GET /robots.txt HTTP/1.1" 404 208 "-" "Mozilla/5.0 (compatible; bingbot/2.0; +http://www.bing.com/bingbot.htm)"
157.55.39.47 - - [25/Oct/2017:16:33:34 -0700] "GET /robots.txt HTTP/1.1" 301 245 "-" "Mozilla/5.0 (compatible; bingbot/2.0; +http://www.bing.com/bingbot.htm)"
157.55.39.47 - - [25/Oct/2017:16:33:34 -0700] "GET /robots.txt HTTP/1.1" 404 208 "-" "Mozilla/5.0 (compatible; bingbot/2.0; +http://www.bing.com/bingbot.htm)"
40.77.167.93 - - [25/Oct/2017:16:33:41 -0700] "GET / HTTP/1.1" 301 235 "-" "Mozilla/5.0 (compatible; bingbot/2.0; +http://www.bing.com/bingbot.htm)"
157.55.39.47 - - [25/Oct/2017:16:43:58 -0700] "GET /robots.txt HTTP/1.1" 403 212 "-" "Mozilla/5.0 (compatible; bingbot/2.0; +http://www.bing.com/bingbot.htm)"
157.55.39.47 - - [25/Oct/2017:16:43:58 -0700] "GET /robots.txt HTTP/1.1" 404 208 "-" "Mozilla/5.0 (compatible; bingbot/2.0; +http://www.bing.com/bingbot.htm)"
40.77.167.93 - - [25/Oct/2017:16:44:13 -0700] "GET / HTTP/1.1" 200 15892 "-" "Mozilla/5.0 (compatible; bingbot/2.0; +http://www.bing.com/bingbot.htm)"
157.55.39.14 - - [25/Oct/2017:16:44:19 -0700] "GET /robots.txt HTTP/1.1" 404 208 "-" "Mozilla/5.0 (compatible; bingbot/2.0; +http://www.bing.com/bingbot.htm)"
131.253.27.74 - - [25/Oct/2017:16:44:20 -0700] "GET /css/lightbox.css HTTP/1.1" 200 1003 "https://www.rndsquared.com/" "Mozilla/5.0 (Windows NT 6.1; WOW64) AppleWebKit/534+ (KHTML, like Gecko) BingPreview/1.0b"
131.253.27.74 - - [25/Oct/2017:16:44:20 -0700] "GET /css/styles.css HTTP/1.1" 200 1975 "https://www.rndsquared.com/" "Mozilla/5.0 (Windows NT 6.1; WOW64) AppleWebKit/534+ (KHTML, like Gecko) BingPreview/1.0b"
131.253.27.74 - - [25/Oct/2017:16:44:20 -0700] "GET /js/modernizr.js HTTP/1.1" 200 5933 "https://www.rndsquared.com/" "Mozilla/5.0 (Windows NT 6.1; WOW64) AppleWebKit/534+ (KHTML, like Gecko) BingPreview/1.0b"
131.253.27.74 - - [25/Oct/2017:16:44:20 -0700] "GET /css/bootstrap.min.css HTTP/1.1" 200 11249 "https://www.rndsquared.com/" "Mozilla/5.0 (Windows NT 6.1; WOW64) AppleWebKit/534+ (KHTML, like Gecko) BingPreview/1.0b"
131.253.27.74 - - [25/Oct/2017:16:44:25 -0700] "GET /css/images/close.png HTTP/1.1" 200 280 "https://www.rndsquared.com/" "Mozilla/5.0 (Windows NT 6.1; WOW64) AppleWebKit/534+ (KHTML, like Gecko) BingPreview/1.0b"
131.253.27.74 - - [25/Oct/2017:16:44:25 -0700] "GET /css/images/prev.png HTTP/1.1" 200 1360 "https://www.rndsquared.com/" "Mozilla/5.0 (Windows NT 6.1; WOW64) AppleWebKit/534+ (KHTML, like Gecko) BingPreview/1.0b"
131.253.27.74 - - [25/Oct/2017:16:44:25 -0700] "GET /css/images/loading.gif HTTP/1.1" 200 8476 "https://www.rndsquared.com/" "Mozilla/5.0 (Windows NT 6.1; WOW64) AppleWebKit/534+ (KHTML, like Gecko) BingPreview/1.0b"
131.253.27.74 - - [25/Oct/2017:16:44:25 -0700] "GET /js/lightbox.js HTTP/1.1" 200 4210 "https://www.rndsquared.com/" "Mozilla/5.0 (Windows NT 6.1; WOW64) AppleWebKit/534+ (KHTML, like Gecko) BingPreview/1.0b"
