77.75.76.162 - - [04/Nov/2017:22:22:28 -0700] "GET /robots.txt HTTP/1.1" 404 208 "-" "Mozilla/5.0 (compatible; SeznamBot/3.2; +http://napoveda.seznam.cz/en/seznambot-intro/)"
77.75.76.162 - - [04/Nov/2017:22:22:31 -0700] "GET /img/autumn/thumbs/1.jpg HTTP/1.1" 304 - "-" "Mozilla/5.0 (compatible; SeznamBot/3.2; +http://napoveda.seznam.cz/en/seznambot-intro/)"
216.244.66.233 - - [05/Nov/2017:00:03:36 -0700] "GET /robots.txt HTTP/1.1" 404 208 "-" "Mozilla/5.0 (compatible; DotBot/1.1; http://www.opensiteexplorer.org/dotbot, help@moz.com)"
40.77.167.14 - - [05/Nov/2017:01:16:51 -0800] "GET / HTTP/1.1" 301 235 "-" "Mozilla/5.0 (compatible; bingbot/2.0; +http://www.bing.com/bingbot.htm)"
216.244.66.233 - - [05/Nov/2017:01:30:36 -0800] "GET /robots.txt HTTP/1.1" 404 208 "-" "Mozilla/5.0 (compatible; DotBot/1.1; http://www.opensiteexplorer.org/dotbot, help@moz.com)"
157.55.39.20 - - [05/Nov/2017:03:47:53 -0800] "GET /robots.txt HTTP/1.1" 404 208 "-" "Mozilla/5.0 (compatible; bingbot/2.0; +http://www.bing.com/bingbot.htm)"
5.196.87.42 - - [05/Nov/2017:04:18:18 -0800] "GET /robots.txt HTTP/1.1" 404 208 "-" "Mozilla/5.0 (compatible; AhrefsBot/5.2; +http://ahrefs.com/robot/)"
216.244.66.233 - - [05/Nov/2017:04:43:26 -0800] "GET /robots.txt HTTP/1.1" 404 208 "-" "Mozilla/5.0 (compatible; DotBot/1.1; http://www.opensiteexplorer.org/dotbot, help@moz.com)"
216.244.66.233 - - [05/Nov/2017:06:40:40 -0800] "GET /robots.txt HTTP/1.1" 404 208 "-" "Mozilla/5.0 (compatible; DotBot/1.1; http://www.opensiteexplorer.org/dotbot, help@moz.com)"
95.211.230.94 - - [05/Nov/2017:07:04:32 -0800] "GET /utility/convert/index.php HTTP/1.1" 404 223 "-" "Mozilla/5.0 (Windows NT 10.0; Win64; x64) AppleWebKit/537.36 (KHTML, like Gecko) Chrome/56.0.2924.87 Safari/537.36"
77.75.78.170 - - [05/Nov/2017:07:55:14 -0800] "GET /robots.txt HTTP/1.1" 404 208 "-" "Mozilla/5.0 (compatible; SeznamBot/3.2; +http://napoveda.seznam.cz/en/seznambot-intro/)"
77.75.78.170 - - [05/Nov/2017:07:55:25 -0800] "GET /img/urban-cowgirl/2.jpg HTTP/1.1" 200 104975 "-" "Mozilla/5.0 (compatible; SeznamBot/3.2; +http://napoveda.seznam.cz/en/seznambot-intro/)"
46.229.164.101 - - [05/Nov/2017:08:19:21 -0800] "GET /robots.txt HTTP/1.1" 404 208 "-" "Mozilla/5.0 (compatible; SemrushBot/1.2~bl; +http://www.semrush.com/bot.html)"
66.249.70.17 - - [05/Nov/2017:11:45:33 -0800] "GET /robots.txt HTTP/1.1" 404 208 "-" "Mozilla/5.0 (compatible; Googlebot/2.1; +http://www.google.com/bot.html)"
66.249.70.19 - - [05/Nov/2017:11:45:35 -0800] "GET / HTTP/1.1" 200 15892 "-" "Mozilla/5.0 (compatible; Googlebot/2.1; +http://www.google.com/bot.html)"
66.249.70.19 - - [05/Nov/2017:11:45:37 -0800] "GET /js/modernizr.js HTTP/1.1" 200 5933 "https://www.rndsquared.com/" "Mozilla/5.0 (compatible; Googlebot/2.1; +http://www.google.com/bot.html)"
66.249.70.17 - - [05/Nov/2017:11:45:38 -0800] "GET /css/bootstrap.min.css HTTP/1.1" 200 11249 "https://www.rndsquared.com/" "Mozilla/5.0 (compatible; Googlebot/2.1; +http://www.google.com/bot.html)"
66.249.70.17 - - [05/Nov/2017:11:45:38 -0800] "GET /js/lightbox.js HTTP/1.1" 200 4210 "https://www.rndsquared.com/" "Mozilla/5.0 (compatible; Googlebot/2.1; +http://www.google.com/bot.html)"
66.249.70.19 - - [05/Nov/2017:11:45:39 -0800] "GET /css/lightbox.css HTTP/1.1" 200 1003 "https://www.rndsquared.com/" "Mozilla/5.0 (compatible; Googlebot/2.1; +http://www.google.com/bot.html)"
66.249.70.17 - - [05/Nov/2017:11:45:39 -0800] "GET /css/styles.css HTTP/1.1" 200 1975 "https://www.rndsquared.com/" "Mozilla/5.0 (compatible; Googlebot/2.1; +http://www.google.com/bot.html)"
66.249.70.17 - - [05/Nov/2017:11:45:40 -0800] "GET /js/scripts.js HTTP/1.1" 200 1227 "https://www.rndsquared.com/" "Mozilla/5.0 (compatible; Googlebot/2.1; +http://www.google.com/bot.html)"
180.76.15.150 - - [05/Nov/2017:13:38:30 -0800] "GET / HTTP/1.1" 200 72657 "-" "Mozilla/5.0 (compatible; Baiduspider/2.0; +http://www.baidu.com/search/spider.html)"
66.249.70.21 - - [05/Nov/2017:13:47:49 -0800] "GET /robots.txt HTTP/1.1" 404 208 "-" "Mozilla/5.0 (compatible; Googlebot/2.1; +http://www.google.com/bot.html)"
66.249.70.19 - - [05/Nov/2017:14:13:05 -0800] "GET / HTTP/1.1" 200 15892 "-" "Mozilla/5.0 (Linux; Android 6.0.1; Nexus 5X Build/MMB29P) AppleWebKit/537.36 (KHTML, like Gecko) Chrome/41.0.2272.96 Mobile Safari/537.36 (compatible; Googlebot/2.1; +http://www.google.com/bot.html)"
157.55.39.227 - - [05/Nov/2017:15:19:15 -0800] "GET / HTTP/1.1" 301 235 "-" "Mozilla/5.0 (compatible; bingbot/2.0; +http://www.bing.com/bingbot.htm)"
216.244.66.233 - - [05/Nov/2017:15:55:34 -0800] "GET /robots.txt HTTP/1.1" 404 208 "-" "Mozilla/5.0 (compatible; DotBot/1.1; http://www.opensiteexplorer.org/dotbot, help@moz.com)"
66.249.70.21 - - [05/Nov/2017:18:49:13 -0800] "GET / HTTP/1.1" 200 15892 "-" "Mozilla/5.0 (compatible; Googlebot/2.1; +http://www.google.com/bot.html)"
66.249.70.17 - - [05/Nov/2017:19:14:44 -0800] "GET / HTTP/1.1" 200 15892 "-" "Mozilla/5.0 (Linux; Android 6.0.1; Nexus 5X Build/MMB29P) AppleWebKit/537.36 (KHTML, like Gecko) Chrome/41.0.2272.96 Mobile Safari/537.36 (compatible; Googlebot/2.1; +http://www.google.com/bot.html)"
216.244.66.233 - - [05/Nov/2017:19:34:12 -0800] "GET /robots.txt HTTP/1.1" 404 208 "-" "Mozilla/5.0 (compatible; DotBot/1.1; http://www.opensiteexplorer.org/dotbot, help@moz.com)"
77.88.47.19 - - [05/Nov/2017:20:06:32 -0800] "GET /robots.txt HTTP/1.1" 404 208 "-" "Mozilla/5.0 (compatible; YandexBot/3.0; +http://yandex.com/bots)"
77.88.47.19 - - [05/Nov/2017:20:06:36 -0800] "GET /favicon.ico HTTP/1.1" 404 209 "-" "Mozilla/5.0 (compatible; YandexBot/3.0; +http://yandex.com/bots)"
66.249.70.19 - - [05/Nov/2017:20:25:51 -0800] "GET / HTTP/1.1" 200 15892 "-" "Mozilla/5.0 (Linux; Android 6.0.1; Nexus 5X Build/MMB29P) AppleWebKit/537.36 (KHTML, like Gecko) Chrome/41.0.2272.96 Mobile Safari/537.36 (compatible; Googlebot/2.1; +http://www.google.com/bot.html)"
66.249.70.21 - - [05/Nov/2017:20:56:13 -0800] "GET / HTTP/1.1" 200 15892 "-" "Mozilla/5.0 (compatible; Googlebot/2.1; +http://www.google.com/bot.html)"
51.15.8.100 - - [05/Nov/2017:21:07:47 -0800] "GET /utility/convert/index.php HTTP/1.1" 404 223 "-" "Mozilla/5.0 (Windows NT 10.0; Win64; x64) AppleWebKit/537.36 (KHTML, like Gecko) Chrome/56.0.2924.87 Safari/537.36"
66.249.70.17 - - [05/Nov/2017:21:36:33 -0800] "GET / HTTP/1.1" 200 15892 "-" "Mozilla/5.0 (Linux; Android 6.0.1; Nexus 5X Build/MMB29P) AppleWebKit/537.36 (KHTML, like Gecko) Chrome/41.0.2272.96 Mobile Safari/537.36 (compatible; Googlebot/2.1; +http://www.google.com/bot.html)"
46.229.164.101 - - [05/Nov/2017:21:59:51 -0800] "GET /robots.txt HTTP/1.1" 404 208 "-" "Mozilla/5.0 (compatible; SemrushBot/1.2~bl; +http://www.semrush.com/bot.html)"
66.249.70.21 - - [05/Nov/2017:22:52:53 -0800] "GET / HTTP/1.1" 200 15892 "-" "Mozilla/5.0 (compatible; Googlebot/2.1; +http://www.google.com/bot.html)"
216.244.66.233 - - [05/Nov/2017:23:37:39 -0800] "GET /robots.txt HTTP/1.1" 404 208 "-" "Mozilla/5.0 (compatible; DotBot/1.1; http://www.opensiteexplorer.org/dotbot, help@moz.com)"
66.249.70.21 - - [05/Nov/2017:23:39:01 -0800] "GET / HTTP/1.1" 200 15892 "-" "Mozilla/5.0 (Linux; Android 6.0.1; Nexus 5X Build/MMB29P) AppleWebKit/537.36 (KHTML, like Gecko) Chrome/41.0.2272.96 Mobile Safari/537.36 (compatible; Googlebot/2.1; +http://www.google.com/bot.html)"
62.210.75.104 - - [06/Nov/2017:00:39:42 -0800] "GET / HTTP/1.1" 200 15892 "-" "Mozilla/5.0 (Macintosh; Intel Mac OS X 10_12_4) AppleWebKit/537.36 (KHTML, like Gecko) Chrome/57.0.2987.133 Safari/537.36"
62.210.75.104 - - [06/Nov/2017:00:39:42 -0800] "GET /js/modernizr.js HTTP/1.1" 200 5933 "https://www.rndsquared.com/" "Mozilla/5.0 (Macintosh; Intel Mac OS X 10_12_4) AppleWebKit/537.36 (KHTML, like Gecko) Chrome/57.0.2987.133 Safari/537.36"
62.210.75.104 - - [06/Nov/2017:00:39:43 -0800] "GET /js/lightbox.js HTTP/1.1" 200 4210 "https://www.rndsquared.com/" "Mozilla/5.0 (Macintosh; Intel Mac OS X 10_12_4) AppleWebKit/537.36 (KHTML, like Gecko) Chrome/57.0.2987.133 Safari/537.36"
62.210.75.104 - - [06/Nov/2017:00:39:43 -0800] "GET /js/scripts.js HTTP/1.1" 200 1227 "https://www.rndsquared.com/" "Mozilla/5.0 (Macintosh; Intel Mac OS X 10_12_4) AppleWebKit/537.36 (KHTML, like Gecko) Chrome/57.0.2987.133 Safari/537.36"
66.249.70.21 - - [06/Nov/2017:00:55:26 -0800] "GET /robots.txt HTTP/1.1" 404 208 "-" "Mozilla/5.0 (compatible; Googlebot/2.1; +http://www.google.com/bot.html)"
66.249.70.17 - - [06/Nov/2017:00:55:27 -0800] "GET / HTTP/1.1" 200 15892 "-" "Mozilla/5.0 (compatible; Googlebot/2.1; +http://www.google.com/bot.html)"
66.249.70.21 - - [06/Nov/2017:01:00:00 -0800] "GET / HTTP/1.1" 200 15892 "-" "Mozilla/5.0 (Linux; Android 6.0.1; Nexus 5X Build/MMB29P) AppleWebKit/537.36 (KHTML, like Gecko) Chrome/41.0.2272.96 Mobile Safari/537.36 (compatible; Googlebot/2.1; +http://www.google.com/bot.html)"
77.75.78.168 - - [06/Nov/2017:01:32:19 -0800] "GET /robots.txt HTTP/1.1" 404 208 "-" "Mozilla/5.0 (compatible; SeznamBot/3.2; +http://napoveda.seznam.cz/en/seznambot-intro/)"
77.75.78.168 - - [06/Nov/2017:01:32:22 -0800] "GET /img/autumn/3.jpg HTTP/1.1" 304 - "-" "Mozilla/5.0 (compatible; SeznamBot/3.2; +http://napoveda.seznam.cz/en/seznambot-intro/)"
216.244.66.233 - - [06/Nov/2017:02:10:12 -0800] "GET /robots.txt HTTP/1.1" 404 208 "-" "Mozilla/5.0 (compatible; DotBot/1.1; http://www.opensiteexplorer.org/dotbot, help@moz.com)"
216.244.66.233 - - [06/Nov/2017:03:14:02 -0800] "GET /robots.txt HTTP/1.1" 404 208 "-" "Mozilla/5.0 (compatible; DotBot/1.1; http://www.opensiteexplorer.org/dotbot, help@moz.com)"
207.241.229.30 - - [06/Nov/2017:03:17:24 -0800] "GET /robots.txt HTTP/1.0" 404 208 "-" "Mozilla/5.0 (compatible; archive.org_bot +http://www.archive.org/details/archive.org_bot)"
207.241.229.30 - - [06/Nov/2017:03:17:28 -0800] "GET /fonts/mn2-webfont.woff HTTP/1.0" 200 19320 "https://www.rndsquared.com/css/styles.css" "Mozilla/5.0 (compatible; archive.org_bot +http://www.archive.org/details/archive.org_bot)"
207.241.229.235 - - [06/Nov/2017:03:22:15 -0800] "GET /robots.txt HTTP/1.0" 404 208 "-" "Mozilla/5.0 (compatible; archive.org_bot +http://www.archive.org/details/archive.org_bot)"
207.241.229.235 - - [06/Nov/2017:03:22:19 -0800] "GET /img/logo.png HTTP/1.0" 200 13123 "https://www.rndsquared.com/css/styles.css" "Mozilla/5.0 (compatible; archive.org_bot +http://www.archive.org/details/archive.org_bot)"
207.241.229.235 - - [06/Nov/2017:03:22:39 -0800] "GET /img/marble.jpg HTTP/1.0" 200 292701 "https://www.rndsquared.com/css/styles.css" "Mozilla/5.0 (compatible; archive.org_bot +http://www.archive.org/details/archive.org_bot)"
207.241.229.236 - - [06/Nov/2017:03:28:40 -0800] "GET /robots.txt HTTP/1.0" 404 208 "-" "Mozilla/5.0 (compatible; archive.org_bot +http://www.archive.org/details/archive.org_bot)"
207.241.229.236 - - [06/Nov/2017:03:28:43 -0800] "GET /fonts/mn2-webfont.eot HTTP/1.0" 200 16608 "https://www.rndsquared.com/css/styles.css" "Mozilla/5.0 (compatible; archive.org_bot +http://www.archive.org/details/archive.org_bot)"
207.241.231.165 - - [06/Nov/2017:03:38:36 -0800] "GET /robots.txt HTTP/1.0" 404 208 "-" "Mozilla/5.0 (compatible; archive.org_bot +http://www.archive.org/details/archive.org_bot)"
207.241.231.165 - - [06/Nov/2017:03:38:39 -0800] "GET /fonts/mn2-webfont.ttf HTTP/1.0" 200 35628 "https://www.rndsquared.com/css/styles.css" "Mozilla/5.0 (compatible; archive.org_bot +http://www.archive.org/details/archive.org_bot)"
207.241.231.164 - - [06/Nov/2017:03:44:44 -0800] "GET /robots.txt HTTP/1.0" 404 208 "-" "Mozilla/5.0 (compatible; archive.org_bot +http://www.archive.org/details/archive.org_bot)"
207.241.231.164 - - [06/Nov/2017:03:44:47 -0800] "GET /fonts/mn2-webfont.svg HTTP/1.0" 200 48067 "https://www.rndsquared.com/css/styles.css" "Mozilla/5.0 (compatible; archive.org_bot +http://www.archive.org/details/archive.org_bot)"
66.249.70.17 - - [06/Nov/2017:03:52:22 -0800] "GET / HTTP/1.1" 200 15892 "-" "Mozilla/5.0 (compatible; Googlebot/2.1; +http://www.google.com/bot.html)"
207.241.229.31 - - [06/Nov/2017:03:55:15 -0800] "GET /robots.txt HTTP/1.0" 404 208 "-" "Mozilla/5.0 (compatible; archive.org_bot +http://www.archive.org/details/archive.org_bot)"
207.241.229.31 - - [06/Nov/2017:03:55:18 -0800] "GET /css/images/prev.png HTTP/1.0" 200 1360 "https://www.rndsquared.com/css/lightbox.css" "Mozilla/5.0 (compatible; archive.org_bot +http://www.archive.org/details/archive.org_bot)"
207.241.229.30 - - [06/Nov/2017:03:57:51 -0800] "GET /css/images/loading.gif HTTP/1.0" 200 8476 "https://www.rndsquared.com/css/lightbox.css" "Mozilla/5.0 (compatible; archive.org_bot +http://www.archive.org/details/archive.org_bot)"
207.241.229.30 - - [06/Nov/2017:04:02:08 -0800] "GET /css/images/close.png HTTP/1.0" 200 280 "https://www.rndsquared.com/css/lightbox.css" "Mozilla/5.0 (compatible; archive.org_bot +http://www.archive.org/details/archive.org_bot)"
207.241.229.30 - - [06/Nov/2017:04:18:48 -0800] "GET /fonts/mn2-webfont.woff2 HTTP/1.0" 200 15004 "https://www.rndsquared.com/css/styles.css" "Mozilla/5.0 (compatible; archive.org_bot +http://www.archive.org/details/archive.org_bot)"
207.241.229.30 - - [06/Nov/2017:04:34:04 -0800] "GET /css/images/next.png HTTP/1.0" 200 1350 "https://www.rndsquared.com/css/lightbox.css" "Mozilla/5.0 (compatible; archive.org_bot +http://www.archive.org/details/archive.org_bot)"
216.244.66.233 - - [06/Nov/2017:04:50:56 -0800] "GET /robots.txt HTTP/1.1" 404 208 "-" "Mozilla/5.0 (compatible; DotBot/1.1; http://www.opensiteexplorer.org/dotbot, help@moz.com)"
66.249.70.19 - - [06/Nov/2017:04:56:12 -0800] "GET / HTTP/1.1" 200 15892 "-" "Mozilla/5.0 (compatible; Googlebot/2.1; +http://www.google.com/bot.html)"
216.244.66.233 - - [06/Nov/2017:05:13:24 -0800] "GET /robots.txt HTTP/1.1" 404 208 "-" "Mozilla/5.0 (compatible; DotBot/1.1; http://www.opensiteexplorer.org/dotbot, help@moz.com)"
216.244.66.233 - - [06/Nov/2017:06:28:51 -0800] "GET /robots.txt HTTP/1.1" 404 208 "-" "Mozilla/5.0 (compatible; DotBot/1.1; http://www.opensiteexplorer.org/dotbot, help@moz.com)"
216.244.66.233 - - [06/Nov/2017:07:21:34 -0800] "GET /robots.txt HTTP/1.1" 404 208 "-" "Mozilla/5.0 (compatible; DotBot/1.1; http://www.opensiteexplorer.org/dotbot, help@moz.com)"
157.55.39.6 - - [06/Nov/2017:07:48:22 -0800] "GET /robots.txt HTTP/1.1" 301 245 "-" "Mozilla/5.0 (compatible; bingbot/2.0; +http://www.bing.com/bingbot.htm)"
157.55.39.6 - - [06/Nov/2017:07:48:23 -0800] "GET /robots.txt HTTP/1.1" 404 208 "-" "Mozilla/5.0 (compatible; bingbot/2.0; +http://www.bing.com/bingbot.htm)"
157.55.39.6 - - [06/Nov/2017:07:48:23 -0800] "GET /robots.txt HTTP/1.1" 301 245 "-" "Mozilla/5.0 (compatible; bingbot/2.0; +http://www.bing.com/bingbot.htm)"
157.55.39.6 - - [06/Nov/2017:07:48:23 -0800] "GET /robots.txt HTTP/1.1" 404 208 "-" "Mozilla/5.0 (compatible; bingbot/2.0; +http://www.bing.com/bingbot.htm)"
157.55.39.227 - - [06/Nov/2017:07:48:26 -0800] "GET / HTTP/1.1" 301 235 "-" "Mozilla/5.0 (compatible; bingbot/2.0; +http://www.bing.com/bingbot.htm)"
66.249.70.19 - - [06/Nov/2017:08:30:32 -0800] "GET / HTTP/1.1" 200 15892 "-" "Mozilla/5.0 (compatible; Googlebot/2.1; +http://www.google.com/bot.html)"
216.244.66.233 - - [06/Nov/2017:09:48:58 -0800] "GET /robots.txt HTTP/1.1" 404 208 "-" "Mozilla/5.0 (compatible; DotBot/1.1; http://www.opensiteexplorer.org/dotbot, help@moz.com)"
216.244.66.233 - - [06/Nov/2017:10:40:23 -0800] "GET /robots.txt HTTP/1.1" 404 208 "-" "Mozilla/5.0 (compatible; DotBot/1.1; http://www.opensiteexplorer.org/dotbot, help@moz.com)"
66.249.70.19 - - [06/Nov/2017:10:53:02 -0800] "GET / HTTP/1.1" 200 15892 "-" "Mozilla/5.0 (compatible; Googlebot/2.1; +http://www.google.com/bot.html)"
216.244.66.233 - - [06/Nov/2017:11:06:06 -0800] "GET /robots.txt HTTP/1.1" 404 208 "-" "Mozilla/5.0 (compatible; DotBot/1.1; http://www.opensiteexplorer.org/dotbot, help@moz.com)"
77.88.47.19 - - [06/Nov/2017:11:19:35 -0800] "GET /robots.txt HTTP/1.1" 404 208 "-" "Mozilla/5.0 (compatible; YandexBot/3.0; +http://yandex.com/bots)"
5.255.250.42 - - [06/Nov/2017:11:19:39 -0800] "GET / HTTP/1.1" 200 15892 "-" "Mozilla/5.0 (compatible; YandexBot/3.0; +http://yandex.com/bots)"
216.244.66.233 - - [06/Nov/2017:11:57:26 -0800] "GET /robots.txt HTTP/1.1" 404 208 "-" "Mozilla/5.0 (compatible; DotBot/1.1; http://www.opensiteexplorer.org/dotbot, help@moz.com)"
185.170.42.18 - - [06/Nov/2017:11:58:10 -0800] "GET /utility/convert/index.php HTTP/1.1" 404 223 "-" "Mozilla/5.0 (Windows NT 10.0; Win64; x64) AppleWebKit/537.36 (KHTML, like Gecko) Chrome/56.0.2924.87 Safari/537.36"
216.244.66.233 - - [06/Nov/2017:12:20:03 -0800] "GET /robots.txt HTTP/1.1" 404 208 "-" "Mozilla/5.0 (compatible; DotBot/1.1; http://www.opensiteexplorer.org/dotbot, help@moz.com)"
46.229.164.101 - - [06/Nov/2017:12:59:28 -0800] "GET /robots.txt HTTP/1.1" 404 208 "-" "Mozilla/5.0 (compatible; SemrushBot/1.2~bl; +http://www.semrush.com/bot.html)"
66.249.70.19 - - [06/Nov/2017:14:14:08 -0800] "GET /robots.txt HTTP/1.1" 404 208 "-" "Mozilla/5.0 (compatible; Googlebot/2.1; +http://www.google.com/bot.html)"
66.249.70.19 - - [06/Nov/2017:14:14:08 -0800] "GET / HTTP/1.1" 200 15892 "-" "Mozilla/5.0 (compatible; Googlebot/2.1; +http://www.google.com/bot.html)"
216.244.66.233 - - [06/Nov/2017:14:51:11 -0800] "GET /robots.txt HTTP/1.1" 404 208 "-" "Mozilla/5.0 (compatible; DotBot/1.1; http://www.opensiteexplorer.org/dotbot, help@moz.com)"
66.249.69.51 - - [06/Nov/2017:16:41:37 -0800] "GET / HTTP/1.1" 200 15892 "-" "Mozilla/5.0 (compatible; Googlebot/2.1; +http://www.google.com/bot.html)"
46.229.164.101 - - [06/Nov/2017:16:50:45 -0800] "GET /robots.txt HTTP/1.1" 404 208 "-" "Mozilla/5.0 (compatible; SemrushBot/1.2~bl; +http://www.semrush.com/bot.html)"
216.244.66.233 - - [06/Nov/2017:17:16:53 -0800] "GET /robots.txt HTTP/1.1" 404 208 "-" "Mozilla/5.0 (compatible; DotBot/1.1; http://www.opensiteexplorer.org/dotbot, help@moz.com)"
158.46.200.239 - - [06/Nov/2017:18:08:34 -0800] "GET / HTTP/1.1" 200 15892 "-" "Mozilla/5.0 (Macintosh; Intel Mac OS X 10_12_5) AppleWebKit/537.36 (KHTML, like Gecko) Chrome/58.0.3029.110 Safari/537.36"
157.55.39.227 - - [06/Nov/2017:20:25:36 -0800] "GET / HTTP/1.1" 301 235 "-" "Mozilla/5.0 (compatible; bingbot/2.0; +http://www.bing.com/bingbot.htm)"
216.244.66.233 - - [06/Nov/2017:20:29:39 -0800] "GET /robots.txt HTTP/1.1" 404 208 "-" "Mozilla/5.0 (compatible; DotBot/1.1; http://www.opensiteexplorer.org/dotbot, help@moz.com)"
180.76.15.153 - - [06/Nov/2017:20:34:16 -0800] "GET /js/modernizr.js HTTP/1.1" 200 14521 "-" "Mozilla/5.0 (compatible; Baiduspider/2.0; +http://www.baidu.com/search/spider.html)"
216.244.66.233 - - [06/Nov/2017:22:29:11 -0800] "GET /robots.txt HTTP/1.1" 404 208 "-" "Mozilla/5.0 (compatible; DotBot/1.1; http://www.opensiteexplorer.org/dotbot, help@moz.com)"
165.227.105.146 - - [06/Nov/2017:23:18:45 -0800] "GET / HTTP/1.0" 200 72657 "-" "Mozilla/4.0 (compatible; MSIE 6.0; Windows NT)"
216.244.66.202 - - [07/Nov/2017:01:17:38 -0800] "GET /robots.txt HTTP/1.1" 404 208 "-" "Mozilla/5.0 (compatible; DotBot/1.1; http://www.opensiteexplorer.org/dotbot, help@moz.com)"
185.100.87.207 - - [07/Nov/2017:01:26:00 -0800] "GET /utility/convert/index.php HTTP/1.1" 404 223 "-" "Mozilla/5.0 (Windows NT 10.0; Win64; x64) AppleWebKit/537.36 (KHTML, like Gecko) Chrome/56.0.2924.87 Safari/537.36"
77.75.76.166 - - [07/Nov/2017:02:07:58 -0800] "GET /robots.txt HTTP/1.1" 404 208 "-" "Mozilla/5.0 (compatible; SeznamBot/3.2; +http://napoveda.seznam.cz/en/seznambot-intro/)"
77.75.76.166 - - [07/Nov/2017:02:08:01 -0800] "GET /img/mixman/15.jpg HTTP/1.1" 200 115845 "-" "Mozilla/5.0 (compatible; SeznamBot/3.2; +http://napoveda.seznam.cz/en/seznambot-intro/)"
77.88.47.19 - - [07/Nov/2017:04:36:21 -0800] "GET /robots.txt HTTP/1.1" 404 208 "-" "Mozilla/5.0 (compatible; YandexBot/3.0; +http://yandex.com/bots)"
77.88.47.19 - - [07/Nov/2017:04:36:25 -0800] "GET / HTTP/1.1" 200 15892 "-" "Mozilla/5.0 (compatible; YandexBot/3.0; +http://yandex.com/bots)"
194.187.170.145 - - [07/Nov/2017:05:44:31 -0800] "GET /robots.txt HTTP/1.0" 404 208 "-" "Mozilla/5.0 (compatible; Qwantify/2.4w; +https://www.qwant.com/)/2.4w"
194.187.170.145 - - [07/Nov/2017:05:44:32 -0800] "GET / HTTP/1.0" 200 15892 "-" "Mozilla/5.0 (compatible; Qwantify/2.4w; +https://www.qwant.com/)/2.4w"
46.229.164.101 - - [07/Nov/2017:06:04:12 -0800] "GET /robots.txt HTTP/1.1" 404 208 "-" "Mozilla/5.0 (compatible; SemrushBot/1.2~bl; +http://www.semrush.com/bot.html)"
216.244.66.233 - - [07/Nov/2017:07:46:13 -0800] "GET /robots.txt HTTP/1.1" 404 208 "-" "Mozilla/5.0 (compatible; DotBot/1.1; http://www.opensiteexplorer.org/dotbot, help@moz.com)"
180.76.15.147 - - [07/Nov/2017:07:58:58 -0800] "GET / HTTP/1.1" 200 72657 "-" "Mozilla/5.0 (compatible; Baiduspider/2.0; +http://www.baidu.com/search/spider.html)"
46.229.164.101 - - [07/Nov/2017:10:03:44 -0800] "GET /robots.txt HTTP/1.1" 404 208 "-" "Mozilla/5.0 (compatible; SemrushBot/1.2~bl; +http://www.semrush.com/bot.html)"
157.55.39.227 - - [07/Nov/2017:10:33:40 -0800] "GET / HTTP/1.1" 301 235 "-" "Mozilla/5.0 (compatible; bingbot/2.0; +http://www.bing.com/bingbot.htm)"
5.196.87.42 - - [07/Nov/2017:11:17:30 -0800] "GET /robots.txt HTTP/1.1" 404 208 "-" "Mozilla/5.0 (compatible; AhrefsBot/5.2; +http://ahrefs.com/robot/)"
216.244.66.233 - - [07/Nov/2017:11:26:32 -0800] "GET /robots.txt HTTP/1.1" 404 208 "-" "Mozilla/5.0 (compatible; DotBot/1.1; http://www.opensiteexplorer.org/dotbot, help@moz.com)"
174.238.133.92 - - [07/Nov/2017:11:35:01 -0800] "GET /img/autumn/thumbs/2.jpg HTTP/1.1" 200 45196 "https://www.google.com/" "Mozilla/5.0 (iPhone; CPU iPhone OS 11_0_3 like Mac OS X) AppleWebKit/604.1.38 (KHTML, like Gecko) Version/11.0 Mobile/15A432 Safari/604.1"
207.46.13.201 - - [07/Nov/2017:13:16:52 -0800] "GET /robots.txt HTTP/1.1" 404 208 "-" "Mozilla/5.0 (compatible; bingbot/2.0; +http://www.bing.com/bingbot.htm)"
66.249.73.149 - - [07/Nov/2017:14:03:33 -0800] "GET /robots.txt HTTP/1.1" 404 208 "-" "Mozilla/5.0 (compatible; Googlebot/2.1; +http://www.google.com/bot.html)"
66.249.73.147 - - [07/Nov/2017:14:03:33 -0800] "GET /img/oncekids-fujimini/thumbs/8.jpg HTTP/1.1" 304 - "-" "Googlebot-Image/1.0"
66.249.73.145 - - [07/Nov/2017:14:03:37 -0800] "GET /img/urban-cowgirl/1.jpg HTTP/1.1" 304 - "-" "Googlebot-Image/1.0"
216.244.66.233 - - [07/Nov/2017:15:46:17 -0800] "GET /robots.txt HTTP/1.1" 404 208 "-" "Mozilla/5.0 (compatible; DotBot/1.1; http://www.opensiteexplorer.org/dotbot, help@moz.com)"
185.100.87.207 - - [07/Nov/2017:16:58:56 -0800] "GET /utility/convert/index.php HTTP/1.1" 404 223 "-" "Mozilla/5.0 (Windows NT 10.0; Win64; x64) AppleWebKit/537.36 (KHTML, like Gecko) Chrome/56.0.2924.87 Safari/537.36"
217.69.143.65 - - [07/Nov/2017:17:25:55 -0800] "GET /robots.txt HTTP/1.0" 301 245 "-" "Mozilla/5.0 (compatible; Linux x86_64; Mail.RU_Bot/Robots/2.0; +http://go.mail.ru/help/robots)"
217.69.143.67 - - [07/Nov/2017:17:25:57 -0800] "GET / HTTP/1.1" 301 235 "-" "Mozilla/5.0 (compatible; Linux x86_64; Mail.RU_Bot/Robots/2.0; +http://go.mail.ru/help/robots)"
217.69.143.71 - - [07/Nov/2017:17:26:02 -0800] "GET /robots.txt HTTP/1.0" 404 208 "-" "Mozilla/5.0 (compatible; Linux x86_64; Mail.RU_Bot/Robots/2.0; +http://go.mail.ru/help/robots)"
217.69.143.67 - - [07/Nov/2017:17:26:04 -0800] "GET / HTTP/1.1" 200 15892 "https://rndsquared.com/" "Mozilla/5.0 (compatible; Linux x86_64; Mail.RU_Bot/Robots/2.0; +http://go.mail.ru/help/robots)"
216.244.66.233 - - [07/Nov/2017:18:07:44 -0800] "GET /robots.txt HTTP/1.1" 404 208 "-" "Mozilla/5.0 (compatible; DotBot/1.1; http://www.opensiteexplorer.org/dotbot, help@moz.com)"
216.244.66.233 - - [07/Nov/2017:19:11:59 -0800] "GET /robots.txt HTTP/1.1" 404 208 "-" "Mozilla/5.0 (compatible; DotBot/1.1; http://www.opensiteexplorer.org/dotbot, help@moz.com)"
151.80.31.151 - - [07/Nov/2017:19:32:54 -0800] "GET /robots.txt HTTP/1.1" 404 208 "-" "Mozilla/5.0 (compatible; AhrefsBot/5.2; +http://ahrefs.com/robot/)"
216.244.66.233 - - [07/Nov/2017:20:19:41 -0800] "GET /robots.txt HTTP/1.1" 404 208 "-" "Mozilla/5.0 (compatible; DotBot/1.1; http://www.opensiteexplorer.org/dotbot, help@moz.com)"
216.244.66.233 - - [07/Nov/2017:20:41:32 -0800] "GET /robots.txt HTTP/1.1" 404 208 "-" "Mozilla/5.0 (compatible; DotBot/1.1; http://www.opensiteexplorer.org/dotbot, help@moz.com)"
46.229.164.101 - - [07/Nov/2017:20:49:41 -0800] "GET /robots.txt HTTP/1.1" 404 208 "-" "Mozilla/5.0 (compatible; SemrushBot/1.2~bl; +http://www.semrush.com/bot.html)"
216.244.66.233 - - [07/Nov/2017:21:04:40 -0800] "GET /robots.txt HTTP/1.1" 404 208 "-" "Mozilla/5.0 (compatible; DotBot/1.1; http://www.opensiteexplorer.org/dotbot, help@moz.com)"
66.249.73.221 - - [07/Nov/2017:21:15:41 -0800] "GET /robots.txt HTTP/1.1" 301 245 "-" "Mozilla/5.0 (compatible; Googlebot/2.1; +http://www.google.com/bot.html)"
66.249.73.147 - - [07/Nov/2017:21:15:42 -0800] "GET /robots.txt HTTP/1.1" 404 208 "-" "Mozilla/5.0 (compatible; Googlebot/2.1; +http://www.google.com/bot.html)"
66.249.73.221 - - [07/Nov/2017:21:15:42 -0800] "GET /.well-known/assetlinks.json HTTP/1.1" 301 262 "-" "Mozilla/5.0 (compatible; Googlebot/2.1; +http://www.google.com/bot.html)"
66.249.73.149 - - [07/Nov/2017:21:15:43 -0800] "GET /.well-known/assetlinks.json HTTP/1.1" 404 225 "-" "Mozilla/5.0 (compatible; Googlebot/2.1; +http://www.google.com/bot.html)"
216.244.66.233 - - [07/Nov/2017:22:16:28 -0800] "GET /robots.txt HTTP/1.1" 404 208 "-" "Mozilla/5.0 (compatible; DotBot/1.1; http://www.opensiteexplorer.org/dotbot, help@moz.com)"
157.55.39.227 - - [07/Nov/2017:22:23:34 -0800] "GET / HTTP/1.1" 301 235 "-" "Mozilla/5.0 (compatible; bingbot/2.0; +http://www.bing.com/bingbot.htm)"
216.244.66.233 - - [07/Nov/2017:23:04:50 -0800] "GET /robots.txt HTTP/1.1" 404 208 "-" "Mozilla/5.0 (compatible; DotBot/1.1; http://www.opensiteexplorer.org/dotbot, help@moz.com)"
46.229.164.101 - - [08/Nov/2017:00:45:49 -0800] "GET /robots.txt HTTP/1.1" 404 208 "-" "Mozilla/5.0 (compatible; SemrushBot/1.2~bl; +http://www.semrush.com/bot.html)"
216.244.66.233 - - [08/Nov/2017:01:27:37 -0800] "GET /robots.txt HTTP/1.1" 404 208 "-" "Mozilla/5.0 (compatible; DotBot/1.1; http://www.opensiteexplorer.org/dotbot, help@moz.com)"
216.244.66.233 - - [08/Nov/2017:02:15:01 -0800] "GET /robots.txt HTTP/1.1" 404 208 "-" "Mozilla/5.0 (compatible; DotBot/1.1; http://www.opensiteexplorer.org/dotbot, help@moz.com)"
216.244.66.233 - - [08/Nov/2017:02:37:56 -0800] "GET /robots.txt HTTP/1.1" 404 208 "-" "Mozilla/5.0 (compatible; DotBot/1.1; http://www.opensiteexplorer.org/dotbot, help@moz.com)"
216.244.66.233 - - [08/Nov/2017:03:27:21 -0800] "GET /robots.txt HTTP/1.1" 404 208 "-" "Mozilla/5.0 (compatible; DotBot/1.1; http://www.opensiteexplorer.org/dotbot, help@moz.com)"
216.244.66.233 - - [08/Nov/2017:03:49:09 -0800] "GET /robots.txt HTTP/1.1" 404 208 "-" "Mozilla/5.0 (compatible; DotBot/1.1; http://www.opensiteexplorer.org/dotbot, help@moz.com)"
185.170.42.18 - - [08/Nov/2017:05:45:04 -0800] "GET /utility/convert/index.php HTTP/1.1" 404 223 "-" "Mozilla/5.0 (Windows NT 10.0; Win64; x64) AppleWebKit/537.36 (KHTML, like Gecko) Chrome/56.0.2924.87 Safari/537.36"
66.249.73.149 - - [08/Nov/2017:06:23:20 -0800] "GET /robots.txt HTTP/1.1" 404 208 "-" "Mozilla/5.0 (compatible; Googlebot/2.1; +http://www.google.com/bot.html)"
66.249.73.147 - - [08/Nov/2017:06:23:21 -0800] "GET / HTTP/1.1" 200 15892 "-" "Mozilla/5.0 (Linux; Android 6.0.1; Nexus 5X Build/MMB29P) AppleWebKit/537.36 (KHTML, like Gecko) Chrome/41.0.2272.96 Mobile Safari/537.36 (compatible; Googlebot/2.1; +http://www.google.com/bot.html)"
216.244.66.233 - - [08/Nov/2017:06:36:40 -0800] "GET /robots.txt HTTP/1.1" 404 208 "-" "Mozilla/5.0 (compatible; DotBot/1.1; http://www.opensiteexplorer.org/dotbot, help@moz.com)"
216.244.66.233 - - [08/Nov/2017:08:55:50 -0800] "GET /robots.txt HTTP/1.1" 404 208 "-" "Mozilla/5.0 (compatible; DotBot/1.1; http://www.opensiteexplorer.org/dotbot, help@moz.com)"
66.249.73.149 - - [08/Nov/2017:09:36:50 -0800] "GET /robots.txt HTTP/1.1" 404 208 "-" "Mozilla/5.0 (compatible; Googlebot/2.1; +http://www.google.com/bot.html)"
66.249.73.149 - - [08/Nov/2017:09:36:51 -0800] "GET / HTTP/1.1" 200 15892 "-" "Mozilla/5.0 (compatible; Googlebot/2.1; +http://www.google.com/bot.html)"
77.88.47.19 - - [08/Nov/2017:10:12:06 -0800] "GET /robots.txt HTTP/1.1" 404 208 "-" "Mozilla/5.0 (compatible; YandexBot/3.0; +http://yandex.com/bots)"
5.255.250.42 - - [08/Nov/2017:10:12:10 -0800] "GET / HTTP/1.1" 200 15892 "-" "Mozilla/5.0 (compatible; YandexBot/3.0; +http://yandex.com/bots)"
157.55.39.6 - - [08/Nov/2017:11:44:28 -0800] "GET /robots.txt HTTP/1.1" 403 212 "-" "Mozilla/5.0 (compatible; bingbot/2.0; +http://www.bing.com/bingbot.htm)"
157.55.39.6 - - [08/Nov/2017:11:44:29 -0800] "GET /robots.txt HTTP/1.1" 404 208 "-" "Mozilla/5.0 (compatible; bingbot/2.0; +http://www.bing.com/bingbot.htm)"
157.55.39.227 - - [08/Nov/2017:11:44:34 -0800] "GET / HTTP/1.1" 200 15892 "-" "Mozilla/5.0 (compatible; bingbot/2.0; +http://www.bing.com/bingbot.htm)"
46.229.164.101 - - [08/Nov/2017:11:52:58 -0800] "GET /robots.txt HTTP/1.1" 404 208 "-" "Mozilla/5.0 (compatible; SemrushBot/1.2~bl; +http://www.semrush.com/bot.html)"
216.244.66.233 - - [08/Nov/2017:12:08:54 -0800] "GET /robots.txt HTTP/1.1" 404 208 "-" "Mozilla/5.0 (compatible; DotBot/1.1; http://www.opensiteexplorer.org/dotbot, help@moz.com)"
157.55.39.6 - - [08/Nov/2017:12:30:48 -0800] "GET /robots.txt HTTP/1.1" 301 245 "-" "Mozilla/5.0 (compatible; bingbot/2.0; +http://www.bing.com/bingbot.htm)"
157.55.39.6 - - [08/Nov/2017:12:30:48 -0800] "GET /robots.txt HTTP/1.1" 404 208 "-" "Mozilla/5.0 (compatible; bingbot/2.0; +http://www.bing.com/bingbot.htm)"
157.55.39.6 - - [08/Nov/2017:12:30:49 -0800] "GET /robots.txt HTTP/1.1" 301 245 "-" "Mozilla/5.0 (compatible; bingbot/2.0; +http://www.bing.com/bingbot.htm)"
157.55.39.6 - - [08/Nov/2017:12:30:49 -0800] "GET /robots.txt HTTP/1.1" 404 208 "-" "Mozilla/5.0 (compatible; bingbot/2.0; +http://www.bing.com/bingbot.htm)"
157.55.39.227 - - [08/Nov/2017:12:30:52 -0800] "GET / HTTP/1.1" 301 235 "-" "Mozilla/5.0 (compatible; bingbot/2.0; +http://www.bing.com/bingbot.htm)"
207.46.13.201 - - [08/Nov/2017:13:41:57 -0800] "GET /robots.txt HTTP/1.1" 404 208 "-" "Mozilla/5.0 (compatible; bingbot/2.0; +http://www.bing.com/bingbot.htm)"
131.253.27.56 - - [08/Nov/2017:13:41:58 -0800] "GET /css/bootstrap.min.css HTTP/1.1" 200 63993 "-" "Mozilla/5.0 (Windows NT 6.1; WOW64) AppleWebKit/534+ (KHTML, like Gecko) BingPreview/1.0b"
131.253.27.16 - - [08/Nov/2017:13:41:58 -0800] "GET /css/lightbox.css HTTP/1.1" 200 3874 "-" "Mozilla/5.0 (Windows NT 6.1; WOW64) AppleWebKit/534+ (KHTML, like Gecko) BingPreview/1.0b"
131.253.27.89 - - [08/Nov/2017:13:41:59 -0800] "GET /css/styles.css HTTP/1.1" 200 7906 "-" "Mozilla/5.0 (Windows NT 6.1; WOW64) AppleWebKit/534+ (KHTML, like Gecko) BingPreview/1.0b"
131.253.25.246 - - [08/Nov/2017:13:41:59 -0800] "GET /js/modernizr.js HTTP/1.1" 200 14521 "-" "Mozilla/5.0 (Windows NT 6.1; WOW64) AppleWebKit/534+ (KHTML, like Gecko) BingPreview/1.0b"
131.253.27.33 - - [08/Nov/2017:13:42:00 -0800] "GET /js/lightbox.js HTTP/1.1" 200 15366 "-" "Mozilla/5.0 (Windows NT 6.1; WOW64) AppleWebKit/534+ (KHTML, like Gecko) BingPreview/1.0b"
131.253.25.164 - - [08/Nov/2017:13:42:01 -0800] "GET /js/scripts.js HTTP/1.1" 200 3179 "-" "Mozilla/5.0 (Windows NT 6.1; WOW64) AppleWebKit/534+ (KHTML, like Gecko) BingPreview/1.0b"
131.253.27.33 - - [08/Nov/2017:13:42:01 -0800] "GET /fonts/mn2-webfont.ttf HTTP/1.1" 200 35628 "-" "Mozilla/5.0 (Windows NT 6.1; WOW64) AppleWebKit/534+ (KHTML, like Gecko) BingPreview/1.0b"
65.55.213.29 - - [08/Nov/2017:13:42:02 -0800] "GET /fonts/mn2-webfont.svg HTTP/1.1" 200 48067 "-" "Mozilla/5.0 (Windows NT 6.1; WOW64) AppleWebKit/534+ (KHTML, like Gecko) BingPreview/1.0b"
157.55.39.227 - - [08/Nov/2017:13:42:03 -0800] "GET /robots.txt HTTP/1.1" 404 208 "-" "Mozilla/5.0 (compatible; bingbot/2.0; +http://www.bing.com/bingbot.htm)"
66.249.73.145 - - [08/Nov/2017:13:56:31 -0800] "GET /css/bootstrap.min.css HTTP/1.1" 200 11249 "https://www.rndsquared.com/" "Mozilla/5.0 (compatible; Googlebot/2.1; +http://www.google.com/bot.html)"
66.249.73.145 - - [08/Nov/2017:13:56:31 -0800] "GET /css/lightbox.css HTTP/1.1" 200 1003 "https://www.rndsquared.com/" "Mozilla/5.0 (compatible; Googlebot/2.1; +http://www.google.com/bot.html)"
66.249.73.145 - - [08/Nov/2017:13:56:32 -0800] "GET /css/styles.css HTTP/1.1" 200 1975 "https://www.rndsquared.com/" "Mozilla/5.0 (compatible; Googlebot/2.1; +http://www.google.com/bot.html)"
216.244.66.233 - - [08/Nov/2017:13:57:02 -0800] "GET /robots.txt HTTP/1.1" 404 208 "-" "Mozilla/5.0 (compatible; DotBot/1.1; http://www.opensiteexplorer.org/dotbot, help@moz.com)"
77.75.77.17 - - [08/Nov/2017:14:28:41 -0800] "GET /robots.txt HTTP/1.1" 404 208 "-" "Mozilla/5.0 (compatible; SeznamBot/3.2; +http://napoveda.seznam.cz/en/seznambot-intro/)"
77.75.77.17 - - [08/Nov/2017:14:28:44 -0800] "GET /img/mixman/15.jpg HTTP/1.1" 200 115845 "-" "Mozilla/5.0 (compatible; SeznamBot/3.2; +http://napoveda.seznam.cz/en/seznambot-intro/)"
77.75.77.17 - - [08/Nov/2017:14:28:48 -0800] "GET /img/autumn/3.jpg HTTP/1.1" 304 - "-" "Mozilla/5.0 (compatible; SeznamBot/3.2; +http://napoveda.seznam.cz/en/seznambot-intro/)"
73.158.83.148 - - [08/Nov/2017:14:37:56 -0800] "GET / HTTP/1.1" 200 15892 "-" "Mozilla/5.0 (Windows NT 10.0; Win64; x64) AppleWebKit/537.36 (KHTML, like Gecko) Chrome/62.0.3202.89 Safari/537.36"
73.158.83.148 - - [08/Nov/2017:14:37:57 -0800] "GET /css/bootstrap.min.css HTTP/1.1" 200 11249 "https://www.rndsquared.com/" "Mozilla/5.0 (Windows NT 10.0; Win64; x64) AppleWebKit/537.36 (KHTML, like Gecko) Chrome/62.0.3202.89 Safari/537.36"
73.158.83.148 - - [08/Nov/2017:14:37:57 -0800] "GET /css/lightbox.css HTTP/1.1" 200 1003 "https://www.rndsquared.com/" "Mozilla/5.0 (Windows NT 10.0; Win64; x64) AppleWebKit/537.36 (KHTML, like Gecko) Chrome/62.0.3202.89 Safari/537.36"
73.158.83.148 - - [08/Nov/2017:14:37:57 -0800] "GET /css/styles.css HTTP/1.1" 200 1975 "https://www.rndsquared.com/" "Mozilla/5.0 (Windows NT 10.0; Win64; x64) AppleWebKit/537.36 (KHTML, like Gecko) Chrome/62.0.3202.89 Safari/537.36"
73.158.83.148 - - [08/Nov/2017:14:37:57 -0800] "GET /js/modernizr.js HTTP/1.1" 200 5933 "https://www.rndsquared.com/" "Mozilla/5.0 (Windows NT 10.0; Win64; x64) AppleWebKit/537.36 (KHTML, like Gecko) Chrome/62.0.3202.89 Safari/537.36"
73.158.83.148 - - [08/Nov/2017:14:37:57 -0800] "GET /img/mixman/thumbs/1.jpg HTTP/1.1" 200 35516 "https://www.rndsquared.com/" "Mozilla/5.0 (Windows NT 10.0; Win64; x64) AppleWebKit/537.36 (KHTML, like Gecko) Chrome/62.0.3202.89 Safari/537.36"
73.158.83.148 - - [08/Nov/2017:14:37:57 -0800] "GET /js/lightbox.js HTTP/1.1" 200 4210 "https://www.rndsquared.com/" "Mozilla/5.0 (Windows NT 10.0; Win64; x64) AppleWebKit/537.36 (KHTML, like Gecko) Chrome/62.0.3202.89 Safari/537.36"
73.158.83.148 - - [08/Nov/2017:14:37:57 -0800] "GET /fonts/mn2-webfont.woff2 HTTP/1.1" 200 15004 "https://www.rndsquared.com/css/styles.css" "Mozilla/5.0 (Windows NT 10.0; Win64; x64) AppleWebKit/537.36 (KHTML, like Gecko) Chrome/62.0.3202.89 Safari/537.36"
73.158.83.148 - - [08/Nov/2017:14:37:57 -0800] "GET /js/scripts.js HTTP/1.1" 200 1227 "https://www.rndsquared.com/" "Mozilla/5.0 (Windows NT 10.0; Win64; x64) AppleWebKit/537.36 (KHTML, like Gecko) Chrome/62.0.3202.89 Safari/537.36"
73.158.83.148 - - [08/Nov/2017:14:37:57 -0800] "GET /img/wu-wei/thumbs/1.jpg HTTP/1.1" 200 35144 "https://www.rndsquared.com/" "Mozilla/5.0 (Windows NT 10.0; Win64; x64) AppleWebKit/537.36 (KHTML, like Gecko) Chrome/62.0.3202.89 Safari/537.36"
73.158.83.148 - - [08/Nov/2017:14:37:57 -0800] "GET /img/urban-cowgirl/thumbs/1.jpg HTTP/1.1" 200 26624 "https://www.rndsquared.com/" "Mozilla/5.0 (Windows NT 10.0; Win64; x64) AppleWebKit/537.36 (KHTML, like Gecko) Chrome/62.0.3202.89 Safari/537.36"
73.158.83.148 - - [08/Nov/2017:14:37:57 -0800] "GET /img/oncekids-fujimini/thumbs/1.jpg HTTP/1.1" 200 36349 "https://www.rndsquared.com/" "Mozilla/5.0 (Windows NT 10.0; Win64; x64) AppleWebKit/537.36 (KHTML, like Gecko) Chrome/62.0.3202.89 Safari/537.36"
73.158.83.148 - - [08/Nov/2017:14:37:57 -0800] "GET /img/bs4w/thumbs/3.jpg HTTP/1.1" 200 21431 "https://www.rndsquared.com/" "Mozilla/5.0 (Windows NT 10.0; Win64; x64) AppleWebKit/537.36 (KHTML, like Gecko) Chrome/62.0.3202.89 Safari/537.36"
73.158.83.148 - - [08/Nov/2017:14:37:57 -0800] "GET /img/sfnoir/thumbs/2.jpg HTTP/1.1" 200 23061 "https://www.rndsquared.com/" "Mozilla/5.0 (Windows NT 10.0; Win64; x64) AppleWebKit/537.36 (KHTML, like Gecko) Chrome/62.0.3202.89 Safari/537.36"
73.158.83.148 - - [08/Nov/2017:14:37:57 -0800] "GET /img/njn/thumbs/1.jpg HTTP/1.1" 200 24676 "https://www.rndsquared.com/" "Mozilla/5.0 (Windows NT 10.0; Win64; x64) AppleWebKit/537.36 (KHTML, like Gecko) Chrome/62.0.3202.89 Safari/537.36"
73.158.83.148 - - [08/Nov/2017:14:37:57 -0800] "GET /img/logo.png HTTP/1.1" 200 13123 "https://www.rndsquared.com/css/styles.css" "Mozilla/5.0 (Windows NT 10.0; Win64; x64) AppleWebKit/537.36 (KHTML, like Gecko) Chrome/62.0.3202.89 Safari/537.36"
73.158.83.148 - - [08/Nov/2017:14:37:57 -0800] "GET /img/autumn/thumbs/1.jpg HTTP/1.1" 200 24768 "https://www.rndsquared.com/" "Mozilla/5.0 (Windows NT 10.0; Win64; x64) AppleWebKit/537.36 (KHTML, like Gecko) Chrome/62.0.3202.89 Safari/537.36"
73.158.83.148 - - [08/Nov/2017:14:37:57 -0800] "GET /img/mixman/thumbs/2.jpg HTTP/1.1" 200 24519 "https://www.rndsquared.com/" "Mozilla/5.0 (Windows NT 10.0; Win64; x64) AppleWebKit/537.36 (KHTML, like Gecko) Chrome/62.0.3202.89 Safari/537.36"
73.158.83.148 - - [08/Nov/2017:14:37:57 -0800] "GET /img/marble.jpg HTTP/1.1" 200 292701 "https://www.rndsquared.com/css/styles.css" "Mozilla/5.0 (Windows NT 10.0; Win64; x64) AppleWebKit/537.36 (KHTML, like Gecko) Chrome/62.0.3202.89 Safari/537.36"
73.158.83.148 - - [08/Nov/2017:14:37:57 -0800] "GET /img/mixman/thumbs/3.jpg HTTP/1.1" 200 32138 "https://www.rndsquared.com/" "Mozilla/5.0 (Windows NT 10.0; Win64; x64) AppleWebKit/537.36 (KHTML, like Gecko) Chrome/62.0.3202.89 Safari/537.36"
73.158.83.148 - - [08/Nov/2017:14:37:57 -0800] "GET /img/mixman/thumbs/4.jpg HTTP/1.1" 200 35783 "https://www.rndsquared.com/" "Mozilla/5.0 (Windows NT 10.0; Win64; x64) AppleWebKit/537.36 (KHTML, like Gecko) Chrome/62.0.3202.89 Safari/537.36"
73.158.83.148 - - [08/Nov/2017:14:37:57 -0800] "GET /img/mixman/thumbs/5.jpg HTTP/1.1" 200 23498 "https://www.rndsquared.com/" "Mozilla/5.0 (Windows NT 10.0; Win64; x64) AppleWebKit/537.36 (KHTML, like Gecko) Chrome/62.0.3202.89 Safari/537.36"
73.158.83.148 - - [08/Nov/2017:14:37:57 -0800] "GET /img/mixman/thumbs/6.jpg HTTP/1.1" 200 29592 "https://www.rndsquared.com/" "Mozilla/5.0 (Windows NT 10.0; Win64; x64) AppleWebKit/537.36 (KHTML, like Gecko) Chrome/62.0.3202.89 Safari/537.36"
73.158.83.148 - - [08/Nov/2017:14:37:57 -0800] "GET /img/mixman/thumbs/7.jpg HTTP/1.1" 200 29010 "https://www.rndsquared.com/" "Mozilla/5.0 (Windows NT 10.0; Win64; x64) AppleWebKit/537.36 (KHTML, like Gecko) Chrome/62.0.3202.89 Safari/537.36"
73.158.83.148 - - [08/Nov/2017:14:37:57 -0800] "GET /img/mixman/thumbs/9.jpg HTTP/1.1" 200 34012 "https://www.rndsquared.com/" "Mozilla/5.0 (Windows NT 10.0; Win64; x64) AppleWebKit/537.36 (KHTML, like Gecko) Chrome/62.0.3202.89 Safari/537.36"
73.158.83.148 - - [08/Nov/2017:14:37:57 -0800] "GET /img/mixman/thumbs/10.jpg HTTP/1.1" 200 31032 "https://www.rndsquared.com/" "Mozilla/5.0 (Windows NT 10.0; Win64; x64) AppleWebKit/537.36 (KHTML, like Gecko) Chrome/62.0.3202.89 Safari/537.36"
73.158.83.148 - - [08/Nov/2017:14:37:57 -0800] "GET /img/mixman/thumbs/11.jpg HTTP/1.1" 200 32588 "https://www.rndsquared.com/" "Mozilla/5.0 (Windows NT 10.0; Win64; x64) AppleWebKit/537.36 (KHTML, like Gecko) Chrome/62.0.3202.89 Safari/537.36"
73.158.83.148 - - [08/Nov/2017:14:37:58 -0800] "GET /img/mixman/thumbs/13.jpg HTTP/1.1" 200 28845 "https://www.rndsquared.com/" "Mozilla/5.0 (Windows NT 10.0; Win64; x64) AppleWebKit/537.36 (KHTML, like Gecko) Chrome/62.0.3202.89 Safari/537.36"
73.158.83.148 - - [08/Nov/2017:14:37:58 -0800] "GET /img/mixman/thumbs/15.jpg HTTP/1.1" 200 31677 "https://www.rndsquared.com/" "Mozilla/5.0 (Windows NT 10.0; Win64; x64) AppleWebKit/537.36 (KHTML, like Gecko) Chrome/62.0.3202.89 Safari/537.36"
73.158.83.148 - - [08/Nov/2017:14:37:58 -0800] "GET /img/mixman/thumbs/16.jpg HTTP/1.1" 200 36852 "https://www.rndsquared.com/" "Mozilla/5.0 (Windows NT 10.0; Win64; x64) AppleWebKit/537.36 (KHTML, like Gecko) Chrome/62.0.3202.89 Safari/537.36"
73.158.83.148 - - [08/Nov/2017:14:37:58 -0800] "GET /img/mixman/thumbs/17.jpg HTTP/1.1" 200 16331 "https://www.rndsquared.com/" "Mozilla/5.0 (Windows NT 10.0; Win64; x64) AppleWebKit/537.36 (KHTML, like Gecko) Chrome/62.0.3202.89 Safari/537.36"
73.158.83.148 - - [08/Nov/2017:14:37:58 -0800] "GET /img/mixman/thumbs/18.jpg HTTP/1.1" 200 20196 "https://www.rndsquared.com/" "Mozilla/5.0 (Windows NT 10.0; Win64; x64) AppleWebKit/537.36 (KHTML, like Gecko) Chrome/62.0.3202.89 Safari/537.36"
73.158.83.148 - - [08/Nov/2017:14:37:58 -0800] "GET /img/mixman/thumbs/19.jpg HTTP/1.1" 200 22007 "https://www.rndsquared.com/" "Mozilla/5.0 (Windows NT 10.0; Win64; x64) AppleWebKit/537.36 (KHTML, like Gecko) Chrome/62.0.3202.89 Safari/537.36"
73.158.83.148 - - [08/Nov/2017:14:37:58 -0800] "GET /img/urban-cowgirl/thumbs/2.jpg HTTP/1.1" 200 24103 "https://www.rndsquared.com/" "Mozilla/5.0 (Windows NT 10.0; Win64; x64) AppleWebKit/537.36 (KHTML, like Gecko) Chrome/62.0.3202.89 Safari/537.36"
73.158.83.148 - - [08/Nov/2017:14:37:58 -0800] "GET /img/urban-cowgirl/thumbs/3.jpg HTTP/1.1" 200 25487 "https://www.rndsquared.com/" "Mozilla/5.0 (Windows NT 10.0; Win64; x64) AppleWebKit/537.36 (KHTML, like Gecko) Chrome/62.0.3202.89 Safari/537.36"
73.158.83.148 - - [08/Nov/2017:14:37:58 -0800] "GET /img/urban-cowgirl/thumbs/4.jpg HTTP/1.1" 200 27112 "https://www.rndsquared.com/" "Mozilla/5.0 (Windows NT 10.0; Win64; x64) AppleWebKit/537.36 (KHTML, like Gecko) Chrome/62.0.3202.89 Safari/537.36"
73.158.83.148 - - [08/Nov/2017:14:37:58 -0800] "GET /img/urban-cowgirl/thumbs/5.jpg HTTP/1.1" 200 26913 "https://www.rndsquared.com/" "Mozilla/5.0 (Windows NT 10.0; Win64; x64) AppleWebKit/537.36 (KHTML, like Gecko) Chrome/62.0.3202.89 Safari/537.36"
73.158.83.148 - - [08/Nov/2017:14:37:58 -0800] "GET /img/urban-cowgirl/thumbs/6.jpg HTTP/1.1" 200 14645 "https://www.rndsquared.com/" "Mozilla/5.0 (Windows NT 10.0; Win64; x64) AppleWebKit/537.36 (KHTML, like Gecko) Chrome/62.0.3202.89 Safari/537.36"
73.158.83.148 - - [08/Nov/2017:14:37:58 -0800] "GET /img/oncekids-fujimini/thumbs/2.jpg HTTP/1.1" 200 36054 "https://www.rndsquared.com/" "Mozilla/5.0 (Windows NT 10.0; Win64; x64) AppleWebKit/537.36 (KHTML, like Gecko) Chrome/62.0.3202.89 Safari/537.36"
73.158.83.148 - - [08/Nov/2017:14:37:58 -0800] "GET /img/oncekids-fujimini/thumbs/3.jpg HTTP/1.1" 200 39586 "https://www.rndsquared.com/" "Mozilla/5.0 (Windows NT 10.0; Win64; x64) AppleWebKit/537.36 (KHTML, like Gecko) Chrome/62.0.3202.89 Safari/537.36"
73.158.83.148 - - [08/Nov/2017:14:37:58 -0800] "GET /img/oncekids-fujimini/thumbs/4.jpg HTTP/1.1" 200 39689 "https://www.rndsquared.com/" "Mozilla/5.0 (Windows NT 10.0; Win64; x64) AppleWebKit/537.36 (KHTML, like Gecko) Chrome/62.0.3202.89 Safari/537.36"
73.158.83.148 - - [08/Nov/2017:14:37:58 -0800] "GET /img/oncekids-fujimini/thumbs/5.jpg HTTP/1.1" 200 26202 "https://www.rndsquared.com/" "Mozilla/5.0 (Windows NT 10.0; Win64; x64) AppleWebKit/537.36 (KHTML, like Gecko) Chrome/62.0.3202.89 Safari/537.36"
73.158.83.148 - - [08/Nov/2017:14:37:58 -0800] "GET /img/oncekids-fujimini/thumbs/6.jpg HTTP/1.1" 200 27603 "https://www.rndsquared.com/" "Mozilla/5.0 (Windows NT 10.0; Win64; x64) AppleWebKit/537.36 (KHTML, like Gecko) Chrome/62.0.3202.89 Safari/537.36"
73.158.83.148 - - [08/Nov/2017:14:37:58 -0800] "GET /img/oncekids-fujimini/thumbs/7.jpg HTTP/1.1" 200 39450 "https://www.rndsquared.com/" "Mozilla/5.0 (Windows NT 10.0; Win64; x64) AppleWebKit/537.36 (KHTML, like Gecko) Chrome/62.0.3202.89 Safari/537.36"
73.158.83.148 - - [08/Nov/2017:14:37:58 -0800] "GET /img/oncekids-fujimini/thumbs/8.jpg HTTP/1.1" 200 23299 "https://www.rndsquared.com/" "Mozilla/5.0 (Windows NT 10.0; Win64; x64) AppleWebKit/537.36 (KHTML, like Gecko) Chrome/62.0.3202.89 Safari/537.36"
73.158.83.148 - - [08/Nov/2017:14:37:58 -0800] "GET /img/wu-wei/thumbs/2.jpg HTTP/1.1" 200 21193 "https://www.rndsquared.com/" "Mozilla/5.0 (Windows NT 10.0; Win64; x64) AppleWebKit/537.36 (KHTML, like Gecko) Chrome/62.0.3202.89 Safari/537.36"
73.158.83.148 - - [08/Nov/2017:14:37:58 -0800] "GET /img/wu-wei/thumbs/3.jpg HTTP/1.1" 200 22711 "https://www.rndsquared.com/" "Mozilla/5.0 (Windows NT 10.0; Win64; x64) AppleWebKit/537.36 (KHTML, like Gecko) Chrome/62.0.3202.89 Safari/537.36"
73.158.83.148 - - [08/Nov/2017:14:37:58 -0800] "GET /img/wu-wei/thumbs/4.jpg HTTP/1.1" 200 24258 "https://www.rndsquared.com/" "Mozilla/5.0 (Windows NT 10.0; Win64; x64) AppleWebKit/537.36 (KHTML, like Gecko) Chrome/62.0.3202.89 Safari/537.36"
73.158.83.148 - - [08/Nov/2017:14:37:58 -0800] "GET /img/wu-wei/thumbs/5.jpg HTTP/1.1" 200 22671 "https://www.rndsquared.com/" "Mozilla/5.0 (Windows NT 10.0; Win64; x64) AppleWebKit/537.36 (KHTML, like Gecko) Chrome/62.0.3202.89 Safari/537.36"
73.158.83.148 - - [08/Nov/2017:14:37:58 -0800] "GET /img/wu-wei/thumbs/6.jpg HTTP/1.1" 200 21768 "https://www.rndsquared.com/" "Mozilla/5.0 (Windows NT 10.0; Win64; x64) AppleWebKit/537.36 (KHTML, like Gecko) Chrome/62.0.3202.89 Safari/537.36"
73.158.83.148 - - [08/Nov/2017:14:37:58 -0800] "GET /img/wu-wei/thumbs/7.jpg HTTP/1.1" 200 22901 "https://www.rndsquared.com/" "Mozilla/5.0 (Windows NT 10.0; Win64; x64) AppleWebKit/537.36 (KHTML, like Gecko) Chrome/62.0.3202.89 Safari/537.36"
73.158.83.148 - - [08/Nov/2017:14:37:58 -0800] "GET /img/wu-wei/thumbs/8.jpg HTTP/1.1" 200 26727 "https://www.rndsquared.com/" "Mozilla/5.0 (Windows NT 10.0; Win64; x64) AppleWebKit/537.36 (KHTML, like Gecko) Chrome/62.0.3202.89 Safari/537.36"
73.158.83.148 - - [08/Nov/2017:14:37:58 -0800] "GET /img/wu-wei/thumbs/9.jpg HTTP/1.1" 200 35525 "https://www.rndsquared.com/" "Mozilla/5.0 (Windows NT 10.0; Win64; x64) AppleWebKit/537.36 (KHTML, like Gecko) Chrome/62.0.3202.89 Safari/537.36"
73.158.83.148 - - [08/Nov/2017:14:37:58 -0800] "GET /img/wu-wei/thumbs/10.jpg HTTP/1.1" 200 20185 "https://www.rndsquared.com/" "Mozilla/5.0 (Windows NT 10.0; Win64; x64) AppleWebKit/537.36 (KHTML, like Gecko) Chrome/62.0.3202.89 Safari/537.36"
73.158.83.148 - - [08/Nov/2017:14:37:58 -0800] "GET /img/bs4w/thumbs/1.jpg HTTP/1.1" 200 14712 "https://www.rndsquared.com/" "Mozilla/5.0 (Windows NT 10.0; Win64; x64) AppleWebKit/537.36 (KHTML, like Gecko) Chrome/62.0.3202.89 Safari/537.36"
73.158.83.148 - - [08/Nov/2017:14:37:58 -0800] "GET /img/bs4w/thumbs/2.jpg HTTP/1.1" 200 31891 "https://www.rndsquared.com/" "Mozilla/5.0 (Windows NT 10.0; Win64; x64) AppleWebKit/537.36 (KHTML, like Gecko) Chrome/62.0.3202.89 Safari/537.36"
73.158.83.148 - - [08/Nov/2017:14:37:58 -0800] "GET /img/bs4w/thumbs/4.jpg HTTP/1.1" 200 27608 "https://www.rndsquared.com/" "Mozilla/5.0 (Windows NT 10.0; Win64; x64) AppleWebKit/537.36 (KHTML, like Gecko) Chrome/62.0.3202.89 Safari/537.36"
73.158.83.148 - - [08/Nov/2017:14:37:58 -0800] "GET /img/bs4w/thumbs/6.jpg HTTP/1.1" 200 12384 "https://www.rndsquared.com/" "Mozilla/5.0 (Windows NT 10.0; Win64; x64) AppleWebKit/537.36 (KHTML, like Gecko) Chrome/62.0.3202.89 Safari/537.36"
73.158.83.148 - - [08/Nov/2017:14:37:58 -0800] "GET /img/bs4w/thumbs/8.jpg HTTP/1.1" 200 22657 "https://www.rndsquared.com/" "Mozilla/5.0 (Windows NT 10.0; Win64; x64) AppleWebKit/537.36 (KHTML, like Gecko) Chrome/62.0.3202.89 Safari/537.36"
73.158.83.148 - - [08/Nov/2017:14:37:58 -0800] "GET /img/bs4w/thumbs/5.jpg HTTP/1.1" 200 12034 "https://www.rndsquared.com/" "Mozilla/5.0 (Windows NT 10.0; Win64; x64) AppleWebKit/537.36 (KHTML, like Gecko) Chrome/62.0.3202.89 Safari/537.36"
73.158.83.148 - - [08/Nov/2017:14:37:58 -0800] "GET /img/bs4w/thumbs/7.jpg HTTP/1.1" 200 23328 "https://www.rndsquared.com/" "Mozilla/5.0 (Windows NT 10.0; Win64; x64) AppleWebKit/537.36 (KHTML, like Gecko) Chrome/62.0.3202.89 Safari/537.36"
73.158.83.148 - - [08/Nov/2017:14:37:58 -0800] "GET /img/sfnoir/thumbs/1.jpg HTTP/1.1" 200 25215 "https://www.rndsquared.com/" "Mozilla/5.0 (Windows NT 10.0; Win64; x64) AppleWebKit/537.36 (KHTML, like Gecko) Chrome/62.0.3202.89 Safari/537.36"
73.158.83.148 - - [08/Nov/2017:14:37:58 -0800] "GET /img/sfnoir/thumbs/3.jpg HTTP/1.1" 200 22380 "https://www.rndsquared.com/" "Mozilla/5.0 (Windows NT 10.0; Win64; x64) AppleWebKit/537.36 (KHTML, like Gecko) Chrome/62.0.3202.89 Safari/537.36"
73.158.83.148 - - [08/Nov/2017:14:37:58 -0800] "GET /img/sfnoir/thumbs/5.jpg HTTP/1.1" 200 18532 "https://www.rndsquared.com/" "Mozilla/5.0 (Windows NT 10.0; Win64; x64) AppleWebKit/537.36 (KHTML, like Gecko) Chrome/62.0.3202.89 Safari/537.36"
73.158.83.148 - - [08/Nov/2017:14:37:58 -0800] "GET /img/sfnoir/thumbs/6.jpg HTTP/1.1" 200 31401 "https://www.rndsquared.com/" "Mozilla/5.0 (Windows NT 10.0; Win64; x64) AppleWebKit/537.36 (KHTML, like Gecko) Chrome/62.0.3202.89 Safari/537.36"
73.158.83.148 - - [08/Nov/2017:14:37:58 -0800] "GET /img/sfnoir/thumbs/7.jpg HTTP/1.1" 200 33692 "https://www.rndsquared.com/" "Mozilla/5.0 (Windows NT 10.0; Win64; x64) AppleWebKit/537.36 (KHTML, like Gecko) Chrome/62.0.3202.89 Safari/537.36"
73.158.83.148 - - [08/Nov/2017:14:37:58 -0800] "GET /img/sfnoir/thumbs/8.jpg HTTP/1.1" 200 32404 "https://www.rndsquared.com/" "Mozilla/5.0 (Windows NT 10.0; Win64; x64) AppleWebKit/537.36 (KHTML, like Gecko) Chrome/62.0.3202.89 Safari/537.36"
73.158.83.148 - - [08/Nov/2017:14:37:58 -0800] "GET /img/sfnoir/thumbs/9.jpg HTTP/1.1" 200 20844 "https://www.rndsquared.com/" "Mozilla/5.0 (Windows NT 10.0; Win64; x64) AppleWebKit/537.36 (KHTML, like Gecko) Chrome/62.0.3202.89 Safari/537.36"
