134.249.55.120 - - [02/Apr/2019:15:18:40 -0700] "GET /sito/wp-includes/wlwmanifest.xml HTTP/1.1" 404 230 "-" "Mozilla/5.0 (Windows NT 10.0; Win64; x64) AppleWebKit/537.36 (KHTML, like Gecko) Chrome/63.0.3239.132 Safari/537.36"
216.244.66.197 - - [02/Apr/2019:15:49:49 -0700] "GET /robots.txt HTTP/1.1" 404 208 "-" "Mozilla/5.0 (compatible; DotBot/1.1; http://www.opensiteexplorer.org/dotbot, help@moz.com)"
138.197.96.169 - - [02/Apr/2019:16:07:59 -0700] "GET / HTTP/1.1" 200 17429 "-" "Mozilla/5.0 (X11; Datanyze; Linux x86_64) AppleWebKit/537.36 (KHTML, like Gecko) Chrome/65.0.3325.181 Safari/537.36"
138.197.96.169 - - [02/Apr/2019:16:08:00 -0700] "GET /js/modernizr.js HTTP/1.1" 200 5933 "http://rndsquared.com/" "Mozilla/5.0 (X11; Datanyze; Linux x86_64) AppleWebKit/537.36 (KHTML, like Gecko) Chrome/65.0.3325.181 Safari/537.36"
138.197.96.169 - - [02/Apr/2019:16:08:00 -0700] "GET /js/lightbox.js HTTP/1.1" 200 4210 "http://rndsquared.com/" "Mozilla/5.0 (X11; Datanyze; Linux x86_64) AppleWebKit/537.36 (KHTML, like Gecko) Chrome/65.0.3325.181 Safari/537.36"
138.197.96.169 - - [02/Apr/2019:16:08:00 -0700] "GET /js/scripts.js HTTP/1.1" 200 1227 "http://rndsquared.com/" "Mozilla/5.0 (X11; Datanyze; Linux x86_64) AppleWebKit/537.36 (KHTML, like Gecko) Chrome/65.0.3325.181 Safari/537.36"
138.197.96.169 - - [02/Apr/2019:16:08:20 -0700] "GET /robots.txt HTTP/1.1" 404 208 "-" "Mozilla/5.0 (compatible; MSIE 10.0; Windows NT 6.1; WOW64; Trident/6.0)"
216.244.66.197 - - [02/Apr/2019:16:21:23 -0700] "GET /img/mixman/15.jpg HTTP/1.1" 200 115845 "-" "Mozilla/5.0 (compatible; DotBot/1.1; http://www.opensiteexplorer.org/dotbot, help@moz.com)"
216.244.66.197 - - [02/Apr/2019:16:21:27 -0700] "GET /img/sfnoir/8.jpg HTTP/1.1" 200 89091 "-" "Mozilla/5.0 (compatible; DotBot/1.1; http://www.opensiteexplorer.org/dotbot, help@moz.com)"
166.170.15.65 - - [02/Apr/2019:16:25:39 -0700] "GET /img/autumn/thumbs/1.jpg HTTP/1.1" 200 24768 "https://www.google.com/" "Mozilla/5.0 (iPhone; CPU iPhone OS 12_1_4 like Mac OS X) AppleWebKit/605.1.15 (KHTML, like Gecko) Version/12.0 Mobile/15E148 Safari/604.1"
37.187.129.166 - - [02/Apr/2019:16:30:24 -0700] "GET / HTTP/1.1" 200 17429 "-" "Mozilla/5.0 (Windows NT 10.0; WOW64) AppleWebKit/537.36 (KHTML, like Gecko) Chrome/52.0.2743.116 Safari/537.36"
37.187.129.166 - - [02/Apr/2019:16:30:25 -0700] "GET /?name=5ca3f09203d10&email=rlasley64%40yahoo.com&weJHlkUY=rlasley64%40yahoo.com&message=& HTTP/1.1" 200 17429 "http://rndsquared.com/" "Mozilla/5.0 (Windows NT 10.0; WOW64) AppleWebKit/537.36 (KHTML, like Gecko) Chrome/52.0.2743.116 Safari/537.36"
216.244.66.197 - - [02/Apr/2019:16:39:55 -0700] "GET /robots.txt HTTP/1.1" 404 208 "-" "Mozilla/5.0 (compatible; DotBot/1.1; http://www.opensiteexplorer.org/dotbot, help@moz.com)"
216.244.66.197 - - [02/Apr/2019:16:39:55 -0700] "GET /robots.txt HTTP/1.1" 404 208 "-" "Mozilla/5.0 (compatible; DotBot/1.1; http://www.opensiteexplorer.org/dotbot, help@moz.com)"
35.243.192.190 - - [02/Apr/2019:16:41:46 -0700] "GET /robots.txt HTTP/1.0" 404 208 "-" "ZoominfoBot (zoominfobot at zoominfo dot com)"
35.243.192.190 - - [02/Apr/2019:16:41:46 -0700] "GET / HTTP/1.0" 200 17429 "-" "ZoominfoBot (zoominfobot at zoominfo dot com)"
35.243.192.190 - - [02/Apr/2019:16:43:15 -0700] "GET /robots.txt HTTP/1.0" 404 208 "-" "ZoominfoBot (zoominfobot at zoominfo dot com)"
35.243.192.190 - - [02/Apr/2019:16:43:16 -0700] "GET / HTTP/1.0" 200 17429 "-" "ZoominfoBot (zoominfobot at zoominfo dot com)"
216.244.66.197 - - [02/Apr/2019:17:09:47 -0700] "GET /img/wu-wei/4.jpg HTTP/1.1" 200 279891 "-" "Mozilla/5.0 (compatible; DotBot/1.1; http://www.opensiteexplorer.org/dotbot, help@moz.com)"
216.244.66.197 - - [02/Apr/2019:17:11:04 -0700] "GET /img/mixman/10.jpg HTTP/1.1" 200 114974 "-" "Mozilla/5.0 (compatible; DotBot/1.1; http://www.opensiteexplorer.org/dotbot, help@moz.com)"
216.244.66.197 - - [02/Apr/2019:17:11:06 -0700] "GET /img/wu-wei/8.jpg HTTP/1.1" 200 457546 "-" "Mozilla/5.0 (compatible; DotBot/1.1; http://www.opensiteexplorer.org/dotbot, help@moz.com)"
77.75.77.32 - - [02/Apr/2019:17:25:59 -0700] "GET /robots.txt HTTP/1.1" 404 208 "-" "Mozilla/5.0 (compatible; SeznamBot/3.2; +http://napoveda.seznam.cz/en/seznambot-intro/)"
77.75.77.32 - - [02/Apr/2019:17:26:01 -0700] "GET /img/oncekids-fujimini/thumbs/6.jpg HTTP/1.1" 200 27603 "-" "Mozilla/5.0 (compatible; SeznamBot/3.2; +http://napoveda.seznam.cz/en/seznambot-intro/)"
77.75.77.32 - - [02/Apr/2019:17:26:03 -0700] "GET /img/njn/1.jpg HTTP/1.1" 304 - "-" "Mozilla/5.0 (compatible; SeznamBot/3.2; +http://napoveda.seznam.cz/en/seznambot-intro/)"
216.244.66.197 - - [02/Apr/2019:17:30:09 -0700] "GET /robots.txt HTTP/1.1" 404 208 "-" "Mozilla/5.0 (compatible; DotBot/1.1; http://www.opensiteexplorer.org/dotbot, help@moz.com)"
51.15.68.66 - - [02/Apr/2019:18:05:44 -0700] "GET / HTTP/1.1" 200 17429 "-" "Mozilla/5.0 (Macintosh; Intel Mac OS X 10_12_6) AppleWebKit/603.3.8 (KHTML, like Gecko) Version/10.1.2 Safari/603.3.8"
51.15.68.66 - - [02/Apr/2019:18:05:45 -0700] "GET /?name=5ca406ef3e990&email=prosthodontics%40att.net&weJHlkUY=prosthodontics%40att.net&message=& HTTP/1.1" 200 17429 "http://rndsquared.com/" "Mozilla/5.0 (Macintosh; Intel Mac OS X 10_12_6) AppleWebKit/603.3.8 (KHTML, like Gecko) Version/10.1.2 Safari/603.3.8"
77.75.76.164 - - [02/Apr/2019:18:35:48 -0700] "GET /robots.txt HTTP/1.1" 404 208 "-" "Mozilla/5.0 (compatible; SeznamBot/3.2; +http://napoveda.seznam.cz/en/seznambot-intro/)"
77.75.76.164 - - [02/Apr/2019:18:35:50 -0700] "GET /img/bs4w/thumbs/2.jpg HTTP/1.1" 200 31891 "-" "Mozilla/5.0 (compatible; SeznamBot/3.2; +http://napoveda.seznam.cz/en/seznambot-intro/)"
207.180.221.167 - - [02/Apr/2019:19:05:16 -0700] "GET /robots.txt HTTP/1.1" 404 208 "-" "Mozilla/5.0 (compatible; MJ12bot/v1.4.8; http://mj12bot.com/)"
207.180.221.167 - - [02/Apr/2019:19:05:19 -0700] "GET / HTTP/1.1" 200 79394 "-" "Mozilla/5.0 (compatible; MJ12bot/v1.4.8; http://mj12bot.com/)"
216.244.66.197 - - [02/Apr/2019:19:10:04 -0700] "GET /robots.txt HTTP/1.1" 404 208 "-" "Mozilla/5.0 (compatible; DotBot/1.1; http://www.opensiteexplorer.org/dotbot, help@moz.com)"
107.155.49.126 - - [02/Apr/2019:19:18:20 -0700] "GET / HTTP/1.1" 200 17429 "-" "Mozilla/5.0 (Windows NT 5.1; WOW64; rv:52.0) Gecko/20100101 Firefox/52.0"
107.155.49.126 - - [02/Apr/2019:19:18:21 -0700] "GET /?name=5ca417ed694b2&email=alexsuarezz051574%40gmail.com&weJHlkUY=alexsuarezz051574%40gmail.com&message=& HTTP/1.1" 200 17429 "http://rndsquared.com/" "Mozilla/5.0 (Windows NT 5.1; WOW64; rv:52.0) Gecko/20100101 Firefox/52.0"
77.75.77.11 - - [02/Apr/2019:19:23:48 -0700] "GET /robots.txt HTTP/1.1" 404 208 "-" "Mozilla/5.0 (compatible; SeznamBot/3.2; +http://napoveda.seznam.cz/en/seznambot-intro/)"
77.75.77.11 - - [02/Apr/2019:19:23:49 -0700] "GET /img/bs4w/thumbs/5.jpg HTTP/1.1" 200 12034 "-" "Mozilla/5.0 (compatible; SeznamBot/3.2; +http://napoveda.seznam.cz/en/seznambot-intro/)"
216.244.66.197 - - [02/Apr/2019:19:40:48 -0700] "GET /img/mixman/17.jpg HTTP/1.1" 200 60460 "-" "Mozilla/5.0 (compatible; DotBot/1.1; http://www.opensiteexplorer.org/dotbot, help@moz.com)"
216.244.66.197 - - [02/Apr/2019:19:40:50 -0700] "GET /img/mixman/19.jpg HTTP/1.1" 200 81276 "-" "Mozilla/5.0 (compatible; DotBot/1.1; http://www.opensiteexplorer.org/dotbot, help@moz.com)"
216.244.66.197 - - [02/Apr/2019:19:40:52 -0700] "GET /img/wu-wei/5.jpg HTTP/1.1" 200 220470 "-" "Mozilla/5.0 (compatible; DotBot/1.1; http://www.opensiteexplorer.org/dotbot, help@moz.com)"
82.102.18.143 - - [02/Apr/2019:20:03:06 -0700] "GET / HTTP/1.0" 200 79394 "http://rndsquared.com/" "Mozilla/5.0 (Windows NT 6.1) AppleWebKit/537.36 (KHTML, like Gecko) Chrome/68.0.3440.106 Safari/537.36 Kinza/4.9.1"
82.102.18.143 - - [02/Apr/2019:20:03:07 -0700] "POST / HTTP/1.0" 200 79394 "http://rndsquared.com/" "Mozilla/5.0 (Windows NT 6.1) AppleWebKit/537.36 (KHTML, like Gecko) Chrome/68.0.3440.106 Safari/537.36 Kinza/4.9.1"
54.36.150.2 - - [02/Apr/2019:20:05:38 -0700] "GET /img/wu-wei/4.jpg HTTP/1.1" 200 279891 "-" "Mozilla/5.0 (compatible; AhrefsBot/6.1; +http://ahrefs.com/robot/)"
185.212.168.189 - - [02/Apr/2019:20:07:26 -0700] "GET / HTTP/1.0" 200 79394 "http://rndsquared.com/" "Mozilla/5.0 (Windows NT 6.3; Win64; x64) AppleWebKit/537.36 (KHTML, like Gecko) Chrome/68.0.3440.84 Safari/537.36"
185.212.168.189 - - [02/Apr/2019:20:07:27 -0700] "POST / HTTP/1.0" 200 79394 "http://rndsquared.com/" "Mozilla/5.0 (Windows NT 6.3; Win64; x64) AppleWebKit/537.36 (KHTML, like Gecko) Chrome/68.0.3440.84 Safari/537.36"
77.75.77.95 - - [02/Apr/2019:20:25:19 -0700] "GET /robots.txt HTTP/1.1" 404 208 "-" "Mozilla/5.0 (compatible; SeznamBot/3.2; +http://napoveda.seznam.cz/en/seznambot-intro/)"
77.75.77.95 - - [02/Apr/2019:20:25:21 -0700] "GET /img/oncekids-fujimini/thumbs/7.jpg HTTP/1.1" 200 39450 "-" "Mozilla/5.0 (compatible; SeznamBot/3.2; +http://napoveda.seznam.cz/en/seznambot-intro/)"
77.75.77.95 - - [02/Apr/2019:20:25:23 -0700] "GET /img/luminous/luminousMulti.png HTTP/1.1" 304 - "-" "Mozilla/5.0 (compatible; SeznamBot/3.2; +http://napoveda.seznam.cz/en/seznambot-intro/)"
176.10.99.200 - - [02/Apr/2019:20:39:36 -0700] "GET / HTTP/1.1" 200 17429 "-" "Mozilla/5.0 (Windows NT 6.1; Win64; x64) AppleWebKit/537.36 (KHTML, like Gecko) Chrome/42.0.2311.135 Safari/537.36 Edge/12.10240"
176.10.99.200 - - [02/Apr/2019:20:39:37 -0700] "GET /?name=5ca42afa05f6e&email=tsandel%40gmail.com&weJHlkUY=tsandel%40gmail.com&message=& HTTP/1.1" 200 17429 "http://rndsquared.com/" "Mozilla/5.0 (Windows NT 6.1; Win64; x64) AppleWebKit/537.36 (KHTML, like Gecko) Chrome/42.0.2311.135 Safari/537.36 Edge/12.10240"
162.247.74.202 - - [02/Apr/2019:20:47:14 -0700] "GET / HTTP/1.1" 200 17429 "-" "Mozilla/5.0 (Unknown; Linux) AppleWebKit/538.1 (KHTML, like Gecko) Chrome/v1.0.0 Safari/538.1"
162.247.74.202 - - [02/Apr/2019:20:47:15 -0700] "GET /?name=5ca42cca33201&email=staceyldougherty%40gmail.com&weJHlkUY=staceyldougherty%40gmail.com&message=& HTTP/1.1" 200 17429 "http://rndsquared.com/" "Mozilla/5.0 (Unknown; Linux) AppleWebKit/538.1 (KHTML, like Gecko) Chrome/v1.0.0 Safari/538.1"
216.244.66.197 - - [02/Apr/2019:20:49:22 -0700] "GET /robots.txt HTTP/1.1" 404 208 "-" "Mozilla/5.0 (compatible; DotBot/1.1; http://www.opensiteexplorer.org/dotbot, help@moz.com)"
77.75.79.36 - - [02/Apr/2019:21:10:39 -0700] "GET /robots.txt HTTP/1.1" 404 208 "-" "Mozilla/5.0 (compatible; SeznamBot/3.2; +http://napoveda.seznam.cz/en/seznambot-intro/)"
77.75.79.36 - - [02/Apr/2019:21:10:41 -0700] "GET /img/wu-wei/thumbs/6.jpg HTTP/1.1" 200 21768 "-" "Mozilla/5.0 (compatible; SeznamBot/3.2; +http://napoveda.seznam.cz/en/seznambot-intro/)"
216.244.66.197 - - [02/Apr/2019:21:16:16 -0700] "GET /img/njn/6.jpg HTTP/1.1" 200 125438 "-" "Mozilla/5.0 (compatible; DotBot/1.1; http://www.opensiteexplorer.org/dotbot, help@moz.com)"
94.242.59.89 - - [02/Apr/2019:21:17:23 -0700] "GET / HTTP/1.1" 200 17429 "-" "Mozilla/5.0 (Windows NT 6.2; Win64; x64) AppleWebKit/537.36 (KHTML, like Gecko) Chrome/55.0.2883.87 Safari/537.36"
94.242.59.89 - - [02/Apr/2019:21:17:24 -0700] "GET /?name=5ca433d4e56a3&email=jazzyginad%40gmail.com&weJHlkUY=jazzyginad%40gmail.com&message=& HTTP/1.1" 200 17429 "http://rndsquared.com/" "Mozilla/5.0 (Windows NT 6.2; Win64; x64) AppleWebKit/537.36 (KHTML, like Gecko) Chrome/55.0.2883.87 Safari/537.36"
66.249.79.1 - - [02/Apr/2019:21:23:39 -0700] "GET /robots.txt HTTP/1.1" 404 208 "-" "Mozilla/5.0 (compatible; Googlebot/2.1; +http://www.google.com/bot.html)"
66.249.79.4 - - [02/Apr/2019:21:23:39 -0700] "GET / HTTP/1.1" 200 17429 "-" "Mozilla/5.0 (Linux; Android 6.0.1; Nexus 5X Build/MMB29P) AppleWebKit/537.36 (KHTML, like Gecko) Chrome/41.0.2272.96 Mobile Safari/537.36 (compatible; Googlebot/2.1; +http://www.google.com/bot.html)"
216.244.66.197 - - [02/Apr/2019:21:38:57 -0700] "GET /robots.txt HTTP/1.1" 404 208 "-" "Mozilla/5.0 (compatible; DotBot/1.1; http://www.opensiteexplorer.org/dotbot, help@moz.com)"
185.189.113.44 - - [02/Apr/2019:21:48:24 -0700] "GET / HTTP/1.0" 200 79394 "http://rndsquared.com/" "Mozilla/5.0 (Windows NT 6.3; Win64; x64) AppleWebKit/537.36 (KHTML, like Gecko) Chrome/67.0.3396.87 Safari/537.36"
185.189.113.44 - - [02/Apr/2019:21:48:24 -0700] "POST / HTTP/1.0" 200 79394 "http://rndsquared.com/" "Mozilla/5.0 (Windows NT 6.3; Win64; x64) AppleWebKit/537.36 (KHTML, like Gecko) Chrome/67.0.3396.87 Safari/537.36"
54.36.149.37 - - [02/Apr/2019:21:55:52 -0700] "GET /img/njn/1.jpg HTTP/1.1" 200 88793 "-" "Mozilla/5.0 (compatible; AhrefsBot/6.1; +http://ahrefs.com/robot/)"
216.244.66.197 - - [02/Apr/2019:22:05:24 -0700] "GET /img/wu-wei/9.jpg HTTP/1.1" 200 398953 "-" "Mozilla/5.0 (compatible; DotBot/1.1; http://www.opensiteexplorer.org/dotbot, help@moz.com)"
216.244.66.197 - - [02/Apr/2019:22:28:41 -0700] "GET /robots.txt HTTP/1.1" 404 208 "-" "Mozilla/5.0 (compatible; DotBot/1.1; http://www.opensiteexplorer.org/dotbot, help@moz.com)"
216.244.66.197 - - [02/Apr/2019:22:28:41 -0700] "GET /robots.txt HTTP/1.1" 404 208 "-" "Mozilla/5.0 (compatible; DotBot/1.1; http://www.opensiteexplorer.org/dotbot, help@moz.com)"
216.244.66.197 - - [02/Apr/2019:22:55:15 -0700] "GET /img/urban-cowgirl/3.jpg HTTP/1.1" 200 80583 "-" "Mozilla/5.0 (compatible; DotBot/1.1; http://www.opensiteexplorer.org/dotbot, help@moz.com)"
216.244.66.197 - - [02/Apr/2019:22:56:19 -0700] "GET /img/oncekids-fujimini/6.jpg HTTP/1.1" 200 118631 "-" "Mozilla/5.0 (compatible; DotBot/1.1; http://www.opensiteexplorer.org/dotbot, help@moz.com)"
194.113.106.125 - - [02/Apr/2019:23:33:13 -0700] "GET / HTTP/1.1" 200 79394 "-" "Mozilla/5.0 (Windows NT 10.0; Win64; x64) AppleWebKit/537.36 (KHTML, like Gecko) Chrome/63.0.3239.132 Safari/537.36"
194.113.106.125 - - [02/Apr/2019:23:33:14 -0700] "GET /wp-includes/wlwmanifest.xml HTTP/1.1" 404 225 "-" "Mozilla/5.0 (Windows NT 10.0; Win64; x64) AppleWebKit/537.36 (KHTML, like Gecko) Chrome/63.0.3239.132 Safari/537.36"
194.113.106.125 - - [02/Apr/2019:23:33:24 -0700] "GET /xmlrpc.php?rsd HTTP/1.1" 404 208 "-" "Mozilla/5.0 (Windows NT 10.0; Win64; x64) AppleWebKit/537.36 (KHTML, like Gecko) Chrome/63.0.3239.132 Safari/537.36"
194.113.106.125 - - [02/Apr/2019:23:33:34 -0700] "GET / HTTP/1.1" 200 79394 "-" "Mozilla/5.0 (Windows NT 10.0; Win64; x64) AppleWebKit/537.36 (KHTML, like Gecko) Chrome/63.0.3239.132 Safari/537.36"
194.113.106.125 - - [02/Apr/2019:23:33:35 -0700] "GET /blog/wp-includes/wlwmanifest.xml HTTP/1.1" 404 230 "-" "Mozilla/5.0 (Windows NT 10.0; Win64; x64) AppleWebKit/537.36 (KHTML, like Gecko) Chrome/63.0.3239.132 Safari/537.36"
194.113.106.125 - - [02/Apr/2019:23:33:45 -0700] "GET /web/wp-includes/wlwmanifest.xml HTTP/1.1" 404 229 "-" "Mozilla/5.0 (Windows NT 10.0; Win64; x64) AppleWebKit/537.36 (KHTML, like Gecko) Chrome/63.0.3239.132 Safari/537.36"
194.113.106.125 - - [02/Apr/2019:23:33:55 -0700] "GET /wordpress/wp-includes/wlwmanifest.xml HTTP/1.1" 404 235 "-" "Mozilla/5.0 (Windows NT 10.0; Win64; x64) AppleWebKit/537.36 (KHTML, like Gecko) Chrome/63.0.3239.132 Safari/537.36"
194.113.106.125 - - [02/Apr/2019:23:34:06 -0700] "GET /website/wp-includes/wlwmanifest.xml HTTP/1.1" 404 233 "-" "Mozilla/5.0 (Windows NT 10.0; Win64; x64) AppleWebKit/537.36 (KHTML, like Gecko) Chrome/63.0.3239.132 Safari/537.36"
194.113.106.125 - - [02/Apr/2019:23:34:16 -0700] "GET /wp/wp-includes/wlwmanifest.xml HTTP/1.1" 404 228 "-" "Mozilla/5.0 (Windows NT 10.0; Win64; x64) AppleWebKit/537.36 (KHTML, like Gecko) Chrome/63.0.3239.132 Safari/537.36"
194.113.106.125 - - [02/Apr/2019:23:34:26 -0700] "GET /news/wp-includes/wlwmanifest.xml HTTP/1.1" 404 230 "-" "Mozilla/5.0 (Windows NT 10.0; Win64; x64) AppleWebKit/537.36 (KHTML, like Gecko) Chrome/63.0.3239.132 Safari/537.36"
194.113.106.125 - - [02/Apr/2019:23:34:37 -0700] "GET /2015/wp-includes/wlwmanifest.xml HTTP/1.1" 404 230 "-" "Mozilla/5.0 (Windows NT 10.0; Win64; x64) AppleWebKit/537.36 (KHTML, like Gecko) Chrome/63.0.3239.132 Safari/537.36"
194.113.106.125 - - [02/Apr/2019:23:34:47 -0700] "GET /2016/wp-includes/wlwmanifest.xml HTTP/1.1" 404 230 "-" "Mozilla/5.0 (Windows NT 10.0; Win64; x64) AppleWebKit/537.36 (KHTML, like Gecko) Chrome/63.0.3239.132 Safari/537.36"
194.113.106.125 - - [02/Apr/2019:23:34:57 -0700] "GET /2017/wp-includes/wlwmanifest.xml HTTP/1.1" 404 230 "-" "Mozilla/5.0 (Windows NT 10.0; Win64; x64) AppleWebKit/537.36 (KHTML, like Gecko) Chrome/63.0.3239.132 Safari/537.36"
194.113.106.125 - - [02/Apr/2019:23:35:08 -0700] "GET /2018/wp-includes/wlwmanifest.xml HTTP/1.1" 404 230 "-" "Mozilla/5.0 (Windows NT 10.0; Win64; x64) AppleWebKit/537.36 (KHTML, like Gecko) Chrome/63.0.3239.132 Safari/537.36"
194.113.106.125 - - [02/Apr/2019:23:35:18 -0700] "GET /shop/wp-includes/wlwmanifest.xml HTTP/1.1" 404 230 "-" "Mozilla/5.0 (Windows NT 10.0; Win64; x64) AppleWebKit/537.36 (KHTML, like Gecko) Chrome/63.0.3239.132 Safari/537.36"
194.113.106.125 - - [02/Apr/2019:23:35:29 -0700] "GET /wp1/wp-includes/wlwmanifest.xml HTTP/1.1" 404 229 "-" "Mozilla/5.0 (Windows NT 10.0; Win64; x64) AppleWebKit/537.36 (KHTML, like Gecko) Chrome/63.0.3239.132 Safari/537.36"
194.113.106.125 - - [02/Apr/2019:23:35:39 -0700] "GET /test/wp-includes/wlwmanifest.xml HTTP/1.1" 404 230 "-" "Mozilla/5.0 (Windows NT 10.0; Win64; x64) AppleWebKit/537.36 (KHTML, like Gecko) Chrome/63.0.3239.132 Safari/537.36"
194.113.106.125 - - [02/Apr/2019:23:35:49 -0700] "GET /media/wp-includes/wlwmanifest.xml HTTP/1.1" 404 231 "-" "Mozilla/5.0 (Windows NT 10.0; Win64; x64) AppleWebKit/537.36 (KHTML, like Gecko) Chrome/63.0.3239.132 Safari/537.36"
194.113.106.125 - - [02/Apr/2019:23:36:00 -0700] "GET /wp2/wp-includes/wlwmanifest.xml HTTP/1.1" 404 229 "-" "Mozilla/5.0 (Windows NT 10.0; Win64; x64) AppleWebKit/537.36 (KHTML, like Gecko) Chrome/63.0.3239.132 Safari/537.36"
194.113.106.125 - - [02/Apr/2019:23:36:10 -0700] "GET /site/wp-includes/wlwmanifest.xml HTTP/1.1" 404 230 "-" "Mozilla/5.0 (Windows NT 10.0; Win64; x64) AppleWebKit/537.36 (KHTML, like Gecko) Chrome/63.0.3239.132 Safari/537.36"
194.113.106.125 - - [02/Apr/2019:23:36:20 -0700] "GET /sito/wp-includes/wlwmanifest.xml HTTP/1.1" 404 230 "-" "Mozilla/5.0 (Windows NT 10.0; Win64; x64) AppleWebKit/537.36 (KHTML, like Gecko) Chrome/63.0.3239.132 Safari/537.36"
108.59.8.70 - - [02/Apr/2019:23:48:10 -0700] "GET /robots.txt HTTP/1.1" 404 208 "-" "Mozilla/5.0 (compatible; MJ12bot/v1.4.8; http://mj12bot.com/)"
108.59.8.70 - - [02/Apr/2019:23:48:22 -0700] "GET / HTTP/1.1" 200 79394 "-" "Mozilla/5.0 (compatible; MJ12bot/v1.4.8; http://mj12bot.com/)"
37.187.129.166 - - [03/Apr/2019:00:13:10 -0700] "GET / HTTP/1.1" 200 17429 "-" "Mozilla/5.0 (Windows NT 10.0; Win64; x64) AppleWebKit/537.36 (KHTML, like Gecko) Chrome/51.0.2704.79 Safari/537.36 Edge/14.14393"
37.187.129.166 - - [03/Apr/2019:00:13:11 -0700] "GET /?name=5ca45d0680d40&email=sal55beast%40aol.com&weJHlkUY=sal55beast%40aol.com&message=& HTTP/1.1" 200 17429 "http://rndsquared.com/" "Mozilla/5.0 (Windows NT 10.0; Win64; x64) AppleWebKit/537.36 (KHTML, like Gecko) Chrome/51.0.2704.79 Safari/537.36 Edge/14.14393"
185.220.101.53 - - [03/Apr/2019:00:52:53 -0700] "GET / HTTP/1.1" 200 17429 "-" "Mozilla/5.0 (Windows NT 6.3; WOW64; rv:46.0) Gecko/20100101 Firefox/46.0"
192.160.102.170 - - [03/Apr/2019:00:52:56 -0700] "GET /?name=5ca4665e6ff36&email=charlendrafrank1985%40gmail.com&weJHlkUY=charlendrafrank1985%40gmail.com&message=& HTTP/1.1" 200 17429 "http://rndsquared.com/" "Mozilla/5.0 (Windows NT 6.3; WOW64; rv:46.0) Gecko/20100101 Firefox/46.0"
216.244.66.197 - - [03/Apr/2019:00:57:43 -0700] "GET /robots.txt HTTP/1.1" 404 208 "-" "Mozilla/5.0 (compatible; DotBot/1.1; http://www.opensiteexplorer.org/dotbot, help@moz.com)"
197.231.221.211 - - [03/Apr/2019:01:01:44 -0700] "GET / HTTP/1.1" 200 17429 "-" "Mozilla/5.0 (Windows NT 6.0; Win64; x64) AppleWebKit/537.36 (KHTML, like Gecko) Chrome/57.0.2987.133 Safari/537.36"
197.231.221.211 - - [03/Apr/2019:01:01:45 -0700] "GET /?name=5ca4686aa7ae2&email=amilyj.hanson%40gmail.com&weJHlkUY=amilyj.hanson%40gmail.com&message=& HTTP/1.1" 200 17429 "http://rndsquared.com/" "Mozilla/5.0 (Windows NT 6.0; Win64; x64) AppleWebKit/537.36 (KHTML, like Gecko) Chrome/57.0.2987.133 Safari/537.36"
185.220.101.49 - - [03/Apr/2019:01:08:29 -0700] "GET / HTTP/1.1" 200 17429 "-" "Mozilla/5.0 (compatible; MSIE 9.0; Windows NT 6.0; Trident/5.0)"
185.220.101.49 - - [03/Apr/2019:01:08:30 -0700] "GET /?name=5ca46a000a6ce&email=aaronwright366%40gmail.com&weJHlkUY=aaronwright366%40gmail.com&message=& HTTP/1.1" 200 17429 "http://rndsquared.com/" "Mozilla/5.0 (compatible; MSIE 9.0; Windows NT 6.0; Trident/5.0)"
66.249.79.132 - - [03/Apr/2019:01:08:46 -0700] "GET /robots.txt HTTP/1.1" 404 208 "-" "Mozilla/5.0 (compatible; Googlebot/2.1; +http://www.google.com/bot.html)"
66.249.79.128 - - [03/Apr/2019:01:08:47 -0700] "GET / HTTP/1.1" 200 17429 "-" "Mozilla/5.0 (compatible; Googlebot/2.1; +http://www.google.com/bot.html)"
185.220.101.65 - - [03/Apr/2019:01:15:21 -0700] "GET / HTTP/1.1" 200 17429 "-" "Mozilla/5.0 (Windows NT 6.2; Win64; x64) AppleWebKit/537.36 (KHTML, like Gecko) Chrome/57.0.2987.133 Safari/537.36"
185.220.101.65 - - [03/Apr/2019:01:15:22 -0700] "GET / HTTP/1.1" 200 17429 "-" "Mozilla/5.0 (Windows NT 6.2; Win64; x64) AppleWebKit/537.36 (KHTML, like Gecko) Chrome/57.0.2987.133 Safari/537.36"
185.220.101.65 - - [03/Apr/2019:01:15:23 -0700] "GET /wp-login.php?action=register HTTP/1.1" 404 210 "-" "Mozilla/5.0 (Windows NT 6.2; Win64; x64) AppleWebKit/537.36 (KHTML, like Gecko) Chrome/57.0.2987.133 Safari/537.36"
185.220.101.65 - - [03/Apr/2019:01:15:23 -0700] "GET /index.php?option=com_user&task=register HTTP/1.1" 404 207 "-" "Mozilla/5.0 (Windows NT 6.2; Win64; x64) AppleWebKit/537.36 (KHTML, like Gecko) Chrome/57.0.2987.133 Safari/537.36"
185.220.101.65 - - [03/Apr/2019:01:15:24 -0700] "GET /user/register HTTP/1.1" 404 211 "-" "Mozilla/5.0 (Windows NT 6.2; Win64; x64) AppleWebKit/537.36 (KHTML, like Gecko) Chrome/57.0.2987.133 Safari/537.36"
216.244.66.197 - - [03/Apr/2019:01:34:36 -0700] "GET /img/autumn/5.jpg HTTP/1.1" 200 180877 "-" "Mozilla/5.0 (compatible; DotBot/1.1; http://www.opensiteexplorer.org/dotbot, help@moz.com)"
54.36.150.45 - - [03/Apr/2019:02:20:31 -0700] "GET /img/autumn/3.jpg HTTP/1.1" 200 506599 "-" "Mozilla/5.0 (compatible; AhrefsBot/6.1; +http://ahrefs.com/robot/)"
157.55.39.88 - - [03/Apr/2019:02:39:09 -0700] "GET / HTTP/1.1" 200 17429 "-" "Mozilla/5.0 (compatible; bingbot/2.0; +http://www.bing.com/bingbot.htm)"
192.42.116.16 - - [03/Apr/2019:03:12:19 -0700] "GET / HTTP/1.1" 200 17429 "-" "Mozilla/5.0 (Windows NT 6.3; Win64; x64) AppleWebKit/537.36 (KHTML, like Gecko) Chrome/46.0.2486.0 Safari/537.36 Edge/13.10586"
192.42.116.16 - - [03/Apr/2019:03:12:20 -0700] "GET /?name=5ca4870594627&email=devonneepps30%40gmail.com&weJHlkUY=devonneepps30%40gmail.com&message=& HTTP/1.1" 200 17429 "http://rndsquared.com/" "Mozilla/5.0 (Windows NT 6.3; Win64; x64) AppleWebKit/537.36 (KHTML, like Gecko) Chrome/46.0.2486.0 Safari/537.36 Edge/13.10586"
102.165.54.56 - - [03/Apr/2019:03:12:34 -0700] "GET / HTTP/1.1" 200 17429 "-" "Mozilla/5.0 (compatible; MSIE 10.0; Windows NT 6.2; WOW64; Trident/6.0)"
102.165.54.56 - - [03/Apr/2019:03:12:34 -0700] "GET /?name=5ca4871507fc3&email=stpierreaj%40aol.com&weJHlkUY=stpierreaj%40aol.com&message=& HTTP/1.1" 200 17429 "http://rndsquared.com/" "Mozilla/5.0 (compatible; MSIE 10.0; Windows NT 6.2; WOW64; Trident/6.0)"
216.244.66.197 - - [03/Apr/2019:03:28:10 -0700] "GET /robots.txt HTTP/1.1" 404 208 "-" "Mozilla/5.0 (compatible; DotBot/1.1; http://www.opensiteexplorer.org/dotbot, help@moz.com)"
216.244.66.197 - - [03/Apr/2019:04:06:54 -0700] "GET /img/urban-cowgirl/3.jpg HTTP/1.1" 200 80583 "-" "Mozilla/5.0 (compatible; DotBot/1.1; http://www.opensiteexplorer.org/dotbot, help@moz.com)"
216.244.66.197 - - [03/Apr/2019:04:06:57 -0700] "GET /img/wu-wei/10.jpg HTTP/1.1" 200 165194 "-" "Mozilla/5.0 (compatible; DotBot/1.1; http://www.opensiteexplorer.org/dotbot, help@moz.com)"
34.219.173.103 - - [03/Apr/2019:04:17:13 -0700] "HEAD / HTTP/1.1" 200 - "-" "Java/1.8.0_201"
216.244.66.197 - - [03/Apr/2019:04:18:55 -0700] "GET /robots.txt HTTP/1.1" 404 208 "-" "Mozilla/5.0 (compatible; DotBot/1.1; http://www.opensiteexplorer.org/dotbot, help@moz.com)"
185.248.160.65 - - [03/Apr/2019:04:29:35 -0700] "GET / HTTP/1.1" 200 17429 "-" "Mozilla/5.0 (Windows NT 10.0; Win64; x64) AppleWebKit/537.36 (KHTML, like Gecko) Chrome/60.0.3112.90 Safari/537.36"
185.248.160.65 - - [03/Apr/2019:04:29:36 -0700] "GET /?name=5ca499236c8c2&email=kmooneyham%40mnsnetwork.com&weJHlkUY=kmooneyham%40mnsnetwork.com&message=& HTTP/1.1" 200 17429 "http://rndsquared.com/" "Mozilla/5.0 (Windows NT 10.0; Win64; x64) AppleWebKit/537.36 (KHTML, like Gecko) Chrome/60.0.3112.90 Safari/537.36"
169.197.112.26 - - [03/Apr/2019:04:52:06 -0700] "GET / HTTP/1.1" 200 17429 "-" "Mozilla/5.0 (Windows NT 6.1; WOW64) AppleWebKit/537.36 (KHTML, like Gecko) Chrome/51.0.2704.106 Safari/537.36"
169.197.112.26 - - [03/Apr/2019:04:52:07 -0700] "GET /?name=5ca49e69d0e39&email=jazzyginad%40gmail.com&weJHlkUY=jazzyginad%40gmail.com&message=& HTTP/1.1" 200 17429 "http://rndsquared.com/" "Mozilla/5.0 (Windows NT 6.1; WOW64) AppleWebKit/537.36 (KHTML, like Gecko) Chrome/51.0.2704.106 Safari/537.36"
95.142.161.63 - - [03/Apr/2019:05:05:28 -0700] "GET / HTTP/1.1" 200 17429 "-" "Mozilla/5.0 (Macintosh; Intel Mac OS X 10_11_3) AppleWebKit/601.4.4 (KHTML, like Gecko) Version/9.0.3 Safari/601.4.4"
95.142.161.63 - - [03/Apr/2019:05:05:29 -0700] "GET /?name=5ca4a18bc0d3e&email=lindsay.jenkelunas%40gmail.com&weJHlkUY=lindsay.jenkelunas%40gmail.com&message=& HTTP/1.1" 200 17429 "http://rndsquared.com/" "Mozilla/5.0 (Macintosh; Intel Mac OS X 10_11_3) AppleWebKit/601.4.4 (KHTML, like Gecko) Version/9.0.3 Safari/601.4.4"
216.244.66.197 - - [03/Apr/2019:05:10:55 -0700] "GET /robots.txt HTTP/1.1" 404 208 "-" "Mozilla/5.0 (compatible; DotBot/1.1; http://www.opensiteexplorer.org/dotbot, help@moz.com)"
82.208.101.166 - - [03/Apr/2019:05:39:52 -0700] "GET / HTTP/1.0" 200 79394 "http://rndsquared.com/" "Mozilla/5.0 (Windows NT 10.0) AppleWebKit/537.36 (KHTML, like Gecko) Chrome/67.0.3396.99 Safari/537.36"
82.208.101.166 - - [03/Apr/2019:05:39:55 -0700] "POST / HTTP/1.0" 200 79394 "http://rndsquared.com/" "Mozilla/5.0 (Windows NT 10.0) AppleWebKit/537.36 (KHTML, like Gecko) Chrome/67.0.3396.99 Safari/537.36"
216.244.66.197 - - [03/Apr/2019:05:40:35 -0700] "GET /img/urban-cowgirl/1.jpg HTTP/1.1" 200 94626 "-" "Mozilla/5.0 (compatible; DotBot/1.1; http://www.opensiteexplorer.org/dotbot, help@moz.com)"
51.15.106.67 - - [03/Apr/2019:05:56:42 -0700] "GET / HTTP/1.1" 200 17429 "-" "Mozilla/5.0 (Windows NT 6.0; Win64; x64) AppleWebKit/537.36 (KHTML, like Gecko) Chrome/60.0.3112.90 Safari/537.36"
51.15.106.67 - - [03/Apr/2019:05:56:43 -0700] "GET /?name=5ca4ad8cd8611&email=swtpnk2001%40yahoo.com&weJHlkUY=swtpnk2001%40yahoo.com&message=& HTTP/1.1" 200 17429 "http://rndsquared.com/" "Mozilla/5.0 (Windows NT 6.0; Win64; x64) AppleWebKit/537.36 (KHTML, like Gecko) Chrome/60.0.3112.90 Safari/537.36"
216.244.66.197 - - [03/Apr/2019:06:01:44 -0700] "GET /robots.txt HTTP/1.1" 404 208 "-" "Mozilla/5.0 (compatible; DotBot/1.1; http://www.opensiteexplorer.org/dotbot, help@moz.com)"
216.244.66.197 - - [03/Apr/2019:06:27:18 -0700] "GET /img/autumn/1.jpg HTTP/1.1" 200 290161 "-" "Mozilla/5.0 (compatible; DotBot/1.1; http://www.opensiteexplorer.org/dotbot, help@moz.com)"
89.234.157.254 - - [03/Apr/2019:06:35:38 -0700] "GET / HTTP/1.1" 200 17429 "-" "Mozilla/5.0 (Windows NT 6.0; Win64; x64) AppleWebKit/537.36 (KHTML, like Gecko) Chrome/60.0.3112.90 Safari/537.36"
89.234.157.254 - - [03/Apr/2019:06:35:39 -0700] "GET /?name=5ca4b6ad55d47&email=vhodgkin%40gmail.com&weJHlkUY=vhodgkin%40gmail.com&message=& HTTP/1.1" 200 17429 "http://rndsquared.com/" "Mozilla/5.0 (Windows NT 6.0; Win64; x64) AppleWebKit/537.36 (KHTML, like Gecko) Chrome/60.0.3112.90 Safari/537.36"
185.220.101.32 - - [03/Apr/2019:06:37:49 -0700] "GET / HTTP/1.1" 200 17429 "-" "Mozilla/5.0 (Windows NT 5.1; Win64; x64) AppleWebKit/537.36 (KHTML, like Gecko) Chrome/60.0.3112.90 Safari/537.36"
185.220.101.32 - - [03/Apr/2019:06:37:50 -0700] "GET /?name=5ca4b730d8f84&email=mayo.juli%40gmail.com&weJHlkUY=mayo.juli%40gmail.com&message=& HTTP/1.1" 200 17429 "http://rndsquared.com/" "Mozilla/5.0 (Windows NT 5.1; Win64; x64) AppleWebKit/537.36 (KHTML, like Gecko) Chrome/60.0.3112.90 Safari/537.36"
159.203.70.71 - - [03/Apr/2019:06:39:14 -0700] "GET / HTTP/1.1" 200 79394 "-" "Mozilla/5.0 (compatible; Tweezler/2.0; http://tweezler.com)"
139.162.138.14 - - [03/Apr/2019:07:10:57 -0700] "GET / HTTP/1.1" 200 17429 "-" "Mozilla/5.0 (Windows NT 6.0; Win64; x64) AppleWebKit/537.36 (KHTML, like Gecko) Chrome/52.0.2743.116 Safari/537.36 Edge/15.15063"
139.162.138.14 - - [03/Apr/2019:07:10:58 -0700] "GET /?name=5ca4bef1e6537&email=hypnoticrush86%40gmail.com&weJHlkUY=hypnoticrush86%40gmail.com&message=& HTTP/1.1" 200 17429 "http://rndsquared.com/" "Mozilla/5.0 (Windows NT 6.0; Win64; x64) AppleWebKit/537.36 (KHTML, like Gecko) Chrome/52.0.2743.116 Safari/537.36 Edge/15.15063"
178.17.174.68 - - [03/Apr/2019:07:35:13 -0700] "GET / HTTP/1.1" 200 17429 "-" "Mozilla/5.0 (Windows NT 6.0; Win64; x64) AppleWebKit/537.36 (KHTML, like Gecko) Chrome/57.0.2987.133 Safari/537.36"
178.17.174.68 - - [03/Apr/2019:07:35:14 -0700] "GET /?name=5ca4c4a32ad13&email=rainbow_cookie1%40yahoo.com&weJHlkUY=rainbow_cookie1%40yahoo.com&message=& HTTP/1.1" 200 17429 "http://rndsquared.com/" "Mozilla/5.0 (Windows NT 6.0; Win64; x64) AppleWebKit/537.36 (KHTML, like Gecko) Chrome/57.0.2987.133 Safari/537.36"
162.244.83.121 - - [03/Apr/2019:07:39:36 -0700] "GET / HTTP/1.1" 200 17429 "-" "Mozilla/5.0 (Windows NT 6.1; WOW64) AppleWebKit/537.36 (KHTML, like Gecko) Chrome/56.0.2924.87 Safari/537.36"
162.244.83.121 - - [03/Apr/2019:07:39:37 -0700] "GET /?name=5ca4c5a900891&email=bonniebachtel%40gmail.com&weJHlkUY=bonniebachtel%40gmail.com&message=& HTTP/1.1" 200 17429 "http://rndsquared.com/" "Mozilla/5.0 (Windows NT 6.1; WOW64) AppleWebKit/537.36 (KHTML, like Gecko) Chrome/56.0.2924.87 Safari/537.36"
216.244.66.197 - - [03/Apr/2019:07:41:40 -0700] "GET /robots.txt HTTP/1.1" 404 208 "-" "Mozilla/5.0 (compatible; DotBot/1.1; http://www.opensiteexplorer.org/dotbot, help@moz.com)"
176.31.191.186 - - [03/Apr/2019:07:43:04 -0700] "GET /catalog/product_frontend_action/synchronize HTTP/1.1" 404 241 "rndsquared.com" "Mozilla/5.1 (Windows NT 6.0; WOW64) AppleWebKit/537.37 (KHTML, like Gecko) Chrome/58.0.1145.75 Safari/537.37"
71.19.148.20 - - [03/Apr/2019:07:49:09 -0700] "GET / HTTP/1.1" 200 17429 "-" "Mozilla/5.0 (Windows NT 6.1; Win64; x64) AppleWebKit/537.36 (KHTML, like Gecko) Chrome/60.0.3112.113 Safari/537.36"
71.19.148.20 - - [03/Apr/2019:07:49:10 -0700] "GET /?name=5ca4c7e5c4041&email=donnyblackmusic%40gmail.com&weJHlkUY=donnyblackmusic%40gmail.com&message=& HTTP/1.1" 200 17429 "http://rndsquared.com/" "Mozilla/5.0 (Windows NT 6.1; Win64; x64) AppleWebKit/537.36 (KHTML, like Gecko) Chrome/60.0.3112.113 Safari/537.36"
185.86.149.254 - - [03/Apr/2019:08:04:40 -0700] "GET / HTTP/1.1" 200 17429 "-" "Mozilla/5.0 (Windows NT 10.0; Win64; x64) AppleWebKit/537.36 (KHTML, like Gecko) Chrome/52.0.2743.116 Safari/537.36 Edge/15.15063"
185.86.149.254 - - [03/Apr/2019:08:04:42 -0700] "GET /?name=5ca4cb890741b&email=robmel85%40gmail.com&weJHlkUY=robmel85%40gmail.com&message=& HTTP/1.1" 200 17429 "http://rndsquared.com/" "Mozilla/5.0 (Windows NT 10.0; Win64; x64) AppleWebKit/537.36 (KHTML, like Gecko) Chrome/52.0.2743.116 Safari/537.36 Edge/15.15063"
216.244.66.197 - - [03/Apr/2019:08:11:51 -0700] "GET /img/njn/5.jpg HTTP/1.1" 200 117364 "-" "Mozilla/5.0 (compatible; DotBot/1.1; http://www.opensiteexplorer.org/dotbot, help@moz.com)"
199.249.230.81 - - [03/Apr/2019:08:26:04 -0700] "GET / HTTP/1.1" 200 17429 "-" "Mozilla/5.0 (Windows NT 6.0; WOW64; rv:52.0) Gecko/20100101 Firefox/52.0"
199.249.230.81 - - [03/Apr/2019:08:26:05 -0700] "GET /?name=5ca4d08e8f6e5&email=shaun.breland%40gmail.com&weJHlkUY=shaun.breland%40gmail.com&message=& HTTP/1.1" 200 17429 "http://rndsquared.com/" "Mozilla/5.0 (Windows NT 6.0; WOW64; rv:52.0) Gecko/20100101 Firefox/52.0"
216.244.66.197 - - [03/Apr/2019:08:32:52 -0700] "GET /robots.txt HTTP/1.1" 404 208 "-" "Mozilla/5.0 (compatible; DotBot/1.1; http://www.opensiteexplorer.org/dotbot, help@moz.com)"
47.19.52.27 - - [03/Apr/2019:08:46:55 -0700] "GET /img/autumn/thumbs/7.jpg HTTP/1.1" 200 25117 "https://www.google.com/" "Mozilla/5.0 (Macintosh; Intel Mac OS X 10_12_6) AppleWebKit/537.36 (KHTML, like Gecko) Chrome/73.0.3683.86 Safari/537.36"
195.176.3.20 - - [03/Apr/2019:08:55:37 -0700] "GET / HTTP/1.1" 200 17429 "-" "Mozilla/5.0 (Windows NT 6.2; Win64; x64) AppleWebKit/537.36 (KHTML, like Gecko) Chrome/52.0.2743.116 Safari/537.36 Edge/15.15063"
195.176.3.20 - - [03/Apr/2019:08:55:38 -0700] "GET /?name=5ca4d77bb844c&email=soperseadog%40gmail.com&weJHlkUY=soperseadog%40gmail.com&message=& HTTP/1.1" 200 17429 "http://rndsquared.com/" "Mozilla/5.0 (Windows NT 6.2; Win64; x64) AppleWebKit/537.36 (KHTML, like Gecko) Chrome/52.0.2743.116 Safari/537.36 Edge/15.15063"
185.220.101.67 - - [03/Apr/2019:08:57:37 -0700] "GET / HTTP/1.1" 200 17429 "-" "Mozilla/5.0 (compatible; MSIE 10.0; Windows NT 6.2; WOW64; Trident/6.0)"
185.220.101.67 - - [03/Apr/2019:08:57:38 -0700] "GET /?name=5ca4d7f2269d7&email=wallajd42%40gmail.com&weJHlkUY=wallajd42%40gmail.com&message=& HTTP/1.1" 200 17429 "http://rndsquared.com/" "Mozilla/5.0 (compatible; MSIE 10.0; Windows NT 6.2; WOW64; Trident/6.0)"
216.244.66.197 - - [03/Apr/2019:09:03:02 -0700] "GET /img/mixman/16.jpg HTTP/1.1" 200 113328 "-" "Mozilla/5.0 (compatible; DotBot/1.1; http://www.opensiteexplorer.org/dotbot, help@moz.com)"
216.244.66.197 - - [03/Apr/2019:09:03:06 -0700] "GET /img/njn/3.jpg HTTP/1.1" 200 157605 "-" "Mozilla/5.0 (compatible; DotBot/1.1; http://www.opensiteexplorer.org/dotbot, help@moz.com)"
216.244.66.197 - - [03/Apr/2019:09:24:06 -0700] "GET /robots.txt HTTP/1.1" 404 208 "-" "Mozilla/5.0 (compatible; DotBot/1.1; http://www.opensiteexplorer.org/dotbot, help@moz.com)"
109.70.100.19 - - [03/Apr/2019:09:26:40 -0700] "GET / HTTP/1.1" 200 17429 "-" "Mozilla/5.0 (Macintosh; Intel Mac OS X 10_13_4) AppleWebKit/605.1.15 (KHTML, like Gecko) Version/11.1 Safari/605.1.15"
109.70.100.19 - - [03/Apr/2019:09:26:41 -0700] "GET /?name=5ca4dec4b0803&email=ecr3charles%40yahoo.com&weJHlkUY=ecr3charles%40yahoo.com&message=& HTTP/1.1" 200 17429 "http://rndsquared.com/" "Mozilla/5.0 (Macintosh; Intel Mac OS X 10_13_4) AppleWebKit/605.1.15 (KHTML, like Gecko) Version/11.1 Safari/605.1.15"
216.244.66.197 - - [03/Apr/2019:09:50:31 -0700] "GET /img/mixman/4.jpg HTTP/1.1" 200 135099 "-" "Mozilla/5.0 (compatible; DotBot/1.1; http://www.opensiteexplorer.org/dotbot, help@moz.com)"
216.244.66.197 - - [03/Apr/2019:09:50:34 -0700] "GET /img/wu-wei/2.jpg HTTP/1.1" 200 183246 "-" "Mozilla/5.0 (compatible; DotBot/1.1; http://www.opensiteexplorer.org/dotbot, help@moz.com)"
185.100.87.206 - - [03/Apr/2019:10:07:16 -0700] "GET / HTTP/1.1" 200 17429 "-" "Mozilla/5.0 (compatible; MSIE 9.0; Windows NT 6.1; Trident/5.0)"
185.100.87.206 - - [03/Apr/2019:10:07:18 -0700] "GET /?name=5ca4e8493114f&email=bevlimbaugh%40yahoo.com&weJHlkUY=bevlimbaugh%40yahoo.com&message=& HTTP/1.1" 200 17429 "http://rndsquared.com/" "Mozilla/5.0 (compatible; MSIE 9.0; Windows NT 6.1; Trident/5.0)"
216.244.66.197 - - [03/Apr/2019:10:15:57 -0700] "GET /robots.txt HTTP/1.1" 404 208 "-" "Mozilla/5.0 (compatible; DotBot/1.1; http://www.opensiteexplorer.org/dotbot, help@moz.com)"
216.244.66.197 - - [03/Apr/2019:10:48:00 -0700] "GET /img/mixman/1.jpg HTTP/1.1" 200 146374 "-" "Mozilla/5.0 (compatible; DotBot/1.1; http://www.opensiteexplorer.org/dotbot, help@moz.com)"
94.23.157.38 - - [03/Apr/2019:10:53:17 -0700] "GET / HTTP/1.1" 200 79394 "-" "Mozilla/5.0 (Windows NT 10.0; Win64; x64) AppleWebKit/537.36 (KHTML, like Gecko) Chrome/63.0.3239.132 Safari/537.36"
94.23.157.38 - - [03/Apr/2019:10:53:17 -0700] "GET /wp-includes/wlwmanifest.xml HTTP/1.1" 404 225 "-" "Mozilla/5.0 (Windows NT 10.0; Win64; x64) AppleWebKit/537.36 (KHTML, like Gecko) Chrome/63.0.3239.132 Safari/537.36"
94.23.157.38 - - [03/Apr/2019:10:53:28 -0700] "GET /xmlrpc.php?rsd HTTP/1.1" 404 208 "-" "Mozilla/5.0 (Windows NT 10.0; Win64; x64) AppleWebKit/537.36 (KHTML, like Gecko) Chrome/63.0.3239.132 Safari/537.36"
94.23.157.38 - - [03/Apr/2019:10:53:38 -0700] "GET / HTTP/1.1" 200 79394 "-" "Mozilla/5.0 (Windows NT 10.0; Win64; x64) AppleWebKit/537.36 (KHTML, like Gecko) Chrome/63.0.3239.132 Safari/537.36"
94.23.157.38 - - [03/Apr/2019:10:53:38 -0700] "GET /blog/wp-includes/wlwmanifest.xml HTTP/1.1" 404 230 "-" "Mozilla/5.0 (Windows NT 10.0; Win64; x64) AppleWebKit/537.36 (KHTML, like Gecko) Chrome/63.0.3239.132 Safari/537.36"
94.23.157.38 - - [03/Apr/2019:10:53:49 -0700] "GET /web/wp-includes/wlwmanifest.xml HTTP/1.1" 404 229 "-" "Mozilla/5.0 (Windows NT 10.0; Win64; x64) AppleWebKit/537.36 (KHTML, like Gecko) Chrome/63.0.3239.132 Safari/537.36"
94.23.157.38 - - [03/Apr/2019:10:53:59 -0700] "GET /wordpress/wp-includes/wlwmanifest.xml HTTP/1.1" 404 235 "-" "Mozilla/5.0 (Windows NT 10.0; Win64; x64) AppleWebKit/537.36 (KHTML, like Gecko) Chrome/63.0.3239.132 Safari/537.36"
94.23.157.38 - - [03/Apr/2019:10:54:10 -0700] "GET /website/wp-includes/wlwmanifest.xml HTTP/1.1" 404 233 "-" "Mozilla/5.0 (Windows NT 10.0; Win64; x64) AppleWebKit/537.36 (KHTML, like Gecko) Chrome/63.0.3239.132 Safari/537.36"
94.23.157.38 - - [03/Apr/2019:10:54:20 -0700] "GET /wp/wp-includes/wlwmanifest.xml HTTP/1.1" 404 228 "-" "Mozilla/5.0 (Windows NT 10.0; Win64; x64) AppleWebKit/537.36 (KHTML, like Gecko) Chrome/63.0.3239.132 Safari/537.36"
94.23.157.38 - - [03/Apr/2019:10:54:30 -0700] "GET /news/wp-includes/wlwmanifest.xml HTTP/1.1" 404 230 "-" "Mozilla/5.0 (Windows NT 10.0; Win64; x64) AppleWebKit/537.36 (KHTML, like Gecko) Chrome/63.0.3239.132 Safari/537.36"
94.23.157.38 - - [03/Apr/2019:10:54:41 -0700] "GET /2015/wp-includes/wlwmanifest.xml HTTP/1.1" 404 230 "-" "Mozilla/5.0 (Windows NT 10.0; Win64; x64) AppleWebKit/537.36 (KHTML, like Gecko) Chrome/63.0.3239.132 Safari/537.36"
94.23.157.38 - - [03/Apr/2019:10:54:51 -0700] "GET /2016/wp-includes/wlwmanifest.xml HTTP/1.1" 404 230 "-" "Mozilla/5.0 (Windows NT 10.0; Win64; x64) AppleWebKit/537.36 (KHTML, like Gecko) Chrome/63.0.3239.132 Safari/537.36"
94.23.157.38 - - [03/Apr/2019:10:55:02 -0700] "GET /2017/wp-includes/wlwmanifest.xml HTTP/1.1" 404 230 "-" "Mozilla/5.0 (Windows NT 10.0; Win64; x64) AppleWebKit/537.36 (KHTML, like Gecko) Chrome/63.0.3239.132 Safari/537.36"
94.23.157.38 - - [03/Apr/2019:10:55:12 -0700] "GET /2018/wp-includes/wlwmanifest.xml HTTP/1.1" 404 230 "-" "Mozilla/5.0 (Windows NT 10.0; Win64; x64) AppleWebKit/537.36 (KHTML, like Gecko) Chrome/63.0.3239.132 Safari/537.36"
94.23.157.38 - - [03/Apr/2019:10:55:23 -0700] "GET /shop/wp-includes/wlwmanifest.xml HTTP/1.1" 404 230 "-" "Mozilla/5.0 (Windows NT 10.0; Win64; x64) AppleWebKit/537.36 (KHTML, like Gecko) Chrome/63.0.3239.132 Safari/537.36"
94.23.157.38 - - [03/Apr/2019:10:55:33 -0700] "GET /wp1/wp-includes/wlwmanifest.xml HTTP/1.1" 404 229 "-" "Mozilla/5.0 (Windows NT 10.0; Win64; x64) AppleWebKit/537.36 (KHTML, like Gecko) Chrome/63.0.3239.132 Safari/537.36"
94.23.157.38 - - [03/Apr/2019:10:55:43 -0700] "GET /test/wp-includes/wlwmanifest.xml HTTP/1.1" 404 230 "-" "Mozilla/5.0 (Windows NT 10.0; Win64; x64) AppleWebKit/537.36 (KHTML, like Gecko) Chrome/63.0.3239.132 Safari/537.36"
94.23.157.38 - - [03/Apr/2019:10:55:54 -0700] "GET /media/wp-includes/wlwmanifest.xml HTTP/1.1" 404 231 "-" "Mozilla/5.0 (Windows NT 10.0; Win64; x64) AppleWebKit/537.36 (KHTML, like Gecko) Chrome/63.0.3239.132 Safari/537.36"
94.23.157.38 - - [03/Apr/2019:10:56:04 -0700] "GET /wp2/wp-includes/wlwmanifest.xml HTTP/1.1" 404 229 "-" "Mozilla/5.0 (Windows NT 10.0; Win64; x64) AppleWebKit/537.36 (KHTML, like Gecko) Chrome/63.0.3239.132 Safari/537.36"
94.23.157.38 - - [03/Apr/2019:10:56:14 -0700] "GET /site/wp-includes/wlwmanifest.xml HTTP/1.1" 404 230 "-" "Mozilla/5.0 (Windows NT 10.0; Win64; x64) AppleWebKit/537.36 (KHTML, like Gecko) Chrome/63.0.3239.132 Safari/537.36"
94.23.157.38 - - [03/Apr/2019:10:56:25 -0700] "GET /cms/wp-includes/wlwmanifest.xml HTTP/1.1" 404 229 "-" "Mozilla/5.0 (Windows NT 10.0; Win64; x64) AppleWebKit/537.36 (KHTML, like Gecko) Chrome/63.0.3239.132 Safari/537.36"
94.23.157.38 - - [03/Apr/2019:10:56:36 -0700] "GET /sito/wp-includes/wlwmanifest.xml HTTP/1.1" 404 230 "-" "Mozilla/5.0 (Windows NT 10.0; Win64; x64) AppleWebKit/537.36 (KHTML, like Gecko) Chrome/63.0.3239.132 Safari/537.36"
35.237.41.114 - - [03/Apr/2019:11:13:27 -0700] "GET /robots.txt HTTP/1.0" 404 208 "-" "ZoominfoBot (zoominfobot at zoominfo dot com)"
35.237.41.114 - - [03/Apr/2019:11:13:27 -0700] "GET / HTTP/1.0" 200 17429 "-" "ZoominfoBot (zoominfobot at zoominfo dot com)"
35.237.41.114 - - [03/Apr/2019:11:14:48 -0700] "GET /robots.txt HTTP/1.0" 404 208 "-" "ZoominfoBot (zoominfobot at zoominfo dot com)"
35.237.41.114 - - [03/Apr/2019:11:14:48 -0700] "GET / HTTP/1.0" 200 17429 "-" "ZoominfoBot (zoominfobot at zoominfo dot com)"
193.106.30.98 - - [03/Apr/2019:11:53:15 -0700] "POST /temp.php HTTP/1.1" 404 206 "-" "Mozilla/5.0 (Windows NT 6.1; rv:34.0) Gecko/20100101 Firefox/34.0"
63.33.63.50 - - [03/Apr/2019:12:12:05 -0700] "HEAD / HTTP/1.1" 200 - "-" "CheckMarkNetwork/1.0 (+http://www.checkmarknetwork.com/spider.html)"
63.33.63.50 - - [03/Apr/2019:12:12:05 -0700] "GET /robots.txt HTTP/1.1" 404 208 "-" "CheckMarkNetwork/1.0 (+http://www.checkmarknetwork.com/spider.html)"
63.33.63.50 - - [03/Apr/2019:12:12:05 -0700] "GET / HTTP/1.1" 200 17429 "-" "CheckMarkNetwork/1.0 (+http://www.checkmarknetwork.com/spider.html)"
63.33.63.50 - - [03/Apr/2019:12:12:05 -0700] "GET /js/modernizr.js HTTP/1.1" 200 5933 "http://rndsquared.com/" "CheckMarkNetwork/1.0 (+http://www.checkmarknetwork.com/spider.html)"
63.33.63.50 - - [03/Apr/2019:12:12:06 -0700] "GET /js/lightbox.js HTTP/1.1" 200 4210 "http://rndsquared.com/" "CheckMarkNetwork/1.0 (+http://www.checkmarknetwork.com/spider.html)"
63.33.63.50 - - [03/Apr/2019:12:12:06 -0700] "GET /js/scripts.js HTTP/1.1" 200 1227 "http://rndsquared.com/" "CheckMarkNetwork/1.0 (+http://www.checkmarknetwork.com/spider.html)"
63.33.63.50 - - [03/Apr/2019:12:12:06 -0700] "GET /css/styles.css HTTP/1.1" 200 1975 "-" "CheckMarkNetwork/1.0 (+http://www.checkmarknetwork.com/spider.html)"
63.33.63.50 - - [03/Apr/2019:12:12:06 -0700] "GET /css/lightbox.css HTTP/1.1" 200 1003 "-" "CheckMarkNetwork/1.0 (+http://www.checkmarknetwork.com/spider.html)"
63.33.63.50 - - [03/Apr/2019:12:12:06 -0700] "GET /css/bootstrap.min.css HTTP/1.1" 200 11249 "-" "CheckMarkNetwork/1.0 (+http://www.checkmarknetwork.com/spider.html)"
63.33.63.50 - - [03/Apr/2019:12:12:07 -0700] "GET /js/modernizr.js HTTP/1.1" 200 5933 "-" "CheckMarkNetwork/1.0 (+http://www.checkmarknetwork.com/spider.html)"
63.33.63.50 - - [03/Apr/2019:12:12:07 -0700] "GET /js/lightbox.js HTTP/1.1" 200 4210 "-" "CheckMarkNetwork/1.0 (+http://www.checkmarknetwork.com/spider.html)"
63.33.63.50 - - [03/Apr/2019:12:12:08 -0700] "GET /js/scripts.js HTTP/1.1" 200 1227 "-" "CheckMarkNetwork/1.0 (+http://www.checkmarknetwork.com/spider.html)"
193.106.30.98 - - [03/Apr/2019:12:23:00 -0700] "POST /temp.php HTTP/1.1" 404 206 "-" "Mozilla/5.0 (Windows NT 6.1; rv:34.0) Gecko/20100101 Firefox/34.0"
77.247.181.163 - - [03/Apr/2019:12:51:46 -0700] "GET / HTTP/1.1" 200 17429 "-" "Mozilla/5.0 (Windows NT 6.2; Win64; x64) AppleWebKit/537.36 (KHTML, like Gecko) Chrome/57.0.2987.133 Safari/537.36"
77.247.181.163 - - [03/Apr/2019:12:51:47 -0700] "GET /?name=5ca50ed2e96b8&email=wallajd42%40gmail.com&weJHlkUY=wallajd42%40gmail.com&message=& HTTP/1.1" 200 17429 "http://rndsquared.com/" "Mozilla/5.0 (Windows NT 6.2; Win64; x64) AppleWebKit/537.36 (KHTML, like Gecko) Chrome/57.0.2987.133 Safari/537.36"
94.242.59.89 - - [03/Apr/2019:13:01:42 -0700] "GET / HTTP/1.1" 200 17429 "-" "Mozilla/5.0 (Windows NT 6.2; Win64; x64) AppleWebKit/537.36 (KHTML, like Gecko) Chrome/60.0.3112.90 Safari/537.36"
94.242.59.89 - - [03/Apr/2019:13:01:43 -0700] "GET /?name=5ca5112a2a5c6&email=evablaschke%40gmx.de&weJHlkUY=evablaschke%40gmx.de&message=& HTTP/1.1" 200 17429 "http://rndsquared.com/" "Mozilla/5.0 (Windows NT 6.2; Win64; x64) AppleWebKit/537.36 (KHTML, like Gecko) Chrome/60.0.3112.90 Safari/537.36"
51.15.117.50 - - [03/Apr/2019:13:11:52 -0700] "GET / HTTP/1.1" 200 17429 "-" "Mozilla/5.0 (Macintosh; Intel Mac OS X 10_11_6) AppleWebKit/601.7.7 (KHTML, like Gecko) Version/9.1.2 Safari/601.7.7"
51.15.117.50 - - [03/Apr/2019:13:11:53 -0700] "GET /?name=5ca513894341f&email=grifwhitney%40yahoo.com&weJHlkUY=grifwhitney%40yahoo.com&message=& HTTP/1.1" 200 17429 "http://rndsquared.com/" "Mozilla/5.0 (Macintosh; Intel Mac OS X 10_11_6) AppleWebKit/601.7.7 (KHTML, like Gecko) Version/9.1.2 Safari/601.7.7"
89.31.57.5 - - [03/Apr/2019:13:23:05 -0700] "GET / HTTP/1.1" 200 17429 "-" "Mozilla/5.0 (Windows NT 6.1; Win64; x64) AppleWebKit/537.36 (KHTML, like Gecko) Chrome/60.0.3112.90 Safari/537.36"
89.31.57.5 - - [03/Apr/2019:13:23:06 -0700] "GET /?name=5ca5162da295f&email=msdavis3%40aol.com&weJHlkUY=msdavis3%40aol.com&message=& HTTP/1.1" 200 17429 "http://rndsquared.com/" "Mozilla/5.0 (Windows NT 6.1; Win64; x64) AppleWebKit/537.36 (KHTML, like Gecko) Chrome/60.0.3112.90 Safari/537.36"
54.36.149.101 - - [03/Apr/2019:13:37:58 -0700] "GET /robots.txt HTTP/1.1" 404 208 "-" "Mozilla/5.0 (compatible; AhrefsBot/6.1; +http://ahrefs.com/robot/)"
54.36.148.78 - - [03/Apr/2019:13:37:59 -0700] "GET /img/oncekids-fujimini/7.jpg HTTP/1.1" 200 153636 "-" "Mozilla/5.0 (compatible; AhrefsBot/6.1; +http://ahrefs.com/robot/)"
109.184.218.58 - - [03/Apr/2019:14:58:30 -0700] "GET / HTTP/1.0" 200 79394 "http://rndsquared.com/" "Mozilla/5.0 (Windows NT 10.0; Win64; x64) AppleWebKit/537.36 (KHTML, like Gecko) Chrome/65.0.3325.181 Safari/537.36"
109.184.218.58 - - [03/Apr/2019:14:58:31 -0700] "POST / HTTP/1.0" 200 79394 "http://rndsquared.com/" "Mozilla/5.0 (Windows NT 10.0; Win64; x64) AppleWebKit/537.36 (KHTML, like Gecko) Chrome/65.0.3325.181 Safari/537.36"
216.244.66.197 - - [03/Apr/2019:15:18:21 -0700] "GET /robots.txt HTTP/1.1" 404 208 "-" "Mozilla/5.0 (compatible; DotBot/1.1; http://www.opensiteexplorer.org/dotbot, help@moz.com)"
54.37.234.66 - - [03/Apr/2019:15:29:20 -0700] "GET / HTTP/1.1" 200 17429 "-" "Mozilla/5.0 (Macintosh; Intel Mac OS X 10_13_4) AppleWebKit/605.1.15 (KHTML, like Gecko) Version/11.1 Safari/605.1.15"
54.37.234.66 - - [03/Apr/2019:15:29:21 -0700] "GET /?name=5ca533c715548&email=tobysullivan24%40gmail.com&weJHlkUY=tobysullivan24%40gmail.com&message=& HTTP/1.1" 200 17429 "http://rndsquared.com/" "Mozilla/5.0 (Macintosh; Intel Mac OS X 10_13_4) AppleWebKit/605.1.15 (KHTML, like Gecko) Version/11.1 Safari/605.1.15"
73.231.164.56 - - [03/Apr/2019:15:46:27 -0700] "GET /favicon.ico HTTP/1.1" 404 209 "-" "Mozilla/5.0 (iPad; CPU OS 12_2 like Mac OS X) AppleWebKit/605.1.15 (KHTML, like Gecko) FxiOS/15.1b14275 Mobile/15E148 Safari/605.1.15"
216.244.66.197 - - [03/Apr/2019:15:52:53 -0700] "GET /img/praxis/praxiscity.png HTTP/1.1" 200 1324301 "-" "Mozilla/5.0 (compatible; DotBot/1.1; http://www.opensiteexplorer.org/dotbot, help@moz.com)"
198.98.54.28 - - [03/Apr/2019:16:08:39 -0700] "GET / HTTP/1.1" 200 17429 "-" "Mozilla/5.0 (Windows NT 10.0; Win64; x64) AppleWebKit/537.36 (KHTML, like Gecko) Chrome/63.0.3239.84 Safari/537.36"
198.98.54.28 - - [03/Apr/2019:16:08:40 -0700] "GET /?name=5ca53cf85a1a5&email=gabegonzalez%40aol.com&weJHlkUY=gabegonzalez%40aol.com&message=& HTTP/1.1" 200 17429 "http://rndsquared.com/" "Mozilla/5.0 (Windows NT 10.0; Win64; x64) AppleWebKit/537.36 (KHTML, like Gecko) Chrome/63.0.3239.84 Safari/537.36"
207.46.13.139 - - [03/Apr/2019:16:32:05 -0700] "GET / HTTP/1.1" 200 17429 "-" "Mozilla/5.0 (compatible; bingbot/2.0; +http://www.bing.com/bingbot.htm)"
54.36.148.244 - - [03/Apr/2019:16:35:22 -0700] "GET /img/praxis/praxisCopy.png HTTP/1.1" 200 149758 "-" "Mozilla/5.0 (compatible; AhrefsBot/6.1; +http://ahrefs.com/robot/)"
54.36.148.57 - - [03/Apr/2019:16:38:32 -0700] "GET /img/oncekids-fujimini/4.jpg HTTP/1.1" 200 111945 "-" "Mozilla/5.0 (compatible; AhrefsBot/6.1; +http://ahrefs.com/robot/)"
216.244.66.197 - - [03/Apr/2019:17:51:58 -0700] "GET /robots.txt HTTP/1.1" 404 208 "-" "Mozilla/5.0 (compatible; DotBot/1.1; http://www.opensiteexplorer.org/dotbot, help@moz.com)"
109.70.100.25 - - [03/Apr/2019:18:16:05 -0700] "GET / HTTP/1.1" 200 17429 "-" "Mozilla/5.0 (Windows NT 5.1; Win64; x64) AppleWebKit/537.36 (KHTML, like Gecko) Chrome/57.0.2987.133 Safari/537.36"
109.70.100.25 - - [03/Apr/2019:18:16:06 -0700] "GET /?name=5ca55add2945a&email=kathy.rebconst%40gmail.com&weJHlkUY=kathy.rebconst%40gmail.com&message=& HTTP/1.1" 200 17429 "http://rndsquared.com/" "Mozilla/5.0 (Windows NT 5.1; Win64; x64) AppleWebKit/537.36 (KHTML, like Gecko) Chrome/57.0.2987.133 Safari/537.36"
144.217.166.59 - - [03/Apr/2019:18:24:28 -0700] "GET / HTTP/1.1" 200 17429 "-" "Mozilla/5.0 (Windows NT 10.0; WOW64) AppleWebKit/537.36 (KHTML, like Gecko) Chrome/45.0.2454.93 Safari/537.36"
144.217.166.59 - - [03/Apr/2019:18:24:30 -0700] "GET /?name=5ca55cd5ea70f&email=travisandbrenda5103%40gmail.com&weJHlkUY=travisandbrenda5103%40gmail.com&message=& HTTP/1.1" 200 17429 "http://rndsquared.com/" "Mozilla/5.0 (Windows NT 10.0; WOW64) AppleWebKit/537.36 (KHTML, like Gecko) Chrome/45.0.2454.93 Safari/537.36"
73.231.164.56 - - [03/Apr/2019:18:32:03 -0700] "GET /favicon.ico HTTP/1.1" 404 209 "-" "Mozilla/5.0 (iPad; CPU OS 12_2 like Mac OS X) AppleWebKit/605.1.15 (KHTML, like Gecko) FxiOS/15.1b14275 Mobile/15E148 Safari/605.1.15"
54.39.148.232 - - [03/Apr/2019:18:39:14 -0700] "GET / HTTP/1.1" 200 17429 "-" "Mozilla/5.0 (Windows NT 6.1; Win64; x64) AppleWebKit/537.36 (KHTML, like Gecko) Chrome/60.0.3112.90 Safari/537.36"
