104.227.97.122 - - [04/May/2018:15:57:41 -0700] "GET /img/wu-wei/6.jpg HTTP/1.1" 200 180106 "http://rndsquared.com" "Mozilla/5.0 (Windows NT 6.3; Win64; x64; rv:57.0) Gecko/20100101 Firefox/57.0"
104.227.97.122 - - [04/May/2018:15:57:42 -0700] "GET /img/wu-wei/5.jpg HTTP/1.1" 200 220470 "http://rndsquared.com" "Mozilla/5.0 (Windows NT 6.3; Win64; x64; rv:57.0) Gecko/20100101 Firefox/57.0"
104.227.97.122 - - [04/May/2018:15:57:42 -0700] "GET /img/wu-wei/4.jpg HTTP/1.1" 200 279891 "http://rndsquared.com" "Mozilla/5.0 (Windows NT 6.3; Win64; x64; rv:57.0) Gecko/20100101 Firefox/57.0"
104.227.97.122 - - [04/May/2018:15:57:43 -0700] "GET /img/wu-wei/3.jpg HTTP/1.1" 200 173337 "http://rndsquared.com" "Mozilla/5.0 (Windows NT 6.3; Win64; x64; rv:57.0) Gecko/20100101 Firefox/57.0"
104.227.97.122 - - [04/May/2018:15:57:43 -0700] "GET /img/wu-wei/2.jpg HTTP/1.1" 200 183246 "http://rndsquared.com" "Mozilla/5.0 (Windows NT 6.3; Win64; x64; rv:57.0) Gecko/20100101 Firefox/57.0"
104.227.97.122 - - [04/May/2018:15:57:43 -0700] "GET /img/wu-wei/1.jpg HTTP/1.1" 200 323401 "http://rndsquared.com" "Mozilla/5.0 (Windows NT 6.3; Win64; x64; rv:57.0) Gecko/20100101 Firefox/57.0"
104.227.97.122 - - [04/May/2018:15:57:44 -0700] "GET /img/oncekids-fujimini/8.jpg HTTP/1.1" 200 78635 "http://rndsquared.com" "Mozilla/5.0 (Windows NT 6.3; Win64; x64; rv:57.0) Gecko/20100101 Firefox/57.0"
104.227.97.122 - - [04/May/2018:15:57:44 -0700] "GET /img/oncekids-fujimini/7.jpg HTTP/1.1" 200 153636 "http://rndsquared.com" "Mozilla/5.0 (Windows NT 6.3; Win64; x64; rv:57.0) Gecko/20100101 Firefox/57.0"
104.227.97.122 - - [04/May/2018:15:57:45 -0700] "GET /img/oncekids-fujimini/6.jpg HTTP/1.1" 200 118631 "http://rndsquared.com" "Mozilla/5.0 (Windows NT 6.3; Win64; x64; rv:57.0) Gecko/20100101 Firefox/57.0"
104.227.97.122 - - [04/May/2018:15:57:45 -0700] "GET /img/oncekids-fujimini/5.jpg HTTP/1.1" 200 76459 "http://rndsquared.com" "Mozilla/5.0 (Windows NT 6.3; Win64; x64; rv:57.0) Gecko/20100101 Firefox/57.0"
104.227.97.122 - - [04/May/2018:15:57:45 -0700] "GET /img/oncekids-fujimini/4.jpg HTTP/1.1" 200 111945 "http://rndsquared.com" "Mozilla/5.0 (Windows NT 6.3; Win64; x64; rv:57.0) Gecko/20100101 Firefox/57.0"
104.227.97.122 - - [04/May/2018:15:57:46 -0700] "GET /img/oncekids-fujimini/3.jpg HTTP/1.1" 200 143020 "http://rndsquared.com" "Mozilla/5.0 (Windows NT 6.3; Win64; x64; rv:57.0) Gecko/20100101 Firefox/57.0"
104.227.97.122 - - [04/May/2018:15:57:46 -0700] "GET /img/oncekids-fujimini/2.jpg HTTP/1.1" 200 99983 "http://rndsquared.com" "Mozilla/5.0 (Windows NT 6.3; Win64; x64; rv:57.0) Gecko/20100101 Firefox/57.0"
104.227.97.122 - - [04/May/2018:15:57:46 -0700] "GET /img/oncekids-fujimini/1.jpg HTTP/1.1" 200 109257 "http://rndsquared.com" "Mozilla/5.0 (Windows NT 6.3; Win64; x64; rv:57.0) Gecko/20100101 Firefox/57.0"
104.227.97.122 - - [04/May/2018:15:57:47 -0700] "GET /img/urban-cowgirl/6.jpg HTTP/1.1" 200 56465 "http://rndsquared.com" "Mozilla/5.0 (Windows NT 6.3; Win64; x64; rv:57.0) Gecko/20100101 Firefox/57.0"
104.227.97.122 - - [04/May/2018:15:57:47 -0700] "GET /img/urban-cowgirl/5.jpg HTTP/1.1" 200 114905 "http://rndsquared.com" "Mozilla/5.0 (Windows NT 6.3; Win64; x64; rv:57.0) Gecko/20100101 Firefox/57.0"
104.227.97.122 - - [04/May/2018:15:57:47 -0700] "GET /img/urban-cowgirl/4.jpg HTTP/1.1" 200 103819 "http://rndsquared.com" "Mozilla/5.0 (Windows NT 6.3; Win64; x64; rv:57.0) Gecko/20100101 Firefox/57.0"
104.227.97.122 - - [04/May/2018:15:57:48 -0700] "GET /img/urban-cowgirl/3.jpg HTTP/1.1" 200 80583 "http://rndsquared.com" "Mozilla/5.0 (Windows NT 6.3; Win64; x64; rv:57.0) Gecko/20100101 Firefox/57.0"
104.227.97.122 - - [04/May/2018:15:57:48 -0700] "GET /img/urban-cowgirl/2.jpg HTTP/1.1" 200 104975 "http://rndsquared.com" "Mozilla/5.0 (Windows NT 6.3; Win64; x64; rv:57.0) Gecko/20100101 Firefox/57.0"
104.227.97.122 - - [04/May/2018:15:57:48 -0700] "GET /img/urban-cowgirl/1.jpg HTTP/1.1" 200 94626 "http://rndsquared.com" "Mozilla/5.0 (Windows NT 6.3; Win64; x64; rv:57.0) Gecko/20100101 Firefox/57.0"
104.227.97.122 - - [04/May/2018:15:57:49 -0700] "GET /img/mixman/19.jpg HTTP/1.1" 200 81276 "http://rndsquared.com" "Mozilla/5.0 (Windows NT 6.3; Win64; x64; rv:57.0) Gecko/20100101 Firefox/57.0"
104.227.97.122 - - [04/May/2018:15:57:49 -0700] "GET /img/mixman/18.jpg HTTP/1.1" 200 75474 "http://rndsquared.com" "Mozilla/5.0 (Windows NT 6.3; Win64; x64; rv:57.0) Gecko/20100101 Firefox/57.0"
104.227.97.122 - - [04/May/2018:15:57:49 -0700] "GET /img/mixman/17.jpg HTTP/1.1" 200 60460 "http://rndsquared.com" "Mozilla/5.0 (Windows NT 6.3; Win64; x64; rv:57.0) Gecko/20100101 Firefox/57.0"
104.227.97.122 - - [04/May/2018:15:57:50 -0700] "GET /img/mixman/16.jpg HTTP/1.1" 200 113328 "http://rndsquared.com" "Mozilla/5.0 (Windows NT 6.3; Win64; x64; rv:57.0) Gecko/20100101 Firefox/57.0"
104.227.97.122 - - [04/May/2018:15:57:50 -0700] "GET /img/mixman/15.jpg HTTP/1.1" 200 115845 "http://rndsquared.com" "Mozilla/5.0 (Windows NT 6.3; Win64; x64; rv:57.0) Gecko/20100101 Firefox/57.0"
104.227.97.122 - - [04/May/2018:15:57:50 -0700] "GET /img/mixman/14.jpg HTTP/1.1" 200 132076 "http://rndsquared.com" "Mozilla/5.0 (Windows NT 6.3; Win64; x64; rv:57.0) Gecko/20100101 Firefox/57.0"
104.227.97.122 - - [04/May/2018:15:57:51 -0700] "GET /img/mixman/13.jpg HTTP/1.1" 200 106423 "http://rndsquared.com" "Mozilla/5.0 (Windows NT 6.3; Win64; x64; rv:57.0) Gecko/20100101 Firefox/57.0"
104.227.97.122 - - [04/May/2018:15:57:51 -0700] "GET /img/mixman/12.jpg HTTP/1.1" 200 112736 "http://rndsquared.com" "Mozilla/5.0 (Windows NT 6.3; Win64; x64; rv:57.0) Gecko/20100101 Firefox/57.0"
104.227.97.122 - - [04/May/2018:15:57:51 -0700] "GET /img/mixman/11.jpg HTTP/1.1" 200 114722 "http://rndsquared.com" "Mozilla/5.0 (Windows NT 6.3; Win64; x64; rv:57.0) Gecko/20100101 Firefox/57.0"
104.227.97.122 - - [04/May/2018:15:57:52 -0700] "GET /img/mixman/10.jpg HTTP/1.1" 200 114974 "http://rndsquared.com" "Mozilla/5.0 (Windows NT 6.3; Win64; x64; rv:57.0) Gecko/20100101 Firefox/57.0"
104.227.97.122 - - [04/May/2018:15:57:52 -0700] "GET /img/mixman/9.jpg HTTP/1.1" 200 141085 "http://rndsquared.com" "Mozilla/5.0 (Windows NT 6.3; Win64; x64; rv:57.0) Gecko/20100101 Firefox/57.0"
104.227.97.122 - - [04/May/2018:15:57:53 -0700] "GET /img/mixman/8.jpg HTTP/1.1" 200 120259 "http://rndsquared.com" "Mozilla/5.0 (Windows NT 6.3; Win64; x64; rv:57.0) Gecko/20100101 Firefox/57.0"
104.227.97.122 - - [04/May/2018:15:57:53 -0700] "GET /img/mixman/7.jpg HTTP/1.1" 200 107323 "http://rndsquared.com" "Mozilla/5.0 (Windows NT 6.3; Win64; x64; rv:57.0) Gecko/20100101 Firefox/57.0"
104.227.97.122 - - [04/May/2018:15:57:53 -0700] "GET /img/mixman/6.jpg HTTP/1.1" 200 105501 "http://rndsquared.com" "Mozilla/5.0 (Windows NT 6.3; Win64; x64; rv:57.0) Gecko/20100101 Firefox/57.0"
104.227.97.122 - - [04/May/2018:15:57:54 -0700] "GET /img/mixman/5.jpg HTTP/1.1" 200 86490 "http://rndsquared.com" "Mozilla/5.0 (Windows NT 6.3; Win64; x64; rv:57.0) Gecko/20100101 Firefox/57.0"
104.227.97.122 - - [04/May/2018:15:57:54 -0700] "GET /img/mixman/4.jpg HTTP/1.1" 200 135099 "http://rndsquared.com" "Mozilla/5.0 (Windows NT 6.3; Win64; x64; rv:57.0) Gecko/20100101 Firefox/57.0"
104.227.97.122 - - [04/May/2018:15:57:54 -0700] "GET /img/mixman/3.jpg HTTP/1.1" 200 114734 "http://rndsquared.com" "Mozilla/5.0 (Windows NT 6.3; Win64; x64; rv:57.0) Gecko/20100101 Firefox/57.0"
104.227.97.122 - - [04/May/2018:15:57:55 -0700] "GET /img/mixman/2.jpg HTTP/1.1" 200 80932 "http://rndsquared.com" "Mozilla/5.0 (Windows NT 6.3; Win64; x64; rv:57.0) Gecko/20100101 Firefox/57.0"
104.227.97.122 - - [04/May/2018:15:57:55 -0700] "GET /img/mixman/1.jpg HTTP/1.1" 200 146374 "http://rndsquared.com" "Mozilla/5.0 (Windows NT 6.3; Win64; x64; rv:57.0) Gecko/20100101 Firefox/57.0"
104.227.97.122 - - [04/May/2018:15:57:55 -0700] "GET / HTTP/1.1" 200 15893 "http://rndsquared.com" "Mozilla/5.0 (Windows NT 6.3; Win64; x64; rv:57.0) Gecko/20100101 Firefox/57.0"
185.107.47.215 - - [04/May/2018:16:40:32 -0700] "GET / HTTP/1.1" 200 15893 "http://pizza-tycoon.com/" "Mozilla/5.0 (X11; Linux x86_64) AppleWebKit/537.36 (KHTML, like Gecko) Chrome/37.0.2062.120 Safari/537.36"
185.107.47.215 - - [04/May/2018:16:40:32 -0700] "GET / HTTP/1.1" 200 15893 "http://burger-imperia.com/" "Mozilla/5.0 (X11; Linux x86_64) AppleWebKit/537.36 (KHTML, like Gecko) Chrome/37.0.2062.120 Safari/537.36"
176.126.252.11 - - [04/May/2018:16:43:44 -0700] "GET / HTTP/1.1" 200 15893 "-" "Mozilla/5.0 (Windows NT 5.1; rv:7.0.1) Gecko/20100101 Firefox/7.0.1"
138.197.73.210 - - [04/May/2018:16:54:46 -0700] "GET / HTTP/1.1" 200 15893 "http://rndsquared.com" "Mozilla/5.0 (X11; Datanyze; Linux x86_64) AppleWebKit/537.36 (KHTML, like Gecko) Chrome/65.0.3325.181 Safari/537.36"
138.197.73.210 - - [04/May/2018:16:54:47 -0700] "GET /js/scripts.js HTTP/1.1" 200 3179 "-" "Mozilla/5.0 (X11; Datanyze; Linux x86_64) AppleWebKit/537.36 (KHTML, like Gecko) Chrome/65.0.3325.181 Safari/537.36"
138.197.73.210 - - [04/May/2018:16:54:47 -0700] "GET /css/lightbox.css HTTP/1.1" 200 3874 "-" "Mozilla/5.0 (X11; Datanyze; Linux x86_64) AppleWebKit/537.36 (KHTML, like Gecko) Chrome/65.0.3325.181 Safari/537.36"
138.197.73.210 - - [04/May/2018:16:55:00 -0700] "GET /robots.txt HTTP/1.1" 404 208 "-" "Mozilla/5.0 (Windows NT 6.1; WOW64) AppleWebKit/537.36 (KHTML, like Gecko) Chrome/34.0.1847.131 Safari/537.36"
167.99.134.21 - - [04/May/2018:17:40:09 -0700] "GET / HTTP/1.1" 200 15893 "-" "Mozilla/5.0 (Windows NT 5.1; rv:7.0.1) Gecko/20100101 Firefox/7.0.1"
151.80.39.237 - - [04/May/2018:18:33:09 -0700] "GET /robots.txt HTTP/1.1" 404 208 "-" "Mozilla/5.0 (compatible; AhrefsBot/5.2; +http://ahrefs.com/robot/)"
54.36.148.111 - - [04/May/2018:18:33:09 -0700] "GET / HTTP/1.1" 200 15893 "-" "Mozilla/5.0 (compatible; AhrefsBot/5.2; +http://ahrefs.com/robot/)"
89.34.237.215 - - [04/May/2018:18:41:19 -0700] "GET / HTTP/1.1" 200 15893 "-" "Mozilla/5.0 (Windows NT 5.1; rv:7.0.1) Gecko/20100101 Firefox/7.0.1"
54.67.59.131 - - [04/May/2018:19:23:50 -0700] "GET / HTTP/1.1" 200 15893 "-" "Mozilla/5.0 (Macintosh; Intel Mac OS X 10_12_6) AppleWebKit/537.36 (KHTML, like Gecko) Chrome/61.0.3163.100 Safari/537.36"
157.55.39.221 - - [04/May/2018:20:03:17 -0700] "GET / HTTP/1.1" 200 15893 "-" "Mozilla/5.0 (compatible; bingbot/2.0; +http://www.bing.com/bingbot.htm)"
54.36.148.223 - - [04/May/2018:20:13:37 -0700] "GET /img/wu-wei/9.jpg HTTP/1.1" 200 398953 "-" "Mozilla/5.0 (compatible; AhrefsBot/5.2; +http://ahrefs.com/robot/)"
180.76.15.24 - - [04/May/2018:20:34:00 -0700] "GET / HTTP/1.1" 200 15893 "-" "Mozilla/5.0 (compatible; Baiduspider/2.0; +http://www.baidu.com/search/spider.html)"
66.70.217.179 - - [04/May/2018:20:50:23 -0700] "GET / HTTP/1.1" 200 15893 "http://burger-imperia.com/" "Mozilla/5.0 (X11; Linux x86_64) AppleWebKit/537.36 (KHTML, like Gecko) Chrome/37.0.2062.120 Safari/537.36"
95.216.14.250 - - [04/May/2018:21:21:05 -0700] "GET /robots.txt HTTP/1.1" 404 208 "-" "Mozilla/5.0 (compatible; MJ12bot/v1.4.8; http://mj12bot.com/)"
95.216.14.250 - - [04/May/2018:21:21:06 -0700] "GET / HTTP/1.1" 200 72658 "-" "Mozilla/5.0 (compatible; MJ12bot/v1.4.8; http://mj12bot.com/)"
69.175.97.170 - - [04/May/2018:21:41:08 -0700] "GET / HTTP/1.1" 200 15893 "-" "Mozilla/5.0 (Windows NT 10.0; WOW64) AppleWebKit/537.36 (KHTML, like Gecko) Chrome/66.0.3359.117 Safari/537.36"
76.103.27.137 - - [04/May/2018:21:43:52 -0700] "GET /img/mixman/thumbs/1.jpg HTTP/1.1" 200 35516 "http://rndsquared.com/" "Mozilla/5.0 (iPad; CPU OS 11_3 like Mac OS X) AppleWebKit/605.1.15 (KHTML, like Gecko) Version/11.0 Mobile/15E148 Safari/604.1"
76.103.27.137 - - [04/May/2018:21:43:52 -0700] "GET /img/urban-cowgirl/thumbs/1.jpg HTTP/1.1" 200 26624 "http://rndsquared.com/" "Mozilla/5.0 (iPad; CPU OS 11_3 like Mac OS X) AppleWebKit/605.1.15 (KHTML, like Gecko) Version/11.0 Mobile/15E148 Safari/604.1"
76.103.27.137 - - [04/May/2018:21:43:52 -0700] "GET /js/modernizr.js HTTP/1.1" 200 5933 "http://rndsquared.com/" "Mozilla/5.0 (iPad; CPU OS 11_3 like Mac OS X) AppleWebKit/605.1.15 (KHTML, like Gecko) Version/11.0 Mobile/15E148 Safari/604.1"
76.103.27.137 - - [04/May/2018:21:43:52 -0700] "GET /css/bootstrap.min.css HTTP/1.1" 200 11249 "http://rndsquared.com/" "Mozilla/5.0 (iPad; CPU OS 11_3 like Mac OS X) AppleWebKit/605.1.15 (KHTML, like Gecko) Version/11.0 Mobile/15E148 Safari/604.1"
76.103.27.137 - - [04/May/2018:21:43:52 -0700] "GET /js/scripts.js HTTP/1.1" 200 1227 "http://rndsquared.com/" "Mozilla/5.0 (iPad; CPU OS 11_3 like Mac OS X) AppleWebKit/605.1.15 (KHTML, like Gecko) Version/11.0 Mobile/15E148 Safari/604.1"
76.103.27.137 - - [04/May/2018:21:43:52 -0700] "GET /js/lightbox.js HTTP/1.1" 200 4210 "http://rndsquared.com/" "Mozilla/5.0 (iPad; CPU OS 11_3 like Mac OS X) AppleWebKit/605.1.15 (KHTML, like Gecko) Version/11.0 Mobile/15E148 Safari/604.1"
76.103.27.137 - - [04/May/2018:21:43:52 -0700] "GET /img/oncekids-fujimini/thumbs/1.jpg HTTP/1.1" 200 36349 "http://rndsquared.com/" "Mozilla/5.0 (iPad; CPU OS 11_3 like Mac OS X) AppleWebKit/605.1.15 (KHTML, like Gecko) Version/11.0 Mobile/15E148 Safari/604.1"
76.103.27.137 - - [04/May/2018:21:43:52 -0700] "GET /img/bs4w/thumbs/3.jpg HTTP/1.1" 200 21431 "http://rndsquared.com/" "Mozilla/5.0 (iPad; CPU OS 11_3 like Mac OS X) AppleWebKit/605.1.15 (KHTML, like Gecko) Version/11.0 Mobile/15E148 Safari/604.1"
76.103.27.137 - - [04/May/2018:21:43:52 -0700] "GET /img/autumn/thumbs/1.jpg HTTP/1.1" 200 24768 "http://rndsquared.com/" "Mozilla/5.0 (iPad; CPU OS 11_3 like Mac OS X) AppleWebKit/605.1.15 (KHTML, like Gecko) Version/11.0 Mobile/15E148 Safari/604.1"
76.103.27.137 - - [04/May/2018:21:43:52 -0700] "GET /img/sfnoir/thumbs/2.jpg HTTP/1.1" 200 23061 "http://rndsquared.com/" "Mozilla/5.0 (iPad; CPU OS 11_3 like Mac OS X) AppleWebKit/605.1.15 (KHTML, like Gecko) Version/11.0 Mobile/15E148 Safari/604.1"
76.103.27.137 - - [04/May/2018:21:43:53 -0700] "GET /img/mixman/thumbs/2.jpg HTTP/1.1" 200 24519 "http://rndsquared.com/" "Mozilla/5.0 (iPad; CPU OS 11_3 like Mac OS X) AppleWebKit/605.1.15 (KHTML, like Gecko) Version/11.0 Mobile/15E148 Safari/604.1"
76.103.27.137 - - [04/May/2018:21:43:54 -0700] "GET /img/mixman/thumbs/6.jpg HTTP/1.1" 200 29592 "http://rndsquared.com/" "Mozilla/5.0 (iPad; CPU OS 11_3 like Mac OS X) AppleWebKit/605.1.15 (KHTML, like Gecko) Version/11.0 Mobile/15E148 Safari/604.1"
76.103.27.137 - - [04/May/2018:21:43:54 -0700] "GET /img/mixman/thumbs/3.jpg HTTP/1.1" 200 32138 "http://rndsquared.com/" "Mozilla/5.0 (iPad; CPU OS 11_3 like Mac OS X) AppleWebKit/605.1.15 (KHTML, like Gecko) Version/11.0 Mobile/15E148 Safari/604.1"
76.103.27.137 - - [04/May/2018:21:43:54 -0700] "GET /img/mixman/thumbs/4.jpg HTTP/1.1" 200 35783 "http://rndsquared.com/" "Mozilla/5.0 (iPad; CPU OS 11_3 like Mac OS X) AppleWebKit/605.1.15 (KHTML, like Gecko) Version/11.0 Mobile/15E148 Safari/604.1"
76.103.27.137 - - [04/May/2018:21:43:54 -0700] "GET /img/mixman/thumbs/5.jpg HTTP/1.1" 200 23498 "http://rndsquared.com/" "Mozilla/5.0 (iPad; CPU OS 11_3 like Mac OS X) AppleWebKit/605.1.15 (KHTML, like Gecko) Version/11.0 Mobile/15E148 Safari/604.1"
76.103.27.137 - - [04/May/2018:21:43:54 -0700] "GET /img/mixman/thumbs/7.jpg HTTP/1.1" 200 29010 "http://rndsquared.com/" "Mozilla/5.0 (iPad; CPU OS 11_3 like Mac OS X) AppleWebKit/605.1.15 (KHTML, like Gecko) Version/11.0 Mobile/15E148 Safari/604.1"
76.103.27.137 - - [04/May/2018:21:43:54 -0700] "GET /img/mixman/thumbs/9.jpg HTTP/1.1" 200 34012 "http://rndsquared.com/" "Mozilla/5.0 (iPad; CPU OS 11_3 like Mac OS X) AppleWebKit/605.1.15 (KHTML, like Gecko) Version/11.0 Mobile/15E148 Safari/604.1"
76.103.27.137 - - [04/May/2018:21:43:54 -0700] "GET /img/mixman/thumbs/13.jpg HTTP/1.1" 200 28845 "http://rndsquared.com/" "Mozilla/5.0 (iPad; CPU OS 11_3 like Mac OS X) AppleWebKit/605.1.15 (KHTML, like Gecko) Version/11.0 Mobile/15E148 Safari/604.1"
76.103.27.137 - - [04/May/2018:21:43:54 -0700] "GET /img/mixman/thumbs/11.jpg HTTP/1.1" 200 32588 "http://rndsquared.com/" "Mozilla/5.0 (iPad; CPU OS 11_3 like Mac OS X) AppleWebKit/605.1.15 (KHTML, like Gecko) Version/11.0 Mobile/15E148 Safari/604.1"
76.103.27.137 - - [04/May/2018:21:43:54 -0700] "GET /img/mixman/thumbs/10.jpg HTTP/1.1" 200 31032 "http://rndsquared.com/" "Mozilla/5.0 (iPad; CPU OS 11_3 like Mac OS X) AppleWebKit/605.1.15 (KHTML, like Gecko) Version/11.0 Mobile/15E148 Safari/604.1"
76.103.27.137 - - [04/May/2018:21:43:54 -0700] "GET /img/mixman/thumbs/15.jpg HTTP/1.1" 200 31677 "http://rndsquared.com/" "Mozilla/5.0 (iPad; CPU OS 11_3 like Mac OS X) AppleWebKit/605.1.15 (KHTML, like Gecko) Version/11.0 Mobile/15E148 Safari/604.1"
76.103.27.137 - - [04/May/2018:21:43:54 -0700] "GET /img/mixman/thumbs/17.jpg HTTP/1.1" 200 16331 "http://rndsquared.com/" "Mozilla/5.0 (iPad; CPU OS 11_3 like Mac OS X) AppleWebKit/605.1.15 (KHTML, like Gecko) Version/11.0 Mobile/15E148 Safari/604.1"
76.103.27.137 - - [04/May/2018:21:43:54 -0700] "GET /img/mixman/thumbs/16.jpg HTTP/1.1" 200 36852 "http://rndsquared.com/" "Mozilla/5.0 (iPad; CPU OS 11_3 like Mac OS X) AppleWebKit/605.1.15 (KHTML, like Gecko) Version/11.0 Mobile/15E148 Safari/604.1"
76.103.27.137 - - [04/May/2018:21:43:54 -0700] "GET /img/mixman/thumbs/18.jpg HTTP/1.1" 200 20196 "http://rndsquared.com/" "Mozilla/5.0 (iPad; CPU OS 11_3 like Mac OS X) AppleWebKit/605.1.15 (KHTML, like Gecko) Version/11.0 Mobile/15E148 Safari/604.1"
76.103.27.137 - - [04/May/2018:21:43:54 -0700] "GET /img/mixman/thumbs/19.jpg HTTP/1.1" 200 22007 "http://rndsquared.com/" "Mozilla/5.0 (iPad; CPU OS 11_3 like Mac OS X) AppleWebKit/605.1.15 (KHTML, like Gecko) Version/11.0 Mobile/15E148 Safari/604.1"
76.103.27.137 - - [04/May/2018:21:43:54 -0700] "GET /img/urban-cowgirl/thumbs/3.jpg HTTP/1.1" 200 25487 "http://rndsquared.com/" "Mozilla/5.0 (iPad; CPU OS 11_3 like Mac OS X) AppleWebKit/605.1.15 (KHTML, like Gecko) Version/11.0 Mobile/15E148 Safari/604.1"
76.103.27.137 - - [04/May/2018:21:43:54 -0700] "GET /img/urban-cowgirl/thumbs/4.jpg HTTP/1.1" 200 27112 "http://rndsquared.com/" "Mozilla/5.0 (iPad; CPU OS 11_3 like Mac OS X) AppleWebKit/605.1.15 (KHTML, like Gecko) Version/11.0 Mobile/15E148 Safari/604.1"
76.103.27.137 - - [04/May/2018:21:43:54 -0700] "GET /img/urban-cowgirl/thumbs/2.jpg HTTP/1.1" 200 24103 "http://rndsquared.com/" "Mozilla/5.0 (iPad; CPU OS 11_3 like Mac OS X) AppleWebKit/605.1.15 (KHTML, like Gecko) Version/11.0 Mobile/15E148 Safari/604.1"
76.103.27.137 - - [04/May/2018:21:43:55 -0700] "GET /img/urban-cowgirl/thumbs/5.jpg HTTP/1.1" 200 26913 "http://rndsquared.com/" "Mozilla/5.0 (iPad; CPU OS 11_3 like Mac OS X) AppleWebKit/605.1.15 (KHTML, like Gecko) Version/11.0 Mobile/15E148 Safari/604.1"
76.103.27.137 - - [04/May/2018:21:43:55 -0700] "GET /img/urban-cowgirl/thumbs/6.jpg HTTP/1.1" 200 14645 "http://rndsquared.com/" "Mozilla/5.0 (iPad; CPU OS 11_3 like Mac OS X) AppleWebKit/605.1.15 (KHTML, like Gecko) Version/11.0 Mobile/15E148 Safari/604.1"
76.103.27.137 - - [04/May/2018:21:43:55 -0700] "GET /img/oncekids-fujimini/thumbs/4.jpg HTTP/1.1" 200 39689 "http://rndsquared.com/" "Mozilla/5.0 (iPad; CPU OS 11_3 like Mac OS X) AppleWebKit/605.1.15 (KHTML, like Gecko) Version/11.0 Mobile/15E148 Safari/604.1"
76.103.27.137 - - [04/May/2018:21:43:55 -0700] "GET /img/oncekids-fujimini/thumbs/3.jpg HTTP/1.1" 200 39586 "http://rndsquared.com/" "Mozilla/5.0 (iPad; CPU OS 11_3 like Mac OS X) AppleWebKit/605.1.15 (KHTML, like Gecko) Version/11.0 Mobile/15E148 Safari/604.1"
76.103.27.137 - - [04/May/2018:21:43:55 -0700] "GET /img/oncekids-fujimini/thumbs/2.jpg HTTP/1.1" 200 36054 "http://rndsquared.com/" "Mozilla/5.0 (iPad; CPU OS 11_3 like Mac OS X) AppleWebKit/605.1.15 (KHTML, like Gecko) Version/11.0 Mobile/15E148 Safari/604.1"
76.103.27.137 - - [04/May/2018:21:43:55 -0700] "GET /img/oncekids-fujimini/thumbs/5.jpg HTTP/1.1" 200 26202 "http://rndsquared.com/" "Mozilla/5.0 (iPad; CPU OS 11_3 like Mac OS X) AppleWebKit/605.1.15 (KHTML, like Gecko) Version/11.0 Mobile/15E148 Safari/604.1"
76.103.27.137 - - [04/May/2018:21:43:55 -0700] "GET /img/oncekids-fujimini/thumbs/6.jpg HTTP/1.1" 200 27603 "http://rndsquared.com/" "Mozilla/5.0 (iPad; CPU OS 11_3 like Mac OS X) AppleWebKit/605.1.15 (KHTML, like Gecko) Version/11.0 Mobile/15E148 Safari/604.1"
76.103.27.137 - - [04/May/2018:21:43:55 -0700] "GET /img/oncekids-fujimini/thumbs/7.jpg HTTP/1.1" 200 39450 "http://rndsquared.com/" "Mozilla/5.0 (iPad; CPU OS 11_3 like Mac OS X) AppleWebKit/605.1.15 (KHTML, like Gecko) Version/11.0 Mobile/15E148 Safari/604.1"
76.103.27.137 - - [04/May/2018:21:43:55 -0700] "GET /img/oncekids-fujimini/thumbs/8.jpg HTTP/1.1" 200 23299 "http://rndsquared.com/" "Mozilla/5.0 (iPad; CPU OS 11_3 like Mac OS X) AppleWebKit/605.1.15 (KHTML, like Gecko) Version/11.0 Mobile/15E148 Safari/604.1"
76.103.27.137 - - [04/May/2018:21:43:55 -0700] "GET /img/wu-wei/thumbs/3.jpg HTTP/1.1" 200 22711 "http://rndsquared.com/" "Mozilla/5.0 (iPad; CPU OS 11_3 like Mac OS X) AppleWebKit/605.1.15 (KHTML, like Gecko) Version/11.0 Mobile/15E148 Safari/604.1"
76.103.27.137 - - [04/May/2018:21:43:55 -0700] "GET /img/wu-wei/thumbs/4.jpg HTTP/1.1" 200 24258 "http://rndsquared.com/" "Mozilla/5.0 (iPad; CPU OS 11_3 like Mac OS X) AppleWebKit/605.1.15 (KHTML, like Gecko) Version/11.0 Mobile/15E148 Safari/604.1"
76.103.27.137 - - [04/May/2018:21:43:55 -0700] "GET /img/wu-wei/thumbs/9.jpg HTTP/1.1" 200 35525 "http://rndsquared.com/" "Mozilla/5.0 (iPad; CPU OS 11_3 like Mac OS X) AppleWebKit/605.1.15 (KHTML, like Gecko) Version/11.0 Mobile/15E148 Safari/604.1"
76.103.27.137 - - [04/May/2018:21:43:55 -0700] "GET /img/wu-wei/thumbs/10.jpg HTTP/1.1" 200 20185 "http://rndsquared.com/" "Mozilla/5.0 (iPad; CPU OS 11_3 like Mac OS X) AppleWebKit/605.1.15 (KHTML, like Gecko) Version/11.0 Mobile/15E148 Safari/604.1"
76.103.27.137 - - [04/May/2018:21:43:55 -0700] "GET /img/wu-wei/thumbs/5.jpg HTTP/1.1" 200 22671 "http://rndsquared.com/" "Mozilla/5.0 (iPad; CPU OS 11_3 like Mac OS X) AppleWebKit/605.1.15 (KHTML, like Gecko) Version/11.0 Mobile/15E148 Safari/604.1"
76.103.27.137 - - [04/May/2018:21:43:55 -0700] "GET /img/bs4w/thumbs/1.jpg HTTP/1.1" 200 14712 "http://rndsquared.com/" "Mozilla/5.0 (iPad; CPU OS 11_3 like Mac OS X) AppleWebKit/605.1.15 (KHTML, like Gecko) Version/11.0 Mobile/15E148 Safari/604.1"
76.103.27.137 - - [04/May/2018:21:43:55 -0700] "GET /img/bs4w/thumbs/2.jpg HTTP/1.1" 200 31891 "http://rndsquared.com/" "Mozilla/5.0 (iPad; CPU OS 11_3 like Mac OS X) AppleWebKit/605.1.15 (KHTML, like Gecko) Version/11.0 Mobile/15E148 Safari/604.1"
76.103.27.137 - - [04/May/2018:21:43:55 -0700] "GET /img/bs4w/thumbs/5.jpg HTTP/1.1" 200 12034 "http://rndsquared.com/" "Mozilla/5.0 (iPad; CPU OS 11_3 like Mac OS X) AppleWebKit/605.1.15 (KHTML, like Gecko) Version/11.0 Mobile/15E148 Safari/604.1"
76.103.27.137 - - [04/May/2018:21:43:55 -0700] "GET /img/bs4w/thumbs/7.jpg HTTP/1.1" 200 23328 "http://rndsquared.com/" "Mozilla/5.0 (iPad; CPU OS 11_3 like Mac OS X) AppleWebKit/605.1.15 (KHTML, like Gecko) Version/11.0 Mobile/15E148 Safari/604.1"
76.103.27.137 - - [04/May/2018:21:43:56 -0700] "GET /img/bs4w/thumbs/6.jpg HTTP/1.1" 200 12384 "http://rndsquared.com/" "Mozilla/5.0 (iPad; CPU OS 11_3 like Mac OS X) AppleWebKit/605.1.15 (KHTML, like Gecko) Version/11.0 Mobile/15E148 Safari/604.1"
76.103.27.137 - - [04/May/2018:21:43:56 -0700] "GET /img/sfnoir/thumbs/1.jpg HTTP/1.1" 200 25215 "http://rndsquared.com/" "Mozilla/5.0 (iPad; CPU OS 11_3 like Mac OS X) AppleWebKit/605.1.15 (KHTML, like Gecko) Version/11.0 Mobile/15E148 Safari/604.1"
76.103.27.137 - - [04/May/2018:21:43:56 -0700] "GET /img/sfnoir/thumbs/7.jpg HTTP/1.1" 200 33692 "http://rndsquared.com/" "Mozilla/5.0 (iPad; CPU OS 11_3 like Mac OS X) AppleWebKit/605.1.15 (KHTML, like Gecko) Version/11.0 Mobile/15E148 Safari/604.1"
76.103.27.137 - - [04/May/2018:21:43:56 -0700] "GET /img/sfnoir/thumbs/3.jpg HTTP/1.1" 200 22380 "http://rndsquared.com/" "Mozilla/5.0 (iPad; CPU OS 11_3 like Mac OS X) AppleWebKit/605.1.15 (KHTML, like Gecko) Version/11.0 Mobile/15E148 Safari/604.1"
76.103.27.137 - - [04/May/2018:21:43:56 -0700] "GET /img/sfnoir/thumbs/8.jpg HTTP/1.1" 200 32404 "http://rndsquared.com/" "Mozilla/5.0 (iPad; CPU OS 11_3 like Mac OS X) AppleWebKit/605.1.15 (KHTML, like Gecko) Version/11.0 Mobile/15E148 Safari/604.1"
76.103.27.137 - - [04/May/2018:21:43:56 -0700] "GET /img/sfnoir/thumbs/9.jpg HTTP/1.1" 200 20844 "http://rndsquared.com/" "Mozilla/5.0 (iPad; CPU OS 11_3 like Mac OS X) AppleWebKit/605.1.15 (KHTML, like Gecko) Version/11.0 Mobile/15E148 Safari/604.1"
76.103.27.137 - - [04/May/2018:21:43:57 -0700] "GET /img/njn/thumbs/5.jpg HTTP/1.1" 200 27963 "http://rndsquared.com/" "Mozilla/5.0 (iPad; CPU OS 11_3 like Mac OS X) AppleWebKit/605.1.15 (KHTML, like Gecko) Version/11.0 Mobile/15E148 Safari/604.1"
76.103.27.137 - - [04/May/2018:21:43:57 -0700] "GET /img/njn/thumbs/7.jpg HTTP/1.1" 200 28520 "http://rndsquared.com/" "Mozilla/5.0 (iPad; CPU OS 11_3 like Mac OS X) AppleWebKit/605.1.15 (KHTML, like Gecko) Version/11.0 Mobile/15E148 Safari/604.1"
76.103.27.137 - - [04/May/2018:21:43:57 -0700] "GET /img/autumn/thumbs/4.jpg HTTP/1.1" 200 20880 "http://rndsquared.com/" "Mozilla/5.0 (iPad; CPU OS 11_3 like Mac OS X) AppleWebKit/605.1.15 (KHTML, like Gecko) Version/11.0 Mobile/15E148 Safari/604.1"
76.103.27.137 - - [04/May/2018:21:43:57 -0700] "GET /img/autumn/thumbs/6.jpg HTTP/1.1" 200 30923 "http://rndsquared.com/" "Mozilla/5.0 (iPad; CPU OS 11_3 like Mac OS X) AppleWebKit/605.1.15 (KHTML, like Gecko) Version/11.0 Mobile/15E148 Safari/604.1"
76.103.27.137 - - [04/May/2018:21:43:58 -0700] "GET /img/autumn/thumbs/7.jpg HTTP/1.1" 200 25117 "http://rndsquared.com/" "Mozilla/5.0 (iPad; CPU OS 11_3 like Mac OS X) AppleWebKit/605.1.15 (KHTML, like Gecko) Version/11.0 Mobile/15E148 Safari/604.1"
76.103.27.137 - - [04/May/2018:21:43:58 -0700] "GET /img/autumn/thumbs/8.jpg HTTP/1.1" 200 20283 "http://rndsquared.com/" "Mozilla/5.0 (iPad; CPU OS 11_3 like Mac OS X) AppleWebKit/605.1.15 (KHTML, like Gecko) Version/11.0 Mobile/15E148 Safari/604.1"
76.103.27.137 - - [04/May/2018:21:43:58 -0700] "GET /img/logo.png HTTP/1.1" 200 13123 "http://rndsquared.com/" "Mozilla/5.0 (iPad; CPU OS 11_3 like Mac OS X) AppleWebKit/605.1.15 (KHTML, like Gecko) Version/11.0 Mobile/15E148 Safari/604.1"
76.103.27.137 - - [04/May/2018:21:43:58 -0700] "GET /css/images/next.png HTTP/1.1" 200 1350 "http://rndsquared.com/" "Mozilla/5.0 (iPad; CPU OS 11_3 like Mac OS X) AppleWebKit/605.1.15 (KHTML, like Gecko) Version/11.0 Mobile/15E148 Safari/604.1"
76.103.27.137 - - [04/May/2018:21:43:58 -0700] "GET /css/images/prev.png HTTP/1.1" 200 1360 "http://rndsquared.com/" "Mozilla/5.0 (iPad; CPU OS 11_3 like Mac OS X) AppleWebKit/605.1.15 (KHTML, like Gecko) Version/11.0 Mobile/15E148 Safari/604.1"
76.103.27.137 - - [04/May/2018:21:43:58 -0700] "GET /css/images/loading.gif HTTP/1.1" 200 8476 "http://rndsquared.com/" "Mozilla/5.0 (iPad; CPU OS 11_3 like Mac OS X) AppleWebKit/605.1.15 (KHTML, like Gecko) Version/11.0 Mobile/15E148 Safari/604.1"
76.103.27.137 - - [04/May/2018:21:43:58 -0700] "GET /css/images/close.png HTTP/1.1" 200 280 "http://rndsquared.com/" "Mozilla/5.0 (iPad; CPU OS 11_3 like Mac OS X) AppleWebKit/605.1.15 (KHTML, like Gecko) Version/11.0 Mobile/15E148 Safari/604.1"
76.103.27.137 - - [04/May/2018:21:43:58 -0700] "GET /img/marble.jpg HTTP/1.1" 200 292701 "http://rndsquared.com/" "Mozilla/5.0 (iPad; CPU OS 11_3 like Mac OS X) AppleWebKit/605.1.15 (KHTML, like Gecko) Version/11.0 Mobile/15E148 Safari/604.1"
46.183.218.199 - - [04/May/2018:21:48:43 -0700] "GET / HTTP/1.1" 200 15893 "http://burger-imperia.com/" "Mozilla/5.0 (X11; Linux x86_64) AppleWebKit/537.36 (KHTML, like Gecko) Chrome/37.0.2062.120 Safari/537.36"
46.183.218.199 - - [04/May/2018:21:48:52 -0700] "GET / HTTP/1.1" 200 15893 "http://pizza-tycoon.com/" "Mozilla/5.0 (X11; Linux x86_64) AppleWebKit/537.36 (KHTML, like Gecko) Chrome/37.0.2062.120 Safari/537.36"
93.158.161.62 - - [04/May/2018:23:39:10 -0700] "GET /robots.txt HTTP/1.1" 404 208 "-" "Mozilla/5.0 (compatible; YandexBot/3.0; +http://yandex.com/bots)"
93.158.161.62 - - [04/May/2018:23:39:14 -0700] "GET /favicon.ico HTTP/1.1" 404 209 "-" "Mozilla/5.0 (compatible; YandexBot/3.0; +http://yandex.com/bots)"
197.231.221.211 - - [05/May/2018:00:48:10 -0700] "GET / HTTP/1.1" 200 15893 "-" "Mozilla/5.0 (Windows NT 5.1; rv:7.0.1) Gecko/20100101 Firefox/7.0.1"
218.161.118.33 - - [05/May/2018:00:50:01 -0700] "GET / HTTP/1.1" 200 15893 "-" "Mozilla/5.0 (Windows NT 5.1; rv:7.0.1) Gecko/20100101 Firefox/7.0.1"
69.12.66.250 - - [05/May/2018:01:04:00 -0700] "GET /README.txt HTTP/1.1" 404 208 "http://www.rndsquared.com/README.txt" "Mozilla/5.0 (Windows NT 6.1; WOW64) AppleWebKit/537.36 (KHTML, like Gecko) Chrome/42.0.2311.152 Safari/537.36"
66.249.69.84 - - [05/May/2018:01:36:36 -0700] "GET /robots.txt HTTP/1.1" 404 208 "-" "Mozilla/5.0 (compatible; Googlebot/2.1; +http://www.google.com/bot.html)"
66.249.69.84 - - [05/May/2018:01:36:36 -0700] "GET / HTTP/1.1" 200 15893 "-" "Mozilla/5.0 (compatible; Googlebot/2.1; +http://www.google.com/bot.html)"
66.249.69.80 - - [05/May/2018:01:36:39 -0700] "GET /css/bootstrap.min.css HTTP/1.1" 200 11249 "http://www.rndsquared.com/" "Mozilla/5.0 (compatible; Googlebot/2.1; +http://www.google.com/bot.html)"
66.249.69.82 - - [05/May/2018:01:36:40 -0700] "GET /css/styles.css HTTP/1.1" 200 1975 "http://www.rndsquared.com/" "Mozilla/5.0 (compatible; Googlebot/2.1; +http://www.google.com/bot.html)"
66.249.69.82 - - [05/May/2018:01:36:40 -0700] "GET /css/lightbox.css HTTP/1.1" 200 1003 "http://www.rndsquared.com/" "Mozilla/5.0 (compatible; Googlebot/2.1; +http://www.google.com/bot.html)"
66.249.69.82 - - [05/May/2018:01:37:15 -0700] "GET /img/njn/3.jpg HTTP/1.1" 200 157605 "-" "Googlebot-Image/1.0"
66.249.69.82 - - [05/May/2018:01:37:54 -0700] "GET /img/njn/1.jpg HTTP/1.1" 200 88793 "-" "Googlebot-Image/1.0"
66.249.69.82 - - [05/May/2018:01:38:44 -0700] "GET /img/njn/7.jpg HTTP/1.1" 200 116420 "-" "Googlebot-Image/1.0"
66.249.69.80 - - [05/May/2018:01:39:35 -0700] "GET /img/njn/4.jpg HTTP/1.1" 200 151484 "-" "Googlebot-Image/1.0"
66.249.69.84 - - [05/May/2018:01:40:26 -0700] "GET /img/njn/8.jpg HTTP/1.1" 200 124240 "-" "Googlebot-Image/1.0"
66.249.69.80 - - [05/May/2018:01:45:35 -0700] "GET /img/njn/6.jpg HTTP/1.1" 200 125438 "-" "Googlebot-Image/1.0"
66.249.69.84 - - [05/May/2018:02:14:22 -0700] "GET /img/njn/5.jpg HTTP/1.1" 200 117364 "-" "Googlebot-Image/1.0"
66.249.69.82 - - [05/May/2018:02:43:10 -0700] "GET /img/njn/2.jpg HTTP/1.1" 200 103550 "-" "Googlebot-Image/1.0"
178.137.165.61 - - [05/May/2018:02:43:16 -0700] "GET / HTTP/1.1" 200 72658 "https://www.atyks.ru/" "Mozilla/4.79 [en] (Windows NT 5.0; U)"
178.137.165.61 - - [05/May/2018:02:43:18 -0700] "GET / HTTP/1.1" 200 72658 "https://www.atyks.ru/" "Mozilla/4.79 [en] (Windows NT 5.0; U)"
66.249.69.80 - - [05/May/2018:03:11:58 -0700] "GET /img/bs4w/8.jpg HTTP/1.1" 200 67708 "-" "Googlebot-Image/1.0"
66.249.69.84 - - [05/May/2018:03:40:48 -0700] "GET /img/bs4w/3.jpg HTTP/1.1" 200 74030 "-" "Googlebot-Image/1.0"
66.249.69.82 - - [05/May/2018:04:09:34 -0700] "GET /img/bs4w/5.jpg HTTP/1.1" 200 42135 "-" "Googlebot-Image/1.0"
66.249.69.84 - - [05/May/2018:04:38:24 -0700] "GET /img/bs4w/2.jpg HTTP/1.1" 200 116129 "-" "Googlebot-Image/1.0"
66.249.69.80 - - [05/May/2018:05:04:17 -0700] "GET /img/bs4w/7.jpg HTTP/1.1" 200 80775 "-" "Googlebot-Image/1.0"
66.249.69.80 - - [05/May/2018:05:33:05 -0700] "GET /img/bs4w/6.jpg HTTP/1.1" 200 42274 "-" "Googlebot-Image/1.0"
54.36.149.54 - - [05/May/2018:05:42:10 -0700] "GET /img/autumn/7.jpg HTTP/1.1" 200 236722 "-" "Mozilla/5.0 (compatible; AhrefsBot/5.2; +http://ahrefs.com/robot/)"
66.249.69.84 - - [05/May/2018:06:01:55 -0700] "GET /img/bs4w/1.jpg HTTP/1.1" 200 61424 "-" "Googlebot-Image/1.0"
192.99.9.147 - - [05/May/2018:06:13:06 -0700] "GET / HTTP/1.0" 200 72658 "-" "Mozilla/5.0 (Windows NT 6.1; Win64; x64) AppleWebKit/537.36 (KHTML, like Gecko) Chrome/62.0.3202.94 Safari/537.36"
66.249.69.80 - - [05/May/2018:06:30:44 -0700] "GET /img/bs4w/4.jpg HTTP/1.1" 200 93892 "-" "Googlebot-Image/1.0"
37.115.185.9 - - [05/May/2018:08:54:32 -0700] "GET / HTTP/1.1" 200 72658 "https://docsarchive.net/" "Mozilla/4.0 (compatible; MSIE 6.0; Windows NT 5.1; SV1; .NET CLR 1.0.3705; .NET CLR 1.1.4322; .NET CLR 2.0.40607)"
37.115.185.9 - - [05/May/2018:08:54:37 -0700] "GET / HTTP/1.1" 200 72658 "https://docsarchive.net/" "Mozilla/4.0 (compatible; MSIE 6.0; Windows NT 5.1; SV1; .NET CLR 1.0.3705; .NET CLR 1.1.4322; .NET CLR 2.0.40607)"
199.58.86.209 - - [05/May/2018:09:16:21 -0700] "GET /robots.txt HTTP/1.1" 404 208 "-" "Mozilla/5.0 (compatible; MJ12bot/v1.4.8; http://mj12bot.com/)"
199.58.86.209 - - [05/May/2018:09:16:22 -0700] "GET / HTTP/1.1" 200 72658 "-" "Mozilla/5.0 (compatible; MJ12bot/v1.4.8; http://mj12bot.com/)"
66.249.69.80 - - [05/May/2018:09:23:28 -0700] "GET /img/autumn/5.jpg HTTP/1.1" 200 180877 "-" "Googlebot-Image/1.0"
66.249.69.80 - - [05/May/2018:09:52:16 -0700] "GET /img/sfnoir/1.jpg HTTP/1.1" 200 77798 "-" "Googlebot-Image/1.0"
66.249.69.80 - - [05/May/2018:10:18:14 -0700] "GET /img/sfnoir/2.jpg HTTP/1.1" 200 81708 "-" "Googlebot-Image/1.0"
54.36.149.66 - - [05/May/2018:10:31:07 -0700] "GET /img/bs4w/1.jpg HTTP/1.1" 200 61424 "-" "Mozilla/5.0 (compatible; AhrefsBot/5.2; +http://ahrefs.com/robot/)"
66.249.69.84 - - [05/May/2018:10:47:01 -0700] "GET /img/wu-wei/7.jpg HTTP/1.1" 200 293352 "-" "Googlebot-Image/1.0"
66.249.69.84 - - [05/May/2018:11:15:49 -0700] "GET /img/autumn/7.jpg HTTP/1.1" 200 236722 "-" "Googlebot-Image/1.0"
66.249.69.82 - - [05/May/2018:11:44:37 -0700] "GET /img/sfnoir/9.jpg HTTP/1.1" 200 64784 "-" "Googlebot-Image/1.0"
54.36.148.16 - - [05/May/2018:12:05:49 -0700] "GET /img/urban-cowgirl/2.jpg HTTP/1.1" 200 104975 "-" "Mozilla/5.0 (compatible; AhrefsBot/5.2; +http://ahrefs.com/robot/)"
66.249.69.82 - - [05/May/2018:12:13:23 -0700] "GET /img/mixman/3.jpg HTTP/1.1" 200 114734 "-" "Googlebot-Image/1.0"
54.36.148.222 - - [05/May/2018:12:27:39 -0700] "GET /img/wu-wei/3.jpg HTTP/1.1" 200 173337 "-" "Mozilla/5.0 (compatible; AhrefsBot/5.2; +http://ahrefs.com/robot/)"
66.249.70.16 - - [05/May/2018:12:42:13 -0700] "GET /img/mixman/5.jpg HTTP/1.1" 200 86490 "-" "Googlebot-Image/1.0"
66.249.70.18 - - [05/May/2018:13:10:59 -0700] "GET /img/mixman/7.jpg HTTP/1.1" 200 107323 "-" "Googlebot-Image/1.0"
66.249.70.20 - - [05/May/2018:13:39:47 -0700] "GET /robots.txt HTTP/1.1" 404 208 "-" "Mozilla/5.0 (compatible; Googlebot/2.1; +http://www.google.com/bot.html)"
66.249.70.16 - - [05/May/2018:13:39:49 -0700] "GET /img/mixman/9.jpg HTTP/1.1" 200 141085 "-" "Googlebot-Image/1.0"
66.249.70.18 - - [05/May/2018:14:08:37 -0700] "GET /img/mixman/1.jpg HTTP/1.1" 200 146374 "-" "Googlebot-Image/1.0"
37.115.185.9 - - [05/May/2018:14:14:00 -0700] "GET / HTTP/1.1" 200 72658 "https://office2web.com/" "Mozilla/4.0 (compatible; MSIE 6.0; Windows NT 5.2; Win64; AMD64)"
37.115.185.9 - - [05/May/2018:14:14:04 -0700] "GET / HTTP/1.1" 200 72658 "https://office2web.com/" "Mozilla/4.0 (compatible; MSIE 6.0; Windows NT 5.2; Win64; AMD64)"
66.249.70.20 - - [05/May/2018:14:37:25 -0700] "GET /img/wu-wei/4.jpg HTTP/1.1" 200 279891 "-" "Googlebot-Image/1.0"
178.137.165.61 - - [05/May/2018:14:52:04 -0700] "GET / HTTP/1.1" 200 72658 "https://yhirurga.ru/" "Mozilla/4.0 (compatible; MSIE 6.0; Windows NT 5.1; SV1; .NET CLR 1.1.4322)"
178.137.165.61 - - [05/May/2018:14:52:06 -0700] "GET / HTTP/1.1" 200 72658 "https://yhirurga.ru/" "Mozilla/4.0 (compatible; MSIE 6.0; Windows NT 5.1; SV1; .NET CLR 1.1.4322)"
178.137.165.61 - - [05/May/2018:14:52:07 -0700] "GET / HTTP/1.1" 200 72658 "https://yhirurga.ru/" "Mozilla/4.0 (compatible; MSIE 6.0; Windows NT 5.1; SV1; .NET CLR 1.1.4322)"
66.249.70.20 - - [05/May/2018:15:06:13 -0700] "GET /img/wu-wei/3.jpg HTTP/1.1" 200 173337 "-" "Googlebot-Image/1.0"
180.169.191.142 - - [05/May/2018:15:22:05 -0700] "GET / HTTP/1.1" 200 15893 "-" "Mozilla/5.0 (Windows NT 10.0; Win64; x64) AppleWebKit/537.36 (KHTML, like Gecko) Chrome/62.0.3202.94 Safari/537.36"
128.177.10.102 - - [05/May/2018:15:33:52 -0700] "GET / HTTP/1.1" 200 72658 "-" "Mozilla/4.0 (compatible; MSIE 5.0; Windows NT; DigExt)"
66.249.70.20 - - [05/May/2018:15:34:59 -0700] "GET /img/autumn/8.jpg HTTP/1.1" 200 100218 "-" "Googlebot-Image/1.0"
66.249.70.16 - - [05/May/2018:16:03:47 -0700] "GET /img/wu-wei/9.jpg HTTP/1.1" 200 398953 "-" "Googlebot-Image/1.0"
198.27.83.216 - - [05/May/2018:16:12:58 -0700] "GET / HTTP/1.0" 200 72658 "-" "Mozilla/5.0 (Windows NT 6.1; Win64; x64) AppleWebKit/537.36 (KHTML, like Gecko) Chrome/62.0.3202.94 Safari/537.36"
77.75.78.167 - - [05/May/2018:16:27:36 -0700] "GET /robots.txt HTTP/1.1" 404 208 "-" "Mozilla/5.0 (compatible; SeznamBot/3.2; +http://napoveda.seznam.cz/en/seznambot-intro/)"
77.75.78.167 - - [05/May/2018:16:27:38 -0700] "GET /img/oncekids-fujimini/thumbs/3.jpg HTTP/1.1" 200 39586 "-" "Mozilla/5.0 (compatible; SeznamBot/3.2; +http://napoveda.seznam.cz/en/seznambot-intro/)"
66.249.70.18 - - [05/May/2018:16:32:37 -0700] "GET /img/autumn/6.jpg HTTP/1.1" 200 149484 "-" "Googlebot-Image/1.0"
66.249.70.18 - - [05/May/2018:17:01:25 -0700] "GET /img/mixman/6.jpg HTTP/1.1" 200 105501 "-" "Googlebot-Image/1.0"
89.234.157.254 - - [05/May/2018:17:11:43 -0700] "GET / HTTP/1.1" 200 15893 "-" "Mozilla/5.0 (Windows NT 5.1; rv:7.0.1) Gecko/20100101 Firefox/7.0.1"
89.234.157.254 - - [05/May/2018:17:11:44 -0700] "GET /?name=5aee4864d599a&email=jmnapier9%40aol.com&weJHlkUY=jmnapier9%40aol.com&message=& HTTP/1.1" 200 15893 "http://rndsquared.com/" "Mozilla/5.0 (Windows NT 5.1; rv:7.0.1) Gecko/20100101 Firefox/7.0.1"
109.201.133.100 - - [05/May/2018:17:12:39 -0700] "GET / HTTP/1.1" 200 15893 "-" "Mozilla/5.0 (Windows NT 5.1; rv:7.0.1) Gecko/20100101 Firefox/7.0.1"
77.75.79.11 - - [05/May/2018:17:18:09 -0700] "GET /robots.txt HTTP/1.1" 404 208 "-" "Mozilla/5.0 (compatible; SeznamBot/3.2; +http://napoveda.seznam.cz/en/seznambot-intro/)"
77.75.79.11 - - [05/May/2018:17:18:18 -0700] "GET /img/wu-wei/4.jpg HTTP/1.1" 200 279891 "-" "Mozilla/5.0 (compatible; SeznamBot/3.2; +http://napoveda.seznam.cz/en/seznambot-intro/)"
66.249.70.18 - - [05/May/2018:17:30:11 -0700] "GET /img/wu-wei/5.jpg HTTP/1.1" 200 220470 "-" "Googlebot-Image/1.0"
180.76.15.17 - - [05/May/2018:17:39:48 -0700] "GET /css/styles.css HTTP/1.1" 200 1975 "-" "Mozilla/5.0 (compatible; Baiduspider/2.0; +http://www.baidu.com/search/spider.html)"
66.249.70.20 - - [05/May/2018:17:58:58 -0700] "GET /img/wu-wei/6.jpg HTTP/1.1" 200 180106 "-" "Googlebot-Image/1.0"
54.36.148.15 - - [05/May/2018:18:12:43 -0700] "GET /img/autumn/4.jpg HTTP/1.1" 200 166546 "-" "Mozilla/5.0 (compatible; AhrefsBot/5.2; +http://ahrefs.com/robot/)"
77.75.78.172 - - [05/May/2018:18:25:13 -0700] "GET /robots.txt HTTP/1.1" 404 208 "-" "Mozilla/5.0 (compatible; SeznamBot/3.2; +http://napoveda.seznam.cz/en/seznambot-intro/)"
77.75.78.172 - - [05/May/2018:18:25:57 -0700] "GET /img/mixman/thumbs/9.jpg HTTP/1.1" 304 - "-" "Mozilla/5.0 (compatible; SeznamBot/3.2; +http://napoveda.seznam.cz/en/seznambot-intro/)"
77.75.78.172 - - [05/May/2018:18:26:08 -0700] "GET /img/wu-wei/5.jpg HTTP/1.1" 200 220470 "-" "Mozilla/5.0 (compatible; SeznamBot/3.2; +http://napoveda.seznam.cz/en/seznambot-intro/)"
66.249.70.20 - - [05/May/2018:18:27:48 -0700] "GET /img/sfnoir/3.jpg HTTP/1.1" 200 74528 "-" "Googlebot-Image/1.0"
77.243.183.23 - - [05/May/2018:18:32:40 -0700] "GET / HTTP/1.1" 200 15893 "http://rndsquared.com/" "Mozilla/5.0 (Windows NT 6.3; WOW64; rv:52.51.14) Gecko/20163148 Firefox/52.51.14"
77.243.183.23 - - [05/May/2018:18:32:42 -0700] "GET //blog/ HTTP/1.1" 404 203 "http://rndsquared.com/" "Mozilla/5.0 (Windows NT 6.3; WOW64; rv:52.51.14) Gecko/20163148 Firefox/52.51.14"
66.249.70.14 - - [05/May/2018:18:39:01 -0700] "GET /robots.txt HTTP/1.1" 404 208 "-" "Mozilla/5.0 (compatible; Googlebot/2.1; +http://www.google.com/bot.html)"
66.249.70.10 - - [05/May/2018:18:39:01 -0700] "GET / HTTP/1.1" 200 15893 "-" "Mozilla/5.0 (compatible; Googlebot/2.1; +http://www.google.com/bot.html)"
66.249.70.12 - - [05/May/2018:18:39:15 -0700] "GET /css/styles.css HTTP/1.1" 200 1975 "http://rndsquared.com/" "Mozilla/5.0 (compatible; Googlebot/2.1; +http://www.google.com/bot.html)"
66.249.70.12 - - [05/May/2018:18:39:16 -0700] "GET /css/lightbox.css HTTP/1.1" 200 1003 "http://rndsquared.com/" "Mozilla/5.0 (compatible; Googlebot/2.1; +http://www.google.com/bot.html)"
66.249.70.12 - - [05/May/2018:18:39:16 -0700] "GET /css/bootstrap.min.css HTTP/1.1" 200 11249 "http://rndsquared.com/" "Mozilla/5.0 (compatible; Googlebot/2.1; +http://www.google.com/bot.html)"
157.55.39.221 - - [05/May/2018:18:54:18 -0700] "GET / HTTP/1.1" 200 15893 "-" "Mozilla/5.0 (compatible; bingbot/2.0; +http://www.bing.com/bingbot.htm)"
66.249.70.14 - - [05/May/2018:18:56:36 -0700] "GET /img/njn/8.jpg HTTP/1.1" 200 124240 "-" "Googlebot-Image/1.0"
66.249.70.12 - - [05/May/2018:19:25:24 -0700] "GET /img/njn/6.jpg HTTP/1.1" 200 125438 "-" "Googlebot-Image/1.0"
66.249.70.14 - - [05/May/2018:19:54:12 -0700] "GET /img/njn/2.jpg HTTP/1.1" 200 103550 "-" "Googlebot-Image/1.0"
66.249.79.14 - - [05/May/2018:20:20:42 -0700] "GET / HTTP/1.1" 200 15893 "-" "Mozilla/5.0 (Linux; Android 6.0.1; Nexus 5X Build/MMB29P) AppleWebKit/537.36 (KHTML, like Gecko) Chrome/41.0.2272.96 Mobile Safari/537.36 (compatible; Googlebot/2.1; +http://www.google.com/bot.html)"
66.249.70.14 - - [05/May/2018:20:23:00 -0700] "GET /img/njn/4.jpg HTTP/1.1" 200 151484 "-" "Googlebot-Image/1.0"
66.249.70.14 - - [05/May/2018:20:48:53 -0700] "GET /img/njn/5.jpg HTTP/1.1" 200 117364 "-" "Googlebot-Image/1.0"
66.249.70.10 - - [05/May/2018:21:17:43 -0700] "GET /img/njn/1.jpg HTTP/1.1" 200 88793 "-" "Googlebot-Image/1.0"
66.249.70.14 - - [05/May/2018:21:46:31 -0700] "GET /img/njn/3.jpg HTTP/1.1" 200 157605 "-" "Googlebot-Image/1.0"
77.75.79.119 - - [05/May/2018:21:50:31 -0700] "GET /robots.txt HTTP/1.1" 404 208 "-" "Mozilla/5.0 (compatible; SeznamBot/3.2; +http://napoveda.seznam.cz/en/seznambot-intro/)"
77.75.79.119 - - [05/May/2018:21:50:45 -0700] "GET /img/bs4w/8.jpg HTTP/1.1" 304 - "-" "Mozilla/5.0 (compatible; SeznamBot/3.2; +http://napoveda.seznam.cz/en/seznambot-intro/)"
180.76.15.10 - - [05/May/2018:21:52:56 -0700] "GET / HTTP/1.1" 200 15893 "-" "Mozilla/5.0 (compatible; Baiduspider/2.0; +http://www.baidu.com/search/spider.html)"
66.249.70.10 - - [05/May/2018:22:15:19 -0700] "GET /img/njn/7.jpg HTTP/1.1" 200 116420 "-" "Googlebot-Image/1.0"
46.119.118.96 - - [05/May/2018:22:31:06 -0700] "GET / HTTP/1.1" 200 72658 "http://sorus.ucoz.ru/" "Mozilla/4.0 (compatible; MSIE 6.0; Windows NT 5.1; SV1; Crazy Browser 2.0.0 Beta 1; .NET CLR 1.0.3705; .NET CLR 1.1.4322)"
46.119.118.96 - - [05/May/2018:22:31:07 -0700] "GET / HTTP/1.1" 200 72658 "http://sorus.ucoz.ru/" "Mozilla/4.0 (compatible; MSIE 6.0; Windows NT 5.1; SV1; Crazy Browser 2.0.0 Beta 1; .NET CLR 1.0.3705; .NET CLR 1.1.4322)"
66.249.70.12 - - [05/May/2018:22:44:07 -0700] "GET /img/bs4w/2.jpg HTTP/1.1" 200 116129 "-" "Googlebot-Image/1.0"
77.75.77.72 - - [05/May/2018:22:48:55 -0700] "GET /robots.txt HTTP/1.1" 404 208 "-" "Mozilla/5.0 (compatible; SeznamBot/3.2; +http://napoveda.seznam.cz/en/seznambot-intro/)"
77.75.77.72 - - [05/May/2018:22:49:34 -0700] "GET /img/oncekids-fujimini/7.jpg HTTP/1.1" 304 - "-" "Mozilla/5.0 (compatible; SeznamBot/3.2; +http://napoveda.seznam.cz/en/seznambot-intro/)"
66.249.70.14 - - [05/May/2018:23:12:53 -0700] "GET /img/bs4w/5.jpg HTTP/1.1" 200 42135 "-" "Googlebot-Image/1.0"
46.119.118.96 - - [05/May/2018:23:22:30 -0700] "GET / HTTP/1.1" 200 72658 "https://scat.porn/" "Mozilla/4.0 (compatible; MSIE 6.0; Windows NT 5.1; Deepnet Explorer 1.5.0; .NET CLR 1.0.3705)"
46.119.118.96 - - [05/May/2018:23:22:34 -0700] "GET / HTTP/1.1" 200 72658 "https://scat.porn/" "Mozilla/4.0 (compatible; MSIE 6.0; Windows NT 5.1; Deepnet Explorer 1.5.0; .NET CLR 1.0.3705)"
66.249.70.14 - - [05/May/2018:23:41:41 -0700] "GET /img/bs4w/4.jpg HTTP/1.1" 200 93892 "-" "Googlebot-Image/1.0"
46.119.118.96 - - [05/May/2018:23:53:20 -0700] "GET / HTTP/1.1" 200 72658 "https://hoztorg-opt.ru/" "Mozilla/4.0 (compatible; MSIE 6.0; Windows NT 5.1; .NET CLR 1.1.4322; FDM)"
46.119.118.96 - - [05/May/2018:23:53:22 -0700] "GET / HTTP/1.1" 200 72658 "https://hoztorg-opt.ru/" "Mozilla/4.0 (compatible; MSIE 6.0; Windows NT 5.1; .NET CLR 1.1.4322; FDM)"
66.249.70.12 - - [06/May/2018:00:10:29 -0700] "GET /img/bs4w/8.jpg HTTP/1.1" 200 67708 "-" "Googlebot-Image/1.0"
77.75.79.95 - - [06/May/2018:00:28:39 -0700] "GET /robots.txt HTTP/1.1" 404 208 "-" "Mozilla/5.0 (compatible; SeznamBot/3.2; +http://napoveda.seznam.cz/en/seznambot-intro/)"
77.75.79.95 - - [06/May/2018:00:29:23 -0700] "GET /img/mixman/18.jpg HTTP/1.1" 304 - "-" "Mozilla/5.0 (compatible; SeznamBot/3.2; +http://napoveda.seznam.cz/en/seznambot-intro/)"
66.249.70.12 - - [06/May/2018:00:39:17 -0700] "GET /img/bs4w/6.jpg HTTP/1.1" 200 42274 "-" "Googlebot-Image/1.0"
46.118.114.175 - - [06/May/2018:00:57:43 -0700] "GET / HTTP/1.1" 200 72658 "http://fidalsa.de/" "Mozilla/4.0 (compatible; MSIE 6.0; Windows NT 5.1; SV1)"
46.118.114.175 - - [06/May/2018:00:57:45 -0700] "GET / HTTP/1.1" 200 72658 "http://fidalsa.de/" "Mozilla/4.0 (compatible; MSIE 6.0; Windows NT 5.1; SV1)"
46.118.114.175 - - [06/May/2018:00:57:46 -0700] "GET / HTTP/1.1" 200 72658 "http://fidalsa.de/" "Mozilla/4.0 (compatible; MSIE 6.0; Windows NT 5.1; SV1)"
66.249.70.10 - - [06/May/2018:01:08:07 -0700] "GET /img/bs4w/1.jpg HTTP/1.1" 200 61424 "-" "Googlebot-Image/1.0"
77.75.78.172 - - [06/May/2018:01:13:03 -0700] "GET /robots.txt HTTP/1.1" 404 208 "-" "Mozilla/5.0 (compatible; SeznamBot/3.2; +http://napoveda.seznam.cz/en/seznambot-intro/)"
77.75.78.172 - - [06/May/2018:01:13:27 -0700] "GET / HTTP/1.1" 304 - "-" "Mozilla/5.0 (compatible; SeznamBot/3.2; +http://napoveda.seznam.cz/en/seznambot-intro/)"
88.179.170.49 - - [06/May/2018:01:29:14 -0700] "GET /img/autumn/thumbs/1.jpg HTTP/1.1" 200 24768 "-" "Mozilla/5.0 (Linux; Android 7.0; LG-H870DS Build/NRD90U; wv) AppleWebKit/537.36 (KHTML, like Gecko) Version/4.0 Chrome/66.0.3359.126 Mobile Safari/537.36 GSA/8.0.22.21.arm64"
46.118.114.175 - - [06/May/2018:01:29:31 -0700] "GET / HTTP/1.1" 200 72658 "https://brillianty.info/" "Opera/9.00 (Windows NT 5.1; U; ru)"
46.118.114.175 - - [06/May/2018:01:29:34 -0700] "GET / HTTP/1.1" 200 72658 "https://brillianty.info/" "Opera/9.00 (Windows NT 5.1; U; ru)"
46.118.114.175 - - [06/May/2018:01:29:36 -0700] "GET / HTTP/1.1" 200 72658 "https://brillianty.info/" "Opera/9.00 (Windows NT 5.1; U; ru)"
66.249.70.10 - - [06/May/2018:01:34:00 -0700] "GET /img/bs4w/3.jpg HTTP/1.1" 200 74030 "-" "Googlebot-Image/1.0"
66.249.70.12 - - [06/May/2018:02:02:47 -0700] "GET /img/bs4w/7.jpg HTTP/1.1" 200 80775 "-" "Googlebot-Image/1.0"
77.75.78.162 - - [06/May/2018:02:08:57 -0700] "GET /robots.txt HTTP/1.1" 404 208 "-" "Mozilla/5.0 (compatible; SeznamBot/3.2; +http://napoveda.seznam.cz/en/seznambot-intro/)"
77.75.78.162 - - [06/May/2018:02:09:00 -0700] "GET /img/bs4w/1.jpg HTTP/1.1" 304 - "-" "Mozilla/5.0 (compatible; SeznamBot/3.2; +http://napoveda.seznam.cz/en/seznambot-intro/)"
66.249.70.14 - - [06/May/2018:02:31:37 -0700] "GET /img/autumn/7.jpg HTTP/1.1" 200 236722 "-" "Googlebot-Image/1.0"
176.74.192.40 - - [06/May/2018:02:43:25 -0700] "GET /robots.txt HTTP/1.1" 404 208 "-" "DomainCrawler/3.0 (info@domaincrawler.com; http://www.domaincrawler.com/rndsquared.com)"
176.74.192.40 - - [06/May/2018:02:43:26 -0700] "GET / HTTP/1.1" 200 72658 "-" "DomainCrawler/3.0 (info@domaincrawler.com; http://www.domaincrawler.com/rndsquared.com)"
162.210.196.97 - - [06/May/2018:03:00:04 -0700] "GET /robots.txt HTTP/1.1" 404 208 "-" "Mozilla/5.0 (compatible; MJ12bot/v1.4.8; http://mj12bot.com/)"
162.210.196.97 - - [06/May/2018:03:00:05 -0700] "GET / HTTP/1.1" 200 72658 "-" "Mozilla/5.0 (compatible; MJ12bot/v1.4.8; http://mj12bot.com/)"
66.249.70.12 - - [06/May/2018:03:00:25 -0700] "GET /img/wu-wei/5.jpg HTTP/1.1" 200 220470 "-" "Googlebot-Image/1.0"
37.115.185.9 - - [06/May/2018:03:12:13 -0700] "GET / HTTP/1.1" 200 72658 "https://exdocsfiles.com/" "Mozilla/4.0 (compatible; MSIE 6.0; Windows NT 5.1; .NET CLR 1.1.4322; FDM)"
37.115.185.9 - - [06/May/2018:03:12:15 -0700] "GET / HTTP/1.1" 200 72658 "https://exdocsfiles.com/" "Mozilla/4.0 (compatible; MSIE 6.0; Windows NT 5.1; .NET CLR 1.1.4322; FDM)"
37.115.185.9 - - [06/May/2018:03:12:18 -0700] "GET / HTTP/1.1" 200 72658 "https://exdocsfiles.com/" "Mozilla/4.0 (compatible; MSIE 6.0; Windows NT 5.1; .NET CLR 1.1.4322; FDM)"
77.75.79.11 - - [06/May/2018:03:15:19 -0700] "GET /robots.txt HTTP/1.1" 404 208 "-" "Mozilla/5.0 (compatible; SeznamBot/3.2; +http://napoveda.seznam.cz/en/seznambot-intro/)"
77.75.79.11 - - [06/May/2018:03:15:32 -0700] "GET /img/oncekids-fujimini/thumbs/6.jpg HTTP/1.1" 304 - "-" "Mozilla/5.0 (compatible; SeznamBot/3.2; +http://napoveda.seznam.cz/en/seznambot-intro/)"
66.249.70.10 - - [06/May/2018:03:29:11 -0700] "GET /img/sfnoir/3.jpg HTTP/1.1" 200 74528 "-" "Googlebot-Image/1.0"
66.249.70.12 - - [06/May/2018:03:57:59 -0700] "GET /img/sfnoir/2.jpg HTTP/1.1" 200 81708 "-" "Googlebot-Image/1.0"
77.75.76.161 - - [06/May/2018:04:09:27 -0700] "GET /robots.txt HTTP/1.1" 404 208 "-" "Mozilla/5.0 (compatible; SeznamBot/3.2; +http://napoveda.seznam.cz/en/seznambot-intro/)"
77.75.76.161 - - [06/May/2018:04:09:31 -0700] "GET /img/autumn/thumbs/7.jpg HTTP/1.1" 304 - "-" "Mozilla/5.0 (compatible; SeznamBot/3.2; +http://napoveda.seznam.cz/en/seznambot-intro/)"
66.249.70.14 - - [06/May/2018:04:23:54 -0700] "GET /img/autumn/2.jpg HTTP/1.1" 200 292159 "-" "Googlebot-Image/1.0"
66.249.70.12 - - [06/May/2018:04:52:42 -0700] "GET /img/wu-wei/8.jpg HTTP/1.1" 200 457546 "-" "Googlebot-Image/1.0"
77.75.78.168 - - [06/May/2018:05:13:21 -0700] "GET /robots.txt HTTP/1.1" 404 208 "-" "Mozilla/5.0 (compatible; SeznamBot/3.2; +http://napoveda.seznam.cz/en/seznambot-intro/)"
77.75.78.168 - - [06/May/2018:05:13:28 -0700] "GET /img/oncekids-fujimini/5.jpg HTTP/1.1" 304 - "-" "Mozilla/5.0 (compatible; SeznamBot/3.2; +http://napoveda.seznam.cz/en/seznambot-intro/)"
