77.75.79.109 - - [01/Jun/2020:00:06:29 -0700] "GET /robots.txt HTTP/1.1" 404 208 "-" "Mozilla/5.0 (compatible; SeznamBot/3.2; +http://napoveda.seznam.cz/en/seznambot-intro/)"
77.75.79.109 - - [01/Jun/2020:00:06:37 -0700] "GET /img/wu-wei/8.jpg HTTP/1.1" 304 - "-" "Mozilla/5.0 (compatible; SeznamBot/3.2; +http://napoveda.seznam.cz/en/seznambot-intro/)"
40.77.167.108 - - [01/Jun/2020:00:56:52 -0700] "GET /img/wu-wei/5.jpg HTTP/1.1" 200 220470 "-" "Mozilla/5.0 (compatible; bingbot/2.0; +http://www.bing.com/bingbot.htm)"
77.75.79.72 - - [01/Jun/2020:01:27:20 -0700] "GET /robots.txt HTTP/1.1" 404 208 "-" "Mozilla/5.0 (compatible; SeznamBot/3.2; +http://napoveda.seznam.cz/en/seznambot-intro/)"
77.75.79.72 - - [01/Jun/2020:01:27:25 -0700] "GET /img/sfnoir/6.jpg HTTP/1.1" 304 - "-" "Mozilla/5.0 (compatible; SeznamBot/3.2; +http://napoveda.seznam.cz/en/seznambot-intro/)"
157.55.39.36 - - [01/Jun/2020:02:04:24 -0700] "GET /robots.txt HTTP/1.1" 404 208 "-" "Mozilla/5.0 (compatible; bingbot/2.0; +http://www.bing.com/bingbot.htm)"
157.55.39.36 - - [01/Jun/2020:02:04:25 -0700] "GET /robots.txt HTTP/1.1" 404 208 "-" "Mozilla/5.0 (compatible; bingbot/2.0; +http://www.bing.com/bingbot.htm)"
207.46.13.87 - - [01/Jun/2020:02:04:40 -0700] "GET /img/njn/1.jpg HTTP/1.1" 200 88793 "-" "Mozilla/5.0 (compatible; bingbot/2.0; +http://www.bing.com/bingbot.htm)"
77.75.78.167 - - [01/Jun/2020:02:06:33 -0700] "GET /robots.txt HTTP/1.1" 404 208 "-" "Mozilla/5.0 (compatible; SeznamBot/3.2; +http://napoveda.seznam.cz/en/seznambot-intro/)"
77.75.78.167 - - [01/Jun/2020:02:06:36 -0700] "GET /img/autumn/8.jpg HTTP/1.1" 304 - "-" "Mozilla/5.0 (compatible; SeznamBot/3.2; +http://napoveda.seznam.cz/en/seznambot-intro/)"
95.163.255.204 - - [01/Jun/2020:02:41:32 -0700] "GET /robots.txt HTTP/1.0" 404 208 "-" "Mozilla/5.0 (compatible; Linux x86_64; Mail.RU_Bot/2.0; +http://go.mail.ru/help/robots)"
95.163.255.205 - - [01/Jun/2020:02:41:34 -0700] "GET / HTTP/1.1" 200 17429 "-" "Mozilla/5.0 (compatible; Linux x86_64; Mail.RU_Bot/2.0; +http://go.mail.ru/help/robots)"
77.75.77.11 - - [01/Jun/2020:03:36:03 -0700] "GET /robots.txt HTTP/1.1" 404 208 "-" "Mozilla/5.0 (compatible; SeznamBot/3.2; +http://napoveda.seznam.cz/en/seznambot-intro/)"
77.75.77.11 - - [01/Jun/2020:03:36:06 -0700] "GET /img/wu-wei/5.jpg HTTP/1.1" 304 - "-" "Mozilla/5.0 (compatible; SeznamBot/3.2; +http://napoveda.seznam.cz/en/seznambot-intro/)"
114.119.160.194 - - [01/Jun/2020:05:44:52 -0700] "GET /robots.txt HTTP/1.1" 404 208 "-" "Mozilla/5.0 (Linux; Android 7.0;) AppleWebKit/537.36 (KHTML, like Gecko) Mobile Safari/537.36 (compatible; PetalBot;+https://aspiegel.com/petalbot)"
157.55.39.36 - - [01/Jun/2020:07:06:11 -0700] "GET /robots.txt HTTP/1.1" 404 208 "-" "Mozilla/5.0 (compatible; bingbot/2.0; +http://www.bing.com/bingbot.htm)"
157.55.39.36 - - [01/Jun/2020:07:06:11 -0700] "GET /robots.txt HTTP/1.1" 404 208 "-" "Mozilla/5.0 (compatible; bingbot/2.0; +http://www.bing.com/bingbot.htm)"
40.77.167.108 - - [01/Jun/2020:07:06:23 -0700] "GET / HTTP/1.1" 200 17429 "-" "Mozilla/5.0 (compatible; bingbot/2.0; +http://www.bing.com/bingbot.htm)"
54.36.148.253 - - [01/Jun/2020:07:47:02 -0700] "GET / HTTP/1.1" 200 17429 "-" "Mozilla/5.0 (compatible; AhrefsBot/6.1; +http://ahrefs.com/robot/)"
40.77.167.159 - - [01/Jun/2020:19:28:19 -0700] "GET / HTTP/1.1" 200 17429 "-" "Mozilla/5.0 (compatible; bingbot/2.0; +http://www.bing.com/bingbot.htm)"
77.88.5.139 - - [01/Jun/2020:20:10:33 -0700] "GET /robots.txt HTTP/1.1" 404 208 "-" "Mozilla/5.0 (compatible; YandexBot/3.0; +http://yandex.com/bots)"
77.88.5.139 - - [01/Jun/2020:20:10:36 -0700] "GET /favicon.ico HTTP/1.1" 404 209 "-" "Mozilla/5.0 (compatible; YandexBot/3.0; +http://yandex.com/bots)"
40.77.167.95 - - [01/Jun/2020:21:59:31 -0700] "GET /img/urban-cowgirl/1.jpg HTTP/1.1" 200 94626 "-" "Mozilla/5.0 (compatible; bingbot/2.0; +http://www.bing.com/bingbot.htm)"
40.77.167.70 - - [01/Jun/2020:22:51:11 -0700] "GET /img/mixman/3.jpg HTTP/1.1" 200 114734 "-" "Mozilla/5.0 (compatible; bingbot/2.0; +http://www.bing.com/bingbot.htm)"
138.246.253.15 - - [02/Jun/2020:01:15:44 -0700] "HEAD / HTTP/1.1" 200 - "-" "Mozilla/5.0 (Windows NT 6.1; Win64; x64) AppleWebKit/537.36 (KHTML, like Gecko) Chrome/40.0.2214.85 Safari/537.36"
209.17.97.98 - - [02/Jun/2020:02:59:39 -0700] "GET / HTTP/1.1" 200 79394 "-" "Mozilla/5.0 (compatible; Nimbostratus-Bot/v1.3.2; http://cloudsystemnetworks.com)"
114.119.165.63 - - [02/Jun/2020:05:58:53 -0700] "GET /robots.txt HTTP/1.1" 404 208 "-" "Mozilla/5.0 (Linux; Android 7.0;) AppleWebKit/537.36 (KHTML, like Gecko) Mobile Safari/537.36 (compatible; PetalBot;+https://aspiegel.com/petalbot)"
66.249.79.167 - - [02/Jun/2020:06:56:17 -0700] "GET /robots.txt HTTP/1.1" 404 208 "-" "Mozilla/5.0 (compatible; Googlebot/2.1; +http://www.google.com/bot.html)"
66.249.79.173 - - [02/Jun/2020:06:56:17 -0700] "GET / HTTP/1.1" 200 17429 "-" "Mozilla/5.0 (compatible; Googlebot/2.1; +http://www.google.com/bot.html)"
114.119.162.53 - - [02/Jun/2020:07:10:46 -0700] "GET /robots.txt HTTP/1.1" 404 208 "-" "Mozilla/5.0 (Linux; Android 7.0;) AppleWebKit/537.36 (KHTML, like Gecko) Mobile Safari/537.36 (compatible; PetalBot;+https://aspiegel.com/petalbot)"
40.77.167.159 - - [02/Jun/2020:08:51:52 -0700] "GET / HTTP/1.1" 200 17429 "-" "Mozilla/5.0 (compatible; bingbot/2.0; +http://www.bing.com/bingbot.htm)"
209.17.97.42 - - [02/Jun/2020:12:54:57 -0700] "GET / HTTP/1.1" 200 79394 "-" "Mozilla/5.0 (compatible; Nimbostratus-Bot/v1.3.2; http://cloudsystemnetworks.com)"
138.246.253.15 - - [02/Jun/2020:14:23:11 -0700] "HEAD / HTTP/1.1" 200 - "-" "Mozilla/5.0 (Windows NT 6.1; Win64; x64) AppleWebKit/537.36 (KHTML, like Gecko) Chrome/40.0.2214.85 Safari/537.36"
95.163.255.121 - - [02/Jun/2020:16:18:44 -0700] "GET /robots.txt HTTP/1.0" 404 208 "-" "Mozilla/5.0 (compatible; Linux x86_64; Mail.RU_Bot/Robots/2.0; +http://go.mail.ru/help/robots)"
95.163.255.121 - - [02/Jun/2020:16:18:46 -0700] "GET / HTTP/1.1" 200 17429 "-" "Mozilla/5.0 (compatible; Linux x86_64; Mail.RU_Bot/Robots/2.0; +http://go.mail.ru/help/robots)"
207.46.13.105 - - [02/Jun/2020:21:10:08 -0700] "GET / HTTP/1.1" 200 17429 "-" "Mozilla/5.0 (compatible; bingbot/2.0; +http://www.bing.com/bingbot.htm)"
183.136.225.46 - - [02/Jun/2020:23:10:18 -0700] "GET / HTTP/1.1" 200 79394 "-" "Mozilla/5.0 (Macintosh; Intel Mac OS X 10.11; rv:47.0) Gecko/20100101 Firefox/47.0"
66.249.75.14 - - [02/Jun/2020:23:33:04 -0700] "GET /robots.txt HTTP/1.1" 404 208 "-" "Mozilla/5.0 (compatible; Googlebot/2.1; +http://www.google.com/bot.html)"
66.249.75.14 - - [02/Jun/2020:23:33:04 -0700] "GET / HTTP/1.1" 200 17429 "-" "Mozilla/5.0 (compatible; Googlebot/2.1; +http://www.google.com/bot.html)"
77.75.77.95 - - [03/Jun/2020:04:50:51 -0700] "GET /robots.txt HTTP/1.1" 404 208 "-" "Mozilla/5.0 (compatible; SeznamBot/3.2; +http://napoveda.seznam.cz/en/seznambot-intro/)"
77.75.77.95 - - [03/Jun/2020:04:50:54 -0700] "GET /img/mixman/1.jpg HTTP/1.1" 200 146374 "-" "Mozilla/5.0 (compatible; SeznamBot/3.2; +http://napoveda.seznam.cz/en/seznambot-intro/)"
157.55.39.36 - - [03/Jun/2020:07:29:37 -0700] "GET /robots.txt HTTP/1.1" 404 208 "-" "Mozilla/5.0 (compatible; bingbot/2.0; +http://www.bing.com/bingbot.htm)"
157.55.39.36 - - [03/Jun/2020:07:29:37 -0700] "GET /robots.txt HTTP/1.1" 404 208 "-" "Mozilla/5.0 (compatible; bingbot/2.0; +http://www.bing.com/bingbot.htm)"
114.119.160.194 - - [03/Jun/2020:08:21:38 -0700] "GET /robots.txt HTTP/1.1" 404 208 "-" "Mozilla/5.0 (Linux; Android 7.0;) AppleWebKit/537.36 (KHTML, like Gecko) Mobile Safari/537.36 (compatible; PetalBot;+https://aspiegel.com/petalbot)"
207.46.13.217 - - [03/Jun/2020:09:12:24 -0700] "GET / HTTP/1.1" 200 17429 "-" "Mozilla/5.0 (compatible; bingbot/2.0; +http://www.bing.com/bingbot.htm)"
159.65.32.163 - - [03/Jun/2020:15:28:56 -0700] "GET / HTTP/1.1" 200 79394 "-" "-"
66.249.79.173 - - [03/Jun/2020:18:26:02 -0700] "GET /robots.txt HTTP/1.1" 404 208 "-" "Mozilla/5.0 (compatible; Googlebot/2.1; +http://www.google.com/bot.html)"
66.249.79.173 - - [03/Jun/2020:18:26:02 -0700] "GET / HTTP/1.1" 200 17429 "-" "Mozilla/5.0 (compatible; Googlebot/2.1; +http://www.google.com/bot.html)"
66.249.79.170 - - [03/Jun/2020:18:26:07 -0700] "GET /js/modernizr.js HTTP/1.1" 200 5933 "https://www.rndsquared.com/" "Mozilla/5.0 AppleWebKit/537.36 (KHTML, like Gecko; compatible; Googlebot/2.1; +http://www.google.com/bot.html) Chrome/81.0.4044.108 Safari/537.36"
77.75.77.62 - - [03/Jun/2020:19:26:57 -0700] "GET /robots.txt HTTP/1.1" 404 208 "-" "Mozilla/5.0 (compatible; SeznamBot/3.2; +http://napoveda.seznam.cz/en/seznambot-intro/)"
77.75.77.62 - - [03/Jun/2020:19:27:06 -0700] "GET /img/mixman/18.jpg HTTP/1.1" 304 - "-" "Mozilla/5.0 (compatible; SeznamBot/3.2; +http://napoveda.seznam.cz/en/seznambot-intro/)"
40.77.167.35 - - [03/Jun/2020:19:47:44 -0700] "GET / HTTP/1.1" 200 17429 "-" "Mozilla/5.0 (compatible; bingbot/2.0; +http://www.bing.com/bingbot.htm)"
77.75.79.109 - - [03/Jun/2020:20:21:08 -0700] "GET /robots.txt HTTP/1.1" 404 208 "-" "Mozilla/5.0 (compatible; SeznamBot/3.2; +http://napoveda.seznam.cz/en/seznambot-intro/)"
77.75.79.109 - - [03/Jun/2020:20:21:14 -0700] "GET /img/autumn/7.jpg HTTP/1.1" 304 - "-" "Mozilla/5.0 (compatible; SeznamBot/3.2; +http://napoveda.seznam.cz/en/seznambot-intro/)"
77.75.79.109 - - [03/Jun/2020:20:21:22 -0700] "GET /img/bs4w/6.jpg HTTP/1.1" 304 - "-" "Mozilla/5.0 (compatible; SeznamBot/3.2; +http://napoveda.seznam.cz/en/seznambot-intro/)"
73.74.194.184 - - [03/Jun/2020:20:44:58 -0700] "GET /img/mixman/3.jpg HTTP/1.1" 200 114734 "https://www.google.com/" "Mozilla/5.0 (Windows NT 10.0; Win64; x64) AppleWebKit/537.36 (KHTML, like Gecko) Chrome/83.0.4103.61 Safari/537.36"
77.75.77.54 - - [03/Jun/2020:21:12:13 -0700] "GET /robots.txt HTTP/1.1" 404 208 "-" "Mozilla/5.0 (compatible; SeznamBot/3.2; +http://napoveda.seznam.cz/en/seznambot-intro/)"
77.75.77.54 - - [03/Jun/2020:21:12:24 -0700] "GET /img/mixman/5.jpg HTTP/1.1" 304 - "-" "Mozilla/5.0 (compatible; SeznamBot/3.2; +http://napoveda.seznam.cz/en/seznambot-intro/)"
77.75.77.54 - - [03/Jun/2020:21:12:26 -0700] "GET /img/wu-wei/3.jpg HTTP/1.1" 304 - "-" "Mozilla/5.0 (compatible; SeznamBot/3.2; +http://napoveda.seznam.cz/en/seznambot-intro/)"
95.163.255.223 - - [03/Jun/2020:23:11:11 -0700] "GET /robots.txt HTTP/1.0" 404 208 "-" "Mozilla/5.0 (compatible; Linux x86_64; Mail.RU_Bot/2.0; +http://go.mail.ru/help/robots)"
95.163.255.239 - - [03/Jun/2020:23:11:22 -0700] "GET /img/praxis/praxisHS.png HTTP/1.1" 200 878433 "-" "Mozilla/5.0 (compatible; Linux x86_64; Mail.RU_Bot/2.0; +http://go.mail.ru/help/robots)"
77.75.76.167 - - [04/Jun/2020:00:51:58 -0700] "GET /robots.txt HTTP/1.1" 404 208 "-" "Mozilla/5.0 (compatible; SeznamBot/3.2; +http://napoveda.seznam.cz/en/seznambot-intro/)"
77.75.76.167 - - [04/Jun/2020:00:52:24 -0700] "GET /img/autumn/6.jpg HTTP/1.1" 304 - "-" "Mozilla/5.0 (compatible; SeznamBot/3.2; +http://napoveda.seznam.cz/en/seznambot-intro/)"
77.75.76.166 - - [04/Jun/2020:04:28:42 -0700] "GET /robots.txt HTTP/1.1" 404 208 "-" "Mozilla/5.0 (compatible; SeznamBot/3.2; +http://napoveda.seznam.cz/en/seznambot-intro/)"
77.75.76.166 - - [04/Jun/2020:04:28:44 -0700] "GET /img/wu-wei/4.jpg HTTP/1.1" 304 - "-" "Mozilla/5.0 (compatible; SeznamBot/3.2; +http://napoveda.seznam.cz/en/seznambot-intro/)"
114.119.162.76 - - [04/Jun/2020:08:32:36 -0700] "GET /robots.txt HTTP/1.1" 404 208 "-" "Mozilla/5.0 (Linux; Android 7.0;) AppleWebKit/537.36 (KHTML, like Gecko) Mobile Safari/537.36 (compatible; PetalBot;+https://aspiegel.com/petalbot)"
77.88.5.179 - - [04/Jun/2020:08:33:54 -0700] "GET /robots.txt HTTP/1.1" 404 208 "-" "Mozilla/5.0 (compatible; YandexBot/3.0; +http://yandex.com/bots)"
77.88.5.139 - - [04/Jun/2020:08:33:57 -0700] "GET / HTTP/1.1" 200 17429 "-" "Mozilla/5.0 (compatible; YandexBot/3.0; +http://yandex.com/bots)"
40.77.167.123 - - [04/Jun/2020:09:15:44 -0700] "GET / HTTP/1.1" 200 17429 "-" "Mozilla/5.0 (compatible; bingbot/2.0; +http://www.bing.com/bingbot.htm)"
95.163.255.243 - - [04/Jun/2020:10:52:41 -0700] "GET /robots.txt HTTP/1.0" 404 208 "-" "Mozilla/5.0 (compatible; Linux x86_64; Mail.RU_Bot/2.0; +http://go.mail.ru/help/robots)"
95.163.255.206 - - [04/Jun/2020:10:52:46 -0700] "GET /img/luminous/luminousVideo.png HTTP/1.1" 200 952978 "-" "Mozilla/5.0 (compatible; Linux x86_64; Mail.RU_Bot/2.0; +http://go.mail.ru/help/robots)"
70.191.2.234 - - [04/Jun/2020:12:27:11 -0700] "GET /wp-login.php HTTP/1.1" 404 210 "-" "Mozilla/4.0 (compatible; MSIE 6.0; Windows NT 5.0)"
66.249.79.170 - - [04/Jun/2020:14:18:34 -0700] "GET /robots.txt HTTP/1.1" 404 208 "-" "Mozilla/5.0 (compatible; Googlebot/2.1; +http://www.google.com/bot.html)"
66.249.79.167 - - [04/Jun/2020:14:18:34 -0700] "GET / HTTP/1.1" 200 17429 "-" "Mozilla/5.0 (compatible; Googlebot/2.1; +http://www.google.com/bot.html)"
66.249.79.170 - - [04/Jun/2020:14:18:37 -0700] "GET /css/lightbox.css HTTP/1.1" 200 1003 "https://www.rndsquared.com/" "Mozilla/5.0 AppleWebKit/537.36 (KHTML, like Gecko; compatible; Googlebot/2.1; +http://www.google.com/bot.html) Chrome/83.0.4103.93 Safari/537.36"
66.249.79.170 - - [04/Jun/2020:14:18:37 -0700] "GET /js/modernizr.js HTTP/1.1" 200 5933 "https://www.rndsquared.com/" "Mozilla/5.0 AppleWebKit/537.36 (KHTML, like Gecko; compatible; Googlebot/2.1; +http://www.google.com/bot.html) Chrome/83.0.4103.93 Safari/537.36"
66.249.79.170 - - [04/Jun/2020:14:18:37 -0700] "GET /css/styles.css HTTP/1.1" 200 1975 "https://www.rndsquared.com/" "Mozilla/5.0 AppleWebKit/537.36 (KHTML, like Gecko; compatible; Googlebot/2.1; +http://www.google.com/bot.html) Chrome/83.0.4103.93 Safari/537.36"
66.249.79.167 - - [04/Jun/2020:14:18:38 -0700] "GET /css/bootstrap.min.css HTTP/1.1" 200 11249 "https://www.rndsquared.com/" "Mozilla/5.0 AppleWebKit/537.36 (KHTML, like Gecko; compatible; Googlebot/2.1; +http://www.google.com/bot.html) Chrome/83.0.4103.93 Safari/537.36"
66.249.79.170 - - [04/Jun/2020:14:18:38 -0700] "GET /js/lightbox.js HTTP/1.1" 200 4210 "https://www.rndsquared.com/" "Mozilla/5.0 AppleWebKit/537.36 (KHTML, like Gecko; compatible; Googlebot/2.1; +http://www.google.com/bot.html) Chrome/83.0.4103.93 Safari/537.36"
66.249.79.170 - - [04/Jun/2020:14:18:39 -0700] "GET /js/scripts.js HTTP/1.1" 200 1227 "https://www.rndsquared.com/" "Mozilla/5.0 AppleWebKit/537.36 (KHTML, like Gecko; compatible; Googlebot/2.1; +http://www.google.com/bot.html) Chrome/83.0.4103.93 Safari/537.36"
40.77.167.123 - - [04/Jun/2020:21:45:03 -0700] "GET / HTTP/1.1" 200 17429 "-" "Mozilla/5.0 (compatible; bingbot/2.0; +http://www.bing.com/bingbot.htm)"
95.163.255.245 - - [05/Jun/2020:03:16:23 -0700] "GET /robots.txt HTTP/1.0" 404 208 "-" "Mozilla/5.0 (compatible; Linux x86_64; Mail.RU_Bot/2.0; +http://go.mail.ru/help/robots)"
95.163.255.231 - - [05/Jun/2020:03:16:26 -0700] "GET /img/praxis/praxisHS.png HTTP/1.1" 200 878433 "-" "Mozilla/5.0 (compatible; Linux x86_64; Mail.RU_Bot/2.0; +http://go.mail.ru/help/robots)"
209.17.96.178 - - [05/Jun/2020:05:40:42 -0700] "GET / HTTP/1.1" 200 79394 "-" "Mozilla/5.0 (compatible; Nimbostratus-Bot/v1.3.2; http://cloudsystemnetworks.com)"
66.249.79.167 - - [05/Jun/2020:09:15:15 -0700] "GET /robots.txt HTTP/1.1" 404 208 "-" "Mozilla/5.0 (compatible; Googlebot/2.1; +http://www.google.com/bot.html)"
66.249.79.173 - - [05/Jun/2020:09:15:15 -0700] "GET / HTTP/1.1" 200 17429 "-" "Mozilla/5.0 (compatible; Googlebot/2.1; +http://www.google.com/bot.html)"
114.119.166.136 - - [05/Jun/2020:10:36:24 -0700] "GET /robots.txt HTTP/1.1" 404 208 "-" "Mozilla/5.0 (Linux; Android 7.0;) AppleWebKit/537.36 (KHTML, like Gecko) Mobile Safari/537.36 (compatible; PetalBot;+https://aspiegel.com/petalbot)"
157.55.39.36 - - [05/Jun/2020:10:55:09 -0700] "GET /robots.txt HTTP/1.1" 404 208 "-" "Mozilla/5.0 (compatible; bingbot/2.0; +http://www.bing.com/bingbot.htm)"
157.55.39.36 - - [05/Jun/2020:10:55:10 -0700] "GET /robots.txt HTTP/1.1" 404 208 "-" "Mozilla/5.0 (compatible; bingbot/2.0; +http://www.bing.com/bingbot.htm)"
40.77.167.123 - - [05/Jun/2020:10:55:15 -0700] "GET / HTTP/1.1" 200 17429 "-" "Mozilla/5.0 (compatible; bingbot/2.0; +http://www.bing.com/bingbot.htm)"
167.172.248.85 - - [05/Jun/2020:12:17:10 -0700] "GET / HTTP/1.0" 200 79394 "-" "Mozilla/5.0 (compatible; NetcraftSurveyAgent/1.0; +info@netcraft.com)"
165.22.39.61 - - [05/Jun/2020:12:32:05 -0700] "GET / HTTP/1.0" 200 79394 "-" "Mozilla/5.0 (compatible; NetcraftSurveyAgent/1.0; +info@netcraft.com)"
157.55.39.36 - - [05/Jun/2020:13:17:46 -0700] "GET /robots.txt HTTP/1.1" 404 208 "-" "Mozilla/5.0 (compatible; bingbot/2.0; +http://www.bing.com/bingbot.htm)"
157.55.39.36 - - [05/Jun/2020:13:17:46 -0700] "GET /robots.txt HTTP/1.1" 404 208 "-" "Mozilla/5.0 (compatible; bingbot/2.0; +http://www.bing.com/bingbot.htm)"
157.55.39.227 - - [05/Jun/2020:13:17:57 -0700] "GET /img/oncekids-fujimini/6.jpg HTTP/1.1" 200 118631 "-" "Mozilla/5.0 (compatible; bingbot/2.0; +http://www.bing.com/bingbot.htm)"
157.55.39.131 - - [05/Jun/2020:14:22:17 -0700] "GET /img/oncekids-fujimini/thumbs/2.jpg HTTP/1.1" 200 36054 "-" "Mozilla/5.0 (compatible; bingbot/2.0; +http://www.bing.com/bingbot.htm)"
40.77.167.159 - - [05/Jun/2020:15:24:36 -0700] "GET /img/njn/8.jpg HTTP/1.1" 200 124240 "-" "Mozilla/5.0 (compatible; bingbot/2.0; +http://www.bing.com/bingbot.htm)"
148.251.70.179 - - [05/Jun/2020:18:19:40 -0700] "GET /robots.txt HTTP/1.1" 404 208 "-" "Mozilla/5.0 (compatible; MJ12bot/v1.4.8; http://mj12bot.com/)"
148.251.70.179 - - [05/Jun/2020:18:19:42 -0700] "GET / HTTP/1.1" 200 17429 "-" "Mozilla/5.0 (compatible; MJ12bot/v1.4.8; http://mj12bot.com/)"
40.77.167.159 - - [05/Jun/2020:19:07:11 -0700] "GET /img/mixman/10.jpg HTTP/1.1" 200 114974 "-" "Mozilla/5.0 (compatible; bingbot/2.0; +http://www.bing.com/bingbot.htm)"
157.55.39.131 - - [05/Jun/2020:19:57:12 -0700] "GET /img/oncekids-fujimini/3.jpg HTTP/1.1" 200 143020 "-" "Mozilla/5.0 (compatible; bingbot/2.0; +http://www.bing.com/bingbot.htm)"
40.77.167.159 - - [05/Jun/2020:20:20:53 -0700] "GET /img/sfnoir/5.jpg HTTP/1.1" 200 67390 "-" "Mozilla/5.0 (compatible; bingbot/2.0; +http://www.bing.com/bingbot.htm)"
92.63.111.27 - - [05/Jun/2020:21:25:12 -0700] "GET / HTTP/1.1" 200 17429 "-" "Internet-structure-research-project-bot"
95.163.255.199 - - [05/Jun/2020:21:53:48 -0700] "GET /robots.txt HTTP/1.0" 404 208 "-" "Mozilla/5.0 (compatible; Linux x86_64; Mail.RU_Bot/2.0; +http://go.mail.ru/help/robots)"
95.163.255.213 - - [05/Jun/2020:21:53:55 -0700] "GET /img/luminous/luminousVideo.png HTTP/1.1" 200 952978 "-" "Mozilla/5.0 (compatible; Linux x86_64; Mail.RU_Bot/2.0; +http://go.mail.ru/help/robots)"
40.77.167.159 - - [06/Jun/2020:00:53:59 -0700] "GET /img/sfnoir/5.jpg HTTP/1.1" 200 67390 "-" "Mozilla/5.0 (compatible; bingbot/2.0; +http://www.bing.com/bingbot.htm)"
77.75.79.36 - - [06/Jun/2020:01:08:45 -0700] "GET /robots.txt HTTP/1.1" 404 208 "-" "Mozilla/5.0 (compatible; SeznamBot/3.2; +http://napoveda.seznam.cz/en/seznambot-intro/)"
77.75.79.36 - - [06/Jun/2020:01:08:48 -0700] "GET /img/mixman/7.jpg HTTP/1.1" 304 - "-" "Mozilla/5.0 (compatible; SeznamBot/3.2; +http://napoveda.seznam.cz/en/seznambot-intro/)"
66.249.79.173 - - [06/Jun/2020:01:29:41 -0700] "GET /robots.txt HTTP/1.1" 404 208 "-" "Mozilla/5.0 (compatible; Googlebot/2.1; +http://www.google.com/bot.html)"
66.249.79.167 - - [06/Jun/2020:01:29:42 -0700] "GET / HTTP/1.1" 200 17429 "-" "Mozilla/5.0 (compatible; Googlebot/2.1; +http://www.google.com/bot.html)"
66.249.79.167 - - [06/Jun/2020:01:29:45 -0700] "GET /css/lightbox.css HTTP/1.1" 200 1003 "https://www.rndsquared.com/" "Mozilla/5.0 AppleWebKit/537.36 (KHTML, like Gecko; compatible; Googlebot/2.1; +http://www.google.com/bot.html) Chrome/83.0.4103.93 Safari/537.36"
157.55.39.46 - - [06/Jun/2020:01:46:38 -0700] "GET /img/bs4w/8.jpg HTTP/1.1" 200 67708 "-" "Mozilla/5.0 (compatible; bingbot/2.0; +http://www.bing.com/bingbot.htm)"
54.36.148.236 - - [06/Jun/2020:01:57:57 -0700] "GET /robots.txt HTTP/1.1" 404 208 "-" "Mozilla/5.0 (compatible; AhrefsBot/6.1; +http://ahrefs.com/robot/)"
54.36.148.52 - - [06/Jun/2020:01:58:00 -0700] "GET / HTTP/1.1" 200 17429 "-" "Mozilla/5.0 (compatible; AhrefsBot/6.1; +http://ahrefs.com/robot/)"
209.17.96.2 - - [06/Jun/2020:02:07:16 -0700] "GET / HTTP/1.1" 200 79394 "-" "Mozilla/5.0 (compatible; Nimbostratus-Bot/v1.3.2; http://cloudsystemnetworks.com)"
77.75.76.166 - - [06/Jun/2020:03:06:50 -0700] "GET /robots.txt HTTP/1.1" 404 208 "-" "Mozilla/5.0 (compatible; SeznamBot/3.2; +http://napoveda.seznam.cz/en/seznambot-intro/)"
77.75.76.166 - - [06/Jun/2020:03:06:53 -0700] "GET /img/njn/2.jpg HTTP/1.1" 304 - "-" "Mozilla/5.0 (compatible; SeznamBot/3.2; +http://napoveda.seznam.cz/en/seznambot-intro/)"
157.55.39.46 - - [06/Jun/2020:03:45:56 -0700] "GET /img/bs4w/2.jpg HTTP/1.1" 200 116129 "-" "Mozilla/5.0 (compatible; bingbot/2.0; +http://www.bing.com/bingbot.htm)"
51.103.130.47 - - [06/Jun/2020:06:07:49 -0700] "GET /.git/HEAD HTTP/1.1" 404 207 "-" "-"
157.55.39.46 - - [06/Jun/2020:06:27:06 -0700] "GET /img/mixman/13.jpg HTTP/1.1" 200 106423 "-" "Mozilla/5.0 (compatible; bingbot/2.0; +http://www.bing.com/bingbot.htm)"
137.226.113.27 - - [06/Jun/2020:06:54:28 -0700] "GET / HTTP/1.1" 200 17429 "-" "Mozilla/5.0 zgrab/0.x (compatible; Researchscan/t12sns; +http://researchscan.comsys.rwth-aachen.de)"
137.226.113.28 - - [06/Jun/2020:08:40:37 -0700] "GET / HTTP/1.1" 200 17429 "-" "Mozilla/5.0 zgrab/0.x (compatible; Researchscan/t13rl; +http://researchscan.comsys.rwth-aachen.de)"
95.180.231.122 - - [06/Jun/2020:09:34:46 -0700] "GET /wp-login.php HTTP/1.1" 404 210 "-" "Mozilla/4.0 (compatible; MSIE 6.0; Windows NT 5.0)"
114.119.162.76 - - [06/Jun/2020:11:11:11 -0700] "GET /robots.txt HTTP/1.1" 404 208 "-" "Mozilla/5.0 (Linux; Android 7.0;) AppleWebKit/537.36 (KHTML, like Gecko) Mobile Safari/537.36 (compatible; PetalBot;+https://aspiegel.com/petalbot)"
77.88.5.179 - - [06/Jun/2020:11:12:15 -0700] "GET /robots.txt HTTP/1.1" 404 208 "-" "Mozilla/5.0 (compatible; YandexBot/3.0; +http://yandex.com/bots)"
77.88.5.179 - - [06/Jun/2020:11:12:18 -0700] "GET / HTTP/1.1" 200 17429 "-" "Mozilla/5.0 (compatible; YandexBot/3.0; +http://yandex.com/bots)"
157.55.39.131 - - [06/Jun/2020:12:42:35 -0700] "GET / HTTP/1.1" 200 17429 "-" "Mozilla/5.0 (compatible; bingbot/2.0; +http://www.bing.com/bingbot.htm)"
95.163.255.219 - - [06/Jun/2020:14:22:32 -0700] "GET /robots.txt HTTP/1.0" 404 208 "-" "Mozilla/5.0 (compatible; Linux x86_64; Mail.RU_Bot/2.0; +http://go.mail.ru/help/robots)"
95.163.255.200 - - [06/Jun/2020:14:22:34 -0700] "GET / HTTP/1.1" 200 17429 "-" "Mozilla/5.0 (compatible; Linux x86_64; Mail.RU_Bot/2.0; +http://go.mail.ru/help/robots)"
77.75.79.101 - - [06/Jun/2020:15:41:47 -0700] "GET /robots.txt HTTP/1.1" 404 208 "-" "Mozilla/5.0 (compatible; SeznamBot/3.2; +http://napoveda.seznam.cz/en/seznambot-intro/)"
77.75.79.101 - - [06/Jun/2020:15:41:50 -0700] "GET /img/oncekids-fujimini/3.jpg HTTP/1.1" 304 - "-" "Mozilla/5.0 (compatible; SeznamBot/3.2; +http://napoveda.seznam.cz/en/seznambot-intro/)"
157.55.39.36 - - [06/Jun/2020:15:44:54 -0700] "GET /robots.txt HTTP/1.1" 404 208 "-" "Mozilla/5.0 (compatible; bingbot/2.0; +http://www.bing.com/bingbot.htm)"
157.55.39.36 - - [06/Jun/2020:15:44:54 -0700] "GET /robots.txt HTTP/1.1" 404 208 "-" "Mozilla/5.0 (compatible; bingbot/2.0; +http://www.bing.com/bingbot.htm)"
157.55.39.46 - - [06/Jun/2020:15:45:27 -0700] "GET /img/mixman/4.jpg HTTP/1.1" 200 135099 "-" "Mozilla/5.0 (compatible; bingbot/2.0; +http://www.bing.com/bingbot.htm)"
77.75.77.17 - - [06/Jun/2020:18:02:18 -0700] "GET /robots.txt HTTP/1.1" 404 208 "-" "Mozilla/5.0 (compatible; SeznamBot/3.2; +http://napoveda.seznam.cz/en/seznambot-intro/)"
77.75.77.17 - - [06/Jun/2020:18:02:30 -0700] "GET /img/mixman/19.jpg HTTP/1.1" 304 - "-" "Mozilla/5.0 (compatible; SeznamBot/3.2; +http://napoveda.seznam.cz/en/seznambot-intro/)"
157.55.39.227 - - [06/Jun/2020:18:05:09 -0700] "GET /img/mixman/5.jpg HTTP/1.1" 200 86490 "-" "Mozilla/5.0 (compatible; bingbot/2.0; +http://www.bing.com/bingbot.htm)"
54.36.149.5 - - [06/Jun/2020:18:18:59 -0700] "GET / HTTP/1.1" 200 17429 "-" "Mozilla/5.0 (compatible; AhrefsBot/6.1; +http://ahrefs.com/robot/)"
71.6.158.166 - - [06/Jun/2020:20:03:33 -0700] "GET / HTTP/1.1" 200 79394 "-" "Mozilla/5.0 (X11; Linux x86_64) AppleWebKit/537.36 (KHTML, like Gecko) Chrome/34.0.1847.137 Safari/537.36"
71.6.158.166 - - [06/Jun/2020:20:04:42 -0700] "GET /robots.txt HTTP/1.1" 404 208 "-" "-"
71.6.158.166 - - [06/Jun/2020:20:05:23 -0700] "GET /.well-known/security.txt HTTP/1.1" 404 222 "-" "-"
77.75.76.172 - - [06/Jun/2020:20:13:41 -0700] "GET /robots.txt HTTP/1.1" 404 208 "-" "Mozilla/5.0 (compatible; SeznamBot/3.2; +http://napoveda.seznam.cz/en/seznambot-intro/)"
77.75.76.172 - - [06/Jun/2020:20:13:44 -0700] "GET /img/mixman/2.jpg HTTP/1.1" 304 - "-" "Mozilla/5.0 (compatible; SeznamBot/3.2; +http://napoveda.seznam.cz/en/seznambot-intro/)"
77.75.77.62 - - [06/Jun/2020:21:55:43 -0700] "GET /robots.txt HTTP/1.1" 404 208 "-" "Mozilla/5.0 (compatible; SeznamBot/3.2; +http://napoveda.seznam.cz/en/seznambot-intro/)"
77.75.77.62 - - [06/Jun/2020:21:55:45 -0700] "GET /img/sfnoir/1.jpg HTTP/1.1" 304 - "-" "Mozilla/5.0 (compatible; SeznamBot/3.2; +http://napoveda.seznam.cz/en/seznambot-intro/)"
157.55.39.36 - - [06/Jun/2020:22:10:06 -0700] "GET /robots.txt HTTP/1.1" 404 208 "-" "Mozilla/5.0 (compatible; bingbot/2.0; +http://www.bing.com/bingbot.htm)"
157.55.39.36 - - [06/Jun/2020:22:10:06 -0700] "GET /robots.txt HTTP/1.1" 404 208 "-" "Mozilla/5.0 (compatible; bingbot/2.0; +http://www.bing.com/bingbot.htm)"
157.55.39.227 - - [06/Jun/2020:22:10:21 -0700] "GET /img/mixman/thumbs/3.jpg HTTP/1.1" 200 32138 "-" "Mozilla/5.0 (compatible; bingbot/2.0; +http://www.bing.com/bingbot.htm)"
157.55.39.227 - - [06/Jun/2020:22:27:27 -0700] "GET /img/urban-cowgirl/3.jpg HTTP/1.1" 200 80583 "-" "Mozilla/5.0 (compatible; bingbot/2.0; +http://www.bing.com/bingbot.htm)"
5.196.87.173 - - [06/Jun/2020:22:53:23 -0700] "GET /robots.txt HTTP/1.1" 404 208 "-" "Mozilla/5.0 (compatible; AhrefsBot/6.1; +http://ahrefs.com/robot/)"
54.36.148.34 - - [06/Jun/2020:22:53:34 -0700] "GET / HTTP/1.1" 200 17429 "-" "Mozilla/5.0 (compatible; AhrefsBot/6.1; +http://ahrefs.com/robot/)"
157.55.39.227 - - [07/Jun/2020:02:55:02 -0700] "GET /img/mixman/3.jpg HTTP/1.1" 200 114734 "-" "Mozilla/5.0 (compatible; bingbot/2.0; +http://www.bing.com/bingbot.htm)"
157.55.39.131 - - [07/Jun/2020:03:06:35 -0700] "GET / HTTP/1.1" 200 17429 "-" "Mozilla/5.0 (compatible; bingbot/2.0; +http://www.bing.com/bingbot.htm)"
114.119.166.136 - - [07/Jun/2020:11:18:31 -0700] "GET /robots.txt HTTP/1.1" 404 208 "-" "Mozilla/5.0 (Linux; Android 7.0;) AppleWebKit/537.36 (KHTML, like Gecko) Mobile Safari/537.36 (compatible; PetalBot;+https://aspiegel.com/petalbot)"
157.55.39.131 - - [07/Jun/2020:12:45:18 -0700] "GET /img/autumn/3.jpg HTTP/1.1" 200 506599 "-" "Mozilla/5.0 (compatible; bingbot/2.0; +http://www.bing.com/bingbot.htm)"
207.46.13.236 - - [07/Jun/2020:14:22:50 -0700] "GET /robots.txt HTTP/1.1" 404 208 "-" "Mozilla/5.0 (compatible; bingbot/2.0; +http://www.bing.com/bingbot.htm)"
207.46.13.236 - - [07/Jun/2020:14:22:50 -0700] "GET /robots.txt HTTP/1.1" 404 208 "-" "Mozilla/5.0 (compatible; bingbot/2.0; +http://www.bing.com/bingbot.htm)"
157.55.39.131 - - [07/Jun/2020:14:23:14 -0700] "GET / HTTP/1.1" 200 17429 "-" "Mozilla/5.0 (compatible; bingbot/2.0; +http://www.bing.com/bingbot.htm)"
157.55.39.227 - - [07/Jun/2020:17:50:45 -0700] "GET /img/bs4w/3.jpg HTTP/1.1" 200 74030 "-" "Mozilla/5.0 (compatible; bingbot/2.0; +http://www.bing.com/bingbot.htm)"
157.55.39.16 - - [07/Jun/2020:17:51:21 -0700] "GET /robots.txt HTTP/1.1" 404 208 "-" "Mozilla/5.0 (compatible; bingbot/2.0; +http://www.bing.com/bingbot.htm)"
157.55.39.16 - - [07/Jun/2020:17:51:22 -0700] "GET /robots.txt HTTP/1.1" 404 208 "-" "Mozilla/5.0 (compatible; bingbot/2.0; +http://www.bing.com/bingbot.htm)"
207.46.13.113 - - [07/Jun/2020:22:12:09 -0700] "GET /img/mixman/thumbs/2.jpg HTTP/1.1" 200 24519 "-" "Mozilla/5.0 (compatible; bingbot/2.0; +http://www.bing.com/bingbot.htm)"
207.46.13.113 - - [07/Jun/2020:22:12:09 -0700] "GET /img/mixman/thumbs/10.jpg HTTP/1.1" 200 31032 "-" "Mozilla/5.0 (compatible; bingbot/2.0; +http://www.bing.com/bingbot.htm)"
157.55.39.131 - - [07/Jun/2020:22:17:16 -0700] "GET /img/sfnoir/2.jpg HTTP/1.1" 200 81708 "-" "Mozilla/5.0 (compatible; bingbot/2.0; +http://www.bing.com/bingbot.htm)"
157.55.39.44 - - [07/Jun/2020:22:21:00 -0700] "GET /robots.txt HTTP/1.1" 404 208 "-" "Mozilla/5.0 (compatible; bingbot/2.0; +http://www.bing.com/bingbot.htm)"
157.55.39.44 - - [07/Jun/2020:22:21:01 -0700] "GET /robots.txt HTTP/1.1" 404 208 "-" "Mozilla/5.0 (compatible; bingbot/2.0; +http://www.bing.com/bingbot.htm)"
40.77.167.159 - - [08/Jun/2020:03:29:35 -0700] "GET /img/mixman/thumbs/13.jpg HTTP/1.1" 200 28845 "-" "Mozilla/5.0 (compatible; bingbot/2.0; +http://www.bing.com/bingbot.htm)"
176.119.28.196 - - [08/Jun/2020:03:31:37 -0700] "GET /.git/config HTTP/1.1" 404 209 "-" "Python-urllib/3.6"
40.77.167.159 - - [08/Jun/2020:03:40:06 -0700] "GET /img/oncekids-fujimini/4.jpg HTTP/1.1" 200 111945 "-" "Mozilla/5.0 (compatible; bingbot/2.0; +http://www.bing.com/bingbot.htm)"
95.163.255.209 - - [08/Jun/2020:04:27:39 -0700] "GET /robots.txt HTTP/1.0" 404 208 "-" "Mozilla/5.0 (compatible; Linux x86_64; Mail.RU_Bot/2.0; +http://go.mail.ru/help/robots)"
95.163.255.208 - - [08/Jun/2020:04:27:41 -0700] "GET / HTTP/1.1" 200 17429 "-" "Mozilla/5.0 (compatible; Linux x86_64; Mail.RU_Bot/2.0; +http://go.mail.ru/help/robots)"
157.55.39.131 - - [08/Jun/2020:04:49:24 -0700] "GET / HTTP/1.1" 200 17429 "-" "Mozilla/5.0 (compatible; bingbot/2.0; +http://www.bing.com/bingbot.htm)"
142.93.71.104 - - [08/Jun/2020:04:58:03 -0700] "GET / HTTP/1.1" 200 79394 "-" "-"
114.119.162.76 - - [08/Jun/2020:12:31:22 -0700] "GET /robots.txt HTTP/1.1" 404 208 "-" "Mozilla/5.0 (Linux; Android 7.0;) AppleWebKit/537.36 (KHTML, like Gecko) Mobile Safari/537.36 (compatible; PetalBot;+https://aspiegel.com/petalbot)"
178.255.215.98 - - [08/Jun/2020:15:02:26 -0700] "GET / HTTP/1.1" 200 17429 "-" "Mozilla/5.0 (X11; Linux x86_64) AppleWebKit/538.1 (KHTML, like Gecko) NG/6.5.24024 Safari/538.1"
178.255.215.98 - - [08/Jun/2020:15:02:26 -0700] "GET /css/bootstrap.min.css HTTP/1.1" 200 11249 "https://www.rndsquared.com/" "Mozilla/5.0 (X11; Linux x86_64) AppleWebKit/538.1 (KHTML, like Gecko) NG/6.5.24024 Safari/538.1"
178.255.215.98 - - [08/Jun/2020:15:02:26 -0700] "GET /css/lightbox.css HTTP/1.1" 200 1003 "https://www.rndsquared.com/" "Mozilla/5.0 (X11; Linux x86_64) AppleWebKit/538.1 (KHTML, like Gecko) NG/6.5.24024 Safari/538.1"
178.255.215.98 - - [08/Jun/2020:15:02:27 -0700] "GET /css/styles.css HTTP/1.1" 200 1975 "https://www.rndsquared.com/" "Mozilla/5.0 (X11; Linux x86_64) AppleWebKit/538.1 (KHTML, like Gecko) NG/6.5.24024 Safari/538.1"
178.255.215.98 - - [08/Jun/2020:15:02:27 -0700] "GET /js/modernizr.js HTTP/1.1" 200 5933 "https://www.rndsquared.com/" "Mozilla/5.0 (X11; Linux x86_64) AppleWebKit/538.1 (KHTML, like Gecko) NG/6.5.24024 Safari/538.1"
178.255.215.98 - - [08/Jun/2020:15:02:27 -0700] "GET /js/lightbox.js HTTP/1.1" 200 4210 "https://www.rndsquared.com/" "Mozilla/5.0 (X11; Linux x86_64) AppleWebKit/538.1 (KHTML, like Gecko) NG/6.5.24024 Safari/538.1"
178.255.215.98 - - [08/Jun/2020:15:02:27 -0700] "GET /js/scripts.js HTTP/1.1" 200 1227 "https://www.rndsquared.com/" "Mozilla/5.0 (X11; Linux x86_64) AppleWebKit/538.1 (KHTML, like Gecko) NG/6.5.24024 Safari/538.1"
178.255.215.98 - - [08/Jun/2020:15:02:27 -0700] "GET /css/images/close.png HTTP/1.1" 200 280 "https://www.rndsquared.com/" "Mozilla/5.0 (X11; Linux x86_64) AppleWebKit/538.1 (KHTML, like Gecko) NG/6.5.24024 Safari/538.1"
178.255.215.98 - - [08/Jun/2020:15:02:27 -0700] "GET /css/images/next.png HTTP/1.1" 200 1350 "https://www.rndsquared.com/" "Mozilla/5.0 (X11; Linux x86_64) AppleWebKit/538.1 (KHTML, like Gecko) NG/6.5.24024 Safari/538.1"
178.255.215.98 - - [08/Jun/2020:15:02:27 -0700] "GET /css/images/loading.gif HTTP/1.1" 200 8476 "https://www.rndsquared.com/" "Mozilla/5.0 (X11; Linux x86_64) AppleWebKit/538.1 (KHTML, like Gecko) NG/6.5.24024 Safari/538.1"
178.255.215.98 - - [08/Jun/2020:15:02:27 -0700] "GET /css/images/prev.png HTTP/1.1" 200 1360 "https://www.rndsquared.com/" "Mozilla/5.0 (X11; Linux x86_64) AppleWebKit/538.1 (KHTML, like Gecko) NG/6.5.24024 Safari/538.1"
178.255.215.98 - - [08/Jun/2020:15:02:27 -0700] "GET /img/logo.png HTTP/1.1" 200 13123 "https://www.rndsquared.com/" "Mozilla/5.0 (X11; Linux x86_64) AppleWebKit/538.1 (KHTML, like Gecko) NG/6.5.24024 Safari/538.1"
178.255.215.98 - - [08/Jun/2020:15:02:27 -0700] "GET /img/mixman/thumbs/1.jpg HTTP/1.1" 200 35516 "https://www.rndsquared.com/" "Mozilla/5.0 (X11; Linux x86_64) AppleWebKit/538.1 (KHTML, like Gecko) NG/6.5.24024 Safari/538.1"
178.255.215.98 - - [08/Jun/2020:15:02:27 -0700] "GET /img/urban-cowgirl/thumbs/1.jpg HTTP/1.1" 200 26624 "https://www.rndsquared.com/" "Mozilla/5.0 (X11; Linux x86_64) AppleWebKit/538.1 (KHTML, like Gecko) NG/6.5.24024 Safari/538.1"
178.255.215.98 - - [08/Jun/2020:15:02:27 -0700] "GET /img/oncekids-fujimini/thumbs/1.jpg HTTP/1.1" 200 36349 "https://www.rndsquared.com/" "Mozilla/5.0 (X11; Linux x86_64) AppleWebKit/538.1 (KHTML, like Gecko) NG/6.5.24024 Safari/538.1"
178.255.215.98 - - [08/Jun/2020:15:02:27 -0700] "GET /img/wu-wei/thumbs/1.jpg HTTP/1.1" 200 35144 "https://www.rndsquared.com/" "Mozilla/5.0 (X11; Linux x86_64) AppleWebKit/538.1 (KHTML, like Gecko) NG/6.5.24024 Safari/538.1"
178.255.215.98 - - [08/Jun/2020:15:02:27 -0700] "GET /img/bs4w/thumbs/3.jpg HTTP/1.1" 200 21431 "https://www.rndsquared.com/" "Mozilla/5.0 (X11; Linux x86_64) AppleWebKit/538.1 (KHTML, like Gecko) NG/6.5.24024 Safari/538.1"
178.255.215.98 - - [08/Jun/2020:15:02:27 -0700] "GET /img/marble.jpg HTTP/1.1" 200 292701 "https://www.rndsquared.com/" "Mozilla/5.0 (X11; Linux x86_64) AppleWebKit/538.1 (KHTML, like Gecko) NG/6.5.24024 Safari/538.1"
178.255.215.98 - - [08/Jun/2020:15:02:27 -0700] "GET /img/sfnoir/thumbs/2.jpg HTTP/1.1" 200 23061 "https://www.rndsquared.com/" "Mozilla/5.0 (X11; Linux x86_64) AppleWebKit/538.1 (KHTML, like Gecko) NG/6.5.24024 Safari/538.1"
178.255.215.98 - - [08/Jun/2020:15:02:27 -0700] "GET /img/njn/thumbs/1.jpg HTTP/1.1" 200 24676 "https://www.rndsquared.com/" "Mozilla/5.0 (X11; Linux x86_64) AppleWebKit/538.1 (KHTML, like Gecko) NG/6.5.24024 Safari/538.1"
178.255.215.98 - - [08/Jun/2020:15:02:27 -0700] "GET /img/autumn/thumbs/1.jpg HTTP/1.1" 200 24768 "https://www.rndsquared.com/" "Mozilla/5.0 (X11; Linux x86_64) AppleWebKit/538.1 (KHTML, like Gecko) NG/6.5.24024 Safari/538.1"
178.255.215.98 - - [08/Jun/2020:15:02:27 -0700] "GET /img/mixman/thumbs/2.jpg HTTP/1.1" 200 24519 "https://www.rndsquared.com/" "Mozilla/5.0 (X11; Linux x86_64) AppleWebKit/538.1 (KHTML, like Gecko) NG/6.5.24024 Safari/538.1"
178.255.215.98 - - [08/Jun/2020:15:02:27 -0700] "GET /img/mixman/thumbs/3.jpg HTTP/1.1" 200 32138 "https://www.rndsquared.com/" "Mozilla/5.0 (X11; Linux x86_64) AppleWebKit/538.1 (KHTML, like Gecko) NG/6.5.24024 Safari/538.1"
178.255.215.98 - - [08/Jun/2020:15:02:27 -0700] "GET /img/mixman/thumbs/4.jpg HTTP/1.1" 200 35783 "https://www.rndsquared.com/" "Mozilla/5.0 (X11; Linux x86_64) AppleWebKit/538.1 (KHTML, like Gecko) NG/6.5.24024 Safari/538.1"
178.255.215.98 - - [08/Jun/2020:15:02:27 -0700] "GET /img/mixman/thumbs/5.jpg HTTP/1.1" 200 23498 "https://www.rndsquared.com/" "Mozilla/5.0 (X11; Linux x86_64) AppleWebKit/538.1 (KHTML, like Gecko) NG/6.5.24024 Safari/538.1"
178.255.215.98 - - [08/Jun/2020:15:02:27 -0700] "GET /img/mixman/thumbs/6.jpg HTTP/1.1" 200 29592 "https://www.rndsquared.com/" "Mozilla/5.0 (X11; Linux x86_64) AppleWebKit/538.1 (KHTML, like Gecko) NG/6.5.24024 Safari/538.1"
178.255.215.98 - - [08/Jun/2020:15:02:28 -0700] "GET /img/mixman/thumbs/7.jpg HTTP/1.1" 200 29010 "https://www.rndsquared.com/" "Mozilla/5.0 (X11; Linux x86_64) AppleWebKit/538.1 (KHTML, like Gecko) NG/6.5.24024 Safari/538.1"
178.255.215.98 - - [08/Jun/2020:15:02:28 -0700] "GET /img/mixman/thumbs/9.jpg HTTP/1.1" 200 34012 "https://www.rndsquared.com/" "Mozilla/5.0 (X11; Linux x86_64) AppleWebKit/538.1 (KHTML, like Gecko) NG/6.5.24024 Safari/538.1"
178.255.215.98 - - [08/Jun/2020:15:02:28 -0700] "GET /img/mixman/thumbs/10.jpg HTTP/1.1" 200 31032 "https://www.rndsquared.com/" "Mozilla/5.0 (X11; Linux x86_64) AppleWebKit/538.1 (KHTML, like Gecko) NG/6.5.24024 Safari/538.1"
178.255.215.98 - - [08/Jun/2020:15:02:28 -0700] "GET /img/mixman/thumbs/11.jpg HTTP/1.1" 200 32588 "https://www.rndsquared.com/" "Mozilla/5.0 (X11; Linux x86_64) AppleWebKit/538.1 (KHTML, like Gecko) NG/6.5.24024 Safari/538.1"
178.255.215.98 - - [08/Jun/2020:15:02:28 -0700] "GET /img/mixman/thumbs/13.jpg HTTP/1.1" 200 28845 "https://www.rndsquared.com/" "Mozilla/5.0 (X11; Linux x86_64) AppleWebKit/538.1 (KHTML, like Gecko) NG/6.5.24024 Safari/538.1"
178.255.215.98 - - [08/Jun/2020:15:02:28 -0700] "GET /img/mixman/thumbs/15.jpg HTTP/1.1" 200 31677 "https://www.rndsquared.com/" "Mozilla/5.0 (X11; Linux x86_64) AppleWebKit/538.1 (KHTML, like Gecko) NG/6.5.24024 Safari/538.1"
178.255.215.98 - - [08/Jun/2020:15:02:28 -0700] "GET /img/mixman/thumbs/16.jpg HTTP/1.1" 200 36852 "https://www.rndsquared.com/" "Mozilla/5.0 (X11; Linux x86_64) AppleWebKit/538.1 (KHTML, like Gecko) NG/6.5.24024 Safari/538.1"
178.255.215.98 - - [08/Jun/2020:15:02:28 -0700] "GET /img/mixman/thumbs/17.jpg HTTP/1.1" 200 16331 "https://www.rndsquared.com/" "Mozilla/5.0 (X11; Linux x86_64) AppleWebKit/538.1 (KHTML, like Gecko) NG/6.5.24024 Safari/538.1"
178.255.215.98 - - [08/Jun/2020:15:02:28 -0700] "GET /img/mixman/thumbs/18.jpg HTTP/1.1" 200 20196 "https://www.rndsquared.com/" "Mozilla/5.0 (X11; Linux x86_64) AppleWebKit/538.1 (KHTML, like Gecko) NG/6.5.24024 Safari/538.1"
178.255.215.98 - - [08/Jun/2020:15:02:28 -0700] "GET /img/mixman/thumbs/19.jpg HTTP/1.1" 200 22007 "https://www.rndsquared.com/" "Mozilla/5.0 (X11; Linux x86_64) AppleWebKit/538.1 (KHTML, like Gecko) NG/6.5.24024 Safari/538.1"
178.255.215.98 - - [08/Jun/2020:15:02:28 -0700] "GET /img/urban-cowgirl/thumbs/2.jpg HTTP/1.1" 200 24103 "https://www.rndsquared.com/" "Mozilla/5.0 (X11; Linux x86_64) AppleWebKit/538.1 (KHTML, like Gecko) NG/6.5.24024 Safari/538.1"
178.255.215.98 - - [08/Jun/2020:15:02:28 -0700] "GET /img/urban-cowgirl/thumbs/3.jpg HTTP/1.1" 200 25487 "https://www.rndsquared.com/" "Mozilla/5.0 (X11; Linux x86_64) AppleWebKit/538.1 (KHTML, like Gecko) NG/6.5.24024 Safari/538.1"
178.255.215.98 - - [08/Jun/2020:15:02:28 -0700] "GET /img/urban-cowgirl/thumbs/4.jpg HTTP/1.1" 200 27112 "https://www.rndsquared.com/" "Mozilla/5.0 (X11; Linux x86_64) AppleWebKit/538.1 (KHTML, like Gecko) NG/6.5.24024 Safari/538.1"
178.255.215.98 - - [08/Jun/2020:15:02:28 -0700] "GET /img/urban-cowgirl/thumbs/5.jpg HTTP/1.1" 200 26913 "https://www.rndsquared.com/" "Mozilla/5.0 (X11; Linux x86_64) AppleWebKit/538.1 (KHTML, like Gecko) NG/6.5.24024 Safari/538.1"
178.255.215.98 - - [08/Jun/2020:15:02:28 -0700] "GET /img/urban-cowgirl/thumbs/6.jpg HTTP/1.1" 200 14645 "https://www.rndsquared.com/" "Mozilla/5.0 (X11; Linux x86_64) AppleWebKit/538.1 (KHTML, like Gecko) NG/6.5.24024 Safari/538.1"
178.255.215.98 - - [08/Jun/2020:15:02:28 -0700] "GET /fonts/mn2-webfont.woff HTTP/1.1" 200 19320 "https://www.rndsquared.com/" "Mozilla/5.0 (X11; Linux x86_64) AppleWebKit/538.1 (KHTML, like Gecko) NG/6.5.24024 Safari/538.1"
178.255.215.98 - - [08/Jun/2020:15:02:28 -0700] "GET /img/oncekids-fujimini/thumbs/2.jpg HTTP/1.1" 200 36054 "https://www.rndsquared.com/" "Mozilla/5.0 (X11; Linux x86_64) AppleWebKit/538.1 (KHTML, like Gecko) NG/6.5.24024 Safari/538.1"
178.255.215.98 - - [08/Jun/2020:15:02:28 -0700] "GET /img/oncekids-fujimini/thumbs/3.jpg HTTP/1.1" 200 39586 "https://www.rndsquared.com/" "Mozilla/5.0 (X11; Linux x86_64) AppleWebKit/538.1 (KHTML, like Gecko) NG/6.5.24024 Safari/538.1"
178.255.215.98 - - [08/Jun/2020:15:02:28 -0700] "GET /img/oncekids-fujimini/thumbs/4.jpg HTTP/1.1" 200 39689 "https://www.rndsquared.com/" "Mozilla/5.0 (X11; Linux x86_64) AppleWebKit/538.1 (KHTML, like Gecko) NG/6.5.24024 Safari/538.1"
178.255.215.98 - - [08/Jun/2020:15:02:28 -0700] "GET /img/oncekids-fujimini/thumbs/5.jpg HTTP/1.1" 200 26202 "https://www.rndsquared.com/" "Mozilla/5.0 (X11; Linux x86_64) AppleWebKit/538.1 (KHTML, like Gecko) NG/6.5.24024 Safari/538.1"
178.255.215.98 - - [08/Jun/2020:15:02:29 -0700] "GET /img/oncekids-fujimini/thumbs/6.jpg HTTP/1.1" 200 27603 "https://www.rndsquared.com/" "Mozilla/5.0 (X11; Linux x86_64) AppleWebKit/538.1 (KHTML, like Gecko) NG/6.5.24024 Safari/538.1"
178.255.215.98 - - [08/Jun/2020:15:02:29 -0700] "GET /img/oncekids-fujimini/thumbs/7.jpg HTTP/1.1" 200 39450 "https://www.rndsquared.com/" "Mozilla/5.0 (X11; Linux x86_64) AppleWebKit/538.1 (KHTML, like Gecko) NG/6.5.24024 Safari/538.1"
178.255.215.98 - - [08/Jun/2020:15:02:29 -0700] "GET /img/oncekids-fujimini/thumbs/8.jpg HTTP/1.1" 200 23299 "https://www.rndsquared.com/" "Mozilla/5.0 (X11; Linux x86_64) AppleWebKit/538.1 (KHTML, like Gecko) NG/6.5.24024 Safari/538.1"
178.255.215.98 - - [08/Jun/2020:15:02:29 -0700] "GET /img/wu-wei/thumbs/2.jpg HTTP/1.1" 200 21193 "https://www.rndsquared.com/" "Mozilla/5.0 (X11; Linux x86_64) AppleWebKit/538.1 (KHTML, like Gecko) NG/6.5.24024 Safari/538.1"
178.255.215.98 - - [08/Jun/2020:15:02:29 -0700] "GET /img/wu-wei/thumbs/3.jpg HTTP/1.1" 200 22711 "https://www.rndsquared.com/" "Mozilla/5.0 (X11; Linux x86_64) AppleWebKit/538.1 (KHTML, like Gecko) NG/6.5.24024 Safari/538.1"
178.255.215.98 - - [08/Jun/2020:15:02:29 -0700] "GET /img/wu-wei/thumbs/4.jpg HTTP/1.1" 200 24258 "https://www.rndsquared.com/" "Mozilla/5.0 (X11; Linux x86_64) AppleWebKit/538.1 (KHTML, like Gecko) NG/6.5.24024 Safari/538.1"
178.255.215.98 - - [08/Jun/2020:15:02:29 -0700] "GET /img/wu-wei/thumbs/5.jpg HTTP/1.1" 200 22671 "https://www.rndsquared.com/" "Mozilla/5.0 (X11; Linux x86_64) AppleWebKit/538.1 (KHTML, like Gecko) NG/6.5.24024 Safari/538.1"
178.255.215.98 - - [08/Jun/2020:15:02:29 -0700] "GET /img/wu-wei/thumbs/6.jpg HTTP/1.1" 200 21768 "https://www.rndsquared.com/" "Mozilla/5.0 (X11; Linux x86_64) AppleWebKit/538.1 (KHTML, like Gecko) NG/6.5.24024 Safari/538.1"
178.255.215.98 - - [08/Jun/2020:15:02:29 -0700] "GET /img/wu-wei/thumbs/7.jpg HTTP/1.1" 200 22901 "https://www.rndsquared.com/" "Mozilla/5.0 (X11; Linux x86_64) AppleWebKit/538.1 (KHTML, like Gecko) NG/6.5.24024 Safari/538.1"
178.255.215.98 - - [08/Jun/2020:15:02:29 -0700] "GET /img/wu-wei/thumbs/8.jpg HTTP/1.1" 200 26727 "https://www.rndsquared.com/" "Mozilla/5.0 (X11; Linux x86_64) AppleWebKit/538.1 (KHTML, like Gecko) NG/6.5.24024 Safari/538.1"
178.255.215.98 - - [08/Jun/2020:15:02:29 -0700] "GET /img/wu-wei/thumbs/9.jpg HTTP/1.1" 200 35525 "https://www.rndsquared.com/" "Mozilla/5.0 (X11; Linux x86_64) AppleWebKit/538.1 (KHTML, like Gecko) NG/6.5.24024 Safari/538.1"
178.255.215.98 - - [08/Jun/2020:15:02:29 -0700] "GET /img/wu-wei/thumbs/10.jpg HTTP/1.1" 200 20185 "https://www.rndsquared.com/" "Mozilla/5.0 (X11; Linux x86_64) AppleWebKit/538.1 (KHTML, like Gecko) NG/6.5.24024 Safari/538.1"
178.255.215.98 - - [08/Jun/2020:15:02:29 -0700] "GET /img/bs4w/thumbs/1.jpg HTTP/1.1" 200 14712 "https://www.rndsquared.com/" "Mozilla/5.0 (X11; Linux x86_64) AppleWebKit/538.1 (KHTML, like Gecko) NG/6.5.24024 Safari/538.1"
178.255.215.98 - - [08/Jun/2020:15:02:29 -0700] "GET /img/bs4w/thumbs/2.jpg HTTP/1.1" 200 31891 "https://www.rndsquared.com/" "Mozilla/5.0 (X11; Linux x86_64) AppleWebKit/538.1 (KHTML, like Gecko) NG/6.5.24024 Safari/538.1"
178.255.215.98 - - [08/Jun/2020:15:02:29 -0700] "GET /img/bs4w/thumbs/4.jpg HTTP/1.1" 200 27608 "https://www.rndsquared.com/" "Mozilla/5.0 (X11; Linux x86_64) AppleWebKit/538.1 (KHTML, like Gecko) NG/6.5.24024 Safari/538.1"
178.255.215.98 - - [08/Jun/2020:15:02:29 -0700] "GET /img/bs4w/thumbs/5.jpg HTTP/1.1" 200 12034 "https://www.rndsquared.com/" "Mozilla/5.0 (X11; Linux x86_64) AppleWebKit/538.1 (KHTML, like Gecko) NG/6.5.24024 Safari/538.1"
178.255.215.98 - - [08/Jun/2020:15:02:29 -0700] "GET /img/luminous/luminousVideo.png HTTP/1.1" 200 952978 "https://www.rndsquared.com/" "Mozilla/5.0 (X11; Linux x86_64) AppleWebKit/538.1 (KHTML, like Gecko) NG/6.5.24024 Safari/538.1"
178.255.215.98 - - [08/Jun/2020:15:02:29 -0700] "GET /img/bs4w/thumbs/7.jpg HTTP/1.1" 200 23328 "https://www.rndsquared.com/" "Mozilla/5.0 (X11; Linux x86_64) AppleWebKit/538.1 (KHTML, like Gecko) NG/6.5.24024 Safari/538.1"
178.255.215.98 - - [08/Jun/2020:15:02:29 -0700] "GET /img/bs4w/thumbs/6.jpg HTTP/1.1" 200 12384 "https://www.rndsquared.com/" "Mozilla/5.0 (X11; Linux x86_64) AppleWebKit/538.1 (KHTML, like Gecko) NG/6.5.24024 Safari/538.1"
178.255.215.98 - - [08/Jun/2020:15:02:29 -0700] "GET /img/luminous/luminousOcto.png HTTP/1.1" 200 1186596 "https://www.rndsquared.com/" "Mozilla/5.0 (X11; Linux x86_64) AppleWebKit/538.1 (KHTML, like Gecko) NG/6.5.24024 Safari/538.1"
178.255.215.98 - - [08/Jun/2020:15:02:30 -0700] "GET /img/bs4w/thumbs/8.jpg HTTP/1.1" 200 22657 "https://www.rndsquared.com/" "Mozilla/5.0 (X11; Linux x86_64) AppleWebKit/538.1 (KHTML, like Gecko) NG/6.5.24024 Safari/538.1"
178.255.215.98 - - [08/Jun/2020:15:02:30 -0700] "GET /img/sfnoir/thumbs/1.jpg HTTP/1.1" 200 25215 "https://www.rndsquared.com/" "Mozilla/5.0 (X11; Linux x86_64) AppleWebKit/538.1 (KHTML, like Gecko) NG/6.5.24024 Safari/538.1"
178.255.215.98 - - [08/Jun/2020:15:02:30 -0700] "GET /img/sfnoir/thumbs/3.jpg HTTP/1.1" 200 22380 "https://www.rndsquared.com/" "Mozilla/5.0 (X11; Linux x86_64) AppleWebKit/538.1 (KHTML, like Gecko) NG/6.5.24024 Safari/538.1"
178.255.215.98 - - [08/Jun/2020:15:02:30 -0700] "GET /img/sfnoir/thumbs/5.jpg HTTP/1.1" 200 18532 "https://www.rndsquared.com/" "Mozilla/5.0 (X11; Linux x86_64) AppleWebKit/538.1 (KHTML, like Gecko) NG/6.5.24024 Safari/538.1"
178.255.215.98 - - [08/Jun/2020:15:02:30 -0700] "GET /img/sfnoir/thumbs/6.jpg HTTP/1.1" 200 31401 "https://www.rndsquared.com/" "Mozilla/5.0 (X11; Linux x86_64) AppleWebKit/538.1 (KHTML, like Gecko) NG/6.5.24024 Safari/538.1"
178.255.215.98 - - [08/Jun/2020:15:02:29 -0700] "GET /img/luminous/luminousHome.png HTTP/1.1" 200 3449282 "https://www.rndsquared.com/" "Mozilla/5.0 (X11; Linux x86_64) AppleWebKit/538.1 (KHTML, like Gecko) NG/6.5.24024 Safari/538.1"
178.255.215.98 - - [08/Jun/2020:15:02:30 -0700] "GET /img/sfnoir/thumbs/7.jpg HTTP/1.1" 200 33692 "https://www.rndsquared.com/" "Mozilla/5.0 (X11; Linux x86_64) AppleWebKit/538.1 (KHTML, like Gecko) NG/6.5.24024 Safari/538.1"
178.255.215.98 - - [08/Jun/2020:15:02:29 -0700] "GET /img/luminous/luminousMulti.png HTTP/1.1" 200 1292693 "https://www.rndsquared.com/" "Mozilla/5.0 (X11; Linux x86_64) AppleWebKit/538.1 (KHTML, like Gecko) NG/6.5.24024 Safari/538.1"
178.255.215.98 - - [08/Jun/2020:15:02:30 -0700] "GET /img/sfnoir/thumbs/8.jpg HTTP/1.1" 200 32404 "https://www.rndsquared.com/" "Mozilla/5.0 (X11; Linux x86_64) AppleWebKit/538.1 (KHTML, like Gecko) NG/6.5.24024 Safari/538.1"
178.255.215.98 - - [08/Jun/2020:15:02:30 -0700] "GET /img/sfnoir/thumbs/9.jpg HTTP/1.1" 200 20844 "https://www.rndsquared.com/" "Mozilla/5.0 (X11; Linux x86_64) AppleWebKit/538.1 (KHTML, like Gecko) NG/6.5.24024 Safari/538.1"
178.255.215.98 - - [08/Jun/2020:15:02:30 -0700] "GET /img/njn/thumbs/2.jpg HTTP/1.1" 200 26672 "https://www.rndsquared.com/" "Mozilla/5.0 (X11; Linux x86_64) AppleWebKit/538.1 (KHTML, like Gecko) NG/6.5.24024 Safari/538.1"
178.255.215.98 - - [08/Jun/2020:15:02:30 -0700] "GET /img/njn/thumbs/3.jpg HTTP/1.1" 200 33267 "https://www.rndsquared.com/" "Mozilla/5.0 (X11; Linux x86_64) AppleWebKit/538.1 (KHTML, like Gecko) NG/6.5.24024 Safari/538.1"
178.255.215.98 - - [08/Jun/2020:15:02:30 -0700] "GET /img/njn/thumbs/4.jpg HTTP/1.1" 200 32206 "https://www.rndsquared.com/" "Mozilla/5.0 (X11; Linux x86_64) AppleWebKit/538.1 (KHTML, like Gecko) NG/6.5.24024 Safari/538.1"
178.255.215.98 - - [08/Jun/2020:15:02:30 -0700] "GET /img/njn/thumbs/5.jpg HTTP/1.1" 200 27963 "https://www.rndsquared.com/" "Mozilla/5.0 (X11; Linux x86_64) AppleWebKit/538.1 (KHTML, like Gecko) NG/6.5.24024 Safari/538.1"
178.255.215.98 - - [08/Jun/2020:15:02:30 -0700] "GET /img/njn/thumbs/6.jpg HTTP/1.1" 200 32048 "https://www.rndsquared.com/" "Mozilla/5.0 (X11; Linux x86_64) AppleWebKit/538.1 (KHTML, like Gecko) NG/6.5.24024 Safari/538.1"
178.255.215.98 - - [08/Jun/2020:15:02:30 -0700] "GET /img/njn/thumbs/7.jpg HTTP/1.1" 200 28520 "https://www.rndsquared.com/" "Mozilla/5.0 (X11; Linux x86_64) AppleWebKit/538.1 (KHTML, like Gecko) NG/6.5.24024 Safari/538.1"
178.255.215.98 - - [08/Jun/2020:15:02:30 -0700] "GET /img/njn/thumbs/8.jpg HTTP/1.1" 200 28396 "https://www.rndsquared.com/" "Mozilla/5.0 (X11; Linux x86_64) AppleWebKit/538.1 (KHTML, like Gecko) NG/6.5.24024 Safari/538.1"
178.255.215.98 - - [08/Jun/2020:15:02:30 -0700] "GET /img/autumn/thumbs/2.jpg HTTP/1.1" 200 45196 "https://www.rndsquared.com/" "Mozilla/5.0 (X11; Linux x86_64) AppleWebKit/538.1 (KHTML, like Gecko) NG/6.5.24024 Safari/538.1"
178.255.215.98 - - [08/Jun/2020:15:02:30 -0700] "GET /img/autumn/thumbs/3.jpg HTTP/1.1" 200 40589 "https://www.rndsquared.com/" "Mozilla/5.0 (X11; Linux x86_64) AppleWebKit/538.1 (KHTML, like Gecko) NG/6.5.24024 Safari/538.1"
178.255.215.98 - - [08/Jun/2020:15:02:30 -0700] "GET /img/autumn/thumbs/4.jpg HTTP/1.1" 200 20880 "https://www.rndsquared.com/" "Mozilla/5.0 (X11; Linux x86_64) AppleWebKit/538.1 (KHTML, like Gecko) NG/6.5.24024 Safari/538.1"
178.255.215.98 - - [08/Jun/2020:15:02:30 -0700] "GET /img/autumn/thumbs/5.jpg HTTP/1.1" 200 29246 "https://www.rndsquared.com/" "Mozilla/5.0 (X11; Linux x86_64) AppleWebKit/538.1 (KHTML, like Gecko) NG/6.5.24024 Safari/538.1"
178.255.215.98 - - [08/Jun/2020:15:02:30 -0700] "GET /img/autumn/thumbs/6.jpg HTTP/1.1" 200 30923 "https://www.rndsquared.com/" "Mozilla/5.0 (X11; Linux x86_64) AppleWebKit/538.1 (KHTML, like Gecko) NG/6.5.24024 Safari/538.1"
