220.181.51.84 - - [16/Mar/2017:07:35:29 -0700] "GET /robots.txt HTTP/1.1" 404 208 "-" "Mozilla/5.0 (Windows NT 10.0; WOW64) AppleWebKit/537.36 (KHTML, like Gecko) Chrome/45.0.2454.93 Safari/537.36"
220.181.108.113 - - [16/Mar/2017:07:36:41 -0700] "GET / HTTP/1.1" 200 72657 "-" "Mozilla/5.0 (compatible; Baiduspider/2.0; +http://www.baidu.com/search/spider.html)"
209.95.164.24 - - [16/Mar/2017:08:33:26 -0700] "GET / HTTP/1.1" 200 72657 "-" "=Mozilla/5.0 (Windows; U; Windows NT 6.1; en-US) AppleWebKit/534.16 (KHTML, like Gecko) Chrome/10.0.648.204 Safari/534.16"
46.229.164.99 - - [16/Mar/2017:10:23:16 -0700] "GET /robots.txt HTTP/1.1" 404 208 "-" "Mozilla/5.0 (compatible; SemrushBot/1.2~bl; +http://www.semrush.com/bot.html)"
138.197.3.35 - - [16/Mar/2017:11:19:47 -0700] "GET / HTTP/1.1" 200 15892 "-" "Mozilla/5.0 (Macintosh; Intel Mac OS X 10_9_2) AppleWebKit/537.36 (KHTML, like Gecko) Chrome/34.0.1847.131 Safari/537.36"
138.197.3.35 - - [16/Mar/2017:11:19:48 -0700] "GET /js/modernizr.js HTTP/1.1" 200 5933 "https://www.rndsquared.com/" "Mozilla/5.0 (Macintosh; Intel Mac OS X 10_9_2) AppleWebKit/537.36 (KHTML, like Gecko) Chrome/34.0.1847.131 Safari/537.36"
138.197.3.35 - - [16/Mar/2017:11:19:48 -0700] "GET /js/lightbox.js HTTP/1.1" 200 4210 "https://www.rndsquared.com/" "Mozilla/5.0 (Macintosh; Intel Mac OS X 10_9_2) AppleWebKit/537.36 (KHTML, like Gecko) Chrome/34.0.1847.131 Safari/537.36"
138.197.3.35 - - [16/Mar/2017:11:19:48 -0700] "GET /js/scripts.js HTTP/1.1" 200 1227 "https://www.rndsquared.com/" "Mozilla/5.0 (Macintosh; Intel Mac OS X 10_9_2) AppleWebKit/537.36 (KHTML, like Gecko) Chrome/34.0.1847.131 Safari/537.36"
138.197.3.35 - - [16/Mar/2017:11:19:59 -0700] "GET / HTTP/1.1" 301 235 "-" "-"
5.189.187.93 - - [16/Mar/2017:12:23:20 -0700] "GET / HTTP/1.0" 200 72657 "-" "Mozilla/5.0 (Windows NT 6.1) AppleWebKit/537.36 (KHTML, like Gecko) Chrome/41.0.2228.0 Safari/537.36"
5.196.87.42 - - [16/Mar/2017:16:37:32 -0700] "GET /robots.txt HTTP/1.1" 404 208 "-" "Mozilla/5.0 (compatible; AhrefsBot/5.2; +http://ahrefs.com/robot/)"
77.75.76.165 - - [17/Mar/2017:03:20:15 -0700] "GET /robots.txt HTTP/1.1" 404 208 "-" "Mozilla/5.0 (compatible; SeznamBot/3.2; +http://napoveda.seznam.cz/en/seznambot-intro/)"
77.75.76.165 - - [17/Mar/2017:03:20:18 -0700] "GET /img/njn/thumbs/1.jpg HTTP/1.1" 304 - "-" "Mozilla/5.0 (compatible; SeznamBot/3.2; +http://napoveda.seznam.cz/en/seznambot-intro/)"
178.62.114.245 - - [17/Mar/2017:03:56:50 -0700] "GET /robots.txt HTTP/1.1" 404 208 "-" "Mozilla/5.0 (compatible; MJ12bot/v1.2.4; http://www.majestic12.co.uk/bot.php?+)"
77.75.76.167 - - [17/Mar/2017:04:13:27 -0700] "GET /robots.txt HTTP/1.1" 404 208 "-" "Mozilla/5.0 (compatible; SeznamBot/3.2; +http://napoveda.seznam.cz/en/seznambot-intro/)"
77.75.76.167 - - [17/Mar/2017:04:13:29 -0700] "GET /img/mixman/10.jpg HTTP/1.1" 304 - "-" "Mozilla/5.0 (compatible; SeznamBot/3.2; +http://napoveda.seznam.cz/en/seznambot-intro/)"
141.8.143.215 - - [17/Mar/2017:07:07:31 -0700] "GET /robots.txt HTTP/1.1" 404 208 "-" "Mozilla/5.0 (compatible; YandexBot/3.0; +http://yandex.com/bots)"
141.8.143.215 - - [17/Mar/2017:07:07:35 -0700] "GET /favicon.ico HTTP/1.1" 404 209 "-" "Mozilla/5.0 (compatible; YandexBot/3.0; +http://yandex.com/bots)"
77.75.79.36 - - [17/Mar/2017:07:27:18 -0700] "GET /robots.txt HTTP/1.1" 404 208 "-" "Mozilla/5.0 (compatible; SeznamBot/3.2; +http://napoveda.seznam.cz/en/seznambot-intro/)"
77.75.79.36 - - [17/Mar/2017:07:27:21 -0700] "GET /img/oncekids-fujimini/thumbs/6.jpg HTTP/1.1" 304 - "-" "Mozilla/5.0 (compatible; SeznamBot/3.2; +http://napoveda.seznam.cz/en/seznambot-intro/)"
138.197.96.241 - - [17/Mar/2017:08:12:07 -0700] "GET / HTTP/1.1" 200 15892 "-" "Mozilla/5.0 (compatible; MSIE 9.0; Windows NT 6.1; WOW64; Trident/5.0)"
138.197.96.241 - - [17/Mar/2017:08:12:07 -0700] "GET /js/modernizr.js HTTP/1.1" 200 5933 "https://www.rndsquared.com/" "Mozilla/5.0 (compatible; MSIE 9.0; Windows NT 6.1; WOW64; Trident/5.0)"
138.197.96.241 - - [17/Mar/2017:08:12:08 -0700] "GET /js/scripts.js HTTP/1.1" 200 1227 "https://www.rndsquared.com/" "Mozilla/5.0 (compatible; MSIE 9.0; Windows NT 6.1; WOW64; Trident/5.0)"
138.197.96.241 - - [17/Mar/2017:08:12:08 -0700] "GET /js/lightbox.js HTTP/1.1" 200 4210 "https://www.rndsquared.com/" "Mozilla/5.0 (compatible; MSIE 9.0; Windows NT 6.1; WOW64; Trident/5.0)"
207.46.13.213 - - [17/Mar/2017:09:09:37 -0700] "GET /robots.txt HTTP/1.1" 404 208 "-" "Mozilla/5.0 (compatible; bingbot/2.0; +http://www.bing.com/bingbot.htm)"
46.229.164.99 - - [17/Mar/2017:09:20:18 -0700] "GET /robots.txt HTTP/1.1" 404 208 "-" "Mozilla/5.0 (compatible; SemrushBot/1.2~bl; +http://www.semrush.com/bot.html)"
77.75.76.164 - - [17/Mar/2017:09:57:54 -0700] "GET /robots.txt HTTP/1.1" 404 208 "-" "Mozilla/5.0 (compatible; SeznamBot/3.2; +http://napoveda.seznam.cz/en/seznambot-intro/)"
77.75.76.164 - - [17/Mar/2017:09:58:00 -0700] "GET /img/mixman/19.jpg HTTP/1.1" 304 - "-" "Mozilla/5.0 (compatible; SeznamBot/3.2; +http://napoveda.seznam.cz/en/seznambot-intro/)"
77.75.78.167 - - [17/Mar/2017:11:10:29 -0700] "GET /robots.txt HTTP/1.1" 404 208 "-" "Mozilla/5.0 (compatible; SeznamBot/3.2; +http://napoveda.seznam.cz/en/seznambot-intro/)"
77.75.78.167 - - [17/Mar/2017:11:10:31 -0700] "GET /img/autumn/thumbs/3.jpg HTTP/1.1" 304 - "-" "Mozilla/5.0 (compatible; SeznamBot/3.2; +http://napoveda.seznam.cz/en/seznambot-intro/)"
138.197.7.44 - - [17/Mar/2017:11:39:20 -0700] "GET / HTTP/1.1" 200 15892 "-" "Mozilla/5.0 (Windows NT 6.3; WOW64) AppleWebKit/537.36 (KHTML, like Gecko) Chrome/34.0.1847.131 Safari/537.36"
138.197.7.44 - - [17/Mar/2017:11:39:21 -0700] "GET /js/modernizr.js HTTP/1.1" 200 5933 "https://www.rndsquared.com/" "Mozilla/5.0 (Windows NT 6.3; WOW64) AppleWebKit/537.36 (KHTML, like Gecko) Chrome/34.0.1847.131 Safari/537.36"
138.197.7.44 - - [17/Mar/2017:11:39:21 -0700] "GET /js/scripts.js HTTP/1.1" 200 1227 "https://www.rndsquared.com/" "Mozilla/5.0 (Windows NT 6.3; WOW64) AppleWebKit/537.36 (KHTML, like Gecko) Chrome/34.0.1847.131 Safari/537.36"
138.197.7.44 - - [17/Mar/2017:11:39:21 -0700] "GET /js/lightbox.js HTTP/1.1" 200 4210 "https://www.rndsquared.com/" "Mozilla/5.0 (Windows NT 6.3; WOW64) AppleWebKit/537.36 (KHTML, like Gecko) Chrome/34.0.1847.131 Safari/537.36"
77.75.77.72 - - [17/Mar/2017:11:57:41 -0700] "GET /robots.txt HTTP/1.1" 404 208 "-" "Mozilla/5.0 (compatible; SeznamBot/3.2; +http://napoveda.seznam.cz/en/seznambot-intro/)"
77.75.77.72 - - [17/Mar/2017:11:57:44 -0700] "GET /img/wu-wei/thumbs/4.jpg HTTP/1.1" 304 - "-" "Mozilla/5.0 (compatible; SeznamBot/3.2; +http://napoveda.seznam.cz/en/seznambot-intro/)"
77.75.78.168 - - [17/Mar/2017:15:07:05 -0700] "GET /robots.txt HTTP/1.1" 404 208 "-" "Mozilla/5.0 (compatible; SeznamBot/3.2; +http://napoveda.seznam.cz/en/seznambot-intro/)"
77.75.78.168 - - [17/Mar/2017:15:07:08 -0700] "GET /img/oncekids-fujimini/6.jpg HTTP/1.1" 304 - "-" "Mozilla/5.0 (compatible; SeznamBot/3.2; +http://napoveda.seznam.cz/en/seznambot-intro/)"
77.75.76.160 - - [17/Mar/2017:15:59:29 -0700] "GET /robots.txt HTTP/1.1" 404 208 "-" "Mozilla/5.0 (compatible; SeznamBot/3.2; +http://napoveda.seznam.cz/en/seznambot-intro/)"
77.75.76.160 - - [17/Mar/2017:15:59:40 -0700] "GET /img/wu-wei/thumbs/8.jpg HTTP/1.1" 304 - "-" "Mozilla/5.0 (compatible; SeznamBot/3.2; +http://napoveda.seznam.cz/en/seznambot-intro/)"
77.75.78.169 - - [17/Mar/2017:17:02:21 -0700] "GET /robots.txt HTTP/1.1" 404 208 "-" "Mozilla/5.0 (compatible; SeznamBot/3.2; +http://napoveda.seznam.cz/en/seznambot-intro/)"
77.75.78.169 - - [17/Mar/2017:17:02:24 -0700] "GET /img/njn/thumbs/5.jpg HTTP/1.1" 304 - "-" "Mozilla/5.0 (compatible; SeznamBot/3.2; +http://napoveda.seznam.cz/en/seznambot-intro/)"
77.75.79.36 - - [17/Mar/2017:19:22:51 -0700] "GET /robots.txt HTTP/1.1" 404 208 "-" "Mozilla/5.0 (compatible; SeznamBot/3.2; +http://napoveda.seznam.cz/en/seznambot-intro/)"
77.75.79.36 - - [17/Mar/2017:19:22:54 -0700] "GET /img/oncekids-fujimini/thumbs/4.jpg HTTP/1.1" 304 - "-" "Mozilla/5.0 (compatible; SeznamBot/3.2; +http://napoveda.seznam.cz/en/seznambot-intro/)"
66.249.79.188 - - [17/Mar/2017:19:59:46 -0700] "GET /robots.txt HTTP/1.1" 404 208 "-" "Mozilla/5.0 (compatible; Googlebot/2.1; +http://www.google.com/bot.html)"
66.249.79.191 - - [17/Mar/2017:19:59:46 -0700] "GET /img/oncekids-fujimini/thumbs/8.jpg HTTP/1.1" 304 - "-" "Googlebot-Image/1.0"
66.249.79.188 - - [17/Mar/2017:19:59:56 -0700] "GET /img/wu-wei/thumbs/3.jpg HTTP/1.1" 304 - "-" "Googlebot-Image/1.0"
66.249.79.191 - - [17/Mar/2017:20:00:24 -0700] "GET /img/bs4w/thumbs/4.jpg HTTP/1.1" 304 - "-" "Googlebot-Image/1.0"
66.249.79.191 - - [17/Mar/2017:20:00:25 -0700] "GET /img/urban-cowgirl/4.jpg HTTP/1.1" 304 - "-" "Googlebot-Image/1.0"
66.249.79.188 - - [17/Mar/2017:20:09:28 -0700] "GET /img/oncekids-fujimini/6.jpg HTTP/1.1" 200 118631 "-" "Googlebot-Image/1.0"
77.75.76.165 - - [17/Mar/2017:21:39:55 -0700] "GET /robots.txt HTTP/1.1" 404 208 "-" "Mozilla/5.0 (compatible; SeznamBot/3.2; +http://napoveda.seznam.cz/en/seznambot-intro/)"
77.75.76.165 - - [17/Mar/2017:21:39:57 -0700] "GET /img/njn/thumbs/8.jpg HTTP/1.1" 304 - "-" "Mozilla/5.0 (compatible; SeznamBot/3.2; +http://napoveda.seznam.cz/en/seznambot-intro/)"
66.249.79.131 - - [17/Mar/2017:22:09:54 -0700] "GET /img/mixman/2.jpg HTTP/1.1" 304 - "-" "Googlebot-Image/1.0"
66.249.79.131 - - [17/Mar/2017:22:39:43 -0700] "GET / HTTP/1.1" 200 15892 "-" "Mozilla/5.0 (compatible; Googlebot/2.1; +http://www.google.com/bot.html)"
66.249.79.131 - - [18/Mar/2017:00:15:46 -0700] "GET /img/oncekids-fujimini/3.jpg HTTP/1.1" 304 - "-" "Googlebot-Image/1.0"
77.75.77.32 - - [18/Mar/2017:00:38:47 -0700] "GET /robots.txt HTTP/1.1" 404 208 "-" "Mozilla/5.0 (compatible; SeznamBot/3.2; +http://napoveda.seznam.cz/en/seznambot-intro/)"
77.75.77.32 - - [18/Mar/2017:00:38:58 -0700] "GET /img/urban-cowgirl/2.jpg HTTP/1.1" 304 - "-" "Mozilla/5.0 (compatible; SeznamBot/3.2; +http://napoveda.seznam.cz/en/seznambot-intro/)"
77.75.78.170 - - [18/Mar/2017:01:29:12 -0700] "GET /robots.txt HTTP/1.1" 404 208 "-" "Mozilla/5.0 (compatible; SeznamBot/3.2; +http://napoveda.seznam.cz/en/seznambot-intro/)"
77.75.78.170 - - [18/Mar/2017:01:29:21 -0700] "GET /img/bs4w/thumbs/4.jpg HTTP/1.1" 304 - "-" "Mozilla/5.0 (compatible; SeznamBot/3.2; +http://napoveda.seznam.cz/en/seznambot-intro/)"
141.8.143.215 - - [18/Mar/2017:02:10:35 -0700] "GET /robots.txt HTTP/1.1" 404 208 "-" "Mozilla/5.0 (compatible; YandexBot/3.0; +http://yandex.com/bots)"
141.8.143.215 - - [18/Mar/2017:02:10:39 -0700] "GET / HTTP/1.1" 200 15892 "-" "Mozilla/5.0 (compatible; YandexBot/3.0; +http://yandex.com/bots)"
66.249.79.191 - - [18/Mar/2017:02:20:48 -0700] "GET /img/sfnoir/9.jpg HTTP/1.1" 200 64784 "-" "Googlebot-Image/1.0"
77.75.77.32 - - [18/Mar/2017:02:31:01 -0700] "GET /robots.txt HTTP/1.1" 404 208 "-" "Mozilla/5.0 (compatible; SeznamBot/3.2; +http://napoveda.seznam.cz/en/seznambot-intro/)"
77.75.77.32 - - [18/Mar/2017:02:31:03 -0700] "GET /img/sfnoir/thumbs/8.jpg HTTP/1.1" 304 - "-" "Mozilla/5.0 (compatible; SeznamBot/3.2; +http://napoveda.seznam.cz/en/seznambot-intro/)"
66.249.79.191 - - [18/Mar/2017:03:50:34 -0700] "GET /img/njn/thumbs/2.jpg HTTP/1.1" 304 - "-" "Googlebot-Image/1.0"
66.249.79.191 - - [18/Mar/2017:03:50:40 -0700] "GET /img/njn/thumbs/4.jpg HTTP/1.1" 304 - "-" "Googlebot-Image/1.0"
66.249.79.188 - - [18/Mar/2017:03:51:04 -0700] "GET /img/bs4w/thumbs/3.jpg HTTP/1.1" 304 - "-" "Googlebot-Image/1.0"
66.249.79.191 - - [18/Mar/2017:03:51:06 -0700] "GET /img/mixman/16.jpg HTTP/1.1" 304 - "-" "Googlebot-Image/1.0"
66.249.79.191 - - [18/Mar/2017:03:59:46 -0700] "GET /img/mixman/thumbs/4.jpg HTTP/1.1" 304 - "-" "Googlebot-Image/1.0"
66.249.79.188 - - [18/Mar/2017:05:37:08 -0700] "GET /img/urban-cowgirl/1.jpg HTTP/1.1" 304 - "-" "Googlebot-Image/1.0"
66.249.79.188 - - [18/Mar/2017:07:16:23 -0700] "GET /img/bs4w/thumbs/2.jpg HTTP/1.1" 304 - "-" "Googlebot-Image/1.0"
180.76.15.23 - - [18/Mar/2017:07:35:54 -0700] "GET / HTTP/1.1" 403 202 "-" "Mozilla/5.0 (compatible; Baiduspider/2.0; +http://www.baidu.com/search/spider.html)"
138.197.64.77 - - [18/Mar/2017:07:55:58 -0700] "GET / HTTP/1.1" 200 15892 "-" "Mozilla/5.0 (compatible; MSIE 9.0; Windows NT 6.1; WOW64; Trident/5.0)"
138.197.64.77 - - [18/Mar/2017:07:55:59 -0700] "GET /js/modernizr.js HTTP/1.1" 200 5933 "https://www.rndsquared.com/" "Mozilla/5.0 (compatible; MSIE 9.0; Windows NT 6.1; WOW64; Trident/5.0)"
138.197.64.77 - - [18/Mar/2017:07:55:59 -0700] "GET /js/lightbox.js HTTP/1.1" 200 4210 "https://www.rndsquared.com/" "Mozilla/5.0 (compatible; MSIE 9.0; Windows NT 6.1; WOW64; Trident/5.0)"
138.197.64.77 - - [18/Mar/2017:07:55:59 -0700] "GET /js/scripts.js HTTP/1.1" 200 1227 "https://www.rndsquared.com/" "Mozilla/5.0 (compatible; MSIE 9.0; Windows NT 6.1; WOW64; Trident/5.0)"
202.46.51.177 - - [18/Mar/2017:08:09:14 -0700] "GET / HTTP/1.1" 403 202 "-" "Mozilla/5.0 (Windows NT 10.0; WOW64) AppleWebKit/537.36 (KHTML, like Gecko) Chrome/45.0.2454.93 Safari/537.36"
46.229.164.99 - - [18/Mar/2017:08:42:03 -0700] "GET /robots.txt HTTP/1.1" 404 208 "-" "Mozilla/5.0 (compatible; SemrushBot/1.2~bl; +http://www.semrush.com/bot.html)"
66.249.79.191 - - [18/Mar/2017:08:55:24 -0700] "GET /robots.txt HTTP/1.1" 404 208 "-" "Mozilla/5.0 (compatible; Googlebot/2.1; +http://www.google.com/bot.html)"
66.249.79.191 - - [18/Mar/2017:08:55:24 -0700] "GET /img/autumn/thumbs/3.jpg HTTP/1.1" 304 - "-" "Googlebot-Image/1.0"
66.249.79.131 - - [18/Mar/2017:10:35:24 -0700] "GET /img/mixman/18.jpg HTTP/1.1" 304 - "-" "Googlebot-Image/1.0"
157.55.39.68 - - [18/Mar/2017:10:55:31 -0700] "GET /robots.txt HTTP/1.1" 404 208 "-" "Mozilla/5.0 (compatible; bingbot/2.0; +http://www.bing.com/bingbot.htm)"
141.8.143.215 - - [18/Mar/2017:15:17:28 -0700] "GET /robots.txt HTTP/1.1" 404 208 "-" "Mozilla/5.0 (compatible; YandexBot/3.0; +http://yandex.com/bots)"
141.8.143.215 - - [18/Mar/2017:15:17:32 -0700] "GET / HTTP/1.1" 200 15892 "-" "Mozilla/5.0 (compatible; YandexBot/3.0; +http://yandex.com/bots)"
46.229.164.98 - - [18/Mar/2017:15:18:39 -0700] "GET /robots.txt HTTP/1.1" 404 208 "-" "Mozilla/5.0 (compatible; SemrushBot/1.2~bl; +http://www.semrush.com/bot.html)"
5.196.87.42 - - [18/Mar/2017:17:45:47 -0700] "GET /robots.txt HTTP/1.1" 404 208 "-" "Mozilla/5.0 (compatible; AhrefsBot/5.2; +http://ahrefs.com/robot/)"
66.249.79.188 - - [18/Mar/2017:19:32:40 -0700] "GET /img/mixman/2.jpg HTTP/1.1" 304 - "-" "Googlebot-Image/1.0"
185.26.92.76 - - [18/Mar/2017:22:43:28 -0700] "GET /robots.txt HTTP/1.1" 404 208 "-" "GarlikCrawler/1.2 (http://garlik.com/, crawler@garlik.com)"
185.26.92.76 - - [18/Mar/2017:22:43:29 -0700] "GET / HTTP/1.1" 200 15892 "-" "GarlikCrawler/1.2 (http://garlik.com/, crawler@garlik.com)"
66.249.79.191 - - [18/Mar/2017:23:42:40 -0700] "GET /robots.txt HTTP/1.1" 404 208 "-" "Mozilla/5.0 (compatible; Googlebot/2.1; +http://www.google.com/bot.html)"
66.249.79.191 - - [18/Mar/2017:23:42:40 -0700] "GET /img/oncekids-fujimini/3.jpg HTTP/1.1" 304 - "-" "Googlebot-Image/1.0"
66.249.79.131 - - [19/Mar/2017:03:24:40 -0700] "GET /img/autumn/thumbs/2.jpg HTTP/1.1" 304 - "-" "Googlebot-Image/1.0"
66.249.79.131 - - [19/Mar/2017:03:25:19 -0700] "GET /img/bs4w/thumbs/7.jpg HTTP/1.1" 304 - "-" "Googlebot-Image/1.0"
66.249.79.188 - - [19/Mar/2017:03:25:53 -0700] "GET /img/njn/thumbs/1.jpg HTTP/1.1" 304 - "-" "Googlebot-Image/1.0"
138.197.111.116 - - [19/Mar/2017:04:50:31 -0700] "GET / HTTP/1.1" 200 15892 "-" "Mozilla/5.0 (Windows NT 6.1; rv:28.0) Gecko/20100101 Firefox/28.0"
138.197.111.116 - - [19/Mar/2017:04:50:31 -0700] "GET /js/modernizr.js HTTP/1.1" 200 5933 "https://www.rndsquared.com/" "Mozilla/5.0 (Windows NT 6.1; rv:28.0) Gecko/20100101 Firefox/28.0"
138.197.111.116 - - [19/Mar/2017:04:50:31 -0700] "GET /js/lightbox.js HTTP/1.1" 200 4210 "https://www.rndsquared.com/" "Mozilla/5.0 (Windows NT 6.1; rv:28.0) Gecko/20100101 Firefox/28.0"
138.197.111.116 - - [19/Mar/2017:04:50:31 -0700] "GET /js/scripts.js HTTP/1.1" 200 1227 "https://www.rndsquared.com/" "Mozilla/5.0 (Windows NT 6.1; rv:28.0) Gecko/20100101 Firefox/28.0"
64.120.30.146 - - [19/Mar/2017:07:03:28 -0700] "GET /robots.txt HTTP/1.1" 404 208 "" "Mozilla/5.0 (compatible; Uptimebot/1.0; +http://www.uptime.com/uptimebot)"
64.120.30.141 - - [19/Mar/2017:07:03:29 -0700] "HEAD / HTTP/1.1" 200 - "http://uptime.com/www.rndsquared.com" "Mozilla/5.0 (compatible; Uptimebot/1.0; +http://www.uptime.com/uptimebot)"
138.197.7.44 - - [19/Mar/2017:07:51:16 -0700] "GET / HTTP/1.1" 200 15892 "-" "Mozilla/5.0 (Windows NT 6.1; WOW64; rv:21.0) Gecko/20100101 Firefox/21.0"
138.197.7.44 - - [19/Mar/2017:07:51:21 -0700] "GET /js/modernizr.js HTTP/1.1" 200 5933 "https://www.rndsquared.com/" "Mozilla/5.0 (Windows NT 6.1; WOW64; rv:21.0) Gecko/20100101 Firefox/21.0"
138.197.7.44 - - [19/Mar/2017:07:51:22 -0700] "GET /js/scripts.js HTTP/1.1" 200 1227 "https://www.rndsquared.com/" "Mozilla/5.0 (Windows NT 6.1; WOW64; rv:21.0) Gecko/20100101 Firefox/21.0"
138.197.7.44 - - [19/Mar/2017:07:51:22 -0700] "GET /js/lightbox.js HTTP/1.1" 200 4210 "https://www.rndsquared.com/" "Mozilla/5.0 (Windows NT 6.1; WOW64; rv:21.0) Gecko/20100101 Firefox/21.0"
45.79.66.231 - - [19/Mar/2017:21:50:35 -0700] "HEAD / HTTP/1.1" 200 - "http://uptime.com/www.rndsquared.com" "Mozilla/5.0 (compatible; Uptimebot/1.0; +http://www.uptime.com/uptimebot)"
46.229.164.98 - - [20/Mar/2017:00:53:46 -0700] "GET /robots.txt HTTP/1.1" 404 208 "-" "Mozilla/5.0 (compatible; SemrushBot/1.2~bl; +http://www.semrush.com/bot.html)"
207.46.13.44 - - [20/Mar/2017:02:15:47 -0700] "GET /robots.txt HTTP/1.1" 404 208 "-" "Mozilla/5.0 (compatible; bingbot/2.0; +http://www.bing.com/bingbot.htm)"
5.255.250.47 - - [20/Mar/2017:04:00:30 -0700] "GET /robots.txt HTTP/1.1" 404 208 "-" "Mozilla/5.0 (compatible; YandexBot/3.0; +http://yandex.com/bots)"
141.8.143.215 - - [20/Mar/2017:04:00:32 -0700] "GET / HTTP/1.1" 200 15892 "-" "Mozilla/5.0 (compatible; YandexBot/3.0; +http://yandex.com/bots)"
138.197.7.56 - - [20/Mar/2017:04:24:15 -0700] "GET / HTTP/1.1" 200 15892 "-" "Mozilla/5.0 (Macintosh; Intel Mac OS X 10.9; rv:29.0) Gecko/20100101 Firefox/29.0"
138.197.7.56 - - [20/Mar/2017:04:24:19 -0700] "GET /js/modernizr.js HTTP/1.1" 200 5933 "https://www.rndsquared.com/" "Mozilla/5.0 (Macintosh; Intel Mac OS X 10.9; rv:29.0) Gecko/20100101 Firefox/29.0"
138.197.7.56 - - [20/Mar/2017:04:24:20 -0700] "GET /js/scripts.js HTTP/1.1" 200 1227 "https://www.rndsquared.com/" "Mozilla/5.0 (Macintosh; Intel Mac OS X 10.9; rv:29.0) Gecko/20100101 Firefox/29.0"
138.197.7.56 - - [20/Mar/2017:04:24:20 -0700] "GET /js/lightbox.js HTTP/1.1" 200 4210 "https://www.rndsquared.com/" "Mozilla/5.0 (Macintosh; Intel Mac OS X 10.9; rv:29.0) Gecko/20100101 Firefox/29.0"
144.217.80.113 - - [20/Mar/2017:04:48:57 -0700] "GET / HTTP/1.1" 200 15892 "-" "Mozilla/5.0 (Windows NT 10.0; WOW64) AppleWebKit/537.36 (KHTML, like Gecko) Chrome/52.0.2743.116 Safari/537.36"
100.43.81.146 - - [20/Mar/2017:12:55:15 -0700] "GET / HTTP/1.1" 200 15892 "-" "Mozilla/5.0 (compatible; YandexBot/3.0; +http://yandex.com/bots)"
83.149.126.98 - - [20/Mar/2017:16:36:29 -0700] "GET /robots.txt HTTP/1.1" 404 208 "-" "Mozilla/5.0 (compatible; MJ12bot/v1.4.8; http://mj12bot.com/)"
83.149.126.98 - - [20/Mar/2017:16:36:32 -0700] "GET / HTTP/1.1" 200 72657 "-" "Mozilla/5.0 (compatible; MJ12bot/v1.4.8; http://mj12bot.com/)"
220.181.51.119 - - [20/Mar/2017:20:08:29 -0700] "GET /robots.txt HTTP/1.1" 404 208 "-" "Mozilla/5.0 (Windows NT 10.0; WOW64) AppleWebKit/537.36 (KHTML, like Gecko) Chrome/45.0.2454.93 Safari/537.36"
220.181.108.77 - - [20/Mar/2017:20:11:25 -0700] "GET / HTTP/1.1" 200 72657 "-" "Mozilla/5.0 (compatible; Baiduspider/2.0; +http://www.baidu.com/search/spider.html)"
66.249.79.188 - - [20/Mar/2017:22:16:02 -0700] "GET /robots.txt HTTP/1.1" 404 208 "-" "Mozilla/5.0 (compatible; Googlebot/2.1; +http://www.google.com/bot.html)"
66.249.79.188 - - [20/Mar/2017:22:16:03 -0700] "GET / HTTP/1.1" 200 15892 "-" "Mozilla/5.0 (compatible; Googlebot/2.1; +http://www.google.com/bot.html)"
66.249.79.188 - - [20/Mar/2017:22:16:06 -0700] "GET /css/styles.css HTTP/1.1" 200 1975 "https://www.rndsquared.com/" "Mozilla/5.0 (compatible; Googlebot/2.1; +http://www.google.com/bot.html)"
66.249.79.191 - - [20/Mar/2017:22:16:06 -0700] "GET /css/lightbox.css HTTP/1.1" 200 1003 "https://www.rndsquared.com/" "Mozilla/5.0 (compatible; Googlebot/2.1; +http://www.google.com/bot.html)"
66.249.79.188 - - [20/Mar/2017:22:16:06 -0700] "GET /css/bootstrap.min.css HTTP/1.1" 200 11249 "https://www.rndsquared.com/" "Mozilla/5.0 (compatible; Googlebot/2.1; +http://www.google.com/bot.html)"
138.197.7.88 - - [21/Mar/2017:01:12:11 -0700] "GET / HTTP/1.1" 200 15892 "-" "Mozilla/5.0 (Windows NT 6.1; WOW64) AppleWebKit/537.36 (KHTML, like Gecko) Chrome/34.0.1847.137 Safari/537.36"
138.197.7.88 - - [21/Mar/2017:01:12:14 -0700] "GET /js/modernizr.js HTTP/1.1" 200 5933 "https://www.rndsquared.com/" "Mozilla/5.0 (Windows NT 6.1; WOW64) AppleWebKit/537.36 (KHTML, like Gecko) Chrome/34.0.1847.137 Safari/537.36"
138.197.7.88 - - [21/Mar/2017:01:12:17 -0700] "GET /js/scripts.js HTTP/1.1" 200 1227 "https://www.rndsquared.com/" "Mozilla/5.0 (Windows NT 6.1; WOW64) AppleWebKit/537.36 (KHTML, like Gecko) Chrome/34.0.1847.137 Safari/537.36"
138.197.7.88 - - [21/Mar/2017:01:12:17 -0700] "GET /js/lightbox.js HTTP/1.1" 200 4210 "https://www.rndsquared.com/" "Mozilla/5.0 (Windows NT 6.1; WOW64) AppleWebKit/537.36 (KHTML, like Gecko) Chrome/34.0.1847.137 Safari/537.36"
91.107.105.132 - - [21/Mar/2017:01:44:01 -0700] "GET / HTTP/1.1" 200 15892 "-" "Mozilla/5.0 (Windows NT 6.3; Win64; x64) AppleWebKit/537.36 (KHTML, like Gecko) Chrome/33.0.1789.1 Safari/537.36"
66.249.79.131 - - [21/Mar/2017:03:03:52 -0700] "GET /robots.txt HTTP/1.1" 404 208 "-" "Mozilla/5.0 (compatible; Googlebot/2.1; +http://www.google.com/bot.html)"
46.229.164.98 - - [21/Mar/2017:03:09:47 -0700] "GET /robots.txt HTTP/1.1" 404 208 "-" "Mozilla/5.0 (compatible; SemrushBot/1.2~bl; +http://www.semrush.com/bot.html)"
66.249.79.191 - - [21/Mar/2017:06:21:24 -0700] "GET / HTTP/1.1" 200 15892 "-" "Mozilla/5.0 (compatible; Googlebot/2.1; +http://www.google.com/bot.html)"
213.142.143.206 - - [21/Mar/2017:07:25:50 -0700] "GET / HTTP/1.1" 200 15892 "-" "Mozilla/5.0 (Windows; U; Windows NT 5.1; en-US; rv:1.9.0.1) Gecko/2008070208 Firefox/3.0.1"
213.142.143.206 - - [21/Mar/2017:07:25:51 -0700] "GET /vmskdl44rededd HTTP/1.1" 404 212 "-" "Mozilla/5.0 (Windows; U; Windows NT 5.1; en-US; rv:1.9.0.1) Gecko/2008070208 Firefox/3.0.1"
213.142.143.206 - - [21/Mar/2017:07:25:52 -0700] "GET /vmskdl44rededd HTTP/1.1" 404 212 "-" "Mozilla/5.0 (Windows; U; Windows NT 5.1; en-US; rv:1.9.0.1) Gecko/2008070208 Firefox/3.0.1"
213.142.143.206 - - [21/Mar/2017:07:25:53 -0700] "GET /N0Wccvvd333.php HTTP/1.1" 404 213 "-" "Mozilla/5.0 (Windows; U; Windows NT 5.1; en-US; rv:1.9.0.1) Gecko/2008070208 Firefox/3.0.1"
213.142.143.206 - - [21/Mar/2017:07:25:54 -0700] "GET /N0Wccvvd333.php HTTP/1.1" 404 213 "-" "Mozilla/5.0 (Windows; U; Windows NT 5.1; en-US; rv:1.9.0.1) Gecko/2008070208 Firefox/3.0.1"
213.142.143.206 - - [21/Mar/2017:07:25:55 -0700] "GET /N0WaY/N0WaY1bb2/N0WaY123.php HTTP/1.1" 404 226 "-" "Mozilla/5.0 (Windows; U; Windows NT 5.1; en-US; rv:1.9.0.1) Gecko/2008070208 Firefox/3.0.1"
213.142.143.206 - - [21/Mar/2017:07:25:56 -0700] "GET /N0WaY/N0WaY1bb2/N0WaY123.php HTTP/1.1" 404 226 "-" "Mozilla/5.0 (Windows; U; Windows NT 5.1; en-US; rv:1.9.0.1) Gecko/2008070208 Firefox/3.0.1"
213.142.143.206 - - [21/Mar/2017:07:25:57 -0700] "GET / HTTP/1.1" 200 15892 "-" "Mozilla/5.0 (Windows; U; Windows NT 5.1; en-US; rv:1.9.0.1) Gecko/2008070208 Firefox/3.0.1"
213.142.143.206 - - [21/Mar/2017:07:25:58 -0700] "GET /user HTTP/1.1" 404 202 "-" "Mozilla/5.0 (Windows; U; Windows NT 5.1; en-US; rv:1.9.0.1) Gecko/2008070208 Firefox/3.0.1"
213.142.143.206 - - [21/Mar/2017:07:25:59 -0700] "GET /sites/default/settings HTTP/1.1" 404 220 "-" "Mozilla/5.0 (Windows; U; Windows NT 5.1; en-US; rv:1.9.0.1) Gecko/2008070208 Firefox/3.0.1"
213.142.143.206 - - [21/Mar/2017:07:25:59 -0700] "GET /sites/rndsquared.com/settings HTTP/1.1" 404 227 "-" "Mozilla/5.0 (Windows; U; Windows NT 5.1; en-US; rv:1.9.0.1) Gecko/2008070208 Firefox/3.0.1"
213.142.143.206 - - [21/Mar/2017:07:26:00 -0700] "GET /wp-login.php HTTP/1.1" 404 210 "-" "Mozilla/5.0 (Windows; U; Windows NT 5.1; en-US; rv:1.9.0.1) Gecko/2008070208 Firefox/3.0.1"
213.142.143.206 - - [21/Mar/2017:07:26:01 -0700] "GET /wp-config.php HTTP/1.1" 404 211 "-" "Mozilla/5.0 (Windows; U; Windows NT 5.1; en-US; rv:1.9.0.1) Gecko/2008070208 Firefox/3.0.1"
213.142.143.206 - - [21/Mar/2017:07:26:02 -0700] "GET /configuration.php HTTP/1.1" 404 215 "-" "Mozilla/5.0 (Windows; U; Windows NT 5.1; en-US; rv:1.9.0.1) Gecko/2008070208 Firefox/3.0.1"
213.142.143.206 - - [21/Mar/2017:07:26:03 -0700] "GET /administrator HTTP/1.1" 404 211 "-" "Mozilla/5.0 (Windows; U; Windows NT 5.1; en-US; rv:1.9.0.1) Gecko/2008070208 Firefox/3.0.1"
66.249.79.191 - - [21/Mar/2017:08:02:52 -0700] "GET / HTTP/1.1" 200 15892 "-" "Mozilla/5.0 (compatible; Googlebot/2.1; +http://www.google.com/bot.html)"
66.249.79.131 - - [21/Mar/2017:08:48:31 -0700] "GET / HTTP/1.1" 200 15892 "-" "Mozilla/5.0 (compatible; Googlebot/2.1; +http://www.google.com/bot.html)"
180.76.15.152 - - [21/Mar/2017:09:05:38 -0700] "GET / HTTP/1.1" 403 202 "-" "Mozilla/5.0 (compatible; Baiduspider/2.0; +http://www.baidu.com/search/spider.html)"
66.249.66.66 - - [21/Mar/2017:09:18:43 -0700] "GET / HTTP/1.1" 200 15892 "-" "Mozilla/5.0 (compatible; Googlebot/2.1; +http://www.google.com/bot.html)"
202.46.49.206 - - [21/Mar/2017:09:38:58 -0700] "GET / HTTP/1.1" 403 202 "-" "Mozilla/5.0 (Windows NT 10.0; WOW64) AppleWebKit/537.36 (KHTML, like Gecko) Chrome/45.0.2454.93 Safari/537.36"
66.249.66.127 - - [21/Mar/2017:09:50:22 -0700] "GET / HTTP/1.1" 200 15892 "-" "Mozilla/5.0 (compatible; Googlebot/2.1; +http://www.google.com/bot.html)"
5.196.87.42 - - [21/Mar/2017:09:59:42 -0700] "GET /robots.txt HTTP/1.1" 404 208 "-" "Mozilla/5.0 (compatible; AhrefsBot/5.2; +http://ahrefs.com/robot/)"
66.249.66.66 - - [21/Mar/2017:10:23:51 -0700] "GET /robots.txt HTTP/1.1" 404 208 "-" "Mozilla/5.0 (compatible; Googlebot/2.1; +http://www.google.com/bot.html)"
66.249.66.66 - - [21/Mar/2017:10:23:51 -0700] "GET /robots.txt HTTP/1.1" 404 208 "-" "Mozilla/5.0 (compatible; Googlebot/2.1; +http://www.google.com/bot.html)"
66.249.66.127 - - [21/Mar/2017:10:23:52 -0700] "GET / HTTP/1.1" 200 15892 "-" "Mozilla/5.0 (compatible; Googlebot/2.1; +http://www.google.com/bot.html)"
162.210.196.98 - - [21/Mar/2017:11:31:17 -0700] "GET /robots.txt HTTP/1.1" 404 208 "-" "Mozilla/5.0 (compatible; MJ12bot/v1.4.8; http://mj12bot.com/)"
162.210.196.98 - - [21/Mar/2017:11:32:00 -0700] "GET / HTTP/1.1" 200 72657 "-" "Mozilla/5.0 (compatible; MJ12bot/v1.4.8; http://mj12bot.com/)"
198.240.66.200 - - [21/Mar/2017:13:11:11 -0700] "GET / HTTP/1.1" 200 72657 "-" "=Mozilla/5.0 (Windows; U; Windows NT 6.1; en-US) AppleWebKit/534.16 (KHTML, like Gecko) Chrome/10.0.648.204 Safari/534.16"
66.249.66.125 - - [21/Mar/2017:16:18:41 -0700] "GET / HTTP/1.1" 200 15892 "-" "Mozilla/5.0 (compatible; Googlebot/2.1; +http://www.google.com/bot.html)"
220.181.51.122 - - [21/Mar/2017:16:53:09 -0700] "GET /robots.txt HTTP/1.1" 404 208 "-" "Mozilla/5.0 (Windows NT 10.0; WOW64) AppleWebKit/537.36 (KHTML, like Gecko) Chrome/45.0.2454.93 Safari/537.36"
123.125.71.52 - - [21/Mar/2017:16:53:09 -0700] "GET / HTTP/1.1" 200 72657 "-" "Mozilla/5.0 (compatible; Baiduspider/2.0; +http://www.baidu.com/search/spider.html)"
123.125.71.113 - - [21/Mar/2017:16:53:25 -0700] "GET /robots.txt HTTP/1.1" 404 208 "-" "Mozilla/5.0 (compatible; Baiduspider/2.0; +http://www.baidu.com/search/spider.html)"
77.75.78.171 - - [21/Mar/2017:17:36:36 -0700] "GET /robots.txt HTTP/1.1" 404 208 "-" "Mozilla/5.0 (compatible; SeznamBot/3.2; +http://napoveda.seznam.cz/en/seznambot-intro/)"
77.75.78.171 - - [21/Mar/2017:17:36:39 -0700] "GET /img/wu-wei/thumbs/6.jpg HTTP/1.1" 200 21768 "-" "Mozilla/5.0 (compatible; SeznamBot/3.2; +http://napoveda.seznam.cz/en/seznambot-intro/)"
180.76.15.151 - - [21/Mar/2017:21:18:40 -0700] "GET / HTTP/1.1" 403 202 "-" "Mozilla/5.0 (compatible; Baiduspider/2.0; +http://www.baidu.com/search/spider.html)"
144.217.80.113 - - [21/Mar/2017:21:30:49 -0700] "GET / HTTP/1.1" 200 15892 "-" "Mozilla/5.0 (Windows NT 10.0; WOW64) AppleWebKit/537.36 (KHTML, like Gecko) Chrome/52.0.2743.116 Safari/537.36"
138.197.113.44 - - [21/Mar/2017:21:38:39 -0700] "GET /robots.txt HTTP/1.1" 404 208 "-" "Mozilla/5.0 (compatible; spbot/5.0.3; +http://OpenLinkProfiler.org/bot )"
138.197.113.44 - - [21/Mar/2017:21:38:45 -0700] "GET / HTTP/1.1" 200 15892 "http://www.rndsquared.com/" "Mozilla/5.0 (compatible; spbot/5.0.3; +http://OpenLinkProfiler.org/bot )"
77.75.79.109 - - [21/Mar/2017:22:11:54 -0700] "GET /robots.txt HTTP/1.1" 404 208 "-" "Mozilla/5.0 (compatible; SeznamBot/3.2; +http://napoveda.seznam.cz/en/seznambot-intro/)"
77.75.79.109 - - [21/Mar/2017:22:12:05 -0700] "GET /img/oncekids-fujimini/4.jpg HTTP/1.1" 304 - "-" "Mozilla/5.0 (compatible; SeznamBot/3.2; +http://napoveda.seznam.cz/en/seznambot-intro/)"
45.79.66.231 - - [21/Mar/2017:22:45:03 -0700] "GET /robots.txt HTTP/1.1" 404 208 "" "Mozilla/5.0 (compatible; Uptimebot/1.0; +http://www.uptime.com/uptimebot)"
45.79.66.231 - - [21/Mar/2017:22:45:03 -0700] "HEAD / HTTP/1.1" 200 - "http://uptime.com/www.rndsquared.com" "Mozilla/5.0 (compatible; Uptimebot/1.0; +http://www.uptime.com/uptimebot)"
138.197.13.157 - - [21/Mar/2017:23:45:44 -0700] "GET / HTTP/1.1" 200 15892 "-" "Mozilla/5.0 (Windows NT 6.1; rv:28.0) Gecko/20100101 Firefox/28.0"
138.197.13.157 - - [21/Mar/2017:23:45:44 -0700] "GET /js/modernizr.js HTTP/1.1" 200 5933 "https://www.rndsquared.com/" "Mozilla/5.0 (Windows NT 6.1; rv:28.0) Gecko/20100101 Firefox/28.0"
138.197.13.157 - - [21/Mar/2017:23:45:45 -0700] "GET /js/lightbox.js HTTP/1.1" 200 4210 "https://www.rndsquared.com/" "Mozilla/5.0 (Windows NT 6.1; rv:28.0) Gecko/20100101 Firefox/28.0"
138.197.13.157 - - [21/Mar/2017:23:45:45 -0700] "GET /js/scripts.js HTTP/1.1" 200 1227 "https://www.rndsquared.com/" "Mozilla/5.0 (Windows NT 6.1; rv:28.0) Gecko/20100101 Firefox/28.0"
138.197.7.44 - - [22/Mar/2017:02:24:20 -0700] "GET / HTTP/1.1" 200 15892 "-" "Mozilla/5.0 (Macintosh; Intel Mac OS X 10_9_3) AppleWebKit/537.36 (KHTML, like Gecko) Chrome/35.0.1916.114 Safari/537.36"
138.197.7.44 - - [22/Mar/2017:02:24:25 -0700] "GET /js/modernizr.js HTTP/1.1" 200 5933 "https://www.rndsquared.com/" "Mozilla/5.0 (Macintosh; Intel Mac OS X 10_9_3) AppleWebKit/537.36 (KHTML, like Gecko) Chrome/35.0.1916.114 Safari/537.36"
138.197.7.44 - - [22/Mar/2017:02:24:29 -0700] "GET /js/scripts.js HTTP/1.1" 200 1227 "https://www.rndsquared.com/" "Mozilla/5.0 (Macintosh; Intel Mac OS X 10_9_3) AppleWebKit/537.36 (KHTML, like Gecko) Chrome/35.0.1916.114 Safari/537.36"
138.197.7.44 - - [22/Mar/2017:02:24:29 -0700] "GET /js/lightbox.js HTTP/1.1" 200 4210 "https://www.rndsquared.com/" "Mozilla/5.0 (Macintosh; Intel Mac OS X 10_9_3) AppleWebKit/537.36 (KHTML, like Gecko) Chrome/35.0.1916.114 Safari/537.36"
138.197.7.44 - - [22/Mar/2017:02:24:58 -0700] "GET / HTTP/1.1" 301 235 "-" "-"
77.75.78.169 - - [22/Mar/2017:02:28:58 -0700] "GET /robots.txt HTTP/1.1" 404 208 "-" "Mozilla/5.0 (compatible; SeznamBot/3.2; +http://napoveda.seznam.cz/en/seznambot-intro/)"
77.75.78.169 - - [22/Mar/2017:02:29:07 -0700] "GET /img/wu-wei/thumbs/5.jpg HTTP/1.1" 304 - "-" "Mozilla/5.0 (compatible; SeznamBot/3.2; +http://napoveda.seznam.cz/en/seznambot-intro/)"
207.46.13.218 - - [22/Mar/2017:02:33:45 -0700] "GET /robots.txt HTTP/1.1" 404 208 "-" "Mozilla/5.0 (compatible; bingbot/2.0; +http://www.bing.com/bingbot.htm)"
46.229.164.98 - - [22/Mar/2017:04:08:49 -0700] "GET /robots.txt HTTP/1.1" 404 208 "-" "Mozilla/5.0 (compatible; SemrushBot/1.2~bl; +http://www.semrush.com/bot.html)"
77.75.78.164 - - [22/Mar/2017:04:47:43 -0700] "GET /robots.txt HTTP/1.1" 404 208 "-" "Mozilla/5.0 (compatible; SeznamBot/3.2; +http://napoveda.seznam.cz/en/seznambot-intro/)"
77.75.78.164 - - [22/Mar/2017:04:47:46 -0700] "GET /img/autumn/3.jpg HTTP/1.1" 304 - "-" "Mozilla/5.0 (compatible; SeznamBot/3.2; +http://napoveda.seznam.cz/en/seznambot-intro/)"
77.75.76.167 - - [22/Mar/2017:07:17:09 -0700] "GET /robots.txt HTTP/1.1" 404 208 "-" "Mozilla/5.0 (compatible; SeznamBot/3.2; +http://napoveda.seznam.cz/en/seznambot-intro/)"
77.75.76.167 - - [22/Mar/2017:07:17:12 -0700] "GET /img/bs4w/4.jpg HTTP/1.1" 304 - "-" "Mozilla/5.0 (compatible; SeznamBot/3.2; +http://napoveda.seznam.cz/en/seznambot-intro/)"
141.8.143.215 - - [22/Mar/2017:07:53:35 -0700] "GET /robots.txt HTTP/1.1" 404 208 "-" "Mozilla/5.0 (compatible; YandexBot/3.0; +http://yandex.com/bots)"
141.8.143.215 - - [22/Mar/2017:07:53:37 -0700] "GET / HTTP/1.1" 200 15892 "-" "Mozilla/5.0 (compatible; YandexBot/3.0; +http://yandex.com/bots)"
66.249.66.127 - - [22/Mar/2017:08:40:54 -0700] "GET /robots.txt HTTP/1.1" 404 208 "-" "Mozilla/5.0 (compatible; Googlebot/2.1; +http://www.google.com/bot.html)"
66.249.66.66 - - [22/Mar/2017:08:40:55 -0700] "GET / HTTP/1.1" 200 15892 "-" "Mozilla/5.0 (Linux; Android 6.0.1; Nexus 5X Build/MMB29P) AppleWebKit/537.36 (KHTML, like Gecko) Chrome/41.0.2272.96 Mobile Safari/537.36 (compatible; Googlebot/2.1; +http://www.google.com/bot.html)"
66.249.66.127 - - [22/Mar/2017:09:41:52 -0700] "GET / HTTP/1.1" 200 15892 "-" "Mozilla/5.0 (Linux; Android 6.0.1; Nexus 5X Build/MMB29P) AppleWebKit/537.36 (KHTML, like Gecko) Chrome/41.0.2272.96 Mobile Safari/537.36 (compatible; Googlebot/2.1; +http://www.google.com/bot.html)"
77.75.78.165 - - [22/Mar/2017:09:52:04 -0700] "GET /robots.txt HTTP/1.1" 404 208 "-" "Mozilla/5.0 (compatible; SeznamBot/3.2; +http://napoveda.seznam.cz/en/seznambot-intro/)"
77.75.78.165 - - [22/Mar/2017:09:52:07 -0700] "GET /img/sfnoir/thumbs/1.jpg HTTP/1.1" 304 - "-" "Mozilla/5.0 (compatible; SeznamBot/3.2; +http://napoveda.seznam.cz/en/seznambot-intro/)"
77.75.79.62 - - [22/Mar/2017:12:06:08 -0700] "GET /robots.txt HTTP/1.1" 404 208 "-" "Mozilla/5.0 (compatible; SeznamBot/3.2; +http://napoveda.seznam.cz/en/seznambot-intro/)"
77.75.79.62 - - [22/Mar/2017:12:06:11 -0700] "GET /img/sfnoir/thumbs/9.jpg HTTP/1.1" 304 - "-" "Mozilla/5.0 (compatible; SeznamBot/3.2; +http://napoveda.seznam.cz/en/seznambot-intro/)"
77.75.77.95 - - [22/Mar/2017:13:26:24 -0700] "GET /robots.txt HTTP/1.1" 404 208 "-" "Mozilla/5.0 (compatible; SeznamBot/3.2; +http://napoveda.seznam.cz/en/seznambot-intro/)"
77.75.77.95 - - [22/Mar/2017:13:26:27 -0700] "GET /img/mixman/thumbs/6.jpg HTTP/1.1" 304 - "-" "Mozilla/5.0 (compatible; SeznamBot/3.2; +http://napoveda.seznam.cz/en/seznambot-intro/)"
77.75.76.164 - - [22/Mar/2017:14:29:26 -0700] "GET /robots.txt HTTP/1.1" 404 208 "-" "Mozilla/5.0 (compatible; SeznamBot/3.2; +http://napoveda.seznam.cz/en/seznambot-intro/)"
77.75.76.164 - - [22/Mar/2017:14:29:29 -0700] "GET /img/urban-cowgirl/3.jpg HTTP/1.1" 304 - "-" "Mozilla/5.0 (compatible; SeznamBot/3.2; +http://napoveda.seznam.cz/en/seznambot-intro/)"
99.23.38.33 - - [22/Mar/2017:14:53:21 -0700] "GET /img/autumn/thumbs/7.jpg HTTP/1.1" 200 25117 "https://www.google.com/" "Mozilla/5.0 (Macintosh; Intel Mac OS X 10_12_3) AppleWebKit/602.4.8 (KHTML, like Gecko) Version/10.0.3 Safari/602.4.8"
77.75.79.54 - - [22/Mar/2017:16:35:56 -0700] "GET /robots.txt HTTP/1.1" 404 208 "-" "Mozilla/5.0 (compatible; SeznamBot/3.2; +http://napoveda.seznam.cz/en/seznambot-intro/)"
77.75.79.54 - - [22/Mar/2017:16:35:59 -0700] "GET /img/njn/3.jpg HTTP/1.1" 304 - "-" "Mozilla/5.0 (compatible; SeznamBot/3.2; +http://napoveda.seznam.cz/en/seznambot-intro/)"
186.190.28.244 - - [22/Mar/2017:17:26:32 -0700] "GET /img/urban-cowgirl/1.jpg HTTP/1.1" 200 94626 "https://www.google.ht/" "Mozilla/5.0 (Windows NT 6.1) AppleWebKit/537.36 (KHTML, like Gecko) Chrome/56.0.2924.87 Safari/537.36"
141.8.143.242 - - [22/Mar/2017:17:51:33 -0700] "GET /robots.txt HTTP/1.1" 404 208 "-" "Mozilla/5.0 (compatible; YandexBot/3.0; +http://yandex.com/bots)"
141.8.143.215 - - [22/Mar/2017:17:51:37 -0700] "GET /favicon.ico HTTP/1.1" 404 209 "-" "Mozilla/5.0 (compatible; YandexBot/3.0; +http://yandex.com/bots)"
77.75.76.161 - - [22/Mar/2017:18:14:37 -0700] "GET /robots.txt HTTP/1.1" 404 208 "-" "Mozilla/5.0 (compatible; SeznamBot/3.2; +http://napoveda.seznam.cz/en/seznambot-intro/)"
77.75.76.161 - - [22/Mar/2017:18:14:40 -0700] "GET /img/oncekids-fujimini/1.jpg HTTP/1.1" 304 - "-" "Mozilla/5.0 (compatible; SeznamBot/3.2; +http://napoveda.seznam.cz/en/seznambot-intro/)"
151.80.31.151 - - [22/Mar/2017:19:14:42 -0700] "GET /robots.txt HTTP/1.1" 404 208 "-" "Mozilla/5.0 (compatible; AhrefsBot/5.2; +http://ahrefs.com/robot/)"
77.75.78.170 - - [22/Mar/2017:19:19:15 -0700] "GET /robots.txt HTTP/1.1" 404 208 "-" "Mozilla/5.0 (compatible; SeznamBot/3.2; +http://napoveda.seznam.cz/en/seznambot-intro/)"
77.75.78.170 - - [22/Mar/2017:19:19:17 -0700] "GET /img/autumn/1.jpg HTTP/1.1" 304 - "-" "Mozilla/5.0 (compatible; SeznamBot/3.2; +http://napoveda.seznam.cz/en/seznambot-intro/)"
77.75.78.166 - - [22/Mar/2017:20:47:19 -0700] "GET /robots.txt HTTP/1.1" 404 208 "-" "Mozilla/5.0 (compatible; SeznamBot/3.2; +http://napoveda.seznam.cz/en/seznambot-intro/)"
77.75.78.166 - - [22/Mar/2017:20:47:22 -0700] "GET /img/bs4w/1.jpg HTTP/1.1" 304 - "-" "Mozilla/5.0 (compatible; SeznamBot/3.2; +http://napoveda.seznam.cz/en/seznambot-intro/)"
77.75.78.165 - - [22/Mar/2017:22:03:25 -0700] "GET /robots.txt HTTP/1.1" 404 208 "-" "Mozilla/5.0 (compatible; SeznamBot/3.2; +http://napoveda.seznam.cz/en/seznambot-intro/)"
77.75.78.165 - - [22/Mar/2017:22:03:28 -0700] "GET /img/mixman/thumbs/16.jpg HTTP/1.1" 304 - "-" "Mozilla/5.0 (compatible; SeznamBot/3.2; +http://napoveda.seznam.cz/en/seznambot-intro/)"
77.75.79.17 - - [22/Mar/2017:23:07:08 -0700] "GET /robots.txt HTTP/1.1" 404 208 "-" "Mozilla/5.0 (compatible; SeznamBot/3.2; +http://napoveda.seznam.cz/en/seznambot-intro/)"
77.75.79.17 - - [22/Mar/2017:23:07:11 -0700] "GET /img/wu-wei/9.jpg HTTP/1.1" 304 - "-" "Mozilla/5.0 (compatible; SeznamBot/3.2; +http://napoveda.seznam.cz/en/seznambot-intro/)"
77.75.79.32 - - [23/Mar/2017:00:09:47 -0700] "GET /robots.txt HTTP/1.1" 404 208 "-" "Mozilla/5.0 (compatible; SeznamBot/3.2; +http://napoveda.seznam.cz/en/seznambot-intro/)"
77.75.79.32 - - [23/Mar/2017:00:09:59 -0700] "GET /img/wu-wei/thumbs/1.jpg HTTP/1.1" 304 - "-" "Mozilla/5.0 (compatible; SeznamBot/3.2; +http://napoveda.seznam.cz/en/seznambot-intro/)"
77.75.79.72 - - [23/Mar/2017:01:07:43 -0700] "GET /robots.txt HTTP/1.1" 404 208 "-" "Mozilla/5.0 (compatible; SeznamBot/3.2; +http://napoveda.seznam.cz/en/seznambot-intro/)"
77.75.79.72 - - [23/Mar/2017:01:07:46 -0700] "GET /img/sfnoir/thumbs/5.jpg HTTP/1.1" 304 - "-" "Mozilla/5.0 (compatible; SeznamBot/3.2; +http://napoveda.seznam.cz/en/seznambot-intro/)"
66.249.79.131 - - [23/Mar/2017:01:40:57 -0700] "GET /robots.txt HTTP/1.1" 404 208 "-" "Mozilla/5.0 (compatible; Googlebot/2.1; +http://www.google.com/bot.html)"
66.249.79.188 - - [23/Mar/2017:01:40:57 -0700] "GET /img/wu-wei/thumbs/7.jpg HTTP/1.1" 304 - "-" "Googlebot-Image/1.0"
66.249.79.188 - - [23/Mar/2017:01:40:58 -0700] "GET /img/oncekids-fujimini/thumbs/7.jpg HTTP/1.1" 304 - "-" "Googlebot-Image/1.0"
66.249.79.131 - - [23/Mar/2017:01:41:00 -0700] "GET /img/autumn/thumbs/4.jpg HTTP/1.1" 304 - "-" "Googlebot-Image/1.0"
66.249.79.188 - - [23/Mar/2017:01:41:01 -0700] "GET /img/mixman/19.jpg HTTP/1.1" 304 - "-" "Googlebot-Image/1.0"
66.249.79.191 - - [23/Mar/2017:01:41:06 -0700] "GET /img/wu-wei/thumbs/5.jpg HTTP/1.1" 304 - "-" "Googlebot-Image/1.0"
66.249.79.191 - - [23/Mar/2017:01:41:07 -0700] "GET /img/oncekids-fujimini/5.jpg HTTP/1.1" 304 - "-" "Googlebot-Image/1.0"
66.249.79.131 - - [23/Mar/2017:01:42:00 -0700] "GET /img/autumn/thumbs/7.jpg HTTP/1.1" 304 - "-" "Googlebot-Image/1.0"
66.249.79.188 - - [23/Mar/2017:01:49:24 -0700] "GET /img/oncekids-fujimini/thumbs/6.jpg HTTP/1.1" 304 - "-" "Googlebot-Image/1.0"
66.249.79.188 - - [23/Mar/2017:02:18:35 -0700] "GET /img/wu-wei/thumbs/10.jpg HTTP/1.1" 304 - "-" "Googlebot-Image/1.0"
66.249.79.131 - - [23/Mar/2017:02:51:40 -0700] "GET /img/oncekids-fujimini/1.jpg HTTP/1.1" 304 - "-" "Googlebot-Image/1.0"
77.75.76.169 - - [23/Mar/2017:02:54:50 -0700] "GET /robots.txt HTTP/1.1" 404 208 "-" "Mozilla/5.0 (compatible; SeznamBot/3.2; +http://napoveda.seznam.cz/en/seznambot-intro/)"
77.75.76.169 - - [23/Mar/2017:02:54:58 -0700] "GET /img/wu-wei/thumbs/9.jpg HTTP/1.1" 304 - "-" "Mozilla/5.0 (compatible; SeznamBot/3.2; +http://napoveda.seznam.cz/en/seznambot-intro/)"
138.197.3.83 - - [23/Mar/2017:03:20:41 -0700] "GET / HTTP/1.1" 200 15892 "-" "Mozilla/5.0 (Windows NT 6.1; WOW64) AppleWebKit/537.36 (KHTML, like Gecko) Chrome/34.0.1847.137 Safari/537.36"
138.197.3.83 - - [23/Mar/2017:03:20:46 -0700] "GET /js/modernizr.js HTTP/1.1" 200 5933 "https://www.rndsquared.com/" "Mozilla/5.0 (Windows NT 6.1; WOW64) AppleWebKit/537.36 (KHTML, like Gecko) Chrome/34.0.1847.137 Safari/537.36"
138.197.3.83 - - [23/Mar/2017:03:20:47 -0700] "GET /js/scripts.js HTTP/1.1" 200 1227 "https://www.rndsquared.com/" "Mozilla/5.0 (Windows NT 6.1; WOW64) AppleWebKit/537.36 (KHTML, like Gecko) Chrome/34.0.1847.137 Safari/537.36"
138.197.3.83 - - [23/Mar/2017:03:20:47 -0700] "GET /js/lightbox.js HTTP/1.1" 200 4210 "https://www.rndsquared.com/" "Mozilla/5.0 (Windows NT 6.1; WOW64) AppleWebKit/537.36 (KHTML, like Gecko) Chrome/34.0.1847.137 Safari/537.36"
138.197.3.83 - - [23/Mar/2017:03:20:58 -0700] "GET / HTTP/1.1" 301 235 "-" "-"
138.197.111.122 - - [23/Mar/2017:03:21:00 -0700] "GET / HTTP/1.1" 200 15892 "-" "Mozilla/5.0 (compatible; MSIE 9.0; Windows NT 6.1; WOW64; Trident/5.0)"
138.197.111.122 - - [23/Mar/2017:03:21:01 -0700] "GET /js/modernizr.js HTTP/1.1" 200 5933 "https://www.rndsquared.com/" "Mozilla/5.0 (compatible; MSIE 9.0; Windows NT 6.1; WOW64; Trident/5.0)"
138.197.111.122 - - [23/Mar/2017:03:21:01 -0700] "GET /js/scripts.js HTTP/1.1" 200 1227 "https://www.rndsquared.com/" "Mozilla/5.0 (compatible; MSIE 9.0; Windows NT 6.1; WOW64; Trident/5.0)"
138.197.111.122 - - [23/Mar/2017:03:21:01 -0700] "GET /js/lightbox.js HTTP/1.1" 200 4210 "https://www.rndsquared.com/" "Mozilla/5.0 (compatible; MSIE 9.0; Windows NT 6.1; WOW64; Trident/5.0)"
66.249.79.131 - - [23/Mar/2017:03:24:53 -0700] "GET /img/mixman/thumbs/19.jpg HTTP/1.1" 304 - "-" "Googlebot-Image/1.0"
66.249.79.131 - - [23/Mar/2017:03:58:25 -0700] "GET /img/mixman/thumbs/5.jpg HTTP/1.1" 304 - "-" "Googlebot-Image/1.0"
77.75.79.109 - - [23/Mar/2017:03:59:23 -0700] "GET /robots.txt HTTP/1.1" 404 208 "-" "Mozilla/5.0 (compatible; SeznamBot/3.2; +http://napoveda.seznam.cz/en/seznambot-intro/)"
77.75.79.109 - - [23/Mar/2017:03:59:26 -0700] "GET /img/mixman/thumbs/15.jpg HTTP/1.1" 304 - "-" "Mozilla/5.0 (compatible; SeznamBot/3.2; +http://napoveda.seznam.cz/en/seznambot-intro/)"
66.249.79.188 - - [23/Mar/2017:04:31:31 -0700] "GET /img/sfnoir/thumbs/1.jpg HTTP/1.1" 304 - "-" "Googlebot-Image/1.0"
157.55.39.121 - - [23/Mar/2017:04:51:59 -0700] "GET /robots.txt HTTP/1.1" 404 208 "-" "Mozilla/5.0 (compatible; bingbot/2.0; +http://www.bing.com/bingbot.htm)"
66.249.79.131 - - [23/Mar/2017:05:04:42 -0700] "GET /img/mixman/4.jpg HTTP/1.1" 304 - "-" "Googlebot-Image/1.0"
46.229.164.98 - - [23/Mar/2017:05:07:25 -0700] "GET /robots.txt HTTP/1.1" 404 208 "-" "Mozilla/5.0 (compatible; SemrushBot/1.2~bl; +http://www.semrush.com/bot.html)"
66.249.79.131 - - [23/Mar/2017:05:38:19 -0700] "GET /img/oncekids-fujimini/thumbs/4.jpg HTTP/1.1" 304 - "-" "Googlebot-Image/1.0"
66.249.79.188 - - [23/Mar/2017:06:11:26 -0700] "GET /img/urban-cowgirl/thumbs/6.jpg HTTP/1.1" 304 - "-" "Googlebot-Image/1.0"
66.249.79.188 - - [23/Mar/2017:06:44:46 -0700] "GET /img/njn/thumbs/5.jpg HTTP/1.1" 304 - "-" "Googlebot-Image/1.0"
66.249.79.191 - - [23/Mar/2017:07:18:10 -0700] "GET /img/mixman/thumbs/16.jpg HTTP/1.1" 304 - "-" "Googlebot-Image/1.0"
66.249.79.131 - - [23/Mar/2017:07:51:12 -0700] "GET /img/sfnoir/thumbs/6.jpg HTTP/1.1" 304 - "-" "Googlebot-Image/1.0"
66.249.79.188 - - [23/Mar/2017:08:25:11 -0700] "GET /img/autumn/thumbs/8.jpg HTTP/1.1" 304 - "-" "Googlebot-Image/1.0"
66.249.79.188 - - [23/Mar/2017:08:58:23 -0700] "GET /img/mixman/3.jpg HTTP/1.1" 304 - "-" "Googlebot-Image/1.0"
66.249.79.188 - - [23/Mar/2017:09:32:37 -0700] "GET /img/mixman/thumbs/9.jpg HTTP/1.1" 304 - "-" "Googlebot-Image/1.0"
66.249.79.191 - - [23/Mar/2017:09:36:04 -0700] "GET /img/wu-wei/thumbs/3.jpg HTTP/1.1" 304 - "-" "Googlebot-Image/1.0"
66.249.79.188 - - [23/Mar/2017:09:36:19 -0700] "GET /img/urban-cowgirl/thumbs/1.jpg HTTP/1.1" 304 - "-" "Googlebot-Image/1.0"
66.249.79.191 - - [23/Mar/2017:09:39:45 -0700] "GET /img/urban-cowgirl/3.jpg HTTP/1.1" 304 - "-" "Googlebot-Image/1.0"
66.249.79.191 - - [23/Mar/2017:09:39:53 -0700] "GET /img/bs4w/thumbs/4.jpg HTTP/1.1" 304 - "-" "Googlebot-Image/1.0"
66.249.79.131 - - [23/Mar/2017:09:53:20 -0700] "GET /img/bs4w/thumbs/5.jpg HTTP/1.1" 304 - "-" "Googlebot-Image/1.0"
66.249.79.188 - - [23/Mar/2017:10:09:36 -0700] "GET /img/sfnoir/thumbs/3.jpg HTTP/1.1" 304 - "-" "Googlebot-Image/1.0"
66.249.79.191 - - [23/Mar/2017:10:25:38 -0700] "GET /img/mixman/7.jpg HTTP/1.1" 304 - "-" "Googlebot-Image/1.0"
66.249.79.103 - - [23/Mar/2017:10:41:49 -0700] "GET /img/mixman/thumbs/15.jpg HTTP/1.1" 304 - "-" "Googlebot-Image/1.0"
66.249.79.99 - - [23/Mar/2017:10:58:01 -0700] "GET /img/wu-wei/thumbs/9.jpg HTTP/1.1" 304 - "-" "Googlebot-Image/1.0"
66.249.79.99 - - [23/Mar/2017:11:14:13 -0700] "GET /img/wu-wei/thumbs/8.jpg HTTP/1.1" 304 - "-" "Googlebot-Image/1.0"
66.249.79.99 - - [23/Mar/2017:11:30:13 -0700] "GET /img/urban-cowgirl/5.jpg HTTP/1.1" 304 - "-" "Googlebot-Image/1.0"
66.249.79.107 - - [23/Mar/2017:12:18:49 -0700] "GET /robots.txt HTTP/1.1" 404 208 "-" "Mozilla/5.0 (compatible; Googlebot/2.1; +http://www.google.com/bot.html)"
66.249.79.107 - - [23/Mar/2017:12:18:50 -0700] "GET /img/oncekids-fujimini/6.jpg HTTP/1.1" 200 118631 "-" "Googlebot-Image/1.0"
66.249.79.99 - - [23/Mar/2017:12:34:48 -0700] "GET /img/bs4w/thumbs/2.jpg HTTP/1.1" 304 - "-" "Googlebot-Image/1.0"
66.249.79.103 - - [23/Mar/2017:12:50:59 -0700] "GET /img/mixman/thumbs/4.jpg HTTP/1.1" 304 - "-" "Googlebot-Image/1.0"
220.181.108.122 - - [23/Mar/2017:12:59:26 -0700] "GET / HTTP/1.1" 200 72657 "-" "Mozilla/5.0 (compatible; Baiduspider/2.0; +http://www.baidu.com/search/spider.html)"
66.249.79.107 - - [23/Mar/2017:13:07:14 -0700] "GET /img/bs4w/thumbs/3.jpg HTTP/1.1" 304 - "-" "Googlebot-Image/1.0"
66.249.79.107 - - [23/Mar/2017:13:23:27 -0700] "GET /img/mixman/2.jpg HTTP/1.1" 304 - "-" "Googlebot-Image/1.0"
66.249.79.103 - - [23/Mar/2017:13:39:22 -0700] "GET /img/oncekids-fujimini/thumbs/6.jpg HTTP/1.1" 304 - "-" "Googlebot-Image/1.0"
66.249.79.99 - - [23/Mar/2017:13:55:35 -0700] "GET /robots.txt HTTP/1.1" 404 208 "-" "Mozilla/5.0 (compatible; Googlebot/2.1; +http://www.google.com/bot.html)"
66.249.79.103 - - [23/Mar/2017:13:55:35 -0700] "GET /img/mixman/18.jpg HTTP/1.1" 304 - "-" "Googlebot-Image/1.0"
66.249.79.99 - - [23/Mar/2017:14:11:48 -0700] "GET /img/bs4w/thumbs/7.jpg HTTP/1.1" 304 - "-" "Googlebot-Image/1.0"
66.249.79.107 - - [23/Mar/2017:14:28:03 -0700] "GET /img/oncekids-fujimini/thumbs/8.jpg HTTP/1.1" 304 - "-" "Googlebot-Image/1.0"
66.249.79.103 - - [23/Mar/2017:14:44:01 -0700] "GET /img/urban-cowgirl/4.jpg HTTP/1.1" 304 - "-" "Googlebot-Image/1.0"
66.249.79.103 - - [23/Mar/2017:15:00:09 -0700] "GET /img/njn/thumbs/2.jpg HTTP/1.1" 304 - "-" "Googlebot-Image/1.0"
66.249.79.99 - - [23/Mar/2017:15:16:27 -0700] "GET /img/bs4w/thumbs/4.jpg HTTP/1.1" 304 - "-" "Googlebot-Image/1.0"
66.249.79.103 - - [23/Mar/2017:15:32:41 -0700] "GET /img/urban-cowgirl/1.jpg HTTP/1.1" 304 - "-" "Googlebot-Image/1.0"
180.76.15.11 - - [23/Mar/2017:15:44:45 -0700] "GET / HTTP/1.1" 403 202 "-" "Mozilla/5.0 (compatible; Baiduspider/2.0; +http://www.baidu.com/search/spider.html)"
66.249.79.107 - - [23/Mar/2017:15:49:02 -0700] "GET /img/autumn/thumbs/2.jpg HTTP/1.1" 304 - "-" "Googlebot-Image/1.0"
123.125.71.76 - - [23/Mar/2017:15:59:26 -0700] "GET / HTTP/1.1" 200 72657 "-" "Mozilla/5.0 (compatible; Baiduspider/2.0; +http://www.baidu.com/search/spider.html)"
66.249.79.99 - - [23/Mar/2017:16:04:42 -0700] "GET /img/oncekids-fujimini/3.jpg HTTP/1.1" 304 - "-" "Googlebot-Image/1.0"
202.46.50.91 - - [23/Mar/2017:16:18:05 -0700] "GET / HTTP/1.1" 403 202 "-" "Mozilla/5.0 (Windows NT 10.0; WOW64) AppleWebKit/537.36 (KHTML, like Gecko) Chrome/45.0.2454.93 Safari/537.36"
66.249.79.107 - - [23/Mar/2017:16:20:58 -0700] "GET /img/njn/thumbs/4.jpg HTTP/1.1" 304 - "-" "Googlebot-Image/1.0"
66.249.79.107 - - [23/Mar/2017:16:37:08 -0700] "GET /img/mixman/16.jpg HTTP/1.1" 304 - "-" "Googlebot-Image/1.0"
66.249.79.131 - - [23/Mar/2017:16:53:19 -0700] "GET /img/autumn/thumbs/3.jpg HTTP/1.1" 304 - "-" "Googlebot-Image/1.0"
66.249.79.131 - - [23/Mar/2017:17:09:31 -0700] "GET /img/autumn/thumbs/4.jpg HTTP/1.1" 304 - "-" "Googlebot-Image/1.0"
66.249.79.188 - - [23/Mar/2017:17:25:46 -0700] "GET /img/oncekids-fujimini/5.jpg HTTP/1.1" 304 - "-" "Googlebot-Image/1.0"
45.32.131.61 - - [23/Mar/2017:17:30:43 -0700] "GET / HTTP/1.1" 200 72657 "http://w3data.co/profile.php?lookup=rndsquared.com" "Mozilla/5.0 (Windows NT 6.1; WOW64) AppleWebKit/537.36 (KHTML, like Gecko) Chrome/40.0.2214.115 Safari/537.36"
66.249.79.191 - - [23/Mar/2017:17:42:12 -0700] "GET /img/wu-wei/thumbs/7.jpg HTTP/1.1" 304 - "-" "Googlebot-Image/1.0"
45.32.129.1 - - [23/Mar/2017:17:48:25 -0700] "GET / HTTP/1.1" 200 72657 "http://w3data.co/profile.php?lookup=www.rndsquared.com" "Mozilla/5.0 (Windows NT 6.1; WOW64) AppleWebKit/537.36 (KHTML, like Gecko) Chrome/40.0.2214.115 Safari/537.36"
46.229.164.99 - - [24/Mar/2017:00:42:31 -0700] "GET /robots.txt HTTP/1.1" 404 208 "-" "Mozilla/5.0 (compatible; SemrushBot/1.2~bl; +http://www.semrush.com/bot.html)"
138.197.64.72 - - [24/Mar/2017:03:30:17 -0700] "GET / HTTP/1.1" 200 15892 "-" "Mozilla/5.0 (Macintosh; Intel Mac OS X 10_9_2) AppleWebKit/537.75.14 (KHTML, like Gecko) Version/7.0.3 Safari/537.75.14"
