77.75.76.161 - - [25/Nov/2018:14:58:15 -0800] "GET /img/urban-cowgirl/thumbs/5.jpg HTTP/1.1" 200 26913 "-" "Mozilla/5.0 (compatible; SeznamBot/3.2; +http://napoveda.seznam.cz/en/seznambot-intro/)"
77.75.76.161 - - [25/Nov/2018:14:58:16 -0800] "GET /img/bs4w/thumbs/4.jpg HTTP/1.1" 200 27608 "-" "Mozilla/5.0 (compatible; SeznamBot/3.2; +http://napoveda.seznam.cz/en/seznambot-intro/)"
77.75.76.161 - - [25/Nov/2018:14:58:17 -0800] "GET /img/mixman/5.jpg HTTP/1.1" 200 86490 "-" "Mozilla/5.0 (compatible; SeznamBot/3.2; +http://napoveda.seznam.cz/en/seznambot-intro/)"
77.75.76.161 - - [25/Nov/2018:15:29:03 -0800] "GET /robots.txt HTTP/1.1" 404 208 "-" "Mozilla/5.0 (compatible; SeznamBot/3.2; +http://napoveda.seznam.cz/en/seznambot-intro/)"
77.75.76.161 - - [25/Nov/2018:15:29:05 -0800] "GET /img/oncekids-fujimini/thumbs/7.jpg HTTP/1.1" 200 39450 "-" "Mozilla/5.0 (compatible; SeznamBot/3.2; +http://napoveda.seznam.cz/en/seznambot-intro/)"
77.75.76.161 - - [25/Nov/2018:15:29:08 -0800] "GET /img/urban-cowgirl/thumbs/5.jpg HTTP/1.1" 200 26913 "-" "Mozilla/5.0 (compatible; SeznamBot/3.2; +http://napoveda.seznam.cz/en/seznambot-intro/)"
77.75.76.161 - - [25/Nov/2018:15:29:09 -0800] "GET /img/bs4w/thumbs/4.jpg HTTP/1.1" 200 27608 "-" "Mozilla/5.0 (compatible; SeznamBot/3.2; +http://napoveda.seznam.cz/en/seznambot-intro/)"
77.75.76.161 - - [25/Nov/2018:15:29:10 -0800] "GET /img/mixman/5.jpg HTTP/1.1" 200 86490 "-" "Mozilla/5.0 (compatible; SeznamBot/3.2; +http://napoveda.seznam.cz/en/seznambot-intro/)"
77.75.76.161 - - [25/Nov/2018:16:11:56 -0800] "GET /robots.txt HTTP/1.1" 404 208 "-" "Mozilla/5.0 (compatible; SeznamBot/3.2; +http://napoveda.seznam.cz/en/seznambot-intro/)"
77.75.76.161 - - [25/Nov/2018:16:11:59 -0800] "GET /img/oncekids-fujimini/thumbs/7.jpg HTTP/1.1" 200 39450 "-" "Mozilla/5.0 (compatible; SeznamBot/3.2; +http://napoveda.seznam.cz/en/seznambot-intro/)"
77.75.76.161 - - [25/Nov/2018:16:12:02 -0800] "GET /img/urban-cowgirl/thumbs/5.jpg HTTP/1.1" 200 26913 "-" "Mozilla/5.0 (compatible; SeznamBot/3.2; +http://napoveda.seznam.cz/en/seznambot-intro/)"
77.75.76.161 - - [25/Nov/2018:16:12:03 -0800] "GET /img/bs4w/thumbs/4.jpg HTTP/1.1" 200 27608 "-" "Mozilla/5.0 (compatible; SeznamBot/3.2; +http://napoveda.seznam.cz/en/seznambot-intro/)"
77.75.76.161 - - [25/Nov/2018:16:12:06 -0800] "GET /img/mixman/5.jpg HTTP/1.1" 200 86490 "-" "Mozilla/5.0 (compatible; SeznamBot/3.2; +http://napoveda.seznam.cz/en/seznambot-intro/)"
207.46.13.48 - - [25/Nov/2018:16:24:10 -0800] "GET / HTTP/1.1" 200 15893 "-" "Mozilla/5.0 (compatible; bingbot/2.0; +http://www.bing.com/bingbot.htm)"
77.75.78.166 - - [25/Nov/2018:16:47:39 -0800] "GET /robots.txt HTTP/1.1" 404 208 "-" "Mozilla/5.0 (compatible; SeznamBot/3.2; +http://napoveda.seznam.cz/en/seznambot-intro/)"
77.75.78.166 - - [25/Nov/2018:16:47:56 -0800] "GET /img/mixman/thumbs/16.jpg HTTP/1.1" 200 36852 "-" "Mozilla/5.0 (compatible; SeznamBot/3.2; +http://napoveda.seznam.cz/en/seznambot-intro/)"
77.75.78.166 - - [25/Nov/2018:16:48:07 -0800] "GET /img/bs4w/thumbs/7.jpg HTTP/1.1" 200 23328 "-" "Mozilla/5.0 (compatible; SeznamBot/3.2; +http://napoveda.seznam.cz/en/seznambot-intro/)"
77.75.78.166 - - [25/Nov/2018:16:48:08 -0800] "GET /img/njn/thumbs/4.jpg HTTP/1.1" 200 32206 "-" "Mozilla/5.0 (compatible; SeznamBot/3.2; +http://napoveda.seznam.cz/en/seznambot-intro/)"
77.75.78.166 - - [25/Nov/2018:16:48:10 -0800] "GET /img/njn/4.jpg HTTP/1.1" 200 151484 "-" "Mozilla/5.0 (compatible; SeznamBot/3.2; +http://napoveda.seznam.cz/en/seznambot-intro/)"
77.75.78.166 - - [25/Nov/2018:17:04:09 -0800] "GET /robots.txt HTTP/1.1" 404 208 "-" "Mozilla/5.0 (compatible; SeznamBot/3.2; +http://napoveda.seznam.cz/en/seznambot-intro/)"
77.75.78.166 - - [25/Nov/2018:17:04:12 -0800] "GET /img/mixman/thumbs/16.jpg HTTP/1.1" 200 36852 "-" "Mozilla/5.0 (compatible; SeznamBot/3.2; +http://napoveda.seznam.cz/en/seznambot-intro/)"
77.75.78.166 - - [25/Nov/2018:17:04:15 -0800] "GET /img/bs4w/thumbs/7.jpg HTTP/1.1" 200 23328 "-" "Mozilla/5.0 (compatible; SeznamBot/3.2; +http://napoveda.seznam.cz/en/seznambot-intro/)"
77.75.78.166 - - [25/Nov/2018:17:04:16 -0800] "GET /img/njn/thumbs/4.jpg HTTP/1.1" 200 32206 "-" "Mozilla/5.0 (compatible; SeznamBot/3.2; +http://napoveda.seznam.cz/en/seznambot-intro/)"
77.75.78.166 - - [25/Nov/2018:17:04:18 -0800] "GET /img/njn/4.jpg HTTP/1.1" 200 151484 "-" "Mozilla/5.0 (compatible; SeznamBot/3.2; +http://napoveda.seznam.cz/en/seznambot-intro/)"
77.75.77.36 - - [25/Nov/2018:18:59:39 -0800] "GET /robots.txt HTTP/1.1" 404 208 "-" "Mozilla/5.0 (compatible; SeznamBot/3.2; +http://napoveda.seznam.cz/en/seznambot-intro/)"
77.75.77.36 - - [25/Nov/2018:18:59:42 -0800] "GET /img/oncekids-fujimini/2.jpg HTTP/1.1" 200 99983 "-" "Mozilla/5.0 (compatible; SeznamBot/3.2; +http://napoveda.seznam.cz/en/seznambot-intro/)"
151.80.233.133 - - [25/Nov/2018:19:24:00 -0800] "GET /robots.txt HTTP/1.1" 404 208 "-" "Mozilla/5.0 (compatible; MJ12bot/v1.4.8; http://mj12bot.com/)"
151.80.233.133 - - [25/Nov/2018:19:24:03 -0800] "GET / HTTP/1.1" 200 72658 "-" "Mozilla/5.0 (compatible; MJ12bot/v1.4.8; http://mj12bot.com/)"
93.158.161.62 - - [25/Nov/2018:19:59:55 -0800] "GET /robots.txt HTTP/1.1" 404 208 "-" "Mozilla/5.0 (compatible; YandexBot/3.0; +http://yandex.com/bots)"
93.158.161.62 - - [25/Nov/2018:19:59:58 -0800] "GET / HTTP/1.1" 200 15893 "-" "Mozilla/5.0 (compatible; YandexBot/3.0; +http://yandex.com/bots)"
159.65.34.175 - - [25/Nov/2018:21:11:43 -0800] "GET / HTTP/1.1" 200 72658 "-" "-"
66.249.79.45 - - [25/Nov/2018:22:28:33 -0800] "GET /robots.txt HTTP/1.1" 404 208 "-" "Mozilla/5.0 (compatible; Googlebot/2.1; +http://www.google.com/bot.html)"
66.249.79.36 - - [25/Nov/2018:22:28:33 -0800] "GET / HTTP/1.1" 200 15893 "-" "Mozilla/5.0 (Linux; Android 6.0.1; Nexus 5X Build/MMB29P) AppleWebKit/537.36 (KHTML, like Gecko) Chrome/41.0.2272.96 Mobile Safari/537.36 (compatible; Googlebot/2.1; +http://www.google.com/bot.html)"
93.158.161.62 - - [26/Nov/2018:02:00:46 -0800] "GET /robots.txt HTTP/1.1" 404 208 "-" "Mozilla/5.0 (compatible; YandexBot/3.0; +http://yandex.com/bots)"
5.255.250.172 - - [26/Nov/2018:02:00:50 -0800] "GET / HTTP/1.1" 200 15893 "-" "Mozilla/5.0 (compatible; YandexBot/3.0; +http://yandex.com/bots)"
77.88.47.14 - - [26/Nov/2018:02:02:17 -0800] "GET /favicon.ico HTTP/1.1" 404 209 "-" "Mozilla/5.0 (compatible; YandexBot/3.0; +http://yandex.com/bots)"
207.46.13.1 - - [26/Nov/2018:05:04:01 -0800] "GET /img/bs4w/8.jpg HTTP/1.1" 200 67708 "-" "Mozilla/5.0 (compatible; bingbot/2.0; +http://www.bing.com/bingbot.htm)"
40.77.167.6 - - [26/Nov/2018:05:26:03 -0800] "GET /img/mixman/18.jpg HTTP/1.1" 200 75474 "-" "Mozilla/5.0 (compatible; bingbot/2.0; +http://www.bing.com/bingbot.htm)"
207.46.13.48 - - [26/Nov/2018:05:31:12 -0800] "GET /img/bs4w/6.jpg HTTP/1.1" 200 42274 "-" "Mozilla/5.0 (compatible; bingbot/2.0; +http://www.bing.com/bingbot.htm)"
66.249.79.36 - - [26/Nov/2018:05:49:37 -0800] "GET / HTTP/1.1" 200 15893 "-" "Mozilla/5.0 (compatible; Googlebot/2.1; +http://www.google.com/bot.html)"
40.77.167.6 - - [26/Nov/2018:05:56:56 -0800] "GET /img/sfnoir/7.jpg HTTP/1.1" 200 122937 "-" "Mozilla/5.0 (compatible; bingbot/2.0; +http://www.bing.com/bingbot.htm)"
157.55.39.26 - - [26/Nov/2018:06:23:24 -0800] "GET /robots.txt HTTP/1.1" 404 208 "-" "Mozilla/5.0 (compatible; bingbot/2.0; +http://www.bing.com/bingbot.htm)"
157.55.39.26 - - [26/Nov/2018:06:23:24 -0800] "GET /robots.txt HTTP/1.1" 404 208 "-" "Mozilla/5.0 (compatible; bingbot/2.0; +http://www.bing.com/bingbot.htm)"
207.46.13.1 - - [26/Nov/2018:06:23:56 -0800] "GET /img/wu-wei/7.jpg HTTP/1.1" 200 293352 "-" "Mozilla/5.0 (compatible; bingbot/2.0; +http://www.bing.com/bingbot.htm)"
40.77.167.6 - - [26/Nov/2018:06:33:18 -0800] "GET /img/sfnoir/1.jpg HTTP/1.1" 200 77798 "-" "Mozilla/5.0 (compatible; bingbot/2.0; +http://www.bing.com/bingbot.htm)"
207.46.13.1 - - [26/Nov/2018:06:38:12 -0800] "GET /img/autumn/7.jpg HTTP/1.1" 200 236722 "-" "Mozilla/5.0 (compatible; bingbot/2.0; +http://www.bing.com/bingbot.htm)"
40.77.167.6 - - [26/Nov/2018:06:46:03 -0800] "GET /img/bs4w/5.jpg HTTP/1.1" 200 42135 "-" "Mozilla/5.0 (compatible; bingbot/2.0; +http://www.bing.com/bingbot.htm)"
207.46.13.1 - - [26/Nov/2018:07:04:10 -0800] "GET /img/sfnoir/6.jpg HTTP/1.1" 200 112789 "-" "Mozilla/5.0 (compatible; bingbot/2.0; +http://www.bing.com/bingbot.htm)"
157.55.39.53 - - [26/Nov/2018:07:05:32 -0800] "GET /img/mixman/7.jpg HTTP/1.1" 200 107323 "-" "Mozilla/5.0 (compatible; bingbot/2.0; +http://www.bing.com/bingbot.htm)"
207.46.13.48 - - [26/Nov/2018:07:07:41 -0800] "GET /img/wu-wei/9.jpg HTTP/1.1" 200 398953 "-" "Mozilla/5.0 (compatible; bingbot/2.0; +http://www.bing.com/bingbot.htm)"
40.77.167.6 - - [26/Nov/2018:07:08:19 -0800] "GET /img/wu-wei/6.jpg HTTP/1.1" 200 180106 "-" "Mozilla/5.0 (compatible; bingbot/2.0; +http://www.bing.com/bingbot.htm)"
40.77.167.6 - - [26/Nov/2018:07:13:46 -0800] "GET /img/njn/6.jpg HTTP/1.1" 200 125438 "-" "Mozilla/5.0 (compatible; bingbot/2.0; +http://www.bing.com/bingbot.htm)"
100.43.81.200 - - [26/Nov/2018:08:04:13 -0800] "GET /robots.txt HTTP/1.1" 404 208 "-" "Mozilla/5.0 (compatible; YandexBot/3.0; +http://yandex.com/bots)"
100.43.81.200 - - [26/Nov/2018:08:04:16 -0800] "GET / HTTP/1.1" 200 15893 "-" "Mozilla/5.0 (compatible; YandexBot/3.0; +http://yandex.com/bots)"
157.55.39.10 - - [26/Nov/2018:08:36:05 -0800] "GET /robots.txt HTTP/1.1" 404 208 "-" "Mozilla/5.0 (compatible; bingbot/2.0; +http://www.bing.com/bingbot.htm)"
157.55.39.10 - - [26/Nov/2018:08:36:05 -0800] "GET /robots.txt HTTP/1.1" 404 208 "-" "Mozilla/5.0 (compatible; bingbot/2.0; +http://www.bing.com/bingbot.htm)"
207.46.13.48 - - [26/Nov/2018:08:36:08 -0800] "GET / HTTP/1.1" 200 15893 "-" "Mozilla/5.0 (compatible; bingbot/2.0; +http://www.bing.com/bingbot.htm)"
209.17.96.210 - - [26/Nov/2018:09:23:05 -0800] "GET / HTTP/1.1" 200 72658 "-" "Mozilla/5.0 (compatible; Nimbostratus-Bot/v1.3.2; http://cloudsystemnetworks.com)"
40.77.167.6 - - [26/Nov/2018:09:39:04 -0800] "GET /img/mixman/3.jpg HTTP/1.1" 200 114734 "-" "Mozilla/5.0 (compatible; bingbot/2.0; +http://www.bing.com/bingbot.htm)"
40.77.167.6 - - [26/Nov/2018:09:49:56 -0800] "GET /img/mixman/5.jpg HTTP/1.1" 200 86490 "-" "Mozilla/5.0 (compatible; bingbot/2.0; +http://www.bing.com/bingbot.htm)"
66.249.79.42 - - [26/Nov/2018:10:32:41 -0800] "GET /robots.txt HTTP/1.1" 404 208 "-" "Mozilla/5.0 (compatible; Googlebot/2.1; +http://www.google.com/bot.html)"
66.249.79.42 - - [26/Nov/2018:10:32:41 -0800] "GET / HTTP/1.1" 200 15893 "-" "Mozilla/5.0 (Linux; Android 6.0.1; Nexus 5X Build/MMB29P) AppleWebKit/537.36 (KHTML, like Gecko) Chrome/41.0.2272.96 Mobile Safari/537.36 (compatible; Googlebot/2.1; +http://www.google.com/bot.html)"
157.55.39.53 - - [26/Nov/2018:13:37:26 -0800] "GET /img/njn/2.jpg HTTP/1.1" 200 103550 "-" "Mozilla/5.0 (compatible; bingbot/2.0; +http://www.bing.com/bingbot.htm)"
93.158.161.62 - - [26/Nov/2018:20:39:53 -0800] "GET /robots.txt HTTP/1.1" 404 208 "-" "Mozilla/5.0 (compatible; YandexBot/3.0; +http://yandex.com/bots)"
93.158.161.62 - - [26/Nov/2018:20:39:56 -0800] "GET / HTTP/1.1" 200 15893 "-" "Mozilla/5.0 (compatible; YandexBot/3.0; +http://yandex.com/bots)"
207.46.13.48 - - [26/Nov/2018:21:06:07 -0800] "GET / HTTP/1.1" 200 15893 "-" "Mozilla/5.0 (compatible; bingbot/2.0; +http://www.bing.com/bingbot.htm)"
220.243.135.6 - - [27/Nov/2018:00:06:28 -0800] "GET / HTTP/1.1" 200 15893 "-" "Mozilla/5.0 (Linux; Android 5.0; SM-G900P Build/LRX21T) AppleWebKit/537.36 (KHTML, like Gecko) Chrome/60.0.1543.255 Mobile Safari/537.36"
220.243.135.47 - - [27/Nov/2018:00:06:28 -0800] "GET /category/uncategorized/ HTTP/1.1" 404 221 "-" "Mozilla/5.0 (Linux; Android 6.0; Nexus 5 Build/MRA58N) AppleWebKit/537.36 (KHTML, like Gecko) Chrome/40.0.3825.641 Mobile Safari/537.36"
220.243.135.210 - - [27/Nov/2018:00:06:29 -0800] "GET /hurricanes-and-flooding-gypsum-association-technical-resources/ HTTP/1.1" 404 261 "-" "Mozilla/5.0 (Linux; Android 5.0; SM-G900P Build/LRX21T) AppleWebKit/537.36 (KHTML, like Gecko) Chrome/52.0.3135.66 Mobile Safari/537.36"
178.154.244.151 - - [27/Nov/2018:03:51:33 -0800] "GET /robots.txt HTTP/1.1" 404 208 "-" "Mozilla/5.0 (compatible; YandexBot/3.0; +http://yandex.com/bots)"
77.88.47.14 - - [27/Nov/2018:03:51:37 -0800] "GET / HTTP/1.1" 200 15893 "-" "Mozilla/5.0 (compatible; YandexBot/3.0; +http://yandex.com/bots)"
207.46.13.48 - - [27/Nov/2018:12:05:08 -0800] "GET / HTTP/1.1" 200 15893 "-" "Mozilla/5.0 (compatible; bingbot/2.0; +http://www.bing.com/bingbot.htm)"
108.178.61.59 - - [27/Nov/2018:13:55:34 -0800] "GET / HTTP/1.1" 200 15893 "-" "Mozilla/5.0 (Windows NT 10.0; WOW64) AppleWebKit/537.36 (KHTML, like Gecko) Chrome/66.0.3359.117 Safari/537.36"
77.88.47.14 - - [27/Nov/2018:22:05:08 -0800] "GET /robots.txt HTTP/1.1" 404 208 "-" "Mozilla/5.0 (compatible; YandexBot/3.0; +http://yandex.com/bots)"
93.158.161.62 - - [27/Nov/2018:22:05:12 -0800] "GET / HTTP/1.1" 200 15893 "-" "Mozilla/5.0 (compatible; YandexBot/3.0; +http://yandex.com/bots)"
5.255.250.172 - - [28/Nov/2018:00:42:54 -0800] "GET / HTTP/1.1" 200 15893 "-" "Mozilla/5.0 (compatible; YandexBot/3.0; +http://yandex.com/bots)"
77.88.47.14 - - [28/Nov/2018:03:49:38 -0800] "GET /robots.txt HTTP/1.1" 404 208 "-" "Mozilla/5.0 (compatible; YandexBot/3.0; +http://yandex.com/bots)"
93.158.161.62 - - [28/Nov/2018:03:49:42 -0800] "GET / HTTP/1.1" 200 15893 "-" "Mozilla/5.0 (compatible; YandexBot/3.0; +http://yandex.com/bots)"
195.201.171.107 - - [28/Nov/2018:10:31:55 -0800] "GET / HTTP/1.1" 200 15893 "-" "Mozilla/5.0 (X11; Ubuntu; Linux i686; rv:62.0.2) Gecko/20100101 Firefox/62.0.2"
13.57.233.99 - - [28/Nov/2018:16:34:46 -0800] "GET / HTTP/1.1" 200 15893 "-" "Mozilla/5.0 (Macintosh; Intel Mac OS X 10_12_6) AppleWebKit/537.36 (KHTML, like Gecko) Chrome/61.0.3163.100 Safari/537.36"
138.246.253.5 - - [28/Nov/2018:19:03:44 -0800] "HEAD / HTTP/1.1" 200 - "-" "Mozilla/5.0 (Windows NT 6.1; Win64; x64) AppleWebKit/537.36 (KHTML, like Gecko) Chrome/40.0.2214.85 Safari/537.36"
66.249.79.36 - - [28/Nov/2018:21:29:59 -0800] "GET /robots.txt HTTP/1.1" 404 208 "-" "Mozilla/5.0 (compatible; Googlebot/2.1; +http://www.google.com/bot.html)"
66.249.79.45 - - [28/Nov/2018:21:29:59 -0800] "GET / HTTP/1.1" 200 15893 "-" "Mozilla/5.0 (Linux; Android 6.0.1; Nexus 5X Build/MMB29P) AppleWebKit/537.36 (KHTML, like Gecko) Chrome/41.0.2272.96 Mobile Safari/537.36 (compatible; Googlebot/2.1; +http://www.google.com/bot.html)"
66.249.79.42 - - [28/Nov/2018:21:31:18 -0800] "GET /js/scripts.js HTTP/1.1" 200 1227 "https://www.rndsquared.com/" "Mozilla/5.0 (Linux; Android 6.0.1; Nexus 5X Build/MMB29P) AppleWebKit/537.36 (KHTML, like Gecko) Chrome/41.0.2272.96 Mobile Safari/537.36 (compatible; Googlebot/2.1; +http://www.google.com/bot.html)"
138.246.253.5 - - [29/Nov/2018:00:18:37 -0800] "HEAD / HTTP/1.1" 200 - "-" "Mozilla/5.0 (Windows NT 6.1; Win64; x64) AppleWebKit/537.36 (KHTML, like Gecko) Chrome/40.0.2214.85 Safari/537.36"
207.46.13.157 - - [29/Nov/2018:07:15:22 -0800] "GET / HTTP/1.1" 200 15893 "-" "Mozilla/5.0 (compatible; bingbot/2.0; +http://www.bing.com/bingbot.htm)"
66.249.79.36 - - [29/Nov/2018:12:17:53 -0800] "GET /robots.txt HTTP/1.1" 404 208 "-" "Mozilla/5.0 (compatible; Googlebot/2.1; +http://www.google.com/bot.html)"
66.249.79.42 - - [29/Nov/2018:12:17:53 -0800] "GET / HTTP/1.1" 200 15893 "-" "Mozilla/5.0 (Linux; Android 6.0.1; Nexus 5X Build/MMB29P) AppleWebKit/537.36 (KHTML, like Gecko) Chrome/41.0.2272.96 Mobile Safari/537.36 (compatible; Googlebot/2.1; +http://www.google.com/bot.html)"
77.75.78.162 - - [29/Nov/2018:14:48:01 -0800] "GET /robots.txt HTTP/1.1" 404 208 "-" "Mozilla/5.0 (compatible; SeznamBot/3.2; +http://napoveda.seznam.cz/en/seznambot-intro/)"
77.75.78.162 - - [29/Nov/2018:14:48:06 -0800] "GET /img/oncekids-fujimini/thumbs/2.jpg HTTP/1.1" 304 - "-" "Mozilla/5.0 (compatible; SeznamBot/3.2; +http://napoveda.seznam.cz/en/seznambot-intro/)"
77.75.78.162 - - [29/Nov/2018:14:48:08 -0800] "GET /img/bs4w/thumbs/5.jpg HTTP/1.1" 304 - "-" "Mozilla/5.0 (compatible; SeznamBot/3.2; +http://napoveda.seznam.cz/en/seznambot-intro/)"
77.75.77.119 - - [29/Nov/2018:17:10:25 -0800] "GET /robots.txt HTTP/1.1" 404 208 "-" "Mozilla/5.0 (compatible; SeznamBot/3.2; +http://napoveda.seznam.cz/en/seznambot-intro/)"
77.75.77.119 - - [29/Nov/2018:17:10:28 -0800] "GET /img/wu-wei/thumbs/1.jpg HTTP/1.1" 304 - "-" "Mozilla/5.0 (compatible; SeznamBot/3.2; +http://napoveda.seznam.cz/en/seznambot-intro/)"
77.75.77.119 - - [29/Nov/2018:17:10:30 -0800] "GET /img/njn/1.jpg HTTP/1.1" 304 - "-" "Mozilla/5.0 (compatible; SeznamBot/3.2; +http://napoveda.seznam.cz/en/seznambot-intro/)"
209.17.97.106 - - [29/Nov/2018:19:48:09 -0800] "GET / HTTP/1.1" 200 72658 "-" "Mozilla/5.0 (compatible; Nimbostratus-Bot/v1.3.2; http://cloudsystemnetworks.com)"
77.75.76.169 - - [30/Nov/2018:02:37:00 -0800] "GET /robots.txt HTTP/1.1" 404 208 "-" "Mozilla/5.0 (compatible; SeznamBot/3.2; +http://napoveda.seznam.cz/en/seznambot-intro/)"
77.75.76.169 - - [30/Nov/2018:02:37:11 -0800] "GET /img/njn/thumbs/7.jpg HTTP/1.1" 304 - "-" "Mozilla/5.0 (compatible; SeznamBot/3.2; +http://napoveda.seznam.cz/en/seznambot-intro/)"
66.249.79.42 - - [30/Nov/2018:04:20:18 -0800] "GET /robots.txt HTTP/1.1" 404 208 "-" "Mozilla/5.0 (compatible; Googlebot/2.1; +http://www.google.com/bot.html)"
66.249.79.42 - - [30/Nov/2018:04:20:18 -0800] "GET / HTTP/1.1" 200 15893 "-" "Mozilla/5.0 (Linux; Android 6.0.1; Nexus 5X Build/MMB29P) AppleWebKit/537.36 (KHTML, like Gecko) Chrome/41.0.2272.96 Mobile Safari/537.36 (compatible; Googlebot/2.1; +http://www.google.com/bot.html)"
77.75.77.119 - - [30/Nov/2018:04:38:51 -0800] "GET /robots.txt HTTP/1.1" 404 208 "-" "Mozilla/5.0 (compatible; SeznamBot/3.2; +http://napoveda.seznam.cz/en/seznambot-intro/)"
77.75.77.119 - - [30/Nov/2018:04:38:54 -0800] "GET /img/bs4w/4.jpg HTTP/1.1" 304 - "-" "Mozilla/5.0 (compatible; SeznamBot/3.2; +http://napoveda.seznam.cz/en/seznambot-intro/)"
77.75.77.119 - - [30/Nov/2018:04:59:08 -0800] "GET /robots.txt HTTP/1.1" 404 208 "-" "Mozilla/5.0 (compatible; SeznamBot/3.2; +http://napoveda.seznam.cz/en/seznambot-intro/)"
77.75.77.119 - - [30/Nov/2018:04:59:22 -0800] "GET /img/bs4w/4.jpg HTTP/1.1" 304 - "-" "Mozilla/5.0 (compatible; SeznamBot/3.2; +http://napoveda.seznam.cz/en/seznambot-intro/)"
77.75.79.62 - - [30/Nov/2018:07:56:03 -0800] "GET /robots.txt HTTP/1.1" 404 208 "-" "Mozilla/5.0 (compatible; SeznamBot/3.2; +http://napoveda.seznam.cz/en/seznambot-intro/)"
77.75.79.62 - - [30/Nov/2018:07:56:11 -0800] "GET /img/wu-wei/thumbs/5.jpg HTTP/1.1" 304 - "-" "Mozilla/5.0 (compatible; SeznamBot/3.2; +http://napoveda.seznam.cz/en/seznambot-intro/)"
77.75.79.62 - - [30/Nov/2018:08:32:57 -0800] "GET /robots.txt HTTP/1.1" 404 208 "-" "Mozilla/5.0 (compatible; SeznamBot/3.2; +http://napoveda.seznam.cz/en/seznambot-intro/)"
77.75.79.62 - - [30/Nov/2018:08:33:00 -0800] "GET /img/wu-wei/thumbs/5.jpg HTTP/1.1" 304 - "-" "Mozilla/5.0 (compatible; SeznamBot/3.2; +http://napoveda.seznam.cz/en/seznambot-intro/)"
157.55.39.5 - - [30/Nov/2018:09:42:38 -0800] "GET /robots.txt HTTP/1.1" 404 208 "-" "Mozilla/5.0 (compatible; bingbot/2.0; +http://www.bing.com/bingbot.htm)"
157.55.39.5 - - [30/Nov/2018:09:42:39 -0800] "GET /robots.txt HTTP/1.1" 404 208 "-" "Mozilla/5.0 (compatible; bingbot/2.0; +http://www.bing.com/bingbot.htm)"
157.55.39.54 - - [30/Nov/2018:09:42:42 -0800] "GET / HTTP/1.1" 200 15893 "-" "Mozilla/5.0 (compatible; bingbot/2.0; +http://www.bing.com/bingbot.htm)"
142.93.69.33 - - [30/Nov/2018:12:06:17 -0800] "GET / HTTP/1.1" 200 72658 "-" "-"
66.249.79.45 - - [30/Nov/2018:13:51:47 -0800] "GET / HTTP/1.1" 200 15893 "-" "Mozilla/5.0 (Linux; Android 6.0.1; Nexus 5X Build/MMB29P) AppleWebKit/537.36 (KHTML, like Gecko) Chrome/41.0.2272.96 Mobile Safari/537.36 (compatible; Googlebot/2.1; +http://www.google.com/bot.html)"
66.249.79.36 - - [30/Nov/2018:13:51:48 -0800] "GET /css/bootstrap.min.css HTTP/1.1" 200 11249 "https://www.rndsquared.com/" "Mozilla/5.0 (Linux; Android 6.0.1; Nexus 5X Build/MMB29P) AppleWebKit/537.36 (KHTML, like Gecko) Chrome/41.0.2272.96 Mobile Safari/537.36 (compatible; Googlebot/2.1; +http://www.google.com/bot.html)"
77.75.76.164 - - [30/Nov/2018:18:16:48 -0800] "GET /robots.txt HTTP/1.1" 404 208 "-" "Mozilla/5.0 (compatible; SeznamBot/3.2; +http://napoveda.seznam.cz/en/seznambot-intro/)"
77.75.76.164 - - [30/Nov/2018:18:16:55 -0800] "GET /img/mixman/15.jpg HTTP/1.1" 304 - "-" "Mozilla/5.0 (compatible; SeznamBot/3.2; +http://napoveda.seznam.cz/en/seznambot-intro/)"
46.4.107.115 - - [30/Nov/2018:18:53:50 -0800] "GET / HTTP/1.1" 200 15893 "-" "Mozilla/5.0 (compatible; BLEXBot/1.0; +http://webmeup-crawler.com/)"
77.75.77.95 - - [30/Nov/2018:20:24:51 -0800] "GET /robots.txt HTTP/1.1" 404 208 "-" "Mozilla/5.0 (compatible; SeznamBot/3.2; +http://napoveda.seznam.cz/en/seznambot-intro/)"
77.75.77.95 - - [30/Nov/2018:20:25:00 -0800] "GET /img/oncekids-fujimini/thumbs/3.jpg HTTP/1.1" 304 - "-" "Mozilla/5.0 (compatible; SeznamBot/3.2; +http://napoveda.seznam.cz/en/seznambot-intro/)"
66.249.79.36 - - [30/Nov/2018:20:46:11 -0800] "GET /robots.txt HTTP/1.1" 404 208 "-" "Mozilla/5.0 (compatible; Googlebot/2.1; +http://www.google.com/bot.html)"
66.249.79.36 - - [30/Nov/2018:20:46:11 -0800] "GET / HTTP/1.1" 200 15893 "-" "Mozilla/5.0 (compatible; Googlebot/2.1; +http://www.google.com/bot.html)"
157.55.39.54 - - [30/Nov/2018:23:32:42 -0800] "GET / HTTP/1.1" 200 15893 "-" "Mozilla/5.0 (compatible; bingbot/2.0; +http://www.bing.com/bingbot.htm)"
