104.193.252.187 - - [11/Jun/2018:08:24:32 -0700] "GET / HTTP/1.1" 200 15893 "-" "python-requests/2.18.4"
104.193.252.187 - - [11/Jun/2018:08:25:06 -0700] "GET / HTTP/1.1" 200 15893 "-" "python-requests/2.18.4"
104.193.252.187 - - [11/Jun/2018:08:25:41 -0700] "GET / HTTP/1.1" 200 15893 "-" "python-requests/2.18.4"
104.193.252.187 - - [11/Jun/2018:08:26:13 -0700] "GET /img/mixman/1.jpg HTTP/1.1" 200 146374 "-" "python-requests/2.18.4"
104.193.252.187 - - [11/Jun/2018:08:26:41 -0700] "GET /img/mixman/2.jpg HTTP/1.1" 200 80932 "-" "python-requests/2.18.4"
104.193.252.187 - - [11/Jun/2018:08:27:17 -0700] "GET /img/mixman/3.jpg HTTP/1.1" 200 114734 "-" "python-requests/2.18.4"
104.193.252.187 - - [11/Jun/2018:08:27:49 -0700] "GET /img/mixman/4.jpg HTTP/1.1" 200 135099 "-" "python-requests/2.18.4"
104.193.252.187 - - [11/Jun/2018:08:28:23 -0700] "GET /img/mixman/5.jpg HTTP/1.1" 200 86490 "-" "python-requests/2.18.4"
104.193.252.187 - - [11/Jun/2018:08:28:57 -0700] "GET /img/mixman/6.jpg HTTP/1.1" 200 105501 "-" "python-requests/2.18.4"
104.193.252.187 - - [11/Jun/2018:08:29:30 -0700] "GET /img/mixman/7.jpg HTTP/1.1" 200 107323 "-" "python-requests/2.18.4"
180.76.15.27 - - [11/Jun/2018:08:45:16 -0700] "GET / HTTP/1.1" 200 15893 "-" "Mozilla/5.0 (compatible; Baiduspider/2.0; +http://www.baidu.com/search/spider.html)"
178.137.163.137 - - [11/Jun/2018:08:55:12 -0700] "GET / HTTP/1.1" 200 72658 "https://vzubkah.com/" "Mozilla/4.0 (compatible; MSIE 6.0; Windows NT 5.1; en) Opera 8.00"
178.137.163.137 - - [11/Jun/2018:08:55:13 -0700] "GET / HTTP/1.1" 200 72658 "https://vzubkah.com/" "Mozilla/4.0 (compatible; MSIE 6.0; Windows NT 5.1; en) Opera 8.00"
178.137.163.137 - - [11/Jun/2018:08:55:14 -0700] "GET / HTTP/1.1" 200 72658 "https://vzubkah.com/" "Mozilla/4.0 (compatible; MSIE 6.0; Windows NT 5.1; en) Opera 8.00"
171.25.193.77 - - [11/Jun/2018:09:48:02 -0700] "GET / HTTP/1.1" 200 15893 "-" "Mozilla/5.0 (Windows NT 10.0; Win64; x64) AppleWebKit/537.36 (KHTML, like Gecko) Chrome/66.0.3359.181 Safari/537.36"
66.249.79.150 - - [11/Jun/2018:09:50:39 -0700] "GET / HTTP/1.1" 200 15893 "-" "Mozilla/5.0 (Linux; Android 6.0.1; Nexus 5X Build/MMB29P) AppleWebKit/537.36 (KHTML, like Gecko) Chrome/41.0.2272.96 Mobile Safari/537.36 (compatible; Googlebot/2.1; +http://www.google.com/bot.html)"
178.17.174.198 - - [11/Jun/2018:09:54:09 -0700] "GET /eladm.php HTTP/1.1" 404 207 "-" "Mozilla/5.0 (Linux; Android 4.1.1; SCH-I605 Build/JRO03C) AppleWebKit/535.19 (KHTML, like Gecko) Chrome/18.0.1025.166 Mobile Safari/535.19"
180.76.15.5 - - [11/Jun/2018:10:10:29 -0700] "GET /css/styles.css HTTP/1.1" 200 1975 "-" "Mozilla/5.0 (compatible; Baiduspider/2.0; +http://www.baidu.com/search/spider.html)"
178.137.163.137 - - [11/Jun/2018:10:11:52 -0700] "GET / HTTP/1.1" 200 72658 "http://elvel.com.ua/" "Mozilla/2.0 (compatible; MSIE 3.02; Windows CE; 240x320)"
180.76.15.163 - - [11/Jun/2018:11:17:09 -0700] "GET / HTTP/1.1" 200 15893 "-" "Mozilla/5.0 (compatible; Baiduspider/2.0; +http://www.baidu.com/search/spider.html)"
66.249.79.152 - - [11/Jun/2018:12:05:00 -0700] "GET /robots.txt HTTP/1.1" 404 208 "-" "Mozilla/5.0 (compatible; Googlebot/2.1; +http://www.google.com/bot.html)"
66.249.79.148 - - [11/Jun/2018:12:05:00 -0700] "GET / HTTP/1.1" 200 15893 "-" "Mozilla/5.0 (Linux; Android 6.0.1; Nexus 5X Build/MMB29P) AppleWebKit/537.36 (KHTML, like Gecko) Chrome/41.0.2272.96 Mobile Safari/537.36 (compatible; Googlebot/2.1; +http://www.google.com/bot.html)"
66.249.79.150 - - [11/Jun/2018:12:05:53 -0700] "GET /css/styles.css HTTP/1.1" 200 1975 "http://rndsquared.com/" "Mozilla/5.0 (Linux; Android 6.0.1; Nexus 5X Build/MMB29P) AppleWebKit/537.36 (KHTML, like Gecko) Chrome/41.0.2272.96 Mobile Safari/537.36 (compatible; Googlebot/2.1; +http://www.google.com/bot.html)"
66.249.79.150 - - [11/Jun/2018:12:05:53 -0700] "GET /css/lightbox.css HTTP/1.1" 200 1003 "http://rndsquared.com/" "Mozilla/5.0 (Linux; Android 6.0.1; Nexus 5X Build/MMB29P) AppleWebKit/537.36 (KHTML, like Gecko) Chrome/41.0.2272.96 Mobile Safari/537.36 (compatible; Googlebot/2.1; +http://www.google.com/bot.html)"
66.249.79.150 - - [11/Jun/2018:12:40:18 -0700] "GET / HTTP/1.1" 200 15893 "-" "Mozilla/5.0 (compatible; Googlebot/2.1; +http://www.google.com/bot.html)"
94.23.196.14 - - [11/Jun/2018:12:50:40 -0700] "GET /up.php HTTP/1.0" 404 204 "-" "Mozilla/5.0 (Windows NT 6.1; Win64; x64) AppleWebKit/537.36 (KHTML, like Gecko) Chrome/62.0.3202.94 Safari/537.36"
94.23.196.14 - - [11/Jun/2018:12:50:42 -0700] "GET /up.php HTTP/1.0" 404 204 "-" "Mozilla/5.0 (Windows NT 6.1; Win64; x64) AppleWebKit/537.36 (KHTML, like Gecko) Chrome/62.0.3202.94 Safari/537.36"
134.249.52.34 - - [11/Jun/2018:13:22:17 -0700] "GET / HTTP/1.1" 200 72658 "https://ofermerah.com/" "Mozilla/4.0 (compatible; MSIE 6.0; Windows NT 5.1; MRA 4.3 (build 01218); .NET CLR 1.1.4322)"
134.249.52.34 - - [11/Jun/2018:13:22:19 -0700] "GET / HTTP/1.1" 200 72658 "https://ofermerah.com/" "Mozilla/4.0 (compatible; MSIE 6.0; Windows NT 5.1; MRA 4.3 (build 01218); .NET CLR 1.1.4322)"
134.249.52.34 - - [11/Jun/2018:13:22:21 -0700] "GET / HTTP/1.1" 200 72658 "https://ofermerah.com/" "Mozilla/4.0 (compatible; MSIE 6.0; Windows NT 5.1; MRA 4.3 (build 01218); .NET CLR 1.1.4322)"
69.30.214.6 - - [11/Jun/2018:14:06:08 -0700] "GET / HTTP/1.1" 200 15893 "-" "Mozilla/5.0 (Windows NT 10.0; Win64; x64) AppleWebKit/537.36 (KHTML, like Gecko) Chrome/66.0.3359.181 Safari/537.36"
66.249.79.132 - - [11/Jun/2018:14:13:44 -0700] "GET /robots.txt HTTP/1.1" 404 208 "-" "Mozilla/5.0 (compatible; Googlebot/2.1; +http://www.google.com/bot.html)"
66.249.79.132 - - [11/Jun/2018:14:13:44 -0700] "GET / HTTP/1.1" 200 15893 "-" "Mozilla/5.0 (compatible; Googlebot/2.1; +http://www.google.com/bot.html)"
66.249.79.132 - - [11/Jun/2018:14:14:05 -0700] "GET /css/lightbox.css HTTP/1.1" 200 1003 "http://www.rndsquared.com/" "Mozilla/5.0 AppleWebKit/537.36 (KHTML, like Gecko; compatible; Googlebot/2.1; +http://www.google.com/bot.html) Safari/537.36"
66.249.79.132 - - [11/Jun/2018:14:14:06 -0700] "GET /css/bootstrap.min.css HTTP/1.1" 200 11249 "http://www.rndsquared.com/" "Mozilla/5.0 AppleWebKit/537.36 (KHTML, like Gecko; compatible; Googlebot/2.1; +http://www.google.com/bot.html) Safari/537.36"
76.103.27.137 - - [11/Jun/2018:14:15:47 -0700] "GET /favicon.ico HTTP/1.1" 404 209 "-" "Mozilla/5.0 (iPad; CPU OS 11_4 like Mac OS X) AppleWebKit/605.1.15 (KHTML, like Gecko) FxiOS/12.1b10941 Mobile/15F79 Safari/605.1.15"
76.103.27.137 - - [11/Jun/2018:14:18:08 -0700] "GET /favicon.ico HTTP/1.1" 404 209 "-" "Mozilla/5.0 (iPad; CPU OS 11_4 like Mac OS X) AppleWebKit/605.1.15 (KHTML, like Gecko) FxiOS/12.1b10941 Mobile/15F79 Safari/605.1.15"
216.244.66.197 - - [11/Jun/2018:14:24:02 -0700] "GET /robots.txt HTTP/1.1" 404 208 "-" "Mozilla/5.0 (compatible; DotBot/1.1; http://www.opensiteexplorer.org/dotbot, help@moz.com)"
216.244.66.197 - - [11/Jun/2018:14:30:45 -0700] "GET /img/wu-wei/7.jpg HTTP/1.1" 200 293352 "-" "Mozilla/5.0 (compatible; DotBot/1.1; http://www.opensiteexplorer.org/dotbot, help@moz.com)"
76.103.27.137 - - [11/Jun/2018:14:43:43 -0700] "GET /favicon.ico HTTP/1.1" 404 209 "-" "Mozilla/5.0 (iPad; CPU OS 11_4 like Mac OS X) AppleWebKit/605.1.15 (KHTML, like Gecko) FxiOS/12.1b10941 Mobile/15F79 Safari/605.1.15"
76.103.27.137 - - [11/Jun/2018:14:53:17 -0700] "GET /favicon.ico HTTP/1.1" 404 209 "-" "Mozilla/5.0 (iPad; CPU OS 11_4 like Mac OS X) AppleWebKit/605.1.15 (KHTML, like Gecko) FxiOS/12.1b10941 Mobile/15F79 Safari/605.1.15"
46.185.74.179 - - [11/Jun/2018:15:16:03 -0700] "GET / HTTP/1.1" 200 72658 "http://shnyagi.net/" "Mozilla/4.0 (compatible; MSIE 6.0; Windows XP)"
46.185.74.179 - - [11/Jun/2018:15:16:04 -0700] "GET / HTTP/1.1" 200 72658 "http://shnyagi.net/" "Mozilla/4.0 (compatible; MSIE 6.0; Windows XP)"
46.185.74.179 - - [11/Jun/2018:15:16:05 -0700] "GET / HTTP/1.1" 200 72658 "http://shnyagi.net/" "Mozilla/4.0 (compatible; MSIE 6.0; Windows XP)"
216.244.66.197 - - [11/Jun/2018:16:09:55 -0700] "GET /robots.txt HTTP/1.1" 404 208 "-" "Mozilla/5.0 (compatible; DotBot/1.1; http://www.opensiteexplorer.org/dotbot, help@moz.com)"
216.244.66.197 - - [11/Jun/2018:16:16:49 -0700] "GET /img/wu-wei/4.jpg HTTP/1.1" 200 279891 "-" "Mozilla/5.0 (compatible; DotBot/1.1; http://www.opensiteexplorer.org/dotbot, help@moz.com)"
66.249.79.130 - - [11/Jun/2018:16:26:34 -0700] "GET / HTTP/1.1" 200 15893 "-" "Mozilla/5.0 (compatible; Googlebot/2.1; +http://www.google.com/bot.html)"
66.249.79.132 - - [11/Jun/2018:16:26:42 -0700] "GET /css/lightbox.css HTTP/1.1" 200 1003 "http://www.rndsquared.com/" "Mozilla/5.0 AppleWebKit/537.36 (KHTML, like Gecko; compatible; Googlebot/2.1; +http://www.google.com/bot.html) Safari/537.36"
66.249.79.130 - - [11/Jun/2018:16:26:42 -0700] "GET /css/bootstrap.min.css HTTP/1.1" 200 11249 "http://www.rndsquared.com/" "Mozilla/5.0 AppleWebKit/537.36 (KHTML, like Gecko; compatible; Googlebot/2.1; +http://www.google.com/bot.html) Safari/537.36"
134.249.54.27 - - [11/Jun/2018:16:34:54 -0700] "GET / HTTP/1.1" 200 72658 "http://www.tsatu.edu.ua/" "Mozilla/4.0 (compatible; MSIE 6.0; Windows NT 5.1; Deepnet Explorer 1.5.0; .NET CLR 1.0.3705)"
134.249.54.27 - - [11/Jun/2018:16:34:56 -0700] "GET / HTTP/1.1" 200 72658 "http://www.tsatu.edu.ua/" "Mozilla/4.0 (compatible; MSIE 6.0; Windows NT 5.1; Deepnet Explorer 1.5.0; .NET CLR 1.0.3705)"
134.249.54.27 - - [11/Jun/2018:16:34:57 -0700] "GET / HTTP/1.1" 200 72658 "http://www.tsatu.edu.ua/" "Mozilla/4.0 (compatible; MSIE 6.0; Windows NT 5.1; Deepnet Explorer 1.5.0; .NET CLR 1.0.3705)"
76.103.27.137 - - [11/Jun/2018:16:50:37 -0700] "GET /favicon.ico HTTP/1.1" 404 209 "-" "Mozilla/5.0 (iPad; CPU OS 11_4 like Mac OS X) AppleWebKit/605.1.15 (KHTML, like Gecko) FxiOS/12.1b10941 Mobile/15F79 Safari/605.1.15"
180.76.15.18 - - [11/Jun/2018:16:57:56 -0700] "GET /css/bootstrap.min.css HTTP/1.1" 200 11249 "-" "Mozilla/5.0 (compatible; Baiduspider/2.0; +http://www.baidu.com/search/spider.html)"
76.103.27.137 - - [11/Jun/2018:17:46:31 -0700] "GET /favicon.ico HTTP/1.1" 404 209 "-" "Mozilla/5.0 (iPad; CPU OS 11_4 like Mac OS X) AppleWebKit/605.1.15 (KHTML, like Gecko) FxiOS/12.1b10941 Mobile/15F79 Safari/605.1.15"
76.103.27.137 - - [11/Jun/2018:18:10:57 -0700] "GET /favicon.ico HTTP/1.1" 404 209 "-" "Mozilla/5.0 (iPad; CPU OS 11_4 like Mac OS X) AppleWebKit/605.1.15 (KHTML, like Gecko) FxiOS/12.1b10941 Mobile/15F79 Safari/605.1.15"
77.88.47.14 - - [11/Jun/2018:18:18:03 -0700] "GET /robots.txt HTTP/1.1" 404 208 "-" "Mozilla/5.0 (compatible; YandexBot/3.0; +http://yandex.com/bots)"
93.158.161.62 - - [11/Jun/2018:18:18:04 -0700] "GET /robots.txt HTTP/1.1" 404 208 "-" "Mozilla/5.0 (compatible; YandexBot/3.0; +http://yandex.com/bots)"
93.158.161.62 - - [11/Jun/2018:18:18:07 -0700] "GET / HTTP/1.1" 200 15893 "-" "Mozilla/5.0 (compatible; YandexBot/3.0; +http://yandex.com/bots)"
77.88.47.14 - - [11/Jun/2018:18:18:07 -0700] "GET / HTTP/1.1" 200 15893 "-" "Mozilla/5.0 (compatible; YandexBot/3.0; +http://yandex.com/bots)"
134.249.54.27 - - [11/Jun/2018:18:24:03 -0700] "GET / HTTP/1.1" 200 72658 "http://pk-pomosch.ru/" "Mozilla/4.0 (compatible; MSIE 6.0; Windows NT 5.1; SV1; FunWebProducts)"
134.249.54.27 - - [11/Jun/2018:18:24:04 -0700] "GET / HTTP/1.1" 200 72658 "http://pk-pomosch.ru/" "Mozilla/4.0 (compatible; MSIE 6.0; Windows NT 5.1; SV1; FunWebProducts)"
134.249.54.27 - - [11/Jun/2018:18:24:05 -0700] "GET / HTTP/1.1" 200 72658 "http://pk-pomosch.ru/" "Mozilla/4.0 (compatible; MSIE 6.0; Windows NT 5.1; SV1; FunWebProducts)"
134.249.54.27 - - [11/Jun/2018:18:51:05 -0700] "GET / HTTP/1.1" 200 72658 "http://kinosed.net/" "Mozilla/4.0 (compatible; MSIE 6.0; Windows NT 5.0; .NET CLR 1.0.3705; .NET CLR 1.1.4322)"
134.249.54.27 - - [11/Jun/2018:18:51:07 -0700] "GET / HTTP/1.1" 200 72658 "http://kinosed.net/" "Mozilla/4.0 (compatible; MSIE 6.0; Windows NT 5.0; .NET CLR 1.0.3705; .NET CLR 1.1.4322)"
76.103.27.137 - - [11/Jun/2018:19:47:58 -0700] "GET /favicon.ico HTTP/1.1" 404 209 "-" "Mozilla/5.0 (iPad; CPU OS 11_4 like Mac OS X) AppleWebKit/605.1.15 (KHTML, like Gecko) FxiOS/12.1b10941 Mobile/15F79 Safari/605.1.15"
66.249.79.132 - - [11/Jun/2018:20:45:55 -0700] "GET / HTTP/1.1" 200 15893 "-" "Mozilla/5.0 (compatible; Googlebot/2.1; +http://www.google.com/bot.html)"
76.103.27.137 - - [11/Jun/2018:21:11:39 -0700] "GET /favicon.ico HTTP/1.1" 404 209 "-" "Mozilla/5.0 (iPad; CPU OS 11_4 like Mac OS X) AppleWebKit/605.1.15 (KHTML, like Gecko) FxiOS/12.1b10941 Mobile/15F79 Safari/605.1.15"
163.172.4.153 - - [11/Jun/2018:21:14:15 -0700] "GET / HTTP/1.1" 200 15893 "http://rndsquared.com/" "Mozilla/5.0 (Macintosh; Intel Mac OS X 10_12_4) AppleWebKit/537.36 (KHTML, like Gecko) Chrome/58.0.3029.81 Safari/537.36"
47.106.146.167 - - [11/Jun/2018:21:32:18 -0700] "HEAD /plugins/modules.php HTTP/1.1" 404 - "-" "-"
181.214.166.6 - - [11/Jun/2018:21:57:20 -0700] "GET / HTTP/1.1" 200 72658 "-" "Mozilla/5.0 (Macintosh; Intel Mac OS X 10_9_3) AppleWebKit/537.75.14 (KHTML, like Gecko) Version/7.0.3 Safari/7046A194A"
38.145.70.153 - - [11/Jun/2018:22:02:36 -0700] "GET / HTTP/1.1" 200 72658 "-" "Opera/9.80 (X11; Linux i686; Ubuntu/14.10) Presto/2.12.388 Version/12.16"
76.103.27.137 - - [11/Jun/2018:22:33:17 -0700] "GET /favicon.ico HTTP/1.1" 404 209 "-" "Mozilla/5.0 (iPad; CPU OS 11_4 like Mac OS X) AppleWebKit/605.1.15 (KHTML, like Gecko) FxiOS/12.1b10941 Mobile/15F79 Safari/605.1.15"
66.249.69.241 - - [12/Jun/2018:01:04:56 -0700] "GET / HTTP/1.1" 200 15893 "-" "Mozilla/5.0 (compatible; Googlebot/2.1; +http://www.google.com/bot.html)"
199.58.86.209 - - [12/Jun/2018:01:29:23 -0700] "GET /robots.txt HTTP/1.1" 404 208 "-" "Mozilla/5.0 (compatible; MJ12bot/v1.4.8; http://mj12bot.com/)"
199.58.86.209 - - [12/Jun/2018:01:29:24 -0700] "GET / HTTP/1.1" 200 72658 "-" "Mozilla/5.0 (compatible; MJ12bot/v1.4.8; http://mj12bot.com/)"
134.249.52.34 - - [12/Jun/2018:03:36:08 -0700] "GET / HTTP/1.1" 200 72658 "http://shnyagi.net/" "Mozilla/4.0 (compatible; MSIE 6.0; Windows NT 5.1; MRA 4.3 (build 01218); .NET CLR 1.1.4322)"
134.249.52.34 - - [12/Jun/2018:03:36:08 -0700] "GET / HTTP/1.1" 200 72658 "http://shnyagi.net/" "Mozilla/4.0 (compatible; MSIE 6.0; Windows NT 5.1; MRA 4.3 (build 01218); .NET CLR 1.1.4322)"
134.249.52.34 - - [12/Jun/2018:03:36:11 -0700] "GET / HTTP/1.1" 200 72658 "http://shnyagi.net/" "Mozilla/4.0 (compatible; MSIE 6.0; Windows NT 5.1; MRA 4.3 (build 01218); .NET CLR 1.1.4322)"
134.249.52.34 - - [12/Jun/2018:03:36:12 -0700] "GET / HTTP/1.1" 200 72658 "http://shnyagi.net/" "Mozilla/4.0 (compatible; MSIE 6.0; Windows NT 5.1; MRA 4.3 (build 01218); .NET CLR 1.1.4322)"
108.174.198.231 - - [12/Jun/2018:05:30:25 -0700] "GET //wp-admin/install.php HTTP/1.1" 404 218 "-" "Python-urllib/2.7"
76.103.27.137 - - [12/Jun/2018:07:31:00 -0700] "GET /favicon.ico HTTP/1.1" 404 209 "-" "Mozilla/5.0 (iPad; CPU OS 11_4 like Mac OS X) AppleWebKit/605.1.15 (KHTML, like Gecko) FxiOS/12.1b10941 Mobile/15F79 Safari/605.1.15"
157.55.39.24 - - [12/Jun/2018:07:37:39 -0700] "GET /robots.txt HTTP/1.1" 404 208 "-" "Mozilla/5.0 (compatible; bingbot/2.0; +http://www.bing.com/bingbot.htm)"
40.77.167.45 - - [12/Jun/2018:07:37:42 -0700] "GET / HTTP/1.1" 200 15893 "-" "Mozilla/5.0 (compatible; bingbot/2.0; +http://www.bing.com/bingbot.htm)"
151.80.39.237 - - [12/Jun/2018:07:46:40 -0700] "GET /robots.txt HTTP/1.1" 404 208 "-" "Mozilla/5.0 (compatible; AhrefsBot/5.2; +http://ahrefs.com/robot/)"
54.36.149.58 - - [12/Jun/2018:07:46:40 -0700] "GET / HTTP/1.1" 200 15893 "-" "Mozilla/5.0 (compatible; AhrefsBot/5.2; +http://ahrefs.com/robot/)"
85.248.227.165 - - [12/Jun/2018:08:37:11 -0700] "GET / HTTP/1.1" 200 15893 "-" "Mozilla/5.0 (Windows NT 10.0; Win64; x64) AppleWebKit/537.36 (KHTML, like Gecko) Chrome/66.0.3359.181 Safari/537.36"
84.111.37.207 - - [12/Jun/2018:09:05:21 -0700] "GET / HTTP/1.1" 200 15893 "-" "null"
66.249.75.92 - - [12/Jun/2018:09:08:00 -0700] "GET /robots.txt HTTP/1.1" 404 208 "-" "Mozilla/5.0 (compatible; Googlebot/2.1; +http://www.google.com/bot.html)"
66.249.75.91 - - [12/Jun/2018:09:08:00 -0700] "GET / HTTP/1.1" 200 15893 "-" "Mozilla/5.0 (Linux; Android 6.0.1; Nexus 5X Build/MMB29P) AppleWebKit/537.36 (KHTML, like Gecko) Chrome/41.0.2272.96 Mobile Safari/537.36 (compatible; Googlebot/2.1; +http://www.google.com/bot.html)"
46.119.112.98 - - [12/Jun/2018:10:04:17 -0700] "GET / HTTP/1.1" 200 72658 "http://prostitutki-spb.spb.ru/" "Opera/9.0 (Windows NT 5.1; U; en)"
46.119.112.98 - - [12/Jun/2018:10:04:18 -0700] "GET / HTTP/1.1" 200 72658 "http://prostitutki-spb.spb.ru/" "Opera/9.0 (Windows NT 5.1; U; en)"
46.119.112.98 - - [12/Jun/2018:10:04:20 -0700] "GET / HTTP/1.1" 200 72658 "http://prostitutki-spb.spb.ru/" "Opera/9.0 (Windows NT 5.1; U; en)"
66.249.69.241 - - [12/Jun/2018:10:39:25 -0700] "GET /robots.txt HTTP/1.1" 404 208 "-" "Mozilla/5.0 (compatible; Googlebot/2.1; +http://www.google.com/bot.html)"
66.249.69.241 - - [12/Jun/2018:10:39:25 -0700] "GET / HTTP/1.1" 200 15893 "-" "Mozilla/5.0 (compatible; Googlebot/2.1; +http://www.google.com/bot.html)"
157.55.39.24 - - [12/Jun/2018:10:49:40 -0700] "GET /robots.txt HTTP/1.1" 404 208 "-" "Mozilla/5.0 (compatible; bingbot/2.0; +http://www.bing.com/bingbot.htm)"
40.77.167.171 - - [12/Jun/2018:10:49:43 -0700] "GET /robots.txt HTTP/1.1" 404 208 "-" "Mozilla/5.0 (compatible; bingbot/2.0; +http://www.bing.com/bingbot.htm)"
180.76.15.11 - - [12/Jun/2018:11:13:30 -0700] "GET /robots.txt HTTP/1.1" 404 208 "-" "Mozilla/5.0 (Windows NT 5.1; rv:6.0.2) Gecko/20100101 Firefox/6.0.2"
180.76.15.19 - - [12/Jun/2018:11:13:31 -0700] "GET /robots.txt HTTP/1.1" 404 208 "-" "Mozilla/5.0 (Windows NT 5.1; rv:6.0.2) Gecko/20100101 Firefox/6.0.2"
180.76.15.11 - - [12/Jun/2018:11:14:29 -0700] "GET /js/scripts.js HTTP/1.1" 200 1227 "-" "Mozilla/5.0 (compatible; Baiduspider/2.0; +http://www.baidu.com/search/spider.html)"
54.36.148.44 - - [12/Jun/2018:11:25:38 -0700] "GET /img/sfnoir/7.jpg HTTP/1.1" 200 122937 "-" "Mozilla/5.0 (compatible; AhrefsBot/5.2; +http://ahrefs.com/robot/)"
54.36.148.58 - - [12/Jun/2018:11:56:40 -0700] "GET /img/mixman/19.jpg HTTP/1.1" 200 81276 "-" "Mozilla/5.0 (compatible; AhrefsBot/5.2; +http://ahrefs.com/robot/)"
93.158.161.62 - - [12/Jun/2018:12:20:00 -0700] "GET /robots.txt HTTP/1.1" 404 208 "-" "Mozilla/5.0 (compatible; YandexBot/3.0; +http://yandex.com/bots)"
93.158.161.62 - - [12/Jun/2018:12:20:01 -0700] "GET /robots.txt HTTP/1.1" 404 208 "-" "Mozilla/5.0 (compatible; YandexBot/3.0; +http://yandex.com/bots)"
93.158.161.62 - - [12/Jun/2018:12:20:04 -0700] "GET / HTTP/1.1" 200 15893 "-" "Mozilla/5.0 (compatible; YandexBot/3.0; +http://yandex.com/bots)"
77.88.47.14 - - [12/Jun/2018:12:20:04 -0700] "GET / HTTP/1.1" 200 15893 "-" "Mozilla/5.0 (compatible; YandexBot/3.0; +http://yandex.com/bots)"
185.234.217.251 - - [12/Jun/2018:12:31:44 -0700] "GET / HTTP/1.1" 200 15893 "-" "Mozilla/5.0 (Windows NT 10.0; Win64; x64) AppleWebKit/537.36 (KHTML, like Gecko) Chrome/66.0.3359.181 Safari/537.36"
134.249.52.34 - - [12/Jun/2018:12:32:32 -0700] "GET / HTTP/1.1" 200 72658 "http://fanoboi.com/dog-13.html" "Mozilla/4.0 (compatible; MSIE 6.0; Windows NT 5.1; MRA 4.6 (build 01425))"
134.249.52.34 - - [12/Jun/2018:12:32:33 -0700] "GET / HTTP/1.1" 200 72658 "http://fanoboi.com/dog-13.html" "Mozilla/4.0 (compatible; MSIE 6.0; Windows NT 5.1; MRA 4.6 (build 01425))"
66.249.69.241 - - [12/Jun/2018:14:39:00 -0700] "GET / HTTP/1.1" 200 15893 "-" "Mozilla/5.0 (compatible; Googlebot/2.1; +http://www.google.com/bot.html)"
66.249.69.239 - - [12/Jun/2018:14:39:03 -0700] "GET /css/styles.css HTTP/1.1" 200 1975 "http://www.rndsquared.com/" "Mozilla/5.0 AppleWebKit/537.36 (KHTML, like Gecko; compatible; Googlebot/2.1; +http://www.google.com/bot.html) Safari/537.36"
66.249.69.241 - - [12/Jun/2018:14:39:03 -0700] "GET /css/lightbox.css HTTP/1.1" 200 1003 "http://www.rndsquared.com/" "Mozilla/5.0 AppleWebKit/537.36 (KHTML, like Gecko; compatible; Googlebot/2.1; +http://www.google.com/bot.html) Safari/537.36"
66.249.69.241 - - [12/Jun/2018:14:39:03 -0700] "GET /css/bootstrap.min.css HTTP/1.1" 200 11249 "http://www.rndsquared.com/" "Mozilla/5.0 AppleWebKit/537.36 (KHTML, like Gecko; compatible; Googlebot/2.1; +http://www.google.com/bot.html) Safari/537.36"
68.96.183.190 - - [12/Jun/2018:14:55:23 -0700] "GET /img/autumn/thumbs/2.jpg HTTP/1.1" 200 45196 "https://www.google.com/" "Mozilla/5.0 (iPhone; CPU iPhone OS 11_3 like Mac OS X) AppleWebKit/605.1.15 (KHTML, like Gecko) Version/11.0 Mobile/15E148 Safari/604.1"
178.137.163.137 - - [12/Jun/2018:15:04:51 -0700] "GET / HTTP/1.1" 200 72658 "https://slomm.ru/" "Opera/9.00 (Windows NT 4.0; U; en)"
77.75.78.166 - - [12/Jun/2018:15:09:40 -0700] "GET /robots.txt HTTP/1.1" 404 208 "-" "Mozilla/5.0 (compatible; SeznamBot/3.2; +http://napoveda.seznam.cz/en/seznambot-intro/)"
77.75.78.166 - - [12/Jun/2018:15:09:42 -0700] "GET /img/njn/thumbs/8.jpg HTTP/1.1" 200 28396 "-" "Mozilla/5.0 (compatible; SeznamBot/3.2; +http://napoveda.seznam.cz/en/seznambot-intro/)"
84.111.37.207 - - [12/Jun/2018:15:26:46 -0700] "GET / HTTP/1.1" 200 15893 "-" "null"
24.244.23.250 - - [12/Jun/2018:15:54:20 -0700] "GET /img/autumn/thumbs/3.jpg HTTP/1.1" 200 40589 "https://www.google.ca/" "Mozilla/5.0 (Macintosh; Intel Mac OS X 10_13_2) AppleWebKit/537.36 (KHTML, like Gecko) Chrome/67.0.3396.79 Safari/537.36"
77.75.79.109 - - [12/Jun/2018:16:10:34 -0700] "GET /robots.txt HTTP/1.1" 404 208 "-" "Mozilla/5.0 (compatible; SeznamBot/3.2; +http://napoveda.seznam.cz/en/seznambot-intro/)"
77.75.79.109 - - [12/Jun/2018:16:10:36 -0700] "GET /img/sfnoir/thumbs/9.jpg HTTP/1.1" 200 20844 "-" "Mozilla/5.0 (compatible; SeznamBot/3.2; +http://napoveda.seznam.cz/en/seznambot-intro/)"
110.83.60.145 - - [12/Jun/2018:16:20:25 -0700] "HEAD /wp-datas.php HTTP/1.1" 404 - "-" "-"
76.103.27.137 - - [12/Jun/2018:17:01:01 -0700] "GET /favicon.ico HTTP/1.1" 404 209 "-" "Mozilla/5.0 (iPad; CPU OS 11_4 like Mac OS X) AppleWebKit/605.1.15 (KHTML, like Gecko) FxiOS/12.1b10941 Mobile/15F79 Safari/605.1.15"
77.75.78.160 - - [12/Jun/2018:17:19:08 -0700] "GET /robots.txt HTTP/1.1" 404 208 "-" "Mozilla/5.0 (compatible; SeznamBot/3.2; +http://napoveda.seznam.cz/en/seznambot-intro/)"
77.75.78.160 - - [12/Jun/2018:17:19:11 -0700] "GET /img/mixman/2.jpg HTTP/1.1" 200 80932 "-" "Mozilla/5.0 (compatible; SeznamBot/3.2; +http://napoveda.seznam.cz/en/seznambot-intro/)"
54.36.148.148 - - [12/Jun/2018:17:32:55 -0700] "GET /img/oncekids-fujimini/1.jpg HTTP/1.1" 200 109257 "-" "Mozilla/5.0 (compatible; AhrefsBot/5.2; +http://ahrefs.com/robot/)"
66.249.75.91 - - [12/Jun/2018:17:42:08 -0700] "GET / HTTP/1.1" 200 15893 "-" "Mozilla/5.0 (Linux; Android 6.0.1; Nexus 5X Build/MMB29P) AppleWebKit/537.36 (KHTML, like Gecko) Chrome/41.0.2272.96 Mobile Safari/537.36 (compatible; Googlebot/2.1; +http://www.google.com/bot.html)"
180.76.15.12 - - [12/Jun/2018:17:50:49 -0700] "GET /js/lightbox.js HTTP/1.1" 200 4210 "-" "Mozilla/5.0 (compatible; Baiduspider/2.0; +http://www.baidu.com/search/spider.html)"
73.71.74.9 - - [12/Jun/2018:17:52:52 -0700] "GET / HTTP/1.1" 200 15893 "-" "Mozilla/5.0 (Macintosh; Intel Mac OS X 10_12_5) AppleWebKit/603.2.4 (KHTML, like Gecko)"
73.71.74.9 - - [12/Jun/2018:17:52:52 -0700] "GET /apple-touch-icon-precomposed.png HTTP/1.1" 404 230 "-" "Safari/12603.2.4 CFNetwork/811.5.4 Darwin/16.6.0 (x86_64)"
73.71.74.9 - - [12/Jun/2018:17:52:52 -0700] "GET /apple-touch-icon.png HTTP/1.1" 404 218 "-" "Safari/12603.2.4 CFNetwork/811.5.4 Darwin/16.6.0 (x86_64)"
73.71.74.9 - - [12/Jun/2018:17:52:52 -0700] "GET /favicon.ico HTTP/1.1" 404 209 "-" "Safari/12603.2.4 CFNetwork/811.5.4 Darwin/16.6.0 (x86_64)"
73.71.74.9 - - [12/Jun/2018:17:52:52 -0700] "GET /apple-touch-icon-precomposed.png HTTP/1.1" 404 230 "-" "Safari/12603.2.4 CFNetwork/811.5.4 Darwin/16.6.0 (x86_64)"
73.71.74.9 - - [12/Jun/2018:17:52:52 -0700] "GET /apple-touch-icon.png HTTP/1.1" 404 218 "-" "Safari/12603.2.4 CFNetwork/811.5.4 Darwin/16.6.0 (x86_64)"
73.71.74.9 - - [12/Jun/2018:17:52:52 -0700] "GET /favicon.ico HTTP/1.1" 404 209 "-" "Safari/12603.2.4 CFNetwork/811.5.4 Darwin/16.6.0 (x86_64)"
73.71.74.9 - - [12/Jun/2018:17:52:52 -0700] "GET / HTTP/1.1" 200 15893 "-" "Mozilla/5.0 (iPhone; CPU iPhone OS 10_0 like Mac OS X) AppleWebKit/602.1.38 (KHTML, like Gecko) Version/10.0 Mobile/14A300 Safari/602.1"
73.71.74.9 - - [12/Jun/2018:17:52:52 -0700] "GET /apple-touch-icon-precomposed.png HTTP/1.1" 404 230 "-" "Safari/12603.2.4 CFNetwork/811.5.4 Darwin/16.6.0 (x86_64)"
73.71.74.9 - - [12/Jun/2018:17:52:52 -0700] "GET /apple-touch-icon.png HTTP/1.1" 404 218 "-" "Safari/12603.2.4 CFNetwork/811.5.4 Darwin/16.6.0 (x86_64)"
73.71.74.9 - - [12/Jun/2018:17:52:52 -0700] "GET /favicon.ico HTTP/1.1" 404 209 "-" "Safari/12603.2.4 CFNetwork/811.5.4 Darwin/16.6.0 (x86_64)"
73.71.74.9 - - [12/Jun/2018:17:52:52 -0700] "GET /apple-touch-icon-precomposed.png HTTP/1.1" 404 230 "-" "Safari/12603.2.4 CFNetwork/811.5.4 Darwin/16.6.0 (x86_64)"
73.71.74.9 - - [12/Jun/2018:17:52:52 -0700] "GET /apple-touch-icon.png HTTP/1.1" 404 218 "-" "Safari/12603.2.4 CFNetwork/811.5.4 Darwin/16.6.0 (x86_64)"
73.71.74.9 - - [12/Jun/2018:17:52:52 -0700] "GET /favicon.ico HTTP/1.1" 404 209 "-" "Safari/12603.2.4 CFNetwork/811.5.4 Darwin/16.6.0 (x86_64)"
77.75.78.164 - - [12/Jun/2018:17:59:37 -0700] "GET /robots.txt HTTP/1.1" 404 208 "-" "Mozilla/5.0 (compatible; SeznamBot/3.2; +http://napoveda.seznam.cz/en/seznambot-intro/)"
77.75.78.164 - - [12/Jun/2018:17:59:40 -0700] "GET /img/njn/thumbs/5.jpg HTTP/1.1" 200 27963 "-" "Mozilla/5.0 (compatible; SeznamBot/3.2; +http://napoveda.seznam.cz/en/seznambot-intro/)"
77.75.78.164 - - [12/Jun/2018:17:59:42 -0700] "GET /img/njn/thumbs/7.jpg HTTP/1.1" 304 - "-" "Mozilla/5.0 (compatible; SeznamBot/3.2; +http://napoveda.seznam.cz/en/seznambot-intro/)"
34.219.208.26 - - [12/Jun/2018:18:39:27 -0700] "GET / HTTP/1.1" 200 72658 "-" "Mozilla/5.0 (Macintosh; Intel Mac OS X 10_8_3) AppleWebKit/537.31 (KHTML, like Gecko) Chrome/26.0.1410.65 Safari/537.31"
77.75.78.160 - - [12/Jun/2018:19:06:47 -0700] "GET /robots.txt HTTP/1.1" 404 208 "-" "Mozilla/5.0 (compatible; SeznamBot/3.2; +http://napoveda.seznam.cz/en/seznambot-intro/)"
77.75.78.160 - - [12/Jun/2018:19:06:50 -0700] "GET /img/oncekids-fujimini/thumbs/5.jpg HTTP/1.1" 200 26202 "-" "Mozilla/5.0 (compatible; SeznamBot/3.2; +http://napoveda.seznam.cz/en/seznambot-intro/)"
77.75.78.160 - - [12/Jun/2018:19:06:52 -0700] "GET /img/mixman/thumbs/18.jpg HTTP/1.1" 304 - "-" "Mozilla/5.0 (compatible; SeznamBot/3.2; +http://napoveda.seznam.cz/en/seznambot-intro/)"
176.9.143.190 - - [12/Jun/2018:19:08:34 -0700] "GET /robots.txt HTTP/1.1" 404 208 "-" "Mozilla/5.0 (compatible; MJ12bot/v1.4.8; http://mj12bot.com/)"
176.9.143.190 - - [12/Jun/2018:19:08:35 -0700] "GET / HTTP/1.1" 200 72658 "-" "Mozilla/5.0 (compatible; MJ12bot/v1.4.8; http://mj12bot.com/)"
157.55.39.189 - - [12/Jun/2018:20:09:45 -0700] "GET / HTTP/1.1" 200 15893 "-" "Mozilla/5.0 (compatible; bingbot/2.0; +http://www.bing.com/bingbot.htm)"
76.103.27.137 - - [12/Jun/2018:20:34:09 -0700] "GET /favicon.ico HTTP/1.1" 404 209 "-" "Mozilla/5.0 (iPad; CPU OS 11_4 like Mac OS X) AppleWebKit/605.1.15 (KHTML, like Gecko) FxiOS/12.1b10941 Mobile/15F79 Safari/605.1.15"
76.103.27.137 - - [12/Jun/2018:20:38:57 -0700] "GET /favicon.ico HTTP/1.1" 404 209 "-" "Mozilla/5.0 (iPad; CPU OS 11_4 like Mac OS X) AppleWebKit/605.1.15 (KHTML, like Gecko) FxiOS/12.1b10941 Mobile/15F79 Safari/605.1.15"
54.36.149.48 - - [12/Jun/2018:20:54:40 -0700] "GET /img/urban-cowgirl/2.jpg HTTP/1.1" 200 104975 "-" "Mozilla/5.0 (compatible; AhrefsBot/5.2; +http://ahrefs.com/robot/)"
98.248.152.123 - - [12/Jun/2018:21:02:19 -0700] "GET /img/wu-wei/thumbs/3.jpg HTTP/1.1" 200 22711 "http://rndsquared.com/" "Mozilla/5.0 (iPhone; CPU iPhone OS 10_3_2 like Mac OS X) AppleWebKit/603.2.4 (KHTML, like Gecko) Version/10.0 Mobile/14F89 Safari/602.1"
98.248.152.123 - - [12/Jun/2018:21:02:19 -0700] "GET /img/oncekids-fujimini/thumbs/4.jpg HTTP/1.1" 200 39689 "http://rndsquared.com/" "Mozilla/5.0 (iPhone; CPU iPhone OS 10_3_2 like Mac OS X) AppleWebKit/603.2.4 (KHTML, like Gecko) Version/10.0 Mobile/14F89 Safari/602.1"
98.248.152.123 - - [12/Jun/2018:21:02:19 -0700] "GET /img/urban-cowgirl/thumbs/1.jpg HTTP/1.1" 200 26624 "http://rndsquared.com/" "Mozilla/5.0 (iPhone; CPU iPhone OS 10_3_2 like Mac OS X) AppleWebKit/603.2.4 (KHTML, like Gecko) Version/10.0 Mobile/14F89 Safari/602.1"
98.248.152.123 - - [12/Jun/2018:21:02:19 -0700] "GET /img/oncekids-fujimini/thumbs/5.jpg HTTP/1.1" 200 26202 "http://rndsquared.com/" "Mozilla/5.0 (iPhone; CPU iPhone OS 10_3_2 like Mac OS X) AppleWebKit/603.2.4 (KHTML, like Gecko) Version/10.0 Mobile/14F89 Safari/602.1"
98.248.152.123 - - [12/Jun/2018:21:02:20 -0700] "GET /img/wu-wei/thumbs/8.jpg HTTP/1.1" 200 26727 "http://rndsquared.com/" "Mozilla/5.0 (iPhone; CPU iPhone OS 10_3_2 like Mac OS X) AppleWebKit/603.2.4 (KHTML, like Gecko) Version/10.0 Mobile/14F89 Safari/602.1"
98.248.152.123 - - [12/Jun/2018:21:02:20 -0700] "GET /img/wu-wei/thumbs/5.jpg HTTP/1.1" 200 22671 "http://rndsquared.com/" "Mozilla/5.0 (iPhone; CPU iPhone OS 10_3_2 like Mac OS X) AppleWebKit/603.2.4 (KHTML, like Gecko) Version/10.0 Mobile/14F89 Safari/602.1"
98.248.152.123 - - [12/Jun/2018:21:02:20 -0700] "GET /js/lightbox.js HTTP/1.1" 200 4210 "http://rndsquared.com/" "Mozilla/5.0 (iPhone; CPU iPhone OS 10_3_2 like Mac OS X) AppleWebKit/603.2.4 (KHTML, like Gecko) Version/10.0 Mobile/14F89 Safari/602.1"
98.248.152.123 - - [12/Jun/2018:21:02:20 -0700] "GET /img/bs4w/thumbs/6.jpg HTTP/1.1" 200 12384 "http://rndsquared.com/" "Mozilla/5.0 (iPhone; CPU iPhone OS 10_3_2 like Mac OS X) AppleWebKit/603.2.4 (KHTML, like Gecko) Version/10.0 Mobile/14F89 Safari/602.1"
98.248.152.123 - - [12/Jun/2018:21:02:20 -0700] "GET /img/sfnoir/thumbs/3.jpg HTTP/1.1" 200 22380 "http://rndsquared.com/" "Mozilla/5.0 (iPhone; CPU iPhone OS 10_3_2 like Mac OS X) AppleWebKit/603.2.4 (KHTML, like Gecko) Version/10.0 Mobile/14F89 Safari/602.1"
98.248.152.123 - - [12/Jun/2018:21:02:20 -0700] "GET /img/autumn/thumbs/8.jpg HTTP/1.1" 200 20283 "http://rndsquared.com/" "Mozilla/5.0 (iPhone; CPU iPhone OS 10_3_2 like Mac OS X) AppleWebKit/603.2.4 (KHTML, like Gecko) Version/10.0 Mobile/14F89 Safari/602.1"
98.248.152.123 - - [12/Jun/2018:21:02:32 -0700] "GET /img/autumn/1.jpg HTTP/1.1" 200 290161 "http://rndsquared.com/" "Mozilla/5.0 (iPhone; CPU iPhone OS 10_3_2 like Mac OS X) AppleWebKit/603.2.4 (KHTML, like Gecko) Version/10.0 Mobile/14F89 Safari/602.1"
98.248.152.123 - - [12/Jun/2018:21:02:33 -0700] "GET /img/autumn/2.jpg HTTP/1.1" 200 292159 "http://rndsquared.com/" "Mozilla/5.0 (iPhone; CPU iPhone OS 10_3_2 like Mac OS X) AppleWebKit/603.2.4 (KHTML, like Gecko) Version/10.0 Mobile/14F89 Safari/602.1"
98.248.152.123 - - [12/Jun/2018:21:03:22 -0700] "GET /img/autumn/3.jpg HTTP/1.1" 200 506599 "http://rndsquared.com/" "Mozilla/5.0 (iPhone; CPU iPhone OS 10_3_2 like Mac OS X) AppleWebKit/603.2.4 (KHTML, like Gecko) Version/10.0 Mobile/14F89 Safari/602.1"
98.248.152.123 - - [12/Jun/2018:21:03:42 -0700] "GET /img/autumn/4.jpg HTTP/1.1" 200 166546 "http://rndsquared.com/" "Mozilla/5.0 (iPhone; CPU iPhone OS 10_3_2 like Mac OS X) AppleWebKit/603.2.4 (KHTML, like Gecko) Version/10.0 Mobile/14F89 Safari/602.1"
98.248.152.123 - - [12/Jun/2018:21:04:22 -0700] "GET /img/autumn/5.jpg HTTP/1.1" 200 180877 "http://rndsquared.com/" "Mozilla/5.0 (iPhone; CPU iPhone OS 10_3_2 like Mac OS X) AppleWebKit/603.2.4 (KHTML, like Gecko) Version/10.0 Mobile/14F89 Safari/602.1"
98.248.152.123 - - [12/Jun/2018:21:04:44 -0700] "GET /img/autumn/6.jpg HTTP/1.1" 200 149484 "http://rndsquared.com/" "Mozilla/5.0 (iPhone; CPU iPhone OS 10_3_2 like Mac OS X) AppleWebKit/603.2.4 (KHTML, like Gecko) Version/10.0 Mobile/14F89 Safari/602.1"
98.248.152.123 - - [12/Jun/2018:21:04:57 -0700] "GET /img/autumn/7.jpg HTTP/1.1" 200 236722 "http://rndsquared.com/" "Mozilla/5.0 (iPhone; CPU iPhone OS 10_3_2 like Mac OS X) AppleWebKit/603.2.4 (KHTML, like Gecko) Version/10.0 Mobile/14F89 Safari/602.1"
98.248.152.123 - - [12/Jun/2018:21:05:05 -0700] "GET /img/autumn/8.jpg HTTP/1.1" 200 100218 "http://rndsquared.com/" "Mozilla/5.0 (iPhone; CPU iPhone OS 10_3_2 like Mac OS X) AppleWebKit/603.2.4 (KHTML, like Gecko) Version/10.0 Mobile/14F89 Safari/602.1"
134.249.54.27 - - [12/Jun/2018:21:29:26 -0700] "GET / HTTP/1.1" 200 72658 "https://eduserver.net/" "Mozilla/4.0 (compatible; MSIE 6.0; Windows NT 5.1; SV1; .NET CLR 1.1.4322)"
134.249.54.27 - - [12/Jun/2018:21:29:28 -0700] "GET / HTTP/1.1" 200 72658 "https://eduserver.net/" "Mozilla/4.0 (compatible; MSIE 6.0; Windows NT 5.1; SV1; .NET CLR 1.1.4322)"
134.249.54.27 - - [12/Jun/2018:21:29:29 -0700] "GET / HTTP/1.1" 200 72658 "https://eduserver.net/" "Mozilla/4.0 (compatible; MSIE 6.0; Windows NT 5.1; SV1; .NET CLR 1.1.4322)"
46.119.112.98 - - [12/Jun/2018:21:45:43 -0700] "GET / HTTP/1.1" 200 72658 "http://xn--d1abj0abs9d.in.ua/" "Opera/9.01 (Windows NT 5.1; U; en)"
46.119.112.98 - - [12/Jun/2018:21:45:43 -0700] "GET / HTTP/1.1" 200 72658 "https://mybuh.kz/" "Mozilla/4.0 (compatible; MSIE 6.0; Windows NT 5.1; MRA 4.6 (build 01425))"
46.119.112.98 - - [12/Jun/2018:21:45:44 -0700] "GET / HTTP/1.1" 200 72658 "http://xn--d1abj0abs9d.in.ua/" "Opera/9.01 (Windows NT 5.1; U; en)"
46.119.112.98 - - [12/Jun/2018:21:45:45 -0700] "GET / HTTP/1.1" 200 72658 "http://xn--d1abj0abs9d.in.ua/" "Opera/9.01 (Windows NT 5.1; U; en)"
46.119.112.98 - - [12/Jun/2018:21:45:45 -0700] "GET / HTTP/1.1" 200 72658 "https://mybuh.kz/" "Mozilla/4.0 (compatible; MSIE 6.0; Windows NT 5.1; MRA 4.6 (build 01425))"
46.119.112.98 - - [12/Jun/2018:21:45:47 -0700] "GET / HTTP/1.1" 200 72658 "https://mybuh.kz/" "Mozilla/4.0 (compatible; MSIE 6.0; Windows NT 5.1; MRA 4.6 (build 01425))"
216.244.66.197 - - [12/Jun/2018:22:17:30 -0700] "GET /robots.txt HTTP/1.1" 404 208 "-" "Mozilla/5.0 (compatible; DotBot/1.1; http://www.opensiteexplorer.org/dotbot, help@moz.com)"
178.17.174.200 - - [12/Jun/2018:22:19:49 -0700] "GET / HTTP/1.1" 200 15893 "-" "Mozilla/5.0 (Windows NT 10.0; Win64; x64) AppleWebKit/537.36 (KHTML, like Gecko) Chrome/66.0.3359.181 Safari/537.36"
216.244.66.197 - - [12/Jun/2018:22:23:15 -0700] "GET /img/bs4w/2.jpg HTTP/1.1" 200 116129 "-" "Mozilla/5.0 (compatible; DotBot/1.1; http://www.opensiteexplorer.org/dotbot, help@moz.com)"
66.249.75.90 - - [12/Jun/2018:22:53:52 -0700] "GET /robots.txt HTTP/1.1" 404 208 "-" "Mozilla/5.0 (compatible; Googlebot/2.1; +http://www.google.com/bot.html)"
66.249.75.90 - - [12/Jun/2018:22:53:52 -0700] "GET / HTTP/1.1" 200 15893 "-" "Mozilla/5.0 (Linux; Android 6.0.1; Nexus 5X Build/MMB29P) AppleWebKit/537.36 (KHTML, like Gecko) Chrome/41.0.2272.96 Mobile Safari/537.36 (compatible; Googlebot/2.1; +http://www.google.com/bot.html)"
216.244.66.197 - - [12/Jun/2018:23:08:19 -0700] "GET /robots.txt HTTP/1.1" 404 208 "-" "Mozilla/5.0 (compatible; DotBot/1.1; http://www.opensiteexplorer.org/dotbot, help@moz.com)"
216.244.66.197 - - [12/Jun/2018:23:15:11 -0700] "GET /img/autumn/8.jpg HTTP/1.1" 200 100218 "-" "Mozilla/5.0 (compatible; DotBot/1.1; http://www.opensiteexplorer.org/dotbot, help@moz.com)"
77.75.76.163 - - [12/Jun/2018:23:34:44 -0700] "GET /robots.txt HTTP/1.1" 404 208 "-" "Mozilla/5.0 (compatible; SeznamBot/3.2; +http://napoveda.seznam.cz/en/seznambot-intro/)"
77.75.76.163 - - [12/Jun/2018:23:34:47 -0700] "GET /img/wu-wei/thumbs/7.jpg HTTP/1.1" 304 - "-" "Mozilla/5.0 (compatible; SeznamBot/3.2; +http://napoveda.seznam.cz/en/seznambot-intro/)"
178.137.163.137 - - [13/Jun/2018:00:15:43 -0700] "GET / HTTP/1.1" 200 72658 "https://modforwot.ru/" "Mozilla/4.79 [en] (Windows NT 5.0; U)"
216.244.66.197 - - [13/Jun/2018:00:24:31 -0700] "GET /robots.txt HTTP/1.1" 404 208 "-" "Mozilla/5.0 (compatible; DotBot/1.1; http://www.opensiteexplorer.org/dotbot, help@moz.com)"
13.57.220.0 - - [13/Jun/2018:00:26:07 -0700] "GET / HTTP/1.1" 200 15893 "-" "Mozilla/5.0 (Macintosh; Intel Mac OS X 10_12_6) AppleWebKit/537.36 (KHTML, like Gecko) Chrome/61.0.3163.100 Safari/537.36"
216.244.66.197 - - [13/Jun/2018:00:30:17 -0700] "GET /img/mixman/16.jpg HTTP/1.1" 200 113328 "-" "Mozilla/5.0 (compatible; DotBot/1.1; http://www.opensiteexplorer.org/dotbot, help@moz.com)"
216.244.66.197 - - [13/Jun/2018:00:30:25 -0700] "GET /img/njn/8.jpg HTTP/1.1" 200 124240 "-" "Mozilla/5.0 (compatible; DotBot/1.1; http://www.opensiteexplorer.org/dotbot, help@moz.com)"
216.244.66.197 - - [13/Jun/2018:00:49:30 -0700] "GET /robots.txt HTTP/1.1" 404 208 "-" "Mozilla/5.0 (compatible; DotBot/1.1; http://www.opensiteexplorer.org/dotbot, help@moz.com)"
216.244.66.197 - - [13/Jun/2018:00:55:07 -0700] "GET /img/mixman/9.jpg HTTP/1.1" 200 141085 "-" "Mozilla/5.0 (compatible; DotBot/1.1; http://www.opensiteexplorer.org/dotbot, help@moz.com)"
134.249.54.27 - - [13/Jun/2018:00:57:41 -0700] "GET / HTTP/1.1" 200 72658 "https://www.4istoshop.com/" "Opera/9.00 (Windows NT 5.1; U; ru)"
134.249.54.27 - - [13/Jun/2018:00:57:43 -0700] "GET / HTTP/1.1" 200 72658 "https://www.4istoshop.com/" "Opera/9.00 (Windows NT 5.1; U; ru)"
185.234.217.31 - - [13/Jun/2018:00:59:04 -0700] "GET /wp-login.php HTTP/1.1" 404 210 "http://rndsquared.com/wp-login.php" "Mozilla/4.0 (compatible; MSIE 9.0; Windows NT 6.1; 125LA; .NET CLR 2.0.50727; .NET CLR 3.0.04506.648; .NET CLR 3.5.21022)"
185.234.217.31 - - [13/Jun/2018:00:59:04 -0700] "GET /wp-login.php HTTP/1.1" 404 210 "http://rndsquared.com/wp-login.php" "Mozilla/4.0 (compatible; MSIE 9.0; Windows NT 6.1; 125LA; .NET CLR 2.0.50727; .NET CLR 3.0.04506.648; .NET CLR 3.5.21022)"
109.69.67.17 - - [13/Jun/2018:01:22:30 -0700] "GET / HTTP/1.1" 200 15893 "-" "Mozilla/5.0 (Windows NT 10.0; Win64; x64) AppleWebKit/537.36 (KHTML, like Gecko) Chrome/66.0.3359.181 Safari/537.36"
138.197.96.93 - - [13/Jun/2018:01:53:29 -0700] "GET /robots.txt HTTP/1.1" 404 208 "-" "Mozilla/5.0 (compatible; spbot/5.0.3; +http://OpenLinkProfiler.org/bot )"
138.197.96.93 - - [13/Jun/2018:01:53:33 -0700] "GET /robots.txt HTTP/1.1" 404 208 "-" "Mozilla/5.0 (compatible; spbot/5.0.3; +http://OpenLinkProfiler.org/bot )"
138.197.96.93 - - [13/Jun/2018:01:53:38 -0700] "GET / HTTP/1.1" 200 15893 "-" "Mozilla/5.0 (compatible; spbot/5.0.3; +http://OpenLinkProfiler.org/bot )"
178.137.163.137 - - [13/Jun/2018:02:02:49 -0700] "GET / HTTP/1.1" 200 72658 "http://elvel.com.ua/" "Mozilla/4.0 (compatible; MSIE 6.0; Windows NT 5.1; SV1; .NET CLR 1.1.4322) NS8/0.9.6"
77.75.79.101 - - [13/Jun/2018:02:09:00 -0700] "GET /robots.txt HTTP/1.1" 404 208 "-" "Mozilla/5.0 (compatible; SeznamBot/3.2; +http://napoveda.seznam.cz/en/seznambot-intro/)"
77.75.79.101 - - [13/Jun/2018:02:09:44 -0700] "GET /img/sfnoir/7.jpg HTTP/1.1" 304 - "-" "Mozilla/5.0 (compatible; SeznamBot/3.2; +http://napoveda.seznam.cz/en/seznambot-intro/)"
216.244.66.197 - - [13/Jun/2018:02:33:03 -0700] "GET /robots.txt HTTP/1.1" 404 208 "-" "Mozilla/5.0 (compatible; DotBot/1.1; http://www.opensiteexplorer.org/dotbot, help@moz.com)"
216.244.66.197 - - [13/Jun/2018:02:39:03 -0700] "GET /img/bs4w/5.jpg HTTP/1.1" 200 42135 "-" "Mozilla/5.0 (compatible; DotBot/1.1; http://www.opensiteexplorer.org/dotbot, help@moz.com)"
110.172.160.150 - - [13/Jun/2018:02:39:52 -0700] "GET /img/autumn/thumbs/2.jpg HTTP/1.1" 200 45196 "https://www.google.com/" "Mozilla/5.0 (Windows NT 5.1) AppleWebKit/537.36 (KHTML, like Gecko) Chrome/49.0.2623.112 Safari/537.36"
216.244.66.197 - - [13/Jun/2018:02:58:55 -0700] "GET /robots.txt HTTP/1.1" 404 208 "-" "Mozilla/5.0 (compatible; DotBot/1.1; http://www.opensiteexplorer.org/dotbot, help@moz.com)"
216.244.66.197 - - [13/Jun/2018:03:04:44 -0700] "GET /img/wu-wei/3.jpg HTTP/1.1" 200 173337 "-" "Mozilla/5.0 (compatible; DotBot/1.1; http://www.opensiteexplorer.org/dotbot, help@moz.com)"
77.75.78.167 - - [13/Jun/2018:03:08:22 -0700] "GET /robots.txt HTTP/1.1" 404 208 "-" "Mozilla/5.0 (compatible; SeznamBot/3.2; +http://napoveda.seznam.cz/en/seznambot-intro/)"
77.75.78.167 - - [13/Jun/2018:03:08:26 -0700] "GET /img/sfnoir/thumbs/8.jpg HTTP/1.1" 304 - "-" "Mozilla/5.0 (compatible; SeznamBot/3.2; +http://napoveda.seznam.cz/en/seznambot-intro/)"
171.25.193.77 - - [13/Jun/2018:05:21:55 -0700] "GET / HTTP/1.1" 200 15893 "-" "Mozilla/5.0 (Windows NT 10.0; Win64; x64) AppleWebKit/537.36 (KHTML, like Gecko) Chrome/66.0.3359.181 Safari/537.36"
162.210.196.97 - - [13/Jun/2018:05:38:34 -0700] "GET /robots.txt HTTP/1.1" 404 208 "-" "Mozilla/5.0 (compatible; MJ12bot/v1.4.8; http://mj12bot.com/)"
162.210.196.97 - - [13/Jun/2018:05:38:36 -0700] "GET / HTTP/1.1" 200 72658 "-" "Mozilla/5.0 (compatible; MJ12bot/v1.4.8; http://mj12bot.com/)"
134.249.54.27 - - [13/Jun/2018:06:44:23 -0700] "GET / HTTP/1.1" 200 72658 "http://www.tsatu.edu.ua/" "Mozilla/4.0 (compatible; MSIE 6.0; Windows NT 5.1; Crazy Browser 1.0.5)"
31.7.245.245 - - [13/Jun/2018:06:48:41 -0700] "GET /img/mixman/3.jpg HTTP/1.1" 200 114734 "https://www.google.com/" "Mozilla/5.0 (Windows NT 6.1; Win64; x64; rv:60.0) Gecko/20100101 Firefox/60.0"
178.137.163.137 - - [13/Jun/2018:07:07:08 -0700] "GET / HTTP/1.1" 200 72658 "https://brillianty.info/" "Mozilla/4.0 (compatible; MSIE 6.0; Windows 98; Win 9x 4.90; Creative)"
178.137.163.137 - - [13/Jun/2018:07:07:11 -0700] "GET / HTTP/1.1" 200 72658 "https://brillianty.info/" "Mozilla/4.0 (compatible; MSIE 6.0; Windows 98; Win 9x 4.90; Creative)"
51.15.63.64 - - [13/Jun/2018:07:20:34 -0700] "HEAD / HTTP/1.1" 200 - "-" "curl/7.47.0"
77.75.76.172 - - [13/Jun/2018:07:44:28 -0700] "GET /robots.txt HTTP/1.1" 404 208 "-" "Mozilla/5.0 (compatible; SeznamBot/3.2; +http://napoveda.seznam.cz/en/seznambot-intro/)"
77.75.76.172 - - [13/Jun/2018:07:44:30 -0700] "GET /img/autumn/thumbs/8.jpg HTTP/1.1" 304 - "-" "Mozilla/5.0 (compatible; SeznamBot/3.2; +http://napoveda.seznam.cz/en/seznambot-intro/)"
47.96.234.252 - - [13/Jun/2018:07:51:53 -0700] "HEAD /xmlrpz-sql.php HTTP/1.1" 404 - "-" "-"
76.103.27.137 - - [13/Jun/2018:08:06:58 -0700] "GET /favicon.ico HTTP/1.1" 404 209 "-" "Mozilla/5.0 (iPad; CPU OS 11_4 like Mac OS X) AppleWebKit/605.1.15 (KHTML, like Gecko) FxiOS/12.1b10941 Mobile/15F79 Safari/605.1.15"
77.75.76.165 - - [13/Jun/2018:08:41:49 -0700] "GET /robots.txt HTTP/1.1" 404 208 "-" "Mozilla/5.0 (compatible; SeznamBot/3.2; +http://napoveda.seznam.cz/en/seznambot-intro/)"
77.75.76.165 - - [13/Jun/2018:08:41:51 -0700] "GET /img/mixman/17.jpg HTTP/1.1" 304 - "-" "Mozilla/5.0 (compatible; SeznamBot/3.2; +http://napoveda.seznam.cz/en/seznambot-intro/)"
76.103.27.137 - - [13/Jun/2018:09:45:07 -0700] "GET /favicon.ico HTTP/1.1" 404 209 "-" "Mozilla/5.0 (iPad; CPU OS 11_4 like Mac OS X) AppleWebKit/605.1.15 (KHTML, like Gecko) FxiOS/12.1b10941 Mobile/15F79 Safari/605.1.15"
77.75.76.166 - - [13/Jun/2018:09:45:27 -0700] "GET /robots.txt HTTP/1.1" 404 208 "-" "Mozilla/5.0 (compatible; SeznamBot/3.2; +http://napoveda.seznam.cz/en/seznambot-intro/)"
77.75.76.166 - - [13/Jun/2018:09:45:29 -0700] "GET /img/njn/thumbs/6.jpg HTTP/1.1" 304 - "-" "Mozilla/5.0 (compatible; SeznamBot/3.2; +http://napoveda.seznam.cz/en/seznambot-intro/)"
207.46.13.55 - - [13/Jun/2018:09:52:49 -0700] "GET / HTTP/1.1" 200 15893 "-" "Mozilla/5.0 (compatible; bingbot/2.0; +http://www.bing.com/bingbot.htm)"
73.71.74.9 - - [13/Jun/2018:10:03:48 -0700] "GET / HTTP/1.1" 200 15893 "-" "Mozilla/5.0 (Macintosh; Intel Mac OS X 10_12_5) AppleWebKit/603.2.4 (KHTML, like Gecko)"
73.71.74.9 - - [13/Jun/2018:10:03:48 -0700] "GET /apple-touch-icon-precomposed.png HTTP/1.1" 404 230 "-" "Safari/12603.2.4 CFNetwork/811.5.4 Darwin/16.6.0 (x86_64)"
73.71.74.9 - - [13/Jun/2018:10:03:48 -0700] "GET /apple-touch-icon.png HTTP/1.1" 404 218 "-" "Safari/12603.2.4 CFNetwork/811.5.4 Darwin/16.6.0 (x86_64)"
73.71.74.9 - - [13/Jun/2018:10:03:48 -0700] "GET /favicon.ico HTTP/1.1" 404 209 "-" "Safari/12603.2.4 CFNetwork/811.5.4 Darwin/16.6.0 (x86_64)"
73.71.74.9 - - [13/Jun/2018:10:03:48 -0700] "GET /apple-touch-icon-precomposed.png HTTP/1.1" 404 230 "-" "Safari/12603.2.4 CFNetwork/811.5.4 Darwin/16.6.0 (x86_64)"
73.71.74.9 - - [13/Jun/2018:10:03:48 -0700] "GET /apple-touch-icon.png HTTP/1.1" 404 218 "-" "Safari/12603.2.4 CFNetwork/811.5.4 Darwin/16.6.0 (x86_64)"
73.71.74.9 - - [13/Jun/2018:10:03:48 -0700] "GET /favicon.ico HTTP/1.1" 404 209 "-" "Safari/12603.2.4 CFNetwork/811.5.4 Darwin/16.6.0 (x86_64)"
73.71.74.9 - - [13/Jun/2018:10:03:48 -0700] "GET / HTTP/1.1" 200 15893 "-" "Mozilla/5.0 (iPhone; CPU iPhone OS 10_0 like Mac OS X) AppleWebKit/602.1.38 (KHTML, like Gecko) Version/10.0 Mobile/14A300 Safari/602.1"
73.71.74.9 - - [13/Jun/2018:10:03:48 -0700] "GET /apple-touch-icon-precomposed.png HTTP/1.1" 404 230 "-" "Safari/12603.2.4 CFNetwork/811.5.4 Darwin/16.6.0 (x86_64)"
73.71.74.9 - - [13/Jun/2018:10:03:48 -0700] "GET /apple-touch-icon.png HTTP/1.1" 404 218 "-" "Safari/12603.2.4 CFNetwork/811.5.4 Darwin/16.6.0 (x86_64)"
73.71.74.9 - - [13/Jun/2018:10:03:48 -0700] "GET /favicon.ico HTTP/1.1" 404 209 "-" "Safari/12603.2.4 CFNetwork/811.5.4 Darwin/16.6.0 (x86_64)"
73.71.74.9 - - [13/Jun/2018:10:03:49 -0700] "GET /apple-touch-icon-precomposed.png HTTP/1.1" 404 230 "-" "Safari/12603.2.4 CFNetwork/811.5.4 Darwin/16.6.0 (x86_64)"
73.71.74.9 - - [13/Jun/2018:10:03:49 -0700] "GET /apple-touch-icon.png HTTP/1.1" 404 218 "-" "Safari/12603.2.4 CFNetwork/811.5.4 Darwin/16.6.0 (x86_64)"
73.71.74.9 - - [13/Jun/2018:10:03:49 -0700] "GET /favicon.ico HTTP/1.1" 404 209 "-" "Safari/12603.2.4 CFNetwork/811.5.4 Darwin/16.6.0 (x86_64)"
176.10.99.200 - - [13/Jun/2018:10:36:17 -0700] "GET / HTTP/1.1" 200 15893 "-" "Mozilla/5.0 (Windows NT 10.0; Win64; x64) AppleWebKit/537.36 (KHTML, like Gecko) Chrome/66.0.3359.181 Safari/537.36"
76.103.27.137 - - [13/Jun/2018:10:47:37 -0700] "GET /favicon.ico HTTP/1.1" 404 209 "-" "Mozilla/5.0 (iPad; CPU OS 11_4 like Mac OS X) AppleWebKit/605.1.15 (KHTML, like Gecko) FxiOS/12.1b10941 Mobile/15F79 Safari/605.1.15"
76.103.27.137 - - [13/Jun/2018:10:55:42 -0700] "GET /favicon.ico HTTP/1.1" 404 209 "-" "Mozilla/5.0 (iPad; CPU OS 11_4 like Mac OS X) AppleWebKit/605.1.15 (KHTML, like Gecko) FxiOS/12.1b10941 Mobile/15F79 Safari/605.1.15"
77.75.77.36 - - [13/Jun/2018:11:12:29 -0700] "GET /robots.txt HTTP/1.1" 404 208 "-" "Mozilla/5.0 (compatible; SeznamBot/3.2; +http://napoveda.seznam.cz/en/seznambot-intro/)"
77.75.77.36 - - [13/Jun/2018:11:12:33 -0700] "GET /img/mixman/16.jpg HTTP/1.1" 304 - "-" "Mozilla/5.0 (compatible; SeznamBot/3.2; +http://napoveda.seznam.cz/en/seznambot-intro/)"
69.244.120.115 - - [13/Jun/2018:12:25:17 -0700] "GET /img/autumn/thumbs/2.jpg HTTP/1.1" 200 45196 "https://www.google.com/" "Mozilla/5.0 (iPhone; CPU iPhone OS 11_3 like Mac OS X) AppleWebKit/605.1.15 (KHTML, like Gecko) Version/11.0 Mobile/15E148 Safari/604.1"
73.71.74.9 - - [13/Jun/2018:12:31:38 -0700] "GET / HTTP/1.1" 200 15893 "-" "Mozilla/5.0 (Macintosh; Intel Mac OS X 10_12_5) AppleWebKit/603.2.4 (KHTML, like Gecko)"
73.71.74.9 - - [13/Jun/2018:12:31:38 -0700] "GET /apple-touch-icon-precomposed.png HTTP/1.1" 404 230 "-" "Safari/12603.2.4 CFNetwork/811.5.4 Darwin/16.6.0 (x86_64)"
73.71.74.9 - - [13/Jun/2018:12:31:38 -0700] "GET /apple-touch-icon.png HTTP/1.1" 404 218 "-" "Safari/12603.2.4 CFNetwork/811.5.4 Darwin/16.6.0 (x86_64)"
73.71.74.9 - - [13/Jun/2018:12:31:38 -0700] "GET /favicon.ico HTTP/1.1" 404 209 "-" "Safari/12603.2.4 CFNetwork/811.5.4 Darwin/16.6.0 (x86_64)"
73.71.74.9 - - [13/Jun/2018:12:31:38 -0700] "GET /apple-touch-icon-precomposed.png HTTP/1.1" 404 230 "-" "Safari/12603.2.4 CFNetwork/811.5.4 Darwin/16.6.0 (x86_64)"
73.71.74.9 - - [13/Jun/2018:12:31:38 -0700] "GET /apple-touch-icon.png HTTP/1.1" 404 218 "-" "Safari/12603.2.4 CFNetwork/811.5.4 Darwin/16.6.0 (x86_64)"
73.71.74.9 - - [13/Jun/2018:12:31:38 -0700] "GET /favicon.ico HTTP/1.1" 404 209 "-" "Safari/12603.2.4 CFNetwork/811.5.4 Darwin/16.6.0 (x86_64)"
73.71.74.9 - - [13/Jun/2018:12:31:38 -0700] "GET / HTTP/1.1" 200 15893 "-" "Mozilla/5.0 (iPhone; CPU iPhone OS 10_0 like Mac OS X) AppleWebKit/602.1.38 (KHTML, like Gecko) Version/10.0 Mobile/14A300 Safari/602.1"
73.71.74.9 - - [13/Jun/2018:12:31:38 -0700] "GET /apple-touch-icon-precomposed.png HTTP/1.1" 404 230 "-" "Safari/12603.2.4 CFNetwork/811.5.4 Darwin/16.6.0 (x86_64)"
73.71.74.9 - - [13/Jun/2018:12:31:38 -0700] "GET /apple-touch-icon.png HTTP/1.1" 404 218 "-" "Safari/12603.2.4 CFNetwork/811.5.4 Darwin/16.6.0 (x86_64)"
73.71.74.9 - - [13/Jun/2018:12:31:38 -0700] "GET /favicon.ico HTTP/1.1" 404 209 "-" "Safari/12603.2.4 CFNetwork/811.5.4 Darwin/16.6.0 (x86_64)"
73.71.74.9 - - [13/Jun/2018:12:31:38 -0700] "GET /apple-touch-icon-precomposed.png HTTP/1.1" 404 230 "-" "Safari/12603.2.4 CFNetwork/811.5.4 Darwin/16.6.0 (x86_64)"
73.71.74.9 - - [13/Jun/2018:12:31:38 -0700] "GET /apple-touch-icon.png HTTP/1.1" 404 218 "-" "Safari/12603.2.4 CFNetwork/811.5.4 Darwin/16.6.0 (x86_64)"
73.71.74.9 - - [13/Jun/2018:12:31:38 -0700] "GET /favicon.ico HTTP/1.1" 404 209 "-" "Safari/12603.2.4 CFNetwork/811.5.4 Darwin/16.6.0 (x86_64)"
76.103.27.137 - - [13/Jun/2018:13:19:18 -0700] "GET /favicon.ico HTTP/1.1" 404 209 "-" "Mozilla/5.0 (iPad; CPU OS 11_4 like Mac OS X) AppleWebKit/605.1.15 (KHTML, like Gecko) FxiOS/12.1b10941 Mobile/15F79 Safari/605.1.15"
77.75.79.32 - - [13/Jun/2018:13:28:48 -0700] "GET /robots.txt HTTP/1.1" 404 208 "-" "Mozilla/5.0 (compatible; SeznamBot/3.2; +http://napoveda.seznam.cz/en/seznambot-intro/)"
77.75.79.32 - - [13/Jun/2018:13:28:56 -0700] "GET /img/autumn/8.jpg HTTP/1.1" 304 - "-" "Mozilla/5.0 (compatible; SeznamBot/3.2; +http://napoveda.seznam.cz/en/seznambot-intro/)"
77.75.78.165 - - [13/Jun/2018:14:37:07 -0700] "GET /robots.txt HTTP/1.1" 404 208 "-" "Mozilla/5.0 (compatible; SeznamBot/3.2; +http://napoveda.seznam.cz/en/seznambot-intro/)"
77.75.78.165 - - [13/Jun/2018:14:37:09 -0700] "GET /img/autumn/6.jpg HTTP/1.1" 304 - "-" "Mozilla/5.0 (compatible; SeznamBot/3.2; +http://napoveda.seznam.cz/en/seznambot-intro/)"
77.75.76.161 - - [13/Jun/2018:15:00:53 -0700] "GET /robots.txt HTTP/1.1" 404 208 "-" "Mozilla/5.0 (compatible; SeznamBot/3.2; +http://napoveda.seznam.cz/en/seznambot-intro/)"
77.75.76.161 - - [13/Jun/2018:15:00:55 -0700] "GET /img/bs4w/thumbs/6.jpg HTTP/1.1" 304 - "-" "Mozilla/5.0 (compatible; SeznamBot/3.2; +http://napoveda.seznam.cz/en/seznambot-intro/)"
