66.249.73.222 - - [26/Oct/2017:18:43:29 -0700] "GET / HTTP/1.1" 301 235 "-" "Mozilla/5.0 (Linux; Android 6.0.1; Nexus 5X Build/MMB29P) AppleWebKit/537.36 (KHTML, like Gecko) Chrome/41.0.2272.96 Mobile Safari/537.36 (compatible; Googlebot/2.1; +http://www.google.com/bot.html)"
66.249.73.220 - - [26/Oct/2017:18:43:30 -0700] "GET / HTTP/1.1" 301 235 "-" "Mozilla/5.0 (Linux; Android 6.0.1; Nexus 5X Build/MMB29P) AppleWebKit/537.36 (KHTML, like Gecko) Chrome/41.0.2272.96 Mobile Safari/537.36 (compatible; Googlebot/2.1; +http://www.google.com/bot.html)"
5.255.250.42 - - [26/Oct/2017:19:16:41 -0700] "GET /robots.txt HTTP/1.1" 301 245 "-" "Mozilla/5.0 (compatible; YandexBot/3.0; +http://yandex.com/bots)"
77.88.47.19 - - [26/Oct/2017:19:16:41 -0700] "GET /robots.txt HTTP/1.1" 301 245 "-" "Mozilla/5.0 (compatible; YandexBot/3.0; +http://yandex.com/bots)"
5.255.250.42 - - [26/Oct/2017:19:16:45 -0700] "GET / HTTP/1.1" 301 235 "-" "Mozilla/5.0 (compatible; YandexBot/3.0; +http://yandex.com/bots)"
5.255.250.42 - - [26/Oct/2017:19:16:45 -0700] "GET / HTTP/1.1" 301 235 "-" "Mozilla/5.0 (compatible; YandexBot/3.0; +http://yandex.com/bots)"
216.244.66.233 - - [26/Oct/2017:19:34:45 -0700] "GET /robots.txt HTTP/1.1" 301 245 "-" "Mozilla/5.0 (compatible; DotBot/1.1; http://www.opensiteexplorer.org/dotbot, help@moz.com)"
157.55.39.23 - - [26/Oct/2017:22:38:53 -0700] "GET /robots.txt HTTP/1.1" 301 245 "-" "Mozilla/5.0 (compatible; bingbot/2.0; +http://www.bing.com/bingbot.htm)"
157.55.39.86 - - [26/Oct/2017:22:39:05 -0700] "GET / HTTP/1.1" 301 235 "-" "Mozilla/5.0 (compatible; bingbot/2.0; +http://www.bing.com/bingbot.htm)"
216.244.66.233 - - [26/Oct/2017:23:22:20 -0700] "GET /robots.txt HTTP/1.1" 301 245 "-" "Mozilla/5.0 (compatible; DotBot/1.1; http://www.opensiteexplorer.org/dotbot, help@moz.com)"
216.244.66.233 - - [27/Oct/2017:00:59:13 -0700] "GET /robots.txt HTTP/1.1" 301 245 "-" "Mozilla/5.0 (compatible; DotBot/1.1; http://www.opensiteexplorer.org/dotbot, help@moz.com)"
216.244.66.233 - - [27/Oct/2017:01:16:27 -0700] "GET /img/mixman/15.jpg HTTP/1.1" 301 252 "-" "Mozilla/5.0 (compatible; DotBot/1.1; http://www.opensiteexplorer.org/dotbot, help@moz.com)"
216.244.66.233 - - [27/Oct/2017:01:16:30 -0700] "GET /img/sfnoir/8.jpg HTTP/1.1" 301 251 "-" "Mozilla/5.0 (compatible; DotBot/1.1; http://www.opensiteexplorer.org/dotbot, help@moz.com)"
216.244.66.233 - - [27/Oct/2017:01:21:17 -0700] "GET /robots.txt HTTP/1.1" 301 245 "-" "Mozilla/5.0 (compatible; DotBot/1.1; http://www.opensiteexplorer.org/dotbot, help@moz.com)"
149.56.129.29 - - [27/Oct/2017:02:27:09 -0700] "GET /home/wp-login.php HTTP/1.1" 301 252 "-" "Mozilla/5.0 (Windows NT 6.1; Win64; x64) AppleWebKit/537.36 (KHTML, like Gecko) Chrome/61.0.3163.100 Safari/537.36"
149.56.129.29 - - [27/Oct/2017:02:31:04 -0700] "GET /web/wp-login.php HTTP/1.1" 301 251 "-" "Mozilla/5.0 (Windows NT 6.1; Win64; x64) AppleWebKit/537.36 (KHTML, like Gecko) Chrome/61.0.3163.100 Safari/537.36"
149.56.129.29 - - [27/Oct/2017:02:36:38 -0700] "GET /wordpress/wp-login.php HTTP/1.1" 301 257 "-" "Mozilla/5.0 (Windows NT 6.1; Win64; x64) AppleWebKit/537.36 (KHTML, like Gecko) Chrome/61.0.3163.100 Safari/537.36"
149.56.129.29 - - [27/Oct/2017:03:01:10 -0700] "GET /new/wp-login.php HTTP/1.1" 301 251 "-" "Mozilla/5.0 (Windows NT 6.1; Win64; x64) AppleWebKit/537.36 (KHTML, like Gecko) Chrome/61.0.3163.100 Safari/537.36"
149.56.129.29 - - [27/Oct/2017:03:07:40 -0700] "GET /wp-login.php HTTP/1.1" 301 247 "-" "Mozilla/5.0 (Windows NT 6.1; Win64; x64) AppleWebKit/537.36 (KHTML, like Gecko) Chrome/61.0.3163.100 Safari/537.36"
149.56.129.29 - - [27/Oct/2017:03:19:31 -0700] "GET /wp/wp-login.php HTTP/1.1" 301 250 "-" "Mozilla/5.0 (Windows NT 6.1; Win64; x64) AppleWebKit/537.36 (KHTML, like Gecko) Chrome/61.0.3163.100 Safari/537.36"
149.56.129.29 - - [27/Oct/2017:03:30:54 -0700] "GET /blogs/wp-login.php HTTP/1.1" 301 253 "-" "Mozilla/5.0 (Windows NT 6.1; Win64; x64) AppleWebKit/537.36 (KHTML, like Gecko) Chrome/61.0.3163.100 Safari/537.36"
178.92.181.82 - - [27/Oct/2017:04:30:40 -0700] "GET / HTTP/1.1" 301 235 "-" "-"
149.56.129.29 - - [27/Oct/2017:04:31:03 -0700] "GET /cms/wp-login.php HTTP/1.1" 301 251 "-" "Mozilla/5.0 (Windows NT 6.1; Win64; x64) AppleWebKit/537.36 (KHTML, like Gecko) Chrome/61.0.3163.100 Safari/537.36"
180.76.15.16 - - [27/Oct/2017:04:36:44 -0700] "GET /robots.txt HTTP/1.1" 301 245 "-" "Mozilla/5.0 (Windows NT 5.1; rv:6.0.2) Gecko/20100101 Firefox/6.0.2"
180.76.15.17 - - [27/Oct/2017:04:36:45 -0700] "GET /robots.txt HTTP/1.1" 301 245 "-" "Mozilla/5.0 (Windows NT 5.1; rv:6.0.2) Gecko/20100101 Firefox/6.0.2"
149.56.129.29 - - [27/Oct/2017:04:42:22 -0700] "GET /new/wp-login.php HTTP/1.1" 301 251 "-" "Mozilla/5.0 (Windows NT 6.1; Win64; x64) AppleWebKit/537.36 (KHTML, like Gecko) Chrome/61.0.3163.100 Safari/537.36"
107.150.56.226 - - [27/Oct/2017:05:43:06 -0700] "GET /wp-login.php HTTP/1.1" 301 247 "http://rndsquared.com/wp-login.php" "Mozilla/4.0 (compatible; MSIE 9.0; Windows NT 6.1; 125LA; .NET CLR 2.0.50727; .NET CLR 3.0.04506.648; .NET CLR 3.5.21022)"
107.150.56.226 - - [27/Oct/2017:05:43:06 -0700] "GET /wp-login.php HTTP/1.1" 301 247 "http://rndsquared.com/wp-login.php" "Mozilla/4.0 (compatible; MSIE 9.0; Windows NT 6.1; 125LA; .NET CLR 2.0.50727; .NET CLR 3.0.04506.648; .NET CLR 3.5.21022)"
46.229.164.101 - - [27/Oct/2017:06:05:08 -0700] "GET /robots.txt HTTP/1.1" 301 245 "-" "Mozilla/5.0 (compatible; SemrushBot/1.2~bl; +http://www.semrush.com/bot.html)"
217.182.132.75 - - [27/Oct/2017:06:44:29 -0700] "GET /img/wu-wei/10.jpg HTTP/1.1" 301 252 "-" "Mozilla/5.0 (compatible; AhrefsBot/5.2; +http://ahrefs.com/robot/)"
149.56.129.29 - - [27/Oct/2017:07:24:31 -0700] "GET /site/wp-login.php HTTP/1.1" 301 252 "-" "Mozilla/5.0 (Windows NT 6.1; Win64; x64) AppleWebKit/537.36 (KHTML, like Gecko) Chrome/61.0.3163.100 Safari/537.36"
142.4.200.37 - - [27/Oct/2017:07:32:22 -0700] "GET /robots.txt HTTP/1.1" 301 245 "-" "Mozilla/5.0 (compatible; ExtLinksBot/1.5 +https://extlinks.com/Bot.html)"
149.56.129.29 - - [27/Oct/2017:07:41:56 -0700] "GET /main/wp-login.php HTTP/1.1" 301 252 "-" "Mozilla/5.0 (Windows NT 6.1; Win64; x64) AppleWebKit/537.36 (KHTML, like Gecko) Chrome/61.0.3163.100 Safari/537.36"
149.56.129.29 - - [27/Oct/2017:08:00:36 -0700] "GET /wp-login.php HTTP/1.1" 301 247 "-" "Mozilla/5.0 (Windows NT 6.1; Win64; x64) AppleWebKit/537.36 (KHTML, like Gecko) Chrome/61.0.3163.100 Safari/537.36"
149.56.129.29 - - [27/Oct/2017:08:35:54 -0700] "GET /blog/wp-login.php HTTP/1.1" 301 252 "-" "Mozilla/5.0 (Windows NT 6.1; Win64; x64) AppleWebKit/537.36 (KHTML, like Gecko) Chrome/61.0.3163.100 Safari/537.36"
149.56.129.29 - - [27/Oct/2017:09:16:46 -0700] "GET /site/wp-login.php HTTP/1.1" 301 252 "-" "Mozilla/5.0 (Windows NT 6.1; Win64; x64) AppleWebKit/537.36 (KHTML, like Gecko) Chrome/61.0.3163.100 Safari/537.36"
5.196.87.42 - - [27/Oct/2017:09:28:11 -0700] "GET /robots.txt HTTP/1.1" 301 245 "-" "Mozilla/5.0 (compatible; AhrefsBot/5.2; +http://ahrefs.com/robot/)"
164.132.161.75 - - [27/Oct/2017:09:28:13 -0700] "GET /img/bs4w/7.jpg HTTP/1.1" 301 249 "-" "Mozilla/5.0 (compatible; AhrefsBot/5.2; +http://ahrefs.com/robot/)"
209.95.166.105 - - [27/Oct/2017:09:34:22 -0700] "GET / HTTP/1.1" 301 235 "-" "=Mozilla/5.0 (Windows; U; Windows NT 6.1; en-US) AppleWebKit/534.16 (KHTML, like Gecko) Chrome/10.0.648.204 Safari/534.16"
164.132.161.75 - - [27/Oct/2017:09:44:02 -0700] "GET /img/wu-wei/7.jpg HTTP/1.1" 301 251 "-" "Mozilla/5.0 (compatible; AhrefsBot/5.2; +http://ahrefs.com/robot/)"
149.56.129.29 - - [27/Oct/2017:09:55:38 -0700] "GET /test/wp-login.php HTTP/1.1" 301 252 "-" "Mozilla/5.0 (Windows NT 6.1; Win64; x64) AppleWebKit/537.36 (KHTML, like Gecko) Chrome/61.0.3163.100 Safari/537.36"
149.56.129.29 - - [27/Oct/2017:10:17:05 -0700] "GET /en/wp-login.php HTTP/1.1" 301 250 "-" "Mozilla/5.0 (Windows NT 6.1; Win64; x64) AppleWebKit/537.36 (KHTML, like Gecko) Chrome/61.0.3163.100 Safari/537.36"
149.56.129.29 - - [27/Oct/2017:10:33:58 -0700] "GET /main/wp-login.php HTTP/1.1" 301 252 "-" "Mozilla/5.0 (Windows NT 6.1; Win64; x64) AppleWebKit/537.36 (KHTML, like Gecko) Chrome/61.0.3163.100 Safari/537.36"
149.56.129.29 - - [27/Oct/2017:10:47:32 -0700] "GET /home/wp-login.php HTTP/1.1" 301 252 "-" "Mozilla/5.0 (Windows NT 6.1; Win64; x64) AppleWebKit/537.36 (KHTML, like Gecko) Chrome/61.0.3163.100 Safari/537.36"
149.56.129.29 - - [27/Oct/2017:11:12:03 -0700] "GET /wp/wp-login.php HTTP/1.1" 301 250 "-" "Mozilla/5.0 (Windows NT 6.1; Win64; x64) AppleWebKit/537.36 (KHTML, like Gecko) Chrome/61.0.3163.100 Safari/537.36"
149.56.129.29 - - [27/Oct/2017:11:24:02 -0700] "GET /wordpress/wp-login.php HTTP/1.1" 301 257 "-" "Mozilla/5.0 (Windows NT 6.1; Win64; x64) AppleWebKit/537.36 (KHTML, like Gecko) Chrome/61.0.3163.100 Safari/537.36"
180.76.15.134 - - [27/Oct/2017:11:41:25 -0700] "GET /js/scripts.js HTTP/1.1" 301 248 "-" "Mozilla/5.0 (compatible; Baiduspider/2.0; +http://www.baidu.com/search/spider.html)"
149.56.129.29 - - [27/Oct/2017:12:39:54 -0700] "GET /blog/wp-login.php HTTP/1.1" 301 252 "-" "Mozilla/5.0 (Windows NT 6.1; Win64; x64) AppleWebKit/537.36 (KHTML, like Gecko) Chrome/61.0.3163.100 Safari/537.36"
201.18.18.173 - - [27/Oct/2017:12:46:00 -0700] "GET / HTTP/1.1" 301 235 "-" "Mozilla/5.0 (Windows NT 10.0; Win64; x64) AppleWebKit/537.36 (KHTML, like Gecko) Chrome/61.0.3163.100 Safari/537.36"
216.244.66.233 - - [27/Oct/2017:12:52:37 -0700] "GET /robots.txt HTTP/1.1" 301 245 "-" "Mozilla/5.0 (compatible; DotBot/1.1; http://www.opensiteexplorer.org/dotbot, help@moz.com)"
149.56.129.29 - - [27/Oct/2017:12:53:58 -0700] "GET /en/wp-login.php HTTP/1.1" 301 250 "-" "Mozilla/5.0 (Windows NT 6.1; Win64; x64) AppleWebKit/537.36 (KHTML, like Gecko) Chrome/61.0.3163.100 Safari/537.36"
216.244.66.233 - - [27/Oct/2017:13:03:16 -0700] "GET /img/mixman/1.jpg HTTP/1.1" 301 251 "-" "Mozilla/5.0 (compatible; DotBot/1.1; http://www.opensiteexplorer.org/dotbot, help@moz.com)"
149.56.129.29 - - [27/Oct/2017:13:07:22 -0700] "GET /test/wp-login.php HTTP/1.1" 301 252 "-" "Mozilla/5.0 (Windows NT 6.1; Win64; x64) AppleWebKit/537.36 (KHTML, like Gecko) Chrome/61.0.3163.100 Safari/537.36"
149.56.129.29 - - [27/Oct/2017:13:21:07 -0700] "GET /news/wp-login.php HTTP/1.1" 301 252 "-" "Mozilla/5.0 (Windows NT 6.1; Win64; x64) AppleWebKit/537.36 (KHTML, like Gecko) Chrome/61.0.3163.100 Safari/537.36"
149.56.129.29 - - [27/Oct/2017:13:29:29 -0700] "GET /news/wp-login.php HTTP/1.1" 301 252 "-" "Mozilla/5.0 (Windows NT 6.1; Win64; x64) AppleWebKit/537.36 (KHTML, like Gecko) Chrome/61.0.3163.100 Safari/537.36"
149.56.129.29 - - [27/Oct/2017:14:25:56 -0700] "GET /blogs/wp-login.php HTTP/1.1" 301 253 "-" "Mozilla/5.0 (Windows NT 6.1; Win64; x64) AppleWebKit/537.36 (KHTML, like Gecko) Chrome/61.0.3163.100 Safari/537.36"
180.76.15.16 - - [27/Oct/2017:14:39:45 -0700] "GET / HTTP/1.1" 301 235 "-" "Mozilla/5.0 (compatible; Baiduspider/2.0; +http://www.baidu.com/search/spider.html)"
217.182.132.65 - - [27/Oct/2017:15:08:25 -0700] "GET /img/autumn/4.jpg HTTP/1.1" 301 251 "-" "Mozilla/5.0 (compatible; AhrefsBot/5.2; +http://ahrefs.com/robot/)"
216.244.66.233 - - [27/Oct/2017:15:32:13 -0700] "GET /robots.txt HTTP/1.1" 301 245 "-" "Mozilla/5.0 (compatible; DotBot/1.1; http://www.opensiteexplorer.org/dotbot, help@moz.com)"
216.244.66.233 - - [27/Oct/2017:15:39:31 -0700] "GET /img/mixman/5.jpg HTTP/1.1" 301 251 "-" "Mozilla/5.0 (compatible; DotBot/1.1; http://www.opensiteexplorer.org/dotbot, help@moz.com)"
157.55.39.86 - - [27/Oct/2017:16:02:22 -0700] "GET / HTTP/1.1" 301 235 "-" "Mozilla/5.0 (compatible; bingbot/2.0; +http://www.bing.com/bingbot.htm)"
74.115.214.156 - - [27/Oct/2017:17:18:51 -0700] "GET /robots.txt HTTP/1.1" 301 245 "-" "Mozilla/5.0 (compatible; Uptimebot/1.0; +http://www.uptime.com/uptimebot)"
74.115.214.133 - - [27/Oct/2017:17:18:51 -0700] "HEAD / HTTP/1.1" 301 - "http://uptime-beta.net/rndsquared.com" "Mozilla/5.0 (compatible; Uptimebot/1.0; +http://www.uptime.com/uptimebot)"
51.255.65.68 - - [27/Oct/2017:18:17:54 -0700] "GET /img/urban-cowgirl/5.jpg HTTP/1.1" 301 258 "-" "Mozilla/5.0 (compatible; AhrefsBot/5.2; +http://ahrefs.com/robot/)"
216.244.66.233 - - [27/Oct/2017:18:23:59 -0700] "GET /robots.txt HTTP/1.1" 301 245 "-" "Mozilla/5.0 (compatible; DotBot/1.1; http://www.opensiteexplorer.org/dotbot, help@moz.com)"
216.244.66.233 - - [27/Oct/2017:18:33:09 -0700] "GET /img/sfnoir/1.jpg HTTP/1.1" 301 251 "-" "Mozilla/5.0 (compatible; DotBot/1.1; http://www.opensiteexplorer.org/dotbot, help@moz.com)"
216.244.66.233 - - [27/Oct/2017:18:45:55 -0700] "GET /robots.txt HTTP/1.1" 301 245 "-" "Mozilla/5.0 (compatible; DotBot/1.1; http://www.opensiteexplorer.org/dotbot, help@moz.com)"
216.244.66.233 - - [27/Oct/2017:18:56:26 -0700] "GET /img/mixman/13.jpg HTTP/1.1" 301 252 "-" "Mozilla/5.0 (compatible; DotBot/1.1; http://www.opensiteexplorer.org/dotbot, help@moz.com)"
192.151.147.10 - - [27/Oct/2017:20:38:04 -0700] "GET / HTTP/1.1" 301 235 "-" "Mozilla/5.0 (Windows NT 6.1; Trident/7.0; rv:11.0) like Gecko"
216.244.66.233 - - [27/Oct/2017:21:08:27 -0700] "GET /robots.txt HTTP/1.1" 301 245 "-" "Mozilla/5.0 (compatible; DotBot/1.1; http://www.opensiteexplorer.org/dotbot, help@moz.com)"
216.244.66.233 - - [27/Oct/2017:21:18:02 -0700] "GET /img/njn/2.jpg HTTP/1.1" 301 248 "-" "Mozilla/5.0 (compatible; DotBot/1.1; http://www.opensiteexplorer.org/dotbot, help@moz.com)"
180.76.15.137 - - [27/Oct/2017:21:33:53 -0700] "GET / HTTP/1.1" 301 235 "-" "Mozilla/5.0 (compatible; Baiduspider/2.0; +http://www.baidu.com/search/spider.html)"
158.46.201.173 - - [27/Oct/2017:22:14:54 -0700] "GET / HTTP/1.1" 301 235 "-" "Mozilla/5.0 (Macintosh; Intel Mac OS X 10_12_5) AppleWebKit/537.36 (KHTML, like Gecko) Chrome/58.0.3029.110 Safari/537.36"
163.172.4.153 - - [27/Oct/2017:22:49:29 -0700] "GET / HTTP/1.1" 301 235 "http://rndsquared.com/" "Mozilla/5.0 (Windows NT 6.1; WOW64; rv:52.0) Gecko/20100101 Firefox/52.0"
216.244.66.233 - - [28/Oct/2017:00:13:32 -0700] "GET /robots.txt HTTP/1.1" 301 245 "-" "Mozilla/5.0 (compatible; DotBot/1.1; http://www.opensiteexplorer.org/dotbot, help@moz.com)"
216.244.66.233 - - [28/Oct/2017:00:26:01 -0700] "GET /img/sfnoir/7.jpg HTTP/1.1" 301 251 "-" "Mozilla/5.0 (compatible; DotBot/1.1; http://www.opensiteexplorer.org/dotbot, help@moz.com)"
216.244.66.233 - - [28/Oct/2017:00:42:47 -0700] "GET /robots.txt HTTP/1.1" 301 245 "-" "Mozilla/5.0 (compatible; DotBot/1.1; http://www.opensiteexplorer.org/dotbot, help@moz.com)"
216.244.66.233 - - [28/Oct/2017:00:57:00 -0700] "GET /img/sfnoir/5.jpg HTTP/1.1" 301 251 "-" "Mozilla/5.0 (compatible; DotBot/1.1; http://www.opensiteexplorer.org/dotbot, help@moz.com)"
218.92.147.30 - - [28/Oct/2017:01:39:15 -0700] "OPTIONS / HTTP/1.1" 301 235 "-" "Mozilla/5.0 (Macintosh; Intel Mac OS X 10_10_5) AppleWebKit/537.36 (KHTML, like Gecko) Chrome/43.0.2357.134 Safari/537.36 QQBrowser/3.8.3858.400"
216.244.66.233 - - [28/Oct/2017:03:05:42 -0700] "GET /robots.txt HTTP/1.1" 301 245 "-" "Mozilla/5.0 (compatible; DotBot/1.1; http://www.opensiteexplorer.org/dotbot, help@moz.com)"
216.244.66.233 - - [28/Oct/2017:03:16:04 -0700] "GET /img/urban-cowgirl/2.jpg HTTP/1.1" 301 258 "-" "Mozilla/5.0 (compatible; DotBot/1.1; http://www.opensiteexplorer.org/dotbot, help@moz.com)"
185.26.92.74 - - [28/Oct/2017:04:02:42 -0700] "GET /robots.txt HTTP/1.1" 301 245 "-" "GarlikCrawler/1.2 (http://garlik.com/, crawler@garlik.com)"
185.26.92.74 - - [28/Oct/2017:04:02:44 -0700] "GET / HTTP/1.1" 301 235 "-" "GarlikCrawler/1.2 (http://garlik.com/, crawler@garlik.com)"
158.69.227.61 - - [28/Oct/2017:04:11:02 -0700] "GET /dumper.php HTTP/1.1" 301 245 "-" "Mozilla/5.0 (Windows NT 6.1; Win64; x64) AppleWebKit/537.36 (KHTML, like Gecko) Chrome/60.0.3112.113 Safari/537.36"
158.69.227.61 - - [28/Oct/2017:04:11:03 -0700] "GET /dumper/dumper.php HTTP/1.1" 301 252 "-" "Mozilla/5.0 (Windows NT 6.1; Win64; x64) AppleWebKit/537.36 (KHTML, like Gecko) Chrome/60.0.3112.113 Safari/537.36"
69.58.178.59 - - [28/Oct/2017:04:22:25 -0700] "GET /robots.txt HTTP/1.1" 301 245 "-" "Mozilla/5.0 (compatible; ips-agent)"
69.58.178.59 - - [28/Oct/2017:04:23:10 -0700] "GET / HTTP/1.1" 301 235 "-" "Mozilla/5.0 (compatible; ips-agent)"
164.132.161.95 - - [28/Oct/2017:04:51:32 -0700] "GET /img/mixman/19.jpg HTTP/1.1" 301 252 "-" "Mozilla/5.0 (compatible; AhrefsBot/5.2; +http://ahrefs.com/robot/)"
100.35.47.77 - - [28/Oct/2017:05:45:39 -0700] "GET /robots.txt HTTP/1.1" 301 245 "-" "panscient.com"
100.35.47.77 - - [28/Oct/2017:05:45:39 -0700] "GET / HTTP/1.1" 301 235 "-" "panscient.com"
157.55.39.86 - - [28/Oct/2017:06:20:24 -0700] "GET / HTTP/1.1" 301 235 "-" "Mozilla/5.0 (compatible; bingbot/2.0; +http://www.bing.com/bingbot.htm)"
104.197.112.194 - - [28/Oct/2017:07:26:52 -0700] "GET / HTTP/1.1" 301 235 "-" "Java/1.7.0_75"
104.197.112.194 - - [28/Oct/2017:07:26:52 -0700] "GET /apple-touch-icon.png HTTP/1.1" 301 255 "-" "Java/1.7.0_75"
104.197.112.194 - - [28/Oct/2017:07:26:53 -0700] "GET /favicon.ico HTTP/1.1" 301 246 "-" "Java/1.7.0_75"
104.197.112.194 - - [28/Oct/2017:07:26:53 -0700] "GET / HTTP/1.1" 301 235 "-" "Java/1.7.0_75"
216.244.66.233 - - [28/Oct/2017:07:31:49 -0700] "GET /robots.txt HTTP/1.1" 301 245 "-" "Mozilla/5.0 (compatible; DotBot/1.1; http://www.opensiteexplorer.org/dotbot, help@moz.com)"
213.181.210.143 - - [28/Oct/2017:07:38:18 -0700] "GET / HTTP/1.1" 301 235 "-" "Mozilla/5.0 (Windows NT 5.1; rv:32.0) Gecko/20100101 Firefox/32.0"
216.244.66.233 - - [28/Oct/2017:07:42:41 -0700] "GET /img/autumn/4.jpg HTTP/1.1" 301 251 "-" "Mozilla/5.0 (compatible; DotBot/1.1; http://www.opensiteexplorer.org/dotbot, help@moz.com)"
216.244.66.233 - - [28/Oct/2017:07:42:44 -0700] "GET /img/bs4w/6.jpg HTTP/1.1" 301 249 "-" "Mozilla/5.0 (compatible; DotBot/1.1; http://www.opensiteexplorer.org/dotbot, help@moz.com)"
37.187.148.221 - - [28/Oct/2017:08:02:43 -0700] "GET /modules/mod_feed/mod_feed.xml HTTP/1.1" 301 264 "-" "Mozilla/5.0 (Windows NT 6.1; rv:32.0) Gecko/20100101 Firefox/32.0"
164.132.161.5 - - [28/Oct/2017:08:25:38 -0700] "GET /img/urban-cowgirl/6.jpg HTTP/1.1" 301 258 "-" "Mozilla/5.0 (compatible; AhrefsBot/5.2; +http://ahrefs.com/robot/)"
180.76.15.138 - - [28/Oct/2017:09:29:48 -0700] "GET / HTTP/1.1" 301 235 "-" "Mozilla/5.0 (compatible; Baiduspider/2.0; +http://www.baidu.com/search/spider.html)"
192.151.147.10 - - [28/Oct/2017:09:38:37 -0700] "GET / HTTP/1.1" 301 235 "-" "Mozilla/5.0 (Windows NT 6.1; Trident/7.0; rv:11.0) like Gecko"
37.17.172.122 - - [28/Oct/2017:09:54:06 -0700] "GET / HTTP/1.1" 301 235 "-" "Mozilla/5.0 (X11; Linux x86_64; rv:55.0) Gecko/20100101 Firefox/55.0"
5.255.250.42 - - [28/Oct/2017:10:58:50 -0700] "GET /robots.txt HTTP/1.1" 301 245 "-" "Mozilla/5.0 (compatible; YandexBot/3.0; +http://yandex.com/bots)"
5.255.250.42 - - [28/Oct/2017:10:58:50 -0700] "GET /robots.txt HTTP/1.1" 301 245 "-" "Mozilla/5.0 (compatible; YandexBot/3.0; +http://yandex.com/bots)"
5.255.250.42 - - [28/Oct/2017:10:58:54 -0700] "GET / HTTP/1.1" 301 235 "-" "Mozilla/5.0 (compatible; YandexBot/3.0; +http://yandex.com/bots)"
77.88.47.19 - - [28/Oct/2017:10:58:54 -0700] "GET / HTTP/1.1" 301 235 "-" "Mozilla/5.0 (compatible; YandexBot/3.0; +http://yandex.com/bots)"
216.244.66.233 - - [28/Oct/2017:12:01:48 -0700] "GET /robots.txt HTTP/1.1" 301 245 "-" "Mozilla/5.0 (compatible; DotBot/1.1; http://www.opensiteexplorer.org/dotbot, help@moz.com)"
216.244.66.233 - - [28/Oct/2017:12:12:30 -0700] "GET /img/autumn/6.jpg HTTP/1.1" 301 251 "-" "Mozilla/5.0 (compatible; DotBot/1.1; http://www.opensiteexplorer.org/dotbot, help@moz.com)"
216.244.66.233 - - [28/Oct/2017:12:12:33 -0700] "GET /img/bs4w/8.jpg HTTP/1.1" 301 249 "-" "Mozilla/5.0 (compatible; DotBot/1.1; http://www.opensiteexplorer.org/dotbot, help@moz.com)"
216.244.66.233 - - [28/Oct/2017:12:12:36 -0700] "GET /img/oncekids-fujimini/1.jpg HTTP/1.1" 301 262 "-" "Mozilla/5.0 (compatible; DotBot/1.1; http://www.opensiteexplorer.org/dotbot, help@moz.com)"
164.132.161.52 - - [28/Oct/2017:12:37:26 -0700] "GET /img/bs4w/8.jpg HTTP/1.1" 301 249 "-" "Mozilla/5.0 (compatible; AhrefsBot/5.2; +http://ahrefs.com/robot/)"
164.132.161.59 - - [28/Oct/2017:14:20:49 -0700] "GET /img/wu-wei/1.jpg HTTP/1.1" 301 251 "-" "Mozilla/5.0 (compatible; AhrefsBot/5.2; +http://ahrefs.com/robot/)"
216.244.66.233 - - [28/Oct/2017:14:23:03 -0700] "GET /robots.txt HTTP/1.1" 301 245 "-" "Mozilla/5.0 (compatible; DotBot/1.1; http://www.opensiteexplorer.org/dotbot, help@moz.com)"
216.244.66.233 - - [28/Oct/2017:14:36:06 -0700] "GET /img/wu-wei/1.jpg HTTP/1.1" 301 251 "-" "Mozilla/5.0 (compatible; DotBot/1.1; http://www.opensiteexplorer.org/dotbot, help@moz.com)"
216.244.66.233 - - [28/Oct/2017:15:31:31 -0700] "GET /robots.txt HTTP/1.1" 301 245 "-" "Mozilla/5.0 (compatible; DotBot/1.1; http://www.opensiteexplorer.org/dotbot, help@moz.com)"
216.244.66.233 - - [28/Oct/2017:15:44:53 -0700] "GET /img/bs4w/7.jpg HTTP/1.1" 301 249 "-" "Mozilla/5.0 (compatible; DotBot/1.1; http://www.opensiteexplorer.org/dotbot, help@moz.com)"
216.244.66.233 - - [28/Oct/2017:16:40:38 -0700] "GET /robots.txt HTTP/1.1" 301 245 "-" "Mozilla/5.0 (compatible; DotBot/1.1; http://www.opensiteexplorer.org/dotbot, help@moz.com)"
216.244.66.233 - - [28/Oct/2017:16:55:00 -0700] "GET /img/oncekids-fujimini/5.jpg HTTP/1.1" 301 262 "-" "Mozilla/5.0 (compatible; DotBot/1.1; http://www.opensiteexplorer.org/dotbot, help@moz.com)"
216.244.66.233 - - [28/Oct/2017:17:05:09 -0700] "GET /robots.txt HTTP/1.1" 301 245 "-" "Mozilla/5.0 (compatible; DotBot/1.1; http://www.opensiteexplorer.org/dotbot, help@moz.com)"
180.76.15.16 - - [28/Oct/2017:17:07:44 -0700] "GET / HTTP/1.1" 301 235 "-" "Mozilla/5.0 (compatible; Baiduspider/2.0; +http://www.baidu.com/search/spider.html)"
216.244.66.233 - - [28/Oct/2017:17:19:40 -0700] "GET /img/bs4w/3.jpg HTTP/1.1" 301 249 "-" "Mozilla/5.0 (compatible; DotBot/1.1; http://www.opensiteexplorer.org/dotbot, help@moz.com)"
216.244.66.233 - - [28/Oct/2017:17:28:57 -0700] "GET /robots.txt HTTP/1.1" 301 245 "-" "Mozilla/5.0 (compatible; DotBot/1.1; http://www.opensiteexplorer.org/dotbot, help@moz.com)"
216.244.66.233 - - [28/Oct/2017:17:42:37 -0700] "GET /img/sfnoir/9.jpg HTTP/1.1" 301 251 "-" "Mozilla/5.0 (compatible; DotBot/1.1; http://www.opensiteexplorer.org/dotbot, help@moz.com)"
88.99.141.3 - - [28/Oct/2017:18:09:39 -0700] "GET / HTTP/1.1" 301 235 "" "Mozilla/5.0 (X11; Linux x86_64; rv:51.0) Gecko/20100101 Firefox/51.0"
216.244.66.233 - - [28/Oct/2017:18:46:27 -0700] "GET /robots.txt HTTP/1.1" 301 245 "-" "Mozilla/5.0 (compatible; DotBot/1.1; http://www.opensiteexplorer.org/dotbot, help@moz.com)"
216.244.66.233 - - [28/Oct/2017:19:00:49 -0700] "GET /img/sfnoir/6.jpg HTTP/1.1" 301 251 "-" "Mozilla/5.0 (compatible; DotBot/1.1; http://www.opensiteexplorer.org/dotbot, help@moz.com)"
216.244.66.233 - - [28/Oct/2017:19:37:35 -0700] "GET /robots.txt HTTP/1.1" 301 245 "-" "Mozilla/5.0 (compatible; DotBot/1.1; http://www.opensiteexplorer.org/dotbot, help@moz.com)"
216.244.66.233 - - [28/Oct/2017:19:51:38 -0700] "GET /img/autumn/2.jpg HTTP/1.1" 301 251 "-" "Mozilla/5.0 (compatible; DotBot/1.1; http://www.opensiteexplorer.org/dotbot, help@moz.com)"
157.55.39.86 - - [28/Oct/2017:19:55:58 -0700] "GET / HTTP/1.1" 301 235 "-" "Mozilla/5.0 (compatible; bingbot/2.0; +http://www.bing.com/bingbot.htm)"
216.244.66.233 - - [28/Oct/2017:22:20:07 -0700] "GET /robots.txt HTTP/1.1" 301 245 "-" "Mozilla/5.0 (compatible; DotBot/1.1; http://www.opensiteexplorer.org/dotbot, help@moz.com)"
216.244.66.233 - - [28/Oct/2017:22:35:39 -0700] "GET /img/oncekids-fujimini/2.jpg HTTP/1.1" 301 262 "-" "Mozilla/5.0 (compatible; DotBot/1.1; http://www.opensiteexplorer.org/dotbot, help@moz.com)"
216.244.66.233 - - [28/Oct/2017:23:05:59 -0700] "GET /robots.txt HTTP/1.1" 301 245 "-" "Mozilla/5.0 (compatible; DotBot/1.1; http://www.opensiteexplorer.org/dotbot, help@moz.com)"
216.244.66.233 - - [28/Oct/2017:23:17:35 -0700] "GET /img/mixman/2.jpg HTTP/1.1" 301 251 "-" "Mozilla/5.0 (compatible; DotBot/1.1; http://www.opensiteexplorer.org/dotbot, help@moz.com)"
216.244.66.233 - - [28/Oct/2017:23:36:31 -0700] "GET /robots.txt HTTP/1.1" 301 245 "-" "Mozilla/5.0 (compatible; DotBot/1.1; http://www.opensiteexplorer.org/dotbot, help@moz.com)"
216.244.66.233 - - [28/Oct/2017:23:52:53 -0700] "GET /img/oncekids-fujimini/8.jpg HTTP/1.1" 301 262 "-" "Mozilla/5.0 (compatible; DotBot/1.1; http://www.opensiteexplorer.org/dotbot, help@moz.com)"
216.244.66.233 - - [29/Oct/2017:00:26:10 -0700] "GET /robots.txt HTTP/1.1" 301 245 "-" "Mozilla/5.0 (compatible; DotBot/1.1; http://www.opensiteexplorer.org/dotbot, help@moz.com)"
216.244.66.233 - - [29/Oct/2017:00:39:55 -0700] "GET /img/mixman/15.jpg HTTP/1.1" 301 252 "-" "Mozilla/5.0 (compatible; DotBot/1.1; http://www.opensiteexplorer.org/dotbot, help@moz.com)"
216.244.66.233 - - [29/Oct/2017:00:39:58 -0700] "GET /img/sfnoir/8.jpg HTTP/1.1" 301 251 "-" "Mozilla/5.0 (compatible; DotBot/1.1; http://www.opensiteexplorer.org/dotbot, help@moz.com)"
207.46.13.200 - - [29/Oct/2017:00:44:52 -0700] "GET /robots.txt HTTP/1.1" 301 245 "-" "Mozilla/5.0 (compatible; bingbot/2.0; +http://www.bing.com/bingbot.htm)"
157.55.39.63 - - [29/Oct/2017:00:44:58 -0700] "GET / HTTP/1.1" 301 235 "-" "Mozilla/5.0 (compatible; bingbot/2.0; +http://www.bing.com/bingbot.htm)"
216.244.66.233 - - [29/Oct/2017:00:50:28 -0700] "GET /robots.txt HTTP/1.1" 301 245 "-" "Mozilla/5.0 (compatible; DotBot/1.1; http://www.opensiteexplorer.org/dotbot, help@moz.com)"
216.244.66.233 - - [29/Oct/2017:01:04:18 -0700] "GET /img/mixman/10.jpg HTTP/1.1" 301 252 "-" "Mozilla/5.0 (compatible; DotBot/1.1; http://www.opensiteexplorer.org/dotbot, help@moz.com)"
216.244.66.233 - - [29/Oct/2017:01:04:22 -0700] "GET /img/wu-wei/8.jpg HTTP/1.1" 301 251 "-" "Mozilla/5.0 (compatible; DotBot/1.1; http://www.opensiteexplorer.org/dotbot, help@moz.com)"
216.244.66.233 - - [29/Oct/2017:06:23:40 -0700] "GET /robots.txt HTTP/1.1" 301 245 "-" "Mozilla/5.0 (compatible; DotBot/1.1; http://www.opensiteexplorer.org/dotbot, help@moz.com)"
164.132.161.91 - - [29/Oct/2017:06:26:22 -0700] "GET /img/bs4w/1.jpg HTTP/1.1" 301 249 "-" "Mozilla/5.0 (compatible; AhrefsBot/5.2; +http://ahrefs.com/robot/)"
216.244.66.233 - - [29/Oct/2017:06:37:18 -0700] "GET /img/wu-wei/10.jpg HTTP/1.1" 301 252 "-" "Mozilla/5.0 (compatible; DotBot/1.1; http://www.opensiteexplorer.org/dotbot, help@moz.com)"
139.59.25.153 - - [29/Oct/2017:07:42:37 -0700] "POST /xmlrpc.php HTTP/1.1" 301 245 "-" "Mozilla/5.0 (Macintosh; U; Intel Mac OS X 10.6; fr; rv:1.9.2.8) Gecko/20100722 Firefox/3.6.8"
139.59.25.153 - - [29/Oct/2017:07:42:37 -0700] "POST /blog/xmlrpc.php HTTP/1.1" 301 250 "-" "Mozilla/5.0 (Macintosh; U; Intel Mac OS X 10.6; fr; rv:1.9.2.8) Gecko/20100722 Firefox/3.6.8"
74.115.214.140 - - [29/Oct/2017:08:02:26 -0700] "GET / HTTP/1.1" 301 235 "http://uptime.com/rndsquared.com" "Mozilla/5.0 (compatible; Uptimebot/1.0; +http://www.uptime.com/uptimebot)"
95.46.45.83 - - [29/Oct/2017:09:25:20 -0700] "GET / HTTP/1.1" 301 235 "http://google.com" "Mozilla/5.0 (Windows NT 6.1; WOW64; rv:24.0) Gecko/20100101 Firefox/24.0"
216.244.66.233 - - [29/Oct/2017:09:51:05 -0700] "GET /robots.txt HTTP/1.1" 301 245 "-" "Mozilla/5.0 (compatible; DotBot/1.1; http://www.opensiteexplorer.org/dotbot, help@moz.com)"
216.244.66.233 - - [29/Oct/2017:10:02:12 -0700] "GET /img/mixman/1.jpg HTTP/1.1" 301 251 "-" "Mozilla/5.0 (compatible; DotBot/1.1; http://www.opensiteexplorer.org/dotbot, help@moz.com)"
173.234.234.212 - - [29/Oct/2017:10:08:16 -0700] "GET / HTTP/1.1" 301 235 "http://uptime.com/rndsquared.com" "Mozilla/5.0 (compatible; Uptimebot/1.0; +http://www.uptime.com/uptimebot)"
216.244.66.233 - - [29/Oct/2017:12:02:07 -0700] "GET /robots.txt HTTP/1.1" 301 245 "-" "Mozilla/5.0 (compatible; DotBot/1.1; http://www.opensiteexplorer.org/dotbot, help@moz.com)"
216.244.66.233 - - [29/Oct/2017:12:14:26 -0700] "GET /img/mixman/5.jpg HTTP/1.1" 301 251 "-" "Mozilla/5.0 (compatible; DotBot/1.1; http://www.opensiteexplorer.org/dotbot, help@moz.com)"
157.55.39.60 - - [29/Oct/2017:12:41:54 -0700] "GET / HTTP/1.1" 301 235 "-" "Mozilla/5.0 (compatible; bingbot/2.0; +http://www.bing.com/bingbot.htm)"
185.46.8.135 - - [29/Oct/2017:16:05:52 -0700] "HEAD / HTTP/1.0" 301 - "-" "Mozilla/5.0 (Macintosh; Intel Mac OS X 10.6; rv:9.0.1) Gecko/20100101 Firefox/9.0.1"
185.46.8.135 - - [29/Oct/2017:16:05:55 -0700] "HEAD / HTTP/1.1" 301 - "-" "Mozilla/5.0 (Windows NT 6.0) AppleWebKit/535.19 (KHTML, like Gecko) Chrome/18.0.1025.7 Safari/535.19"
216.244.66.233 - - [29/Oct/2017:21:30:33 -0700] "GET /robots.txt HTTP/1.1" 301 245 "-" "Mozilla/5.0 (compatible; DotBot/1.1; http://www.opensiteexplorer.org/dotbot, help@moz.com)"
216.244.66.233 - - [29/Oct/2017:21:41:44 -0700] "GET /img/urban-cowgirl/2.jpg HTTP/1.1" 301 258 "-" "Mozilla/5.0 (compatible; DotBot/1.1; http://www.opensiteexplorer.org/dotbot, help@moz.com)"
148.251.10.183 - - [29/Oct/2017:22:26:27 -0700] "GET /robots.txt HTTP/1.1" 301 245 "-" "Mozilla/5.0 (compatible; BLEXBot/1.0; +http://webmeup-crawler.com/)"
148.251.10.183 - - [29/Oct/2017:22:26:29 -0700] "GET /robots.txt HTTP/1.1" 301 245 "-" "Mozilla/5.0 (compatible; BLEXBot/1.0; +http://webmeup-crawler.com/)"
148.251.10.183 - - [29/Oct/2017:22:26:36 -0700] "GET / HTTP/1.1" 301 235 "-" "Mozilla/5.0 (compatible; BLEXBot/1.0; +http://webmeup-crawler.com/)"
180.76.15.22 - - [30/Oct/2017:00:05:10 -0700] "GET / HTTP/1.1" 301 235 "-" "Mozilla/5.0 (compatible; Baiduspider/2.0; +http://www.baidu.com/search/spider.html)"
216.244.66.233 - - [30/Oct/2017:01:08:24 -0700] "GET /robots.txt HTTP/1.1" 301 245 "-" "Mozilla/5.0 (compatible; DotBot/1.1; http://www.opensiteexplorer.org/dotbot, help@moz.com)"
180.76.15.6 - - [30/Oct/2017:01:13:46 -0700] "GET / HTTP/1.1" 301 235 "-" "Mozilla/5.0 (compatible; Baiduspider/2.0; +http://www.baidu.com/search/spider.html)"
216.244.66.233 - - [30/Oct/2017:01:14:41 -0700] "GET /img/autumn/4.jpg HTTP/1.1" 301 251 "-" "Mozilla/5.0 (compatible; DotBot/1.1; http://www.opensiteexplorer.org/dotbot, help@moz.com)"
216.244.66.233 - - [30/Oct/2017:01:14:43 -0700] "GET /img/bs4w/6.jpg HTTP/1.1" 301 249 "-" "Mozilla/5.0 (compatible; DotBot/1.1; http://www.opensiteexplorer.org/dotbot, help@moz.com)"
157.55.39.60 - - [30/Oct/2017:01:35:51 -0700] "GET / HTTP/1.1" 301 235 "-" "Mozilla/5.0 (compatible; bingbot/2.0; +http://www.bing.com/bingbot.htm)"
66.249.79.133 - - [30/Oct/2017:03:45:07 -0700] "GET /robots.txt HTTP/1.1" 301 245 "-" "Mozilla/5.0 (compatible; Googlebot/2.1; +http://www.google.com/bot.html)"
66.249.79.137 - - [30/Oct/2017:03:45:07 -0700] "GET / HTTP/1.1" 301 235 "-" "Mozilla/5.0 (compatible; Googlebot/2.1; +http://www.google.com/bot.html)"
165.227.76.73 - - [30/Oct/2017:03:49:26 -0700] "GET /robots.txt HTTP/1.1" 301 245 "-" "Mozilla/5.0 (compatible; spbot/5.0.3; +http://OpenLinkProfiler.org/bot )"
165.227.76.73 - - [30/Oct/2017:03:49:27 -0700] "GET /robots.txt HTTP/1.1" 301 245 "-" "Mozilla/5.0 (compatible; spbot/5.0.3; +http://OpenLinkProfiler.org/bot )"
165.227.76.73 - - [30/Oct/2017:03:49:32 -0700] "GET / HTTP/1.1" 301 235 "-" "Mozilla/5.0 (compatible; spbot/5.0.3; +http://OpenLinkProfiler.org/bot )"
216.244.66.233 - - [30/Oct/2017:05:11:50 -0700] "GET /robots.txt HTTP/1.1" 301 245 "-" "Mozilla/5.0 (compatible; DotBot/1.1; http://www.opensiteexplorer.org/dotbot, help@moz.com)"
216.244.66.233 - - [30/Oct/2017:05:16:47 -0700] "GET /img/autumn/6.jpg HTTP/1.1" 301 251 "-" "Mozilla/5.0 (compatible; DotBot/1.1; http://www.opensiteexplorer.org/dotbot, help@moz.com)"
216.244.66.233 - - [30/Oct/2017:05:16:49 -0700] "GET /img/bs4w/8.jpg HTTP/1.1" 301 249 "-" "Mozilla/5.0 (compatible; DotBot/1.1; http://www.opensiteexplorer.org/dotbot, help@moz.com)"
216.244.66.233 - - [30/Oct/2017:05:16:51 -0700] "GET /img/oncekids-fujimini/1.jpg HTTP/1.1" 301 262 "-" "Mozilla/5.0 (compatible; DotBot/1.1; http://www.opensiteexplorer.org/dotbot, help@moz.com)"
180.76.15.15 - - [30/Oct/2017:05:27:29 -0700] "GET /robots.txt HTTP/1.1" 301 245 "-" "Mozilla/5.0 (Windows NT 5.1; rv:6.0.2) Gecko/20100101 Firefox/6.0.2"
216.244.66.233 - - [30/Oct/2017:07:30:44 -0700] "GET /robots.txt HTTP/1.1" 301 245 "-" "Mozilla/5.0 (compatible; DotBot/1.1; http://www.opensiteexplorer.org/dotbot, help@moz.com)"
216.244.66.233 - - [30/Oct/2017:07:36:27 -0700] "GET /img/wu-wei/1.jpg HTTP/1.1" 301 251 "-" "Mozilla/5.0 (compatible; DotBot/1.1; http://www.opensiteexplorer.org/dotbot, help@moz.com)"
216.244.66.233 - - [30/Oct/2017:08:37:46 -0700] "GET /robots.txt HTTP/1.1" 301 245 "-" "Mozilla/5.0 (compatible; DotBot/1.1; http://www.opensiteexplorer.org/dotbot, help@moz.com)"
138.201.60.47 - - [30/Oct/2017:08:39:23 -0700] "GET / HTTP/1.1" 301 235 "-" "Mozilla/5.0 (Windows; U; Windows NT 5.1; ru; rv:1.9.0.1) Gecko/2008070208"
216.244.66.233 - - [30/Oct/2017:08:45:52 -0700] "GET /img/bs4w/7.jpg HTTP/1.1" 301 249 "-" "Mozilla/5.0 (compatible; DotBot/1.1; http://www.opensiteexplorer.org/dotbot, help@moz.com)"
216.244.66.233 - - [30/Oct/2017:09:47:09 -0700] "GET /robots.txt HTTP/1.1" 301 245 "-" "Mozilla/5.0 (compatible; DotBot/1.1; http://www.opensiteexplorer.org/dotbot, help@moz.com)"
216.244.66.233 - - [30/Oct/2017:09:55:36 -0700] "GET /img/oncekids-fujimini/5.jpg HTTP/1.1" 301 262 "-" "Mozilla/5.0 (compatible; DotBot/1.1; http://www.opensiteexplorer.org/dotbot, help@moz.com)"
216.244.66.233 - - [30/Oct/2017:10:12:07 -0700] "GET /robots.txt HTTP/1.1" 301 245 "-" "Mozilla/5.0 (compatible; DotBot/1.1; http://www.opensiteexplorer.org/dotbot, help@moz.com)"
216.244.66.233 - - [30/Oct/2017:10:18:52 -0700] "GET /img/bs4w/3.jpg HTTP/1.1" 301 249 "-" "Mozilla/5.0 (compatible; DotBot/1.1; http://www.opensiteexplorer.org/dotbot, help@moz.com)"
216.244.66.233 - - [30/Oct/2017:10:37:15 -0700] "GET /robots.txt HTTP/1.1" 301 245 "-" "Mozilla/5.0 (compatible; DotBot/1.1; http://www.opensiteexplorer.org/dotbot, help@moz.com)"
216.244.66.233 - - [30/Oct/2017:10:52:18 -0700] "GET /img/sfnoir/9.jpg HTTP/1.1" 301 251 "-" "Mozilla/5.0 (compatible; DotBot/1.1; http://www.opensiteexplorer.org/dotbot, help@moz.com)"
5.255.250.42 - - [30/Oct/2017:11:29:58 -0700] "GET /robots.txt HTTP/1.1" 301 245 "-" "Mozilla/5.0 (compatible; YandexBot/3.0; +http://yandex.com/bots)"
5.255.250.42 - - [30/Oct/2017:11:29:58 -0700] "GET /robots.txt HTTP/1.1" 301 245 "-" "Mozilla/5.0 (compatible; YandexBot/3.0; +http://yandex.com/bots)"
5.255.250.42 - - [30/Oct/2017:11:30:02 -0700] "GET / HTTP/1.1" 301 235 "-" "Mozilla/5.0 (compatible; YandexBot/3.0; +http://yandex.com/bots)"
77.88.47.19 - - [30/Oct/2017:11:30:02 -0700] "GET / HTTP/1.1" 301 235 "-" "Mozilla/5.0 (compatible; YandexBot/3.0; +http://yandex.com/bots)"
216.244.66.233 - - [30/Oct/2017:11:54:21 -0700] "GET /robots.txt HTTP/1.1" 301 245 "-" "Mozilla/5.0 (compatible; DotBot/1.1; http://www.opensiteexplorer.org/dotbot, help@moz.com)"
216.244.66.233 - - [30/Oct/2017:12:10:02 -0700] "GET /img/sfnoir/6.jpg HTTP/1.1" 301 251 "-" "Mozilla/5.0 (compatible; DotBot/1.1; http://www.opensiteexplorer.org/dotbot, help@moz.com)"
216.244.66.233 - - [30/Oct/2017:12:46:21 -0700] "GET /robots.txt HTTP/1.1" 301 245 "-" "Mozilla/5.0 (compatible; DotBot/1.1; http://www.opensiteexplorer.org/dotbot, help@moz.com)"
216.244.66.233 - - [30/Oct/2017:13:01:35 -0700] "GET /img/autumn/2.jpg HTTP/1.1" 301 251 "-" "Mozilla/5.0 (compatible; DotBot/1.1; http://www.opensiteexplorer.org/dotbot, help@moz.com)"
157.55.39.60 - - [30/Oct/2017:15:46:33 -0700] "GET / HTTP/1.1" 301 235 "-" "Mozilla/5.0 (compatible; bingbot/2.0; +http://www.bing.com/bingbot.htm)"
216.244.66.233 - - [30/Oct/2017:16:26:31 -0700] "GET /robots.txt HTTP/1.1" 301 245 "-" "Mozilla/5.0 (compatible; DotBot/1.1; http://www.opensiteexplorer.org/dotbot, help@moz.com)"
23.237.4.26 - - [30/Oct/2017:16:32:17 -0700] "GET / HTTP/1.1" 301 235 "-" "Mozilla/5.0 (compatible; AlphaBot/3.2; +http://alphaseobot.com/bot.html)"
216.244.66.233 - - [30/Oct/2017:16:43:26 -0700] "GET /img/mixman/2.jpg HTTP/1.1" 301 251 "-" "Mozilla/5.0 (compatible; DotBot/1.1; http://www.opensiteexplorer.org/dotbot, help@moz.com)"
216.244.66.233 - - [30/Oct/2017:16:53:07 -0700] "GET /robots.txt HTTP/1.1" 301 245 "-" "Mozilla/5.0 (compatible; DotBot/1.1; http://www.opensiteexplorer.org/dotbot, help@moz.com)"
216.244.66.233 - - [30/Oct/2017:17:09:18 -0700] "GET /img/oncekids-fujimini/8.jpg HTTP/1.1" 301 262 "-" "Mozilla/5.0 (compatible; DotBot/1.1; http://www.opensiteexplorer.org/dotbot, help@moz.com)"
216.244.66.233 - - [30/Oct/2017:17:45:22 -0700] "GET /robots.txt HTTP/1.1" 301 245 "-" "Mozilla/5.0 (compatible; DotBot/1.1; http://www.opensiteexplorer.org/dotbot, help@moz.com)"
98.248.152.123 - - [30/Oct/2017:17:56:37 -0700] "GET / HTTP/1.1" 301 235 "-" "Mozilla/5.0 (Macintosh; Intel Mac OS X 10_11_6) AppleWebKit/537.36 (KHTML, like Gecko) Chrome/61.0.3163.100 Safari/537.36"
216.244.66.233 - - [30/Oct/2017:18:02:42 -0700] "GET /img/mixman/15.jpg HTTP/1.1" 301 252 "-" "Mozilla/5.0 (compatible; DotBot/1.1; http://www.opensiteexplorer.org/dotbot, help@moz.com)"
216.244.66.233 - - [30/Oct/2017:18:02:46 -0700] "GET /img/sfnoir/8.jpg HTTP/1.1" 301 251 "-" "Mozilla/5.0 (compatible; DotBot/1.1; http://www.opensiteexplorer.org/dotbot, help@moz.com)"
216.244.66.233 - - [30/Oct/2017:18:11:34 -0700] "GET /robots.txt HTTP/1.1" 301 245 "-" "Mozilla/5.0 (compatible; DotBot/1.1; http://www.opensiteexplorer.org/dotbot, help@moz.com)"
216.244.66.233 - - [30/Oct/2017:18:27:58 -0700] "GET /img/mixman/10.jpg HTTP/1.1" 301 252 "-" "Mozilla/5.0 (compatible; DotBot/1.1; http://www.opensiteexplorer.org/dotbot, help@moz.com)"
216.244.66.233 - - [30/Oct/2017:18:28:01 -0700] "GET /img/wu-wei/8.jpg HTTP/1.1" 301 251 "-" "Mozilla/5.0 (compatible; DotBot/1.1; http://www.opensiteexplorer.org/dotbot, help@moz.com)"
46.105.103.59 - - [30/Oct/2017:19:20:42 -0700] "GET /wp-login.php HTTP/1.1" 301 247 "-" "Mozilla/5.0 (Windows NT 5.1) AppleWebKit/537.1 (KHTML, like Gecko) Chrome/24.0.1290.1 Safari/537.13"
46.105.103.59 - - [30/Oct/2017:19:21:02 -0700] "GET /administrator/ HTTP/1.1" 301 249 "-" "Mozilla/5.0 (Windows NT 5.1) AppleWebKit/537.1 (KHTML, like Gecko) Chrome/24.0.1290.1 Safari/537.13"
46.105.103.59 - - [30/Oct/2017:19:21:17 -0700] "GET /admin.php HTTP/1.1" 301 244 "-" "Mozilla/5.0 (Windows NT 5.1) AppleWebKit/537.1 (KHTML, like Gecko) Chrome/24.0.1290.1 Safari/537.13"
185.188.182.230 - - [30/Oct/2017:21:07:36 -0700] "GET / HTTP/1.1" 301 235 "-" "Mozilla/5.0 (Macintosh; Intel Mac OS X 10.11; rv:51.0) Gecko/20100101 Firefox/51.0"
216.244.66.233 - - [31/Oct/2017:00:22:17 -0700] "GET /robots.txt HTTP/1.1" 301 245 "-" "Mozilla/5.0 (compatible; DotBot/1.1; http://www.opensiteexplorer.org/dotbot, help@moz.com)"
216.244.66.233 - - [31/Oct/2017:00:36:02 -0700] "GET /img/wu-wei/10.jpg HTTP/1.1" 301 252 "-" "Mozilla/5.0 (compatible; DotBot/1.1; http://www.opensiteexplorer.org/dotbot, help@moz.com)"
216.244.66.233 - - [31/Oct/2017:04:10:58 -0700] "GET /robots.txt HTTP/1.1" 301 245 "-" "Mozilla/5.0 (compatible; DotBot/1.1; http://www.opensiteexplorer.org/dotbot, help@moz.com)"
216.244.66.233 - - [31/Oct/2017:04:22:38 -0700] "GET /img/mixman/1.jpg HTTP/1.1" 301 251 "-" "Mozilla/5.0 (compatible; DotBot/1.1; http://www.opensiteexplorer.org/dotbot, help@moz.com)"
146.185.223.45 - - [31/Oct/2017:06:06:57 -0700] "GET / HTTP/1.0" 301 235 "http://rndsquared.com/" "Mozilla/5.0 (iPhone; CPU iPhone OS 8_1 like Mac OS X) AppleWebKit/600.1.4 (KHTML, like Gecko) Version/8.0 Mobile/12B411 Safari/600.1.4 (compatible; YandexMobileBot/3.0; +http://yandex.com/bots)"
216.244.66.233 - - [31/Oct/2017:06:20:10 -0700] "GET /robots.txt HTTP/1.1" 301 245 "-" "Mozilla/5.0 (compatible; DotBot/1.1; http://www.opensiteexplorer.org/dotbot, help@moz.com)"
216.244.66.233 - - [31/Oct/2017:06:32:37 -0700] "GET /img/mixman/5.jpg HTTP/1.1" 301 251 "-" "Mozilla/5.0 (compatible; DotBot/1.1; http://www.opensiteexplorer.org/dotbot, help@moz.com)"
207.46.13.200 - - [31/Oct/2017:07:32:56 -0700] "GET /robots.txt HTTP/1.1" 301 245 "-" "Mozilla/5.0 (compatible; bingbot/2.0; +http://www.bing.com/bingbot.htm)"
157.55.39.60 - - [31/Oct/2017:07:32:58 -0700] "GET / HTTP/1.1" 301 235 "-" "Mozilla/5.0 (compatible; bingbot/2.0; +http://www.bing.com/bingbot.htm)"
195.22.127.67 - - [31/Oct/2017:10:10:25 -0700] "GET / HTTP/1.0" 301 235 "http://rndsquared.com/" "Mozilla/5.0 (Windows NT 6.1; WOW64) AppleWebKit/537.36 (KHTML, like Gecko) Chrome/31.0.1650.63 Safari/537.36 OPR/18.0.1284.68"
216.244.66.233 - - [31/Oct/2017:15:46:24 -0700] "GET /robots.txt HTTP/1.1" 301 245 "-" "Mozilla/5.0 (compatible; DotBot/1.1; http://www.opensiteexplorer.org/dotbot, help@moz.com)"
216.244.66.233 - - [31/Oct/2017:15:56:39 -0700] "GET /img/urban-cowgirl/2.jpg HTTP/1.1" 301 258 "-" "Mozilla/5.0 (compatible; DotBot/1.1; http://www.opensiteexplorer.org/dotbot, help@moz.com)"
163.172.163.85 - - [31/Oct/2017:16:04:55 -0700] "GET /wp-login.php HTTP/1.1" 301 247 "-" "Mozilla/5.0 (compatible; MSIE 6.01; Windows NT 5.1)"
74.115.214.146 - - [31/Oct/2017:17:36:42 -0700] "GET /robots.txt HTTP/1.1" 301 245 "-" "Mozilla/5.0 (compatible; Uptimebot/1.0; +http://www.uptime.com/uptimebot)"
66.249.79.93 - - [31/Oct/2017:18:33:35 -0700] "GET /robots.txt HTTP/1.1" 301 245 "-" "Mozilla/5.0 (compatible; Googlebot/2.1; +http://www.google.com/bot.html)"
66.249.79.95 - - [31/Oct/2017:18:33:35 -0700] "GET / HTTP/1.1" 301 235 "-" "Mozilla/5.0 (compatible; Googlebot/2.1; +http://www.google.com/bot.html)"
216.244.66.233 - - [31/Oct/2017:19:16:35 -0700] "GET /robots.txt HTTP/1.1" 301 245 "-" "Mozilla/5.0 (compatible; DotBot/1.1; http://www.opensiteexplorer.org/dotbot, help@moz.com)"
216.244.66.233 - - [31/Oct/2017:19:26:33 -0700] "GET /img/autumn/4.jpg HTTP/1.1" 301 251 "-" "Mozilla/5.0 (compatible; DotBot/1.1; http://www.opensiteexplorer.org/dotbot, help@moz.com)"
216.244.66.233 - - [31/Oct/2017:19:26:36 -0700] "GET /img/bs4w/6.jpg HTTP/1.1" 301 249 "-" "Mozilla/5.0 (compatible; DotBot/1.1; http://www.opensiteexplorer.org/dotbot, help@moz.com)"
169.57.142.114 - - [31/Oct/2017:19:33:37 -0700] "GET /wp-login.php HTTP/1.1" 301 247 "-" "Mozilla/5.0 (Windows NT 6.1; WOW64) AppleWebKit/537.36 (KHTML, like Gecko) Chrome/36.0.1985.125 Safari/537.36"
169.57.142.114 - - [31/Oct/2017:19:33:38 -0700] "GET /administrator/index.php HTTP/1.1" 301 258 "-" "Mozilla/5.0 (Windows NT 6.1; WOW64) AppleWebKit/537.36 (KHTML, like Gecko) Chrome/36.0.1985.125 Safari/537.36"
169.57.142.114 - - [31/Oct/2017:19:33:39 -0700] "GET /admin.php HTTP/1.1" 301 244 "-" "Mozilla/5.0 (Windows NT 6.1; WOW64) AppleWebKit/537.36 (KHTML, like Gecko) Chrome/36.0.1985.125 Safari/537.36"
157.55.39.60 - - [31/Oct/2017:19:36:17 -0700] "GET / HTTP/1.1" 301 235 "-" "Mozilla/5.0 (compatible; bingbot/2.0; +http://www.bing.com/bingbot.htm)"
66.249.79.133 - - [31/Oct/2017:21:25:30 -0700] "GET /robots.txt HTTP/1.1" 301 245 "-" "Mozilla/5.0 (compatible; Googlebot/2.1; +http://www.google.com/bot.html)"
66.249.79.133 - - [31/Oct/2017:21:25:30 -0700] "GET / HTTP/1.1" 301 235 "-" "Mozilla/5.0 (compatible; Googlebot/2.1; +http://www.google.com/bot.html)"
66.249.79.137 - - [31/Oct/2017:22:57:10 -0700] "GET / HTTP/1.1" 301 235 "-" "Mozilla/5.0 (Linux; Android 6.0.1; Nexus 5X Build/MMB29P) AppleWebKit/537.36 (KHTML, like Gecko) Chrome/41.0.2272.96 Mobile Safari/537.36 (compatible; Googlebot/2.1; +http://www.google.com/bot.html)"
5.196.87.42 - - [31/Oct/2017:23:00:35 -0700] "GET /robots.txt HTTP/1.1" 301 245 "-" "Mozilla/5.0 (compatible; AhrefsBot/5.2; +http://ahrefs.com/robot/)"
164.132.161.59 - - [31/Oct/2017:23:00:36 -0700] "GET / HTTP/1.1" 301 235 "-" "Mozilla/5.0 (compatible; AhrefsBot/5.2; +http://ahrefs.com/robot/)"
216.244.66.233 - - [31/Oct/2017:23:38:42 -0700] "GET /robots.txt HTTP/1.1" 301 245 "-" "Mozilla/5.0 (compatible; DotBot/1.1; http://www.opensiteexplorer.org/dotbot, help@moz.com)"
216.244.66.233 - - [31/Oct/2017:23:49:21 -0700] "GET /img/autumn/6.jpg HTTP/1.1" 301 251 "-" "Mozilla/5.0 (compatible; DotBot/1.1; http://www.opensiteexplorer.org/dotbot, help@moz.com)"
216.244.66.233 - - [31/Oct/2017:23:49:23 -0700] "GET /img/bs4w/8.jpg HTTP/1.1" 301 249 "-" "Mozilla/5.0 (compatible; DotBot/1.1; http://www.opensiteexplorer.org/dotbot, help@moz.com)"
216.244.66.233 - - [31/Oct/2017:23:49:25 -0700] "GET /img/oncekids-fujimini/1.jpg HTTP/1.1" 301 262 "-" "Mozilla/5.0 (compatible; DotBot/1.1; http://www.opensiteexplorer.org/dotbot, help@moz.com)"
